Loading "split_lab.m"
Loading "analytic_glue.m"
210e class: 8 members, torsions [
[ 8 ],
[ 2, 8 ],
[ 8 ],
[ 2, 4 ],
[ 4 ],
[ 2, 2 ],
[ 2 ],
[ 2 ]
]
gluing [ 1, 0, 0, 210, 900 ] x [ 1, 0, 0, -1070, 7812 ]
GLUESCAN M=[0,1;1,3] heights 65 62 61
GLUESCAN M=[0,2;3,1] heights 61 58 59
GLUESCAN M=[0,3;2,4] heights 61 58 59
GLUESCAN M=[0,4;4,2] heights 65 62 61
GLUESCAN M=[1,0;3,4] heights 62 59 59
GLUESCAN M=[2,0;1,2] heights 62 60 60
GLUESCAN M=[3,0;4,3] heights 62 60 60
GLUESCAN M=[4,0;2,1] heights 62 59 59
scan: 8 hits
M=[ 0, 3, 2, 4 ] reduced IC heights [ 21, 249, 271, 213 ]
