Loading "split_lab.m"
Loading "analytic_glue.m"
class 90.3: torsions [
[ 4 ],
[ 2, 2 ],
[ 12 ],
[ 2 ],
[ 2 ],
[ 2, 6 ],
[ 6 ],
[ 6 ]
]
gluing N=5: [ 12 ] [ 1, -1, 1, -122, 1721 ] x [ 2, 6 ] [ 1, -1, 1, -3002, 63929 ]
GLUESCAN M=[0,1;1,3] heights 53 52 51
GLUESCAN M=[0,2;3,1] heights 57 53 53
GLUESCAN M=[0,3;2,4] heights 57 53 53
GLUESCAN M=[0,4;4,2] heights 53 52 51
GLUESCAN M=[1,0;3,4] heights 55 53 53
GLUESCAN M=[2,0;1,2] heights 54 55 55
GLUESCAN M=[3,0;4,3] heights 54 55 55
GLUESCAN M=[4,0;2,1] heights 55 53 53
scan: 8 hits
M=[ 0, 4, 4, 2 ] reduced IC heights [ 31, 251, 263, 253 ]
