Loading "split_lab.m"
VERIFY E26: 3/3
SWEEP 2266sigma H=150 values=27425 census=0 scramble=0
sigma=[ 2, 1, 3 ] drop=1: 4270 (t,u) surface points at H=150
SURFACE si=2 drop=1 rawmatch=4270 listed=4270 full=4074 deckfull=4074 genuinefull=0
sigma=[ 2, 1, 3 ] drop=2: 4255 (t,u) surface points at H=150
SURFACE si=2 drop=2 rawmatch=4255 listed=4255 full=4074 deckfull=4074 genuinefull=0
sigma=[ 2, 1, 3 ] drop=3: 4255 (t,u) surface points at H=150
SURFACE si=2 drop=3 rawmatch=4255 listed=4255 full=4074 deckfull=4074 genuinefull=0
sigma=[ 3, 2, 1 ] drop=1: 4740 (t,u) surface points at H=150
SURFACE si=3 drop=1 rawmatch=4740 listed=4740 full=4566 deckfull=4566 genuinefull=0
sigma=[ 3, 2, 1 ] drop=2: 4788 (t,u) surface points at H=150
SURFACE si=3 drop=2 rawmatch=4788 listed=4788 full=4566 deckfull=4566 genuinefull=0
sigma=[ 3, 2, 1 ] drop=3: 4740 (t,u) surface points at H=150
SURFACE si=3 drop=3 rawmatch=4740 listed=4740 full=4566 deckfull=4566 genuinefull=0
sigma=[ 1, 3, 2 ] drop=1: 5263 (t,u) surface points at H=150
SURFACE si=4 drop=1 rawmatch=5263 listed=5263 full=5092 deckfull=5092 genuinefull=0
sigma=[ 1, 3, 2 ] drop=2: 5263 (t,u) surface points at H=150
SURFACE si=4 drop=2 rawmatch=5263 listed=5263 full=5092 deckfull=5092 genuinefull=0
sigma=[ 1, 3, 2 ] drop=3: 5328 (t,u) surface points at H=150
SURFACE si=4 drop=3 rawmatch=5328 listed=5328 full=5092 deckfull=5092 genuinefull=0
sigma=[ 2, 3, 1 ] drop=1: 3183 (t,u) surface points at H=150
SURFACE si=5 drop=1 rawmatch=3183 listed=3183 full=3027 deckfull=3027 genuinefull=0
sigma=[ 2, 3, 1 ] drop=2: 3189 (t,u) surface points at H=150
SURFACE si=5 drop=2 rawmatch=3189 listed=3189 full=3027 deckfull=3027 genuinefull=0
sigma=[ 2, 3, 1 ] drop=3: 3209 (t,u) surface points at H=150
SURFACE si=5 drop=3 rawmatch=3209 listed=3209 full=3027 deckfull=3027 genuinefull=0
sigma=[ 3, 1, 2 ] drop=1: 3189 (t,u) surface points at H=150
SURFACE si=6 drop=1 rawmatch=3189 listed=3189 full=3027 deckfull=3027 genuinefull=0
sigma=[ 3, 1, 2 ] drop=2: 3209 (t,u) surface points at H=150
SURFACE si=6 drop=2 rawmatch=3209 listed=3209 full=3027 deckfull=3027 genuinefull=0
sigma=[ 3, 1, 2 ] drop=3: 3183 (t,u) surface points at H=150
SURFACE si=6 drop=3 rawmatch=3183 listed=3183 full=3027 deckfull=3027 genuinefull=0
SEARCH_DONE 2266sigma H=150 funneled=0 curves=0 aborts=0 known=0 hits=0 fails=0 2.470 s
