Loading "split_lab.m"
Loading "analytic_glue.m"
POOL total 2192
CANDS 3280
==== SCAN 1: N=5 [ 12 ] x [ 2, 6 ] -> [ 2, 6, 12 ] (cond 2730) ====
GLUESCAN M=[0,1;1,0] heights 90 88 88
GLUESCAN M=[0,2;3,0] heights 82 80 80
GLUESCAN M=[0,3;2,0] heights 82 80 80
GLUESCAN M=[0,4;4,0] heights 90 88 88
GLUESCAN M=[1,0;0,4] heights 88 86 86
GLUESCAN M=[2,0;0,2] heights 82 80 79
GLUESCAN M=[3,0;0,3] heights 82 80 79
GLUESCAN M=[4,0;0,1] heights 88 86 86
SCANHIT N=5 cond=2730 M=[ 0, 1, 1, 0 ] aE=[ 1, 0, 0, -25725, 1577457 ] aF=[ 1, 0, 0, -41405, -576975 ]
SCANINV 8085685453426820751612122692108121952429641780153924122015728717644291097464792628082255144/3160136386796801038052976088355204141317371943622256334791185929670038487 12022205410761775440947819948855169834121353485405459387854437940773981444281111259792627/2695470317043678157374930689443620584949762806294956884286943865243178429 12580481811053323103038817768834593241436357835496712370789973814500711621980754991115126/8129559713266044725017940492752354009768161730092176937685895912322250161
SCANHIT N=5 cond=2730 M=[ 0, 2, 3, 0 ] aE=[ 1, 0, 0, -25725, 1577457 ] aF=[ 1, 0, 0, -41405, -576975 ]
SCANINV 85132842254696441950602090627938243669749998368966091313465515668082296654882160399/3495529781029770543856316801762950389156844242871940489835491443587184876 165424644033054746714024436799032229972918947508031507502752719015437494873900879/765199479365439831177736232092882213970532574877747490489662451381695802 332878145507193380718785073512507441599170430092553055119572820451068721337435216/4915120976205167280578696699298674884667324674214893842711243547274012347
SCANHIT N=5 cond=2730 M=[ 0, 3, 2, 0 ] aE=[ 1, 0, 0, -25725, 1577457 ] aF=[ 1, 0, 0, -41405, -576975 ]
SCANINV 85132842254696441950602090627938243669749998368966091313465515668082296654882160399/3495529781029770543856316801762950389156844242871940489835491443587184876 165424644033054746714024436799032229972918947508031507502752719015437494873900879/765199479365439831177736232092882213970532574877747490489662451381695802 332878145507193380718785073512507441599170430092553055119572820451068721337435216/4915120976205167280578696699298674884667324674214893842711243547274012347
SCANHIT N=5 cond=2730 M=[ 0, 4, 4, 0 ] aE=[ 1, 0, 0, -25725, 1577457 ] aF=[ 1, 0, 0, -41405, -576975 ]
SCANINV 8085685453426820751612122692108121952429641780153924122015728717644291097464792628082255144/3160136386796801038052976088355204141317371943622256334791185929670038487 12022205410761775440947819948855169834121353485405459387854437940773981444281111259792627/2695470317043678157374930689443620584949762806294956884286943865243178429 12580481811053323103038817768834593241436357835496712370789973814500711621980754991115126/8129559713266044725017940492752354009768161730092176937685895912322250161
SCANHIT N=5 cond=2730 M=[ 1, 0, 0, 4 ] aE=[ 1, 0, 0, -25725, 1577457 ] aF=[ 1, 0, 0, -41405, -576975 ]
SCANINV 61317506429895435761678903528242238744742128856719954685798333181918946281279141405815016/3394619158156674535520226814872291063432950323089102969743359362123176739 391656654947066662912799703921652740033950290414838945859354346926167922851541111157471/3110816792847645999869390006298933451104968574817898670362439550225506503 383931283641030626719786710799897322989385811962370121788036707199571772589462170995350/8453019242994039363500667717933194645665570756168477228226748466053582011
SCANHIT N=5 cond=2730 M=[ 2, 0, 0, 2 ] aE=[ 1, 0, 0, -25725, 1577457 ] aF=[ 1, 0, 0, -41405, -576975 ]
SCANINV 42930816560964211384776358672208741795892224673633554619088154952143572353954675862/9061247471942520154784221185545738113655611142518506113793430955739296223 442242653652902364749797404921065609094938305325981135777185613167930590033255232/7269848256561724763378439266961373794648436895228744123950267827773176749 24900319343288567193963410347233875038707115451338146340894555445153618879088543/1297174967581672455307719745518804552015333291509449423252927881965884475
SCANHIT N=5 cond=2730 M=[ 3, 0, 0, 3 ] aE=[ 1, 0, 0, -25725, 1577457 ] aF=[ 1, 0, 0, -41405, -576975 ]
SCANINV 42930816560964211384776358672208741795892224673633554619088154952143572353954675862/9061247471942520154784221185545738113655611142518506113793430955739296223 442242653652902364749797404921065609094938305325981135777185613167930590033255232/7269848256561724763378439266961373794648436895228744123950267827773176749 24900319343288567193963410347233875038707115451338146340894555445153618879088543/1297174967581672455307719745518804552015333291509449423252927881965884475
SCANHIT N=5 cond=2730 M=[ 4, 0, 0, 1 ] aE=[ 1, 0, 0, -25725, 1577457 ] aF=[ 1, 0, 0, -41405, -576975 ]
SCANINV 61317506429895435761678903528242238744742128856719954685798333181918946281279141405815016/3394619158156674535520226814872291063432950323089102969743359362123176739 391656654947066662912799703921652740033950290414838945859354346926167922851541111157471/3110816792847645999869390006298933451104968574817898670362439550225506503 383931283641030626719786710799897322989385811962370121788036707199571772589462170995350/8453019242994039363500667717933194645665570756168477228226748466053582011
SCANSUM 8 hits for pair 1
==== SCAN 2: N=5 [ 12 ] x [ 2, 6 ] -> [ 2, 6, 12 ] (cond 6630) ====
GLUESCAN M=[0,1;1,0] heights 92 89 88
GLUESCAN M=[0,2;3,0] heights 87 81 83
GLUESCAN M=[0,3;2,0] heights 87 81 83
GLUESCAN M=[0,4;4,0] heights 92 89 88
GLUESCAN M=[1,0;0,4] heights 88 86 86
GLUESCAN M=[2,0;0,2] heights 81 80 79
GLUESCAN M=[3,0;0,3] heights 81 80 79
GLUESCAN M=[4,0;0,1] heights 88 86 86
SCANHIT N=5 cond=6630 M=[ 0, 1, 1, 0 ] aE=[ 1, 0, 0, -2096146, 1124611076 ] aF=[ 1, 0, 0, -5557266, -3547208700 ]
SCANINV 350204136783295887189475736709228844401353810933818396319035505377207062355549517378931611899/7533910464811470043163498206771128895141975181613905527555269456671948034 121651973608731728780095973983571492796234146224874472507387216844737011661714558480754533/2690175302627253282232551696696058500884368757951853753318255923182003456 98568058464016790172734373499139385911536886186094144468389339870027857965377919266616876/6344014251719969137608857834201764264191289141025722811462525509964500037
SCANHIT N=5 cond=6630 M=[ 0, 2, 3, 0 ] aE=[ 1, 0, 0, -2096146, 1124611076 ] aF=[ 1, 0, 0, -5557266, -3547208700 ]
SCANINV 3285473637021996827088926946278220298548602959182197139471851421804781178931621160420598/5592224848487679600989429481381720522737974471132981797873951946460327361 6360449556326676561752673385705548937494360643038682312793595594345866662107238573/40209008089748574517305065039997435168323579769804299660846422836358993 179080687077638023471905098467556943655217945488907467525050888301481459609569167152/3438913742929714375446444523524983653599085367194387022319409688677461649
SCANHIT N=5 cond=6630 M=[ 0, 3, 2, 0 ] aE=[ 1, 0, 0, -2096146, 1124611076 ] aF=[ 1, 0, 0, -5557266, -3547208700 ]
SCANINV 3285473637021996827088926946278220298548602959182197139471851421804781178931621160420598/5592224848487679600989429481381720522737974471132981797873951946460327361 6360449556326676561752673385705548937494360643038682312793595594345866662107238573/40209008089748574517305065039997435168323579769804299660846422836358993 179080687077638023471905098467556943655217945488907467525050888301481459609569167152/3438913742929714375446444523524983653599085367194387022319409688677461649
SCANHIT N=5 cond=6630 M=[ 0, 4, 4, 0 ] aE=[ 1, 0, 0, -2096146, 1124611076 ] aF=[ 1, 0, 0, -5557266, -3547208700 ]
SCANINV 350204136783295887189475736709228844401353810933818396319035505377207062355549517378931611899/7533910464811470043163498206771128895141975181613905527555269456671948034 121651973608731728780095973983571492796234146224874472507387216844737011661714558480754533/2690175302627253282232551696696058500884368757951853753318255923182003456 98568058464016790172734373499139385911536886186094144468389339870027857965377919266616876/6344014251719969137608857834201764264191289141025722811462525509964500037
SCANHIT N=5 cond=6630 M=[ 1, 0, 0, 4 ] aE=[ 1, 0, 0, -2096146, 1124611076 ] aF=[ 1, 0, 0, -5557266, -3547208700 ]
SCANINV 41028811197210749325857223980470242089137320010939898154021956662451620281936040280655253/6942366958100526745268068850887007582552208755561328072681077538122084474 126028660863349714161479622623737468226799348406877670838077843053335212727718107848039/3069405480511251227484420237961391652281977826631156256057305175384001773 124071966929956835380613394073853560619778353291251860834951668613032988244160773912249/8368942191450242453961965118651748737941252763759053514315348645017646391
SCANHIT N=5 cond=6630 M=[ 2, 0, 0, 2 ] aE=[ 1, 0, 0, -2096146, 1124611076 ] aF=[ 1, 0, 0, -5557266, -3547208700 ]
SCANINV 6512289230751771288896300524018533750582810122684928431220344545731652488033498485/2910945094791857063325971414533314214599500754797484868947771838661695143 197034720739188623939871973964706279572338868881675233193147316480662009270294847/9387442183988842215557682962303815880857281069664111859668515827541753535 57186222057214484917032155683328672998846569721742908729993403168212048795132273/8094016029474947766897457923899204361675957402838119928250896522949791716
SCANHIT N=5 cond=6630 M=[ 3, 0, 0, 3 ] aE=[ 1, 0, 0, -2096146, 1124611076 ] aF=[ 1, 0, 0, -5557266, -3547208700 ]
SCANINV 6512289230751771288896300524018533750582810122684928431220344545731652488033498485/2910945094791857063325971414533314214599500754797484868947771838661695143 197034720739188623939871973964706279572338868881675233193147316480662009270294847/9387442183988842215557682962303815880857281069664111859668515827541753535 57186222057214484917032155683328672998846569721742908729993403168212048795132273/8094016029474947766897457923899204361675957402838119928250896522949791716
SCANHIT N=5 cond=6630 M=[ 4, 0, 0, 1 ] aE=[ 1, 0, 0, -2096146, 1124611076 ] aF=[ 1, 0, 0, -5557266, -3547208700 ]
SCANINV 41028811197210749325857223980470242089137320010939898154021956662451620281936040280655253/6942366958100526745268068850887007582552208755561328072681077538122084474 126028660863349714161479622623737468226799348406877670838077843053335212727718107848039/3069405480511251227484420237961391652281977826631156256057305175384001773 124071966929956835380613394073853560619778353291251860834951668613032988244160773912249/8368942191450242453961965118651748737941252763759053514315348645017646391
SCANSUM 8 hits for pair 2
==== SCAN 3: N=5 [ 12 ] x [ 2, 6 ] -> [ 2, 6, 12 ] (cond 30030) ====
GLUESCAN M=[0,1;1,3] heights 76 76 75
GLUESCAN M=[0,2;3,1] heights 79 77 77
GLUESCAN M=[0,3;2,4] heights 79 77 77
GLUESCAN M=[0,4;4,2] heights 76 76 75
GLUESCAN M=[1,0;3,4] heights 84 83 82
GLUESCAN M=[2,0;1,2] heights 79 81 83
GLUESCAN M=[3,0;4,3] heights 79 81 83
GLUESCAN M=[4,0;2,1] heights 84 83 82
SCANHIT N=5 cond=30030 M=[ 0, 1, 1, 3 ] aE=[ 1, 0, 0, -749461, 263897441 ] aF=[ 1, 0, 0, -12180181, 16360637345 ]
SCANINV 16451992912229731516502407528981717857660534015075908171231949987027805701296/1622599804503234747971591321512471514204781255168389826663118484488828877 -13060460316229881459055989135168124849278000702968603807822879963471946076501/3974650007493468878451751672748204255560281842959069308437398942246969339 -1397267423084813933480801486597697758404075080456252881627343154999496578677/5483831605633653071194386915788115902924189202275075000599134094039072363
SCANHIT N=5 cond=30030 M=[ 0, 2, 3, 1 ] aE=[ 1, 0, 0, -749461, 263897441 ] aF=[ 1, 0, 0, -12180181, 16360637345 ]
SCANINV -10690277513079833455995927044281307059096671305966134322452150121380798063525473/3388280481270766048448253318211056539102275666913500753752041048390953819 455173893891542355192022797423162884686726926860049721202740688646056710200899/2317820870624004152368312485431337401601770297394661589841089620378703663 350492624618178268258942154833045025798632088149304847137336133974181741045649/9063676413895353809993567466957850418199025130721685624553766605719182520
SCANHIT N=5 cond=30030 M=[ 0, 3, 2, 4 ] aE=[ 1, 0, 0, -749461, 263897441 ] aF=[ 1, 0, 0, -12180181, 16360637345 ]
SCANINV -10690277513079833455995927044281307059096671305966134322452150121380798063525473/3388280481270766048448253318211056539102275666913500753752041048390953819 455173893891542355192022797423162884686726926860049721202740688646056710200899/2317820870624004152368312485431337401601770297394661589841089620378703663 350492624618178268258942154833045025798632088149304847137336133974181741045649/9063676413895353809993567466957850418199025130721685624553766605719182520
SCANHIT N=5 cond=30030 M=[ 0, 4, 4, 2 ] aE=[ 1, 0, 0, -749461, 263897441 ] aF=[ 1, 0, 0, -12180181, 16360637345 ]
SCANINV 16451992912229731516502407528981717857660534015075908171231949987027805701296/1622599804503234747971591321512471514204781255168389826663118484488828877 -13060460316229881459055989135168124849278000702968603807822879963471946076501/3974650007493468878451751672748204255560281842959069308437398942246969339 -1397267423084813933480801486597697758404075080456252881627343154999496578677/5483831605633653071194386915788115902924189202275075000599134094039072363
SCANHIT N=5 cond=30030 M=[ 1, 0, 3, 4 ] aE=[ 1, 0, 0, -749461, 263897441 ] aF=[ 1, 0, 0, -12180181, 16360637345 ]
SCANINV -3409028508186995443729922861375696316940384396058410483188653968529194825339166637931/1584101279406472379673926193029906226042306490137264542694259136255345754 -299842793597410154121427386274260309057588044694490008070451650007112189286764542128/3583346448786307958240583344300697433252690849519829278626249835345191125 -75714232396857868940375413450487164675463241296300553667690652568893989910735497631/3374587371372051767277123722738538227733713109248109012557507470163411390
SCANHIT N=5 cond=30030 M=[ 2, 0, 1, 2 ] aE=[ 1, 0, 0, -749461, 263897441 ] aF=[ 1, 0, 0, -12180181, 16360637345 ]
SCANINV -20506234995738765265545244436157211490554861830699901558129499049602648778044006/1225810239196788250330702489281415787974221018490895449988570189378364475 -2530649094971273670468460207751749301404748727114784636018590774390868027492507764/1378447535962319292059469428075312061478935326728878595861089675087661823 107267117554507928727263976235683879757045442082190786789230692291133023774731327218/1070101171356003385082570065311419576979435652445696416587502529948254291
SCANHIT N=5 cond=30030 M=[ 3, 0, 4, 3 ] aE=[ 1, 0, 0, -749461, 263897441 ] aF=[ 1, 0, 0, -12180181, 16360637345 ]
SCANINV -20506234995738765265545244436157211490554861830699901558129499049602648778044006/1225810239196788250330702489281415787974221018490895449988570189378364475 -2530649094971273670468460207751749301404748727114784636018590774390868027492507764/1378447535962319292059469428075312061478935326728878595861089675087661823 107267117554507928727263976235683879757045442082190786789230692291133023774731327218/1070101171356003385082570065311419576979435652445696416587502529948254291
SCANHIT N=5 cond=30030 M=[ 4, 0, 2, 1 ] aE=[ 1, 0, 0, -749461, 263897441 ] aF=[ 1, 0, 0, -12180181, 16360637345 ]
SCANINV -3409028508186995443729922861375696316940384396058410483188653968529194825339166637931/1584101279406472379673926193029906226042306490137264542694259136255345754 -299842793597410154121427386274260309057588044694490008070451650007112189286764542128/3583346448786307958240583344300697433252690849519829278626249835345191125 -75714232396857868940375413450487164675463241296300553667690652568893989910735497631/3374587371372051767277123722738538227733713109248109012557507470163411390
SCANSUM 8 hits for pair 3
==== SCAN 4: N=5 [ 12 ] x [ 2, 6 ] -> [ 2, 6, 12 ] (cond 62790) ====
GLUESCAN M=[0,1;1,3] heights 77 76 75
GLUESCAN M=[0,2;3,1] heights 79 78 78
GLUESCAN M=[0,3;2,4] heights 79 78 78
GLUESCAN M=[0,4;4,2] heights 77 76 75
GLUESCAN M=[1,0;3,4] heights 86 85 85
GLUESCAN M=[2,0;1,2] heights 89 89 88
GLUESCAN M=[3,0;4,3] heights 89 89 88
GLUESCAN M=[4,0;2,1] heights 86 85 85
SCANHIT N=5 cond=62790 M=[ 0, 1, 1, 3 ] aE=[ 1, 0, 0, -167843570, 843125287812 ] aF=[ 1, 0, 0, -2691000050, 53729999002500 ]
SCANINV 386526164681986091561059015195572011608633512921904663900759546122472099361252/6467704073488540817843505730729766840904230600466061708598424171079801257 -34464452276458542819746440811339379266530684574766080177503331848190720444233/4107733481463376882939047488094799934860930714278945830990229917152049808 -7110379647573966311174524417444380568660573350742045060971875763856579797494/7655579648582955810859734746874069800672197446185198182025696071940617445
SCANHIT N=5 cond=62790 M=[ 0, 2, 3, 1 ] aE=[ 1, 0, 0, -167843570, 843125287812 ] aF=[ 1, 0, 0, -2691000050, 53729999002500 ]
SCANINV -75929206730678032459972151045625626495780145411016758974568684919864126821142121/7462881405245346120948774500788004720906082406178836615433341565499989101 2088024751264933114813021347741442432524394866345726665411733639350533019827543/5023173865138427435787124081547685304878957447426786468553000366771928965 1260455713997879881654256846885594955772109716839998084226894240218032338446481/9953065515142592524201302728172929992002000077918594834872490800881117850
SCANHIT N=5 cond=62790 M=[ 0, 3, 2, 4 ] aE=[ 1, 0, 0, -167843570, 843125287812 ] aF=[ 1, 0, 0, -2691000050, 53729999002500 ]
SCANINV -75929206730678032459972151045625626495780145411016758974568684919864126821142121/7462881405245346120948774500788004720906082406178836615433341565499989101 2088024751264933114813021347741442432524394866345726665411733639350533019827543/5023173865138427435787124081547685304878957447426786468553000366771928965 1260455713997879881654256846885594955772109716839998084226894240218032338446481/9953065515142592524201302728172929992002000077918594834872490800881117850
SCANHIT N=5 cond=62790 M=[ 0, 4, 4, 2 ] aE=[ 1, 0, 0, -167843570, 843125287812 ] aF=[ 1, 0, 0, -2691000050, 53729999002500 ]
SCANINV 386526164681986091561059015195572011608633512921904663900759546122472099361252/6467704073488540817843505730729766840904230600466061708598424171079801257 -34464452276458542819746440811339379266530684574766080177503331848190720444233/4107733481463376882939047488094799934860930714278945830990229917152049808 -7110379647573966311174524417444380568660573350742045060971875763856579797494/7655579648582955810859734746874069800672197446185198182025696071940617445
SCANHIT N=5 cond=62790 M=[ 1, 0, 3, 4 ] aE=[ 1, 0, 0, -167843570, 843125287812 ] aF=[ 1, 0, 0, -2691000050, 53729999002500 ]
SCANINV -540140878734211288568319115206200230622175235133098596368717202645149187431230780622242/2527183278015219381291184508342508841637604285716983216708159060806176093 -59538520834315177902743916649527827927426605685057055160374089789311548148649756066413/5547339898228486036587010437485283870663423860366161869636712781306162270 -24354376176414548096721205484127032904073344694015043338587362810259913351813386074639/8771705500722045146813408626150069363309897433318020409472386000913426006
SCANHIT N=5 cond=62790 M=[ 2, 0, 1, 2 ] aE=[ 1, 0, 0, -167843570, 843125287812 ] aF=[ 1, 0, 0, -2691000050, 53729999002500 ]
SCANINV -156796462092767004014646835903100019705682184111096631416097065341543888054156162962485374/8675766194181252308990348982706478944081134600081526305655536098917941353 -132434485879994901301327805801902115651478923597428201663028394419733584205150461706994991/4393554272039515951715800750308958063417081284039879539764762213814414440 47696104500609280921617462240009278202015614634328560704101560836257928674347057747409566/2812032585593470963879500953462580007559044947499308714664406105842257571
SCANHIT N=5 cond=62790 M=[ 3, 0, 4, 3 ] aE=[ 1, 0, 0, -167843570, 843125287812 ] aF=[ 1, 0, 0, -2691000050, 53729999002500 ]
SCANINV -156796462092767004014646835903100019705682184111096631416097065341543888054156162962485374/8675766194181252308990348982706478944081134600081526305655536098917941353 -132434485879994901301327805801902115651478923597428201663028394419733584205150461706994991/4393554272039515951715800750308958063417081284039879539764762213814414440 47696104500609280921617462240009278202015614634328560704101560836257928674347057747409566/2812032585593470963879500953462580007559044947499308714664406105842257571
SCANHIT N=5 cond=62790 M=[ 4, 0, 2, 1 ] aE=[ 1, 0, 0, -167843570, 843125287812 ] aF=[ 1, 0, 0, -2691000050, 53729999002500 ]
SCANINV -540140878734211288568319115206200230622175235133098596368717202645149187431230780622242/2527183278015219381291184508342508841637604285716983216708159060806176093 -59538520834315177902743916649527827927426605685057055160374089789311548148649756066413/5547339898228486036587010437485283870663423860366161869636712781306162270 -24354376176414548096721205484127032904073344694015043338587362810259913351813386074639/8771705500722045146813408626150069363309897433318020409472386000913426006
SCANSUM 8 hits for pair 4
==== SCAN 5: N=5 [ 2, 6 ] x [ 12 ] -> [ 2, 6, 12 ] (cond 125970) ====
GLUESCAN M=[1,0;3,4] heights 84 82 81
GLUESCAN M=[1,3;2,0] heights 80 77 77
GLUESCAN M=[2,0;4,2] heights 79 81 82
GLUESCAN M=[2,1;1,0] heights 74 75 74
GLUESCAN M=[3,0;1,3] heights 79 81 82
GLUESCAN M=[3,4;4,0] heights 74 75 74
GLUESCAN M=[4,0;2,1] heights 84 82 81
GLUESCAN M=[4,2;3,0] heights 80 77 77
SCANHIT N=5 cond=125970 M=[ 1, 0, 3, 4 ] aE=[ 1, 0, 1, -85326358, 303346710056 ] aF=[ 1, 0, 1, -80216838, 341267523688 ]
SCANINV -1231620108232730875732831131642509823659087557764854962850954166428634600329252866056/8572400964919767995717945939945859192564234521466766123693614062487891883 -16274021797936047916218405463129266612079750618105663082352811346915217584571224783/3939976625434042665814923105383468646602625790856316376703653039120402513 -7883837260234684392107643346203034625224908374915144199253915736087473349613214557/6839009594186345777149359261397693999753511022021133029424905915867842339
SCANHIT N=5 cond=125970 M=[ 1, 3, 2, 0 ] aE=[ 1, 0, 1, -85326358, 303346710056 ] aF=[ 1, 0, 1, -80216838, 341267523688 ]
SCANINV -189954277918959294275080959117881187604690755447190568343812624631212280539984857/8468103420453775044783033632508422471331086172878248396201197881824614631 204068611059718712806286080720618367990021244169952416761670086071877719197583/346024504108279265524222260780134056005593175787796783748201052625935571 393491372250081608940715116901751720600386773848278699196954623948600172707375/4754923413481893021650398213229597180289144111119767117247211314153130919
SCANHIT N=5 cond=125970 M=[ 2, 0, 4, 2 ] aE=[ 1, 0, 1, -85326358, 303346710056 ] aF=[ 1, 0, 1, -80216838, 341267523688 ]
SCANINV -27146895902029593323367869255935170855503315472639438724356088757076859082313737/3712857743428198626118770218501800264918846999638473685440571206347736783 1975555422943764700215636951191443773254162996732001393515186877214411321555051483/7443558492522108743646003091815484764445041310034213701901176166032210809 15125917674409760111370991983038396640219004977431152880688011522845899738065989550/3093955088591028042512364737913074844506495580938391708317607595133469347
SCANHIT N=5 cond=125970 M=[ 2, 1, 1, 0 ] aE=[ 1, 0, 1, -85326358, 303346710056 ] aF=[ 1, 0, 1, -80216838, 341267523688 ]
SCANINV -538367851713353174530487275947364892258356266028129655997687081697377051153/4168651609007768443926844929215043549798563318973229069996647995649519169 1382926759673762212577315377501618873936283496045746952656860257424304645012/4396172613104878220108240714448998252638112178062038954551440012641389819 480836137262491802604893932127027001818816926934523668982981711509840761274/2090606815558446647165592374161170280898667712226846330738635151354182509
SCANHIT N=5 cond=125970 M=[ 3, 0, 1, 3 ] aE=[ 1, 0, 1, -85326358, 303346710056 ] aF=[ 1, 0, 1, -80216838, 341267523688 ]
SCANINV -27146895902029593323367869255935170855503315472639438724356088757076859082313737/3712857743428198626118770218501800264918846999638473685440571206347736783 1975555422943764700215636951191443773254162996732001393515186877214411321555051483/7443558492522108743646003091815484764445041310034213701901176166032210809 15125917674409760111370991983038396640219004977431152880688011522845899738065989550/3093955088591028042512364737913074844506495580938391708317607595133469347
SCANHIT N=5 cond=125970 M=[ 3, 4, 4, 0 ] aE=[ 1, 0, 1, -85326358, 303346710056 ] aF=[ 1, 0, 1, -80216838, 341267523688 ]
SCANINV -538367851713353174530487275947364892258356266028129655997687081697377051153/4168651609007768443926844929215043549798563318973229069996647995649519169 1382926759673762212577315377501618873936283496045746952656860257424304645012/4396172613104878220108240714448998252638112178062038954551440012641389819 480836137262491802604893932127027001818816926934523668982981711509840761274/2090606815558446647165592374161170280898667712226846330738635151354182509
SCANHIT N=5 cond=125970 M=[ 4, 0, 2, 1 ] aE=[ 1, 0, 1, -85326358, 303346710056 ] aF=[ 1, 0, 1, -80216838, 341267523688 ]
SCANINV -1231620108232730875732831131642509823659087557764854962850954166428634600329252866056/8572400964919767995717945939945859192564234521466766123693614062487891883 -16274021797936047916218405463129266612079750618105663082352811346915217584571224783/3939976625434042665814923105383468646602625790856316376703653039120402513 -7883837260234684392107643346203034625224908374915144199253915736087473349613214557/6839009594186345777149359261397693999753511022021133029424905915867842339
SCANHIT N=5 cond=125970 M=[ 4, 2, 3, 0 ] aE=[ 1, 0, 1, -85326358, 303346710056 ] aF=[ 1, 0, 1, -80216838, 341267523688 ]
SCANINV -189954277918959294275080959117881187604690755447190568343812624631212280539984857/8468103420453775044783033632508422471331086172878248396201197881824614631 204068611059718712806286080720618367990021244169952416761670086071877719197583/346024504108279265524222260780134056005593175787796783748201052625935571 393491372250081608940715116901751720600386773848278699196954623948600172707375/4754923413481893021650398213229597180289144111119767117247211314153130919
SCANSUM 8 hits for pair 5
==== SCAN 6: N=5 [ 2, 6 ] x [ 12 ] -> [ 2, 6, 12 ] (cond 155610) ====
GLUESCAN M=[0,1;1,0] heights 84 82 81
GLUESCAN M=[0,2;3,0] heights 85 83 82
GLUESCAN M=[0,3;2,0] heights 85 83 82
GLUESCAN M=[0,4;4,0] heights 84 82 81
GLUESCAN M=[1,0;0,4] heights 95 93 93
GLUESCAN M=[2,0;0,2] heights 87 86 85
GLUESCAN M=[3,0;0,3] heights 87 86 85
GLUESCAN M=[4,0;0,1] heights 95 93 93
SCANHIT N=5 cond=155610 M=[ 0, 1, 1, 0 ] aE=[ 1, -1, 1, -7495963367, 248904729248159 ] aF=[ 1, -1, 1, -119815963367, 15963236505248159 ]
SCANINV 1580403929467854592588012815049688578303010986761990306021492039714884881925654154718/9460452304940246527084516983771560037994008072625461616806588188938681739 11982632638132279505715623254432247622188322397222228020098280403020266929519802669/4544142427975647931871644751247004127703991003613215596573274342880733922 1382853268169070533973493658578486515407374195859512630936448044007410046872652667/1494997953914183672247444410693622268261252649229778689574888117006840543
SCANHIT N=5 cond=155610 M=[ 0, 2, 3, 0 ] aE=[ 1, -1, 1, -7495963367, 248904729248159 ] aF=[ 1, -1, 1, -119815963367, 15963236505248159 ]
SCANINV 12709920006063111590575298416492091369500280179262604264852794623505636734549338030450/378678744066018137411137081562228834505538679412521537240229758150768633 218763735304881974122081264772474759379220131579452765018511904059265907007578855716/8108545157114333118817951273083513625026335234541229816185892901788867761 51825586530491562323457253845300404212489760400442340038315398881380477703488602785/5859843368870222945540409547031119731922551934808113725194604799483300687
SCANHIT N=5 cond=155610 M=[ 0, 3, 2, 0 ] aE=[ 1, -1, 1, -7495963367, 248904729248159 ] aF=[ 1, -1, 1, -119815963367, 15963236505248159 ]
SCANINV 12709920006063111590575298416492091369500280179262604264852794623505636734549338030450/378678744066018137411137081562228834505538679412521537240229758150768633 218763735304881974122081264772474759379220131579452765018511904059265907007578855716/8108545157114333118817951273083513625026335234541229816185892901788867761 51825586530491562323457253845300404212489760400442340038315398881380477703488602785/5859843368870222945540409547031119731922551934808113725194604799483300687
SCANHIT N=5 cond=155610 M=[ 0, 4, 4, 0 ] aE=[ 1, -1, 1, -7495963367, 248904729248159 ] aF=[ 1, -1, 1, -119815963367, 15963236505248159 ]
SCANINV 1580403929467854592588012815049688578303010986761990306021492039714884881925654154718/9460452304940246527084516983771560037994008072625461616806588188938681739 11982632638132279505715623254432247622188322397222228020098280403020266929519802669/4544142427975647931871644751247004127703991003613215596573274342880733922 1382853268169070533973493658578486515407374195859512630936448044007410046872652667/1494997953914183672247444410693622268261252649229778689574888117006840543
SCANHIT N=5 cond=155610 M=[ 1, 0, 0, 4 ] aE=[ 1, -1, 1, -7495963367, 248904729248159 ] aF=[ 1, -1, 1, -119815963367, 15963236505248159 ]
SCANINV 801850089681083417237273765663292561710468493668042801417594225897305696503477279695022030355690/4809623215794783570232617975283013405602166200175309393236557097135574991 2155049534861253210689985382171808450211978377450075565332894027147198597997725918135133253378/934113235977993541041851157150238474023319245312380560680202680593804221 5706374698282545202367495319499156607984837992354103423679382894662021471071373420435089447809/7954191210970636618321597207054743759220655851992713224365192610428749217
SCANHIT N=5 cond=155610 M=[ 2, 0, 0, 2 ] aE=[ 1, -1, 1, -7495963367, 248904729248159 ] aF=[ 1, -1, 1, -119815963367, 15963236505248159 ]
SCANINV 3696864230182413754208154932946147501784574473354867731422856683902606063676448426784034/3068450500729372234288218072585803081457287521520613278184146362073803447 293949324626091381385681608768694872717983625411846561823225592445149065694378485885517/4605587990799463612767830819157593367035129739930958636515102280955428051 40376246351892602141741231016774694052798174659227626055077511745904423482206499960303/2465030072789225246329037897528522825329100179633145404663919820986204284
SCANHIT N=5 cond=155610 M=[ 3, 0, 0, 3 ] aE=[ 1, -1, 1, -7495963367, 248904729248159 ] aF=[ 1, -1, 1, -119815963367, 15963236505248159 ]
SCANINV 3696864230182413754208154932946147501784574473354867731422856683902606063676448426784034/3068450500729372234288218072585803081457287521520613278184146362073803447 293949324626091381385681608768694872717983625411846561823225592445149065694378485885517/4605587990799463612767830819157593367035129739930958636515102280955428051 40376246351892602141741231016774694052798174659227626055077511745904423482206499960303/2465030072789225246329037897528522825329100179633145404663919820986204284
SCANHIT N=5 cond=155610 M=[ 4, 0, 0, 1 ] aE=[ 1, -1, 1, -7495963367, 248904729248159 ] aF=[ 1, -1, 1, -119815963367, 15963236505248159 ]
SCANINV 743198011035604637115677167850791876911048336460783189944188945606030009095857911727762555550191/4457818804049799585851334387915862344117204644684360257187450371925143966 5569819359174566383444484390550016536317800118310971805209318477900829519481289605612250391156/2414256332045935457742001394937230459460076665298596129744791823826168613 4609614241562747173816679888460949246777764038344619739414604350747560233597383796994019250488/6425402295653459036261929808959341338503854547548621470339210620063296587
SCANSUM 8 hits for pair 6
ISOGLUE2_DONE scans=6
