Loading "split_lab.m"
SATCERT LANE Sig=5 sg=[ 2, 3, 1 ] fibers=1120 PtsCap=2000000
JOIN fibers=3071
SATCERT u=2 r=2 Rsub=6.45425788246200030308412608598 T=0.0290449846595035580904121153032 ub=6.42560959476721052153802324025 B=636 (no point below T -> idx=1)
SATCERT u=-1/3 r=2 Rsub=10.3716578039501906267443409608 T=0.0368190080819003645062431072370 ub=2.66132630438388126753546291315 B=15 (no point below T -> idx=1)
SATCERT u=3/2 r=2 Rsub=6.45425788246200030308412608598 T=0.0290449846595035580904121153032 ub=6.42560959476721052153802324025 B=636 (no point below T -> idx=1)
SATCERT u=4 r=2 Rsub=6.45425788246200030308412608598 T=0.0290449846595035580904121153032 ub=6.42560959476721052153802324025 B=636 (no point below T -> idx=1)
SATCERT u=1/5 r=2 Rsub=23.1103689243743527214099018185 T=0.0549605960143575949839092357907 ub=4.48832234165777836454738419200 B=94 (no point below T -> idx=1)
SATCERT u=-5 r=2 Rsub=6.45425788246200030308412608598 T=0.0290449846595035580904121153032 ub=6.42560959476721052153802324025 B=636 (no point below T -> idx=1)
SATCERT u=-3/5 r=2 Rsub=10.3716578039501906267443409608 T=0.0368190080819003645062431072370 ub=2.66132630438388126753546291315 B=15 (no point below T -> idx=1)
SATCERT u=6/5 r=2 Rsub=25.1490386983100651650928545869 T=0.0573335309481111341872838335876 ub=9.87956306868084872347682035660 B=20680 (no point below T -> idx=1)
SATCERT u=-6 r=2 Rsub=47.6175949716800566729947414092 T=0.0788917741660449840837802131972 ub=7.87838170411243479776378818773 B=2857 (no point below T -> idx=1)
SATCERT u=-8 r=2 Rsub=122.201003475832323733083596011 T=0.126382045634612637962461414157 ub=9.28288506779391766628237176363 B=12201 (no point below T -> idx=1)
SATCERT u=9/2 r=2 Rsub=6.45425788246200030308412608598 T=0.0290449846595035580904121153032 ub=6.42560959476721052153802324025 B=636 (no point below T -> idx=1)
SATCERT u=-9 r=2 Rsub=6.45425788246200030308412608598 T=0.0290449846595035580904121153032 ub=6.42560959476721052153802324025 B=636 (no point below T -> idx=1)
SATCERT u=-9/7 r=2 Rsub=23.1103689243743527214099018185 T=0.0549605960143575949839092357907 ub=4.48832234165777836454738419200 B=94 (no point below T -> idx=1)
SATCERT u=-10/3 r=2 Rsub=39.7694806991418672859116183228 T=0.0720979563430509105264991798788 ub=8.17481384026682843839225138934 B=3816 (no point below T -> idx=1)
SATCERT u=11 r=2 Rsub=6.45425788246200030308412608598 T=0.0290449846595035580904121153032 ub=6.42560959476721052153802324025 B=636 (no point below T -> idx=1)
SATCERT u=-11/3 r=2 Rsub=25.1490386983100651650928545869 T=0.0573335309481111341872838335877 ub=9.87956306868084872347682035660 B=20680 (no point below T -> idx=1)
SATCERT u=11/7 r=2 Rsub=20.3786336911424933096333058358 T=0.0516101980875069098950982060996 ub=4.49536234276926280567427507277 B=95 (no point below T -> idx=1)
SATCERT u=-12 r=2 Rsub=24.9171772829736846531981709173 T=0.0570686258848309494327169287563 ub=11.4704430071751443715458223332 B=101470 (no point below T -> idx=1)
SATCERT u=12 r=2 Rsub=47.6175949716800566729947414092 T=0.0788917741660449840837802131972 ub=7.87838170411243479776378818773 B=2857 (no point below T -> idx=1)
SATCERT u=-13 r=2 Rsub=47.6175949716800566729947414092 T=0.0788917741660449840837802131972 ub=7.87838170411243479776378818773 B=2857 (no point below T -> idx=1)
SATCERT u=-13/7 r=2 Rsub=48.0400655094655414070692669524 T=0.0792409712477737100592863054108 ub=6.64430396045994865509522737915 B=832 (no point below T -> idx=1)
SATCERT u=15 r=2 Rsub=6.45425788246200030308412608598 T=0.0290449846595035580904121153032 ub=6.42560959476721052153802324025 B=636 (no point below T -> idx=1)
SATCERT u=-16 r=2 Rsub=24.9171772829736846531981709173 T=0.0570686258848309494327169287563 ub=11.4704430071751443715458223332 B=101470 (no point below T -> idx=1)
SATCERT u=16 r=2 Rsub=108.133125757010046718597948568 T=0.118885085125437390802963869409 ub=13.2671440331994348930272782932 B=650847 (no point below T -> idx=1)
SATOPENB u=-16/5 r=2 Rsub=45.8842653643029939569421446314 T=0.0774425929890995981311397691612 ub=14.7053425773863752765774346792 B=2630765 > cap
SATCERT u=18 r=2 Rsub=24.9171772829736846531981709172 T=0.0570686258848309494327169287563 ub=11.4704430071751443715458223332 B=101470 (no point below T -> idx=1)
SATCERT u=19 r=2 Rsub=47.6175949716800566729947414092 T=0.0788917741660449840837802131972 ub=7.87838170411243479776378818773 B=2857 (no point below T -> idx=1)
SATCERT u=19/3 r=2 Rsub=10.3716578039501906267443409608 T=0.0368190080819003645062431072370 ub=2.66132630438388126753546291315 B=15 (no point below T -> idx=1)
SATCERT u=-19/9 r=2 Rsub=10.3716578039501906267443409608 T=0.0368190080819003645062431072370 ub=2.66132630438388126753546291315 B=15 (no point below T -> idx=1)
SATCERT u=15/19 r=2 Rsub=29.4022392464354878437539405256 T=0.0619923640211683183309593681523 ub=6.26481433875504493113968738883 B=560 (no point below T -> idx=1)
SATCERT u=22 r=2 Rsub=24.9171772829736846531981709173 T=0.0570686258848309494327169287563 ub=11.4704430071751443715458223332 B=101470 (no point below T -> idx=1)
