Loading "split_lab.m"
SATCERT LANE Sig=3 sg=[ 3, 2, 1 ] fibers=1161 PtsCap=2000000
JOIN fibers=4604
SATFIX u=2 - saturation at <=100 ENLARGED the lattice (old boxes ran on a sublattice)
SATFIXBOX u=2
SATCERT2 u=2 r=2 m1lb=0.0184095040409501822531215536185 Bidx=101 (saturated to Bidx -> idx=1)
SATFIX u=-1/3 - saturation at <=100 ENLARGED the lattice (old boxes ran on a sublattice)
SATFIXBOX u=-1/3
SATCERT u=-1/3 r=2 Rsub=1.61356447061550007577103152149 Teff=0.0145224923297517790452060576516 ub=6.42560959476721052153802324025 B=627 Bidx=100 (idx=1)
SATFIX u=1/3 - saturation at <=100 ENLARGED the lattice (old boxes ran on a sublattice)
SATFIXBOX u=1/3
SATCERT u=1/3 r=2 Rsub=5.09465842278562332740832645895 Teff=0.0258050990437534549475491030498 ub=4.49536234276926280567427507277 B=92 Bidx=100 (idx=1)
SATFIX u=-3/2 - saturation at <=100 ENLARGED the lattice (old boxes ran on a sublattice)
SATFIXBOX u=-3/2
SATCERT2 u=-3/2 r=2 m1lb=0.0145224923297517790452060576516 Bidx=101 (saturated to Bidx -> idx=1)
SATFIX u=-4 - saturation at <=100 ENLARGED the lattice (old boxes ran on a sublattice)
SATFIXBOX u=-4
SATCERT2 u=-4 r=3 m1lb=0.0808257394400461248901803557157 Bidx=299 (saturated to Bidx -> idx=1)
SATFIX u=-4/3 - saturation at <=100 ENLARGED the lattice (old boxes ran on a sublattice)
SATFIXBOX u=-4/3
SATCERT2 u=-4/3 r=3 m1lb=0.0852113095084886817405517197625 Bidx=299 (saturated to Bidx -> idx=1)
SATFIX u=-3/4 - saturation at <=100 ENLARGED the lattice (old boxes ran on a sublattice)
SATFIXBOX u=-3/4
SATCERT2 u=-3/4 r=3 m1lb=0.0808257394400461248901803557157 Bidx=299 (saturated to Bidx -> idx=1)
SATFIX u=5/3 - saturation at <=100 ENLARGED the lattice (old boxes ran on a sublattice)
SATFIXBOX u=5/3
SATCERT2 u=5/3 r=2 m1lb=0.0225371648590716766114559930042 Bidx=123 (saturated to Bidx -> idx=1)
SATFIX u=6/5 - saturation at <=100 ENLARGED the lattice (old boxes ran on a sublattice)
SATFIXBOX u=6/5
SATCERT2 u=6/5 r=2 m1lb=0.0211837557538197564333622781091 Bidx=147 (saturated to Bidx -> idx=1)
SATFIX u=3/7 - saturation at <=100 ENLARGED the lattice (old boxes ran on a sublattice)
SATFIXBOX u=3/7
SATCERT2 u=3/7 r=2 m1lb=0.0145224923297517790452060576516 Bidx=101 (saturated to Bidx -> idx=1)
SATFIX u=8/3 - saturation at <=100 ENLARGED the lattice (old boxes ran on a sublattice)
SATFIXBOX u=8/3
SATCERT2 u=8/3 r=2 m1lb=0.0201050598904591927844065935740 Bidx=199 (saturated to Bidx -> idx=1)
SATFIX u=-10 - saturation at <=100 ENLARGED the lattice (old boxes ran on a sublattice)
SATFIXBOX u=-10
SATCERT2 u=-10 r=3 m1lb=0.130005787892110041678257019521 Bidx=299 (saturated to Bidx -> idx=1)
SATFIX u=9/10 - saturation at <=100 ENLARGED the lattice (old boxes ran on a sublattice)
SATFIXBOX u=9/10
SATCERT2 u=9/10 r=2 m1lb=0.0145224923297517790452060576516 Bidx=101 (saturated to Bidx -> idx=1)
SATFIX u=10 - saturation at <=100 ENLARGED the lattice (old boxes ran on a sublattice)
SATFIXBOX u=10
SATCERT2 u=10 r=2 m1lb=0.0184095040409501822531215536185 Bidx=101 (saturated to Bidx -> idx=1)
SATFIX u=11/4 - saturation at <=100 ENLARGED the lattice (old boxes ran on a sublattice)
SATFIXBOX u=11/4
SATCERT2 u=11/4 r=2 m1lb=0.0184095040409501822531215536185 Bidx=101 (saturated to Bidx -> idx=1)
SATFIX u=-11 - saturation at <=100 ENLARGED the lattice (old boxes ran on a sublattice)
SATFIXBOX u=-11
SATCERT2 u=-11 r=2 m1lb=0.0145224923297517790452060576516 Bidx=101 (saturated to Bidx -> idx=1)
SATFIX u=-1/12 - saturation at <=100 ENLARGED the lattice (old boxes ran on a sublattice)
SATFIXBOX u=-1/12
SATOPENB u=-1/12 r=3 Rsub=179.113787945652086281590185617 T=0.327470429102816553103847908117 ub=16.7454323018812674477301858130 Bfull=21941962.6616280416866371669870 (Teff<=0; plain saturation pushed to 20000: ok)
SATFIX u=12 - saturation at <=100 ENLARGED the lattice (old boxes ran on a sublattice)
SATFIXBOX u=12
SATCERT2 u=12 r=2 m1lb=0.0225371648590716766114559930042 Bidx=123 (saturated to Bidx -> idx=1)
SATFIX u=-12 - saturation at <=100 ENLARGED the lattice (old boxes ran on a sublattice)
SATFIXBOX u=-12
SATCERT2 u=-12 r=3 m1lb=0.0808257394400461248901803557157 Bidx=299 (saturated to Bidx -> idx=1)
SATFIX u=-11/13 - saturation at <=100 ENLARGED the lattice (old boxes ran on a sublattice)
SATFIXBOX u=-11/13
SATCERT u=-11/13 r=2 Rsub=5.09465842278562332740832645895 Teff=0.0258050990437534549475491030498 ub=4.49536234276926280567427507277 B=92 Bidx=100 (idx=1)
SATFIX u=12/13 - saturation at <=100 ENLARGED the lattice (old boxes ran on a sublattice)
SATFIXBOX u=12/13
SATCERT2 u=12/13 r=3 m1lb=0.0808257394400461248901803557157 Bidx=299 (saturated to Bidx -> idx=1)
SATFIX u=-3/13 - saturation at <=100 ENLARGED the lattice (old boxes ran on a sublattice)
SATFIXBOX u=-3/13
SATCERT2 u=-3/13 r=3 m1lb=0.0808257394400461248901803557157 Bidx=299 (saturated to Bidx -> idx=1)
SATFIX u=15/2 - saturation at <=100 ENLARGED the lattice (old boxes ran on a sublattice)
SATFIXBOX u=15/2
SATCERT2 u=15/2 r=2 m1lb=0.0258050990437534549475491030498 Bidx=101 (saturated to Bidx -> idx=1)
SATFIX u=15 - saturation at <=100 ENLARGED the lattice (old boxes ran on a sublattice)
SATFIXBOX u=15
SATCERT2 u=15 r=2 m1lb=0.0184095040409501822531215536185 Bidx=101 (saturated to Bidx -> idx=1)
SATFIX u=15/7 - saturation at <=100 ENLARGED the lattice (old boxes ran on a sublattice)
SATFIXBOX u=15/7
SATCERT2 u=15/7 r=2 m1lb=0.0184095040409501822531215536185 Bidx=101 (saturated to Bidx -> idx=1)
SATFIX u=16 - saturation at <=100 ENLARGED the lattice (old boxes ran on a sublattice)
SATFIXBOX u=16
SATCERT2 u=16 r=2 m1lb=0.0201190763878768826112326038175 Bidx=200 (saturated to Bidx -> idx=1)
SATFIX u=-3/16 - saturation at <=100 ENLARGED the lattice (old boxes ran on a sublattice)
SATFIXBOX u=-3/16
SATCERT2 u=-3/16 r=3 m1lb=0.107619193036173695693790234848 Bidx=299 (saturated to Bidx -> idx=1)
SATFIX u=9/16 - saturation at <=100 ENLARGED the lattice (old boxes ran on a sublattice)
SATFIXBOX u=9/16
SATCERT2 u=9/16 r=3 m1lb=0.0808257394400461248901803557157 Bidx=299 (saturated to Bidx -> idx=1)
SATFIX u=16/3 - saturation at <=100 ENLARGED the lattice (old boxes ran on a sublattice)
SATFIXBOX u=16/3
SATCERT2 u=16/3 r=3 m1lb=0.105268790025451868460311244732 Bidx=299 (saturated to Bidx -> idx=1)
SATFIX u=-16/3 - saturation at <=100 ENLARGED the lattice (old boxes ran on a sublattice)
SATFIXBOX u=-16/3
SATCERT2 u=-16/3 r=3 m1lb=0.112147147302750223511726751192 Bidx=299 (saturated to Bidx -> idx=1)
SATFIX u=-16 - saturation at <=100 ENLARGED the lattice (old boxes ran on a sublattice)
SATFIXBOX u=-16
SATCERT2 u=-16 r=3 m1lb=0.107619193036173695693790234848 Bidx=299 (saturated to Bidx -> idx=1)
SATFIX u=17/3 - saturation at <=100 ENLARGED the lattice (old boxes ran on a sublattice)
SATFIXBOX u=17/3
SATCERT2 u=17/3 r=2 m1lb=0.0145224923297517790452060576516 Bidx=101 (saturated to Bidx -> idx=1)
SATFIX u=17 - saturation at <=100 ENLARGED the lattice (old boxes ran on a sublattice)
SATFIXBOX u=17
SATCERT2 u=17 r=2 m1lb=0.0184095040409501822531215536185 Bidx=101 (saturated to Bidx -> idx=1)
SATFIX u=17/12 - saturation at <=100 ENLARGED the lattice (old boxes ran on a sublattice)
SATFIXBOX u=17/12
SATCERT2 u=17/12 r=4 m1lb=0.272269466973069757978239630770 Bidx=299 (saturated to Bidx -> idx=1)
SATFIX u=17/5 - saturation at <=100 ENLARGED the lattice (old boxes ran on a sublattice)
SATFIXBOX u=17/5
SATCERT2 u=17/5 r=2 m1lb=0.0145224923297517790452060576516 Bidx=101 (saturated to Bidx -> idx=1)
SATFIX u=-18 - saturation at <=100 ENLARGED the lattice (old boxes ran on a sublattice)
SATFIXBOX u=-18
SATCERT2 u=-18 r=2 m1lb=0.0201899975833886858600708318394 Bidx=191 (saturated to Bidx -> idx=1)
SATFIX u=15/19 - saturation at <=100 ENLARGED the lattice (old boxes ran on a sublattice)
SATFIXBOX u=15/19
SATCERT2 u=15/19 r=2 m1lb=0.0200168590242622601899278457290 Bidx=144 (saturated to Bidx -> idx=1)
SATFIX u=-19 - saturation at <=100 ENLARGED the lattice (old boxes ran on a sublattice)
SATFIXBOX u=-19
SATCERT2 u=-19 r=2 m1lb=0.0200293886991641109539565461490 Bidx=198 (saturated to Bidx -> idx=1)
SATFIX u=19/5 - saturation at <=100 ENLARGED the lattice (old boxes ran on a sublattice)
SATFIXBOX u=19/5
SATCERT2 u=19/5 r=3 m1lb=0.0808257394400461248901803557157 Bidx=299 (saturated to Bidx -> idx=1)
SATFIX u=22 - saturation at <=100 ENLARGED the lattice (old boxes ran on a sublattice)
SATFIXBOX u=22
SATCERT2 u=22 r=2 m1lb=0.0200180392856208515034390121361 Bidx=234 (saturated to Bidx -> idx=1)
SATFIX u=-22 - saturation at <=100 ENLARGED the lattice (old boxes ran on a sublattice)
SATFIXBOX u=-22
SATCERT2 u=-22 r=3 m1lb=0.138884203384724444488658181179 Bidx=299 (saturated to Bidx -> idx=1)
SATFIX u=-23 - saturation at <=100 ENLARGED the lattice (old boxes ran on a sublattice)
SATFIXBOX u=-23
SATCERT u=-23 r=2 Rsub=5.09465842278562332740832645895 Teff=0.0258050990437534549475491030498 ub=4.49536234276926280567427507277 B=92 Bidx=100 (idx=1)
SATFIX u=23/2 - saturation at <=100 ENLARGED the lattice (old boxes ran on a sublattice)
SATFIXBOX u=23/2
SATCERT2 u=23/2 r=3 m1lb=0.107730779659810091498672506841 Bidx=299 (saturated to Bidx -> idx=1)
SATFIX u=23/3 - saturation at <=100 ENLARGED the lattice (old boxes ran on a sublattice)
SATFIXBOX u=23/3
SATCERT2 u=23/3 r=2 m1lb=0.0145224923297517790452060576516 Bidx=101 (saturated to Bidx -> idx=1)
SATFIX u=-23/3 - saturation at <=100 ENLARGED the lattice (old boxes ran on a sublattice)
SATFIXBOX u=-23/3
SATCERT2 u=-23/3 r=2 m1lb=0.0258050990437534549475491030498 Bidx=101 (saturated to Bidx -> idx=1)
SATFIX u=23/16 - saturation at <=100 ENLARGED the lattice (old boxes ran on a sublattice)
SATFIXBOX u=23/16
SATCERT2 u=23/16 r=2 m1lb=0.0184095040409501822531215536185 Bidx=101 (saturated to Bidx -> idx=1)
SATFIX u=25 - saturation at <=100 ENLARGED the lattice (old boxes ran on a sublattice)
SATFIXBOX u=25
SATCERT2 u=25 r=2 m1lb=0.0225371648590716766114559930042 Bidx=123 (saturated to Bidx -> idx=1)
SATFIX u=25/4 - saturation at <=100 ENLARGED the lattice (old boxes ran on a sublattice)
SATFIXBOX u=25/4
SATCERT2 u=25/4 r=3 m1lb=0.105268790025451868460311244732 Bidx=299 (saturated to Bidx -> idx=1)
SATFIX u=25/7 - saturation at <=100 ENLARGED the lattice (old boxes ran on a sublattice)
SATFIXBOX u=25/7
SATCERT2 u=25/7 r=2 m1lb=0.0201899975833886858600708318394 Bidx=191 (saturated to Bidx -> idx=1)
SATFIX u=-27 - saturation at <=100 ENLARGED the lattice (old boxes ran on a sublattice)
SATFIXBOX u=-27
SATCERT2 u=-27 r=2 m1lb=0.0145224923297517790452060576516 Bidx=101 (saturated to Bidx -> idx=1)
SATFIX u=-27/16 - saturation at <=100 ENLARGED the lattice (old boxes ran on a sublattice)
SATFIXBOX u=-27/16
SATCERT2 u=-27/16 r=3 m1lb=0.112147147302750223511726751192 Bidx=299 (saturated to Bidx -> idx=1)
SATFIX u=27/25 - saturation at <=100 ENLARGED the lattice (old boxes ran on a sublattice)
SATFIXBOX u=27/25
SATCERT2 u=27/25 r=2 m1lb=0.0225371648590716766114559930042 Bidx=123 (saturated to Bidx -> idx=1)
SATFIX u=-27/5 - saturation at <=100 ENLARGED the lattice (old boxes ran on a sublattice)
SATFIXBOX u=-27/5
SATCERT2 u=-27/5 r=2 m1lb=0.0145224923297517790452060576516 Bidx=101 (saturated to Bidx -> idx=1)
SATFIX u=-27/4 - saturation at <=100 ENLARGED the lattice (old boxes ran on a sublattice)
SATFIXBOX u=-27/4
SATCERT2 u=-27/4 r=3 m1lb=0.0852113095084886817405517197625 Bidx=299 (saturated to Bidx -> idx=1)
SATFIX u=27/11 - saturation at <=100 ENLARGED the lattice (old boxes ran on a sublattice)
SATFIXBOX u=27/11
SATCERT2 u=27/11 r=2 m1lb=0.0225371648590716766114559930042 Bidx=123 (saturated to Bidx -> idx=1)
SATFIX u=27/7 - saturation at <=100 ENLARGED the lattice (old boxes ran on a sublattice)
SATFIXBOX u=27/7
SATCERT2 u=27/7 r=2 m1lb=0.0145224923297517790452060576516 Bidx=101 (saturated to Bidx -> idx=1)
SATFIX u=28 - saturation at <=100 ENLARGED the lattice (old boxes ran on a sublattice)
SATFIXBOX u=28
SATCERT2 u=28 r=2 m1lb=0.0272787669232251366020441978284 Bidx=124 (saturated to Bidx -> idx=1)
SATFIX u=31/5 - saturation at <=100 ENLARGED the lattice (old boxes ran on a sublattice)
SATFIXBOX u=31/5
SATCERT2 u=31/5 r=3 m1lb=0.0808257394400461248901803557157 Bidx=299 (saturated to Bidx -> idx=1)
SATFIX u=31/6 - saturation at <=100 ENLARGED the lattice (old boxes ran on a sublattice)
SATFIXBOX u=31/6
SATCERT2 u=31/6 r=2 m1lb=0.0200331708949733596533944681113 Bidx=203 (saturated to Bidx -> idx=1)
SATFIX u=31/7 - saturation at <=100 ENLARGED the lattice (old boxes ran on a sublattice)
SATFIXBOX u=31/7
SATCERT2 u=31/7 r=2 m1lb=0.0145224923297517790452060576516 Bidx=101 (saturated to Bidx -> idx=1)
SATFIX u=33/7 - saturation at <=100 ENLARGED the lattice (old boxes ran on a sublattice)
SATFIXBOX u=33/7
SATCERT2 u=33/7 r=3 m1lb=0.0808257394400461248901803557157 Bidx=299 (saturated to Bidx -> idx=1)
SATFIX u=33/5 - saturation at <=100 ENLARGED the lattice (old boxes ran on a sublattice)
SATFIXBOX u=33/5
SATCERT2 u=33/5 r=2 m1lb=0.0145224923297517790452060576516 Bidx=101 (saturated to Bidx -> idx=1)
SATFIX u=33/8 - saturation at <=100 ENLARGED the lattice (old boxes ran on a sublattice)
SATFIXBOX u=33/8
SATCERT2 u=33/8 r=2 m1lb=0.0258050990437534549475491030498 Bidx=101 (saturated to Bidx -> idx=1)
SATFIX u=33/25 - saturation at <=100 ENLARGED the lattice (old boxes ran on a sublattice)
SATFIXBOX u=33/25
SATCERT2 u=33/25 r=2 m1lb=0.0184095040409501822531215536185 Bidx=101 (saturated to Bidx -> idx=1)
SATFIX u=34 - saturation at <=100 ENLARGED the lattice (old boxes ran on a sublattice)
SATFIXBOX u=34
SATCERT2 u=34 r=2 m1lb=0.0200526915314097551113535816394 Bidx=283 (saturated to Bidx -> idx=1)
SATFIX u=-34 - saturation at <=100 ENLARGED the lattice (old boxes ran on a sublattice)
SATFIXBOX u=-34
SATCERT2 u=-34 r=3 m1lb=0.151332035252997314334992363262 Bidx=299 (saturated to Bidx -> idx=1)
SATFIX u=35/8 - saturation at <=100 ENLARGED the lattice (old boxes ran on a sublattice)
SATFIXBOX u=35/8
SATCERT2 u=35/8 r=3 m1lb=0.0798149219767845914638651045465 Bidx=299 (saturated to Bidx -> idx=1)
SATFIX u=35 - saturation at <=100 ENLARGED the lattice (old boxes ran on a sublattice)
SATFIXBOX u=35
SATCERT2 u=35 r=3 m1lb=0.111339470626421047758110113389 Bidx=293 (saturated to Bidx -> idx=1)
SATFIX u=-36 - saturation at <=100 ENLARGED the lattice (old boxes ran on a sublattice)
SATFIXBOX u=-36
SATCERT2 u=-36 r=3 m1lb=0.142323031239749710874050480340 Bidx=299 (saturated to Bidx -> idx=1)
SATFIX u=37/4 - saturation at <=100 ENLARGED the lattice (old boxes ran on a sublattice)
SATFIXBOX u=37/4
SATCERT2 u=37/4 r=2 m1lb=0.0225371648590716766114559930042 Bidx=123 (saturated to Bidx -> idx=1)
SATFIX u=38/7 - saturation at <=100 ENLARGED the lattice (old boxes ran on a sublattice)
SATFIXBOX u=38/7
SATCERT2 u=38/7 r=3 m1lb=0.148980435168242760694632060514 Bidx=299 (saturated to Bidx -> idx=1)
SATFIX u=39 - saturation at <=100 ENLARGED the lattice (old boxes ran on a sublattice)
SATFIXBOX u=39
SATCERT2 u=39 r=2 m1lb=0.0201050598904591927844065935740 Bidx=199 (saturated to Bidx -> idx=1)
SATFIX u=-40 - saturation at <=100 ENLARGED the lattice (old boxes ran on a sublattice)
SATFIXBOX u=-40
SATCERT2 u=-40 r=3 m1lb=0.169146775996428708139762502621 Bidx=299 (saturated to Bidx -> idx=1)
SATFIX u=40/13 - saturation at <=100 ENLARGED the lattice (old boxes ran on a sublattice)
SATFIXBOX u=40/13
SATCERT2 u=40/13 r=3 m1lb=0.105268790025451868460311244732 Bidx=299 (saturated to Bidx -> idx=1)
SATFIX u=41/13 - saturation at <=100 ENLARGED the lattice (old boxes ran on a sublattice)
SATFIXBOX u=41/13
SATCERT2 u=41/13 r=2 m1lb=0.0200168590242622601899278457290 Bidx=144 (saturated to Bidx -> idx=1)
SATFIX u=43/6 - saturation at <=100 ENLARGED the lattice (old boxes ran on a sublattice)
SATFIXBOX u=43/6
SATCERT2 u=43/6 r=3 m1lb=0.0798149219767845914638651045465 Bidx=299 (saturated to Bidx -> idx=1)
SATFIX u=43/11 - saturation at <=100 ENLARGED the lattice (old boxes ran on a sublattice)
SATFIXBOX u=43/11
SATCERT2 u=43/11 r=2 m1lb=0.0200293886991641109539565461490 Bidx=198 (saturated to Bidx -> idx=1)
SATFIX u=45/14 - saturation at <=100 ENLARGED the lattice (old boxes ran on a sublattice)
SATFIXBOX u=45/14
SATCERT2 u=45/14 r=2 m1lb=0.0201156621430808698001270366189 Bidx=217 (saturated to Bidx -> idx=1)
SATFIX u=45/8 - saturation at <=100 ENLARGED the lattice (old boxes ran on a sublattice)
SATFIXBOX u=45/8
SATCERT2 u=45/8 r=2 m1lb=0.0204214917712705584166868828479 Bidx=195 (saturated to Bidx -> idx=1)
SATFIX u=45/13 - saturation at <=100 ENLARGED the lattice (old boxes ran on a sublattice)
SATFIXBOX u=45/13
SATCERT u=45/13 r=2 Rsub=5.09465842278562332740832645897 Teff=0.0258050990437534549475491030499 ub=4.49536234276926280567427507277 B=92 Bidx=100 (idx=1)
SATFIX u=47/8 - saturation at <=100 ENLARGED the lattice (old boxes ran on a sublattice)
SATFIXBOX u=47/8
SATCERT2 u=47/8 r=2 m1lb=0.0200331708949733596533944681113 Bidx=203 (saturated to Bidx -> idx=1)
SATFIX u=47/7 - saturation at <=100 ENLARGED the lattice (old boxes ran on a sublattice)
SATFIXBOX u=47/7
SATCERT2 u=47/7 r=3 m1lb=0.0808257394400461248901803557157 Bidx=299 (saturated to Bidx -> idx=1)
SATFIX u=-48 - saturation at <=100 ENLARGED the lattice (old boxes ran on a sublattice)
SATFIXBOX u=-48
SATCERT2 u=-48 r=3 m1lb=0.107619193036173695693790234848 Bidx=299 (saturated to Bidx -> idx=1)
SATFIX u=51 - saturation at <=100 ENLARGED the lattice (old boxes ran on a sublattice)
SATFIXBOX u=51
SATCERT2 u=51 r=2 m1lb=0.0184095040409501822531215536185 Bidx=101 (saturated to Bidx -> idx=1)
SATFIX u=53/13 - saturation at <=100 ENLARGED the lattice (old boxes ran on a sublattice)
SATFIXBOX u=53/13
SATCERT2 u=53/13 r=3 m1lb=0.0808257394400461248901803557157 Bidx=299 (saturated to Bidx -> idx=1)
SATFIX u=53/27 - saturation at <=100 ENLARGED the lattice (old boxes ran on a sublattice)
SATFIXBOX u=53/27
SATCERT2 u=53/27 r=4 m1lb=0.272269466973069757978239630770 Bidx=299 (saturated to Bidx -> idx=1)
SATFIX u=54/19 - saturation at <=100 ENLARGED the lattice (old boxes ran on a sublattice)
SATFIXBOX u=54/19
SATCERT2 u=54/19 r=4 m1lb=0.272269466973069757978239630770 Bidx=299 (saturated to Bidx -> idx=1)
SATFIX u=55/17 - saturation at <=100 ENLARGED the lattice (old boxes ran on a sublattice)
SATFIXBOX u=55/17
SATCERT2 u=55/17 r=3 m1lb=0.107619193036173695693790234848 Bidx=299 (saturated to Bidx -> idx=1)
SATFIX u=55/13 - saturation at <=100 ENLARGED the lattice (old boxes ran on a sublattice)
SATFIXBOX u=55/13
SATCERT2 u=55/13 r=3 m1lb=0.0852113095084886817405517197625 Bidx=299 (saturated to Bidx -> idx=1)
SATFIX u=-57/7 - saturation at <=100 ENLARGED the lattice (old boxes ran on a sublattice)
SATFIXBOX u=-57/7
SATCERT2 u=-57/7 r=3 m1lb=0.0808257394400461248901803557157 Bidx=299 (saturated to Bidx -> idx=1)
SATFIX u=59/7 - saturation at <=100 ENLARGED the lattice (old boxes ran on a sublattice)
SATFIXBOX u=59/7
SATCERT2 u=59/7 r=2 m1lb=0.0200168590242622601899278457290 Bidx=144 (saturated to Bidx -> idx=1)
SATFIX u=59/21 - saturation at <=100 ENLARGED the lattice (old boxes ran on a sublattice)
SATFIXBOX u=59/21
SATCERT2 u=59/21 r=4 m1lb=0.272269466973069757978239630770 Bidx=299 (saturated to Bidx -> idx=1)
SATFIX u=59/20 - saturation at <=100 ENLARGED the lattice (old boxes ran on a sublattice)
SATFIXBOX u=59/20
SATCERT2 u=59/20 r=2 m1lb=0.0211837557538197564333622781091 Bidx=147 (saturated to Bidx -> idx=1)
SATFIX u=61/7 - saturation at <=100 ENLARGED the lattice (old boxes ran on a sublattice)
SATFIXBOX u=61/7
SATCERT2 u=61/7 r=2 m1lb=0.0145224923297517790452060576516 Bidx=101 (saturated to Bidx -> idx=1)
SATFIX u=61/4 - saturation at <=100 ENLARGED the lattice (old boxes ran on a sublattice)
SATFIXBOX u=61/4
SATCERT2 u=61/4 r=2 m1lb=0.0272787669232251366020441978284 Bidx=124 (saturated to Bidx -> idx=1)
SATFIX u=65/8 - saturation at <=100 ENLARGED the lattice (old boxes ran on a sublattice)
SATFIXBOX u=65/8
SATCERT2 u=65/8 r=2 m1lb=0.0200021535984656088188180503850 Bidx=279 (saturated to Bidx -> idx=1)
SATFIX u=66 - saturation at <=100 ENLARGED the lattice (old boxes ran on a sublattice)
SATFIXBOX u=66
SATCERT2 u=66 r=4 m1lb=0.272269466973069757978239630770 Bidx=299 (saturated to Bidx -> idx=1)
SATFIX u=67/16 - saturation at <=100 ENLARGED the lattice (old boxes ran on a sublattice)
SATFIXBOX u=67/16
Loading "split_lab.m"
SATCERT LANE Sig=3 sg=[ 3, 2, 1 ] fibers=1161 PtsCap=2000000
JOIN fibers=4604
SATFIX u=2 - saturation at <=100 ENLARGED the lattice (old boxes ran on a sublattice)
SATFIXBOX u=2
SATCERT2 u=2 r=2 m1lb=0.0184095040409501822531215536185 Bidx=101 (saturated to Bidx -> idx=1)
SATFIX u=-1/3 - saturation at <=100 ENLARGED the lattice (old boxes ran on a sublattice)
SATFIXBOX u=-1/3
SATCERT u=-1/3 r=2 Rsub=1.61356447061550007577103152149 Teff=0.0145224923297517790452060576516 ub=6.42560959476721052153802324025 B=627 Bidx=100 (idx=1)
SATFIX u=1/3 - saturation at <=100 ENLARGED the lattice (old boxes ran on a sublattice)
SATFIXBOX u=1/3
SATCERT u=1/3 r=2 Rsub=5.09465842278562332740832645895 Teff=0.0258050990437534549475491030498 ub=4.49536234276926280567427507277 B=92 Bidx=100 (idx=1)
SATFIX u=-3/2 - saturation at <=100 ENLARGED the lattice (old boxes ran on a sublattice)
SATFIXBOX u=-3/2
SATCERT2 u=-3/2 r=2 m1lb=0.0145224923297517790452060576516 Bidx=101 (saturated to Bidx -> idx=1)
SATFIX u=-4 - saturation at <=100 ENLARGED the lattice (old boxes ran on a sublattice)
SATFIXBOX u=-4
SATCERT2 u=-4 r=3 m1lb=0.0808257394400461248901803557157 Bidx=299 (saturated to Bidx -> idx=1)
SATFIX u=-4/3 - saturation at <=100 ENLARGED the lattice (old boxes ran on a sublattice)
SATFIXBOX u=-4/3
SATCERT2 u=-4/3 r=3 m1lb=0.0852113095084886817405517197625 Bidx=299 (saturated to Bidx -> idx=1)
SATFIX u=-3/4 - saturation at <=100 ENLARGED the lattice (old boxes ran on a sublattice)
SATFIXBOX u=-3/4
SATCERT2 u=-3/4 r=3 m1lb=0.0808257394400461248901803557157 Bidx=299 (saturated to Bidx -> idx=1)
SATFIX u=5/3 - saturation at <=100 ENLARGED the lattice (old boxes ran on a sublattice)
SATFIXBOX u=5/3
SATCERT2 u=5/3 r=2 m1lb=0.0225371648590716766114559930042 Bidx=123 (saturated to Bidx -> idx=1)
SATFIX u=6/5 - saturation at <=100 ENLARGED the lattice (old boxes ran on a sublattice)
SATFIXBOX u=6/5
SATCERT2 u=6/5 r=2 m1lb=0.0211837557538197564333622781091 Bidx=147 (saturated to Bidx -> idx=1)
SATFIX u=3/7 - saturation at <=100 ENLARGED the lattice (old boxes ran on a sublattice)
SATFIXBOX u=3/7
SATCERT2 u=3/7 r=2 m1lb=0.0145224923297517790452060576516 Bidx=101 (saturated to Bidx -> idx=1)
SATFIX u=8/3 - saturation at <=100 ENLARGED the lattice (old boxes ran on a sublattice)
SATFIXBOX u=8/3
SATCERT2 u=8/3 r=2 m1lb=0.0201050598904591927844065935740 Bidx=199 (saturated to Bidx -> idx=1)
SATFIX u=-10 - saturation at <=100 ENLARGED the lattice (old boxes ran on a sublattice)
SATFIXBOX u=-10
SATCERT2 u=-10 r=3 m1lb=0.130005787892110041678257019521 Bidx=299 (saturated to Bidx -> idx=1)
SATFIX u=9/10 - saturation at <=100 ENLARGED the lattice (old boxes ran on a sublattice)
SATFIXBOX u=9/10
SATCERT2 u=9/10 r=2 m1lb=0.0145224923297517790452060576516 Bidx=101 (saturated to Bidx -> idx=1)
SATFIX u=10 - saturation at <=100 ENLARGED the lattice (old boxes ran on a sublattice)
SATFIXBOX u=10
SATCERT2 u=10 r=2 m1lb=0.0184095040409501822531215536185 Bidx=101 (saturated to Bidx -> idx=1)
SATFIX u=11/4 - saturation at <=100 ENLARGED the lattice (old boxes ran on a sublattice)
SATFIXBOX u=11/4
SATCERT2 u=11/4 r=2 m1lb=0.0184095040409501822531215536185 Bidx=101 (saturated to Bidx -> idx=1)
SATFIX u=-11 - saturation at <=100 ENLARGED the lattice (old boxes ran on a sublattice)
SATFIXBOX u=-11
SATCERT2 u=-11 r=2 m1lb=0.0145224923297517790452060576516 Bidx=101 (saturated to Bidx -> idx=1)
SATFIX u=-1/12 - saturation at <=100 ENLARGED the lattice (old boxes ran on a sublattice)
SATFIXBOX u=-1/12
SATOPENB u=-1/12 r=3 Rsub=179.113787945652086281590185616 T=0.327470429102816553103847908116 ub=16.7454323018812674477301858130 Bfull=21941962.6616280416866371669870 (Teff<=0; plain saturation pushed to 20000: ok)
SATFIX u=12 - saturation at <=100 ENLARGED the lattice (old boxes ran on a sublattice)
SATFIXBOX u=12
SATCERT2 u=12 r=2 m1lb=0.0225371648590716766114559930042 Bidx=123 (saturated to Bidx -> idx=1)
SATFIX u=-12 - saturation at <=100 ENLARGED the lattice (old boxes ran on a sublattice)
SATFIXBOX u=-12
SATCERT2 u=-12 r=3 m1lb=0.0808257394400461248901803557157 Bidx=299 (saturated to Bidx -> idx=1)
SATFIX u=-11/13 - saturation at <=100 ENLARGED the lattice (old boxes ran on a sublattice)
SATFIXBOX u=-11/13
SATCERT2 u=-11/13 r=2 m1lb=0.0258050990437534549475491030498 Bidx=101 (saturated to Bidx -> idx=1)
SATFIX u=12/13 - saturation at <=100 ENLARGED the lattice (old boxes ran on a sublattice)
SATFIXBOX u=12/13
SATCERT2 u=12/13 r=3 m1lb=0.0808257394400461248901803557157 Bidx=299 (saturated to Bidx -> idx=1)
SATFIX u=-3/13 - saturation at <=100 ENLARGED the lattice (old boxes ran on a sublattice)
SATFIXBOX u=-3/13
SATCERT2 u=-3/13 r=3 m1lb=0.0808257394400461248901803557157 Bidx=299 (saturated to Bidx -> idx=1)
SATFIX u=15/2 - saturation at <=100 ENLARGED the lattice (old boxes ran on a sublattice)
SATFIXBOX u=15/2
SATCERT2 u=15/2 r=2 m1lb=0.0258050990437534549475491030498 Bidx=101 (saturated to Bidx -> idx=1)
SATFIX u=15 - saturation at <=100 ENLARGED the lattice (old boxes ran on a sublattice)
SATFIXBOX u=15
SATCERT2 u=15 r=2 m1lb=0.0184095040409501822531215536185 Bidx=101 (saturated to Bidx -> idx=1)
SATFIX u=15/7 - saturation at <=100 ENLARGED the lattice (old boxes ran on a sublattice)
SATFIXBOX u=15/7
SATCERT2 u=15/7 r=2 m1lb=0.0184095040409501822531215536185 Bidx=101 (saturated to Bidx -> idx=1)
SATFIX u=16 - saturation at <=100 ENLARGED the lattice (old boxes ran on a sublattice)
SATFIXBOX u=16
SATCERT2 u=16 r=2 m1lb=0.0201190763878768826112326038175 Bidx=200 (saturated to Bidx -> idx=1)
SATFIX u=-3/16 - saturation at <=100 ENLARGED the lattice (old boxes ran on a sublattice)
SATFIXBOX u=-3/16
SATCERT2 u=-3/16 r=3 m1lb=0.107619193036173695693790234848 Bidx=299 (saturated to Bidx -> idx=1)
SATFIX u=9/16 - saturation at <=100 ENLARGED the lattice (old boxes ran on a sublattice)
SATFIXBOX u=9/16
SATCERT2 u=9/16 r=3 m1lb=0.0808257394400461248901803557157 Bidx=299 (saturated to Bidx -> idx=1)
SATFIX u=16/3 - saturation at <=100 ENLARGED the lattice (old boxes ran on a sublattice)
SATFIXBOX u=16/3
SATCERT2 u=16/3 r=3 m1lb=0.105268790025451868460311244732 Bidx=299 (saturated to Bidx -> idx=1)
SATFIX u=-16/3 - saturation at <=100 ENLARGED the lattice (old boxes ran on a sublattice)
SATFIXBOX u=-16/3
SATCERT2 u=-16/3 r=3 m1lb=0.112147147302750223511726751192 Bidx=299 (saturated to Bidx -> idx=1)
SATFIX u=-16 - saturation at <=100 ENLARGED the lattice (old boxes ran on a sublattice)
SATFIXBOX u=-16
SATCERT2 u=-16 r=3 m1lb=0.107619193036173695693790234848 Bidx=299 (saturated to Bidx -> idx=1)
SATFIX u=17/3 - saturation at <=100 ENLARGED the lattice (old boxes ran on a sublattice)
SATFIXBOX u=17/3
SATCERT2 u=17/3 r=2 m1lb=0.0145224923297517790452060576516 Bidx=101 (saturated to Bidx -> idx=1)
SATFIX u=17 - saturation at <=100 ENLARGED the lattice (old boxes ran on a sublattice)
SATFIXBOX u=17
SATCERT2 u=17 r=2 m1lb=0.0184095040409501822531215536185 Bidx=101 (saturated to Bidx -> idx=1)
SATFIX u=17/12 - saturation at <=100 ENLARGED the lattice (old boxes ran on a sublattice)
SATFIXBOX u=17/12
SATCERT2 u=17/12 r=4 m1lb=0.272269466973069757978239630770 Bidx=299 (saturated to Bidx -> idx=1)
SATFIX u=17/5 - saturation at <=100 ENLARGED the lattice (old boxes ran on a sublattice)
SATFIXBOX u=17/5
SATCERT2 u=17/5 r=2 m1lb=0.0145224923297517790452060576516 Bidx=101 (saturated to Bidx -> idx=1)
SATFIX u=-18 - saturation at <=100 ENLARGED the lattice (old boxes ran on a sublattice)
SATFIXBOX u=-18
SATCERT2 u=-18 r=2 m1lb=0.0201899975833886858600708318394 Bidx=191 (saturated to Bidx -> idx=1)
SATFIX u=15/19 - saturation at <=100 ENLARGED the lattice (old boxes ran on a sublattice)
SATFIXBOX u=15/19
SATCERT2 u=15/19 r=2 m1lb=0.0200168590242622601899278457290 Bidx=144 (saturated to Bidx -> idx=1)
SATFIX u=-19 - saturation at <=100 ENLARGED the lattice (old boxes ran on a sublattice)
SATFIXBOX u=-19
SATCERT2 u=-19 r=2 m1lb=0.0200293886991641109539565461490 Bidx=198 (saturated to Bidx -> idx=1)
SATFIX u=19/5 - saturation at <=100 ENLARGED the lattice (old boxes ran on a sublattice)
SATFIXBOX u=19/5
SATCERT2 u=19/5 r=3 m1lb=0.0808257394400461248901803557157 Bidx=299 (saturated to Bidx -> idx=1)
SATFIX u=22 - saturation at <=100 ENLARGED the lattice (old boxes ran on a sublattice)
SATFIXBOX u=22
SATCERT2 u=22 r=2 m1lb=0.0200180392856208515034390121361 Bidx=234 (saturated to Bidx -> idx=1)
SATFIX u=-22 - saturation at <=100 ENLARGED the lattice (old boxes ran on a sublattice)
SATFIXBOX u=-22
SATCERT2 u=-22 r=3 m1lb=0.138884203384724444488658181179 Bidx=299 (saturated to Bidx -> idx=1)
SATFIX u=-23 - saturation at <=100 ENLARGED the lattice (old boxes ran on a sublattice)
SATFIXBOX u=-23
SATCERT u=-23 r=2 Rsub=5.09465842278562332740832645895 Teff=0.0258050990437534549475491030498 ub=4.49536234276926280567427507277 B=92 Bidx=100 (idx=1)
SATFIX u=23/2 - saturation at <=100 ENLARGED the lattice (old boxes ran on a sublattice)
SATFIXBOX u=23/2
SATCERT2 u=23/2 r=3 m1lb=0.107730779659810091498672506841 Bidx=299 (saturated to Bidx -> idx=1)
SATFIX u=23/3 - saturation at <=100 ENLARGED the lattice (old boxes ran on a sublattice)
SATFIXBOX u=23/3
SATCERT2 u=23/3 r=2 m1lb=0.0145224923297517790452060576516 Bidx=101 (saturated to Bidx -> idx=1)
SATFIX u=-23/3 - saturation at <=100 ENLARGED the lattice (old boxes ran on a sublattice)
SATFIXBOX u=-23/3
SATCERT u=-23/3 r=2 Rsub=5.09465842278562332740832645895 Teff=0.0258050990437534549475491030498 ub=4.49536234276926280567427507277 B=92 Bidx=100 (idx=1)
SATFIX u=23/16 - saturation at <=100 ENLARGED the lattice (old boxes ran on a sublattice)
SATFIXBOX u=23/16
SATCERT2 u=23/16 r=2 m1lb=0.0184095040409501822531215536185 Bidx=101 (saturated to Bidx -> idx=1)
SATFIX u=25 - saturation at <=100 ENLARGED the lattice (old boxes ran on a sublattice)
SATFIXBOX u=25
SATCERT2 u=25 r=2 m1lb=0.0225371648590716766114559930042 Bidx=123 (saturated to Bidx -> idx=1)
SATFIX u=25/4 - saturation at <=100 ENLARGED the lattice (old boxes ran on a sublattice)
SATFIXBOX u=25/4
SATCERT2 u=25/4 r=3 m1lb=0.105268790025451868460311244732 Bidx=299 (saturated to Bidx -> idx=1)
SATFIX u=25/7 - saturation at <=100 ENLARGED the lattice (old boxes ran on a sublattice)
SATFIXBOX u=25/7
SATCERT2 u=25/7 r=2 m1lb=0.0201899975833886858600708318394 Bidx=191 (saturated to Bidx -> idx=1)
SATFIX u=-27 - saturation at <=100 ENLARGED the lattice (old boxes ran on a sublattice)
SATFIXBOX u=-27
SATCERT2 u=-27 r=2 m1lb=0.0145224923297517790452060576516 Bidx=101 (saturated to Bidx -> idx=1)
SATFIX u=-27/16 - saturation at <=100 ENLARGED the lattice (old boxes ran on a sublattice)
SATFIXBOX u=-27/16
SATCERT2 u=-27/16 r=3 m1lb=0.112147147302750223511726751192 Bidx=299 (saturated to Bidx -> idx=1)
SATFIX u=27/25 - saturation at <=100 ENLARGED the lattice (old boxes ran on a sublattice)
SATFIXBOX u=27/25
SATCERT2 u=27/25 r=2 m1lb=0.0225371648590716766114559930042 Bidx=123 (saturated to Bidx -> idx=1)
SATFIX u=-27/5 - saturation at <=100 ENLARGED the lattice (old boxes ran on a sublattice)
SATFIXBOX u=-27/5
SATCERT2 u=-27/5 r=2 m1lb=0.0145224923297517790452060576516 Bidx=101 (saturated to Bidx -> idx=1)
SATFIX u=-27/4 - saturation at <=100 ENLARGED the lattice (old boxes ran on a sublattice)
SATFIXBOX u=-27/4
SATCERT2 u=-27/4 r=3 m1lb=0.0852113095084886817405517197625 Bidx=299 (saturated to Bidx -> idx=1)
SATFIX u=27/11 - saturation at <=100 ENLARGED the lattice (old boxes ran on a sublattice)
SATFIXBOX u=27/11
SATCERT2 u=27/11 r=2 m1lb=0.0225371648590716766114559930042 Bidx=123 (saturated to Bidx -> idx=1)
SATFIX u=27/7 - saturation at <=100 ENLARGED the lattice (old boxes ran on a sublattice)
SATFIXBOX u=27/7
SATCERT2 u=27/7 r=2 m1lb=0.0145224923297517790452060576516 Bidx=101 (saturated to Bidx -> idx=1)
SATFIX u=28 - saturation at <=100 ENLARGED the lattice (old boxes ran on a sublattice)
SATFIXBOX u=28
SATCERT2 u=28 r=2 m1lb=0.0272787669232251366020441978284 Bidx=124 (saturated to Bidx -> idx=1)
SATFIX u=31/5 - saturation at <=100 ENLARGED the lattice (old boxes ran on a sublattice)
SATFIXBOX u=31/5
SATCERT2 u=31/5 r=3 m1lb=0.0808257394400461248901803557157 Bidx=299 (saturated to Bidx -> idx=1)
SATFIX u=31/6 - saturation at <=100 ENLARGED the lattice (old boxes ran on a sublattice)
SATFIXBOX u=31/6
SATCERT2 u=31/6 r=2 m1lb=0.0200331708949733596533944681113 Bidx=203 (saturated to Bidx -> idx=1)
SATFIX u=31/7 - saturation at <=100 ENLARGED the lattice (old boxes ran on a sublattice)
SATFIXBOX u=31/7
SATCERT2 u=31/7 r=2 m1lb=0.0145224923297517790452060576516 Bidx=101 (saturated to Bidx -> idx=1)
SATFIX u=33/7 - saturation at <=100 ENLARGED the lattice (old boxes ran on a sublattice)
SATFIXBOX u=33/7
SATCERT2 u=33/7 r=3 m1lb=0.0808257394400461248901803557157 Bidx=299 (saturated to Bidx -> idx=1)
SATFIX u=33/5 - saturation at <=100 ENLARGED the lattice (old boxes ran on a sublattice)
SATFIXBOX u=33/5
SATCERT u=33/5 r=2 Rsub=1.61356447061550007577103152149 Teff=0.0145224923297517790452060576516 ub=6.42560959476721052153802324025 B=627 Bidx=100 (idx=1)
SATFIX u=33/8 - saturation at <=100 ENLARGED the lattice (old boxes ran on a sublattice)
SATFIXBOX u=33/8
SATCERT u=33/8 r=2 Rsub=5.09465842278562332740832645895 Teff=0.0258050990437534549475491030498 ub=4.49536234276926280567427507277 B=92 Bidx=100 (idx=1)
SATFIX u=33/25 - saturation at <=100 ENLARGED the lattice (old boxes ran on a sublattice)
SATFIXBOX u=33/25
SATCERT2 u=33/25 r=2 m1lb=0.0184095040409501822531215536185 Bidx=101 (saturated to Bidx -> idx=1)
SATFIX u=34 - saturation at <=100 ENLARGED the lattice (old boxes ran on a sublattice)
SATFIXBOX u=34
SATCERT2 u=34 r=2 m1lb=0.0200526915314097551113535816394 Bidx=283 (saturated to Bidx -> idx=1)
SATFIX u=-34 - saturation at <=100 ENLARGED the lattice (old boxes ran on a sublattice)
SATFIXBOX u=-34
