Loading "split_lab.m"
SATCERT LANE Sig=5 sg=[ 2, 3, 1 ] fibers=1120 PtsCap=2000000
JOIN fibers=3071
SATVIOLATION u=2 - saturation to 101 ENLARGED the lattice: INVESTIGATE
SATVIOLATION u=-1/3 - saturation to 101 ENLARGED the lattice: INVESTIGATE
SATVIOLATION u=3/2 - saturation to 101 ENLARGED the lattice: INVESTIGATE
SATVIOLATION u=4 - saturation to 101 ENLARGED the lattice: INVESTIGATE
SATVIOLATION u=1/5 - saturation to 101 ENLARGED the lattice: INVESTIGATE
SATVIOLATION u=-5 - saturation to 101 ENLARGED the lattice: INVESTIGATE
SATCERT u=-3/5 r=2 Rsub=10.3716578039501906267443409608 Teff=0.0368190080819003645062431072370 ub=2.66132630438388126753546291315 B=15 Bidx=100 (idx=1)
SATVIOLATION u=6/5 - saturation to 101 ENLARGED the lattice: INVESTIGATE
SATCERT u=-6 r=2 Rsub=47.6175949716800566729947414092 Teff=0.0788917741660449840837802131972 ub=7.87838170411243479776378818773 B=2857 Bidx=100 (idx=1)
SATVIOLATION u=-8 - saturation to 101 ENLARGED the lattice: INVESTIGATE
SATVIOLATION u=9/2 - saturation to 101 ENLARGED the lattice: INVESTIGATE
SATVIOLATION u=-9 - saturation to 101 ENLARGED the lattice: INVESTIGATE
SATVIOLATION u=-9/7 - saturation to 101 ENLARGED the lattice: INVESTIGATE
SATCERT u=-10/3 r=2 Rsub=39.7694806991418672859116183228 Teff=0.0720979563430509105264991798788 ub=8.17481384026682843839225138934 B=3816 Bidx=100 (idx=1)
SATVIOLATION u=11 - saturation to 101 ENLARGED the lattice: INVESTIGATE
SATVIOLATION u=-11/3 - saturation to 101 ENLARGED the lattice: INVESTIGATE
SATVIOLATION u=11/7 - saturation to 101 ENLARGED the lattice: INVESTIGATE
SATCERT u=-12 r=2 Rsub=24.9171772829736846531981709172 Teff=0.0570686258848309494327169287563 ub=11.4704430071751443715458223332 B=101470 Bidx=100 (idx=1)
SATCERT u=12 r=2 Rsub=47.6175949716800566729947414092 Teff=0.0788917741660449840837802131972 ub=7.87838170411243479776378818773 B=2857 Bidx=100 (idx=1)
SATCERT u=-13 r=2 Rsub=47.6175949716800566729947414092 Teff=0.0788917741660449840837802131972 ub=7.87838170411243479776378818773 B=2857 Bidx=100 (idx=1)
SATVIOLATION u=-13/7 - saturation to 101 ENLARGED the lattice: INVESTIGATE
SATVIOLATION u=15 - saturation to 101 ENLARGED the lattice: INVESTIGATE
SATCERT u=-16 r=2 Rsub=24.9171772829736846531981709172 Teff=0.0570686258848309494327169287563 ub=11.4704430071751443715458223332 B=101470 Bidx=100 (idx=1)
SATCERT u=16 r=2 Rsub=108.133125757010046718597948568 Teff=0.118885085125437390802963869409 ub=13.2671440331994348930272782932 B=650847 Bidx=100 (idx=1)
