Loading "split_lab.m"
SATCERT LANE Sig=2 sg=[ 2, 1, 3 ] fibers=1395 PtsCap=2000000
JOIN fibers=4113
SATFIX u=2 - saturation at <=100 ENLARGED the lattice (old boxes ran on a sublattice)
SATFIXBOX u=2
SATCERT2 u=2 r=2 m1lb=0.0145224923297517790452060576516 Bidx=101 (saturated to Bidx -> idx=1)
SATFIX u=3/2 - saturation at <=100 ENLARGED the lattice (old boxes ran on a sublattice)
SATFIXBOX u=3/2
SATCERT2 u=3/2 r=2 m1lb=0.0145224923297517790452060576516 Bidx=101 (saturated to Bidx -> idx=1)
SATFIX u=-1/3 - saturation at <=100 ENLARGED the lattice (old boxes ran on a sublattice)
SATFIXBOX u=-1/3
SATCERT2 u=-1/3 r=2 m1lb=0.0184095040409501822531215536185 Bidx=101 (saturated to Bidx -> idx=1)
SATFIX u=4 - saturation at <=100 ENLARGED the lattice (old boxes ran on a sublattice)
SATFIXBOX u=4
SATCERT u=4 r=2 Rsub=1.61356447061550007577103152149 Teff=0.0145224923297517790452060576516 ub=6.42560959476721052153802324025 B=627 Bidx=100 (idx=1)
SATFIX u=-5 - saturation at <=100 ENLARGED the lattice (old boxes ran on a sublattice)
SATFIXBOX u=-5
SATCERT2 u=-5 r=2 m1lb=0.0145224923297517790452060576516 Bidx=101 (saturated to Bidx -> idx=1)
SATFIX u=-3/5 - saturation at <=100 ENLARGED the lattice (old boxes ran on a sublattice)
SATFIXBOX u=-3/5
SATCERT2 u=-3/5 r=2 m1lb=0.0184095040409501822531215536185 Bidx=101 (saturated to Bidx -> idx=1)
SATFIX u=-6 - saturation at <=100 ENLARGED the lattice (old boxes ran on a sublattice)
SATFIXBOX u=-6
SATCERT2 u=-6 r=2 m1lb=0.0394458870830224920418901065986 Bidx=101 (saturated to Bidx -> idx=1)
SATFIX u=-9/7 - saturation at <=100 ENLARGED the lattice (old boxes ran on a sublattice)
SATFIXBOX u=-9/7
SATCERT2 u=-9/7 r=2 m1lb=0.0274802980071787974919546178954 Bidx=101 (saturated to Bidx -> idx=1)
SATFIX u=-9 - saturation at <=100 ENLARGED the lattice (old boxes ran on a sublattice)
SATFIXBOX u=-9
SATCERT2 u=-9 r=2 m1lb=0.0145224923297517790452060576516 Bidx=101 (saturated to Bidx -> idx=1)
SATFIX u=9/2 - saturation at <=100 ENLARGED the lattice (old boxes ran on a sublattice)
SATFIXBOX u=9/2
SATCERT2 u=9/2 r=2 m1lb=0.0145224923297517790452060576516 Bidx=101 (saturated to Bidx -> idx=1)
SATFIX u=-10 - saturation at <=100 ENLARGED the lattice (old boxes ran on a sublattice)
SATFIXBOX u=-10
SATCERT2 u=-10 r=2 m1lb=0.0500012803630353807375436341428 Bidx=120 (saturated to Bidx -> idx=1)
SATFIX u=-10/3 - saturation at <=100 ENLARGED the lattice (old boxes ran on a sublattice)
SATFIXBOX u=-10/3
SATCERT u=-10/3 r=2 Rsub=9.94237017478546682147790458075 Teff=0.0360489781715254552632495899395 ub=8.17481384026682843839225138934 B=3681 Bidx=100 (idx=1)
SATFIX u=-11/5 - saturation at <=100 ENLARGED the lattice (old boxes ran on a sublattice)
SATFIXBOX u=-11/5
SATCERT2 u=-11/5 r=2 m1lb=0.0184095040409501822531215536185 Bidx=101 (saturated to Bidx -> idx=1)
SATFIX u=11/7 - saturation at <=100 ENLARGED the lattice (old boxes ran on a sublattice)
SATFIXBOX u=11/7
SATCERT2 u=11/7 r=2 m1lb=0.0258050990437534549475491030498 Bidx=101 (saturated to Bidx -> idx=1)
SATFIX u=-11/3 - saturation at <=100 ENLARGED the lattice (old boxes ran on a sublattice)
SATFIXBOX u=-11/3
SATCERT u=-11/3 r=2 Rsub=6.28725967457751629127321364674 Teff=0.0286667654740555670936419167939 ub=9.87956306868084872347682035660 B=20096 Bidx=100 (idx=1)
SATFIX u=11 - saturation at <=100 ENLARGED the lattice (old boxes ran on a sublattice)
SATFIXBOX u=11
SATCERT2 u=11 r=2 m1lb=0.0145224923297517790452060576516 Bidx=101 (saturated to Bidx -> idx=1)
SATFIX u=-12 - saturation at <=100 ENLARGED the lattice (old boxes ran on a sublattice)
SATFIXBOX u=-12
SATCERT2 u=-12 r=2 m1lb=0.0285343129424154747163584643782 Bidx=101 (saturated to Bidx -> idx=1)
SATFIX u=12 - saturation at <=100 ENLARGED the lattice (old boxes ran on a sublattice)
SATFIXBOX u=12
SATCERT2 u=12 r=2 m1lb=0.0394458870830224920418901065986 Bidx=101 (saturated to Bidx -> idx=1)
SATFIX u=-13 - saturation at <=100 ENLARGED the lattice (old boxes ran on a sublattice)
SATFIXBOX u=-13
SATCERT2 u=-13 r=2 m1lb=0.0394458870830224920418901065986 Bidx=101 (saturated to Bidx -> idx=1)
SATFIX u=14 - saturation at <=100 ENLARGED the lattice (old boxes ran on a sublattice)
SATFIXBOX u=14
SATCERT2 u=14 r=2 m1lb=0.0500268565704457021842603109864 Bidx=127 (saturated to Bidx -> idx=1)
SATFIX u=15 - saturation at <=100 ENLARGED the lattice (old boxes ran on a sublattice)
SATFIXBOX u=15
SATCERT2 u=15 r=2 m1lb=0.0145224923297517790452060576516 Bidx=101 (saturated to Bidx -> idx=1)
SATFIX u=15/8 - saturation at <=100 ENLARGED the lattice (old boxes ran on a sublattice)
SATFIXBOX u=15/8
SATCERT u=15/8 r=2 Rsub=6.28725967457751629127321364674 Teff=0.0286667654740555670936419167939 ub=9.87956306868084872347682035660 B=20096 Bidx=100 (idx=1)
SATFIX u=-16 - saturation at <=100 ENLARGED the lattice (old boxes ran on a sublattice)
SATFIXBOX u=-16
SATCERT2 u=-16 r=2 m1lb=0.0285343129424154747163584643781 Bidx=101 (saturated to Bidx -> idx=1)
SATFIX u=-16/5 - saturation at <=100 ENLARGED the lattice (old boxes ran on a sublattice)
SATFIXBOX u=-16/5
SATCERT2 u=-16/5 r=2 m1lb=0.0387212964945497990655698845807 Bidx=101 (saturated to Bidx -> idx=1)
SATFIX u=18 - saturation at <=100 ENLARGED the lattice (old boxes ran on a sublattice)
SATFIXBOX u=18
SATCERT2 u=18 r=2 m1lb=0.0285343129424154747163584643782 Bidx=101 (saturated to Bidx -> idx=1)
SATFIX u=-19/13 - saturation at <=100 ENLARGED the lattice (old boxes ran on a sublattice)
SATFIXBOX u=-19/13
SATCERT2 u=-19/13 r=3 m1lb=0.0501332878764736478628326773353 Bidx=942 (saturated to Bidx -> idx=1)
SATFIX u=-19/9 - saturation at <=100 ENLARGED the lattice (old boxes ran on a sublattice)
SATFIXBOX u=-19/9
SATCERT2 u=-19/9 r=2 m1lb=0.0184095040409501822531215536185 Bidx=101 (saturated to Bidx -> idx=1)
SATFIX u=15/19 - saturation at <=100 ENLARGED the lattice (old boxes ran on a sublattice)
SATFIXBOX u=15/19
SATCERT2 u=15/19 r=2 m1lb=0.0309961820105841591654796840760 Bidx=101 (saturated to Bidx -> idx=1)
SATFIX u=-19/6 - saturation at <=100 ENLARGED the lattice (old boxes ran on a sublattice)
SATFIXBOX u=-19/6
SATCERT2 u=-19/6 r=2 m1lb=0.0387318849345922939121417198258 Bidx=101 (saturated to Bidx -> idx=1)
SATFIX u=19/3 - saturation at <=100 ENLARGED the lattice (old boxes ran on a sublattice)
SATFIXBOX u=19/3
SATCERT2 u=19/3 r=2 m1lb=0.0184095040409501822531215536185 Bidx=101 (saturated to Bidx -> idx=1)
SATFIX u=19 - saturation at <=100 ENLARGED the lattice (old boxes ran on a sublattice)
SATFIXBOX u=19
SATCERT2 u=19 r=2 m1lb=0.0394458870830224920418901065986 Bidx=101 (saturated to Bidx -> idx=1)
SATFIX u=-22/3 - saturation at <=100 ENLARGED the lattice (old boxes ran on a sublattice)
SATFIXBOX u=-22/3
SATCERT u=-22/3 r=2 Rsub=9.94237017478546682147790458071 Teff=0.0360489781715254552632495899394 ub=8.17481384026682843839225138934 B=3681 Bidx=100 (idx=1)
SATFIX u=-22 - saturation at <=100 ENLARGED the lattice (old boxes ran on a sublattice)
SATFIXBOX u=-22
SATCERT2 u=-22 r=2 m1lb=0.0500004664880736734386116212309 Bidx=103 (saturated to Bidx -> idx=1)
SATFIX u=22 - saturation at <=100 ENLARGED the lattice (old boxes ran on a sublattice)
SATFIXBOX u=22
SATCERT u=22 r=2 Rsub=6.22929432074342116329954272931 Teff=0.0285343129424154747163584643781 ub=11.4704430071751443715458223332 B=98615 Bidx=100 (idx=1)
SATFIX u=-23 - saturation at <=100 ENLARGED the lattice (old boxes ran on a sublattice)
SATFIXBOX u=-23
SATCERT2 u=-23 r=2 m1lb=0.0145224923297517790452060576516 Bidx=101 (saturated to Bidx -> idx=1)
SATFIX u=-23/3 - saturation at <=100 ENLARGED the lattice (old boxes ran on a sublattice)
SATFIXBOX u=-23/3
SATCERT u=-23/3 r=2 Rsub=6.28725967457751629127321364674 Teff=0.0286667654740555670936419167939 ub=9.87956306868084872347682035660 B=20096 Bidx=100 (idx=1)
SATFIX u=15/23 - saturation at <=100 ENLARGED the lattice (old boxes ran on a sublattice)
SATFIXBOX u=15/23
SATCERT2 u=15/23 r=2 m1lb=0.0184095040409501822531215536185 Bidx=101 (saturated to Bidx -> idx=1)
SATFIX u=7/23 - saturation at <=100 ENLARGED the lattice (old boxes ran on a sublattice)
SATFIXBOX u=7/23
SATCERT2 u=7/23 r=2 m1lb=0.0335818134027336079341967170280 Bidx=101 (saturated to Bidx -> idx=1)
SATFIX u=24/5 - saturation at <=100 ENLARGED the lattice (old boxes ran on a sublattice)
SATFIXBOX u=24/5
SATCERT u=24/5 r=2 Rsub=6.28725967457751629127321364674 Teff=0.0286667654740555670936419167939 ub=9.87956306868084872347682035660 B=20096 Bidx=100 (idx=1)
SATFIX u=-25/2 - saturation at <=100 ENLARGED the lattice (old boxes ran on a sublattice)
SATFIXBOX u=-25/2
DRIVER: crash/kill at fiber 40 (rc=137), retrying once fresh
Loading "split_lab.m"
SATCERT LANE Sig=2 sg=[ 2, 1, 3 ] fibers=1395 PtsCap=2000000
JOIN fibers=4113
SATFIX u=-25/2 - saturation at <=100 ENLARGED the lattice (old boxes ran on a sublattice)
SATFIXBOX u=-25/2
SATCERT u=-25/2 r=2 Rsub=14.9364846403211131377152759701 Teff=0.0441847287116773577309116029066 ub=15.3595119049600852240237291034 B=4894862 Bidx=100 (idx=1)
SATFIX u=-25/3 - saturation at <=100 ENLARGED the lattice (old boxes ran on a sublattice)
SATFIXBOX u=-25/3
SATCERT2 u=-25/3 r=3 m1lb=0.0500295283034354979834449391570 Bidx=615 (saturated to Bidx -> idx=1)
SATFIX u=-27/5 - saturation at <=100 ENLARGED the lattice (old boxes ran on a sublattice)
SATFIXBOX u=-27/5
SATCERT u=-27/5 r=2 Rsub=5.09465842278562332740832645895 Teff=0.0258050990437534549475491030498 ub=4.49536234276926280567427507277 B=92 Bidx=100 (idx=1)
SATFIX u=28/3 - saturation at <=100 ENLARGED the lattice (old boxes ran on a sublattice)
SATFIXBOX u=28/3
SATCERT2 u=28/3 r=2 m1lb=0.0360489781715254552632495899393 Bidx=101 (saturated to Bidx -> idx=1)
SATFIX u=28 - saturation at <=100 ENLARGED the lattice (old boxes ran on a sublattice)
SATFIXBOX u=28
SATCERT2 u=28 r=2 m1lb=0.0500004664880736734386116212309 Bidx=103 (saturated to Bidx -> idx=1)
SATFIX u=29/5 - saturation at <=100 ENLARGED the lattice (old boxes ran on a sublattice)
SATFIXBOX u=29/5
SATCERT2 u=29/5 r=2 m1lb=0.0274802980071787974919546178952 Bidx=101 (saturated to Bidx -> idx=1)
SATFIX u=29/3 - saturation at <=100 ENLARGED the lattice (old boxes ran on a sublattice)
SATFIXBOX u=29/3
SATCERT2 u=29/3 r=2 m1lb=0.0286667654740555670936419167938 Bidx=101 (saturated to Bidx -> idx=1)
SATFIX u=29 - saturation at <=100 ENLARGED the lattice (old boxes ran on a sublattice)
SATFIXBOX u=29
SATCERT2 u=29 r=2 m1lb=0.0145224923297517790452060576516 Bidx=101 (saturated to Bidx -> idx=1)
SATFIX u=31/7 - saturation at <=100 ENLARGED the lattice (old boxes ran on a sublattice)
SATFIXBOX u=31/7
SATCERT2 u=31/7 r=2 m1lb=0.0258050990437534549475491030498 Bidx=101 (saturated to Bidx -> idx=1)
SATFIX u=32 - saturation at <=100 ENLARGED the lattice (old boxes ran on a sublattice)
SATFIXBOX u=32
SATCERT2 u=32 r=2 m1lb=0.0500001163920565606724747436734 Bidx=135 (saturated to Bidx -> idx=1)
SATFIX u=-33/5 - saturation at <=100 ENLARGED the lattice (old boxes ran on a sublattice)
SATFIXBOX u=-33/5
SATCERT2 u=-33/5 r=2 m1lb=0.0347033415013988142268463357769 Bidx=101 (saturated to Bidx -> idx=1)
SATFIX u=33/5 - saturation at <=100 ENLARGED the lattice (old boxes ran on a sublattice)
SATFIXBOX u=33/5
SATCERT2 u=33/5 r=2 m1lb=0.0184095040409501822531215536185 Bidx=101 (saturated to Bidx -> idx=1)
SATFIX u=33/17 - saturation at <=100 ENLARGED the lattice (old boxes ran on a sublattice)
SATFIXBOX u=33/17
SATCERT2 u=33/17 r=3 m1lb=0.0500295283034354979834449391570 Bidx=615 (saturated to Bidx -> idx=1)
SATFIX u=33/13 - saturation at <=100 ENLARGED the lattice (old boxes ran on a sublattice)
SATFIXBOX u=33/13
SATCERT2 u=33/13 r=2 m1lb=0.0145224923297517790452060576516 Bidx=101 (saturated to Bidx -> idx=1)
SATFIX u=-34 - saturation at <=100 ENLARGED the lattice (old boxes ran on a sublattice)
SATFIXBOX u=-34
SATOPENB u=-34 r=2 Rsub=31.5646203719382737734861789491 T=0.0642315318740365542484894488077 ub=18.7043498947109156915757921524 Bfull=139608117.476003171516933106827 (Teff<=0; plain saturation pushed to 20000: ok)
SATFIX u=-35 - saturation at <=100 ENLARGED the lattice (old boxes ran on a sublattice)
SATFIXBOX u=-35
SATCERT2 u=-35 r=2 m1lb=0.0490300689848238739410257910687 Bidx=101 (saturated to Bidx -> idx=1)
SATFIX u=-36/5 - saturation at <=100 ENLARGED the lattice (old boxes ran on a sublattice)
SATFIXBOX u=-36/5
SATCERT u=-36/5 r=2 Rsub=11.4710663410757484892355361579 Teff=0.0387212964945497990655698845807 ub=14.7053425773863752765774346792 B=2530846 Bidx=100 (idx=1)
SATFIX u=-37/3 - saturation at <=100 ENLARGED the lattice (old boxes ran on a sublattice)
SATFIXBOX u=-37/3
SATCERT2 u=-37/3 r=3 m1lb=0.0500295283034354979834449391570 Bidx=615 (saturated to Bidx -> idx=1)
SATFIX u=37/2 - saturation at <=100 ENLARGED the lattice (old boxes ran on a sublattice)
SATFIXBOX u=37/2
SATCERT2 u=37/2 r=2 m1lb=0.0441847287116773577309116029068 Bidx=101 (saturated to Bidx -> idx=1)
SATFIX u=29/37 - saturation at <=100 ENLARGED the lattice (old boxes ran on a sublattice)
SATFIXBOX u=29/37
SATCERT2 u=29/37 r=4 m1lb=0.0500132633913346207310034869563 Bidx=8890 (saturated to Bidx -> idx=1)
SATFIX u=40/3 - saturation at <=100 ENLARGED the lattice (old boxes ran on a sublattice)
SATFIXBOX u=40/3
SATCERT u=40/3 r=2 Rsub=9.94237017478546682147790458075 Teff=0.0360489781715254552632495899395 ub=8.17481384026682843839225138934 B=3681 Bidx=100 (idx=1)
SATFIX u=41/3 - saturation at <=100 ENLARGED the lattice (old boxes ran on a sublattice)
SATFIXBOX u=41/3
SATCERT u=41/3 r=2 Rsub=6.28725967457751629127321364674 Teff=0.0286667654740555670936419167939 ub=9.87956306868084872347682035660 B=20096 Bidx=100 (idx=1)
SATFIX u=-23/41 - saturation at <=100 ENLARGED the lattice (old boxes ran on a sublattice)
SATFIXBOX u=-23/41
SATCERT u=-23/41 r=2 Rsub=8.62804296797610417478529406030 Teff=0.0335818134027336079341967170281 ub=4.76021297585882085764565673669 B=121 Bidx=100 (idx=1)
SATFIX u=43/3 - saturation at <=100 ENLARGED the lattice (old boxes ran on a sublattice)
SATFIXBOX u=43/3
SATCERT2 u=43/3 r=3 m1lb=0.0500295283034354979834449391570 Bidx=615 (saturated to Bidx -> idx=1)
SATFIX u=43/19 - saturation at <=100 ENLARGED the lattice (old boxes ran on a sublattice)
SATFIXBOX u=43/19
SATCERT u=43/19 r=2 Rsub=5.09465842278562332740832645897 Teff=0.0258050990437534549475491030499 ub=4.49536234276926280567427507277 B=92 Bidx=100 (idx=1)
SATFIX u=-43/13 - saturation at <=100 ENLARGED the lattice (old boxes ran on a sublattice)
SATFIXBOX u=-43/13
SATCERT2 u=-43/13 r=2 m1lb=0.0145224923297517790452060576516 Bidx=101 (saturated to Bidx -> idx=1)
SATFIX u=45/41 - saturation at <=100 ENLARGED the lattice (old boxes ran on a sublattice)
SATFIXBOX u=45/41
SATCERT2 u=45/41 r=2 m1lb=0.0145224923297517790452060576516 Bidx=101 (saturated to Bidx -> idx=1)
SATFIX u=45/13 - saturation at <=100 ENLARGED the lattice (old boxes ran on a sublattice)
SATFIXBOX u=45/13
SATCERT2 u=45/13 r=2 m1lb=0.0145224923297517790452060576516 Bidx=101 (saturated to Bidx -> idx=1)
SATFIX u=46/5 - saturation at <=100 ENLARGED the lattice (old boxes ran on a sublattice)
SATFIXBOX u=46/5
