Loading "split_lab.m"
SATCERT LANE Sig=4 sg=[ 1, 3, 2 ] fibers=1018 PtsCap=2000000
JOIN fibers=5167
SATFIX u=-1/2 - saturation at <=100 ENLARGED the lattice (old boxes ran on a sublattice)
SATFIXBOX u=-1/2
SATCERT2 u=-1/2 r=2 m1lb=0.0200293886991641109539565461490 Bidx=198 (saturated to Bidx -> idx=1)
SATFIX u=1/3 - saturation at <=100 ENLARGED the lattice (old boxes ran on a sublattice)
SATFIXBOX u=1/3
SATCERT2 u=1/3 r=2 m1lb=0.0145224923297517790452060576516 Bidx=101 (saturated to Bidx -> idx=1)
SATFIX u=-3/2 - saturation at <=100 ENLARGED the lattice (old boxes ran on a sublattice)
SATFIXBOX u=-3/2
SATCERT u=-3/2 r=2 Rsub=5.09465842278562332740832645897 Teff=0.0258050990437534549475491030499 ub=4.49536234276926280567427507277 B=92 Bidx=100 (idx=1)
SATFIX u=4 - saturation at <=100 ENLARGED the lattice (old boxes ran on a sublattice)
SATFIXBOX u=4
SATCERT2 u=4 r=2 m1lb=0.0184095040409501822531215536185 Bidx=101 (saturated to Bidx -> idx=1)
SATFIX u=-1/4 - saturation at <=100 ENLARGED the lattice (old boxes ran on a sublattice)
SATFIXBOX u=-1/4
SATCERT2 u=-1/4 r=3 m1lb=0.105268790025451868460311244732 Bidx=299 (saturated to Bidx -> idx=1)
SATFIX u=-4 - saturation at <=100 ENLARGED the lattice (old boxes ran on a sublattice)
SATFIXBOX u=-4
SATCERT2 u=-4 r=2 m1lb=0.0184095040409501822531215536185 Bidx=101 (saturated to Bidx -> idx=1)
SATFIX u=-5/3 - saturation at <=100 ENLARGED the lattice (old boxes ran on a sublattice)
SATFIXBOX u=-5/3
SATCERT2 u=-5/3 r=2 m1lb=0.0145224923297517790452060576516 Bidx=101 (saturated to Bidx -> idx=1)
SATFIX u=-3/5 - saturation at <=100 ENLARGED the lattice (old boxes ran on a sublattice)
SATFIXBOX u=-3/5
SATCERT2 u=-3/5 r=2 m1lb=0.0145224923297517790452060576516 Bidx=101 (saturated to Bidx -> idx=1)
SATFIX u=5/2 - saturation at <=100 ENLARGED the lattice (old boxes ran on a sublattice)
SATFIXBOX u=5/2
SATCERT2 u=5/2 r=2 m1lb=0.0206807268473553595160865250069 Bidx=239 (saturated to Bidx -> idx=1)
SATFIX u=-1/5 - saturation at <=100 ENLARGED the lattice (old boxes ran on a sublattice)
SATFIXBOX u=-1/5
SATCERT2 u=-1/5 r=3 m1lb=0.0808257394400461248901803557157 Bidx=299 (saturated to Bidx -> idx=1)
SATFIX u=5/6 - saturation at <=100 ENLARGED the lattice (old boxes ran on a sublattice)
SATFIXBOX u=5/6
SATCERT2 u=5/6 r=2 m1lb=0.0200331708949733596533944681113 Bidx=203 (saturated to Bidx -> idx=1)
SATFIX u=-6 - saturation at <=100 ENLARGED the lattice (old boxes ran on a sublattice)
SATFIXBOX u=-6
SATCERT2 u=-6 r=2 m1lb=0.0225371648590716766114559930042 Bidx=123 (saturated to Bidx -> idx=1)
SATFIX u=-7/2 - saturation at <=100 ENLARGED the lattice (old boxes ran on a sublattice)
SATFIXBOX u=-7/2
SATCERT2 u=-7/2 r=3 m1lb=0.111339470626421047758110113389 Bidx=293 (saturated to Bidx -> idx=1)
SATFIX u=-5/7 - saturation at <=100 ENLARGED the lattice (old boxes ran on a sublattice)
SATFIXBOX u=-5/7
SATCERT2 u=-5/7 r=3 m1lb=0.0808257394400461248901803557157 Bidx=299 (saturated to Bidx -> idx=1)
SATFIX u=1/8 - saturation at <=100 ENLARGED the lattice (old boxes ran on a sublattice)
SATFIXBOX u=1/8
SATCERT2 u=1/8 r=2 m1lb=0.0200331708949733596533944681113 Bidx=203 (saturated to Bidx -> idx=1)
SATFIX u=-9 - saturation at <=100 ENLARGED the lattice (old boxes ran on a sublattice)
SATFIXBOX u=-9
SATCERT2 u=-9 r=2 m1lb=0.0184095040409501822531215536185 Bidx=101 (saturated to Bidx -> idx=1)
SATFIX u=10 - saturation at <=100 ENLARGED the lattice (old boxes ran on a sublattice)
SATFIXBOX u=10
SATCERT2 u=10 r=3 m1lb=0.0808257394400461248901803557157 Bidx=299 (saturated to Bidx -> idx=1)
SATFIX u=-10 - saturation at <=100 ENLARGED the lattice (old boxes ran on a sublattice)
SATFIXBOX u=-10
SATCERT2 u=-10 r=2 m1lb=0.0201190763878768826112326038175 Bidx=200 (saturated to Bidx -> idx=1)
SATFIX u=-11/9 - saturation at <=100 ENLARGED the lattice (old boxes ran on a sublattice)
SATFIXBOX u=-11/9
SATCERT2 u=-11/9 r=2 m1lb=0.0201899975833886858600708318394 Bidx=191 (saturated to Bidx -> idx=1)
SATFIX u=-11 - saturation at <=100 ENLARGED the lattice (old boxes ran on a sublattice)
SATFIXBOX u=-11
SATCERT2 u=-11 r=2 m1lb=0.0184095040409501822531215536185 Bidx=101 (saturated to Bidx -> idx=1)
SATFIX u=11/7 - saturation at <=100 ENLARGED the lattice (old boxes ran on a sublattice)
SATFIXBOX u=11/7
SATCERT u=11/7 r=2 Rsub=1.61356447061550007577103152149 Teff=0.0145224923297517790452060576516 ub=6.42560959476721052153802324025 B=627 Bidx=100 (idx=1)
SATFIX u=-11/2 - saturation at <=100 ENLARGED the lattice (old boxes ran on a sublattice)
SATFIXBOX u=-11/2
SATCERT2 u=-11/2 r=3 m1lb=0.107730779659810091498672506841 Bidx=299 (saturated to Bidx -> idx=1)
SATFIX u=11/5 - saturation at <=100 ENLARGED the lattice (old boxes ran on a sublattice)
SATFIXBOX u=11/5
SATCERT2 u=11/5 r=3 m1lb=0.0808257394400461248901803557157 Bidx=299 (saturated to Bidx -> idx=1)
SATFIX u=-3/13 - saturation at <=100 ENLARGED the lattice (old boxes ran on a sublattice)
SATFIXBOX u=-3/13
SATCERT2 u=-3/13 r=2 m1lb=0.0200016473659333441254583137663 Bidx=144 (saturated to Bidx -> idx=1)
SATFIX u=13/4 - saturation at <=100 ENLARGED the lattice (old boxes ran on a sublattice)
SATFIXBOX u=13/4
SATCERT2 u=13/4 r=2 m1lb=0.0184095040409501822531215536185 Bidx=101 (saturated to Bidx -> idx=1)
SATFIX u=3/13 - saturation at <=100 ENLARGED the lattice (old boxes ran on a sublattice)
SATFIXBOX u=3/13
SATCERT2 u=3/13 r=3 m1lb=0.0852113095084886817405517197625 Bidx=299 (saturated to Bidx -> idx=1)
SATFIX u=-13/2 - saturation at <=100 ENLARGED the lattice (old boxes ran on a sublattice)
SATFIXBOX u=-13/2
SATCERT2 u=-13/2 r=2 m1lb=0.0200662967218676552635932059892 Bidx=286 (saturated to Bidx -> idx=1)
SATFIX u=-11/13 - saturation at <=100 ENLARGED the lattice (old boxes ran on a sublattice)
SATFIXBOX u=-11/13
SATCERT2 u=-11/13 r=2 m1lb=0.0200168590242622601899278457290 Bidx=144 (saturated to Bidx -> idx=1)
SATFIX u=-13/4 - saturation at <=100 ENLARGED the lattice (old boxes ran on a sublattice)
SATFIXBOX u=-13/4
SATCERT2 u=-13/4 r=2 m1lb=0.0225371648590716766114559930042 Bidx=123 (saturated to Bidx -> idx=1)
SATFIX u=9/13 - saturation at <=100 ENLARGED the lattice (old boxes ran on a sublattice)
SATFIXBOX u=9/13
SATCERT2 u=9/13 r=3 m1lb=0.0808257394400461248901803557157 Bidx=299 (saturated to Bidx -> idx=1)
SATFIX u=13/8 - saturation at <=100 ENLARGED the lattice (old boxes ran on a sublattice)
SATFIXBOX u=13/8
SATCERT2 u=13/8 r=3 m1lb=0.0798149219767845914638651045465 Bidx=299 (saturated to Bidx -> idx=1)
SATFIX u=13/5 - saturation at <=100 ENLARGED the lattice (old boxes ran on a sublattice)
SATFIXBOX u=13/5
SATCERT2 u=13/5 r=2 m1lb=0.0145224923297517790452060576516 Bidx=101 (saturated to Bidx -> idx=1)
SATFIX u=13/2 - saturation at <=100 ENLARGED the lattice (old boxes ran on a sublattice)
SATFIXBOX u=13/2
SATCERT2 u=13/2 r=2 m1lb=0.0201325407712199053223669068145 Bidx=198 (saturated to Bidx -> idx=1)
SATFIX u=15/8 - saturation at <=100 ENLARGED the lattice (old boxes ran on a sublattice)
SATFIXBOX u=15/8
SATCERT u=15/8 r=2 Rsub=5.09465842278562332740832645895 Teff=0.0258050990437534549475491030498 ub=4.49536234276926280567427507277 B=92 Bidx=100 (idx=1)
SATFIX u=15/2 - saturation at <=100 ENLARGED the lattice (old boxes ran on a sublattice)
SATFIXBOX u=15/2
SATCERT2 u=15/2 r=2 m1lb=0.0145224923297517790452060576516 Bidx=101 (saturated to Bidx -> idx=1)
SATFIX u=15/7 - saturation at <=100 ENLARGED the lattice (old boxes ran on a sublattice)
SATFIXBOX u=15/7
SATCERT2 u=15/7 r=2 m1lb=0.0145224923297517790452060576516 Bidx=101 (saturated to Bidx -> idx=1)
SATFIX u=-16 - saturation at <=100 ENLARGED the lattice (old boxes ran on a sublattice)
SATFIXBOX u=-16
SATCERT2 u=-16 r=2 m1lb=0.0200180392856208515034390121361 Bidx=234 (saturated to Bidx -> idx=1)
SATFIX u=16 - saturation at <=100 ENLARGED the lattice (old boxes ran on a sublattice)
SATFIXBOX u=16
SATCERT2 u=16 r=3 m1lb=0.130005787892110041678257019521 Bidx=299 (saturated to Bidx -> idx=1)
SATFIX u=-17/7 - saturation at <=100 ENLARGED the lattice (old boxes ran on a sublattice)
SATFIXBOX u=-17/7
SATCERT2 u=-17/7 r=2 m1lb=0.0200168590242622601899278457290 Bidx=144 (saturated to Bidx -> idx=1)
SATFIX u=-13/17 - saturation at <=100 ENLARGED the lattice (old boxes ran on a sublattice)
SATFIXBOX u=-13/17
SATCERT2 u=-13/17 r=3 m1lb=0.107619193036173695693790234848 Bidx=299 (saturated to Bidx -> idx=1)
SATFIX u=17 - saturation at <=100 ENLARGED the lattice (old boxes ran on a sublattice)
SATFIXBOX u=17
SATCERT2 u=17 r=2 m1lb=0.0145224923297517790452060576516 Bidx=101 (saturated to Bidx -> idx=1)
SATFIX u=17/3 - saturation at <=100 ENLARGED the lattice (old boxes ran on a sublattice)
SATFIXBOX u=17/3
SATCERT u=17/3 r=2 Rsub=5.09465842278562332740832645897 Teff=0.0258050990437534549475491030499 ub=4.49536234276926280567427507277 B=92 Bidx=100 (idx=1)
SATFIX u=-17 - saturation at <=100 ENLARGED the lattice (old boxes ran on a sublattice)
SATFIXBOX u=-17
SATCERT2 u=-17 r=2 m1lb=0.0204739929268607526874766368731 Bidx=295 (saturated to Bidx -> idx=1)
SATFIX u=1/17 - saturation at <=100 ENLARGED the lattice (old boxes ran on a sublattice)
SATFIXBOX u=1/17
SATCERT2 u=1/17 r=2 m1lb=0.0200016473659333441254583137663 Bidx=144 (saturated to Bidx -> idx=1)
SATFIX u=17/13 - saturation at <=100 ENLARGED the lattice (old boxes ran on a sublattice)
SATFIXBOX u=17/13
SATCERT2 u=17/13 r=3 m1lb=0.105268790025451868460311244732 Bidx=299 (saturated to Bidx -> idx=1)
SATFIX u=18 - saturation at <=100 ENLARGED the lattice (old boxes ran on a sublattice)
SATFIXBOX u=18
SATCERT2 u=18 r=3 m1lb=0.0808257394400461248901803557157 Bidx=299 (saturated to Bidx -> idx=1)
SATFIX u=-19/7 - saturation at <=100 ENLARGED the lattice (old boxes ran on a sublattice)
SATFIXBOX u=-19/7
SATCERT2 u=-19/7 r=2 m1lb=0.0145224923297517790452060576516 Bidx=101 (saturated to Bidx -> idx=1)
SATFIX u=-19 - saturation at <=100 ENLARGED the lattice (old boxes ran on a sublattice)
SATFIXBOX u=-19
SATCERT2 u=-19 r=2 m1lb=0.0225371648590716766114559930042 Bidx=123 (saturated to Bidx -> idx=1)
SATFIX u=19/3 - saturation at <=100 ENLARGED the lattice (old boxes ran on a sublattice)
SATFIXBOX u=19/3
SATCERT2 u=19/3 r=2 m1lb=0.0145224923297517790452060576516 Bidx=101 (saturated to Bidx -> idx=1)
SATFIX u=-21/19 - saturation at <=100 ENLARGED the lattice (old boxes ran on a sublattice)
SATFIXBOX u=-21/19
SATCERT2 u=-21/19 r=2 m1lb=0.0200009906495651482799140814569 Bidx=175 (saturated to Bidx -> idx=1)
SATFIX u=21/2 - saturation at <=100 ENLARGED the lattice (old boxes ran on a sublattice)
SATFIXBOX u=21/2
SATCERT2 u=21/2 r=2 m1lb=0.0206807268473553595160865250069 Bidx=239 (saturated to Bidx -> idx=1)
SATFIX u=1/21 - saturation at <=100 ENLARGED the lattice (old boxes ran on a sublattice)
SATFIXBOX u=1/21
SATCERT2 u=1/21 r=3 m1lb=0.0852113095084886817405517197625 Bidx=299 (saturated to Bidx -> idx=1)
SATFIX u=-22 - saturation at <=100 ENLARGED the lattice (old boxes ran on a sublattice)
SATFIXBOX u=-22
SATCERT2 u=-22 r=2 m1lb=0.0272787669232251366020441978284 Bidx=124 (saturated to Bidx -> idx=1)
SATFIX u=22 - saturation at <=100 ENLARGED the lattice (old boxes ran on a sublattice)
SATFIXBOX u=22
SATCERT2 u=22 r=3 m1lb=0.107619193036173695693790234848 Bidx=299 (saturated to Bidx -> idx=1)
SATFIX u=23/13 - saturation at <=100 ENLARGED the lattice (old boxes ran on a sublattice)
SATFIXBOX u=23/13
SATCERT2 u=23/13 r=3 m1lb=0.0852113095084886817405517197625 Bidx=299 (saturated to Bidx -> idx=1)
SATFIX u=-23/5 - saturation at <=100 ENLARGED the lattice (old boxes ran on a sublattice)
SATFIXBOX u=-23/5
SATCERT2 u=-23/5 r=2 m1lb=0.0201050598904591927844065935740 Bidx=199 (saturated to Bidx -> idx=1)
SATFIX u=23/2 - saturation at <=100 ENLARGED the lattice (old boxes ran on a sublattice)
SATFIXBOX u=23/2
SATCERT2 u=23/2 r=2 m1lb=0.0200016115118363391091767354226 Bidx=234 (saturated to Bidx -> idx=1)
SATFIX u=24 - saturation at <=100 ENLARGED the lattice (old boxes ran on a sublattice)
SATFIXBOX u=24
SATCERT2 u=24 r=2 m1lb=0.0201899975833886858600708318394 Bidx=191 (saturated to Bidx -> idx=1)
SATFIX u=24/5 - saturation at <=100 ENLARGED the lattice (old boxes ran on a sublattice)
SATFIXBOX u=24/5
SATCERT2 u=24/5 r=2 m1lb=0.0211837557538197564333622781091 Bidx=147 (saturated to Bidx -> idx=1)
SATFIX u=-3/25 - saturation at <=100 ENLARGED the lattice (old boxes ran on a sublattice)
SATFIXBOX u=-3/25
SATCERT2 u=-3/25 r=2 m1lb=0.0258050990437534549475491030498 Bidx=101 (saturated to Bidx -> idx=1)
SATFIX u=11/25 - saturation at <=100 ENLARGED the lattice (old boxes ran on a sublattice)
SATFIXBOX u=11/25
SATCERT2 u=11/25 r=3 m1lb=0.112147147302750223511726751192 Bidx=299 (saturated to Bidx -> idx=1)
SATFIX u=-23/25 - saturation at <=100 ENLARGED the lattice (old boxes ran on a sublattice)
SATFIXBOX u=-23/25
SATCERT2 u=-23/25 r=2 m1lb=0.0202438506282487935179216496850 Bidx=179 (saturated to Bidx -> idx=1)
SATFIX u=-25/2 - saturation at <=100 ENLARGED the lattice (old boxes ran on a sublattice)
SATFIXBOX u=-25/2
SATCERT2 u=-25/2 r=3 m1lb=0.124387497757128511483763478204 Bidx=299 (saturated to Bidx -> idx=1)
SATFIX u=-25/13 - saturation at <=100 ENLARGED the lattice (old boxes ran on a sublattice)
SATFIXBOX u=-25/13
SATCERT2 u=-25/13 r=3 m1lb=0.0808257394400461248901803557157 Bidx=299 (saturated to Bidx -> idx=1)
SATFIX u=25/2 - saturation at <=100 ENLARGED the lattice (old boxes ran on a sublattice)
SATFIXBOX u=25/2
SATCERT2 u=25/2 r=2 m1lb=0.0200038449639366650858094357263 Bidx=264 (saturated to Bidx -> idx=1)
SATFIX u=25/13 - saturation at <=100 ENLARGED the lattice (old boxes ran on a sublattice)
SATFIXBOX u=25/13
SATCERT2 u=25/13 r=3 m1lb=0.0808257394400461248901803557157 Bidx=299 (saturated to Bidx -> idx=1)
SATFIX u=-25/9 - saturation at <=100 ENLARGED the lattice (old boxes ran on a sublattice)
SATFIXBOX u=-25/9
SATCERT2 u=-25/9 r=3 m1lb=0.0808257394400461248901803557157 Bidx=299 (saturated to Bidx -> idx=1)
SATFIX u=-27/2 - saturation at <=100 ENLARGED the lattice (old boxes ran on a sublattice)
SATFIXBOX u=-27/2
SATCERT2 u=-27/2 r=3 m1lb=0.147494621708099451169168758604 Bidx=299 (saturated to Bidx -> idx=1)
SATFIX u=-5/27 - saturation at <=100 ENLARGED the lattice (old boxes ran on a sublattice)
SATFIXBOX u=-5/27
SATCERT2 u=-5/27 r=2 m1lb=0.0200001910235377793189967070860 Bidx=223 (saturated to Bidx -> idx=1)
SATFIX u=27/4 - saturation at <=100 ENLARGED the lattice (old boxes ran on a sublattice)
SATFIXBOX u=27/4
SATCERT2 u=27/4 r=3 m1lb=0.0808257394400461248901803557157 Bidx=299 (saturated to Bidx -> idx=1)
SATFIX u=7/27 - saturation at <=100 ENLARGED the lattice (old boxes ran on a sublattice)
SATFIXBOX u=7/27
SATCERT2 u=7/27 r=3 m1lb=0.0798149219767845914638651045465 Bidx=299 (saturated to Bidx -> idx=1)
SATFIX u=27/7 - saturation at <=100 ENLARGED the lattice (old boxes ran on a sublattice)
SATFIXBOX u=27/7
SATCERT2 u=27/7 r=2 m1lb=0.0184095040409501822531215536185 Bidx=101 (saturated to Bidx -> idx=1)
SATFIX u=28 - saturation at <=100 ENLARGED the lattice (old boxes ran on a sublattice)
SATFIXBOX u=28
SATCERT2 u=28 r=3 m1lb=0.138884203384724444488658181179 Bidx=299 (saturated to Bidx -> idx=1)
SATFIX u=-28 - saturation at <=100 ENLARGED the lattice (old boxes ran on a sublattice)
SATFIXBOX u=-28
SATCERT2 u=-28 r=2 m1lb=0.0200526915314097551113535816394 Bidx=283 (saturated to Bidx -> idx=1)
SATFIX u=-29 - saturation at <=100 ENLARGED the lattice (old boxes ran on a sublattice)
SATFIXBOX u=-29
SATCERT2 u=-29 r=3 m1lb=0.111339470626421047758110113389 Bidx=293 (saturated to Bidx -> idx=1)
SATFIX u=29 - saturation at <=100 ENLARGED the lattice (old boxes ran on a sublattice)
SATFIXBOX u=29
SATCERT2 u=29 r=2 m1lb=0.0258050990437534549475491030498 Bidx=101 (saturated to Bidx -> idx=1)
SATFIX u=-11/29 - saturation at <=100 ENLARGED the lattice (old boxes ran on a sublattice)
SATFIXBOX u=-11/29
SATCERT2 u=-11/29 r=2 m1lb=0.0200009906495651482799140814569 Bidx=175 (saturated to Bidx -> idx=1)
SATFIX u=29/25 - saturation at <=100 ENLARGED the lattice (old boxes ran on a sublattice)
SATFIXBOX u=29/25
SATCERT2 u=29/25 r=2 m1lb=0.0200331708949733596533944681113 Bidx=203 (saturated to Bidx -> idx=1)
SATFIX u=-29/7 - saturation at <=100 ENLARGED the lattice (old boxes ran on a sublattice)
SATFIXBOX u=-29/7
SATCERT2 u=-29/7 r=2 m1lb=0.0184095040409501822531215536185 Bidx=101 (saturated to Bidx -> idx=1)
SATFIX u=29/9 - saturation at <=100 ENLARGED the lattice (old boxes ran on a sublattice)
SATFIXBOX u=29/9
SATCERT2 u=29/9 r=2 m1lb=0.0184095040409501822531215536185 Bidx=101 (saturated to Bidx -> idx=1)
SATFIX u=7/31 - saturation at <=100 ENLARGED the lattice (old boxes ran on a sublattice)
SATFIXBOX u=7/31
SATCERT2 u=7/31 r=2 m1lb=0.0200004527945391944923066255623 Bidx=207 (saturated to Bidx -> idx=1)
SATFIX u=31/2 - saturation at <=100 ENLARGED the lattice (old boxes ran on a sublattice)
SATFIXBOX u=31/2
SATCERT2 u=31/2 r=2 m1lb=0.0200229846146623771302415282027 Bidx=186 (saturated to Bidx -> idx=1)
SATFIX u=33/14 - saturation at <=100 ENLARGED the lattice (old boxes ran on a sublattice)
SATFIXBOX u=33/14
SATCERT2 u=33/14 r=2 m1lb=0.0200229846146623771302415282027 Bidx=186 (saturated to Bidx -> idx=1)
SATFIX u=33/13 - saturation at <=100 ENLARGED the lattice (old boxes ran on a sublattice)
SATFIXBOX u=33/13
SATCERT u=33/13 r=2 Rsub=5.09465842278562332740832645897 Teff=0.0258050990437534549475491030499 ub=4.49536234276926280567427507277 B=92 Bidx=100 (idx=1)
SATFIX u=33 - saturation at <=100 ENLARGED the lattice (old boxes ran on a sublattice)
SATFIXBOX u=33
SATCERT2 u=33 r=2 m1lb=0.0145224923297517790452060576516 Bidx=101 (saturated to Bidx -> idx=1)
SATFIX u=-33/2 - saturation at <=100 ENLARGED the lattice (old boxes ran on a sublattice)
SATFIXBOX u=-33/2
SATCERT2 u=-33/2 r=2 m1lb=0.0210161444419937944686528236138 Bidx=244 (saturated to Bidx -> idx=1)
SATFIX u=33/17 - saturation at <=100 ENLARGED the lattice (old boxes ran on a sublattice)
SATFIXBOX u=33/17
SATCERT2 u=33/17 r=2 m1lb=0.0200016473659333441254583137663 Bidx=144 (saturated to Bidx -> idx=1)
SATFIX u=-35/13 - saturation at <=100 ENLARGED the lattice (old boxes ran on a sublattice)
SATFIXBOX u=-35/13
SATCERT2 u=-35/13 r=2 m1lb=0.0202438506282487935179216496850 Bidx=179 (saturated to Bidx -> idx=1)
SATFIX u=37/13 - saturation at <=100 ENLARGED the lattice (old boxes ran on a sublattice)
SATFIXBOX u=37/13
SATCERT2 u=37/13 r=2 m1lb=0.0200168590242622601899278457290 Bidx=144 (saturated to Bidx -> idx=1)
SATFIX u=37/21 - saturation at <=100 ENLARGED the lattice (old boxes ran on a sublattice)
SATFIXBOX u=37/21
SATCERT2 u=37/21 r=2 m1lb=0.0200016473659333441254583137663 Bidx=144 (saturated to Bidx -> idx=1)
SATFIX u=13/37 - saturation at <=100 ENLARGED the lattice (old boxes ran on a sublattice)
SATFIXBOX u=13/37
SATCERT2 u=13/37 r=2 m1lb=0.0200004527945391944923066255623 Bidx=207 (saturated to Bidx -> idx=1)
SATFIX u=38/13 - saturation at <=100 ENLARGED the lattice (old boxes ran on a sublattice)
SATFIXBOX u=38/13
SATCERT2 u=38/13 r=3 m1lb=0.105268790025451868460311244732 Bidx=299 (saturated to Bidx -> idx=1)
SATFIX u=39/25 - saturation at <=100 ENLARGED the lattice (old boxes ran on a sublattice)
SATFIXBOX u=39/25
SATCERT2 u=39/25 r=3 m1lb=0.112147147302750223511726751192 Bidx=299 (saturated to Bidx -> idx=1)
SATFIX u=39/7 - saturation at <=100 ENLARGED the lattice (old boxes ran on a sublattice)
SATFIXBOX u=39/7
SATCERT2 u=39/7 r=2 m1lb=0.0145224923297517790452060576516 Bidx=101 (saturated to Bidx -> idx=1)
SATFIX u=-17/39 - saturation at <=100 ENLARGED the lattice (old boxes ran on a sublattice)
SATFIXBOX u=-17/39
SATCERT2 u=-17/39 r=2 m1lb=0.0200000808762809298972949354584 Bidx=212 (saturated to Bidx -> idx=1)
TIMECAP 10800 s at fiber 96/1018
SEARCH_DONE satcert Sig=4 fibers=1018 cert=5 certm=90 openB=0 openM=0 viol=0 skip=0 satfix=95 11662.510 s
DRIVER: TimeCap at fiber 96, resuming
Loading "split_lab.m"
SATCERT LANE Sig=4 sg=[ 1, 3, 2 ] fibers=1018 PtsCap=2000000
JOIN fibers=5167
SATFIX u=39/11 - saturation at <=100 ENLARGED the lattice (old boxes ran on a sublattice)
SATFIXBOX u=39/11
SATCERT2 u=39/11 r=2 m1lb=0.0225371648590716766114559930042 Bidx=123 (saturated to Bidx -> idx=1)
SATFIX u=40 - saturation at <=100 ENLARGED the lattice (old boxes ran on a sublattice)
SATFIXBOX u=40
SATCERT2 u=40 r=3 m1lb=0.151332035252997314334992363262 Bidx=299 (saturated to Bidx -> idx=1)
SATFIX u=41/21 - saturation at <=100 ENLARGED the lattice (old boxes ran on a sublattice)
SATFIXBOX u=41/21
SATCERT2 u=41/21 r=3 m1lb=0.105268790025451868460311244732 Bidx=299 (saturated to Bidx -> idx=1)
SATFIX u=41/3 - saturation at <=100 ENLARGED the lattice (old boxes ran on a sublattice)
SATFIXBOX u=41/3
SATCERT u=41/3 r=2 Rsub=5.09465842278562332740832645897 Teff=0.0258050990437534549475491030499 ub=4.49536234276926280567427507277 B=92 Bidx=100 (idx=1)
SATFIX u=23/41 - saturation at <=100 ENLARGED the lattice (old boxes ran on a sublattice)
SATFIXBOX u=23/41
SATOPENB u=23/41 r=3 Rsub=697.093034905218124130239271960 T=0.515101321237105277963757125317 ub=17.2028630722414663386311206197 Bfull=37963894.3963436754398550758405 (Teff<=0; plain saturation pushed to 20000: ok)
SATFIX u=-39/41 - saturation at <=100 ENLARGED the lattice (old boxes ran on a sublattice)
SATFIXBOX u=-39/41
SATCERT2 u=-39/41 r=2 m1lb=0.0200003017430813193897005995730 Bidx=195 (saturated to Bidx -> idx=1)
SATFIX u=-41/19 - saturation at <=100 ENLARGED the lattice (old boxes ran on a sublattice)
SATFIXBOX u=-41/19
SATCERT2 u=-41/19 r=3 m1lb=0.107619193036173695693790234848 Bidx=299 (saturated to Bidx -> idx=1)
SATFIX u=43/19 - saturation at <=100 ENLARGED the lattice (old boxes ran on a sublattice)
SATFIXBOX u=43/19
SATCERT2 u=43/19 r=2 m1lb=0.0200168590242622601899278457290 Bidx=144 (saturated to Bidx -> idx=1)
SATFIX u=15/43 - saturation at <=100 ENLARGED the lattice (old boxes ran on a sublattice)
SATFIXBOX u=15/43
SATCERT2 u=15/43 r=3 m1lb=0.112147147302750223511726751192 Bidx=299 (saturated to Bidx -> idx=1)
SATFIX u=43/31 - saturation at <=100 ENLARGED the lattice (old boxes ran on a sublattice)
SATFIXBOX u=43/31
SATCERT2 u=43/31 r=3 m1lb=0.148980435168242760694632060514 Bidx=299 (saturated to Bidx -> idx=1)
SATFIX u=-45 - saturation at <=100 ENLARGED the lattice (old boxes ran on a sublattice)
SATFIXBOX u=-45
SATCERT2 u=-45 r=2 m1lb=0.0184095040409501822531215536185 Bidx=101 (saturated to Bidx -> idx=1)
SATFIX u=47/17 - saturation at <=100 ENLARGED the lattice (old boxes ran on a sublattice)
SATFIXBOX u=47/17
SATCERT2 u=47/17 r=3 m1lb=0.107619193036173695693790234848 Bidx=299 (saturated to Bidx -> idx=1)
SATFIX u=-47/37 - saturation at <=100 ENLARGED the lattice (old boxes ran on a sublattice)
SATFIXBOX u=-47/37
SATCERT2 u=-47/37 r=3 m1lb=0.202410400338313234814189060817 Bidx=299 (saturated to Bidx -> idx=1)
SATFIX u=51/31 - saturation at <=100 ENLARGED the lattice (old boxes ran on a sublattice)
SATFIXBOX u=51/31
SATCERT2 u=51/31 r=3 m1lb=0.0852113095084886817405517197625 Bidx=299 (saturated to Bidx -> idx=1)
SATFIX u=51/10 - saturation at <=100 ENLARGED the lattice (old boxes ran on a sublattice)
SATFIXBOX u=51/10
SATCERT2 u=51/10 r=2 m1lb=0.0145224923297517790452060576516 Bidx=101 (saturated to Bidx -> idx=1)
SATFIX u=-1/51 - saturation at <=100 ENLARGED the lattice (old boxes ran on a sublattice)
SATFIXBOX u=-1/51
DRIVER: crash/kill at fiber 111 (rc=137), retrying once fresh
Loading "split_lab.m"
SATCERT LANE Sig=4 sg=[ 1, 3, 2 ] fibers=1018 PtsCap=2000000
JOIN fibers=5167
SATFIX u=-1/51 - saturation at <=100 ENLARGED the lattice (old boxes ran on a sublattice)
SATFIXBOX u=-1/51
SATCERT2 u=-1/51 r=3 m1lb=0.141622659646066363668053433511 Bidx=299 (saturated to Bidx -> idx=1)
SATFIX u=-51/49 - saturation at <=100 ENLARGED the lattice (old boxes ran on a sublattice)
SATFIXBOX u=-51/49
SATCERT2 u=-51/49 r=3 m1lb=0.0798149219767845914638651045465 Bidx=299 (saturated to Bidx -> idx=1)
SATFIX u=-3/53 - saturation at <=100 ENLARGED the lattice (old boxes ran on a sublattice)
SATFIXBOX u=-3/53
DRIVER: crash/kill at fiber 113 (rc=137), retrying once fresh
Loading "split_lab.m"
SATCERT LANE Sig=4 sg=[ 1, 3, 2 ] fibers=1018 PtsCap=2000000
JOIN fibers=5167
SATFIX u=-3/53 - saturation at <=100 ENLARGED the lattice (old boxes ran on a sublattice)
SATFIXBOX u=-3/53
SATCERT2 u=-3/53 r=2 m1lb=0.0200000808762809298972949354584 Bidx=212 (saturated to Bidx -> idx=1)
SATFIX u=55/26 - saturation at <=100 ENLARGED the lattice (old boxes ran on a sublattice)
SATFIXBOX u=55/26
DRIVER: crash/kill at fiber 114 (rc=137), retrying once fresh
Loading "split_lab.m"
SATCERT LANE Sig=4 sg=[ 1, 3, 2 ] fibers=1018 PtsCap=2000000
JOIN fibers=5167
SATFIX u=55/26 - saturation at <=100 ENLARGED the lattice (old boxes ran on a sublattice)
SATFIXBOX u=55/26
SATCERT2 u=55/26 r=3 m1lb=0.105051288932013127309300397179 Bidx=299 (saturated to Bidx -> idx=1)
SATFIX u=57/37 - saturation at <=100 ENLARGED the lattice (old boxes ran on a sublattice)
SATFIXBOX u=57/37
SATCERT2 u=57/37 r=2 m1lb=0.0204214917712705584166868828479 Bidx=195 (saturated to Bidx -> idx=1)
SATFIX u=25/57 - saturation at <=100 ENLARGED the lattice (old boxes ran on a sublattice)
SATFIXBOX u=25/57
SATOPENB u=25/57 r=2 Rsub=15.0234160996494564901704524960 T=0.0443131213842020601933706503623 ub=16.7981508457917243504198268056 Bfull=20138638.5928315801424311673801 (Teff<=0; plain saturation pushed to 20000: ok)
SATFIX u=57/5 - saturation at <=100 ENLARGED the lattice (old boxes ran on a sublattice)
SATFIXBOX u=57/5
SATCERT2 u=57/5 r=2 m1lb=0.0145224923297517790452060576516 Bidx=101 (saturated to Bidx -> idx=1)
SATFIX u=-59/21 - saturation at <=100 ENLARGED the lattice (old boxes ran on a sublattice)
SATFIXBOX u=-59/21
SATCERT2 u=-59/21 r=2 m1lb=0.0200003017430813193897005995730 Bidx=195 (saturated to Bidx -> idx=1)
SATFIX u=59/41 - saturation at <=100 ENLARGED the lattice (old boxes ran on a sublattice)
SATFIXBOX u=59/41
SATOPENB u=59/41 r=3 Rsub=697.093034905218124130239271961 T=0.515101321237105277963757125318 ub=17.2028630722414663386311206197 Bfull=37963894.3963436754398550758405 (Teff<=0; plain saturation pushed to 20000: ok)
SATFIX u=61/37 - saturation at <=100 ENLARGED the lattice (old boxes ran on a sublattice)
SATFIXBOX u=61/37
SATCERT2 u=61/37 r=2 m1lb=0.0200004527945391944923066255623 Bidx=207 (saturated to Bidx -> idx=1)
SATFIX u=61/20 - saturation at <=100 ENLARGED the lattice (old boxes ran on a sublattice)
SATFIXBOX u=61/20
SATCERT2 u=61/20 r=2 m1lb=0.0211837557538197564333622781091 Bidx=147 (saturated to Bidx -> idx=1)
SATFIX u=33/65 - saturation at <=100 ENLARGED the lattice (old boxes ran on a sublattice)
SATFIXBOX u=33/65
SATOPENB u=33/65 r=2 Rsub=15.0234160996494564901704524961 T=0.0443131213842020601933706503623 ub=16.7981508457917243504198268056 Bfull=20138638.5928315801424311673801 (Teff<=0; plain saturation pushed to 20000: ok)
SATFIX u=67/43 - saturation at <=100 ENLARGED the lattice (old boxes ran on a sublattice)
SATFIXBOX u=67/43
SATCERT2 u=67/43 r=2 m1lb=0.0200004527945391944923066255623 Bidx=207 (saturated to Bidx -> idx=1)
SATFIX u=67/35 - saturation at <=100 ENLARGED the lattice (old boxes ran on a sublattice)
SATFIXBOX u=67/35
SATCERT2 u=67/35 r=2 m1lb=0.0200001910235377793189967070860 Bidx=223 (saturated to Bidx -> idx=1)
SATFIX u=67/39 - saturation at <=100 ENLARGED the lattice (old boxes ran on a sublattice)
SATFIXBOX u=67/39
SATCERT2 u=67/39 r=2 m1lb=0.0200331708949733596533944681113 Bidx=203 (saturated to Bidx -> idx=1)
SATFIX u=-69/31 - saturation at <=100 ENLARGED the lattice (old boxes ran on a sublattice)
SATFIXBOX u=-69/31
SATCERT2 u=-69/31 r=2 m1lb=0.0201156621430808698001270366189 Bidx=217 (saturated to Bidx -> idx=1)
SATFIX u=69/29 - saturation at <=100 ENLARGED the lattice (old boxes ran on a sublattice)
SATFIXBOX u=69/29
SATCERT2 u=69/29 r=2 m1lb=0.0200009906495651482799140814569 Bidx=175 (saturated to Bidx -> idx=1)
SATFIX u=-73/27 - saturation at <=100 ENLARGED the lattice (old boxes ran on a sublattice)
SATFIXBOX u=-73/27
SATCERT2 u=-73/27 r=3 m1lb=0.105268790025451868460311244732 Bidx=299 (saturated to Bidx -> idx=1)
SATFIX u=-73/19 - saturation at <=100 ENLARGED the lattice (old boxes ran on a sublattice)
SATFIXBOX u=-73/19
SATCERT2 u=-73/19 r=4 m1lb=0.272269466973069757978239630770 Bidx=299 (saturated to Bidx -> idx=1)
SATFIX u=73/16 - saturation at <=100 ENLARGED the lattice (old boxes ran on a sublattice)
SATFIXBOX u=73/16
SATCERT2 u=73/16 r=2 m1lb=0.0184095040409501822531215536185 Bidx=101 (saturated to Bidx -> idx=1)
SATFIX u=73/21 - saturation at <=100 ENLARGED the lattice (old boxes ran on a sublattice)
SATFIXBOX u=73/21
SATCERT2 u=73/21 r=3 m1lb=0.107730779659810091498672506841 Bidx=299 (saturated to Bidx -> idx=1)
SATFIX u=37/73 - saturation at <=100 ENLARGED the lattice (old boxes ran on a sublattice)
SATFIXBOX u=37/73
SATOPENB u=37/73 r=3 Rsub=697.093034905218124130239271960 T=0.515101321237105277963757125317 ub=17.2028630722414663386311206197 Bfull=37963894.3963436754398550758405 (Teff<=0; plain saturation pushed to 20000: ok)
SATFIX u=73/25 - saturation at <=100 ENLARGED the lattice (old boxes ran on a sublattice)
SATFIXBOX u=73/25
SATCERT2 u=73/25 r=2 m1lb=0.0202438506282487935179216496850 Bidx=179 (saturated to Bidx -> idx=1)
SATFIX u=-75 - saturation at <=100 ENLARGED the lattice (old boxes ran on a sublattice)
SATFIXBOX u=-75
SATCERT2 u=-75 r=2 m1lb=0.0211837557538197564333622781091 Bidx=147 (saturated to Bidx -> idx=1)
SATFIX u=-41/75 - saturation at <=100 ENLARGED the lattice (old boxes ran on a sublattice)
SATFIXBOX u=-41/75
DRIVER: crash/kill at fiber 135 (rc=137), retrying once fresh
Loading "split_lab.m"
SATCERT LANE Sig=4 sg=[ 1, 3, 2 ] fibers=1018 PtsCap=2000000
JOIN fibers=5167
SATFIX u=-41/75 - saturation at <=100 ENLARGED the lattice (old boxes ran on a sublattice)
SATFIXBOX u=-41/75
SATCERT2 u=-41/75 r=3 m1lb=0.105051288932013127309300397179 Bidx=299 (saturated to Bidx -> idx=1)
SATFIX u=79/39 - saturation at <=100 ENLARGED the lattice (old boxes ran on a sublattice)
SATFIXBOX u=79/39
SATCERT2 u=79/39 r=2 m1lb=0.0200009906495651482799140814569 Bidx=175 (saturated to Bidx -> idx=1)
SATFIX u=79/27 - saturation at <=100 ENLARGED the lattice (old boxes ran on a sublattice)
SATFIXBOX u=79/27
SATCERT2 u=79/27 r=2 m1lb=0.0145224923297517790452060576516 Bidx=101 (saturated to Bidx -> idx=1)
SATFIX u=81/13 - saturation at <=100 ENLARGED the lattice (old boxes ran on a sublattice)
SATFIXBOX u=81/13
SATCERT2 u=81/13 r=3 m1lb=0.0808257394400461248901803557157 Bidx=299 (saturated to Bidx -> idx=1)
SATFIX u=81 - saturation at <=100 ENLARGED the lattice (old boxes ran on a sublattice)
SATFIXBOX u=81
SATCERT2 u=81 r=2 m1lb=0.0200168590242622601899278457290 Bidx=144 (saturated to Bidx -> idx=1)
SATFIX u=83/7 - saturation at <=100 ENLARGED the lattice (old boxes ran on a sublattice)
SATFIXBOX u=83/7
SATCERT2 u=83/7 r=3 m1lb=0.0852113095084886817405517197625 Bidx=299 (saturated to Bidx -> idx=1)
SATFIX u=83/31 - saturation at <=100 ENLARGED the lattice (old boxes ran on a sublattice)
SATFIXBOX u=83/31
SATCERT2 u=83/31 r=2 m1lb=0.0200144541144421669840369500583 Bidx=241 (saturated to Bidx -> idx=1)
SATFIX u=85/37 - saturation at <=100 ENLARGED the lattice (old boxes ran on a sublattice)
SATFIXBOX u=85/37
SATCERT2 u=85/37 r=2 m1lb=0.0202438506282487935179216496850 Bidx=179 (saturated to Bidx -> idx=1)
SATFIX u=85/57 - saturation at <=100 ENLARGED the lattice (old boxes ran on a sublattice)
SATFIXBOX u=85/57
SATCERT2 u=85/57 r=3 m1lb=0.112147147302750223511726751192 Bidx=299 (saturated to Bidx -> idx=1)
SATFIX u=87/37 - saturation at <=100 ENLARGED the lattice (old boxes ran on a sublattice)
SATFIXBOX u=87/37
SATCERT2 u=87/37 r=3 m1lb=0.0798149219767845914638651045465 Bidx=299 (saturated to Bidx -> idx=1)
SATFIX u=89/13 - saturation at <=100 ENLARGED the lattice (old boxes ran on a sublattice)
SATFIXBOX u=89/13
SATCERT2 u=89/13 r=2 m1lb=0.0258050990437534549475491030498 Bidx=101 (saturated to Bidx -> idx=1)
SATFIX u=89/37 - saturation at <=100 ENLARGED the lattice (old boxes ran on a sublattice)
SATFIXBOX u=89/37
SATCERT2 u=89/37 r=3 m1lb=0.0798149219767845914638651045465 Bidx=299 (saturated to Bidx -> idx=1)
SATFIX u=51/91 - saturation at <=100 ENLARGED the lattice (old boxes ran on a sublattice)
SATFIXBOX u=51/91
SATOPENB u=51/91 r=2 Rsub=18.6004453653285301671093361526 T=0.0493071233648051161508025585283 ub=18.1257630915835896701082674554 Bfull=75963467.4765510236031765967018 (Teff<=0; plain saturation pushed to 20000: ok)
SATFIX u=-35/97 - saturation at <=100 ENLARGED the lattice (old boxes ran on a sublattice)
SATFIXBOX u=-35/97
SATOPENB u=-35/97 r=3 Rsub=965.763968063431994795815594001 T=0.574230269873495420300236319583 ub=18.9734719410658523222632433682 Bfull=229490092.072265653310635896688 (Teff<=0; plain saturation pushed to 20000: ok)
SATFIX u=97/65 - saturation at <=100 ENLARGED the lattice (old boxes ran on a sublattice)
SATFIXBOX u=97/65
SATOPENB u=97/65 r=2 Rsub=15.0234160996494564901704524961 T=0.0443131213842020601933706503623 ub=16.7981508457917243504198268056 Bfull=20138638.5928315801424311673801 (Teff<=0; plain saturation pushed to 20000: ok)
SATFIX u=99/7 - saturation at <=100 ENLARGED the lattice (old boxes ran on a sublattice)
SATFIXBOX u=99/7
SATCERT2 u=99/7 r=3 m1lb=0.0808257394400461248901803557157 Bidx=299 (saturated to Bidx -> idx=1)
SATFIX u=-101/39 - saturation at <=100 ENLARGED the lattice (old boxes ran on a sublattice)
SATFIXBOX u=-101/39
SATOPENB u=-101/39 r=3 Rsub=179.113787945652086281590185617 T=0.327470429102816553103847908117 ub=16.7454323018812674477301858130 Bfull=21941962.6616280416866371669870 (Teff<=0; plain saturation pushed to 20000: ok)
SATFIX u=101/33 - saturation at <=100 ENLARGED the lattice (old boxes ran on a sublattice)
SATFIXBOX u=101/33
SATCERT2 u=101/33 r=2 m1lb=0.0225371648590716766114559930042 Bidx=123 (saturated to Bidx -> idx=1)
SATFIX u=103/35 - saturation at <=100 ENLARGED the lattice (old boxes ran on a sublattice)
SATFIXBOX u=103/35
SATCERT2 u=103/35 r=3 m1lb=0.0808257394400461248901803557157 Bidx=299 (saturated to Bidx -> idx=1)
SATFIX u=105/73 - saturation at <=100 ENLARGED the lattice (old boxes ran on a sublattice)
SATFIXBOX u=105/73
SATOPENB u=105/73 r=2 Rsub=15.0234160996494564901704524960 T=0.0443131213842020601933706503622 ub=16.7981508457917243504198268056 Bfull=20138638.5928315801424311673801 (Teff<=0; plain saturation pushed to 20000: ok)
SATFIX u=109/53 - saturation at <=100 ENLARGED the lattice (old boxes ran on a sublattice)
SATFIXBOX u=109/53
