Loading "split_lab.m"
SATCERT LANE Sig=2 sg=[ 2, 1, 3 ] fibers=1395 PtsCap=10000000
JOIN fibers=4113
SATCERT u=2 r=2 Rsub=6.45425788246200030308412608598 T=0.0290449846595035580904121153032 ub=6.42560959476721052153802324025 B=636 (no point below T -> idx=1)
SATCERT u=3/2 r=2 Rsub=6.45425788246200030308412608598 T=0.0290449846595035580904121153032 ub=6.42560959476721052153802324025 B=636 (no point below T -> idx=1)
SATCERT u=-1/3 r=2 Rsub=10.3716578039501906267443409608 T=0.0368190080819003645062431072370 ub=2.66132630438388126753546291315 B=15 (no point below T -> idx=1)
SATCERT u=4 r=2 Rsub=6.45425788246200030308412608598 T=0.0290449846595035580904121153032 ub=6.42560959476721052153802324025 B=636 (no point below T -> idx=1)
SATCERT u=-5 r=2 Rsub=6.45425788246200030308412608600 T=0.0290449846595035580904121153032 ub=6.42560959476721052153802324025 B=636 (no point below T -> idx=1)
SATCERT u=-3/5 r=2 Rsub=10.3716578039501906267443409608 T=0.0368190080819003645062431072369 ub=2.66132630438388126753546291315 B=15 (no point below T -> idx=1)
SATCERT u=-6 r=2 Rsub=47.6175949716800566729947414092 T=0.0788917741660449840837802131972 ub=7.87838170411243479776378818773 B=2857 (no point below T -> idx=1)
SATCERT u=-9/7 r=2 Rsub=23.1103689243743527214099018185 T=0.0549605960143575949839092357907 ub=4.48832234165777836454738419200 B=94 (no point below T -> idx=1)
SATCERT u=-9 r=2 Rsub=6.45425788246200030308412608598 T=0.0290449846595035580904121153032 ub=6.42560959476721052153802324025 B=636 (no point below T -> idx=1)
SATCERT u=9/2 r=2 Rsub=6.45425788246200030308412608598 T=0.0290449846595035580904121153032 ub=6.42560959476721052153802324025 B=636 (no point below T -> idx=1)
SATCERT u=-10 r=2 Rsub=108.133125757010046718597948568 T=0.118885085125437390802963869409 ub=13.2671440331994348930272782932 B=650847 (no point below T -> idx=1)
SATCERT u=-10/3 r=2 Rsub=159.077922796567469143646473291 T=0.144195912686101821052998359757 ub=8.17481384026682843839225138934 B=4102 (no point below T -> idx=1)
SATCERT u=-11/5 r=2 Rsub=10.3716578039501906267443409608 T=0.0368190080819003645062431072370 ub=2.66132630438388126753546291315 B=15 (no point below T -> idx=1)
SATCERT u=11/7 r=2 Rsub=20.3786336911424933096333058358 T=0.0516101980875069098950982060996 ub=4.49536234276926280567427507277 B=95 (no point below T -> idx=1)
SATCERT u=-11/3 r=2 Rsub=25.1490386983100651650928545869 T=0.0573335309481111341872838335876 ub=9.87956306868084872347682035660 B=20680 (no point below T -> idx=1)
SATCERT u=11 r=2 Rsub=6.45425788246200030308412608598 T=0.0290449846595035580904121153032 ub=6.42560959476721052153802324025 B=636 (no point below T -> idx=1)
SATCERT u=-12 r=2 Rsub=24.9171772829736846531981709172 T=0.0570686258848309494327169287563 ub=11.4704430071751443715458223332 B=101470 (no point below T -> idx=1)
SATCERT u=12 r=2 Rsub=47.6175949716800566729947414092 T=0.0788917741660449840837802131972 ub=7.87838170411243479776378818773 B=2857 (no point below T -> idx=1)
SATCERT u=-13 r=2 Rsub=47.6175949716800566729947414092 T=0.0788917741660449840837802131972 ub=7.87838170411243479776378818773 B=2857 (no point below T -> idx=1)
SATCERT u=14 r=2 Rsub=122.201003475832323733083596011 T=0.126382045634612637962461414157 ub=9.28288506779391766628237176363 B=12201 (no point below T -> idx=1)
SATCERT u=15 r=2 Rsub=6.45425788246200030308412608598 T=0.0290449846595035580904121153032 ub=6.42560959476721052153802324025 B=636 (no point below T -> idx=1)
SATCERT u=15/8 r=2 Rsub=25.1490386983100651650928545869 T=0.0573335309481111341872838335877 ub=9.87956306868084872347682035660 B=20680 (no point below T -> idx=1)
SATCERT u=-16 r=2 Rsub=24.9171772829736846531981709172 T=0.0570686258848309494327169287563 ub=11.4704430071751443715458223332 B=101470 (no point below T -> idx=1)
