MEMBER mnv 2 1 1 shape=[ 1, 1, 2, 2 ] tors=[ 4, 4 ] order4=12 norm111=4 xTpass=0
  D4 above=T2 pat=001 resclass=[ 54595983169, 54595983169, 1 ] xT=false
  D4 above=T2 pat=001 resclass=[ 54595983169, 54595983169, 1 ] xT=false
  D4 above=T3 pat=111 resclass=[ 1, 1, 1 ] xT=false
  D4 above=T1 pat=001 resclass=[ 54595983169, 54595983169, 1 ] xT=false
  D4 above=T3 pat=111 resclass=[ 1, 1, 1 ] xT=false
  D4 above=T1 pat=001 resclass=[ 54595983169, 54595983169, 1 ] xT=false
  D4 above=T2 pat=001 resclass=[ 54595983169, 54595983169, 1 ] xT=false
  D4 above=T2 pat=001 resclass=[ 54595983169, 54595983169, 1 ] xT=false
  D4 above=T3 pat=111 resclass=[ 1, 1, 1 ] xT=false
  D4 above=T1 pat=001 resclass=[ 54595983169, 54595983169, 1 ] xT=false
  D4 above=T3 pat=111 resclass=[ 1, 1, 1 ] xT=false
  D4 above=T1 pat=001 resclass=[ 54595983169, 54595983169, 1 ] xT=false
MEMBER stv 1/4 3/2 -4/3 shape=[ 1, 1, 2, 2 ] tors=[ 4, 4 ] order4=12 norm111=0 xTpass=0
  D4 above=T3 pat=000 resclass=[ -6, 5, -30 ] xT=false
  D4 above=T3 pat=000 resclass=[ -6, 5, -30 ] xT=false
  D4 above=T1 pat=000 resclass=[ 385, -2310, -6 ] xT=false
  D4 above=T2 pat=000 resclass=[ -2310, -462, 5 ] xT=false
  D4 above=T1 pat=000 resclass=[ 385, -2310, -6 ] xT=false
  D4 above=T2 pat=000 resclass=[ -2310, -462, 5 ] xT=false
  D4 above=T3 pat=000 resclass=[ -6, 5, -30 ] xT=false
  D4 above=T3 pat=000 resclass=[ -6, 5, -30 ] xT=false
  D4 above=T1 pat=000 resclass=[ 385, -2310, -6 ] xT=false
  D4 above=T2 pat=000 resclass=[ -2310, -462, 5 ] xT=false
  D4 above=T1 pat=000 resclass=[ 385, -2310, -6 ] xT=false
  D4 above=T2 pat=000 resclass=[ -2310, -462, 5 ] xT=false
MEMBER stv 1/3 4/3 -1/2 shape=[ 1, 1, 2, 2 ] tors=[ 4, 4 ] order4=12 norm111=0 xTpass=0
  D4 above=T1 pat=000 resclass=[ 6307, -63070, -10 ] xT=false
  D4 above=T1 pat=000 resclass=[ 6307, -63070, -10 ] xT=false
  D4 above=T3 pat=000 resclass=[ -10, 7, -70 ] xT=false
  D4 above=T2 pat=000 resclass=[ -63070, -9010, 7 ] xT=false
  D4 above=T3 pat=000 resclass=[ -10, 7, -70 ] xT=false
  D4 above=T2 pat=000 resclass=[ -63070, -9010, 7 ] xT=false
  D4 above=T1 pat=000 resclass=[ 6307, -63070, -10 ] xT=false
  D4 above=T1 pat=000 resclass=[ 6307, -63070, -10 ] xT=false
  D4 above=T3 pat=000 resclass=[ -10, 7, -70 ] xT=false
  D4 above=T2 pat=000 resclass=[ -63070, -9010, 7 ] xT=false
  D4 above=T3 pat=000 resclass=[ -10, 7, -70 ] xT=false
  D4 above=T2 pat=000 resclass=[ -63070, -9010, 7 ] xT=false
MEMBER stv 1/2 2/3 -3 shape=[ 1, 1, 2, 2 ] tors=[ 4, 4 ] order4=12 norm111=0 xTpass=0
  D4 above=T2 pat=000 resclass=[ -265, 53, -5 ] xT=false
  D4 above=T2 pat=000 resclass=[ -265, 53, -5 ] xT=false
  D4 above=T1 pat=000 resclass=[ 5035, -265, -19 ] xT=false
  D4 above=T3 pat=000 resclass=[ -19, -5, 95 ] xT=false
  D4 above=T1 pat=000 resclass=[ 5035, -265, -19 ] xT=false
  D4 above=T3 pat=000 resclass=[ -19, -5, 95 ] xT=false
  D4 above=T2 pat=000 resclass=[ -265, 53, -5 ] xT=false
  D4 above=T2 pat=000 resclass=[ -265, 53, -5 ] xT=false
  D4 above=T1 pat=000 resclass=[ 5035, -265, -19 ] xT=false
  D4 above=T3 pat=000 resclass=[ -19, -5, 95 ] xT=false
  D4 above=T1 pat=000 resclass=[ 5035, -265, -19 ] xT=false
  D4 above=T3 pat=000 resclass=[ -19, -5, 95 ] xT=false
MEMBER stv 2/3 1/2 -1 shape=[ 1, 1, 2, 2 ] tors=[ 4, 4 ] order4=12 norm111=0 xTpass=0
  D4 above=T1 pat=000 resclass=[ -13515, 795, -17 ] xT=false
  D4 above=T1 pat=000 resclass=[ -13515, 795, -17 ] xT=false
  D4 above=T2 pat=000 resclass=[ 795, -265, -3 ] xT=false
  D4 above=T3 pat=000 resclass=[ -17, -3, 51 ] xT=false
  D4 above=T2 pat=000 resclass=[ 795, -265, -3 ] xT=false
  D4 above=T3 pat=000 resclass=[ -17, -3, 51 ] xT=false
  D4 above=T1 pat=000 resclass=[ -13515, 795, -17 ] xT=false
  D4 above=T1 pat=000 resclass=[ -13515, 795, -17 ] xT=false
  D4 above=T2 pat=000 resclass=[ 795, -265, -3 ] xT=false
  D4 above=T3 pat=000 resclass=[ -17, -3, 51 ] xT=false
  D4 above=T2 pat=000 resclass=[ 795, -265, -3 ] xT=false
  D4 above=T3 pat=000 resclass=[ -17, -3, 51 ] xT=false
MEMBER stv 3/4 1/3 -1/3 shape=[ 1, 1, 2, 2 ] tors=[ 4, 4 ] order4=12 norm111=0 xTpass=0
  D4 above=T1 pat=000 resclass=[ -23247770, 78806, -295 ] xT=false
  D4 above=T1 pat=000 resclass=[ -23247770, 78806, -295 ] xT=false
  D4 above=T2 pat=000 resclass=[ 78806, -39403, -2 ] xT=false
  D4 above=T3 pat=000 resclass=[ -295, -2, 590 ] xT=false
  D4 above=T2 pat=000 resclass=[ 78806, -39403, -2 ] xT=false
  D4 above=T3 pat=000 resclass=[ -295, -2, 590 ] xT=false
  D4 above=T1 pat=000 resclass=[ -23247770, 78806, -295 ] xT=false
  D4 above=T1 pat=000 resclass=[ -23247770, 78806, -295 ] xT=false
  D4 above=T2 pat=000 resclass=[ 78806, -39403, -2 ] xT=false
  D4 above=T3 pat=000 resclass=[ -295, -2, 590 ] xT=false
  D4 above=T2 pat=000 resclass=[ 78806, -39403, -2 ] xT=false
  D4 above=T3 pat=000 resclass=[ -295, -2, 590 ] xT=false
MEMBER stv 3/4 4 -2 shape=[ 1, 1, 2, 2 ] tors=[ 4, 4 ] order4=12 norm111=0 xTpass=0
  D4 above=T2 pat=000 resclass=[ 115170, 7678, 15 ] xT=false
  D4 above=T2 pat=000 resclass=[ 115170, 7678, 15 ] xT=false
  D4 above=T3 pat=000 resclass=[ -399, 15, -665 ] xT=false
  D4 above=T1 pat=000 resclass=[ -5105870, 115170, -399 ] xT=false
  D4 above=T3 pat=000 resclass=[ -399, 15, -665 ] xT=false
  D4 above=T1 pat=000 resclass=[ -5105870, 115170, -399 ] xT=false
  D4 above=T2 pat=000 resclass=[ 115170, 7678, 15 ] xT=false
  D4 above=T2 pat=000 resclass=[ 115170, 7678, 15 ] xT=false
  D4 above=T3 pat=000 resclass=[ -399, 15, -665 ] xT=false
  D4 above=T1 pat=000 resclass=[ -5105870, 115170, -399 ] xT=false
  D4 above=T3 pat=000 resclass=[ -399, 15, -665 ] xT=false
  D4 above=T1 pat=000 resclass=[ -5105870, 115170, -399 ] xT=false
MEMBER stv 1 3 -3/4 shape=[ 1, 1, 2, 2 ] tors=[ 4, 4 ] order4=12 norm111=0 xTpass=0
  D4 above=T2 pat=000 resclass=[ -1302, -651, 2 ] xT=false
  D4 above=T2 pat=000 resclass=[ -1302, -651, 2 ] xT=false
  D4 above=T3 pat=000 resclass=[ -7, 2, -14 ] xT=false
  D4 above=T1 pat=000 resclass=[ 186, -1302, -7 ] xT=false
  D4 above=T3 pat=000 resclass=[ -7, 2, -14 ] xT=false
  D4 above=T1 pat=000 resclass=[ 186, -1302, -7 ] xT=false
  D4 above=T2 pat=000 resclass=[ -1302, -651, 2 ] xT=false
  D4 above=T2 pat=000 resclass=[ -1302, -651, 2 ] xT=false
  D4 above=T3 pat=000 resclass=[ -7, 2, -14 ] xT=false
  D4 above=T1 pat=000 resclass=[ 186, -1302, -7 ] xT=false
  D4 above=T3 pat=000 resclass=[ -7, 2, -14 ] xT=false
  D4 above=T1 pat=000 resclass=[ 186, -1302, -7 ] xT=false
MEMBER stv 4/3 2 -1/4 shape=[ 1, 1, 2, 2 ] tors=[ 4, 4 ] order4=12 norm111=0 xTpass=0
  D4 above=T1 pat=000 resclass=[ 78, -30, -65 ] xT=false
  D4 above=T1 pat=000 resclass=[ 78, -30, -65 ] xT=false
  D4 above=T3 pat=000 resclass=[ -65, 3, -195 ] xT=false
  D4 above=T2 pat=000 resclass=[ -30, -10, 3 ] xT=false
  D4 above=T3 pat=000 resclass=[ -65, 3, -195 ] xT=false
  D4 above=T2 pat=000 resclass=[ -30, -10, 3 ] xT=false
  D4 above=T1 pat=000 resclass=[ 78, -30, -65 ] xT=false
  D4 above=T1 pat=000 resclass=[ 78, -30, -65 ] xT=false
  D4 above=T3 pat=000 resclass=[ -65, 3, -195 ] xT=false
  D4 above=T2 pat=000 resclass=[ -30, -10, 3 ] xT=false
  D4 above=T3 pat=000 resclass=[ -65, 3, -195 ] xT=false
  D4 above=T2 pat=000 resclass=[ -30, -10, 3 ] xT=false
MEMBER stv 3/2 4/3 -3/2 shape=[ 1, 1, 2, 2 ] tors=[ 4, 4 ] order4=12 norm111=0 xTpass=0
  D4 above=T1 pat=000 resclass=[ -54530, -17290, 533 ] xT=false
  D4 above=T1 pat=000 resclass=[ -54530, -17290, 533 ] xT=false
  D4 above=T2 pat=000 resclass=[ -17290, -2470, 7 ] xT=false
  D4 above=T3 pat=000 resclass=[ 533, 7, 3731 ] xT=false
  D4 above=T2 pat=000 resclass=[ -17290, -2470, 7 ] xT=false
  D4 above=T3 pat=000 resclass=[ 533, 7, 3731 ] xT=false
  D4 above=T1 pat=000 resclass=[ -54530, -17290, 533 ] xT=false
  D4 above=T1 pat=000 resclass=[ -54530, -17290, 533 ] xT=false
  D4 above=T2 pat=000 resclass=[ -17290, -2470, 7 ] xT=false
  D4 above=T3 pat=000 resclass=[ 533, 7, 3731 ] xT=false
  D4 above=T2 pat=000 resclass=[ -17290, -2470, 7 ] xT=false
  D4 above=T3 pat=000 resclass=[ 533, 7, 3731 ] xT=false
MEMBER stv 2 3/4 -2/3 shape=[ 1, 1, 2, 2 ] tors=[ 4, 4 ] order4=12 norm111=0 xTpass=0
  D4 above=T2 pat=000 resclass=[ 73815, -10545, -7 ] xT=false
  D4 above=T2 pat=000 resclass=[ 73815, -10545, -7 ] xT=false
  D4 above=T1 pat=000 resclass=[ 319865, 73815, 39 ] xT=false
  D4 above=T3 pat=000 resclass=[ 39, -7, -273 ] xT=false
  D4 above=T1 pat=000 resclass=[ 319865, 73815, 39 ] xT=false
  D4 above=T3 pat=000 resclass=[ 39, -7, -273 ] xT=false
  D4 above=T2 pat=000 resclass=[ 73815, -10545, -7 ] xT=false
  D4 above=T2 pat=000 resclass=[ 73815, -10545, -7 ] xT=false
  D4 above=T1 pat=000 resclass=[ 319865, 73815, 39 ] xT=false
  D4 above=T3 pat=000 resclass=[ 39, -7, -273 ] xT=false
  D4 above=T1 pat=000 resclass=[ 319865, 73815, 39 ] xT=false
  D4 above=T3 pat=000 resclass=[ 39, -7, -273 ] xT=false
MEMBER stv 3 1/2 -4 shape=[ 1, 1, 1, 1, 2 ] tors=[ 2, 4, 4 ] order4=24 norm111=0 xTpass=0
  D4 above=T3 pat=000 resclass=[ 15, 3, 5 ] xT=false
  D4 above=T3 pat=000 resclass=[ 15, -3, -5 ] xT=false
  D4 above=T3 pat=000 resclass=[ 15, 3, 5 ] xT=false
  D4 above=T3 pat=000 resclass=[ 15, -3, -5 ] xT=false
  D4 above=T2 pat=000 resclass=[ 15015, 5005, 3 ] xT=false
  D4 above=T2 pat=000 resclass=[ 15015, -5005, -3 ] xT=false
  D4 above=T1 pat=000 resclass=[ 1001, 15015, 15 ] xT=false
  D4 above=T1 pat=000 resclass=[ 1001, -15015, -15 ] xT=false
  D4 above=T2 pat=000 resclass=[ 15015, 5005, 3 ] xT=false
  D4 above=T2 pat=000 resclass=[ 15015, -5005, -3 ] xT=false
  D4 above=T1 pat=000 resclass=[ 1001, 15015, 15 ] xT=false
  D4 above=T1 pat=000 resclass=[ 1001, -15015, -15 ] xT=false
  D4 above=T3 pat=000 resclass=[ 15, 3, 5 ] xT=false
  D4 above=T3 pat=000 resclass=[ 15, -3, -5 ] xT=false
  D4 above=T3 pat=000 resclass=[ 15, 3, 5 ] xT=false
  D4 above=T3 pat=000 resclass=[ 15, -3, -5 ] xT=false
  D4 above=T2 pat=000 resclass=[ 15015, 5005, 3 ] xT=false
  D4 above=T2 pat=000 resclass=[ 15015, -5005, -3 ] xT=false
  D4 above=T1 pat=000 resclass=[ 1001, 15015, 15 ] xT=false
  D4 above=T1 pat=000 resclass=[ 1001, -15015, -15 ] xT=false
  D4 above=T2 pat=000 resclass=[ 15015, 5005, 3 ] xT=false
  D4 above=T2 pat=000 resclass=[ 15015, -5005, -3 ] xT=false
  D4 above=T1 pat=000 resclass=[ 1001, 15015, 15 ] xT=false
  D4 above=T1 pat=000 resclass=[ 1001, -15015, -15 ] xT=false
MEMBER stv 4 1/3 -4/3 shape=[ 1, 1, 2, 2 ] tors=[ 4, 4 ] order4=12 norm111=0 xTpass=0
  D4 above=T2 pat=000 resclass=[ 1820118, -910059, -2 ] xT=false
  D4 above=T2 pat=000 resclass=[ 1820118, -910059, -2 ] xT=false
  D4 above=T1 pat=000 resclass=[ 140149086, 1820118, 77 ] xT=false
  D4 above=T3 pat=000 resclass=[ 77, -2, -154 ] xT=false
  D4 above=T1 pat=000 resclass=[ 140149086, 1820118, 77 ] xT=false
  D4 above=T3 pat=000 resclass=[ 77, -2, -154 ] xT=false
  D4 above=T2 pat=000 resclass=[ 1820118, -910059, -2 ] xT=false
  D4 above=T2 pat=000 resclass=[ 1820118, -910059, -2 ] xT=false
  D4 above=T1 pat=000 resclass=[ 140149086, 1820118, 77 ] xT=false
  D4 above=T3 pat=000 resclass=[ 77, -2, -154 ] xT=false
  D4 above=T1 pat=000 resclass=[ 140149086, 1820118, 77 ] xT=false
  D4 above=T3 pat=000 resclass=[ 77, -2, -154 ] xT=false
MEMBER stv 1/14 14/17 -2/5 shape=[ 1, 1, 2, 2 ] tors=[ 4, 4 ] order4=12 norm111=0 xTpass=0
  D4 above=T1 pat=000 resclass=[ -337236907125667910, 209245184770, -1611683 ] xT=false
  D4 above=T1 pat=000 resclass=[ -337236907125667910, 209245184770, -1611683 ] xT=false
  D4 above=T3 pat=000 resclass=[ -1611683, -93, 149886519 ] xT=false
  D4 above=T2 pat=000 resclass=[ 209245184770, -20249534010, -93 ] xT=false
  D4 above=T3 pat=000 resclass=[ -1611683, -93, 149886519 ] xT=false
  D4 above=T2 pat=000 resclass=[ 209245184770, -20249534010, -93 ] xT=false
  D4 above=T1 pat=000 resclass=[ -337236907125667910, 209245184770, -1611683 ] xT=false
  D4 above=T1 pat=000 resclass=[ -337236907125667910, 209245184770, -1611683 ] xT=false
  D4 above=T3 pat=000 resclass=[ -1611683, -93, 149886519 ] xT=false
  D4 above=T2 pat=000 resclass=[ 209245184770, -20249534010, -93 ] xT=false
  D4 above=T3 pat=000 resclass=[ -1611683, -93, 149886519 ] xT=false
  D4 above=T2 pat=000 resclass=[ 209245184770, -20249534010, -93 ] xT=false
MEMBER stv 4 2 -9/19 shape=[ 1, 1, 2, 2 ] tors=[ 4, 4 ] order4=12 norm111=0 xTpass=0
  D4 above=T1 pat=000 resclass=[ -33915, -4845, 7 ] xT=false
  D4 above=T1 pat=000 resclass=[ -33915, -4845, 7 ] xT=false
  D4 above=T3 pat=000 resclass=[ 7, 3, 21 ] xT=false
  D4 above=T2 pat=000 resclass=[ -4845, -1615, 3 ] xT=false
  D4 above=T3 pat=000 resclass=[ 7, 3, 21 ] xT=false
  D4 above=T2 pat=000 resclass=[ -4845, -1615, 3 ] xT=false
  D4 above=T1 pat=000 resclass=[ -33915, -4845, 7 ] xT=false
  D4 above=T1 pat=000 resclass=[ -33915, -4845, 7 ] xT=false
  D4 above=T3 pat=000 resclass=[ 7, 3, 21 ] xT=false
  D4 above=T2 pat=000 resclass=[ -4845, -1615, 3 ] xT=false
  D4 above=T3 pat=000 resclass=[ 7, 3, 21 ] xT=false
  D4 above=T2 pat=000 resclass=[ -4845, -1615, 3 ] xT=false
MEMBER stv 2/11 3/16 -19/11 shape=[ 1, 1, 2, 2 ] tors=[ 4, 4 ] order4=12 norm111=0 xTpass=0
  D4 above=T1 pat=000 resclass=[ -8940062710784491, 13843392243395, -16145 ] xT=false
  D4 above=T1 pat=000 resclass=[ -8940062710784491, 13843392243395, -16145 ] xT=false
  D4 above=T2 pat=000 resclass=[ 13843392243395, -20232650201885, -247 ] xT=false
  D4 above=T3 pat=000 resclass=[ -16145, -247, 3987815 ] xT=false
  D4 above=T2 pat=000 resclass=[ 13843392243395, -20232650201885, -247 ] xT=false
  D4 above=T3 pat=000 resclass=[ -16145, -247, 3987815 ] xT=false
  D4 above=T1 pat=000 resclass=[ -8940062710784491, 13843392243395, -16145 ] xT=false
  D4 above=T1 pat=000 resclass=[ -8940062710784491, 13843392243395, -16145 ] xT=false
  D4 above=T2 pat=000 resclass=[ 13843392243395, -20232650201885, -247 ] xT=false
  D4 above=T3 pat=000 resclass=[ -16145, -247, 3987815 ] xT=false
  D4 above=T2 pat=000 resclass=[ 13843392243395, -20232650201885, -247 ] xT=false
  D4 above=T3 pat=000 resclass=[ -16145, -247, 3987815 ] xT=false
MEMBER stv 13/2 6 -2 shape=[ 1, 1, 2, 2 ] tors=[ 4, 4 ] order4=12 norm111=0 xTpass=0
  D4 above=T2 pat=000 resclass=[ 56965370, 1627582, 35 ] xT=false
  D4 above=T2 pat=000 resclass=[ 56965370, 1627582, 35 ] xT=false
  D4 above=T3 pat=000 resclass=[ -4731, 35, -165585 ] xT=false
  D4 above=T1 pat=000 resclass=[ -269503165470, 56965370, -4731 ] xT=false
  D4 above=T3 pat=000 resclass=[ -4731, 35, -165585 ] xT=false
  D4 above=T1 pat=000 resclass=[ -269503165470, 56965370, -4731 ] xT=false
  D4 above=T2 pat=000 resclass=[ 56965370, 1627582, 35 ] xT=false
  D4 above=T2 pat=000 resclass=[ 56965370, 1627582, 35 ] xT=false
  D4 above=T3 pat=000 resclass=[ -4731, 35, -165585 ] xT=false
  D4 above=T1 pat=000 resclass=[ -269503165470, 56965370, -4731 ] xT=false
  D4 above=T3 pat=000 resclass=[ -4731, 35, -165585 ] xT=false
  D4 above=T1 pat=000 resclass=[ -269503165470, 56965370, -4731 ] xT=false
PART_DONE part=0
