MEMBER mnv 2 1 -1 shape=[ 1, 1, 2, 2 ] tors=[ 4, 4 ] order4=12 norm111=4 xTpass=0
  D4 above=T1 pat=001 resclass=[ -10009993, -10009993, 1 ] xT=false
  D4 above=T1 pat=001 resclass=[ -10009993, -10009993, 1 ] xT=false
  D4 above=T3 pat=111 resclass=[ 1, 1, 1 ] xT=false
  D4 above=T2 pat=001 resclass=[ -10009993, -10009993, 1 ] xT=false
  D4 above=T3 pat=111 resclass=[ 1, 1, 1 ] xT=false
  D4 above=T2 pat=001 resclass=[ -10009993, -10009993, 1 ] xT=false
  D4 above=T1 pat=001 resclass=[ -10009993, -10009993, 1 ] xT=false
  D4 above=T1 pat=001 resclass=[ -10009993, -10009993, 1 ] xT=false
  D4 above=T3 pat=111 resclass=[ 1, 1, 1 ] xT=false
  D4 above=T2 pat=001 resclass=[ -10009993, -10009993, 1 ] xT=false
  D4 above=T3 pat=111 resclass=[ 1, 1, 1 ] xT=false
  D4 above=T2 pat=001 resclass=[ -10009993, -10009993, 1 ] xT=false
MEMBER stv 1/4 3/2 3/2 shape=[ 1, 1, 2, 2 ] tors=[ 4, 4 ] order4=12 norm111=0 xTpass=0
  D4 above=T2 pat=000 resclass=[ -42, -210, 5 ] xT=false
  D4 above=T2 pat=000 resclass=[ -42, -210, 5 ] xT=false
  D4 above=T3 pat=000 resclass=[ -6, 5, -30 ] xT=false
  D4 above=T1 pat=000 resclass=[ 7, -42, -6 ] xT=false
  D4 above=T3 pat=000 resclass=[ -6, 5, -30 ] xT=false
  D4 above=T1 pat=000 resclass=[ 7, -42, -6 ] xT=false
  D4 above=T2 pat=000 resclass=[ -42, -210, 5 ] xT=false
  D4 above=T2 pat=000 resclass=[ -42, -210, 5 ] xT=false
  D4 above=T3 pat=000 resclass=[ -6, 5, -30 ] xT=false
  D4 above=T1 pat=000 resclass=[ 7, -42, -6 ] xT=false
  D4 above=T3 pat=000 resclass=[ -6, 5, -30 ] xT=false
  D4 above=T1 pat=000 resclass=[ 7, -42, -6 ] xT=false
MEMBER stv 1/3 4/3 2/3 shape=[ 1, 1, 2, 2 ] tors=[ 4, 4 ] order4=12 norm111=0 xTpass=0
  D4 above=T3 pat=000 resclass=[ -10, 7, -70 ] xT=false
  D4 above=T3 pat=000 resclass=[ -10, 7, -70 ] xT=false
  D4 above=T2 pat=000 resclass=[ 45066, 6438, 7 ] xT=false
  D4 above=T1 pat=000 resclass=[ -112665, 45066, -10 ] xT=false
  D4 above=T2 pat=000 resclass=[ 45066, 6438, 7 ] xT=false
  D4 above=T1 pat=000 resclass=[ -112665, 45066, -10 ] xT=false
  D4 above=T3 pat=000 resclass=[ -10, 7, -70 ] xT=false
  D4 above=T3 pat=000 resclass=[ -10, 7, -70 ] xT=false
  D4 above=T2 pat=000 resclass=[ 45066, 6438, 7 ] xT=false
  D4 above=T1 pat=000 resclass=[ -112665, 45066, -10 ] xT=false
  D4 above=T2 pat=000 resclass=[ 45066, 6438, 7 ] xT=false
  D4 above=T1 pat=000 resclass=[ -112665, 45066, -10 ] xT=false
MEMBER stv 1/2 2/3 4 shape=[ 1, 1, 2, 2 ] tors=[ 4, 4 ] order4=12 norm111=0 xTpass=0
  D4 above=T2 pat=010 resclass=[ -5, 1, -5 ] xT=false
  D4 above=T2 pat=010 resclass=[ -5, 1, -5 ] xT=false
  D4 above=T3 pat=000 resclass=[ -19, -5, 95 ] xT=false
  D4 above=T1 pat=000 resclass=[ 95, -5, -19 ] xT=false
  D4 above=T3 pat=000 resclass=[ -19, -5, 95 ] xT=false
  D4 above=T1 pat=000 resclass=[ 95, -5, -19 ] xT=false
  D4 above=T2 pat=010 resclass=[ -5, 1, -5 ] xT=false
  D4 above=T2 pat=010 resclass=[ -5, 1, -5 ] xT=false
  D4 above=T3 pat=000 resclass=[ -19, -5, 95 ] xT=false
  D4 above=T1 pat=000 resclass=[ 95, -5, -19 ] xT=false
  D4 above=T3 pat=000 resclass=[ -19, -5, 95 ] xT=false
  D4 above=T1 pat=000 resclass=[ 95, -5, -19 ] xT=false
MEMBER stv 2/3 1/2 4/3 shape=[ 1, 1, 2, 2 ] tors=[ 4, 4 ] order4=12 norm111=0 xTpass=0
  D4 above=T2 pat=000 resclass=[ -8557, 25671, -3 ] xT=false
  D4 above=T2 pat=000 resclass=[ -8557, 25671, -3 ] xT=false
  D4 above=T1 pat=000 resclass=[ 145469, -8557, -17 ] xT=false
  D4 above=T3 pat=000 resclass=[ -17, -3, 51 ] xT=false
  D4 above=T1 pat=000 resclass=[ 145469, -8557, -17 ] xT=false
  D4 above=T3 pat=000 resclass=[ -17, -3, 51 ] xT=false
  D4 above=T2 pat=000 resclass=[ -8557, 25671, -3 ] xT=false
  D4 above=T2 pat=000 resclass=[ -8557, 25671, -3 ] xT=false
  D4 above=T1 pat=000 resclass=[ 145469, -8557, -17 ] xT=false
  D4 above=T3 pat=000 resclass=[ -17, -3, 51 ] xT=false
  D4 above=T1 pat=000 resclass=[ 145469, -8557, -17 ] xT=false
  D4 above=T3 pat=000 resclass=[ -17, -3, 51 ] xT=false
MEMBER stv 3/4 1/3 1/2 shape=[ 1, 1, 2, 2 ] tors=[ 4, 4 ] order4=12 norm111=0 xTpass=0
  D4 above=T1 pat=000 resclass=[ 41715655, -141409, -295 ] xT=false
  D4 above=T1 pat=000 resclass=[ 41715655, -141409, -295 ] xT=false
  D4 above=T3 pat=000 resclass=[ -295, -2, 590 ] xT=false
  D4 above=T2 pat=000 resclass=[ -141409, 282818, -2 ] xT=false
  D4 above=T3 pat=000 resclass=[ -295, -2, 590 ] xT=false
  D4 above=T2 pat=000 resclass=[ -141409, 282818, -2 ] xT=false
  D4 above=T1 pat=000 resclass=[ 41715655, -141409, -295 ] xT=false
  D4 above=T1 pat=000 resclass=[ 41715655, -141409, -295 ] xT=false
  D4 above=T3 pat=000 resclass=[ -295, -2, 590 ] xT=false
  D4 above=T2 pat=000 resclass=[ -141409, 282818, -2 ] xT=false
  D4 above=T3 pat=000 resclass=[ -295, -2, 590 ] xT=false
  D4 above=T2 pat=000 resclass=[ -141409, 282818, -2 ] xT=false
MEMBER stv 3/4 4 3 shape=[ 1, 1, 2, 2 ] tors=[ 4, 4 ] order4=12 norm111=0 xTpass=0
  D4 above=T2 pat=000 resclass=[ -2467555, -1480533, 15 ] xT=false
  D4 above=T2 pat=000 resclass=[ -2467555, -1480533, 15 ] xT=false
  D4 above=T3 pat=000 resclass=[ -399, 15, -665 ] xT=false
  D4 above=T1 pat=000 resclass=[ 984554445, -2467555, -399 ] xT=false
  D4 above=T3 pat=000 resclass=[ -399, 15, -665 ] xT=false
  D4 above=T1 pat=000 resclass=[ 984554445, -2467555, -399 ] xT=false
  D4 above=T2 pat=000 resclass=[ -2467555, -1480533, 15 ] xT=false
  D4 above=T2 pat=000 resclass=[ -2467555, -1480533, 15 ] xT=false
  D4 above=T3 pat=000 resclass=[ -399, 15, -665 ] xT=false
  D4 above=T1 pat=000 resclass=[ 984554445, -2467555, -399 ] xT=false
  D4 above=T3 pat=000 resclass=[ -399, 15, -665 ] xT=false
  D4 above=T1 pat=000 resclass=[ 984554445, -2467555, -399 ] xT=false
MEMBER stv 1 3 1 shape=[ 1, 1, 2, 2 ] tors=[ 4, 4 ] order4=12 norm111=0 xTpass=0
  D4 above=T2 pat=000 resclass=[ -70, -35, 2 ] xT=false
  D4 above=T2 pat=000 resclass=[ -70, -35, 2 ] xT=false
  D4 above=T3 pat=000 resclass=[ -7, 2, -14 ] xT=false
  D4 above=T1 pat=000 resclass=[ 10, -70, -7 ] xT=false
  D4 above=T3 pat=000 resclass=[ -7, 2, -14 ] xT=false
  D4 above=T1 pat=000 resclass=[ 10, -70, -7 ] xT=false
  D4 above=T2 pat=000 resclass=[ -70, -35, 2 ] xT=false
  D4 above=T2 pat=000 resclass=[ -70, -35, 2 ] xT=false
  D4 above=T3 pat=000 resclass=[ -7, 2, -14 ] xT=false
  D4 above=T1 pat=000 resclass=[ 10, -70, -7 ] xT=false
  D4 above=T3 pat=000 resclass=[ -7, 2, -14 ] xT=false
  D4 above=T1 pat=000 resclass=[ 10, -70, -7 ] xT=false
MEMBER stv 4/3 2 1/3 shape=[ 1, 1, 2, 2 ] tors=[ 4, 4 ] order4=12 norm111=0 xTpass=0
  D4 above=T1 pat=000 resclass=[ 43, -2795, -65 ] xT=false
  D4 above=T1 pat=000 resclass=[ 43, -2795, -65 ] xT=false
  D4 above=T2 pat=000 resclass=[ -2795, -8385, 3 ] xT=false
  D4 above=T3 pat=000 resclass=[ -65, 3, -195 ] xT=false
  D4 above=T2 pat=000 resclass=[ -2795, -8385, 3 ] xT=false
  D4 above=T3 pat=000 resclass=[ -65, 3, -195 ] xT=false
  D4 above=T1 pat=000 resclass=[ 43, -2795, -65 ] xT=false
  D4 above=T1 pat=000 resclass=[ 43, -2795, -65 ] xT=false
  D4 above=T2 pat=000 resclass=[ -2795, -8385, 3 ] xT=false
  D4 above=T3 pat=000 resclass=[ -65, 3, -195 ] xT=false
  D4 above=T2 pat=000 resclass=[ -2795, -8385, 3 ] xT=false
  D4 above=T3 pat=000 resclass=[ -65, 3, -195 ] xT=false
MEMBER stv 3/2 4/3 2 shape=[ 1, 1, 2, 2 ] tors=[ 4, 4 ] order4=12 norm111=0 xTpass=0
  D4 above=T1 pat=000 resclass=[ 36362326, 68222, 533 ] xT=false
  D4 above=T1 pat=000 resclass=[ 36362326, 68222, 533 ] xT=false
  D4 above=T2 pat=000 resclass=[ 68222, 9746, 7 ] xT=false
  D4 above=T3 pat=000 resclass=[ 533, 7, 3731 ] xT=false
  D4 above=T2 pat=000 resclass=[ 68222, 9746, 7 ] xT=false
  D4 above=T3 pat=000 resclass=[ 533, 7, 3731 ] xT=false
  D4 above=T1 pat=000 resclass=[ 36362326, 68222, 533 ] xT=false
  D4 above=T1 pat=000 resclass=[ 36362326, 68222, 533 ] xT=false
  D4 above=T2 pat=000 resclass=[ 68222, 9746, 7 ] xT=false
  D4 above=T3 pat=000 resclass=[ 533, 7, 3731 ] xT=false
  D4 above=T2 pat=000 resclass=[ 68222, 9746, 7 ] xT=false
  D4 above=T3 pat=000 resclass=[ 533, 7, 3731 ] xT=false
MEMBER stv 2 3/4 3/4 shape=[ 1, 1, 2, 2 ] tors=[ 4, 4 ] order4=12 norm111=0 xTpass=0
  D4 above=T2 pat=000 resclass=[ -89985, 12855, -7 ] xT=false
  D4 above=T2 pat=000 resclass=[ -89985, 12855, -7 ] xT=false
  D4 above=T3 pat=000 resclass=[ 39, -7, -273 ] xT=false
  D4 above=T1 pat=000 resclass=[ -389935, -89985, 39 ] xT=false
  D4 above=T3 pat=000 resclass=[ 39, -7, -273 ] xT=false
  D4 above=T1 pat=000 resclass=[ -389935, -89985, 39 ] xT=false
  D4 above=T2 pat=000 resclass=[ -89985, 12855, -7 ] xT=false
  D4 above=T2 pat=000 resclass=[ -89985, 12855, -7 ] xT=false
  D4 above=T3 pat=000 resclass=[ 39, -7, -273 ] xT=false
  D4 above=T1 pat=000 resclass=[ -389935, -89985, 39 ] xT=false
  D4 above=T3 pat=000 resclass=[ 39, -7, -273 ] xT=false
  D4 above=T1 pat=000 resclass=[ -389935, -89985, 39 ] xT=false
MEMBER stv 3 2/3 1/4 shape=[ 1, 1, 2, 2 ] tors=[ 4, 4 ] order4=12 norm111=0 xTpass=0
  D4 above=T1 pat=000 resclass=[ -767195, -69745, 11 ] xT=false
  D4 above=T1 pat=000 resclass=[ -767195, -69745, 11 ] xT=false
  D4 above=T2 pat=000 resclass=[ -69745, 13949, -5 ] xT=false
  D4 above=T3 pat=000 resclass=[ 11, -5, -55 ] xT=false
  D4 above=T2 pat=000 resclass=[ -69745, 13949, -5 ] xT=false
  D4 above=T3 pat=000 resclass=[ 11, -5, -55 ] xT=false
  D4 above=T1 pat=000 resclass=[ -767195, -69745, 11 ] xT=false
  D4 above=T1 pat=000 resclass=[ -767195, -69745, 11 ] xT=false
  D4 above=T2 pat=000 resclass=[ -69745, 13949, -5 ] xT=false
  D4 above=T3 pat=000 resclass=[ 11, -5, -55 ] xT=false
  D4 above=T2 pat=000 resclass=[ -69745, 13949, -5 ] xT=false
  D4 above=T3 pat=000 resclass=[ 11, -5, -55 ] xT=false
MEMBER stv 4 1/3 3/2 shape=[ 1, 1, 2, 2 ] tors=[ 4, 4 ] order4=12 norm111=0 xTpass=0
  D4 above=T2 pat=000 resclass=[ -679, 1358, -2 ] xT=false
  D4 above=T2 pat=000 resclass=[ -679, 1358, -2 ] xT=false
  D4 above=T3 pat=000 resclass=[ 77, -2, -154 ] xT=false
  D4 above=T1 pat=000 resclass=[ -1067, -679, 77 ] xT=false
  D4 above=T3 pat=000 resclass=[ 77, -2, -154 ] xT=false
  D4 above=T1 pat=000 resclass=[ -1067, -679, 77 ] xT=false
  D4 above=T2 pat=000 resclass=[ -679, 1358, -2 ] xT=false
  D4 above=T2 pat=000 resclass=[ -679, 1358, -2 ] xT=false
  D4 above=T3 pat=000 resclass=[ 77, -2, -154 ] xT=false
  D4 above=T1 pat=000 resclass=[ -1067, -679, 77 ] xT=false
  D4 above=T3 pat=000 resclass=[ 77, -2, -154 ] xT=false
  D4 above=T1 pat=000 resclass=[ -1067, -679, 77 ] xT=false
MEMBER stv 3/17 1/3 -4 shape=[ 1, 1, 2, 2 ] tors=[ 4, 4 ] order4=12 norm111=0 xTpass=0
  D4 above=T3 pat=000 resclass=[ -17767, -2, 35534 ] xT=false
  D4 above=T3 pat=000 resclass=[ -17767, -2, 35534 ] xT=false
  D4 above=T2 pat=000 resclass=[ 5689970, -2844985, -2 ] xT=false
  D4 above=T1 pat=000 resclass=[ -101093696990, 5689970, -17767 ] xT=false
  D4 above=T2 pat=000 resclass=[ 5689970, -2844985, -2 ] xT=false
  D4 above=T1 pat=000 resclass=[ -101093696990, 5689970, -17767 ] xT=false
  D4 above=T3 pat=000 resclass=[ -17767, -2, 35534 ] xT=false
  D4 above=T3 pat=000 resclass=[ -17767, -2, 35534 ] xT=false
  D4 above=T2 pat=000 resclass=[ 5689970, -2844985, -2 ] xT=false
  D4 above=T1 pat=000 resclass=[ -101093696990, 5689970, -17767 ] xT=false
  D4 above=T2 pat=000 resclass=[ 5689970, -2844985, -2 ] xT=false
  D4 above=T1 pat=000 resclass=[ -101093696990, 5689970, -17767 ] xT=false
MEMBER stv 4/3 6/11 9/20 shape=[ 1, 1, 2, 2 ] tors=[ 4, 4 ] order4=12 norm111=0 xTpass=0
  D4 above=T3 pat=000 resclass=[ 169231, -85, -14384635 ] xT=false
  D4 above=T3 pat=000 resclass=[ 169231, -85, -14384635 ] xT=false
  D4 above=T1 pat=000 resclass=[ -44321937362, -261902, 169231 ] xT=false
  D4 above=T2 pat=000 resclass=[ -261902, 77030, -85 ] xT=false
  D4 above=T1 pat=000 resclass=[ -44321937362, -261902, 169231 ] xT=false
  D4 above=T2 pat=000 resclass=[ -261902, 77030, -85 ] xT=false
  D4 above=T3 pat=000 resclass=[ 169231, -85, -14384635 ] xT=false
  D4 above=T3 pat=000 resclass=[ 169231, -85, -14384635 ] xT=false
  D4 above=T1 pat=000 resclass=[ -44321937362, -261902, 169231 ] xT=false
  D4 above=T2 pat=000 resclass=[ -261902, 77030, -85 ] xT=false
  D4 above=T1 pat=000 resclass=[ -44321937362, -261902, 169231 ] xT=false
  D4 above=T2 pat=000 resclass=[ -261902, 77030, -85 ] xT=false
MEMBER stv 6/17 8/3 17/6 shape=[ 1, 1, 2, 2 ] tors=[ 4, 4 ] order4=12 norm111=0 xTpass=0
  D4 above=T3 pat=000 resclass=[ -871309, 55, -47921995 ] xT=false
  D4 above=T3 pat=000 resclass=[ -871309, 55, -47921995 ] xT=false
  D4 above=T2 pat=000 resclass=[ -21636223510, -393385882, 55 ] xT=false
  D4 above=T1 pat=000 resclass=[ 45914110, -21636223510, -871309 ] xT=false
  D4 above=T2 pat=000 resclass=[ -21636223510, -393385882, 55 ] xT=false
  D4 above=T1 pat=000 resclass=[ 45914110, -21636223510, -871309 ] xT=false
  D4 above=T3 pat=000 resclass=[ -871309, 55, -47921995 ] xT=false
  D4 above=T3 pat=000 resclass=[ -871309, 55, -47921995 ] xT=false
  D4 above=T2 pat=000 resclass=[ -21636223510, -393385882, 55 ] xT=false
  D4 above=T1 pat=000 resclass=[ 45914110, -21636223510, -871309 ] xT=false
  D4 above=T2 pat=000 resclass=[ -21636223510, -393385882, 55 ] xT=false
  D4 above=T1 pat=000 resclass=[ 45914110, -21636223510, -871309 ] xT=false
MEMBER stv 9/8 1/18 -16 shape=[ 1, 1, 2, 2 ] tors=[ 4, 4 ] order4=12 norm111=0 xTpass=0
  D4 above=T1 pat=000 resclass=[ 475246226035, 12596887919, 4565 ] xT=false
  D4 above=T1 pat=000 resclass=[ 475246226035, 12596887919, 4565 ] xT=false
  D4 above=T3 pat=000 resclass=[ 4565, -323, -1474495 ] xT=false
  D4 above=T2 pat=000 resclass=[ 12596887919, -38999653, -323 ] xT=false
  D4 above=T3 pat=000 resclass=[ 4565, -323, -1474495 ] xT=false
  D4 above=T2 pat=000 resclass=[ 12596887919, -38999653, -323 ] xT=false
  D4 above=T1 pat=000 resclass=[ 475246226035, 12596887919, 4565 ] xT=false
  D4 above=T1 pat=000 resclass=[ 475246226035, 12596887919, 4565 ] xT=false
  D4 above=T3 pat=000 resclass=[ 4565, -323, -1474495 ] xT=false
  D4 above=T2 pat=000 resclass=[ 12596887919, -38999653, -323 ] xT=false
  D4 above=T3 pat=000 resclass=[ 4565, -323, -1474495 ] xT=false
  D4 above=T2 pat=000 resclass=[ 12596887919, -38999653, -323 ] xT=false
PART_DONE part=1
