MEMBER mnv 3 1/3 -729/17500 shape=[ 1, 1, 2, 2 ] tors=[ 4, 4 ] order4=12 norm111=12 xTpass=0
  D4 above=T2 pat=111 resclass=[ 1, 1, 1 ] xT=false
  D4 above=T2 pat=111 resclass=[ 1, 1, 1 ] xT=false
  D4 above=T3 pat=111 resclass=[ 1, 1, 1 ] xT=false
  D4 above=T1 pat=111 resclass=[ 1, 1, 1 ] xT=false
  D4 above=T3 pat=111 resclass=[ 1, 1, 1 ] xT=false
  D4 above=T1 pat=111 resclass=[ 1, 1, 1 ] xT=false
  D4 above=T2 pat=111 resclass=[ 1, 1, 1 ] xT=false
  D4 above=T2 pat=111 resclass=[ 1, 1, 1 ] xT=false
  D4 above=T3 pat=111 resclass=[ 1, 1, 1 ] xT=false
  D4 above=T1 pat=111 resclass=[ 1, 1, 1 ] xT=false
  D4 above=T3 pat=111 resclass=[ 1, 1, 1 ] xT=false
  D4 above=T1 pat=111 resclass=[ 1, 1, 1 ] xT=false
MEMBER stv 1/4 2 -1/4 shape=[ 1, 1, 2, 2 ] tors=[ 4, 4 ] order4=12 norm111=0 xTpass=0
  D4 above=T3 pat=000 resclass=[ -143, 3, -429 ] xT=false
  D4 above=T3 pat=000 resclass=[ -143, 3, -429 ] xT=false
  D4 above=T1 pat=000 resclass=[ 85085, -595, -143 ] xT=false
  D4 above=T2 pat=000 resclass=[ -595, -1785, 3 ] xT=false
  D4 above=T1 pat=000 resclass=[ 85085, -595, -143 ] xT=false
  D4 above=T2 pat=000 resclass=[ -595, -1785, 3 ] xT=false
  D4 above=T3 pat=000 resclass=[ -143, 3, -429 ] xT=false
  D4 above=T3 pat=000 resclass=[ -143, 3, -429 ] xT=false
  D4 above=T1 pat=000 resclass=[ 85085, -595, -143 ] xT=false
  D4 above=T2 pat=000 resclass=[ -595, -1785, 3 ] xT=false
  D4 above=T1 pat=000 resclass=[ 85085, -595, -143 ] xT=false
  D4 above=T2 pat=000 resclass=[ -595, -1785, 3 ] xT=false
MEMBER stv 1/3 4/3 -3/2 shape=[ 1, 1, 2, 2 ] tors=[ 4, 4 ] order4=12 norm111=0 xTpass=0
  D4 above=T2 pat=000 resclass=[ -32970, -4710, 7 ] xT=false
  D4 above=T2 pat=000 resclass=[ -32970, -4710, 7 ] xT=false
  D4 above=T1 pat=000 resclass=[ 3297, -32970, -10 ] xT=false
  D4 above=T3 pat=000 resclass=[ -10, 7, -70 ] xT=false
  D4 above=T1 pat=000 resclass=[ 3297, -32970, -10 ] xT=false
  D4 above=T3 pat=000 resclass=[ -10, 7, -70 ] xT=false
  D4 above=T2 pat=000 resclass=[ -32970, -4710, 7 ] xT=false
  D4 above=T2 pat=000 resclass=[ -32970, -4710, 7 ] xT=false
  D4 above=T1 pat=000 resclass=[ 3297, -32970, -10 ] xT=false
  D4 above=T3 pat=000 resclass=[ -10, 7, -70 ] xT=false
  D4 above=T1 pat=000 resclass=[ 3297, -32970, -10 ] xT=false
  D4 above=T3 pat=000 resclass=[ -10, 7, -70 ] xT=false
MEMBER stv 1/2 3/4 -2/3 shape=[ 1, 1, 2, 2 ] tors=[ 4, 4 ] order4=12 norm111=0 xTpass=0
  D4 above=T2 pat=000 resclass=[ 53970, -7710, -7 ] xT=false
  D4 above=T2 pat=000 resclass=[ 53970, -7710, -7 ] xT=false
  D4 above=T1 pat=000 resclass=[ 3598, 53970, 15 ] xT=false
  D4 above=T3 pat=000 resclass=[ 15, -7, -105 ] xT=false
  D4 above=T1 pat=000 resclass=[ 3598, 53970, 15 ] xT=false
  D4 above=T3 pat=000 resclass=[ 15, -7, -105 ] xT=false
  D4 above=T2 pat=000 resclass=[ 53970, -7710, -7 ] xT=false
  D4 above=T2 pat=000 resclass=[ 53970, -7710, -7 ] xT=false
  D4 above=T1 pat=000 resclass=[ 3598, 53970, 15 ] xT=false
  D4 above=T3 pat=000 resclass=[ 15, -7, -105 ] xT=false
  D4 above=T1 pat=000 resclass=[ 3598, 53970, 15 ] xT=false
  D4 above=T3 pat=000 resclass=[ 15, -7, -105 ] xT=false
MEMBER stv 2/3 1/2 -4 shape=[ 1, 1, 2, 2 ] tors=[ 4, 4 ] order4=12 norm111=0 xTpass=0
  D4 above=T3 pat=000 resclass=[ -17, -3, 51 ] xT=false
  D4 above=T3 pat=000 resclass=[ -17, -3, 51 ] xT=false
  D4 above=T1 pat=000 resclass=[ -19635, 1155, -17 ] xT=false
  D4 above=T2 pat=000 resclass=[ 1155, -385, -3 ] xT=false
  D4 above=T1 pat=000 resclass=[ -19635, 1155, -17 ] xT=false
  D4 above=T2 pat=000 resclass=[ 1155, -385, -3 ] xT=false
  D4 above=T3 pat=000 resclass=[ -17, -3, 51 ] xT=false
  D4 above=T3 pat=000 resclass=[ -17, -3, 51 ] xT=false
  D4 above=T1 pat=000 resclass=[ -19635, 1155, -17 ] xT=false
  D4 above=T2 pat=000 resclass=[ 1155, -385, -3 ] xT=false
  D4 above=T1 pat=000 resclass=[ -19635, 1155, -17 ] xT=false
  D4 above=T2 pat=000 resclass=[ 1155, -385, -3 ] xT=false
MEMBER stv 3/4 1/3 -4/3 shape=[ 1, 1, 2, 2 ] tors=[ 4, 4 ] order4=12 norm111=0 xTpass=0
  D4 above=T1 pat=000 resclass=[ -2714, 230, -295 ] xT=false
  D4 above=T1 pat=000 resclass=[ -2714, 230, -295 ] xT=false
  D4 above=T2 pat=000 resclass=[ 230, -115, -2 ] xT=false
  D4 above=T3 pat=000 resclass=[ -295, -2, 590 ] xT=false
  D4 above=T2 pat=000 resclass=[ 230, -115, -2 ] xT=false
  D4 above=T3 pat=000 resclass=[ -295, -2, 590 ] xT=false
  D4 above=T1 pat=000 resclass=[ -2714, 230, -295 ] xT=false
  D4 above=T1 pat=000 resclass=[ -2714, 230, -295 ] xT=false
  D4 above=T2 pat=000 resclass=[ 230, -115, -2 ] xT=false
  D4 above=T3 pat=000 resclass=[ -295, -2, 590 ] xT=false
  D4 above=T2 pat=000 resclass=[ 230, -115, -2 ] xT=false
  D4 above=T3 pat=000 resclass=[ -295, -2, 590 ] xT=false
MEMBER stv 1 1/4 -1/2 shape=[ 1, 1, 2, 2 ] tors=[ 4, 4 ] order4=12 norm111=0 xTpass=0
  D4 above=T1 pat=000 resclass=[ 224130, 7230, 31 ] xT=false
  D4 above=T1 pat=000 resclass=[ 224130, 7230, 31 ] xT=false
  D4 above=T3 pat=000 resclass=[ 31, -15, -465 ] xT=false
  D4 above=T2 pat=000 resclass=[ 7230, -482, -15 ] xT=false
  D4 above=T3 pat=000 resclass=[ 31, -15, -465 ] xT=false
  D4 above=T2 pat=000 resclass=[ 7230, -482, -15 ] xT=false
  D4 above=T1 pat=000 resclass=[ 224130, 7230, 31 ] xT=false
  D4 above=T1 pat=000 resclass=[ 224130, 7230, 31 ] xT=false
  D4 above=T3 pat=000 resclass=[ 31, -15, -465 ] xT=false
  D4 above=T2 pat=000 resclass=[ 7230, -482, -15 ] xT=false
  D4 above=T3 pat=000 resclass=[ 31, -15, -465 ] xT=false
  D4 above=T2 pat=000 resclass=[ 7230, -482, -15 ] xT=false
MEMBER stv 1 3 -3 shape=[ 1, 1, 2, 2 ] tors=[ 4, 4 ] order4=12 norm111=0 xTpass=0
  D4 above=T2 pat=000 resclass=[ 642, 321, 2 ] xT=false
  D4 above=T2 pat=000 resclass=[ 642, 321, 2 ] xT=false
  D4 above=T3 pat=000 resclass=[ -7, 2, -14 ] xT=false
  D4 above=T1 pat=000 resclass=[ -4494, 642, -7 ] xT=false
  D4 above=T3 pat=000 resclass=[ -7, 2, -14 ] xT=false
  D4 above=T1 pat=000 resclass=[ -4494, 642, -7 ] xT=false
  D4 above=T2 pat=000 resclass=[ 642, 321, 2 ] xT=false
  D4 above=T2 pat=000 resclass=[ 642, 321, 2 ] xT=false
  D4 above=T3 pat=000 resclass=[ -7, 2, -14 ] xT=false
  D4 above=T1 pat=000 resclass=[ -4494, 642, -7 ] xT=false
  D4 above=T3 pat=000 resclass=[ -7, 2, -14 ] xT=false
  D4 above=T1 pat=000 resclass=[ -4494, 642, -7 ] xT=false
MEMBER stv 4/3 2 -1 shape=[ 1, 1, 2, 2 ] tors=[ 4, 4 ] order4=12 norm111=0 xTpass=0
  D4 above=T2 pat=000 resclass=[ 2121, 707, 3 ] xT=false
  D4 above=T2 pat=000 resclass=[ 2121, 707, 3 ] xT=false
  D4 above=T3 pat=000 resclass=[ -65, 3, -195 ] xT=false
  D4 above=T1 pat=000 resclass=[ -137865, 2121, -65 ] xT=false
  D4 above=T3 pat=000 resclass=[ -65, 3, -195 ] xT=false
  D4 above=T1 pat=000 resclass=[ -137865, 2121, -65 ] xT=false
  D4 above=T2 pat=000 resclass=[ 2121, 707, 3 ] xT=false
  D4 above=T2 pat=000 resclass=[ 2121, 707, 3 ] xT=false
  D4 above=T3 pat=000 resclass=[ -65, 3, -195 ] xT=false
  D4 above=T1 pat=000 resclass=[ -137865, 2121, -65 ] xT=false
  D4 above=T3 pat=000 resclass=[ -65, 3, -195 ] xT=false
  D4 above=T1 pat=000 resclass=[ -137865, 2121, -65 ] xT=false
MEMBER stv 3/2 3/2 -1/3 shape=[ 1, 1, 2, 2 ] tors=[ 4, 4 ] order4=12 norm111=0 xTpass=0
  D4 above=T3 pat=000 resclass=[ 11, 5, 55 ] xT=false
  D4 above=T3 pat=000 resclass=[ 11, 5, 55 ] xT=false
  D4 above=T1 pat=000 resclass=[ -3135, -285, 11 ] xT=false
  D4 above=T2 pat=000 resclass=[ -285, -57, 5 ] xT=false
  D4 above=T1 pat=000 resclass=[ -3135, -285, 11 ] xT=false
  D4 above=T2 pat=000 resclass=[ -285, -57, 5 ] xT=false
  D4 above=T3 pat=000 resclass=[ 11, 5, 55 ] xT=false
  D4 above=T3 pat=000 resclass=[ 11, 5, 55 ] xT=false
  D4 above=T1 pat=000 resclass=[ -3135, -285, 11 ] xT=false
  D4 above=T2 pat=000 resclass=[ -285, -57, 5 ] xT=false
  D4 above=T1 pat=000 resclass=[ -3135, -285, 11 ] xT=false
  D4 above=T2 pat=000 resclass=[ -285, -57, 5 ] xT=false
MEMBER stv 2 3/4 -2 shape=[ 1, 1, 2, 2 ] tors=[ 4, 4 ] order4=12 norm111=0 xTpass=0
  D4 above=T2 pat=000 resclass=[ 959, -137, -7 ] xT=false
  D4 above=T2 pat=000 resclass=[ 959, -137, -7 ] xT=false
  D4 above=T1 pat=000 resclass=[ 37401, 959, 39 ] xT=false
  D4 above=T3 pat=000 resclass=[ 39, -7, -273 ] xT=false
  D4 above=T1 pat=000 resclass=[ 37401, 959, 39 ] xT=false
  D4 above=T3 pat=000 resclass=[ 39, -7, -273 ] xT=false
  D4 above=T2 pat=000 resclass=[ 959, -137, -7 ] xT=false
  D4 above=T2 pat=000 resclass=[ 959, -137, -7 ] xT=false
  D4 above=T1 pat=000 resclass=[ 37401, 959, 39 ] xT=false
  D4 above=T3 pat=000 resclass=[ 39, -7, -273 ] xT=false
  D4 above=T1 pat=000 resclass=[ 37401, 959, 39 ] xT=false
  D4 above=T3 pat=000 resclass=[ 39, -7, -273 ] xT=false
MEMBER stv 3 2/3 -3/4 shape=[ 1, 1, 2, 2 ] tors=[ 4, 4 ] order4=12 norm111=0 xTpass=0
  D4 above=T2 pat=000 resclass=[ 73715, -14743, -5 ] xT=false
  D4 above=T2 pat=000 resclass=[ 73715, -14743, -5 ] xT=false
  D4 above=T1 pat=000 resclass=[ 810865, 73715, 11 ] xT=false
  D4 above=T3 pat=000 resclass=[ 11, -5, -55 ] xT=false
  D4 above=T1 pat=000 resclass=[ 810865, 73715, 11 ] xT=false
  D4 above=T3 pat=000 resclass=[ 11, -5, -55 ] xT=false
  D4 above=T2 pat=000 resclass=[ 73715, -14743, -5 ] xT=false
  D4 above=T2 pat=000 resclass=[ 73715, -14743, -5 ] xT=false
  D4 above=T1 pat=000 resclass=[ 810865, 73715, 11 ] xT=false
  D4 above=T3 pat=000 resclass=[ 11, -5, -55 ] xT=false
  D4 above=T1 pat=000 resclass=[ 810865, 73715, 11 ] xT=false
  D4 above=T3 pat=000 resclass=[ 11, -5, -55 ] xT=false
MEMBER stv 4 1/2 -1/4 shape=[ 1, 1, 2, 2 ] tors=[ 4, 4 ] order4=12 norm111=0 xTpass=0
  D4 above=T2 pat=000 resclass=[ 195, -65, -3 ] xT=false
  D4 above=T2 pat=000 resclass=[ 195, -65, -3 ] xT=false
  D4 above=T3 pat=000 resclass=[ 247, -3, -741 ] xT=false
  D4 above=T1 pat=000 resclass=[ 285, 195, 247 ] xT=false
  D4 above=T3 pat=000 resclass=[ 247, -3, -741 ] xT=false
  D4 above=T1 pat=000 resclass=[ 285, 195, 247 ] xT=false
  D4 above=T2 pat=000 resclass=[ 195, -65, -3 ] xT=false
  D4 above=T2 pat=000 resclass=[ 195, -65, -3 ] xT=false
  D4 above=T3 pat=000 resclass=[ 247, -3, -741 ] xT=false
  D4 above=T1 pat=000 resclass=[ 285, 195, 247 ] xT=false
  D4 above=T3 pat=000 resclass=[ 247, -3, -741 ] xT=false
  D4 above=T1 pat=000 resclass=[ 285, 195, 247 ] xT=false
MEMBER stv 1 5/6 11/16 shape=[ 1, 1, 2, 2 ] tors=[ 4, 4 ] order4=12 norm111=0 xTpass=0
  D4 above=T3 pat=000 resclass=[ 47, -11, -517 ] xT=false
  D4 above=T3 pat=000 resclass=[ 47, -11, -517 ] xT=false
  D4 above=T1 pat=000 resclass=[ -5360397, -114051, 47 ] xT=false
  D4 above=T2 pat=000 resclass=[ -114051, 1254561, -11 ] xT=false
  D4 above=T1 pat=000 resclass=[ -5360397, -114051, 47 ] xT=false
  D4 above=T2 pat=000 resclass=[ -114051, 1254561, -11 ] xT=false
  D4 above=T3 pat=000 resclass=[ 47, -11, -517 ] xT=false
  D4 above=T3 pat=000 resclass=[ 47, -11, -517 ] xT=false
  D4 above=T1 pat=000 resclass=[ -5360397, -114051, 47 ] xT=false
  D4 above=T2 pat=000 resclass=[ -114051, 1254561, -11 ] xT=false
  D4 above=T1 pat=000 resclass=[ -5360397, -114051, 47 ] xT=false
  D4 above=T2 pat=000 resclass=[ -114051, 1254561, -11 ] xT=false
MEMBER stv 11/20 1/17 -7/2 shape=[ 1, 1, 2, 2 ] tors=[ 4, 4 ] order4=12 norm111=0 xTpass=0
  D4 above=T1 pat=000 resclass=[ -733012067826593, 1556790823, -23071559 ] xT=false
  D4 above=T1 pat=000 resclass=[ -733012067826593, 1556790823, -23071559 ] xT=false
  D4 above=T3 pat=000 resclass=[ -23071559, -2, 46143118 ] xT=false
  D4 above=T2 pat=000 resclass=[ 1556790823, -3113581646, -2 ] xT=false
  D4 above=T3 pat=000 resclass=[ -23071559, -2, 46143118 ] xT=false
  D4 above=T2 pat=000 resclass=[ 1556790823, -3113581646, -2 ] xT=false
  D4 above=T1 pat=000 resclass=[ -733012067826593, 1556790823, -23071559 ] xT=false
  D4 above=T1 pat=000 resclass=[ -733012067826593, 1556790823, -23071559 ] xT=false
  D4 above=T3 pat=000 resclass=[ -23071559, -2, 46143118 ] xT=false
  D4 above=T2 pat=000 resclass=[ 1556790823, -3113581646, -2 ] xT=false
  D4 above=T3 pat=000 resclass=[ -23071559, -2, 46143118 ] xT=false
  D4 above=T2 pat=000 resclass=[ 1556790823, -3113581646, -2 ] xT=false
MEMBER stv 3 13/20 5/6 shape=[ 1, 1, 2, 2 ] tors=[ 4, 4 ] order4=12 norm111=0 xTpass=0
  D4 above=T3 pat=000 resclass=[ 17119, -231, -3954489 ] xT=false
  D4 above=T3 pat=000 resclass=[ 17119, -231, -3954489 ] xT=false
  D4 above=T1 pat=000 resclass=[ -86380462014, -1458260034, 17119 ] xT=false
  D4 above=T2 pat=000 resclass=[ -1458260034, 6312814, -231 ] xT=false
  D4 above=T1 pat=000 resclass=[ -86380462014, -1458260034, 17119 ] xT=false
  D4 above=T2 pat=000 resclass=[ -1458260034, 6312814, -231 ] xT=false
  D4 above=T3 pat=000 resclass=[ 17119, -231, -3954489 ] xT=false
  D4 above=T3 pat=000 resclass=[ 17119, -231, -3954489 ] xT=false
  D4 above=T1 pat=000 resclass=[ -86380462014, -1458260034, 17119 ] xT=false
  D4 above=T2 pat=000 resclass=[ -1458260034, 6312814, -231 ] xT=false
  D4 above=T1 pat=000 resclass=[ -86380462014, -1458260034, 17119 ] xT=false
  D4 above=T2 pat=000 resclass=[ -1458260034, 6312814, -231 ] xT=false
MEMBER stv 1 17/6 -1/4 shape=[ 1, 1, 2, 2 ] tors=[ 4, 4 ] order4=12 norm111=0 xTpass=0
  D4 above=T2 pat=000 resclass=[ -58446795, -231015, 253 ] xT=false
  D4 above=T2 pat=000 resclass=[ -58446795, -231015, 253 ] xT=false
  D4 above=T3 pat=000 resclass=[ -217, 253, -54901 ] xT=false
  D4 above=T1 pat=000 resclass=[ 12682954515, -58446795, -217 ] xT=false
  D4 above=T3 pat=000 resclass=[ -217, 253, -54901 ] xT=false
  D4 above=T1 pat=000 resclass=[ 12682954515, -58446795, -217 ] xT=false
  D4 above=T2 pat=000 resclass=[ -58446795, -231015, 253 ] xT=false
  D4 above=T2 pat=000 resclass=[ -58446795, -231015, 253 ] xT=false
  D4 above=T3 pat=000 resclass=[ -217, 253, -54901 ] xT=false
  D4 above=T1 pat=000 resclass=[ 12682954515, -58446795, -217 ] xT=false
  D4 above=T3 pat=000 resclass=[ -217, 253, -54901 ] xT=false
  D4 above=T1 pat=000 resclass=[ 12682954515, -58446795, -217 ] xT=false
PART_DONE part=10
