MEMBER stv 1/4 1/2 -1 shape=[ 1, 1, 2, 2 ] tors=[ 4, 4 ] order4=12 norm111=0 xTpass=0
  D4 above=T2 pat=000 resclass=[ 15, -5, -3 ] xT=false
  D4 above=T2 pat=000 resclass=[ 15, -5, -3 ] xT=false
  D4 above=T1 pat=000 resclass=[ -30, 15, -2 ] xT=false
  D4 above=T3 pat=000 resclass=[ -2, -3, 6 ] xT=false
  D4 above=T1 pat=000 resclass=[ -30, 15, -2 ] xT=false
  D4 above=T3 pat=000 resclass=[ -2, -3, 6 ] xT=false
  D4 above=T2 pat=000 resclass=[ 15, -5, -3 ] xT=false
  D4 above=T2 pat=000 resclass=[ 15, -5, -3 ] xT=false
  D4 above=T1 pat=000 resclass=[ -30, 15, -2 ] xT=false
  D4 above=T3 pat=000 resclass=[ -2, -3, 6 ] xT=false
  D4 above=T1 pat=000 resclass=[ -30, 15, -2 ] xT=false
  D4 above=T3 pat=000 resclass=[ -2, -3, 6 ] xT=false
MEMBER stv 1/3 1/3 -1/3 shape=[ 1, 1, 2, 2 ] tors=[ 4, 4 ] order4=12 norm111=0 xTpass=0
  D4 above=T2 pat=000 resclass=[ 8814, -4407, -2 ] xT=false
  D4 above=T2 pat=000 resclass=[ 8814, -4407, -2 ] xT=false
  D4 above=T3 pat=000 resclass=[ -55, -2, 110 ] xT=false
  D4 above=T1 pat=000 resclass=[ -484770, 8814, -55 ] xT=false
  D4 above=T3 pat=000 resclass=[ -55, -2, 110 ] xT=false
  D4 above=T1 pat=000 resclass=[ -484770, 8814, -55 ] xT=false
  D4 above=T2 pat=000 resclass=[ 8814, -4407, -2 ] xT=false
  D4 above=T2 pat=000 resclass=[ 8814, -4407, -2 ] xT=false
  D4 above=T3 pat=000 resclass=[ -55, -2, 110 ] xT=false
  D4 above=T1 pat=000 resclass=[ -484770, 8814, -55 ] xT=false
  D4 above=T3 pat=000 resclass=[ -55, -2, 110 ] xT=false
  D4 above=T1 pat=000 resclass=[ -484770, 8814, -55 ] xT=false
MEMBER stv 1/3 4 -2 shape=[ 1, 1, 2, 2 ] tors=[ 4, 4 ] order4=12 norm111=0 xTpass=0
  D4 above=T3 pat=000 resclass=[ -506, 15, -7590 ] xT=false
  D4 above=T3 pat=000 resclass=[ -506, 15, -7590 ] xT=false
  D4 above=T2 pat=000 resclass=[ -908670, -60578, 15 ] xT=false
  D4 above=T1 pat=000 resclass=[ 114946755, -908670, -506 ] xT=false
  D4 above=T2 pat=000 resclass=[ -908670, -60578, 15 ] xT=false
  D4 above=T1 pat=000 resclass=[ 114946755, -908670, -506 ] xT=false
  D4 above=T3 pat=000 resclass=[ -506, 15, -7590 ] xT=false
  D4 above=T3 pat=000 resclass=[ -506, 15, -7590 ] xT=false
  D4 above=T2 pat=000 resclass=[ -908670, -60578, 15 ] xT=false
  D4 above=T1 pat=000 resclass=[ 114946755, -908670, -506 ] xT=false
  D4 above=T2 pat=000 resclass=[ -908670, -60578, 15 ] xT=false
  D4 above=T1 pat=000 resclass=[ 114946755, -908670, -506 ] xT=false
MEMBER stv 1/2 3 -3/4 shape=[ 1, 1, 2, 2 ] tors=[ 4, 4 ] order4=12 norm111=0 xTpass=0
  D4 above=T3 pat=000 resclass=[ -255, 2, -510 ] xT=false
  D4 above=T3 pat=000 resclass=[ -255, 2, -510 ] xT=false
  D4 above=T1 pat=000 resclass=[ 1938170, -68406, -255 ] xT=false
  D4 above=T2 pat=000 resclass=[ -68406, -34203, 2 ] xT=false
  D4 above=T1 pat=000 resclass=[ 1938170, -68406, -255 ] xT=false
  D4 above=T2 pat=000 resclass=[ -68406, -34203, 2 ] xT=false
  D4 above=T3 pat=000 resclass=[ -255, 2, -510 ] xT=false
  D4 above=T3 pat=000 resclass=[ -255, 2, -510 ] xT=false
  D4 above=T1 pat=000 resclass=[ 1938170, -68406, -255 ] xT=false
  D4 above=T2 pat=000 resclass=[ -68406, -34203, 2 ] xT=false
  D4 above=T1 pat=000 resclass=[ 1938170, -68406, -255 ] xT=false
  D4 above=T2 pat=000 resclass=[ -68406, -34203, 2 ] xT=false
MEMBER stv 2/3 2 -1/4 shape=[ 1, 1, 2, 2 ] tors=[ 4, 4 ] order4=12 norm111=0 xTpass=0
  D4 above=T3 pat=000 resclass=[ -77, 3, -231 ] xT=false
  D4 above=T3 pat=000 resclass=[ -77, 3, -231 ] xT=false
  D4 above=T1 pat=000 resclass=[ 330, -210, -77 ] xT=false
  D4 above=T2 pat=000 resclass=[ -210, -70, 3 ] xT=false
  D4 above=T1 pat=000 resclass=[ 330, -210, -77 ] xT=false
  D4 above=T2 pat=000 resclass=[ -210, -70, 3 ] xT=false
  D4 above=T3 pat=000 resclass=[ -77, 3, -231 ] xT=false
  D4 above=T3 pat=000 resclass=[ -77, 3, -231 ] xT=false
  D4 above=T1 pat=000 resclass=[ 330, -210, -77 ] xT=false
  D4 above=T2 pat=000 resclass=[ -210, -70, 3 ] xT=false
  D4 above=T1 pat=000 resclass=[ 330, -210, -77 ] xT=false
  D4 above=T2 pat=000 resclass=[ -210, -70, 3 ] xT=false
MEMBER stv 3/4 4/3 -3/2 shape=[ 1, 1, 2, 2 ] tors=[ 4, 4 ] order4=12 norm111=0 xTpass=0
  D4 above=T1 pat=000 resclass=[ 296758, -134890, -55 ] xT=false
  D4 above=T1 pat=000 resclass=[ 296758, -134890, -55 ] xT=false
  D4 above=T3 pat=000 resclass=[ -55, 7, -385 ] xT=false
  D4 above=T2 pat=000 resclass=[ -134890, -19270, 7 ] xT=false
  D4 above=T3 pat=000 resclass=[ -55, 7, -385 ] xT=false
  D4 above=T2 pat=000 resclass=[ -134890, -19270, 7 ] xT=false
  D4 above=T1 pat=000 resclass=[ 296758, -134890, -55 ] xT=false
  D4 above=T1 pat=000 resclass=[ 296758, -134890, -55 ] xT=false
  D4 above=T3 pat=000 resclass=[ -55, 7, -385 ] xT=false
  D4 above=T2 pat=000 resclass=[ -134890, -19270, 7 ] xT=false
  D4 above=T3 pat=000 resclass=[ -55, 7, -385 ] xT=false
  D4 above=T2 pat=000 resclass=[ -134890, -19270, 7 ] xT=false
MEMBER stv 1 3/4 -2/3 shape=[ 1, 1, 2, 2 ] tors=[ 4, 4 ] order4=12 norm111=0 xTpass=0
  D4 above=T1 pat=000 resclass=[ 31395, 1365, 23 ] xT=false
  D4 above=T1 pat=000 resclass=[ 31395, 1365, 23 ] xT=false
  D4 above=T2 pat=000 resclass=[ 1365, -195, -7 ] xT=false
  D4 above=T3 pat=000 resclass=[ 23, -7, -161 ] xT=false
  D4 above=T2 pat=000 resclass=[ 1365, -195, -7 ] xT=false
  D4 above=T3 pat=000 resclass=[ 23, -7, -161 ] xT=false
  D4 above=T1 pat=000 resclass=[ 31395, 1365, 23 ] xT=false
  D4 above=T1 pat=000 resclass=[ 31395, 1365, 23 ] xT=false
  D4 above=T2 pat=000 resclass=[ 1365, -195, -7 ] xT=false
  D4 above=T3 pat=000 resclass=[ 23, -7, -161 ] xT=false
  D4 above=T2 pat=000 resclass=[ 1365, -195, -7 ] xT=false
  D4 above=T3 pat=000 resclass=[ 23, -7, -161 ] xT=false
MEMBER stv 4/3 1/2 -4 shape=[ 1, 1, 2, 2 ] tors=[ 4, 4 ] order4=12 norm111=0 xTpass=0
  D4 above=T2 pat=000 resclass=[ 40755, -13585, -3 ] xT=false
  D4 above=T2 pat=000 resclass=[ 40755, -13585, -3 ] xT=false
  D4 above=T3 pat=000 resclass=[ 7, -3, -21 ] xT=false
  D4 above=T1 pat=000 resclass=[ 285285, 40755, 7 ] xT=false
  D4 above=T3 pat=000 resclass=[ 7, -3, -21 ] xT=false
  D4 above=T1 pat=000 resclass=[ 285285, 40755, 7 ] xT=false
  D4 above=T2 pat=000 resclass=[ 40755, -13585, -3 ] xT=false
  D4 above=T2 pat=000 resclass=[ 40755, -13585, -3 ] xT=false
  D4 above=T3 pat=000 resclass=[ 7, -3, -21 ] xT=false
  D4 above=T1 pat=000 resclass=[ 285285, 40755, 7 ] xT=false
  D4 above=T3 pat=000 resclass=[ 7, -3, -21 ] xT=false
  D4 above=T1 pat=000 resclass=[ 285285, 40755, 7 ] xT=false
MEMBER stv 3/2 1/3 -4/3 shape=[ 1, 1, 2, 2 ] tors=[ 4, 4 ] order4=12 norm111=0 xTpass=0
  D4 above=T2 pat=000 resclass=[ 518, -259, -2 ] xT=false
  D4 above=T2 pat=000 resclass=[ 518, -259, -2 ] xT=false
  D4 above=T3 pat=000 resclass=[ 473, -2, -946 ] xT=false
  D4 above=T1 pat=000 resclass=[ 245014, 518, 473 ] xT=false
  D4 above=T3 pat=000 resclass=[ 473, -2, -946 ] xT=false
  D4 above=T1 pat=000 resclass=[ 245014, 518, 473 ] xT=false
  D4 above=T2 pat=000 resclass=[ 518, -259, -2 ] xT=false
  D4 above=T2 pat=000 resclass=[ 518, -259, -2 ] xT=false
  D4 above=T3 pat=000 resclass=[ 473, -2, -946 ] xT=false
  D4 above=T1 pat=000 resclass=[ 245014, 518, 473 ] xT=false
  D4 above=T3 pat=000 resclass=[ 473, -2, -946 ] xT=false
  D4 above=T1 pat=000 resclass=[ 245014, 518, 473 ] xT=false
MEMBER stv 2 1/4 -1/2 shape=[ 1, 1, 2, 2 ] tors=[ 4, 4 ] order4=12 norm111=0 xTpass=0
  D4 above=T1 pat=000 resclass=[ 21855, 7905, 799 ] xT=false
  D4 above=T1 pat=000 resclass=[ 21855, 7905, 799 ] xT=false
  D4 above=T3 pat=000 resclass=[ 799, -15, -11985 ] xT=false
  D4 above=T2 pat=000 resclass=[ 7905, -527, -15 ] xT=false
  D4 above=T3 pat=000 resclass=[ 799, -15, -11985 ] xT=false
  D4 above=T2 pat=000 resclass=[ 7905, -527, -15 ] xT=false
  D4 above=T1 pat=000 resclass=[ 21855, 7905, 799 ] xT=false
  D4 above=T1 pat=000 resclass=[ 21855, 7905, 799 ] xT=false
  D4 above=T3 pat=000 resclass=[ 799, -15, -11985 ] xT=false
  D4 above=T2 pat=000 resclass=[ 7905, -527, -15 ] xT=false
  D4 above=T3 pat=000 resclass=[ 799, -15, -11985 ] xT=false
  D4 above=T2 pat=000 resclass=[ 7905, -527, -15 ] xT=false
MEMBER stv 2 3 -3 shape=[ 1, 1, 2, 2 ] tors=[ 4, 4 ] order4=12 norm111=0 xTpass=0
  D4 above=T2 pat=000 resclass=[ 13530, 6765, 2 ] xT=false
  D4 above=T2 pat=000 resclass=[ 13530, 6765, 2 ] xT=false
  D4 above=T3 pat=000 resclass=[ -15, 2, -30 ] xT=false
  D4 above=T1 pat=000 resclass=[ -902, 13530, -15 ] xT=false
  D4 above=T3 pat=000 resclass=[ -15, 2, -30 ] xT=false
  D4 above=T1 pat=000 resclass=[ -902, 13530, -15 ] xT=false
  D4 above=T2 pat=000 resclass=[ 13530, 6765, 2 ] xT=false
  D4 above=T2 pat=000 resclass=[ 13530, 6765, 2 ] xT=false
  D4 above=T3 pat=000 resclass=[ -15, 2, -30 ] xT=false
  D4 above=T1 pat=000 resclass=[ -902, 13530, -15 ] xT=false
  D4 above=T3 pat=000 resclass=[ -15, 2, -30 ] xT=false
  D4 above=T1 pat=000 resclass=[ -902, 13530, -15 ] xT=false
MEMBER stv 3 2 -1 INVALID
MEMBER stv 4 3/2 -1/3 shape=[ 1, 1, 2, 2 ] tors=[ 4, 4 ] order4=12 norm111=0 xTpass=0
  D4 above=T3 pat=000 resclass=[ 231, 5, 1155 ] xT=false
  D4 above=T3 pat=000 resclass=[ 231, 5, 1155 ] xT=false
  D4 above=T1 pat=000 resclass=[ -815815, -31785, 231 ] xT=false
  D4 above=T2 pat=000 resclass=[ -31785, -6357, 5 ] xT=false
  D4 above=T1 pat=000 resclass=[ -815815, -31785, 231 ] xT=false
  D4 above=T2 pat=000 resclass=[ -31785, -6357, 5 ] xT=false
  D4 above=T3 pat=000 resclass=[ 231, 5, 1155 ] xT=false
  D4 above=T3 pat=000 resclass=[ 231, 5, 1155 ] xT=false
  D4 above=T1 pat=000 resclass=[ -815815, -31785, 231 ] xT=false
  D4 above=T2 pat=000 resclass=[ -31785, -6357, 5 ] xT=false
  D4 above=T1 pat=000 resclass=[ -815815, -31785, 231 ] xT=false
  D4 above=T2 pat=000 resclass=[ -31785, -6357, 5 ] xT=false
MEMBER stv 4/3 1/8 18/11 shape=[ 1, 1, 2, 2 ] tors=[ 4, 4 ] order4=12 norm111=0 xTpass=0
  D4 above=T2 pat=000 resclass=[ -293457241, 41922463, -7 ] xT=false
  D4 above=T2 pat=000 resclass=[ -293457241, 41922463, -7 ] xT=false
  D4 above=T1 pat=000 resclass=[ -8749427640415, -293457241, 29815 ] xT=false
  D4 above=T3 pat=000 resclass=[ 29815, -7, -208705 ] xT=false
  D4 above=T1 pat=000 resclass=[ -8749427640415, -293457241, 29815 ] xT=false
  D4 above=T3 pat=000 resclass=[ 29815, -7, -208705 ] xT=false
  D4 above=T2 pat=000 resclass=[ -293457241, 41922463, -7 ] xT=false
  D4 above=T2 pat=000 resclass=[ -293457241, 41922463, -7 ] xT=false
  D4 above=T1 pat=000 resclass=[ -8749427640415, -293457241, 29815 ] xT=false
  D4 above=T3 pat=000 resclass=[ 29815, -7, -208705 ] xT=false
  D4 above=T1 pat=000 resclass=[ -8749427640415, -293457241, 29815 ] xT=false
  D4 above=T3 pat=000 resclass=[ 29815, -7, -208705 ] xT=false
MEMBER stv 19/8 6/19 5/9 shape=[ 1, 1, 2, 2 ] tors=[ 4, 4 ] order4=12 norm111=0 xTpass=0
  D4 above=T2 pat=000 resclass=[ -48602137654265, 3738625973405, -13 ] xT=false
  D4 above=T2 pat=000 resclass=[ -48602137654265, 3738625973405, -13 ] xT=false
  D4 above=T3 pat=000 resclass=[ 4476209, -13, -58190717 ] xT=false
  D4 above=T1 pat=000 resclass=[ -217553325987259881385, -48602137654265, 4476209 ] xT=false
  D4 above=T3 pat=000 resclass=[ 4476209, -13, -58190717 ] xT=false
  D4 above=T1 pat=000 resclass=[ -217553325987259881385, -48602137654265, 4476209 ] xT=false
  D4 above=T2 pat=000 resclass=[ -48602137654265, 3738625973405, -13 ] xT=false
  D4 above=T2 pat=000 resclass=[ -48602137654265, 3738625973405, -13 ] xT=false
  D4 above=T3 pat=000 resclass=[ 4476209, -13, -58190717 ] xT=false
  D4 above=T1 pat=000 resclass=[ -217553325987259881385, -48602137654265, 4476209 ] xT=false
  D4 above=T3 pat=000 resclass=[ 4476209, -13, -58190717 ] xT=false
  D4 above=T1 pat=000 resclass=[ -217553325987259881385, -48602137654265, 4476209 ] xT=false
MEMBER stv 15/19 2 5/3 shape=[ 1, 1, 1, 1, 2 ] tors=[ 2, 4, 4 ] order4=24 norm111=0 xTpass=0
  D4 above=T1 pat=000 resclass=[ 7829430, -372830, -21 ] xT=false
  D4 above=T1 pat=000 resclass=[ 7829430, 372830, 21 ] xT=false
  D4 above=T1 pat=000 resclass=[ 7829430, -372830, -21 ] xT=false
  D4 above=T1 pat=000 resclass=[ 7829430, 372830, 21 ] xT=false
  D4 above=T2 pat=000 resclass=[ -372830, 1118490, -3 ] xT=false
  D4 above=T2 pat=000 resclass=[ -372830, -1118490, 3 ] xT=false
  D4 above=T3 pat=000 resclass=[ -21, -3, 7 ] xT=false
  D4 above=T3 pat=000 resclass=[ -21, 3, -7 ] xT=false
  D4 above=T2 pat=000 resclass=[ -372830, 1118490, -3 ] xT=false
  D4 above=T2 pat=000 resclass=[ -372830, -1118490, 3 ] xT=false
  D4 above=T3 pat=000 resclass=[ -21, -3, 7 ] xT=false
  D4 above=T3 pat=000 resclass=[ -21, 3, -7 ] xT=false
  D4 above=T1 pat=000 resclass=[ 7829430, -372830, -21 ] xT=false
  D4 above=T1 pat=000 resclass=[ 7829430, 372830, 21 ] xT=false
  D4 above=T1 pat=000 resclass=[ 7829430, -372830, -21 ] xT=false
  D4 above=T1 pat=000 resclass=[ 7829430, 372830, 21 ] xT=false
  D4 above=T2 pat=000 resclass=[ -372830, 1118490, -3 ] xT=false
  D4 above=T2 pat=000 resclass=[ -372830, -1118490, 3 ] xT=false
  D4 above=T3 pat=000 resclass=[ -21, -3, 7 ] xT=false
  D4 above=T3 pat=000 resclass=[ -21, 3, -7 ] xT=false
  D4 above=T2 pat=000 resclass=[ -372830, 1118490, -3 ] xT=false
  D4 above=T2 pat=000 resclass=[ -372830, -1118490, 3 ] xT=false
  D4 above=T3 pat=000 resclass=[ -21, -3, 7 ] xT=false
  D4 above=T3 pat=000 resclass=[ -21, 3, -7 ] xT=false
PART_DONE part=100
