MEMBER stv 1/4 1/2 4/3 shape=[ 1, 1, 2, 2 ] tors=[ 4, 4 ] order4=12 norm111=0 xTpass=0
  D4 above=T1 pat=000 resclass=[ 26, -13, -2 ] xT=false
  D4 above=T1 pat=000 resclass=[ 26, -13, -2 ] xT=false
  D4 above=T3 pat=000 resclass=[ -2, -3, 6 ] xT=false
  D4 above=T2 pat=000 resclass=[ -13, 39, -3 ] xT=false
  D4 above=T3 pat=000 resclass=[ -2, -3, 6 ] xT=false
  D4 above=T2 pat=000 resclass=[ -13, 39, -3 ] xT=false
  D4 above=T1 pat=000 resclass=[ 26, -13, -2 ] xT=false
  D4 above=T1 pat=000 resclass=[ 26, -13, -2 ] xT=false
  D4 above=T3 pat=000 resclass=[ -2, -3, 6 ] xT=false
  D4 above=T2 pat=000 resclass=[ -13, 39, -3 ] xT=false
  D4 above=T3 pat=000 resclass=[ -2, -3, 6 ] xT=false
  D4 above=T2 pat=000 resclass=[ -13, 39, -3 ] xT=false
MEMBER stv 1/3 1/3 1/2 shape=[ 1, 1, 2, 2 ] tors=[ 4, 4 ] order4=12 norm111=0 xTpass=0
  D4 above=T3 pat=000 resclass=[ -55, -2, 110 ] xT=false
  D4 above=T3 pat=000 resclass=[ -55, -2, 110 ] xT=false
  D4 above=T1 pat=000 resclass=[ 187055, -3401, -55 ] xT=false
  D4 above=T2 pat=000 resclass=[ -3401, 6802, -2 ] xT=false
  D4 above=T1 pat=000 resclass=[ 187055, -3401, -55 ] xT=false
  D4 above=T2 pat=000 resclass=[ -3401, 6802, -2 ] xT=false
  D4 above=T3 pat=000 resclass=[ -55, -2, 110 ] xT=false
  D4 above=T3 pat=000 resclass=[ -55, -2, 110 ] xT=false
  D4 above=T1 pat=000 resclass=[ 187055, -3401, -55 ] xT=false
  D4 above=T2 pat=000 resclass=[ -3401, 6802, -2 ] xT=false
  D4 above=T1 pat=000 resclass=[ 187055, -3401, -55 ] xT=false
  D4 above=T2 pat=000 resclass=[ -3401, 6802, -2 ] xT=false
MEMBER stv 1/3 4 3 shape=[ 1, 1, 2, 2 ] tors=[ 4, 4 ] order4=12 norm111=0 xTpass=0
  D4 above=T3 pat=000 resclass=[ -506, 15, -7590 ] xT=false
  D4 above=T3 pat=000 resclass=[ -506, 15, -7590 ] xT=false
  D4 above=T2 pat=000 resclass=[ -55, -33, 15 ] xT=false
  D4 above=T1 pat=000 resclass=[ 230, -55, -506 ] xT=false
  D4 above=T2 pat=000 resclass=[ -55, -33, 15 ] xT=false
  D4 above=T1 pat=000 resclass=[ 230, -55, -506 ] xT=false
  D4 above=T3 pat=000 resclass=[ -506, 15, -7590 ] xT=false
  D4 above=T3 pat=000 resclass=[ -506, 15, -7590 ] xT=false
  D4 above=T2 pat=000 resclass=[ -55, -33, 15 ] xT=false
  D4 above=T1 pat=000 resclass=[ 230, -55, -506 ] xT=false
  D4 above=T2 pat=000 resclass=[ -55, -33, 15 ] xT=false
  D4 above=T1 pat=000 resclass=[ 230, -55, -506 ] xT=false
MEMBER stv 1/2 3 1 shape=[ 1, 1, 2, 2 ] tors=[ 4, 4 ] order4=12 norm111=0 xTpass=0
  D4 above=T2 pat=000 resclass=[ -2830, -1415, 2 ] xT=false
  D4 above=T2 pat=000 resclass=[ -2830, -1415, 2 ] xT=false
  D4 above=T3 pat=000 resclass=[ -255, 2, -510 ] xT=false
  D4 above=T1 pat=000 resclass=[ 28866, -2830, -255 ] xT=false
  D4 above=T3 pat=000 resclass=[ -255, 2, -510 ] xT=false
  D4 above=T1 pat=000 resclass=[ 28866, -2830, -255 ] xT=false
  D4 above=T2 pat=000 resclass=[ -2830, -1415, 2 ] xT=false
  D4 above=T2 pat=000 resclass=[ -2830, -1415, 2 ] xT=false
  D4 above=T3 pat=000 resclass=[ -255, 2, -510 ] xT=false
  D4 above=T1 pat=000 resclass=[ 28866, -2830, -255 ] xT=false
  D4 above=T3 pat=000 resclass=[ -255, 2, -510 ] xT=false
  D4 above=T1 pat=000 resclass=[ 28866, -2830, -255 ] xT=false
MEMBER stv 2/3 2 1/3 shape=[ 1, 1, 2, 2 ] tors=[ 4, 4 ] order4=12 norm111=0 xTpass=0
  D4 above=T1 pat=000 resclass=[ 31, -2387, -77 ] xT=false
  D4 above=T1 pat=000 resclass=[ 31, -2387, -77 ] xT=false
  D4 above=T2 pat=000 resclass=[ -2387, -7161, 3 ] xT=false
  D4 above=T3 pat=000 resclass=[ -77, 3, -231 ] xT=false
  D4 above=T2 pat=000 resclass=[ -2387, -7161, 3 ] xT=false
  D4 above=T3 pat=000 resclass=[ -77, 3, -231 ] xT=false
  D4 above=T1 pat=000 resclass=[ 31, -2387, -77 ] xT=false
  D4 above=T1 pat=000 resclass=[ 31, -2387, -77 ] xT=false
  D4 above=T2 pat=000 resclass=[ -2387, -7161, 3 ] xT=false
  D4 above=T3 pat=000 resclass=[ -77, 3, -231 ] xT=false
  D4 above=T2 pat=000 resclass=[ -2387, -7161, 3 ] xT=false
  D4 above=T3 pat=000 resclass=[ -77, 3, -231 ] xT=false
MEMBER stv 3/4 4/3 2 shape=[ 1, 1, 2, 2 ] tors=[ 4, 4 ] order4=12 norm111=0 xTpass=0
  D4 above=T2 pat=000 resclass=[ -98770, -14110, 7 ] xT=false
  D4 above=T2 pat=000 resclass=[ -98770, -14110, 7 ] xT=false
  D4 above=T3 pat=000 resclass=[ -55, 7, -385 ] xT=false
  D4 above=T1 pat=000 resclass=[ 217294, -98770, -55 ] xT=false
  D4 above=T3 pat=000 resclass=[ -55, 7, -385 ] xT=false
  D4 above=T1 pat=000 resclass=[ 217294, -98770, -55 ] xT=false
  D4 above=T2 pat=000 resclass=[ -98770, -14110, 7 ] xT=false
  D4 above=T2 pat=000 resclass=[ -98770, -14110, 7 ] xT=false
  D4 above=T3 pat=000 resclass=[ -55, 7, -385 ] xT=false
  D4 above=T1 pat=000 resclass=[ 217294, -98770, -55 ] xT=false
  D4 above=T3 pat=000 resclass=[ -55, 7, -385 ] xT=false
  D4 above=T1 pat=000 resclass=[ 217294, -98770, -55 ] xT=false
MEMBER stv 1 3/4 3/4 shape=[ 1, 1, 2, 2 ] tors=[ 4, 4 ] order4=12 norm111=0 xTpass=0
  D4 above=T1 pat=000 resclass=[ -136689, -5943, 23 ] xT=false
  D4 above=T1 pat=000 resclass=[ -136689, -5943, 23 ] xT=false
  D4 above=T2 pat=000 resclass=[ -5943, 849, -7 ] xT=false
  D4 above=T3 pat=000 resclass=[ 23, -7, -161 ] xT=false
  D4 above=T2 pat=000 resclass=[ -5943, 849, -7 ] xT=false
  D4 above=T3 pat=000 resclass=[ 23, -7, -161 ] xT=false
  D4 above=T1 pat=000 resclass=[ -136689, -5943, 23 ] xT=false
  D4 above=T1 pat=000 resclass=[ -136689, -5943, 23 ] xT=false
  D4 above=T2 pat=000 resclass=[ -5943, 849, -7 ] xT=false
  D4 above=T3 pat=000 resclass=[ 23, -7, -161 ] xT=false
  D4 above=T2 pat=000 resclass=[ -5943, 849, -7 ] xT=false
  D4 above=T3 pat=000 resclass=[ 23, -7, -161 ] xT=false
MEMBER stv 4/3 2/3 1/4 shape=[ 1, 1, 2, 2 ] tors=[ 4, 4 ] order4=12 norm111=0 xTpass=0
  D4 above=T1 pat=000 resclass=[ -943670, -7930, 119 ] xT=false
  D4 above=T1 pat=000 resclass=[ -943670, -7930, 119 ] xT=false
  D4 above=T2 pat=000 resclass=[ -7930, 1586, -5 ] xT=false
  D4 above=T3 pat=000 resclass=[ 119, -5, -595 ] xT=false
  D4 above=T2 pat=000 resclass=[ -7930, 1586, -5 ] xT=false
  D4 above=T3 pat=000 resclass=[ 119, -5, -595 ] xT=false
  D4 above=T1 pat=000 resclass=[ -943670, -7930, 119 ] xT=false
  D4 above=T1 pat=000 resclass=[ -943670, -7930, 119 ] xT=false
  D4 above=T2 pat=000 resclass=[ -7930, 1586, -5 ] xT=false
  D4 above=T3 pat=000 resclass=[ 119, -5, -595 ] xT=false
  D4 above=T2 pat=000 resclass=[ -7930, 1586, -5 ] xT=false
  D4 above=T3 pat=000 resclass=[ 119, -5, -595 ] xT=false
MEMBER stv 3/2 1/3 3/2 shape=[ 1, 1, 2, 2 ] tors=[ 4, 4 ] order4=12 norm111=0 xTpass=0
  D4 above=T2 pat=000 resclass=[ -34195, 68390, -2 ] xT=false
  D4 above=T2 pat=000 resclass=[ -34195, 68390, -2 ] xT=false
  D4 above=T1 pat=000 resclass=[ -16174235, -34195, 473 ] xT=false
  D4 above=T3 pat=000 resclass=[ 473, -2, -946 ] xT=false
  D4 above=T1 pat=000 resclass=[ -16174235, -34195, 473 ] xT=false
  D4 above=T3 pat=000 resclass=[ 473, -2, -946 ] xT=false
  D4 above=T2 pat=000 resclass=[ -34195, 68390, -2 ] xT=false
  D4 above=T2 pat=000 resclass=[ -34195, 68390, -2 ] xT=false
  D4 above=T1 pat=000 resclass=[ -16174235, -34195, 473 ] xT=false
  D4 above=T3 pat=000 resclass=[ 473, -2, -946 ] xT=false
  D4 above=T1 pat=000 resclass=[ -16174235, -34195, 473 ] xT=false
  D4 above=T3 pat=000 resclass=[ 473, -2, -946 ] xT=false
MEMBER stv 2 1/4 2/3 shape=[ 1, 1, 2, 2 ] tors=[ 4, 4 ] order4=12 norm111=0 xTpass=0
  D4 above=T2 pat=000 resclass=[ -78265, 46959, -15 ] xT=false
  D4 above=T2 pat=000 resclass=[ -78265, 46959, -15 ] xT=false
  D4 above=T3 pat=000 resclass=[ 799, -15, -11985 ] xT=false
  D4 above=T1 pat=000 resclass=[ -62533735, -78265, 799 ] xT=false
  D4 above=T3 pat=000 resclass=[ 799, -15, -11985 ] xT=false
  D4 above=T1 pat=000 resclass=[ -62533735, -78265, 799 ] xT=false
  D4 above=T2 pat=000 resclass=[ -78265, 46959, -15 ] xT=false
  D4 above=T2 pat=000 resclass=[ -78265, 46959, -15 ] xT=false
  D4 above=T3 pat=000 resclass=[ 799, -15, -11985 ] xT=false
  D4 above=T1 pat=000 resclass=[ -62533735, -78265, 799 ] xT=false
  D4 above=T3 pat=000 resclass=[ 799, -15, -11985 ] xT=false
  D4 above=T1 pat=000 resclass=[ -62533735, -78265, 799 ] xT=false
MEMBER stv 2 3 4 shape=[ 1, 1, 2, 2 ] tors=[ 4, 4 ] order4=12 norm111=0 xTpass=0
  D4 above=T2 pat=000 resclass=[ -9214, -4607, 2 ] xT=false
  D4 above=T2 pat=000 resclass=[ -9214, -4607, 2 ] xT=false
  D4 above=T1 pat=000 resclass=[ 138210, -9214, -15 ] xT=false
  D4 above=T3 pat=000 resclass=[ -15, 2, -30 ] xT=false
  D4 above=T1 pat=000 resclass=[ 138210, -9214, -15 ] xT=false
  D4 above=T3 pat=000 resclass=[ -15, 2, -30 ] xT=false
  D4 above=T2 pat=000 resclass=[ -9214, -4607, 2 ] xT=false
  D4 above=T2 pat=000 resclass=[ -9214, -4607, 2 ] xT=false
  D4 above=T1 pat=000 resclass=[ 138210, -9214, -15 ] xT=false
  D4 above=T3 pat=000 resclass=[ -15, 2, -30 ] xT=false
  D4 above=T1 pat=000 resclass=[ 138210, -9214, -15 ] xT=false
  D4 above=T3 pat=000 resclass=[ -15, 2, -30 ] xT=false
MEMBER stv 3 2 4/3 INVALID
MEMBER stv 4 3/2 1/2 shape=[ 1, 1, 2, 2 ] tors=[ 4, 4 ] order4=12 norm111=0 xTpass=0
  D4 above=T3 pat=000 resclass=[ 231, 5, 1155 ] xT=false
  D4 above=T3 pat=000 resclass=[ 231, 5, 1155 ] xT=false
  D4 above=T2 pat=000 resclass=[ 15, 3, 5 ] xT=false
  D4 above=T1 pat=000 resclass=[ 385, 15, 231 ] xT=false
  D4 above=T2 pat=000 resclass=[ 15, 3, 5 ] xT=false
  D4 above=T1 pat=000 resclass=[ 385, 15, 231 ] xT=false
  D4 above=T3 pat=000 resclass=[ 231, 5, 1155 ] xT=false
  D4 above=T3 pat=000 resclass=[ 231, 5, 1155 ] xT=false
  D4 above=T2 pat=000 resclass=[ 15, 3, 5 ] xT=false
  D4 above=T1 pat=000 resclass=[ 385, 15, 231 ] xT=false
  D4 above=T2 pat=000 resclass=[ 15, 3, 5 ] xT=false
  D4 above=T1 pat=000 resclass=[ 385, 15, 231 ] xT=false
MEMBER stv 3/14 5/16 -19/14 shape=[ 1, 1, 2, 2 ] tors=[ 4, 4 ] order4=12 norm111=0 xTpass=0
  D4 above=T3 pat=000 resclass=[ -274137, -231, 7036183 ] xT=false
  D4 above=T3 pat=000 resclass=[ -274137, -231, 7036183 ] xT=false
  D4 above=T2 pat=000 resclass=[ 118670624074794, -25172556621926, -231 ] xT=false
  D4 above=T1 pat=000 resclass=[ -6833020136944298, 118670624074794, -274137 ] xT=false
  D4 above=T2 pat=000 resclass=[ 118670624074794, -25172556621926, -231 ] xT=false
  D4 above=T1 pat=000 resclass=[ -6833020136944298, 118670624074794, -274137 ] xT=false
  D4 above=T3 pat=000 resclass=[ -274137, -231, 7036183 ] xT=false
  D4 above=T3 pat=000 resclass=[ -274137, -231, 7036183 ] xT=false
  D4 above=T2 pat=000 resclass=[ 118670624074794, -25172556621926, -231 ] xT=false
  D4 above=T1 pat=000 resclass=[ -6833020136944298, 118670624074794, -274137 ] xT=false
  D4 above=T2 pat=000 resclass=[ 118670624074794, -25172556621926, -231 ] xT=false
  D4 above=T1 pat=000 resclass=[ -6833020136944298, 118670624074794, -274137 ] xT=false
MEMBER stv 17/14 4/7 3/2 shape=[ 1, 1, 2, 2 ] tors=[ 4, 4 ] order4=12 norm111=0 xTpass=0
  D4 above=T3 pat=000 resclass=[ 9805, -33, -323565 ] xT=false
  D4 above=T3 pat=000 resclass=[ 9805, -33, -323565 ] xT=false
  D4 above=T1 pat=000 resclass=[ -18474697150030, -1884211846, 9805 ] xT=false
  D4 above=T2 pat=000 resclass=[ -1884211846, 513875958, -33 ] xT=false
  D4 above=T1 pat=000 resclass=[ -18474697150030, -1884211846, 9805 ] xT=false
  D4 above=T2 pat=000 resclass=[ -1884211846, 513875958, -33 ] xT=false
  D4 above=T3 pat=000 resclass=[ 9805, -33, -323565 ] xT=false
  D4 above=T3 pat=000 resclass=[ 9805, -33, -323565 ] xT=false
  D4 above=T1 pat=000 resclass=[ -18474697150030, -1884211846, 9805 ] xT=false
  D4 above=T2 pat=000 resclass=[ -1884211846, 513875958, -33 ] xT=false
  D4 above=T1 pat=000 resclass=[ -18474697150030, -1884211846, 9805 ] xT=false
  D4 above=T2 pat=000 resclass=[ -1884211846, 513875958, -33 ] xT=false
MEMBER stv 10/7 3/10 2/3 shape=[ 1, 1, 2, 2 ] tors=[ 4, 4 ] order4=12 norm111=0 xTpass=0
  D4 above=T2 pat=000 resclass=[ -168159934761, 1847911371, -91 ] xT=false
  D4 above=T2 pat=000 resclass=[ -168159934761, 1847911371, -91 ] xT=false
  D4 above=T3 pat=000 resclass=[ 4911, -91, -446901 ] xT=false
  D4 above=T1 pat=000 resclass=[ -91759271067919, -168159934761, 4911 ] xT=false
  D4 above=T3 pat=000 resclass=[ 4911, -91, -446901 ] xT=false
  D4 above=T1 pat=000 resclass=[ -91759271067919, -168159934761, 4911 ] xT=false
  D4 above=T2 pat=000 resclass=[ -168159934761, 1847911371, -91 ] xT=false
  D4 above=T2 pat=000 resclass=[ -168159934761, 1847911371, -91 ] xT=false
  D4 above=T3 pat=000 resclass=[ 4911, -91, -446901 ] xT=false
  D4 above=T1 pat=000 resclass=[ -91759271067919, -168159934761, 4911 ] xT=false
  D4 above=T3 pat=000 resclass=[ 4911, -91, -446901 ] xT=false
  D4 above=T1 pat=000 resclass=[ -91759271067919, -168159934761, 4911 ] xT=false
PART_DONE part=101
