MEMBER stv 1/4 1/2 -4/3 shape=[ 1, 1, 2, 2 ] tors=[ 4, 4 ] order4=12 norm111=0 xTpass=0
  D4 above=T2 pat=000 resclass=[ 22, -66, -3 ] xT=false
  D4 above=T2 pat=000 resclass=[ 22, -66, -3 ] xT=false
  D4 above=T3 pat=000 resclass=[ -2, -3, 6 ] xT=false
  D4 above=T1 pat=000 resclass=[ -11, 22, -2 ] xT=false
  D4 above=T3 pat=000 resclass=[ -2, -3, 6 ] xT=false
  D4 above=T1 pat=000 resclass=[ -11, 22, -2 ] xT=false
  D4 above=T2 pat=000 resclass=[ 22, -66, -3 ] xT=false
  D4 above=T2 pat=000 resclass=[ 22, -66, -3 ] xT=false
  D4 above=T3 pat=000 resclass=[ -2, -3, 6 ] xT=false
  D4 above=T1 pat=000 resclass=[ -11, 22, -2 ] xT=false
  D4 above=T3 pat=000 resclass=[ -2, -3, 6 ] xT=false
  D4 above=T1 pat=000 resclass=[ -11, 22, -2 ] xT=false
MEMBER stv 1/3 1/3 -1/2 shape=[ 1, 1, 2, 2 ] tors=[ 4, 4 ] order4=12 norm111=0 xTpass=0
  D4 above=T3 pat=000 resclass=[ -55, -2, 110 ] xT=false
  D4 above=T3 pat=000 resclass=[ -55, -2, 110 ] xT=false
  D4 above=T1 pat=000 resclass=[ -5423, 2465, -55 ] xT=false
  D4 above=T2 pat=000 resclass=[ 2465, -4930, -2 ] xT=false
  D4 above=T1 pat=000 resclass=[ -5423, 2465, -55 ] xT=false
  D4 above=T2 pat=000 resclass=[ 2465, -4930, -2 ] xT=false
  D4 above=T3 pat=000 resclass=[ -55, -2, 110 ] xT=false
  D4 above=T3 pat=000 resclass=[ -55, -2, 110 ] xT=false
  D4 above=T1 pat=000 resclass=[ -5423, 2465, -55 ] xT=false
  D4 above=T2 pat=000 resclass=[ 2465, -4930, -2 ] xT=false
  D4 above=T1 pat=000 resclass=[ -5423, 2465, -55 ] xT=false
  D4 above=T2 pat=000 resclass=[ 2465, -4930, -2 ] xT=false
MEMBER stv 1/3 4 -3 shape=[ 1, 1, 2, 2 ] tors=[ 4, 4 ] order4=12 norm111=0 xTpass=0
  D4 above=T3 pat=000 resclass=[ -506, 15, -7590 ] xT=false
  D4 above=T3 pat=000 resclass=[ -506, 15, -7590 ] xT=false
  D4 above=T1 pat=000 resclass=[ 5170, -5405, -506 ] xT=false
  D4 above=T2 pat=000 resclass=[ -5405, -3243, 15 ] xT=false
  D4 above=T1 pat=000 resclass=[ 5170, -5405, -506 ] xT=false
  D4 above=T2 pat=000 resclass=[ -5405, -3243, 15 ] xT=false
  D4 above=T3 pat=000 resclass=[ -506, 15, -7590 ] xT=false
  D4 above=T3 pat=000 resclass=[ -506, 15, -7590 ] xT=false
  D4 above=T1 pat=000 resclass=[ 5170, -5405, -506 ] xT=false
  D4 above=T2 pat=000 resclass=[ -5405, -3243, 15 ] xT=false
  D4 above=T1 pat=000 resclass=[ 5170, -5405, -506 ] xT=false
  D4 above=T2 pat=000 resclass=[ -5405, -3243, 15 ] xT=false
MEMBER stv 1/2 3 -1 shape=[ 1, 1, 2, 2 ] tors=[ 4, 4 ] order4=12 norm111=0 xTpass=0
  D4 above=T1 pat=000 resclass=[ 49470, -194, -255 ] xT=false
  D4 above=T1 pat=000 resclass=[ 49470, -194, -255 ] xT=false
  D4 above=T2 pat=000 resclass=[ -194, -97, 2 ] xT=false
  D4 above=T3 pat=000 resclass=[ -255, 2, -510 ] xT=false
  D4 above=T2 pat=000 resclass=[ -194, -97, 2 ] xT=false
  D4 above=T3 pat=000 resclass=[ -255, 2, -510 ] xT=false
  D4 above=T1 pat=000 resclass=[ 49470, -194, -255 ] xT=false
  D4 above=T1 pat=000 resclass=[ 49470, -194, -255 ] xT=false
  D4 above=T2 pat=000 resclass=[ -194, -97, 2 ] xT=false
  D4 above=T3 pat=000 resclass=[ -255, 2, -510 ] xT=false
  D4 above=T2 pat=000 resclass=[ -194, -97, 2 ] xT=false
  D4 above=T3 pat=000 resclass=[ -255, 2, -510 ] xT=false
MEMBER stv 2/3 2 -1/3 shape=[ 1, 1, 2, 2 ] tors=[ 4, 4 ] order4=12 norm111=0 xTpass=0
  D4 above=T2 pat=000 resclass=[ -3013, -9039, 3 ] xT=false
  D4 above=T2 pat=000 resclass=[ -3013, -9039, 3 ] xT=false
  D4 above=T3 pat=000 resclass=[ -77, 3, -231 ] xT=false
  D4 above=T1 pat=000 resclass=[ 232001, -3013, -77 ] xT=false
  D4 above=T3 pat=000 resclass=[ -77, 3, -231 ] xT=false
  D4 above=T1 pat=000 resclass=[ 232001, -3013, -77 ] xT=false
  D4 above=T2 pat=000 resclass=[ -3013, -9039, 3 ] xT=false
  D4 above=T2 pat=000 resclass=[ -3013, -9039, 3 ] xT=false
  D4 above=T3 pat=000 resclass=[ -77, 3, -231 ] xT=false
  D4 above=T1 pat=000 resclass=[ 232001, -3013, -77 ] xT=false
  D4 above=T3 pat=000 resclass=[ -77, 3, -231 ] xT=false
  D4 above=T1 pat=000 resclass=[ 232001, -3013, -77 ] xT=false
MEMBER stv 3/4 4/3 -2 shape=[ 1, 1, 2, 2 ] tors=[ 4, 4 ] order4=12 norm111=0 xTpass=0
  D4 above=T2 pat=000 resclass=[ 23954, 3422, 7 ] xT=false
  D4 above=T2 pat=000 resclass=[ 23954, 3422, 7 ] xT=false
  D4 above=T3 pat=000 resclass=[ -55, 7, -385 ] xT=false
  D4 above=T1 pat=000 resclass=[ -1317470, 23954, -55 ] xT=false
  D4 above=T3 pat=000 resclass=[ -55, 7, -385 ] xT=false
  D4 above=T1 pat=000 resclass=[ -1317470, 23954, -55 ] xT=false
  D4 above=T2 pat=000 resclass=[ 23954, 3422, 7 ] xT=false
  D4 above=T2 pat=000 resclass=[ 23954, 3422, 7 ] xT=false
  D4 above=T3 pat=000 resclass=[ -55, 7, -385 ] xT=false
  D4 above=T1 pat=000 resclass=[ -1317470, 23954, -55 ] xT=false
  D4 above=T3 pat=000 resclass=[ -55, 7, -385 ] xT=false
  D4 above=T1 pat=000 resclass=[ -1317470, 23954, -55 ] xT=false
MEMBER stv 1 3/4 -3/4 shape=[ 1, 1, 2, 2 ] tors=[ 4, 4 ] order4=12 norm111=0 xTpass=0
  D4 above=T1 pat=000 resclass=[ 32361, 1407, 23 ] xT=false
  D4 above=T1 pat=000 resclass=[ 32361, 1407, 23 ] xT=false
  D4 above=T2 pat=000 resclass=[ 1407, -201, -7 ] xT=false
  D4 above=T3 pat=000 resclass=[ 23, -7, -161 ] xT=false
  D4 above=T2 pat=000 resclass=[ 1407, -201, -7 ] xT=false
  D4 above=T3 pat=000 resclass=[ 23, -7, -161 ] xT=false
  D4 above=T1 pat=000 resclass=[ 32361, 1407, 23 ] xT=false
  D4 above=T1 pat=000 resclass=[ 32361, 1407, 23 ] xT=false
  D4 above=T2 pat=000 resclass=[ 1407, -201, -7 ] xT=false
  D4 above=T3 pat=000 resclass=[ 23, -7, -161 ] xT=false
  D4 above=T2 pat=000 resclass=[ 1407, -201, -7 ] xT=false
  D4 above=T3 pat=000 resclass=[ 23, -7, -161 ] xT=false
MEMBER stv 4/3 2/3 -1/4 shape=[ 1, 1, 2, 2 ] tors=[ 4, 4 ] order4=12 norm111=0 xTpass=0
  D4 above=T1 pat=000 resclass=[ 1190, 10, 119 ] xT=false
  D4 above=T1 pat=000 resclass=[ 1190, 10, 119 ] xT=false
  D4 above=T3 pat=000 resclass=[ 119, -5, -595 ] xT=false
  D4 above=T2 pat=000 resclass=[ 10, -2, -5 ] xT=false
  D4 above=T3 pat=000 resclass=[ 119, -5, -595 ] xT=false
  D4 above=T2 pat=000 resclass=[ 10, -2, -5 ] xT=false
  D4 above=T1 pat=000 resclass=[ 1190, 10, 119 ] xT=false
  D4 above=T1 pat=000 resclass=[ 1190, 10, 119 ] xT=false
  D4 above=T3 pat=000 resclass=[ 119, -5, -595 ] xT=false
  D4 above=T2 pat=000 resclass=[ 10, -2, -5 ] xT=false
  D4 above=T3 pat=000 resclass=[ 119, -5, -595 ] xT=false
  D4 above=T2 pat=000 resclass=[ 10, -2, -5 ] xT=false
MEMBER stv 3/2 1/3 -3/2 shape=[ 1, 1, 2, 2 ] tors=[ 4, 4 ] order4=12 norm111=0 xTpass=0
  D4 above=T3 pat=000 resclass=[ 473, -2, -946 ] xT=false
  D4 above=T3 pat=000 resclass=[ 473, -2, -946 ] xT=false
  D4 above=T1 pat=000 resclass=[ 4897915, 10355, 473 ] xT=false
  D4 above=T2 pat=000 resclass=[ 10355, -20710, -2 ] xT=false
  D4 above=T1 pat=000 resclass=[ 4897915, 10355, 473 ] xT=false
  D4 above=T2 pat=000 resclass=[ 10355, -20710, -2 ] xT=false
  D4 above=T3 pat=000 resclass=[ 473, -2, -946 ] xT=false
  D4 above=T3 pat=000 resclass=[ 473, -2, -946 ] xT=false
  D4 above=T1 pat=000 resclass=[ 4897915, 10355, 473 ] xT=false
  D4 above=T2 pat=000 resclass=[ 10355, -20710, -2 ] xT=false
  D4 above=T1 pat=000 resclass=[ 4897915, 10355, 473 ] xT=false
  D4 above=T2 pat=000 resclass=[ 10355, -20710, -2 ] xT=false
MEMBER stv 2 1/4 -2/3 shape=[ 1, 1, 2, 2 ] tors=[ 4, 4 ] order4=12 norm111=0 xTpass=0
  D4 above=T1 pat=000 resclass=[ 523345, 655, 799 ] xT=false
  D4 above=T1 pat=000 resclass=[ 523345, 655, 799 ] xT=false
  D4 above=T2 pat=000 resclass=[ 655, -393, -15 ] xT=false
  D4 above=T3 pat=000 resclass=[ 799, -15, -11985 ] xT=false
  D4 above=T2 pat=000 resclass=[ 655, -393, -15 ] xT=false
  D4 above=T3 pat=000 resclass=[ 799, -15, -11985 ] xT=false
  D4 above=T1 pat=000 resclass=[ 523345, 655, 799 ] xT=false
  D4 above=T1 pat=000 resclass=[ 523345, 655, 799 ] xT=false
  D4 above=T2 pat=000 resclass=[ 655, -393, -15 ] xT=false
  D4 above=T3 pat=000 resclass=[ 799, -15, -11985 ] xT=false
  D4 above=T2 pat=000 resclass=[ 655, -393, -15 ] xT=false
  D4 above=T3 pat=000 resclass=[ 799, -15, -11985 ] xT=false
MEMBER stv 2 3 -4 shape=[ 1, 1, 2, 2 ] tors=[ 4, 4 ] order4=12 norm111=0 xTpass=0
  D4 above=T2 pat=000 resclass=[ 910, 455, 2 ] xT=false
  D4 above=T2 pat=000 resclass=[ 910, 455, 2 ] xT=false
  D4 above=T3 pat=000 resclass=[ -15, 2, -30 ] xT=false
  D4 above=T1 pat=000 resclass=[ -546, 910, -15 ] xT=false
  D4 above=T3 pat=000 resclass=[ -15, 2, -30 ] xT=false
  D4 above=T1 pat=000 resclass=[ -546, 910, -15 ] xT=false
  D4 above=T2 pat=000 resclass=[ 910, 455, 2 ] xT=false
  D4 above=T2 pat=000 resclass=[ 910, 455, 2 ] xT=false
  D4 above=T3 pat=000 resclass=[ -15, 2, -30 ] xT=false
  D4 above=T1 pat=000 resclass=[ -546, 910, -15 ] xT=false
  D4 above=T3 pat=000 resclass=[ -15, 2, -30 ] xT=false
  D4 above=T1 pat=000 resclass=[ -546, 910, -15 ] xT=false
MEMBER stv 3 2 -4/3 INVALID
MEMBER stv 4 3/2 -1/2 shape=[ 1, 1, 2, 2 ] tors=[ 4, 4 ] order4=12 norm111=0 xTpass=0
  D4 above=T2 pat=000 resclass=[ -6265, -1253, 5 ] xT=false
  D4 above=T2 pat=000 resclass=[ -6265, -1253, 5 ] xT=false
  D4 above=T3 pat=000 resclass=[ 231, 5, 1155 ] xT=false
  D4 above=T1 pat=000 resclass=[ -29535, -6265, 231 ] xT=false
  D4 above=T3 pat=000 resclass=[ 231, 5, 1155 ] xT=false
  D4 above=T1 pat=000 resclass=[ -29535, -6265, 231 ] xT=false
  D4 above=T2 pat=000 resclass=[ -6265, -1253, 5 ] xT=false
  D4 above=T2 pat=000 resclass=[ -6265, -1253, 5 ] xT=false
  D4 above=T3 pat=000 resclass=[ 231, 5, 1155 ] xT=false
  D4 above=T1 pat=000 resclass=[ -29535, -6265, 231 ] xT=false
  D4 above=T3 pat=000 resclass=[ 231, 5, 1155 ] xT=false
  D4 above=T1 pat=000 resclass=[ -29535, -6265, 231 ] xT=false
MEMBER stv 16/7 4/9 11/5 shape=[ 1, 1, 2, 2 ] tors=[ 4, 4 ] order4=12 norm111=0 xTpass=0
  D4 above=T3 pat=000 resclass=[ 1751, -65, -113815 ] xT=false
  D4 above=T3 pat=000 resclass=[ 1751, -65, -113815 ] xT=false
  D4 above=T1 pat=000 resclass=[ -15822487321410913, -9036257750663, 1751 ] xT=false
  D4 above=T2 pat=000 resclass=[ -9036257750663, 3475483750255, -65 ] xT=false
  D4 above=T1 pat=000 resclass=[ -15822487321410913, -9036257750663, 1751 ] xT=false
  D4 above=T2 pat=000 resclass=[ -9036257750663, 3475483750255, -65 ] xT=false
  D4 above=T3 pat=000 resclass=[ 1751, -65, -113815 ] xT=false
  D4 above=T3 pat=000 resclass=[ 1751, -65, -113815 ] xT=false
  D4 above=T1 pat=000 resclass=[ -15822487321410913, -9036257750663, 1751 ] xT=false
  D4 above=T2 pat=000 resclass=[ -9036257750663, 3475483750255, -65 ] xT=false
  D4 above=T1 pat=000 resclass=[ -15822487321410913, -9036257750663, 1751 ] xT=false
  D4 above=T2 pat=000 resclass=[ -9036257750663, 3475483750255, -65 ] xT=false
MEMBER stv 18 4/5 17/14 shape=[ 1, 1, 2, 2 ] tors=[ 4, 4 ] order4=12 norm111=0 xTpass=0
  D4 above=T1 pat=000 resclass=[ -200248863738, -1134743561182, 51 ] xT=false
  D4 above=T1 pat=000 resclass=[ -200248863738, -1134743561182, 51 ] xT=false
  D4 above=T2 pat=000 resclass=[ -1134743561182, 1134743561182, -1 ] xT=false
  D4 above=T3 pat=000 resclass=[ 51, -1, -51 ] xT=false
  D4 above=T2 pat=000 resclass=[ -1134743561182, 1134743561182, -1 ] xT=false
  D4 above=T3 pat=000 resclass=[ 51, -1, -51 ] xT=false
  D4 above=T1 pat=000 resclass=[ -200248863738, -1134743561182, 51 ] xT=false
  D4 above=T1 pat=000 resclass=[ -200248863738, -1134743561182, 51 ] xT=false
  D4 above=T2 pat=000 resclass=[ -1134743561182, 1134743561182, -1 ] xT=false
  D4 above=T3 pat=000 resclass=[ 51, -1, -51 ] xT=false
  D4 above=T2 pat=000 resclass=[ -1134743561182, 1134743561182, -1 ] xT=false
  D4 above=T3 pat=000 resclass=[ 51, -1, -51 ] xT=false
MEMBER stv 9/10 19/7 -9/13 shape=[ 1, 1, 2, 2 ] tors=[ 4, 4 ] order4=12 norm111=0 xTpass=0
  D4 above=T3 pat=000 resclass=[ -1059991, 78, -82679298 ] xT=false
  D4 above=T3 pat=000 resclass=[ -1059991, 78, -82679298 ] xT=false
  D4 above=T1 pat=000 resclass=[ 373102474894660986, -351986455446, -1059991 ] xT=false
  D4 above=T2 pat=000 resclass=[ -351986455446, -762637320133, 78 ] xT=false
  D4 above=T1 pat=000 resclass=[ 373102474894660986, -351986455446, -1059991 ] xT=false
  D4 above=T2 pat=000 resclass=[ -351986455446, -762637320133, 78 ] xT=false
  D4 above=T3 pat=000 resclass=[ -1059991, 78, -82679298 ] xT=false
  D4 above=T3 pat=000 resclass=[ -1059991, 78, -82679298 ] xT=false
  D4 above=T1 pat=000 resclass=[ 373102474894660986, -351986455446, -1059991 ] xT=false
  D4 above=T2 pat=000 resclass=[ -351986455446, -762637320133, 78 ] xT=false
  D4 above=T1 pat=000 resclass=[ 373102474894660986, -351986455446, -1059991 ] xT=false
  D4 above=T2 pat=000 resclass=[ -351986455446, -762637320133, 78 ] xT=false
PART_DONE part=102
