MEMBER stv 1/4 1/2 3/2 shape=[ 1, 1, 2, 2 ] tors=[ 4, 4 ] order4=12 norm111=0 xTpass=0
  D4 above=T3 pat=000 resclass=[ -2, -3, 6 ] xT=false
  D4 above=T3 pat=000 resclass=[ -2, -3, 6 ] xT=false
  D4 above=T1 pat=000 resclass=[ 385, -770, -2 ] xT=false
  D4 above=T2 pat=000 resclass=[ -770, 2310, -3 ] xT=false
  D4 above=T1 pat=000 resclass=[ 385, -770, -2 ] xT=false
  D4 above=T2 pat=000 resclass=[ -770, 2310, -3 ] xT=false
  D4 above=T3 pat=000 resclass=[ -2, -3, 6 ] xT=false
  D4 above=T3 pat=000 resclass=[ -2, -3, 6 ] xT=false
  D4 above=T1 pat=000 resclass=[ 385, -770, -2 ] xT=false
  D4 above=T2 pat=000 resclass=[ -770, 2310, -3 ] xT=false
  D4 above=T1 pat=000 resclass=[ 385, -770, -2 ] xT=false
  D4 above=T2 pat=000 resclass=[ -770, 2310, -3 ] xT=false
MEMBER stv 1/3 1/3 2/3 shape=[ 1, 1, 2, 2 ] tors=[ 4, 4 ] order4=12 norm111=0 xTpass=0
  D4 above=T3 pat=000 resclass=[ -55, -2, 110 ] xT=false
  D4 above=T3 pat=000 resclass=[ -55, -2, 110 ] xT=false
  D4 above=T2 pat=000 resclass=[ -24099, 48198, -2 ] xT=false
  D4 above=T1 pat=000 resclass=[ 1325445, -24099, -55 ] xT=false
  D4 above=T2 pat=000 resclass=[ -24099, 48198, -2 ] xT=false
  D4 above=T1 pat=000 resclass=[ 1325445, -24099, -55 ] xT=false
  D4 above=T3 pat=000 resclass=[ -55, -2, 110 ] xT=false
  D4 above=T3 pat=000 resclass=[ -55, -2, 110 ] xT=false
  D4 above=T2 pat=000 resclass=[ -24099, 48198, -2 ] xT=false
  D4 above=T1 pat=000 resclass=[ 1325445, -24099, -55 ] xT=false
  D4 above=T2 pat=000 resclass=[ -24099, 48198, -2 ] xT=false
  D4 above=T1 pat=000 resclass=[ 1325445, -24099, -55 ] xT=false
MEMBER stv 1/3 4 4 shape=[ 1, 1, 2, 2 ] tors=[ 4, 4 ] order4=12 norm111=0 xTpass=0
  D4 above=T3 pat=000 resclass=[ -506, 15, -7590 ] xT=false
  D4 above=T3 pat=000 resclass=[ -506, 15, -7590 ] xT=false
  D4 above=T1 pat=000 resclass=[ 851226090, -1682265, -506 ] xT=false
  D4 above=T2 pat=000 resclass=[ -1682265, -112151, 15 ] xT=false
  D4 above=T1 pat=000 resclass=[ 851226090, -1682265, -506 ] xT=false
  D4 above=T2 pat=000 resclass=[ -1682265, -112151, 15 ] xT=false
  D4 above=T3 pat=000 resclass=[ -506, 15, -7590 ] xT=false
  D4 above=T3 pat=000 resclass=[ -506, 15, -7590 ] xT=false
  D4 above=T1 pat=000 resclass=[ 851226090, -1682265, -506 ] xT=false
  D4 above=T2 pat=000 resclass=[ -1682265, -112151, 15 ] xT=false
  D4 above=T1 pat=000 resclass=[ 851226090, -1682265, -506 ] xT=false
  D4 above=T2 pat=000 resclass=[ -1682265, -112151, 15 ] xT=false
MEMBER stv 1/2 3 4/3 shape=[ 1, 1, 2, 2 ] tors=[ 4, 4 ] order4=12 norm111=0 xTpass=0
  D4 above=T3 pat=000 resclass=[ -255, 2, -510 ] xT=false
  D4 above=T3 pat=000 resclass=[ -255, 2, -510 ] xT=false
  D4 above=T2 pat=000 resclass=[ -426, -213, 2 ] xT=false
  D4 above=T1 pat=000 resclass=[ 12070, -426, -255 ] xT=false
  D4 above=T2 pat=000 resclass=[ -426, -213, 2 ] xT=false
  D4 above=T1 pat=000 resclass=[ 12070, -426, -255 ] xT=false
  D4 above=T3 pat=000 resclass=[ -255, 2, -510 ] xT=false
  D4 above=T3 pat=000 resclass=[ -255, 2, -510 ] xT=false
  D4 above=T2 pat=000 resclass=[ -426, -213, 2 ] xT=false
  D4 above=T1 pat=000 resclass=[ 12070, -426, -255 ] xT=false
  D4 above=T2 pat=000 resclass=[ -426, -213, 2 ] xT=false
  D4 above=T1 pat=000 resclass=[ 12070, -426, -255 ] xT=false
MEMBER stv 2/3 2 1/2 shape=[ 1, 1, 2, 2 ] tors=[ 4, 4 ] order4=12 norm111=0 xTpass=0
  D4 above=T3 pat=000 resclass=[ -77, 3, -231 ] xT=false
  D4 above=T3 pat=000 resclass=[ -77, 3, -231 ] xT=false
  D4 above=T2 pat=000 resclass=[ -2838, -946, 3 ] xT=false
  D4 above=T1 pat=000 resclass=[ 1806, -2838, -77 ] xT=false
  D4 above=T2 pat=000 resclass=[ -2838, -946, 3 ] xT=false
  D4 above=T1 pat=000 resclass=[ 1806, -2838, -77 ] xT=false
  D4 above=T3 pat=000 resclass=[ -77, 3, -231 ] xT=false
  D4 above=T3 pat=000 resclass=[ -77, 3, -231 ] xT=false
  D4 above=T2 pat=000 resclass=[ -2838, -946, 3 ] xT=false
  D4 above=T1 pat=000 resclass=[ 1806, -2838, -77 ] xT=false
  D4 above=T2 pat=000 resclass=[ -2838, -946, 3 ] xT=false
  D4 above=T1 pat=000 resclass=[ 1806, -2838, -77 ] xT=false
MEMBER stv 3/4 4/3 3 shape=[ 1, 1, 2, 2 ] tors=[ 4, 4 ] order4=12 norm111=0 xTpass=0
  D4 above=T2 pat=000 resclass=[ -189931, -27133, 7 ] xT=false
  D4 above=T2 pat=000 resclass=[ -189931, -27133, 7 ] xT=false
  D4 above=T3 pat=000 resclass=[ -55, 7, -385 ] xT=false
  D4 above=T1 pat=000 resclass=[ 10446205, -189931, -55 ] xT=false
  D4 above=T3 pat=000 resclass=[ -55, 7, -385 ] xT=false
  D4 above=T1 pat=000 resclass=[ 10446205, -189931, -55 ] xT=false
  D4 above=T2 pat=000 resclass=[ -189931, -27133, 7 ] xT=false
  D4 above=T2 pat=000 resclass=[ -189931, -27133, 7 ] xT=false
  D4 above=T3 pat=000 resclass=[ -55, 7, -385 ] xT=false
  D4 above=T1 pat=000 resclass=[ 10446205, -189931, -55 ] xT=false
  D4 above=T3 pat=000 resclass=[ -55, 7, -385 ] xT=false
  D4 above=T1 pat=000 resclass=[ 10446205, -189931, -55 ] xT=false
MEMBER stv 1 3/4 1 shape=[ 1, 1, 2, 2 ] tors=[ 4, 4 ] order4=12 norm111=0 xTpass=0
  D4 above=T1 pat=000 resclass=[ -14, -322, 23 ] xT=false
  D4 above=T1 pat=000 resclass=[ -14, -322, 23 ] xT=false
  D4 above=T3 pat=000 resclass=[ 23, -7, -161 ] xT=false
  D4 above=T2 pat=000 resclass=[ -322, 46, -7 ] xT=false
  D4 above=T3 pat=000 resclass=[ 23, -7, -161 ] xT=false
  D4 above=T2 pat=000 resclass=[ -322, 46, -7 ] xT=false
  D4 above=T1 pat=000 resclass=[ -14, -322, 23 ] xT=false
  D4 above=T1 pat=000 resclass=[ -14, -322, 23 ] xT=false
  D4 above=T3 pat=000 resclass=[ 23, -7, -161 ] xT=false
  D4 above=T2 pat=000 resclass=[ -322, 46, -7 ] xT=false
  D4 above=T3 pat=000 resclass=[ 23, -7, -161 ] xT=false
  D4 above=T2 pat=000 resclass=[ -322, 46, -7 ] xT=false
MEMBER stv 4/3 2/3 1/3 shape=[ 1, 1, 2, 2 ] tors=[ 4, 4 ] order4=12 norm111=0 xTpass=0
  D4 above=T2 pat=000 resclass=[ -262515, 52503, -5 ] xT=false
  D4 above=T2 pat=000 resclass=[ -262515, 52503, -5 ] xT=false
  D4 above=T1 pat=000 resclass=[ -31239285, -262515, 119 ] xT=false
  D4 above=T3 pat=000 resclass=[ 119, -5, -595 ] xT=false
  D4 above=T1 pat=000 resclass=[ -31239285, -262515, 119 ] xT=false
  D4 above=T3 pat=000 resclass=[ 119, -5, -595 ] xT=false
  D4 above=T2 pat=000 resclass=[ -262515, 52503, -5 ] xT=false
  D4 above=T2 pat=000 resclass=[ -262515, 52503, -5 ] xT=false
  D4 above=T1 pat=000 resclass=[ -31239285, -262515, 119 ] xT=false
  D4 above=T3 pat=000 resclass=[ 119, -5, -595 ] xT=false
  D4 above=T1 pat=000 resclass=[ -31239285, -262515, 119 ] xT=false
  D4 above=T3 pat=000 resclass=[ 119, -5, -595 ] xT=false
MEMBER stv 3/2 1/3 2 shape=[ 1, 1, 2, 2 ] tors=[ 4, 4 ] order4=12 norm111=0 xTpass=0
  D4 above=T1 pat=000 resclass=[ -39689, -10153, 473 ] xT=false
  D4 above=T1 pat=000 resclass=[ -39689, -10153, 473 ] xT=false
  D4 above=T2 pat=000 resclass=[ -10153, 20306, -2 ] xT=false
  D4 above=T3 pat=000 resclass=[ 473, -2, -946 ] xT=false
  D4 above=T2 pat=000 resclass=[ -10153, 20306, -2 ] xT=false
  D4 above=T3 pat=000 resclass=[ 473, -2, -946 ] xT=false
  D4 above=T1 pat=000 resclass=[ -39689, -10153, 473 ] xT=false
  D4 above=T1 pat=000 resclass=[ -39689, -10153, 473 ] xT=false
  D4 above=T2 pat=000 resclass=[ -10153, 20306, -2 ] xT=false
  D4 above=T3 pat=000 resclass=[ 473, -2, -946 ] xT=false
  D4 above=T2 pat=000 resclass=[ -10153, 20306, -2 ] xT=false
  D4 above=T3 pat=000 resclass=[ 473, -2, -946 ] xT=false
MEMBER stv 2 1/4 3/4 shape=[ 1, 1, 2, 2 ] tors=[ 4, 4 ] order4=12 norm111=0 xTpass=0
  D4 above=T1 pat=000 resclass=[ -16543295, -20705, 799 ] xT=false
  D4 above=T1 pat=000 resclass=[ -16543295, -20705, 799 ] xT=false
  D4 above=T3 pat=000 resclass=[ 799, -15, -11985 ] xT=false
  D4 above=T2 pat=000 resclass=[ -20705, 12423, -15 ] xT=false
  D4 above=T3 pat=000 resclass=[ 799, -15, -11985 ] xT=false
  D4 above=T2 pat=000 resclass=[ -20705, 12423, -15 ] xT=false
  D4 above=T1 pat=000 resclass=[ -16543295, -20705, 799 ] xT=false
  D4 above=T1 pat=000 resclass=[ -16543295, -20705, 799 ] xT=false
  D4 above=T3 pat=000 resclass=[ 799, -15, -11985 ] xT=false
  D4 above=T2 pat=000 resclass=[ -20705, 12423, -15 ] xT=false
  D4 above=T3 pat=000 resclass=[ 799, -15, -11985 ] xT=false
  D4 above=T2 pat=000 resclass=[ -20705, 12423, -15 ] xT=false
MEMBER stv 2 4 1/4 shape=[ 1, 1, 2, 2 ] tors=[ 4, 4 ] order4=12 norm111=0 xTpass=0
  D4 above=T3 pat=000 resclass=[ -221, 15, -3315 ] xT=false
  D4 above=T3 pat=000 resclass=[ -221, 15, -3315 ] xT=false
  D4 above=T1 pat=000 resclass=[ 96135, -435, -221 ] xT=false
  D4 above=T2 pat=000 resclass=[ -435, -29, 15 ] xT=false
  D4 above=T1 pat=000 resclass=[ 96135, -435, -221 ] xT=false
  D4 above=T2 pat=000 resclass=[ -435, -29, 15 ] xT=false
  D4 above=T3 pat=000 resclass=[ -221, 15, -3315 ] xT=false
  D4 above=T3 pat=000 resclass=[ -221, 15, -3315 ] xT=false
  D4 above=T1 pat=000 resclass=[ 96135, -435, -221 ] xT=false
  D4 above=T2 pat=000 resclass=[ -435, -29, 15 ] xT=false
  D4 above=T1 pat=000 resclass=[ 96135, -435, -221 ] xT=false
  D4 above=T2 pat=000 resclass=[ -435, -29, 15 ] xT=false
MEMBER stv 3 2 3/2 INVALID
MEMBER stv 4 3/2 2/3 shape=[ 1, 1, 2, 2 ] tors=[ 4, 4 ] order4=12 norm111=0 xTpass=0
  D4 above=T1 pat=000 resclass=[ 2585, 4935, 231 ] xT=false
  D4 above=T1 pat=000 resclass=[ 2585, 4935, 231 ] xT=false
  D4 above=T2 pat=000 resclass=[ 4935, 987, 5 ] xT=false
  D4 above=T3 pat=000 resclass=[ 231, 5, 1155 ] xT=false
  D4 above=T2 pat=000 resclass=[ 4935, 987, 5 ] xT=false
  D4 above=T3 pat=000 resclass=[ 231, 5, 1155 ] xT=false
  D4 above=T1 pat=000 resclass=[ 2585, 4935, 231 ] xT=false
  D4 above=T1 pat=000 resclass=[ 2585, 4935, 231 ] xT=false
  D4 above=T2 pat=000 resclass=[ 4935, 987, 5 ] xT=false
  D4 above=T3 pat=000 resclass=[ 231, 5, 1155 ] xT=false
  D4 above=T2 pat=000 resclass=[ 4935, 987, 5 ] xT=false
  D4 above=T3 pat=000 resclass=[ 231, 5, 1155 ] xT=false
MEMBER stv 4/7 11 6/11 shape=[ 1, 1, 2, 2 ] tors=[ 4, 4 ] order4=12 norm111=0 xTpass=0
  D4 above=T3 pat=000 resclass=[ -44099, 30, -1322970 ] xT=false
  D4 above=T3 pat=000 resclass=[ -44099, 30, -1322970 ] xT=false
  D4 above=T2 pat=000 resclass=[ -5962738265, -7155285918, 30 ] xT=false
  D4 above=T1 pat=000 resclass=[ 2173147064035, -5962738265, -44099 ] xT=false
  D4 above=T2 pat=000 resclass=[ -5962738265, -7155285918, 30 ] xT=false
  D4 above=T1 pat=000 resclass=[ 2173147064035, -5962738265, -44099 ] xT=false
  D4 above=T3 pat=000 resclass=[ -44099, 30, -1322970 ] xT=false
  D4 above=T3 pat=000 resclass=[ -44099, 30, -1322970 ] xT=false
  D4 above=T2 pat=000 resclass=[ -5962738265, -7155285918, 30 ] xT=false
  D4 above=T1 pat=000 resclass=[ 2173147064035, -5962738265, -44099 ] xT=false
  D4 above=T2 pat=000 resclass=[ -5962738265, -7155285918, 30 ] xT=false
  D4 above=T1 pat=000 resclass=[ 2173147064035, -5962738265, -44099 ] xT=false
MEMBER stv 9/13 20/9 6 shape=[ 1, 1, 2, 2 ] tors=[ 4, 4 ] order4=12 norm111=0 xTpass=0
  D4 above=T3 pat=000 resclass=[ -4166542, 319, -1329126898 ] xT=false
  D4 above=T3 pat=000 resclass=[ -4166542, 319, -1329126898 ] xT=false
  D4 above=T2 pat=000 resclass=[ -696978923014, -2184886906, 319 ] xT=false
  D4 above=T1 pat=000 resclass=[ 725997988963149397, -696978923014, -4166542 ] xT=false
  D4 above=T2 pat=000 resclass=[ -696978923014, -2184886906, 319 ] xT=false
  D4 above=T1 pat=000 resclass=[ 725997988963149397, -696978923014, -4166542 ] xT=false
  D4 above=T3 pat=000 resclass=[ -4166542, 319, -1329126898 ] xT=false
  D4 above=T3 pat=000 resclass=[ -4166542, 319, -1329126898 ] xT=false
  D4 above=T2 pat=000 resclass=[ -696978923014, -2184886906, 319 ] xT=false
  D4 above=T1 pat=000 resclass=[ 725997988963149397, -696978923014, -4166542 ] xT=false
  D4 above=T2 pat=000 resclass=[ -696978923014, -2184886906, 319 ] xT=false
  D4 above=T1 pat=000 resclass=[ 725997988963149397, -696978923014, -4166542 ] xT=false
MEMBER stv 13/5 8/3 -7/2 shape=[ 1, 1, 2, 2 ] tors=[ 4, 4 ] order4=12 norm111=0 xTpass=0
  D4 above=T1 pat=000 resclass=[ -298594456930, 3779676670, -79 ] xT=false
  D4 above=T1 pat=000 resclass=[ -298594456930, 3779676670, -79 ] xT=false
  D4 above=T3 pat=000 resclass=[ -79, 55, -4345 ] xT=false
  D4 above=T2 pat=000 resclass=[ 3779676670, 68721394, 55 ] xT=false
  D4 above=T3 pat=000 resclass=[ -79, 55, -4345 ] xT=false
  D4 above=T2 pat=000 resclass=[ 3779676670, 68721394, 55 ] xT=false
  D4 above=T1 pat=000 resclass=[ -298594456930, 3779676670, -79 ] xT=false
  D4 above=T1 pat=000 resclass=[ -298594456930, 3779676670, -79 ] xT=false
  D4 above=T3 pat=000 resclass=[ -79, 55, -4345 ] xT=false
  D4 above=T2 pat=000 resclass=[ 3779676670, 68721394, 55 ] xT=false
  D4 above=T3 pat=000 resclass=[ -79, 55, -4345 ] xT=false
  D4 above=T2 pat=000 resclass=[ 3779676670, 68721394, 55 ] xT=false
PART_DONE part=103
