MEMBER stv 1/4 1/2 -3/2 shape=[ 1, 1, 2, 2 ] tors=[ 4, 4 ] order4=12 norm111=0 xTpass=0
  D4 above=T1 pat=000 resclass=[ -145, 290, -2 ] xT=false
  D4 above=T1 pat=000 resclass=[ -145, 290, -2 ] xT=false
  D4 above=T2 pat=000 resclass=[ 290, -870, -3 ] xT=false
  D4 above=T3 pat=000 resclass=[ -2, -3, 6 ] xT=false
  D4 above=T2 pat=000 resclass=[ 290, -870, -3 ] xT=false
  D4 above=T3 pat=000 resclass=[ -2, -3, 6 ] xT=false
  D4 above=T1 pat=000 resclass=[ -145, 290, -2 ] xT=false
  D4 above=T1 pat=000 resclass=[ -145, 290, -2 ] xT=false
  D4 above=T2 pat=000 resclass=[ 290, -870, -3 ] xT=false
  D4 above=T3 pat=000 resclass=[ -2, -3, 6 ] xT=false
  D4 above=T2 pat=000 resclass=[ 290, -870, -3 ] xT=false
  D4 above=T3 pat=000 resclass=[ -2, -3, 6 ] xT=false
MEMBER stv 1/3 1/3 -2/3 shape=[ 1, 1, 2, 2 ] tors=[ 4, 4 ] order4=12 norm111=0 xTpass=0
  D4 above=T3 pat=000 resclass=[ -55, -2, 110 ] xT=false
  D4 above=T3 pat=000 resclass=[ -55, -2, 110 ] xT=false
  D4 above=T1 pat=000 resclass=[ -285, 627, -55 ] xT=false
  D4 above=T2 pat=000 resclass=[ 627, -1254, -2 ] xT=false
  D4 above=T1 pat=000 resclass=[ -285, 627, -55 ] xT=false
  D4 above=T2 pat=000 resclass=[ 627, -1254, -2 ] xT=false
  D4 above=T3 pat=000 resclass=[ -55, -2, 110 ] xT=false
  D4 above=T3 pat=000 resclass=[ -55, -2, 110 ] xT=false
  D4 above=T1 pat=000 resclass=[ -285, 627, -55 ] xT=false
  D4 above=T2 pat=000 resclass=[ 627, -1254, -2 ] xT=false
  D4 above=T1 pat=000 resclass=[ -285, 627, -55 ] xT=false
  D4 above=T2 pat=000 resclass=[ 627, -1254, -2 ] xT=false
MEMBER stv 1/3 4 -4 shape=[ 1, 1, 2, 2 ] tors=[ 4, 4 ] order4=12 norm111=0 xTpass=0
  D4 above=T3 pat=000 resclass=[ -506, 15, -7590 ] xT=false
  D4 above=T3 pat=000 resclass=[ -506, 15, -7590 ] xT=false
  D4 above=T1 pat=000 resclass=[ 13123110, -25935, -506 ] xT=false
  D4 above=T2 pat=000 resclass=[ -25935, -1729, 15 ] xT=false
  D4 above=T1 pat=000 resclass=[ 13123110, -25935, -506 ] xT=false
  D4 above=T2 pat=000 resclass=[ -25935, -1729, 15 ] xT=false
  D4 above=T3 pat=000 resclass=[ -506, 15, -7590 ] xT=false
  D4 above=T3 pat=000 resclass=[ -506, 15, -7590 ] xT=false
  D4 above=T1 pat=000 resclass=[ 13123110, -25935, -506 ] xT=false
  D4 above=T2 pat=000 resclass=[ -25935, -1729, 15 ] xT=false
  D4 above=T1 pat=000 resclass=[ 13123110, -25935, -506 ] xT=false
  D4 above=T2 pat=000 resclass=[ -25935, -1729, 15 ] xT=false
MEMBER stv 1/2 3 -4/3 shape=[ 1, 1, 2, 2 ] tors=[ 4, 4 ] order4=12 norm111=0 xTpass=0
  D4 above=T2 pat=000 resclass=[ -870, -435, 2 ] xT=false
  D4 above=T2 pat=000 resclass=[ -870, -435, 2 ] xT=false
  D4 above=T1 pat=000 resclass=[ 986, -870, -255 ] xT=false
  D4 above=T3 pat=000 resclass=[ -255, 2, -510 ] xT=false
  D4 above=T1 pat=000 resclass=[ 986, -870, -255 ] xT=false
  D4 above=T3 pat=000 resclass=[ -255, 2, -510 ] xT=false
  D4 above=T2 pat=000 resclass=[ -870, -435, 2 ] xT=false
  D4 above=T2 pat=000 resclass=[ -870, -435, 2 ] xT=false
  D4 above=T1 pat=000 resclass=[ 986, -870, -255 ] xT=false
  D4 above=T3 pat=000 resclass=[ -255, 2, -510 ] xT=false
  D4 above=T1 pat=000 resclass=[ 986, -870, -255 ] xT=false
  D4 above=T3 pat=000 resclass=[ -255, 2, -510 ] xT=false
MEMBER stv 2/3 2 -1/2 shape=[ 1, 1, 2, 2 ] tors=[ 4, 4 ] order4=12 norm111=0 xTpass=0
  D4 above=T3 pat=000 resclass=[ -77, 3, -231 ] xT=false
  D4 above=T3 pat=000 resclass=[ -77, 3, -231 ] xT=false
  D4 above=T2 pat=000 resclass=[ -2562, -854, 3 ] xT=false
  D4 above=T1 pat=000 resclass=[ 4026, -2562, -77 ] xT=false
  D4 above=T2 pat=000 resclass=[ -2562, -854, 3 ] xT=false
  D4 above=T1 pat=000 resclass=[ 4026, -2562, -77 ] xT=false
  D4 above=T3 pat=000 resclass=[ -77, 3, -231 ] xT=false
  D4 above=T3 pat=000 resclass=[ -77, 3, -231 ] xT=false
  D4 above=T2 pat=000 resclass=[ -2562, -854, 3 ] xT=false
  D4 above=T1 pat=000 resclass=[ 4026, -2562, -77 ] xT=false
  D4 above=T2 pat=000 resclass=[ -2562, -854, 3 ] xT=false
  D4 above=T1 pat=000 resclass=[ 4026, -2562, -77 ] xT=false
MEMBER stv 3/4 4/3 -3 shape=[ 1, 1, 2, 2 ] tors=[ 4, 4 ] order4=12 norm111=0 xTpass=0
  D4 above=T2 pat=000 resclass=[ 115115, 16445, 7 ] xT=false
  D4 above=T2 pat=000 resclass=[ 115115, 16445, 7 ] xT=false
  D4 above=T3 pat=000 resclass=[ -55, 7, -385 ] xT=false
  D4 above=T1 pat=000 resclass=[ -2093, 115115, -55 ] xT=false
  D4 above=T3 pat=000 resclass=[ -55, 7, -385 ] xT=false
  D4 above=T1 pat=000 resclass=[ -2093, 115115, -55 ] xT=false
  D4 above=T2 pat=000 resclass=[ 115115, 16445, 7 ] xT=false
  D4 above=T2 pat=000 resclass=[ 115115, 16445, 7 ] xT=false
  D4 above=T3 pat=000 resclass=[ -55, 7, -385 ] xT=false
  D4 above=T1 pat=000 resclass=[ -2093, 115115, -55 ] xT=false
  D4 above=T3 pat=000 resclass=[ -55, 7, -385 ] xT=false
  D4 above=T1 pat=000 resclass=[ -2093, 115115, -55 ] xT=false
MEMBER stv 1 3/4 -1 INVALID
MEMBER stv 4/3 2/3 -1/3 shape=[ 1, 1, 2, 2 ] tors=[ 4, 4 ] order4=12 norm111=0 xTpass=0
  D4 above=T2 pat=000 resclass=[ 13035, -2607, -5 ] xT=false
  D4 above=T2 pat=000 resclass=[ 13035, -2607, -5 ] xT=false
  D4 above=T3 pat=000 resclass=[ 119, -5, -595 ] xT=false
  D4 above=T1 pat=000 resclass=[ 1551165, 13035, 119 ] xT=false
  D4 above=T3 pat=000 resclass=[ 119, -5, -595 ] xT=false
  D4 above=T1 pat=000 resclass=[ 1551165, 13035, 119 ] xT=false
  D4 above=T2 pat=000 resclass=[ 13035, -2607, -5 ] xT=false
  D4 above=T2 pat=000 resclass=[ 13035, -2607, -5 ] xT=false
  D4 above=T3 pat=000 resclass=[ 119, -5, -595 ] xT=false
  D4 above=T1 pat=000 resclass=[ 1551165, 13035, 119 ] xT=false
  D4 above=T3 pat=000 resclass=[ 119, -5, -595 ] xT=false
  D4 above=T1 pat=000 resclass=[ 1551165, 13035, 119 ] xT=false
MEMBER stv 3/2 1/3 -2 shape=[ 1, 1, 2, 2 ] tors=[ 4, 4 ] order4=12 norm111=0 xTpass=0
  D4 above=T3 pat=000 resclass=[ 473, -2, -946 ] xT=false
  D4 above=T3 pat=000 resclass=[ 473, -2, -946 ] xT=false
  D4 above=T1 pat=000 resclass=[ 1983289, 4193, 473 ] xT=false
  D4 above=T2 pat=000 resclass=[ 4193, -8386, -2 ] xT=false
  D4 above=T1 pat=000 resclass=[ 1983289, 4193, 473 ] xT=false
  D4 above=T2 pat=000 resclass=[ 4193, -8386, -2 ] xT=false
  D4 above=T3 pat=000 resclass=[ 473, -2, -946 ] xT=false
  D4 above=T3 pat=000 resclass=[ 473, -2, -946 ] xT=false
  D4 above=T1 pat=000 resclass=[ 1983289, 4193, 473 ] xT=false
  D4 above=T2 pat=000 resclass=[ 4193, -8386, -2 ] xT=false
  D4 above=T1 pat=000 resclass=[ 1983289, 4193, 473 ] xT=false
  D4 above=T2 pat=000 resclass=[ 4193, -8386, -2 ] xT=false
MEMBER stv 2 1/4 -3/4 shape=[ 1, 1, 2, 2 ] tors=[ 4, 4 ] order4=12 norm111=0 xTpass=0
  D4 above=T2 pat=000 resclass=[ 20930, -12558, -15 ] xT=false
  D4 above=T2 pat=000 resclass=[ 20930, -12558, -15 ] xT=false
  D4 above=T3 pat=000 resclass=[ 799, -15, -11985 ] xT=false
  D4 above=T1 pat=000 resclass=[ 16723070, 20930, 799 ] xT=false
  D4 above=T3 pat=000 resclass=[ 799, -15, -11985 ] xT=false
  D4 above=T1 pat=000 resclass=[ 16723070, 20930, 799 ] xT=false
  D4 above=T2 pat=000 resclass=[ 20930, -12558, -15 ] xT=false
  D4 above=T2 pat=000 resclass=[ 20930, -12558, -15 ] xT=false
  D4 above=T3 pat=000 resclass=[ 799, -15, -11985 ] xT=false
  D4 above=T1 pat=000 resclass=[ 16723070, 20930, 799 ] xT=false
  D4 above=T3 pat=000 resclass=[ 799, -15, -11985 ] xT=false
  D4 above=T1 pat=000 resclass=[ 16723070, 20930, 799 ] xT=false
MEMBER stv 2 4 -1/4 INVALID
MEMBER stv 3 2 -3/2 INVALID
MEMBER stv 4 3/2 -2/3 shape=[ 1, 1, 2, 2 ] tors=[ 4, 4 ] order4=12 norm111=0 xTpass=0
  D4 above=T3 pat=000 resclass=[ 231, 5, 1155 ] xT=false
  D4 above=T3 pat=000 resclass=[ 231, 5, 1155 ] xT=false
  D4 above=T1 pat=000 resclass=[ -17255, -81345, 231 ] xT=false
  D4 above=T2 pat=000 resclass=[ -81345, -16269, 5 ] xT=false
  D4 above=T1 pat=000 resclass=[ -17255, -81345, 231 ] xT=false
  D4 above=T2 pat=000 resclass=[ -81345, -16269, 5 ] xT=false
  D4 above=T3 pat=000 resclass=[ 231, 5, 1155 ] xT=false
  D4 above=T3 pat=000 resclass=[ 231, 5, 1155 ] xT=false
  D4 above=T1 pat=000 resclass=[ -17255, -81345, 231 ] xT=false
  D4 above=T2 pat=000 resclass=[ -81345, -16269, 5 ] xT=false
  D4 above=T1 pat=000 resclass=[ -17255, -81345, 231 ] xT=false
  D4 above=T2 pat=000 resclass=[ -81345, -16269, 5 ] xT=false
MEMBER stv 7/2 3 -4 shape=[ 1, 1, 2, 2 ] tors=[ 4, 4 ] order4=12 norm111=0 xTpass=0
  D4 above=T3 pat=000 resclass=[ -23, 2, -46 ] xT=false
  D4 above=T3 pat=000 resclass=[ -23, 2, -46 ] xT=false
  D4 above=T1 pat=000 resclass=[ -230, 10, -23 ] xT=false
  D4 above=T2 pat=000 resclass=[ 10, 5, 2 ] xT=false
  D4 above=T1 pat=000 resclass=[ -230, 10, -23 ] xT=false
  D4 above=T2 pat=000 resclass=[ 10, 5, 2 ] xT=false
  D4 above=T3 pat=000 resclass=[ -23, 2, -46 ] xT=false
  D4 above=T3 pat=000 resclass=[ -23, 2, -46 ] xT=false
  D4 above=T1 pat=000 resclass=[ -230, 10, -23 ] xT=false
  D4 above=T2 pat=000 resclass=[ 10, 5, 2 ] xT=false
  D4 above=T1 pat=000 resclass=[ -230, 10, -23 ] xT=false
  D4 above=T2 pat=000 resclass=[ 10, 5, 2 ] xT=false
MEMBER stv 18/7 2/19 16/13 shape=[ 1, 1, 2, 2 ] tors=[ 4, 4 ] order4=12 norm111=0 xTpass=0
  D4 above=T1 pat=000 resclass=[ -82048047823936041302091, -20523982568817273, 3997667 ] xT=false
  D4 above=T1 pat=000 resclass=[ -82048047823936041302091, -20523982568817273, 3997667 ] xT=false
  D4 above=T3 pat=000 resclass=[ 3997667, -357, -1427167119 ] xT=false
  D4 above=T2 pat=000 resclass=[ -20523982568817273, 57490147251589, -357 ] xT=false
  D4 above=T3 pat=000 resclass=[ 3997667, -357, -1427167119 ] xT=false
  D4 above=T2 pat=000 resclass=[ -20523982568817273, 57490147251589, -357 ] xT=false
  D4 above=T1 pat=000 resclass=[ -82048047823936041302091, -20523982568817273, 3997667 ] xT=false
  D4 above=T1 pat=000 resclass=[ -82048047823936041302091, -20523982568817273, 3997667 ] xT=false
  D4 above=T3 pat=000 resclass=[ 3997667, -357, -1427167119 ] xT=false
  D4 above=T2 pat=000 resclass=[ -20523982568817273, 57490147251589, -357 ] xT=false
  D4 above=T3 pat=000 resclass=[ 3997667, -357, -1427167119 ] xT=false
  D4 above=T2 pat=000 resclass=[ -20523982568817273, 57490147251589, -357 ] xT=false
MEMBER stv 1/8 7/8 4/5 shape=[ 1, 1, 2, 2 ] tors=[ 4, 4 ] order4=12 norm111=0 xTpass=0
  D4 above=T3 pat=000 resclass=[ -161, -15, 2415 ] xT=false
  D4 above=T3 pat=000 resclass=[ -161, -15, 2415 ] xT=false
  D4 above=T1 pat=000 resclass=[ 317653, -1973, -161 ] xT=false
  D4 above=T2 pat=000 resclass=[ -1973, 29595, -15 ] xT=false
  D4 above=T1 pat=000 resclass=[ 317653, -1973, -161 ] xT=false
  D4 above=T2 pat=000 resclass=[ -1973, 29595, -15 ] xT=false
  D4 above=T3 pat=000 resclass=[ -161, -15, 2415 ] xT=false
  D4 above=T3 pat=000 resclass=[ -161, -15, 2415 ] xT=false
  D4 above=T1 pat=000 resclass=[ 317653, -1973, -161 ] xT=false
  D4 above=T2 pat=000 resclass=[ -1973, 29595, -15 ] xT=false
  D4 above=T1 pat=000 resclass=[ 317653, -1973, -161 ] xT=false
  D4 above=T2 pat=000 resclass=[ -1973, 29595, -15 ] xT=false
PART_DONE part=104
