MEMBER stv 1/4 1/2 2 shape=[ 1, 1, 2, 2 ] tors=[ 4, 4 ] order4=12 norm111=0 xTpass=0
  D4 above=T3 pat=000 resclass=[ -2, -3, 6 ] xT=false
  D4 above=T3 pat=000 resclass=[ -2, -3, 6 ] xT=false
  D4 above=T2 pat=000 resclass=[ -2, 6, -3 ] xT=false
  D4 above=T1 pat=100 resclass=[ 1, -2, -2 ] xT=false
  D4 above=T2 pat=000 resclass=[ -2, 6, -3 ] xT=false
  D4 above=T1 pat=100 resclass=[ 1, -2, -2 ] xT=false
  D4 above=T3 pat=000 resclass=[ -2, -3, 6 ] xT=false
  D4 above=T3 pat=000 resclass=[ -2, -3, 6 ] xT=false
  D4 above=T2 pat=000 resclass=[ -2, 6, -3 ] xT=false
  D4 above=T1 pat=100 resclass=[ 1, -2, -2 ] xT=false
  D4 above=T2 pat=000 resclass=[ -2, 6, -3 ] xT=false
  D4 above=T1 pat=100 resclass=[ 1, -2, -2 ] xT=false
MEMBER stv 1/3 1/3 3/4 shape=[ 1, 1, 2, 2 ] tors=[ 4, 4 ] order4=12 norm111=0 xTpass=0
  D4 above=T1 pat=000 resclass=[ 858, -390, -55 ] xT=false
  D4 above=T1 pat=000 resclass=[ 858, -390, -55 ] xT=false
  D4 above=T3 pat=000 resclass=[ -55, -2, 110 ] xT=false
  D4 above=T2 pat=000 resclass=[ -390, 195, -2 ] xT=false
  D4 above=T3 pat=000 resclass=[ -55, -2, 110 ] xT=false
  D4 above=T2 pat=000 resclass=[ -390, 195, -2 ] xT=false
  D4 above=T1 pat=000 resclass=[ 858, -390, -55 ] xT=false
  D4 above=T1 pat=000 resclass=[ 858, -390, -55 ] xT=false
  D4 above=T3 pat=000 resclass=[ -55, -2, 110 ] xT=false
  D4 above=T2 pat=000 resclass=[ -390, 195, -2 ] xT=false
  D4 above=T3 pat=000 resclass=[ -55, -2, 110 ] xT=false
  D4 above=T2 pat=000 resclass=[ -390, 195, -2 ] xT=false
MEMBER stv 1/2 1/4 1/4 shape=[ 1, 1, 2, 2 ] tors=[ 4, 4 ] order4=12 norm111=0 xTpass=0
  D4 above=T3 pat=000 resclass=[ -161, -15, 2415 ] xT=false
  D4 above=T3 pat=000 resclass=[ -161, -15, 2415 ] xT=false
  D4 above=T2 pat=000 resclass=[ -281265, 18751, -15 ] xT=false
  D4 above=T1 pat=000 resclass=[ 45283665, -281265, -161 ] xT=false
  D4 above=T2 pat=000 resclass=[ -281265, 18751, -15 ] xT=false
  D4 above=T1 pat=000 resclass=[ 45283665, -281265, -161 ] xT=false
  D4 above=T3 pat=000 resclass=[ -161, -15, 2415 ] xT=false
  D4 above=T3 pat=000 resclass=[ -161, -15, 2415 ] xT=false
  D4 above=T2 pat=000 resclass=[ -281265, 18751, -15 ] xT=false
  D4 above=T1 pat=000 resclass=[ 45283665, -281265, -161 ] xT=false
  D4 above=T2 pat=000 resclass=[ -281265, 18751, -15 ] xT=false
  D4 above=T1 pat=000 resclass=[ 45283665, -281265, -161 ] xT=false
MEMBER stv 1/2 3 3/2 shape=[ 1, 1, 2, 2 ] tors=[ 4, 4 ] order4=12 norm111=0 xTpass=0
  D4 above=T2 pat=000 resclass=[ -28149, -56298, 2 ] xT=false
  D4 above=T2 pat=000 resclass=[ -28149, -56298, 2 ] xT=false
  D4 above=T3 pat=000 resclass=[ -255, 2, -510 ] xT=false
  D4 above=T1 pat=000 resclass=[ 797555, -28149, -255 ] xT=false
  D4 above=T3 pat=000 resclass=[ -255, 2, -510 ] xT=false
  D4 above=T1 pat=000 resclass=[ 797555, -28149, -255 ] xT=false
  D4 above=T2 pat=000 resclass=[ -28149, -56298, 2 ] xT=false
  D4 above=T2 pat=000 resclass=[ -28149, -56298, 2 ] xT=false
  D4 above=T3 pat=000 resclass=[ -255, 2, -510 ] xT=false
  D4 above=T1 pat=000 resclass=[ 797555, -28149, -255 ] xT=false
  D4 above=T3 pat=000 resclass=[ -255, 2, -510 ] xT=false
  D4 above=T1 pat=000 resclass=[ 797555, -28149, -255 ] xT=false
MEMBER stv 2/3 2 2/3 shape=[ 1, 1, 2, 2 ] tors=[ 4, 4 ] order4=12 norm111=0 xTpass=0
  D4 above=T2 pat=000 resclass=[ -12670, -38010, 3 ] xT=false
  D4 above=T2 pat=000 resclass=[ -12670, -38010, 3 ] xT=false
  D4 above=T3 pat=000 resclass=[ -77, 3, -231 ] xT=false
  D4 above=T1 pat=000 resclass=[ 19910, -12670, -77 ] xT=false
  D4 above=T3 pat=000 resclass=[ -77, 3, -231 ] xT=false
  D4 above=T1 pat=000 resclass=[ 19910, -12670, -77 ] xT=false
  D4 above=T2 pat=000 resclass=[ -12670, -38010, 3 ] xT=false
  D4 above=T2 pat=000 resclass=[ -12670, -38010, 3 ] xT=false
  D4 above=T3 pat=000 resclass=[ -77, 3, -231 ] xT=false
  D4 above=T1 pat=000 resclass=[ 19910, -12670, -77 ] xT=false
  D4 above=T3 pat=000 resclass=[ -77, 3, -231 ] xT=false
  D4 above=T1 pat=000 resclass=[ 19910, -12670, -77 ] xT=false
MEMBER stv 3/4 4/3 4 shape=[ 1, 1, 2, 2 ] tors=[ 4, 4 ] order4=12 norm111=0 xTpass=0
  D4 above=T2 pat=000 resclass=[ -67249, -9607, 7 ] xT=false
  D4 above=T2 pat=000 resclass=[ -67249, -9607, 7 ] xT=false
  D4 above=T3 pat=000 resclass=[ -55, 7, -385 ] xT=false
  D4 above=T1 pat=000 resclass=[ 3698695, -67249, -55 ] xT=false
  D4 above=T3 pat=000 resclass=[ -55, 7, -385 ] xT=false
  D4 above=T1 pat=000 resclass=[ 3698695, -67249, -55 ] xT=false
  D4 above=T2 pat=000 resclass=[ -67249, -9607, 7 ] xT=false
  D4 above=T2 pat=000 resclass=[ -67249, -9607, 7 ] xT=false
  D4 above=T3 pat=000 resclass=[ -55, 7, -385 ] xT=false
  D4 above=T1 pat=000 resclass=[ 3698695, -67249, -55 ] xT=false
  D4 above=T3 pat=000 resclass=[ -55, 7, -385 ] xT=false
  D4 above=T1 pat=000 resclass=[ 3698695, -67249, -55 ] xT=false
MEMBER stv 1 3/4 4/3 shape=[ 1, 1, 2, 2 ] tors=[ 4, 4 ] order4=12 norm111=0 xTpass=0
  D4 above=T1 pat=000 resclass=[ -35259, -1533, 23 ] xT=false
  D4 above=T1 pat=000 resclass=[ -35259, -1533, 23 ] xT=false
  D4 above=T2 pat=000 resclass=[ -1533, 219, -7 ] xT=false
  D4 above=T3 pat=000 resclass=[ 23, -7, -161 ] xT=false
  D4 above=T2 pat=000 resclass=[ -1533, 219, -7 ] xT=false
  D4 above=T3 pat=000 resclass=[ 23, -7, -161 ] xT=false
  D4 above=T1 pat=000 resclass=[ -35259, -1533, 23 ] xT=false
  D4 above=T1 pat=000 resclass=[ -35259, -1533, 23 ] xT=false
  D4 above=T2 pat=000 resclass=[ -1533, 219, -7 ] xT=false
  D4 above=T3 pat=000 resclass=[ 23, -7, -161 ] xT=false
  D4 above=T2 pat=000 resclass=[ -1533, 219, -7 ] xT=false
  D4 above=T3 pat=000 resclass=[ 23, -7, -161 ] xT=false
MEMBER stv 4/3 2/3 1/2 shape=[ 1, 1, 2, 2 ] tors=[ 4, 4 ] order4=12 norm111=0 xTpass=0
  D4 above=T2 pat=000 resclass=[ -27710, 5542, -5 ] xT=false
  D4 above=T2 pat=000 resclass=[ -27710, 5542, -5 ] xT=false
  D4 above=T1 pat=000 resclass=[ -11410, -27710, 119 ] xT=false
  D4 above=T3 pat=000 resclass=[ 119, -5, -595 ] xT=false
  D4 above=T1 pat=000 resclass=[ -11410, -27710, 119 ] xT=false
  D4 above=T3 pat=000 resclass=[ 119, -5, -595 ] xT=false
  D4 above=T2 pat=000 resclass=[ -27710, 5542, -5 ] xT=false
  D4 above=T2 pat=000 resclass=[ -27710, 5542, -5 ] xT=false
  D4 above=T1 pat=000 resclass=[ -11410, -27710, 119 ] xT=false
  D4 above=T3 pat=000 resclass=[ 119, -5, -595 ] xT=false
  D4 above=T1 pat=000 resclass=[ -11410, -27710, 119 ] xT=false
  D4 above=T3 pat=000 resclass=[ 119, -5, -595 ] xT=false
MEMBER stv 3/2 1/3 3 shape=[ 1, 1, 2, 2 ] tors=[ 4, 4 ] order4=12 norm111=0 xTpass=0
  D4 above=T2 pat=000 resclass=[ -53878, 26939, -2 ] xT=false
  D4 above=T2 pat=000 resclass=[ -53878, 26939, -2 ] xT=false
  D4 above=T1 pat=000 resclass=[ -210614, -53878, 473 ] xT=false
  D4 above=T3 pat=000 resclass=[ 473, -2, -946 ] xT=false
  D4 above=T1 pat=000 resclass=[ -210614, -53878, 473 ] xT=false
  D4 above=T3 pat=000 resclass=[ 473, -2, -946 ] xT=false
  D4 above=T2 pat=000 resclass=[ -53878, 26939, -2 ] xT=false
  D4 above=T2 pat=000 resclass=[ -53878, 26939, -2 ] xT=false
  D4 above=T1 pat=000 resclass=[ -210614, -53878, 473 ] xT=false
  D4 above=T3 pat=000 resclass=[ 473, -2, -946 ] xT=false
  D4 above=T1 pat=000 resclass=[ -210614, -53878, 473 ] xT=false
  D4 above=T3 pat=000 resclass=[ 473, -2, -946 ] xT=false
MEMBER stv 2 1/4 1 shape=[ 1, 1, 2, 2 ] tors=[ 4, 4 ] order4=12 norm111=0 xTpass=0
  D4 above=T1 pat=000 resclass=[ -3104115, -3885, 799 ] xT=false
  D4 above=T1 pat=000 resclass=[ -3104115, -3885, 799 ] xT=false
  D4 above=T3 pat=000 resclass=[ 799, -15, -11985 ] xT=false
  D4 above=T2 pat=000 resclass=[ -3885, 259, -15 ] xT=false
  D4 above=T3 pat=000 resclass=[ 799, -15, -11985 ] xT=false
  D4 above=T2 pat=000 resclass=[ -3885, 259, -15 ] xT=false
  D4 above=T1 pat=000 resclass=[ -3104115, -3885, 799 ] xT=false
  D4 above=T1 pat=000 resclass=[ -3104115, -3885, 799 ] xT=false
  D4 above=T3 pat=000 resclass=[ 799, -15, -11985 ] xT=false
  D4 above=T2 pat=000 resclass=[ -3885, 259, -15 ] xT=false
  D4 above=T3 pat=000 resclass=[ 799, -15, -11985 ] xT=false
  D4 above=T2 pat=000 resclass=[ -3885, 259, -15 ] xT=false
MEMBER stv 2 4 1/3 shape=[ 1, 1, 2, 2 ] tors=[ 4, 4 ] order4=12 norm111=0 xTpass=0
  D4 above=T3 pat=000 resclass=[ -221, 15, -3315 ] xT=false
  D4 above=T3 pat=000 resclass=[ -221, 15, -3315 ] xT=false
  D4 above=T1 pat=000 resclass=[ 1802255, -8155, -221 ] xT=false
  D4 above=T2 pat=000 resclass=[ -8155, -4893, 15 ] xT=false
  D4 above=T1 pat=000 resclass=[ 1802255, -8155, -221 ] xT=false
  D4 above=T2 pat=000 resclass=[ -8155, -4893, 15 ] xT=false
  D4 above=T3 pat=000 resclass=[ -221, 15, -3315 ] xT=false
  D4 above=T3 pat=000 resclass=[ -221, 15, -3315 ] xT=false
  D4 above=T1 pat=000 resclass=[ 1802255, -8155, -221 ] xT=false
  D4 above=T2 pat=000 resclass=[ -8155, -4893, 15 ] xT=false
  D4 above=T1 pat=000 resclass=[ 1802255, -8155, -221 ] xT=false
  D4 above=T2 pat=000 resclass=[ -8155, -4893, 15 ] xT=false
MEMBER stv 3 2 2 INVALID
MEMBER stv 4 3/2 3/4 shape=[ 1, 1, 2, 2 ] tors=[ 4, 4 ] order4=12 norm111=0 xTpass=0
  D4 above=T3 pat=000 resclass=[ 231, 5, 1155 ] xT=false
  D4 above=T3 pat=000 resclass=[ 231, 5, 1155 ] xT=false
  D4 above=T1 pat=000 resclass=[ 3488485, 135915, 231 ] xT=false
  D4 above=T2 pat=000 resclass=[ 135915, 27183, 5 ] xT=false
  D4 above=T1 pat=000 resclass=[ 3488485, 135915, 231 ] xT=false
  D4 above=T2 pat=000 resclass=[ 135915, 27183, 5 ] xT=false
  D4 above=T3 pat=000 resclass=[ 231, 5, 1155 ] xT=false
  D4 above=T3 pat=000 resclass=[ 231, 5, 1155 ] xT=false
  D4 above=T1 pat=000 resclass=[ 3488485, 135915, 231 ] xT=false
  D4 above=T2 pat=000 resclass=[ 135915, 27183, 5 ] xT=false
  D4 above=T1 pat=000 resclass=[ 3488485, 135915, 231 ] xT=false
  D4 above=T2 pat=000 resclass=[ 135915, 27183, 5 ] xT=false
MEMBER stv 1 6/19 13/10 shape=[ 1, 1, 2, 2 ] tors=[ 4, 4 ] order4=12 norm111=0 xTpass=0
  D4 above=T1 pat=000 resclass=[ -2535333815, -724381090, 14 ] xT=false
  D4 above=T1 pat=000 resclass=[ -2535333815, -724381090, 14 ] xT=false
  D4 above=T3 pat=000 resclass=[ 14, -13, -182 ] xT=false
  D4 above=T2 pat=000 resclass=[ -724381090, 9416954170, -13 ] xT=false
  D4 above=T3 pat=000 resclass=[ 14, -13, -182 ] xT=false
  D4 above=T2 pat=000 resclass=[ -724381090, 9416954170, -13 ] xT=false
  D4 above=T1 pat=000 resclass=[ -2535333815, -724381090, 14 ] xT=false
  D4 above=T1 pat=000 resclass=[ -2535333815, -724381090, 14 ] xT=false
  D4 above=T3 pat=000 resclass=[ 14, -13, -182 ] xT=false
  D4 above=T2 pat=000 resclass=[ -724381090, 9416954170, -13 ] xT=false
  D4 above=T3 pat=000 resclass=[ 14, -13, -182 ] xT=false
  D4 above=T2 pat=000 resclass=[ -724381090, 9416954170, -13 ] xT=false
MEMBER stv 4/3 11/16 5/17 shape=[ 1, 1, 2, 2 ] tors=[ 4, 4 ] order4=12 norm111=0 xTpass=0
  D4 above=T1 pat=000 resclass=[ -168230079214242279, -190186975329, 884551 ] xT=false
  D4 above=T1 pat=000 resclass=[ -168230079214242279, -190186975329, 884551 ] xT=false
  D4 above=T2 pat=000 resclass=[ -190186975329, 316978292215, -15 ] xT=false
  D4 above=T3 pat=000 resclass=[ 884551, -15, -13268265 ] xT=false
  D4 above=T2 pat=000 resclass=[ -190186975329, 316978292215, -15 ] xT=false
  D4 above=T3 pat=000 resclass=[ 884551, -15, -13268265 ] xT=false
  D4 above=T1 pat=000 resclass=[ -168230079214242279, -190186975329, 884551 ] xT=false
  D4 above=T1 pat=000 resclass=[ -168230079214242279, -190186975329, 884551 ] xT=false
  D4 above=T2 pat=000 resclass=[ -190186975329, 316978292215, -15 ] xT=false
  D4 above=T3 pat=000 resclass=[ 884551, -15, -13268265 ] xT=false
  D4 above=T2 pat=000 resclass=[ -190186975329, 316978292215, -15 ] xT=false
  D4 above=T3 pat=000 resclass=[ 884551, -15, -13268265 ] xT=false
MEMBER stv 8/13 13/16 -10/9 shape=[ 1, 1, 2, 2 ] tors=[ 4, 4 ] order4=12 norm111=0 xTpass=0
  D4 above=T2 pat=000 resclass=[ 6302135933655, -72438344065, -87 ] xT=false
  D4 above=T2 pat=000 resclass=[ 6302135933655, -72438344065, -87 ] xT=false
  D4 above=T1 pat=000 resclass=[ 63569645162777985, 6302135933655, 10087 ] xT=false
  D4 above=T3 pat=000 resclass=[ 10087, -87, -877569 ] xT=false
  D4 above=T1 pat=000 resclass=[ 63569645162777985, 6302135933655, 10087 ] xT=false
  D4 above=T3 pat=000 resclass=[ 10087, -87, -877569 ] xT=false
  D4 above=T2 pat=000 resclass=[ 6302135933655, -72438344065, -87 ] xT=false
  D4 above=T2 pat=000 resclass=[ 6302135933655, -72438344065, -87 ] xT=false
  D4 above=T1 pat=000 resclass=[ 63569645162777985, 6302135933655, 10087 ] xT=false
  D4 above=T3 pat=000 resclass=[ 10087, -87, -877569 ] xT=false
  D4 above=T1 pat=000 resclass=[ 63569645162777985, 6302135933655, 10087 ] xT=false
  D4 above=T3 pat=000 resclass=[ 10087, -87, -877569 ] xT=false
PART_DONE part=105
