MEMBER stv 1/4 1/2 -2 shape=[ 1, 1, 2, 2 ] tors=[ 4, 4 ] order4=12 norm111=0 xTpass=0
  D4 above=T3 pat=000 resclass=[ -2, -3, 6 ] xT=false
  D4 above=T3 pat=000 resclass=[ -2, -3, 6 ] xT=false
  D4 above=T1 pat=000 resclass=[ -21, 42, -2 ] xT=false
  D4 above=T2 pat=000 resclass=[ 42, -14, -3 ] xT=false
  D4 above=T1 pat=000 resclass=[ -21, 42, -2 ] xT=false
  D4 above=T2 pat=000 resclass=[ 42, -14, -3 ] xT=false
  D4 above=T3 pat=000 resclass=[ -2, -3, 6 ] xT=false
  D4 above=T3 pat=000 resclass=[ -2, -3, 6 ] xT=false
  D4 above=T1 pat=000 resclass=[ -21, 42, -2 ] xT=false
  D4 above=T2 pat=000 resclass=[ 42, -14, -3 ] xT=false
  D4 above=T1 pat=000 resclass=[ -21, 42, -2 ] xT=false
  D4 above=T2 pat=000 resclass=[ 42, -14, -3 ] xT=false
MEMBER stv 1/3 1/3 -3/4 shape=[ 1, 1, 2, 2 ] tors=[ 4, 4 ] order4=12 norm111=0 xTpass=0
  D4 above=T3 pat=000 resclass=[ -55, -2, 110 ] xT=false
  D4 above=T3 pat=000 resclass=[ -55, -2, 110 ] xT=false
  D4 above=T1 pat=000 resclass=[ -2730, 6006, -55 ] xT=false
  D4 above=T2 pat=000 resclass=[ 6006, -3003, -2 ] xT=false
  D4 above=T1 pat=000 resclass=[ -2730, 6006, -55 ] xT=false
  D4 above=T2 pat=000 resclass=[ 6006, -3003, -2 ] xT=false
  D4 above=T3 pat=000 resclass=[ -55, -2, 110 ] xT=false
  D4 above=T3 pat=000 resclass=[ -55, -2, 110 ] xT=false
  D4 above=T1 pat=000 resclass=[ -2730, 6006, -55 ] xT=false
  D4 above=T2 pat=000 resclass=[ 6006, -3003, -2 ] xT=false
  D4 above=T1 pat=000 resclass=[ -2730, 6006, -55 ] xT=false
  D4 above=T2 pat=000 resclass=[ 6006, -3003, -2 ] xT=false
MEMBER stv 1/2 1/4 -1/4 shape=[ 1, 1, 2, 2 ] tors=[ 4, 4 ] order4=12 norm111=0 xTpass=0
  D4 above=T3 pat=000 resclass=[ -161, -15, 2415 ] xT=false
  D4 above=T3 pat=000 resclass=[ -161, -15, 2415 ] xT=false
  D4 above=T1 pat=000 resclass=[ -345, 105, -161 ] xT=false
  D4 above=T2 pat=000 resclass=[ 105, -7, -15 ] xT=false
  D4 above=T1 pat=000 resclass=[ -345, 105, -161 ] xT=false
  D4 above=T2 pat=000 resclass=[ 105, -7, -15 ] xT=false
  D4 above=T3 pat=000 resclass=[ -161, -15, 2415 ] xT=false
  D4 above=T3 pat=000 resclass=[ -161, -15, 2415 ] xT=false
  D4 above=T1 pat=000 resclass=[ -345, 105, -161 ] xT=false
  D4 above=T2 pat=000 resclass=[ 105, -7, -15 ] xT=false
  D4 above=T1 pat=000 resclass=[ -345, 105, -161 ] xT=false
  D4 above=T2 pat=000 resclass=[ 105, -7, -15 ] xT=false
MEMBER stv 1/2 3 -3/2 shape=[ 1, 1, 2, 2 ] tors=[ 4, 4 ] order4=12 norm111=0 xTpass=0
  D4 above=T3 pat=000 resclass=[ -255, 2, -510 ] xT=false
  D4 above=T3 pat=000 resclass=[ -255, 2, -510 ] xT=false
  D4 above=T2 pat=000 resclass=[ -13035, -26070, 2 ] xT=false
  D4 above=T1 pat=000 resclass=[ 14773, -13035, -255 ] xT=false
  D4 above=T2 pat=000 resclass=[ -13035, -26070, 2 ] xT=false
  D4 above=T1 pat=000 resclass=[ 14773, -13035, -255 ] xT=false
  D4 above=T3 pat=000 resclass=[ -255, 2, -510 ] xT=false
  D4 above=T3 pat=000 resclass=[ -255, 2, -510 ] xT=false
  D4 above=T2 pat=000 resclass=[ -13035, -26070, 2 ] xT=false
  D4 above=T1 pat=000 resclass=[ 14773, -13035, -255 ] xT=false
  D4 above=T2 pat=000 resclass=[ -13035, -26070, 2 ] xT=false
  D4 above=T1 pat=000 resclass=[ 14773, -13035, -255 ] xT=false
MEMBER stv 2/3 2 -2/3 shape=[ 1, 1, 2, 2 ] tors=[ 4, 4 ] order4=12 norm111=0 xTpass=0
  D4 above=T3 pat=000 resclass=[ -77, 3, -231 ] xT=false
  D4 above=T3 pat=000 resclass=[ -77, 3, -231 ] xT=false
  D4 above=T1 pat=000 resclass=[ 687610, -8930, -77 ] xT=false
  D4 above=T2 pat=000 resclass=[ -8930, -26790, 3 ] xT=false
  D4 above=T1 pat=000 resclass=[ 687610, -8930, -77 ] xT=false
  D4 above=T2 pat=000 resclass=[ -8930, -26790, 3 ] xT=false
  D4 above=T3 pat=000 resclass=[ -77, 3, -231 ] xT=false
  D4 above=T3 pat=000 resclass=[ -77, 3, -231 ] xT=false
  D4 above=T1 pat=000 resclass=[ 687610, -8930, -77 ] xT=false
  D4 above=T2 pat=000 resclass=[ -8930, -26790, 3 ] xT=false
  D4 above=T1 pat=000 resclass=[ 687610, -8930, -77 ] xT=false
  D4 above=T2 pat=000 resclass=[ -8930, -26790, 3 ] xT=false
MEMBER stv 3/4 4/3 -4 shape=[ 1, 1, 2, 2 ] tors=[ 4, 4 ] order4=12 norm111=0 xTpass=0
  D4 above=T3 pat=000 resclass=[ -55, 7, -385 ] xT=false
  D4 above=T3 pat=000 resclass=[ -55, 7, -385 ] xT=false
  D4 above=T2 pat=000 resclass=[ 48545, 6935, 7 ] xT=false
  D4 above=T1 pat=000 resclass=[ -106799, 48545, -55 ] xT=false
  D4 above=T2 pat=000 resclass=[ 48545, 6935, 7 ] xT=false
  D4 above=T1 pat=000 resclass=[ -106799, 48545, -55 ] xT=false
  D4 above=T3 pat=000 resclass=[ -55, 7, -385 ] xT=false
  D4 above=T3 pat=000 resclass=[ -55, 7, -385 ] xT=false
  D4 above=T2 pat=000 resclass=[ 48545, 6935, 7 ] xT=false
  D4 above=T1 pat=000 resclass=[ -106799, 48545, -55 ] xT=false
  D4 above=T2 pat=000 resclass=[ 48545, 6935, 7 ] xT=false
  D4 above=T1 pat=000 resclass=[ -106799, 48545, -55 ] xT=false
MEMBER stv 1 3/4 -4/3 shape=[ 1, 1, 2, 2 ] tors=[ 4, 4 ] order4=12 norm111=0 xTpass=0
  D4 above=T1 pat=000 resclass=[ 61341, 2667, 23 ] xT=false
  D4 above=T1 pat=000 resclass=[ 61341, 2667, 23 ] xT=false
  D4 above=T2 pat=000 resclass=[ 2667, -381, -7 ] xT=false
  D4 above=T3 pat=000 resclass=[ 23, -7, -161 ] xT=false
  D4 above=T2 pat=000 resclass=[ 2667, -381, -7 ] xT=false
  D4 above=T3 pat=000 resclass=[ 23, -7, -161 ] xT=false
  D4 above=T1 pat=000 resclass=[ 61341, 2667, 23 ] xT=false
  D4 above=T1 pat=000 resclass=[ 61341, 2667, 23 ] xT=false
  D4 above=T2 pat=000 resclass=[ 2667, -381, -7 ] xT=false
  D4 above=T3 pat=000 resclass=[ 23, -7, -161 ] xT=false
  D4 above=T2 pat=000 resclass=[ 2667, -381, -7 ] xT=false
  D4 above=T3 pat=000 resclass=[ 23, -7, -161 ] xT=false
MEMBER stv 4/3 2/3 -1/2 shape=[ 1, 1, 2, 2 ] tors=[ 4, 4 ] order4=12 norm111=0 xTpass=0
  D4 above=T3 pat=000 resclass=[ 119, -5, -595 ] xT=false
  D4 above=T3 pat=000 resclass=[ 119, -5, -595 ] xT=false
  D4 above=T1 pat=000 resclass=[ -1190, -10, 119 ] xT=false
  D4 above=T2 pat=000 resclass=[ -10, 2, -5 ] xT=false
  D4 above=T1 pat=000 resclass=[ -1190, -10, 119 ] xT=false
  D4 above=T2 pat=000 resclass=[ -10, 2, -5 ] xT=false
  D4 above=T3 pat=000 resclass=[ 119, -5, -595 ] xT=false
  D4 above=T3 pat=000 resclass=[ 119, -5, -595 ] xT=false
  D4 above=T1 pat=000 resclass=[ -1190, -10, 119 ] xT=false
  D4 above=T2 pat=000 resclass=[ -10, 2, -5 ] xT=false
  D4 above=T1 pat=000 resclass=[ -1190, -10, 119 ] xT=false
  D4 above=T2 pat=000 resclass=[ -10, 2, -5 ] xT=false
MEMBER stv 3/2 1/3 -3 shape=[ 1, 1, 2, 2 ] tors=[ 4, 4 ] order4=12 norm111=0 xTpass=0
  D4 above=T3 pat=000 resclass=[ 473, -2, -946 ] xT=false
  D4 above=T3 pat=000 resclass=[ 473, -2, -946 ] xT=false
  D4 above=T1 pat=000 resclass=[ 14207974, 30038, 473 ] xT=false
  D4 above=T2 pat=000 resclass=[ 30038, -15019, -2 ] xT=false
  D4 above=T1 pat=000 resclass=[ 14207974, 30038, 473 ] xT=false
  D4 above=T2 pat=000 resclass=[ 30038, -15019, -2 ] xT=false
  D4 above=T3 pat=000 resclass=[ 473, -2, -946 ] xT=false
  D4 above=T3 pat=000 resclass=[ 473, -2, -946 ] xT=false
  D4 above=T1 pat=000 resclass=[ 14207974, 30038, 473 ] xT=false
  D4 above=T2 pat=000 resclass=[ 30038, -15019, -2 ] xT=false
  D4 above=T1 pat=000 resclass=[ 14207974, 30038, 473 ] xT=false
  D4 above=T2 pat=000 resclass=[ 30038, -15019, -2 ] xT=false
MEMBER stv 2 1/4 -1 shape=[ 1, 1, 2, 2 ] tors=[ 4, 4 ] order4=12 norm111=0 xTpass=0
  D4 above=T2 pat=000 resclass=[ 435, -29, -15 ] xT=false
  D4 above=T2 pat=000 resclass=[ 435, -29, -15 ] xT=false
  D4 above=T1 pat=000 resclass=[ 347565, 435, 799 ] xT=false
  D4 above=T3 pat=000 resclass=[ 799, -15, -11985 ] xT=false
  D4 above=T1 pat=000 resclass=[ 347565, 435, 799 ] xT=false
  D4 above=T3 pat=000 resclass=[ 799, -15, -11985 ] xT=false
  D4 above=T2 pat=000 resclass=[ 435, -29, -15 ] xT=false
  D4 above=T2 pat=000 resclass=[ 435, -29, -15 ] xT=false
  D4 above=T1 pat=000 resclass=[ 347565, 435, 799 ] xT=false
  D4 above=T3 pat=000 resclass=[ 799, -15, -11985 ] xT=false
  D4 above=T1 pat=000 resclass=[ 347565, 435, 799 ] xT=false
  D4 above=T3 pat=000 resclass=[ 799, -15, -11985 ] xT=false
MEMBER stv 2 4 -1/3 shape=[ 1, 1, 2, 2 ] tors=[ 4, 4 ] order4=12 norm111=0 xTpass=0
  D4 above=T2 pat=000 resclass=[ 1195, 717, 15 ] xT=false
  D4 above=T2 pat=000 resclass=[ 1195, 717, 15 ] xT=false
  D4 above=T1 pat=000 resclass=[ -264095, 1195, -221 ] xT=false
  D4 above=T3 pat=000 resclass=[ -221, 15, -3315 ] xT=false
  D4 above=T1 pat=000 resclass=[ -264095, 1195, -221 ] xT=false
  D4 above=T3 pat=000 resclass=[ -221, 15, -3315 ] xT=false
  D4 above=T2 pat=000 resclass=[ 1195, 717, 15 ] xT=false
  D4 above=T2 pat=000 resclass=[ 1195, 717, 15 ] xT=false
  D4 above=T1 pat=000 resclass=[ -264095, 1195, -221 ] xT=false
  D4 above=T3 pat=000 resclass=[ -221, 15, -3315 ] xT=false
  D4 above=T1 pat=000 resclass=[ -264095, 1195, -221 ] xT=false
  D4 above=T3 pat=000 resclass=[ -221, 15, -3315 ] xT=false
MEMBER stv 3 2 -2 INVALID
MEMBER stv 4 3/2 -3/4 shape=[ 1, 1, 2, 2 ] tors=[ 4, 4 ] order4=12 norm111=0 xTpass=0
  D4 above=T2 pat=000 resclass=[ -93885, -18777, 5 ] xT=false
  D4 above=T2 pat=000 resclass=[ -93885, -18777, 5 ] xT=false
  D4 above=T1 pat=000 resclass=[ -19915, -93885, 231 ] xT=false
  D4 above=T3 pat=000 resclass=[ 231, 5, 1155 ] xT=false
  D4 above=T1 pat=000 resclass=[ -19915, -93885, 231 ] xT=false
  D4 above=T3 pat=000 resclass=[ 231, 5, 1155 ] xT=false
  D4 above=T2 pat=000 resclass=[ -93885, -18777, 5 ] xT=false
  D4 above=T2 pat=000 resclass=[ -93885, -18777, 5 ] xT=false
  D4 above=T1 pat=000 resclass=[ -19915, -93885, 231 ] xT=false
  D4 above=T3 pat=000 resclass=[ 231, 5, 1155 ] xT=false
  D4 above=T1 pat=000 resclass=[ -19915, -93885, 231 ] xT=false
  D4 above=T3 pat=000 resclass=[ 231, 5, 1155 ] xT=false
MEMBER stv 15/14 7/16 -3/2 shape=[ 1, 1, 2, 2 ] tors=[ 4, 4 ] order4=12 norm111=0 xTpass=0
  D4 above=T1 pat=000 resclass=[ 42193148043145242, 239310922422, 176311 ] xT=false
  D4 above=T1 pat=000 resclass=[ 42193148043145242, 239310922422, 176311 ] xT=false
  D4 above=T2 pat=000 resclass=[ 239310922422, -10404822714, -23 ] xT=false
  D4 above=T3 pat=000 resclass=[ 176311, -23, -4055153 ] xT=false
  D4 above=T2 pat=000 resclass=[ 239310922422, -10404822714, -23 ] xT=false
  D4 above=T3 pat=000 resclass=[ 176311, -23, -4055153 ] xT=false
  D4 above=T1 pat=000 resclass=[ 42193148043145242, 239310922422, 176311 ] xT=false
  D4 above=T1 pat=000 resclass=[ 42193148043145242, 239310922422, 176311 ] xT=false
  D4 above=T2 pat=000 resclass=[ 239310922422, -10404822714, -23 ] xT=false
  D4 above=T3 pat=000 resclass=[ 176311, -23, -4055153 ] xT=false
  D4 above=T2 pat=000 resclass=[ 239310922422, -10404822714, -23 ] xT=false
  D4 above=T3 pat=000 resclass=[ 176311, -23, -4055153 ] xT=false
MEMBER stv 5/3 6/7 3 shape=[ 1, 1, 2, 2 ] tors=[ 4, 4 ] order4=12 norm111=0 xTpass=0
  D4 above=T1 pat=000 resclass=[ -17828289570, -1218945, 14626 ] xT=false
  D4 above=T1 pat=000 resclass=[ -17828289570, -1218945, 14626 ] xT=false
  D4 above=T2 pat=000 resclass=[ -1218945, 93765, -13 ] xT=false
  D4 above=T3 pat=000 resclass=[ 14626, -13, -190138 ] xT=false
  D4 above=T2 pat=000 resclass=[ -1218945, 93765, -13 ] xT=false
  D4 above=T3 pat=000 resclass=[ 14626, -13, -190138 ] xT=false
  D4 above=T1 pat=000 resclass=[ -17828289570, -1218945, 14626 ] xT=false
  D4 above=T1 pat=000 resclass=[ -17828289570, -1218945, 14626 ] xT=false
  D4 above=T2 pat=000 resclass=[ -1218945, 93765, -13 ] xT=false
  D4 above=T3 pat=000 resclass=[ 14626, -13, -190138 ] xT=false
  D4 above=T2 pat=000 resclass=[ -1218945, 93765, -13 ] xT=false
  D4 above=T3 pat=000 resclass=[ 14626, -13, -190138 ] xT=false
MEMBER stv 4/7 6/5 -8/15 shape=[ 1, 1, 2, 2 ] tors=[ 4, 4 ] order4=12 norm111=0 xTpass=0
  D4 above=T1 pat=000 resclass=[ -48439077642230, -107087128170, 4071 ] xT=false
  D4 above=T1 pat=000 resclass=[ -48439077642230, -107087128170, 4071 ] xT=false
  D4 above=T2 pat=000 resclass=[ -107087128170, -9735193470, 11 ] xT=false
  D4 above=T3 pat=000 resclass=[ 4071, 11, 44781 ] xT=false
  D4 above=T2 pat=000 resclass=[ -107087128170, -9735193470, 11 ] xT=false
  D4 above=T3 pat=000 resclass=[ 4071, 11, 44781 ] xT=false
  D4 above=T1 pat=000 resclass=[ -48439077642230, -107087128170, 4071 ] xT=false
  D4 above=T1 pat=000 resclass=[ -48439077642230, -107087128170, 4071 ] xT=false
  D4 above=T2 pat=000 resclass=[ -107087128170, -9735193470, 11 ] xT=false
  D4 above=T3 pat=000 resclass=[ 4071, 11, 44781 ] xT=false
  D4 above=T2 pat=000 resclass=[ -107087128170, -9735193470, 11 ] xT=false
  D4 above=T3 pat=000 resclass=[ 4071, 11, 44781 ] xT=false
PART_DONE part=106
