MEMBER stv 1/4 1/2 3 shape=[ 1, 1, 2, 2 ] tors=[ 4, 4 ] order4=12 norm111=0 xTpass=0
  D4 above=T2 pat=000 resclass=[ -133, 399, -3 ] xT=false
  D4 above=T2 pat=000 resclass=[ -133, 399, -3 ] xT=false
  D4 above=T1 pat=000 resclass=[ 266, -133, -2 ] xT=false
  D4 above=T3 pat=000 resclass=[ -2, -3, 6 ] xT=false
  D4 above=T1 pat=000 resclass=[ 266, -133, -2 ] xT=false
  D4 above=T3 pat=000 resclass=[ -2, -3, 6 ] xT=false
  D4 above=T2 pat=000 resclass=[ -133, 399, -3 ] xT=false
  D4 above=T2 pat=000 resclass=[ -133, 399, -3 ] xT=false
  D4 above=T1 pat=000 resclass=[ 266, -133, -2 ] xT=false
  D4 above=T3 pat=000 resclass=[ -2, -3, 6 ] xT=false
  D4 above=T1 pat=000 resclass=[ 266, -133, -2 ] xT=false
  D4 above=T3 pat=000 resclass=[ -2, -3, 6 ] xT=false
MEMBER stv 1/3 1/3 1 shape=[ 1, 1, 2, 2 ] tors=[ 4, 4 ] order4=12 norm111=0 xTpass=0
  D4 above=T1 pat=000 resclass=[ 22, -10, -55 ] xT=false
  D4 above=T1 pat=000 resclass=[ 22, -10, -55 ] xT=false
  D4 above=T3 pat=000 resclass=[ -55, -2, 110 ] xT=false
  D4 above=T2 pat=000 resclass=[ -10, 5, -2 ] xT=false
  D4 above=T3 pat=000 resclass=[ -55, -2, 110 ] xT=false
  D4 above=T2 pat=000 resclass=[ -10, 5, -2 ] xT=false
  D4 above=T1 pat=000 resclass=[ 22, -10, -55 ] xT=false
  D4 above=T1 pat=000 resclass=[ 22, -10, -55 ] xT=false
  D4 above=T3 pat=000 resclass=[ -55, -2, 110 ] xT=false
  D4 above=T2 pat=000 resclass=[ -10, 5, -2 ] xT=false
  D4 above=T3 pat=000 resclass=[ -55, -2, 110 ] xT=false
  D4 above=T2 pat=000 resclass=[ -10, 5, -2 ] xT=false
MEMBER stv 1/2 1/4 1/3 shape=[ 1, 1, 2, 2 ] tors=[ 4, 4 ] order4=12 norm111=0 xTpass=0
  D4 above=T2 pat=000 resclass=[ -455, 273, -15 ] xT=false
  D4 above=T2 pat=000 resclass=[ -455, 273, -15 ] xT=false
  D4 above=T1 pat=000 resclass=[ 1495, -455, -161 ] xT=false
  D4 above=T3 pat=000 resclass=[ -161, -15, 2415 ] xT=false
  D4 above=T1 pat=000 resclass=[ 1495, -455, -161 ] xT=false
  D4 above=T3 pat=000 resclass=[ -161, -15, 2415 ] xT=false
  D4 above=T2 pat=000 resclass=[ -455, 273, -15 ] xT=false
  D4 above=T2 pat=000 resclass=[ -455, 273, -15 ] xT=false
  D4 above=T1 pat=000 resclass=[ 1495, -455, -161 ] xT=false
  D4 above=T3 pat=000 resclass=[ -161, -15, 2415 ] xT=false
  D4 above=T1 pat=000 resclass=[ 1495, -455, -161 ] xT=false
  D4 above=T3 pat=000 resclass=[ -161, -15, 2415 ] xT=false
MEMBER stv 1/2 3 2 shape=[ 1, 1, 2, 2 ] tors=[ 4, 4 ] order4=12 norm111=0 xTpass=0
  D4 above=T1 pat=000 resclass=[ 969, -95, -255 ] xT=false
  D4 above=T1 pat=000 resclass=[ 969, -95, -255 ] xT=false
  D4 above=T3 pat=000 resclass=[ -255, 2, -510 ] xT=false
  D4 above=T2 pat=000 resclass=[ -95, -190, 2 ] xT=false
  D4 above=T3 pat=000 resclass=[ -255, 2, -510 ] xT=false
  D4 above=T2 pat=000 resclass=[ -95, -190, 2 ] xT=false
  D4 above=T1 pat=000 resclass=[ 969, -95, -255 ] xT=false
  D4 above=T1 pat=000 resclass=[ 969, -95, -255 ] xT=false
  D4 above=T3 pat=000 resclass=[ -255, 2, -510 ] xT=false
  D4 above=T2 pat=000 resclass=[ -95, -190, 2 ] xT=false
  D4 above=T3 pat=000 resclass=[ -255, 2, -510 ] xT=false
  D4 above=T2 pat=000 resclass=[ -95, -190, 2 ] xT=false
MEMBER stv 2/3 2 3/4 shape=[ 1, 1, 2, 2 ] tors=[ 4, 4 ] order4=12 norm111=0 xTpass=0
  D4 above=T2 pat=000 resclass=[ -23, -69, 3 ] xT=false
  D4 above=T2 pat=000 resclass=[ -23, -69, 3 ] xT=false
  D4 above=T1 pat=000 resclass=[ 1771, -23, -77 ] xT=false
  D4 above=T3 pat=000 resclass=[ -77, 3, -231 ] xT=false
  D4 above=T1 pat=000 resclass=[ 1771, -23, -77 ] xT=false
  D4 above=T3 pat=000 resclass=[ -77, 3, -231 ] xT=false
  D4 above=T2 pat=000 resclass=[ -23, -69, 3 ] xT=false
  D4 above=T2 pat=000 resclass=[ -23, -69, 3 ] xT=false
  D4 above=T1 pat=000 resclass=[ 1771, -23, -77 ] xT=false
  D4 above=T3 pat=000 resclass=[ -77, 3, -231 ] xT=false
  D4 above=T1 pat=000 resclass=[ 1771, -23, -77 ] xT=false
  D4 above=T3 pat=000 resclass=[ -77, 3, -231 ] xT=false
MEMBER stv 3/4 3/2 1/4 shape=[ 1, 1, 2, 2 ] tors=[ 4, 4 ] order4=12 norm111=0 xTpass=0
  D4 above=T3 pat=000 resclass=[ -1, 5, -5 ] xT=false
  D4 above=T3 pat=000 resclass=[ -1, 5, -5 ] xT=false
  D4 above=T1 pat=000 resclass=[ -2555, 2555, -1 ] xT=false
  D4 above=T2 pat=000 resclass=[ 2555, 511, 5 ] xT=false
  D4 above=T1 pat=000 resclass=[ -2555, 2555, -1 ] xT=false
  D4 above=T2 pat=000 resclass=[ 2555, 511, 5 ] xT=false
  D4 above=T3 pat=000 resclass=[ -1, 5, -5 ] xT=false
  D4 above=T3 pat=000 resclass=[ -1, 5, -5 ] xT=false
  D4 above=T1 pat=000 resclass=[ -2555, 2555, -1 ] xT=false
  D4 above=T2 pat=000 resclass=[ 2555, 511, 5 ] xT=false
  D4 above=T1 pat=000 resclass=[ -2555, 2555, -1 ] xT=false
  D4 above=T2 pat=000 resclass=[ 2555, 511, 5 ] xT=false
MEMBER stv 1 3/4 3/2 shape=[ 1, 1, 2, 2 ] tors=[ 4, 4 ] order4=12 norm111=0 xTpass=0
  D4 above=T1 pat=000 resclass=[ -7095270, -308490, 23 ] xT=false
  D4 above=T1 pat=000 resclass=[ -7095270, -308490, 23 ] xT=false
  D4 above=T2 pat=000 resclass=[ -308490, 44070, -7 ] xT=false
  D4 above=T3 pat=000 resclass=[ 23, -7, -161 ] xT=false
  D4 above=T2 pat=000 resclass=[ -308490, 44070, -7 ] xT=false
  D4 above=T3 pat=000 resclass=[ 23, -7, -161 ] xT=false
  D4 above=T1 pat=000 resclass=[ -7095270, -308490, 23 ] xT=false
  D4 above=T1 pat=000 resclass=[ -7095270, -308490, 23 ] xT=false
  D4 above=T2 pat=000 resclass=[ -308490, 44070, -7 ] xT=false
  D4 above=T3 pat=000 resclass=[ 23, -7, -161 ] xT=false
  D4 above=T2 pat=000 resclass=[ -308490, 44070, -7 ] xT=false
  D4 above=T3 pat=000 resclass=[ 23, -7, -161 ] xT=false
MEMBER stv 4/3 2/3 2/3 shape=[ 1, 1, 2, 2 ] tors=[ 4, 4 ] order4=12 norm111=0 xTpass=0
  D4 above=T3 pat=000 resclass=[ 119, -5, -595 ] xT=false
  D4 above=T3 pat=000 resclass=[ 119, -5, -595 ] xT=false
  D4 above=T1 pat=000 resclass=[ -120269730, -1010670, 119 ] xT=false
  D4 above=T2 pat=000 resclass=[ -1010670, 202134, -5 ] xT=false
  D4 above=T1 pat=000 resclass=[ -120269730, -1010670, 119 ] xT=false
  D4 above=T2 pat=000 resclass=[ -1010670, 202134, -5 ] xT=false
  D4 above=T3 pat=000 resclass=[ 119, -5, -595 ] xT=false
  D4 above=T3 pat=000 resclass=[ 119, -5, -595 ] xT=false
  D4 above=T1 pat=000 resclass=[ -120269730, -1010670, 119 ] xT=false
  D4 above=T2 pat=000 resclass=[ -1010670, 202134, -5 ] xT=false
  D4 above=T1 pat=000 resclass=[ -120269730, -1010670, 119 ] xT=false
  D4 above=T2 pat=000 resclass=[ -1010670, 202134, -5 ] xT=false
MEMBER stv 3/2 1/3 4 shape=[ 1, 1, 2, 2 ] tors=[ 4, 4 ] order4=12 norm111=0 xTpass=0
  D4 above=T1 pat=000 resclass=[ -1991330, -4210, 473 ] xT=false
  D4 above=T1 pat=000 resclass=[ -1991330, -4210, 473 ] xT=false
  D4 above=T2 pat=000 resclass=[ -4210, 2105, -2 ] xT=false
  D4 above=T3 pat=000 resclass=[ 473, -2, -946 ] xT=false
  D4 above=T2 pat=000 resclass=[ -4210, 2105, -2 ] xT=false
  D4 above=T3 pat=000 resclass=[ 473, -2, -946 ] xT=false
  D4 above=T1 pat=000 resclass=[ -1991330, -4210, 473 ] xT=false
  D4 above=T1 pat=000 resclass=[ -1991330, -4210, 473 ] xT=false
  D4 above=T2 pat=000 resclass=[ -4210, 2105, -2 ] xT=false
  D4 above=T3 pat=000 resclass=[ 473, -2, -946 ] xT=false
  D4 above=T2 pat=000 resclass=[ -4210, 2105, -2 ] xT=false
  D4 above=T3 pat=000 resclass=[ 473, -2, -946 ] xT=false
MEMBER stv 2 1/4 4/3 shape=[ 1, 1, 2, 2 ] tors=[ 4, 4 ] order4=12 norm111=0 xTpass=0
  D4 above=T1 pat=000 resclass=[ -93439055, -116945, 799 ] xT=false
  D4 above=T1 pat=000 resclass=[ -93439055, -116945, 799 ] xT=false
  D4 above=T2 pat=000 resclass=[ -116945, 70167, -15 ] xT=false
  D4 above=T3 pat=000 resclass=[ 799, -15, -11985 ] xT=false
  D4 above=T2 pat=000 resclass=[ -116945, 70167, -15 ] xT=false
  D4 above=T3 pat=000 resclass=[ 799, -15, -11985 ] xT=false
  D4 above=T1 pat=000 resclass=[ -93439055, -116945, 799 ] xT=false
  D4 above=T1 pat=000 resclass=[ -93439055, -116945, 799 ] xT=false
  D4 above=T2 pat=000 resclass=[ -116945, 70167, -15 ] xT=false
  D4 above=T3 pat=000 resclass=[ 799, -15, -11985 ] xT=false
  D4 above=T2 pat=000 resclass=[ -116945, 70167, -15 ] xT=false
  D4 above=T3 pat=000 resclass=[ 799, -15, -11985 ] xT=false
MEMBER stv 2 4 1/2 shape=[ 1, 1, 2, 2 ] tors=[ 4, 4 ] order4=12 norm111=0 xTpass=0
  D4 above=T2 pat=000 resclass=[ -130, -78, 15 ] xT=false
  D4 above=T2 pat=000 resclass=[ -130, -78, 15 ] xT=false
  D4 above=T3 pat=000 resclass=[ -221, 15, -3315 ] xT=false
  D4 above=T1 pat=000 resclass=[ 170, -130, -221 ] xT=false
  D4 above=T3 pat=000 resclass=[ -221, 15, -3315 ] xT=false
  D4 above=T1 pat=000 resclass=[ 170, -130, -221 ] xT=false
  D4 above=T2 pat=000 resclass=[ -130, -78, 15 ] xT=false
  D4 above=T2 pat=000 resclass=[ -130, -78, 15 ] xT=false
  D4 above=T3 pat=000 resclass=[ -221, 15, -3315 ] xT=false
  D4 above=T1 pat=000 resclass=[ 170, -130, -221 ] xT=false
  D4 above=T3 pat=000 resclass=[ -221, 15, -3315 ] xT=false
  D4 above=T1 pat=000 resclass=[ 170, -130, -221 ] xT=false
MEMBER stv 3 2 3 INVALID
MEMBER stv 4 3/2 1 shape=[ 1, 1, 2, 2 ] tors=[ 4, 4 ] order4=12 norm111=0 xTpass=0
  D4 above=T1 pat=000 resclass=[ 4457145, 19295, 231 ] xT=false
  D4 above=T1 pat=000 resclass=[ 4457145, 19295, 231 ] xT=false
  D4 above=T2 pat=000 resclass=[ 19295, 3859, 5 ] xT=false
  D4 above=T3 pat=000 resclass=[ 231, 5, 1155 ] xT=false
  D4 above=T2 pat=000 resclass=[ 19295, 3859, 5 ] xT=false
  D4 above=T3 pat=000 resclass=[ 231, 5, 1155 ] xT=false
  D4 above=T1 pat=000 resclass=[ 4457145, 19295, 231 ] xT=false
  D4 above=T1 pat=000 resclass=[ 4457145, 19295, 231 ] xT=false
  D4 above=T2 pat=000 resclass=[ 19295, 3859, 5 ] xT=false
  D4 above=T3 pat=000 resclass=[ 231, 5, 1155 ] xT=false
  D4 above=T2 pat=000 resclass=[ 19295, 3859, 5 ] xT=false
  D4 above=T3 pat=000 resclass=[ 231, 5, 1155 ] xT=false
MEMBER stv 11/9 3/4 3/8 shape=[ 1, 1, 2, 2 ] tors=[ 4, 4 ] order4=12 norm111=0 xTpass=0
  D4 above=T3 pat=000 resclass=[ 27007, -7, -189049 ] xT=false
  D4 above=T3 pat=000 resclass=[ 27007, -7, -189049 ] xT=false
  D4 above=T2 pat=000 resclass=[ -51732870, 7390410, -7 ] xT=false
  D4 above=T1 pat=000 resclass=[ -1397149620090, -51732870, 27007 ] xT=false
  D4 above=T2 pat=000 resclass=[ -51732870, 7390410, -7 ] xT=false
  D4 above=T1 pat=000 resclass=[ -1397149620090, -51732870, 27007 ] xT=false
  D4 above=T3 pat=000 resclass=[ 27007, -7, -189049 ] xT=false
  D4 above=T3 pat=000 resclass=[ 27007, -7, -189049 ] xT=false
  D4 above=T2 pat=000 resclass=[ -51732870, 7390410, -7 ] xT=false
  D4 above=T1 pat=000 resclass=[ -1397149620090, -51732870, 27007 ] xT=false
  D4 above=T2 pat=000 resclass=[ -51732870, 7390410, -7 ] xT=false
  D4 above=T1 pat=000 resclass=[ -1397149620090, -51732870, 27007 ] xT=false
MEMBER stv 1 1/3 19/15 shape=[ 1, 1, 2, 2 ] tors=[ 4, 4 ] order4=12 norm111=0 xTpass=0
  D4 above=T2 pat=000 resclass=[ -14079570, 7039785, -2 ] xT=false
  D4 above=T2 pat=000 resclass=[ -14079570, 7039785, -2 ] xT=false
  D4 above=T3 pat=000 resclass=[ 17, -2, -34 ] xT=false
  D4 above=T1 pat=000 resclass=[ -828210, -14079570, 17 ] xT=false
  D4 above=T3 pat=000 resclass=[ 17, -2, -34 ] xT=false
  D4 above=T1 pat=000 resclass=[ -828210, -14079570, 17 ] xT=false
  D4 above=T2 pat=000 resclass=[ -14079570, 7039785, -2 ] xT=false
  D4 above=T2 pat=000 resclass=[ -14079570, 7039785, -2 ] xT=false
  D4 above=T3 pat=000 resclass=[ 17, -2, -34 ] xT=false
  D4 above=T1 pat=000 resclass=[ -828210, -14079570, 17 ] xT=false
  D4 above=T3 pat=000 resclass=[ 17, -2, -34 ] xT=false
  D4 above=T1 pat=000 resclass=[ -828210, -14079570, 17 ] xT=false
MEMBER stv 13/5 7 7/3 shape=[ 1, 1, 2, 2 ] tors=[ 4, 4 ] order4=12 norm111=0 xTpass=0
  D4 above=T3 pat=000 resclass=[ -57431, 3, -172293 ] xT=false
  D4 above=T3 pat=000 resclass=[ -57431, 3, -172293 ] xT=false
  D4 above=T1 pat=000 resclass=[ 51881322611503, -903367913, -57431 ] xT=false
  D4 above=T2 pat=000 resclass=[ -903367913, -2710103739, 3 ] xT=false
  D4 above=T1 pat=000 resclass=[ 51881322611503, -903367913, -57431 ] xT=false
  D4 above=T2 pat=000 resclass=[ -903367913, -2710103739, 3 ] xT=false
  D4 above=T3 pat=000 resclass=[ -57431, 3, -172293 ] xT=false
  D4 above=T3 pat=000 resclass=[ -57431, 3, -172293 ] xT=false
  D4 above=T1 pat=000 resclass=[ 51881322611503, -903367913, -57431 ] xT=false
  D4 above=T2 pat=000 resclass=[ -903367913, -2710103739, 3 ] xT=false
  D4 above=T1 pat=000 resclass=[ 51881322611503, -903367913, -57431 ] xT=false
  D4 above=T2 pat=000 resclass=[ -903367913, -2710103739, 3 ] xT=false
PART_DONE part=107
