MEMBER stv 1/4 1/2 -3 shape=[ 1, 1, 2, 2 ] tors=[ 4, 4 ] order4=12 norm111=0 xTpass=0
  D4 above=T2 pat=000 resclass=[ 13, -39, -3 ] xT=false
  D4 above=T2 pat=000 resclass=[ 13, -39, -3 ] xT=false
  D4 above=T3 pat=000 resclass=[ -2, -3, 6 ] xT=false
  D4 above=T1 pat=000 resclass=[ -26, 13, -2 ] xT=false
  D4 above=T3 pat=000 resclass=[ -2, -3, 6 ] xT=false
  D4 above=T1 pat=000 resclass=[ -26, 13, -2 ] xT=false
  D4 above=T2 pat=000 resclass=[ 13, -39, -3 ] xT=false
  D4 above=T2 pat=000 resclass=[ 13, -39, -3 ] xT=false
  D4 above=T3 pat=000 resclass=[ -2, -3, 6 ] xT=false
  D4 above=T1 pat=000 resclass=[ -26, 13, -2 ] xT=false
  D4 above=T3 pat=000 resclass=[ -2, -3, 6 ] xT=false
  D4 above=T1 pat=000 resclass=[ -26, 13, -2 ] xT=false
MEMBER stv 1/3 1/3 -1 shape=[ 1, 1, 2, 2 ] tors=[ 4, 4 ] order4=12 norm111=0 xTpass=0
  D4 above=T1 pat=010 resclass=[ -55, 1, -55 ] xT=false
  D4 above=T1 pat=010 resclass=[ -55, 1, -55 ] xT=false
  D4 above=T2 pat=100 resclass=[ 1, -2, -2 ] xT=false
  D4 above=T3 pat=000 resclass=[ -55, -2, 110 ] xT=false
  D4 above=T2 pat=100 resclass=[ 1, -2, -2 ] xT=false
  D4 above=T3 pat=000 resclass=[ -55, -2, 110 ] xT=false
  D4 above=T1 pat=010 resclass=[ -55, 1, -55 ] xT=false
  D4 above=T1 pat=010 resclass=[ -55, 1, -55 ] xT=false
  D4 above=T2 pat=100 resclass=[ 1, -2, -2 ] xT=false
  D4 above=T3 pat=000 resclass=[ -55, -2, 110 ] xT=false
  D4 above=T2 pat=100 resclass=[ 1, -2, -2 ] xT=false
  D4 above=T3 pat=000 resclass=[ -55, -2, 110 ] xT=false
MEMBER stv 1/2 1/4 -1/3 shape=[ 1, 1, 2, 2 ] tors=[ 4, 4 ] order4=12 norm111=0 xTpass=0
  D4 above=T1 pat=000 resclass=[ -6101095, 37895, -161 ] xT=false
  D4 above=T1 pat=000 resclass=[ -6101095, 37895, -161 ] xT=false
  D4 above=T3 pat=000 resclass=[ -161, -15, 2415 ] xT=false
  D4 above=T2 pat=000 resclass=[ 37895, -22737, -15 ] xT=false
  D4 above=T3 pat=000 resclass=[ -161, -15, 2415 ] xT=false
  D4 above=T2 pat=000 resclass=[ 37895, -22737, -15 ] xT=false
  D4 above=T1 pat=000 resclass=[ -6101095, 37895, -161 ] xT=false
  D4 above=T1 pat=000 resclass=[ -6101095, 37895, -161 ] xT=false
  D4 above=T3 pat=000 resclass=[ -161, -15, 2415 ] xT=false
  D4 above=T2 pat=000 resclass=[ 37895, -22737, -15 ] xT=false
  D4 above=T3 pat=000 resclass=[ -161, -15, 2415 ] xT=false
  D4 above=T2 pat=000 resclass=[ 37895, -22737, -15 ] xT=false
MEMBER stv 1/2 3 -2 shape=[ 1, 1, 2, 2 ] tors=[ 4, 4 ] order4=12 norm111=0 xTpass=0
  D4 above=T2 pat=000 resclass=[ -1, -2, 2 ] xT=false
  D4 above=T2 pat=000 resclass=[ -1, -2, 2 ] xT=false
  D4 above=T1 pat=000 resclass=[ 255, -1, -255 ] xT=false
  D4 above=T3 pat=000 resclass=[ -255, 2, -510 ] xT=false
  D4 above=T1 pat=000 resclass=[ 255, -1, -255 ] xT=false
  D4 above=T3 pat=000 resclass=[ -255, 2, -510 ] xT=false
  D4 above=T2 pat=000 resclass=[ -1, -2, 2 ] xT=false
  D4 above=T2 pat=000 resclass=[ -1, -2, 2 ] xT=false
  D4 above=T1 pat=000 resclass=[ 255, -1, -255 ] xT=false
  D4 above=T3 pat=000 resclass=[ -255, 2, -510 ] xT=false
  D4 above=T1 pat=000 resclass=[ 255, -1, -255 ] xT=false
  D4 above=T3 pat=000 resclass=[ -255, 2, -510 ] xT=false
MEMBER stv 2/3 2 -3/4 shape=[ 1, 1, 2, 2 ] tors=[ 4, 4 ] order4=12 norm111=0 xTpass=0
  D4 above=T3 pat=000 resclass=[ -77, 3, -231 ] xT=false
  D4 above=T3 pat=000 resclass=[ -77, 3, -231 ] xT=false
  D4 above=T1 pat=000 resclass=[ 4466, -58, -77 ] xT=false
  D4 above=T2 pat=000 resclass=[ -58, -174, 3 ] xT=false
  D4 above=T1 pat=000 resclass=[ 4466, -58, -77 ] xT=false
  D4 above=T2 pat=000 resclass=[ -58, -174, 3 ] xT=false
  D4 above=T3 pat=000 resclass=[ -77, 3, -231 ] xT=false
  D4 above=T3 pat=000 resclass=[ -77, 3, -231 ] xT=false
  D4 above=T1 pat=000 resclass=[ 4466, -58, -77 ] xT=false
  D4 above=T2 pat=000 resclass=[ -58, -174, 3 ] xT=false
  D4 above=T1 pat=000 resclass=[ 4466, -58, -77 ] xT=false
  D4 above=T2 pat=000 resclass=[ -58, -174, 3 ] xT=false
MEMBER stv 3/4 3/2 -1/4 shape=[ 1, 1, 2, 2 ] tors=[ 4, 4 ] order4=12 norm111=0 xTpass=0
  D4 above=T3 pat=000 resclass=[ -1, 5, -5 ] xT=false
  D4 above=T3 pat=000 resclass=[ -1, 5, -5 ] xT=false
  D4 above=T2 pat=000 resclass=[ -11, -55, 5 ] xT=false
  D4 above=T1 pat=000 resclass=[ 11, -11, -1 ] xT=false
  D4 above=T2 pat=000 resclass=[ -11, -55, 5 ] xT=false
  D4 above=T1 pat=000 resclass=[ 11, -11, -1 ] xT=false
  D4 above=T3 pat=000 resclass=[ -1, 5, -5 ] xT=false
  D4 above=T3 pat=000 resclass=[ -1, 5, -5 ] xT=false
  D4 above=T2 pat=000 resclass=[ -11, -55, 5 ] xT=false
  D4 above=T1 pat=000 resclass=[ 11, -11, -1 ] xT=false
  D4 above=T2 pat=000 resclass=[ -11, -55, 5 ] xT=false
  D4 above=T1 pat=000 resclass=[ 11, -11, -1 ] xT=false
MEMBER stv 1 3/4 -3/2 shape=[ 1, 1, 2, 2 ] tors=[ 4, 4 ] order4=12 norm111=0 xTpass=0
  D4 above=T3 pat=000 resclass=[ 23, -7, -161 ] xT=false
  D4 above=T3 pat=000 resclass=[ 23, -7, -161 ] xT=false
  D4 above=T1 pat=000 resclass=[ 429870, 18690, 23 ] xT=false
  D4 above=T2 pat=000 resclass=[ 18690, -2670, -7 ] xT=false
  D4 above=T1 pat=000 resclass=[ 429870, 18690, 23 ] xT=false
  D4 above=T2 pat=000 resclass=[ 18690, -2670, -7 ] xT=false
  D4 above=T3 pat=000 resclass=[ 23, -7, -161 ] xT=false
  D4 above=T3 pat=000 resclass=[ 23, -7, -161 ] xT=false
  D4 above=T1 pat=000 resclass=[ 429870, 18690, 23 ] xT=false
  D4 above=T2 pat=000 resclass=[ 18690, -2670, -7 ] xT=false
  D4 above=T1 pat=000 resclass=[ 429870, 18690, 23 ] xT=false
  D4 above=T2 pat=000 resclass=[ 18690, -2670, -7 ] xT=false
MEMBER stv 4/3 2/3 -2/3 shape=[ 1, 1, 2, 2 ] tors=[ 4, 4 ] order4=12 norm111=0 xTpass=0
  D4 above=T2 pat=000 resclass=[ 510, -102, -5 ] xT=false
  D4 above=T2 pat=000 resclass=[ 510, -102, -5 ] xT=false
  D4 above=T1 pat=000 resclass=[ 210, 510, 119 ] xT=false
  D4 above=T3 pat=000 resclass=[ 119, -5, -595 ] xT=false
  D4 above=T1 pat=000 resclass=[ 210, 510, 119 ] xT=false
  D4 above=T3 pat=000 resclass=[ 119, -5, -595 ] xT=false
  D4 above=T2 pat=000 resclass=[ 510, -102, -5 ] xT=false
  D4 above=T2 pat=000 resclass=[ 510, -102, -5 ] xT=false
  D4 above=T1 pat=000 resclass=[ 210, 510, 119 ] xT=false
  D4 above=T3 pat=000 resclass=[ 119, -5, -595 ] xT=false
  D4 above=T1 pat=000 resclass=[ 210, 510, 119 ] xT=false
  D4 above=T3 pat=000 resclass=[ 119, -5, -595 ] xT=false
MEMBER stv 3/2 1/3 -4 shape=[ 1, 1, 2, 2 ] tors=[ 4, 4 ] order4=12 norm111=0 xTpass=0
  D4 above=T3 pat=000 resclass=[ 473, -2, -946 ] xT=false
  D4 above=T3 pat=000 resclass=[ 473, -2, -946 ] xT=false
  D4 above=T2 pat=000 resclass=[ 170, -85, -2 ] xT=false
  D4 above=T1 pat=000 resclass=[ 80410, 170, 473 ] xT=false
  D4 above=T2 pat=000 resclass=[ 170, -85, -2 ] xT=false
  D4 above=T1 pat=000 resclass=[ 80410, 170, 473 ] xT=false
  D4 above=T3 pat=000 resclass=[ 473, -2, -946 ] xT=false
  D4 above=T3 pat=000 resclass=[ 473, -2, -946 ] xT=false
  D4 above=T2 pat=000 resclass=[ 170, -85, -2 ] xT=false
  D4 above=T1 pat=000 resclass=[ 80410, 170, 473 ] xT=false
  D4 above=T2 pat=000 resclass=[ 170, -85, -2 ] xT=false
  D4 above=T1 pat=000 resclass=[ 80410, 170, 473 ] xT=false
MEMBER stv 2 1/4 -4/3 shape=[ 1, 1, 2, 2 ] tors=[ 4, 4 ] order4=12 norm111=0 xTpass=0
  D4 above=T3 pat=000 resclass=[ 799, -15, -11985 ] xT=false
  D4 above=T3 pat=000 resclass=[ 799, -15, -11985 ] xT=false
  D4 above=T2 pat=000 resclass=[ 455, -273, -15 ] xT=false
  D4 above=T1 pat=000 resclass=[ 363545, 455, 799 ] xT=false
  D4 above=T2 pat=000 resclass=[ 455, -273, -15 ] xT=false
  D4 above=T1 pat=000 resclass=[ 363545, 455, 799 ] xT=false
  D4 above=T3 pat=000 resclass=[ 799, -15, -11985 ] xT=false
  D4 above=T3 pat=000 resclass=[ 799, -15, -11985 ] xT=false
  D4 above=T2 pat=000 resclass=[ 455, -273, -15 ] xT=false
  D4 above=T1 pat=000 resclass=[ 363545, 455, 799 ] xT=false
  D4 above=T2 pat=000 resclass=[ 455, -273, -15 ] xT=false
  D4 above=T1 pat=000 resclass=[ 363545, 455, 799 ] xT=false
MEMBER stv 2 4 -1/2 shape=[ 1, 1, 2, 2 ] tors=[ 4, 4 ] order4=12 norm111=0 xTpass=0
  D4 above=T2 pat=000 resclass=[ 3570, 238, 15 ] xT=false
  D4 above=T2 pat=000 resclass=[ 3570, 238, 15 ] xT=false
  D4 above=T1 pat=000 resclass=[ -2730, 3570, -221 ] xT=false
  D4 above=T3 pat=000 resclass=[ -221, 15, -3315 ] xT=false
  D4 above=T1 pat=000 resclass=[ -2730, 3570, -221 ] xT=false
  D4 above=T3 pat=000 resclass=[ -221, 15, -3315 ] xT=false
  D4 above=T2 pat=000 resclass=[ 3570, 238, 15 ] xT=false
  D4 above=T2 pat=000 resclass=[ 3570, 238, 15 ] xT=false
  D4 above=T1 pat=000 resclass=[ -2730, 3570, -221 ] xT=false
  D4 above=T3 pat=000 resclass=[ -221, 15, -3315 ] xT=false
  D4 above=T1 pat=000 resclass=[ -2730, 3570, -221 ] xT=false
  D4 above=T3 pat=000 resclass=[ -221, 15, -3315 ] xT=false
MEMBER stv 3 2 -3 INVALID
MEMBER stv 4 3/2 -1 shape=[ 1, 1, 2, 2 ] tors=[ 4, 4 ] order4=12 norm111=0 xTpass=0
  D4 above=T1 pat=000 resclass=[ -15015, -65, 231 ] xT=false
  D4 above=T1 pat=000 resclass=[ -15015, -65, 231 ] xT=false
  D4 above=T3 pat=000 resclass=[ 231, 5, 1155 ] xT=false
  D4 above=T2 pat=000 resclass=[ -65, -13, 5 ] xT=false
  D4 above=T3 pat=000 resclass=[ 231, 5, 1155 ] xT=false
  D4 above=T2 pat=000 resclass=[ -65, -13, 5 ] xT=false
  D4 above=T1 pat=000 resclass=[ -15015, -65, 231 ] xT=false
  D4 above=T1 pat=000 resclass=[ -15015, -65, 231 ] xT=false
  D4 above=T3 pat=000 resclass=[ 231, 5, 1155 ] xT=false
  D4 above=T2 pat=000 resclass=[ -65, -13, 5 ] xT=false
  D4 above=T3 pat=000 resclass=[ 231, 5, 1155 ] xT=false
  D4 above=T2 pat=000 resclass=[ -65, -13, 5 ] xT=false
MEMBER stv 4/5 7 19/3 shape=[ 1, 1, 2, 2 ] tors=[ 4, 4 ] order4=12 norm111=0 xTpass=0
  D4 above=T3 pat=000 resclass=[ -3599, 3, -10797 ] xT=false
  D4 above=T3 pat=000 resclass=[ -3599, 3, -10797 ] xT=false
  D4 above=T1 pat=000 resclass=[ 28943978647579, -8042228021, -3599 ] xT=false
  D4 above=T2 pat=000 resclass=[ -8042228021, -24126684063, 3 ] xT=false
  D4 above=T1 pat=000 resclass=[ 28943978647579, -8042228021, -3599 ] xT=false
  D4 above=T2 pat=000 resclass=[ -8042228021, -24126684063, 3 ] xT=false
  D4 above=T3 pat=000 resclass=[ -3599, 3, -10797 ] xT=false
  D4 above=T3 pat=000 resclass=[ -3599, 3, -10797 ] xT=false
  D4 above=T1 pat=000 resclass=[ 28943978647579, -8042228021, -3599 ] xT=false
  D4 above=T2 pat=000 resclass=[ -8042228021, -24126684063, 3 ] xT=false
  D4 above=T1 pat=000 resclass=[ 28943978647579, -8042228021, -3599 ] xT=false
  D4 above=T2 pat=000 resclass=[ -8042228021, -24126684063, 3 ] xT=false
MEMBER stv 4/15 7 6/5 shape=[ 1, 1, 2, 2 ] tors=[ 4, 4 ] order4=12 norm111=0 xTpass=0
  D4 above=T1 pat=000 resclass=[ 139511114892490, -4306031510, -32399 ] xT=false
  D4 above=T1 pat=000 resclass=[ 139511114892490, -4306031510, -32399 ] xT=false
  D4 above=T3 pat=000 resclass=[ -32399, 3, -97197 ] xT=false
  D4 above=T2 pat=000 resclass=[ -4306031510, -12918094530, 3 ] xT=false
  D4 above=T3 pat=000 resclass=[ -32399, 3, -97197 ] xT=false
  D4 above=T2 pat=000 resclass=[ -4306031510, -12918094530, 3 ] xT=false
  D4 above=T1 pat=000 resclass=[ 139511114892490, -4306031510, -32399 ] xT=false
  D4 above=T1 pat=000 resclass=[ 139511114892490, -4306031510, -32399 ] xT=false
  D4 above=T3 pat=000 resclass=[ -32399, 3, -97197 ] xT=false
  D4 above=T2 pat=000 resclass=[ -4306031510, -12918094530, 3 ] xT=false
  D4 above=T3 pat=000 resclass=[ -32399, 3, -97197 ] xT=false
  D4 above=T2 pat=000 resclass=[ -4306031510, -12918094530, 3 ] xT=false
MEMBER stv 8/9 4 -18/13 shape=[ 1, 1, 2, 2 ] tors=[ 4, 4 ] order4=12 norm111=0 xTpass=0
  D4 above=T2 pat=000 resclass=[ 166748010, 11116534, 15 ] xT=false
  D4 above=T2 pat=000 resclass=[ 166748010, 11116534, 15 ] xT=false
  D4 above=T1 pat=000 resclass=[ -148090890, 166748010, -18161 ] xT=false
  D4 above=T3 pat=000 resclass=[ -18161, 15, -272415 ] xT=false
  D4 above=T1 pat=000 resclass=[ -148090890, 166748010, -18161 ] xT=false
  D4 above=T3 pat=000 resclass=[ -18161, 15, -272415 ] xT=false
  D4 above=T2 pat=000 resclass=[ 166748010, 11116534, 15 ] xT=false
  D4 above=T2 pat=000 resclass=[ 166748010, 11116534, 15 ] xT=false
  D4 above=T1 pat=000 resclass=[ -148090890, 166748010, -18161 ] xT=false
  D4 above=T3 pat=000 resclass=[ -18161, 15, -272415 ] xT=false
  D4 above=T1 pat=000 resclass=[ -148090890, 166748010, -18161 ] xT=false
  D4 above=T3 pat=000 resclass=[ -18161, 15, -272415 ] xT=false
PART_DONE part=108
