MEMBER stv 1/4 1/2 4 shape=[ 1, 1, 2, 2 ] tors=[ 4, 4 ] order4=12 norm111=0 xTpass=0
  D4 above=T3 pat=000 resclass=[ -2, -3, 6 ] xT=false
  D4 above=T3 pat=000 resclass=[ -2, -3, 6 ] xT=false
  D4 above=T1 pat=000 resclass=[ 15, -30, -2 ] xT=false
  D4 above=T2 pat=000 resclass=[ -30, 10, -3 ] xT=false
  D4 above=T1 pat=000 resclass=[ 15, -30, -2 ] xT=false
  D4 above=T2 pat=000 resclass=[ -30, 10, -3 ] xT=false
  D4 above=T3 pat=000 resclass=[ -2, -3, 6 ] xT=false
  D4 above=T3 pat=000 resclass=[ -2, -3, 6 ] xT=false
  D4 above=T1 pat=000 resclass=[ 15, -30, -2 ] xT=false
  D4 above=T2 pat=000 resclass=[ -30, 10, -3 ] xT=false
  D4 above=T1 pat=000 resclass=[ 15, -30, -2 ] xT=false
  D4 above=T2 pat=000 resclass=[ -30, 10, -3 ] xT=false
MEMBER stv 1/3 1/3 4/3 shape=[ 1, 1, 2, 2 ] tors=[ 4, 4 ] order4=12 norm111=0 xTpass=0
  D4 above=T2 pat=000 resclass=[ -57846, 28923, -2 ] xT=false
  D4 above=T2 pat=000 resclass=[ -57846, 28923, -2 ] xT=false
  D4 above=T1 pat=000 resclass=[ 3181530, -57846, -55 ] xT=false
  D4 above=T3 pat=000 resclass=[ -55, -2, 110 ] xT=false
  D4 above=T1 pat=000 resclass=[ 3181530, -57846, -55 ] xT=false
  D4 above=T3 pat=000 resclass=[ -55, -2, 110 ] xT=false
  D4 above=T2 pat=000 resclass=[ -57846, 28923, -2 ] xT=false
  D4 above=T2 pat=000 resclass=[ -57846, 28923, -2 ] xT=false
  D4 above=T1 pat=000 resclass=[ 3181530, -57846, -55 ] xT=false
  D4 above=T3 pat=000 resclass=[ -55, -2, 110 ] xT=false
  D4 above=T1 pat=000 resclass=[ 3181530, -57846, -55 ] xT=false
  D4 above=T3 pat=000 resclass=[ -55, -2, 110 ] xT=false
MEMBER stv 1/2 1/4 1/2 shape=[ 1, 1, 2, 2 ] tors=[ 4, 4 ] order4=12 norm111=0 xTpass=0
  D4 above=T3 pat=000 resclass=[ -161, -15, 2415 ] xT=false
  D4 above=T3 pat=000 resclass=[ -161, -15, 2415 ] xT=false
  D4 above=T2 pat=000 resclass=[ -1970, 1182, -15 ] xT=false
  D4 above=T1 pat=000 resclass=[ 317170, -1970, -161 ] xT=false
  D4 above=T2 pat=000 resclass=[ -1970, 1182, -15 ] xT=false
  D4 above=T1 pat=000 resclass=[ 317170, -1970, -161 ] xT=false
  D4 above=T3 pat=000 resclass=[ -161, -15, 2415 ] xT=false
  D4 above=T3 pat=000 resclass=[ -161, -15, 2415 ] xT=false
  D4 above=T2 pat=000 resclass=[ -1970, 1182, -15 ] xT=false
  D4 above=T1 pat=000 resclass=[ 317170, -1970, -161 ] xT=false
  D4 above=T2 pat=000 resclass=[ -1970, 1182, -15 ] xT=false
  D4 above=T1 pat=000 resclass=[ 317170, -1970, -161 ] xT=false
MEMBER stv 1/2 3 3 shape=[ 1, 1, 2, 2 ] tors=[ 4, 4 ] order4=12 norm111=0 xTpass=0
  D4 above=T1 pat=000 resclass=[ 1019830, -35994, -255 ] xT=false
  D4 above=T1 pat=000 resclass=[ 1019830, -35994, -255 ] xT=false
  D4 above=T2 pat=000 resclass=[ -35994, -17997, 2 ] xT=false
  D4 above=T3 pat=000 resclass=[ -255, 2, -510 ] xT=false
  D4 above=T2 pat=000 resclass=[ -35994, -17997, 2 ] xT=false
  D4 above=T3 pat=000 resclass=[ -255, 2, -510 ] xT=false
  D4 above=T1 pat=000 resclass=[ 1019830, -35994, -255 ] xT=false
  D4 above=T1 pat=000 resclass=[ 1019830, -35994, -255 ] xT=false
  D4 above=T2 pat=000 resclass=[ -35994, -17997, 2 ] xT=false
  D4 above=T3 pat=000 resclass=[ -255, 2, -510 ] xT=false
  D4 above=T2 pat=000 resclass=[ -35994, -17997, 2 ] xT=false
  D4 above=T3 pat=000 resclass=[ -255, 2, -510 ] xT=false
MEMBER stv 2/3 2 1 shape=[ 1, 1, 2, 2 ] tors=[ 4, 4 ] order4=12 norm111=0 xTpass=0
  D4 above=T1 pat=000 resclass=[ 285285, -3705, -77 ] xT=false
  D4 above=T1 pat=000 resclass=[ 285285, -3705, -77 ] xT=false
  D4 above=T3 pat=000 resclass=[ -77, 3, -231 ] xT=false
  D4 above=T2 pat=000 resclass=[ -3705, -1235, 3 ] xT=false
  D4 above=T3 pat=000 resclass=[ -77, 3, -231 ] xT=false
  D4 above=T2 pat=000 resclass=[ -3705, -1235, 3 ] xT=false
  D4 above=T1 pat=000 resclass=[ 285285, -3705, -77 ] xT=false
  D4 above=T1 pat=000 resclass=[ 285285, -3705, -77 ] xT=false
  D4 above=T3 pat=000 resclass=[ -77, 3, -231 ] xT=false
  D4 above=T2 pat=000 resclass=[ -3705, -1235, 3 ] xT=false
  D4 above=T3 pat=000 resclass=[ -77, 3, -231 ] xT=false
  D4 above=T2 pat=000 resclass=[ -3705, -1235, 3 ] xT=false
MEMBER stv 3/4 3/2 1/3 shape=[ 1, 1, 2, 2 ] tors=[ 4, 4 ] order4=12 norm111=0 xTpass=0
  D4 above=T3 pat=000 resclass=[ -1, 5, -5 ] xT=false
  D4 above=T3 pat=000 resclass=[ -1, 5, -5 ] xT=false
  D4 above=T1 pat=000 resclass=[ -285, 285, -1 ] xT=false
  D4 above=T2 pat=000 resclass=[ 285, 57, 5 ] xT=false
  D4 above=T1 pat=000 resclass=[ -285, 285, -1 ] xT=false
  D4 above=T2 pat=000 resclass=[ 285, 57, 5 ] xT=false
  D4 above=T3 pat=000 resclass=[ -1, 5, -5 ] xT=false
  D4 above=T3 pat=000 resclass=[ -1, 5, -5 ] xT=false
  D4 above=T1 pat=000 resclass=[ -285, 285, -1 ] xT=false
  D4 above=T2 pat=000 resclass=[ 285, 57, 5 ] xT=false
  D4 above=T1 pat=000 resclass=[ -285, 285, -1 ] xT=false
  D4 above=T2 pat=000 resclass=[ 285, 57, 5 ] xT=false
MEMBER stv 1 3/4 2 shape=[ 1, 1, 2, 2 ] tors=[ 4, 4 ] order4=12 norm111=0 xTpass=0
  D4 above=T3 pat=000 resclass=[ 23, -7, -161 ] xT=false
  D4 above=T3 pat=000 resclass=[ 23, -7, -161 ] xT=false
  D4 above=T2 pat=000 resclass=[ -1043, 149, -7 ] xT=false
  D4 above=T1 pat=000 resclass=[ -23989, -1043, 23 ] xT=false
  D4 above=T2 pat=000 resclass=[ -1043, 149, -7 ] xT=false
  D4 above=T1 pat=000 resclass=[ -23989, -1043, 23 ] xT=false
  D4 above=T3 pat=000 resclass=[ 23, -7, -161 ] xT=false
  D4 above=T3 pat=000 resclass=[ 23, -7, -161 ] xT=false
  D4 above=T2 pat=000 resclass=[ -1043, 149, -7 ] xT=false
  D4 above=T1 pat=000 resclass=[ -23989, -1043, 23 ] xT=false
  D4 above=T2 pat=000 resclass=[ -1043, 149, -7 ] xT=false
  D4 above=T1 pat=000 resclass=[ -23989, -1043, 23 ] xT=false
MEMBER stv 4/3 2/3 3/4 shape=[ 1, 1, 2, 2 ] tors=[ 4, 4 ] order4=12 norm111=0 xTpass=0
  D4 above=T1 pat=000 resclass=[ -15, -1785, 119 ] xT=false
  D4 above=T1 pat=000 resclass=[ -15, -1785, 119 ] xT=false
  D4 above=T2 pat=000 resclass=[ -1785, 357, -5 ] xT=false
  D4 above=T3 pat=000 resclass=[ 119, -5, -595 ] xT=false
  D4 above=T2 pat=000 resclass=[ -1785, 357, -5 ] xT=false
  D4 above=T3 pat=000 resclass=[ 119, -5, -595 ] xT=false
  D4 above=T1 pat=000 resclass=[ -15, -1785, 119 ] xT=false
  D4 above=T1 pat=000 resclass=[ -15, -1785, 119 ] xT=false
  D4 above=T2 pat=000 resclass=[ -1785, 357, -5 ] xT=false
  D4 above=T3 pat=000 resclass=[ 119, -5, -595 ] xT=false
  D4 above=T2 pat=000 resclass=[ -1785, 357, -5 ] xT=false
  D4 above=T3 pat=000 resclass=[ 119, -5, -595 ] xT=false
MEMBER stv 3/2 1/2 1/4 shape=[ 1, 1, 2, 2 ] tors=[ 4, 4 ] order4=12 norm111=0 xTpass=0
  D4 above=T2 pat=000 resclass=[ -309, 103, -3 ] xT=false
  D4 above=T2 pat=000 resclass=[ -309, 103, -3 ] xT=false
  D4 above=T1 pat=000 resclass=[ -103, -309, 3 ] xT=false
  D4 above=T3 pat=000 resclass=[ 3, -3, -1 ] xT=false
  D4 above=T1 pat=000 resclass=[ -103, -309, 3 ] xT=false
  D4 above=T3 pat=000 resclass=[ 3, -3, -1 ] xT=false
  D4 above=T2 pat=000 resclass=[ -309, 103, -3 ] xT=false
  D4 above=T2 pat=000 resclass=[ -309, 103, -3 ] xT=false
  D4 above=T1 pat=000 resclass=[ -103, -309, 3 ] xT=false
  D4 above=T3 pat=000 resclass=[ 3, -3, -1 ] xT=false
  D4 above=T1 pat=000 resclass=[ -103, -309, 3 ] xT=false
  D4 above=T3 pat=000 resclass=[ 3, -3, -1 ] xT=false
MEMBER stv 2 1/4 3/2 shape=[ 1, 1, 2, 2 ] tors=[ 4, 4 ] order4=12 norm111=0 xTpass=0
  D4 above=T2 pat=000 resclass=[ -127015, 76209, -15 ] xT=false
  D4 above=T2 pat=000 resclass=[ -127015, 76209, -15 ] xT=false
  D4 above=T1 pat=000 resclass=[ -101484985, -127015, 799 ] xT=false
  D4 above=T3 pat=000 resclass=[ 799, -15, -11985 ] xT=false
  D4 above=T1 pat=000 resclass=[ -101484985, -127015, 799 ] xT=false
  D4 above=T3 pat=000 resclass=[ 799, -15, -11985 ] xT=false
  D4 above=T2 pat=000 resclass=[ -127015, 76209, -15 ] xT=false
  D4 above=T2 pat=000 resclass=[ -127015, 76209, -15 ] xT=false
  D4 above=T1 pat=000 resclass=[ -101484985, -127015, 799 ] xT=false
  D4 above=T3 pat=000 resclass=[ 799, -15, -11985 ] xT=false
  D4 above=T1 pat=000 resclass=[ -101484985, -127015, 799 ] xT=false
  D4 above=T3 pat=000 resclass=[ 799, -15, -11985 ] xT=false
MEMBER stv 2 4 2/3 shape=[ 1, 1, 2, 2 ] tors=[ 4, 4 ] order4=12 norm111=0 xTpass=0
  D4 above=T1 pat=000 resclass=[ 11401390, -51590, -221 ] xT=false
  D4 above=T1 pat=000 resclass=[ 11401390, -51590, -221 ] xT=false
  D4 above=T2 pat=000 resclass=[ -51590, -30954, 15 ] xT=false
  D4 above=T3 pat=000 resclass=[ -221, 15, -3315 ] xT=false
  D4 above=T2 pat=000 resclass=[ -51590, -30954, 15 ] xT=false
  D4 above=T3 pat=000 resclass=[ -221, 15, -3315 ] xT=false
  D4 above=T1 pat=000 resclass=[ 11401390, -51590, -221 ] xT=false
  D4 above=T1 pat=000 resclass=[ 11401390, -51590, -221 ] xT=false
  D4 above=T2 pat=000 resclass=[ -51590, -30954, 15 ] xT=false
  D4 above=T3 pat=000 resclass=[ -221, 15, -3315 ] xT=false
  D4 above=T2 pat=000 resclass=[ -51590, -30954, 15 ] xT=false
  D4 above=T3 pat=000 resclass=[ -221, 15, -3315 ] xT=false
MEMBER stv 3 2 4 INVALID
MEMBER stv 4 3/2 4/3 shape=[ 1, 1, 2, 2 ] tors=[ 4, 4 ] order4=12 norm111=0 xTpass=0
  D4 above=T3 pat=000 resclass=[ 231, 5, 1155 ] xT=false
  D4 above=T3 pat=000 resclass=[ 231, 5, 1155 ] xT=false
  D4 above=T1 pat=000 resclass=[ 5752285, 224115, 231 ] xT=false
  D4 above=T2 pat=000 resclass=[ 224115, 44823, 5 ] xT=false
  D4 above=T1 pat=000 resclass=[ 5752285, 224115, 231 ] xT=false
  D4 above=T2 pat=000 resclass=[ 224115, 44823, 5 ] xT=false
  D4 above=T3 pat=000 resclass=[ 231, 5, 1155 ] xT=false
  D4 above=T3 pat=000 resclass=[ 231, 5, 1155 ] xT=false
  D4 above=T1 pat=000 resclass=[ 5752285, 224115, 231 ] xT=false
  D4 above=T2 pat=000 resclass=[ 224115, 44823, 5 ] xT=false
  D4 above=T1 pat=000 resclass=[ 5752285, 224115, 231 ] xT=false
  D4 above=T2 pat=000 resclass=[ 224115, 44823, 5 ] xT=false
MEMBER stv 17/2 13/6 -20/9 shape=[ 1, 1, 2, 2 ] tors=[ 4, 4 ] order4=12 norm111=0 xTpass=0
  D4 above=T1 pat=000 resclass=[ -6398122210832555, -84244568065, 75947 ] xT=false
  D4 above=T1 pat=000 resclass=[ -6398122210832555, -84244568065, 75947 ] xT=false
  D4 above=T3 pat=000 resclass=[ 75947, 133, 10100951 ] xT=false
  D4 above=T2 pat=000 resclass=[ -84244568065, -633417805, 133 ] xT=false
  D4 above=T3 pat=000 resclass=[ 75947, 133, 10100951 ] xT=false
  D4 above=T2 pat=000 resclass=[ -84244568065, -633417805, 133 ] xT=false
  D4 above=T1 pat=000 resclass=[ -6398122210832555, -84244568065, 75947 ] xT=false
  D4 above=T1 pat=000 resclass=[ -6398122210832555, -84244568065, 75947 ] xT=false
  D4 above=T3 pat=000 resclass=[ 75947, 133, 10100951 ] xT=false
  D4 above=T2 pat=000 resclass=[ -84244568065, -633417805, 133 ] xT=false
  D4 above=T3 pat=000 resclass=[ 75947, 133, 10100951 ] xT=false
  D4 above=T2 pat=000 resclass=[ -84244568065, -633417805, 133 ] xT=false
MEMBER stv 5/8 7/6 -19/10 shape=[ 1, 1, 2, 2 ] tors=[ 4, 4 ] order4=12 norm111=0 xTpass=0
  D4 above=T2 pat=000 resclass=[ -1007088654, -77468358, 13 ] xT=false
  D4 above=T2 pat=000 resclass=[ -1007088654, -77468358, 13 ] xT=false
  D4 above=T1 pat=000 resclass=[ -3763331286, -1007088654, 1349 ] xT=false
  D4 above=T3 pat=000 resclass=[ 1349, 13, 17537 ] xT=false
  D4 above=T1 pat=000 resclass=[ -3763331286, -1007088654, 1349 ] xT=false
  D4 above=T3 pat=000 resclass=[ 1349, 13, 17537 ] xT=false
  D4 above=T2 pat=000 resclass=[ -1007088654, -77468358, 13 ] xT=false
  D4 above=T2 pat=000 resclass=[ -1007088654, -77468358, 13 ] xT=false
  D4 above=T1 pat=000 resclass=[ -3763331286, -1007088654, 1349 ] xT=false
  D4 above=T3 pat=000 resclass=[ 1349, 13, 17537 ] xT=false
  D4 above=T1 pat=000 resclass=[ -3763331286, -1007088654, 1349 ] xT=false
  D4 above=T3 pat=000 resclass=[ 1349, 13, 17537 ] xT=false
MEMBER stv 12/5 5/2 1/19 shape=[ 1, 1, 2, 2 ] tors=[ 4, 4 ] order4=12 norm111=0 xTpass=0
  D4 above=T1 pat=000 resclass=[ 237262081, -795525801, -969 ] xT=false
  D4 above=T1 pat=000 resclass=[ 237262081, -795525801, -969 ] xT=false
  D4 above=T3 pat=000 resclass=[ -969, 21, -2261 ] xT=false
  D4 above=T2 pat=000 resclass=[ -795525801, -37882181, 21 ] xT=false
  D4 above=T3 pat=000 resclass=[ -969, 21, -2261 ] xT=false
  D4 above=T2 pat=000 resclass=[ -795525801, -37882181, 21 ] xT=false
  D4 above=T1 pat=000 resclass=[ 237262081, -795525801, -969 ] xT=false
  D4 above=T1 pat=000 resclass=[ 237262081, -795525801, -969 ] xT=false
  D4 above=T3 pat=000 resclass=[ -969, 21, -2261 ] xT=false
  D4 above=T2 pat=000 resclass=[ -795525801, -37882181, 21 ] xT=false
  D4 above=T3 pat=000 resclass=[ -969, 21, -2261 ] xT=false
  D4 above=T2 pat=000 resclass=[ -795525801, -37882181, 21 ] xT=false
PART_DONE part=109
