MEMBER mnv 3 1/3 26244/7975 shape=[ 1, 1, 2, 2 ] tors=[ 4, 4 ] order4=12 norm111=12 xTpass=0
  D4 above=T2 pat=111 resclass=[ 1, 1, 1 ] xT=false
  D4 above=T2 pat=111 resclass=[ 1, 1, 1 ] xT=false
  D4 above=T3 pat=111 resclass=[ 1, 1, 1 ] xT=false
  D4 above=T1 pat=111 resclass=[ 1, 1, 1 ] xT=false
  D4 above=T3 pat=111 resclass=[ 1, 1, 1 ] xT=false
  D4 above=T1 pat=111 resclass=[ 1, 1, 1 ] xT=false
  D4 above=T2 pat=111 resclass=[ 1, 1, 1 ] xT=false
  D4 above=T2 pat=111 resclass=[ 1, 1, 1 ] xT=false
  D4 above=T3 pat=111 resclass=[ 1, 1, 1 ] xT=false
  D4 above=T1 pat=111 resclass=[ 1, 1, 1 ] xT=false
  D4 above=T3 pat=111 resclass=[ 1, 1, 1 ] xT=false
  D4 above=T1 pat=111 resclass=[ 1, 1, 1 ] xT=false
MEMBER stv 1/4 2 1/3 shape=[ 1, 1, 2, 2 ] tors=[ 4, 4 ] order4=12 norm111=0 xTpass=0
  D4 above=T1 pat=100 resclass=[ 1, -143, -143 ] xT=false
  D4 above=T1 pat=100 resclass=[ 1, -143, -143 ] xT=false
  D4 above=T3 pat=000 resclass=[ -143, 3, -429 ] xT=false
  D4 above=T2 pat=000 resclass=[ -143, -429, 3 ] xT=false
  D4 above=T3 pat=000 resclass=[ -143, 3, -429 ] xT=false
  D4 above=T2 pat=000 resclass=[ -143, -429, 3 ] xT=false
  D4 above=T1 pat=100 resclass=[ 1, -143, -143 ] xT=false
  D4 above=T1 pat=100 resclass=[ 1, -143, -143 ] xT=false
  D4 above=T3 pat=000 resclass=[ -143, 3, -429 ] xT=false
  D4 above=T2 pat=000 resclass=[ -143, -429, 3 ] xT=false
  D4 above=T3 pat=000 resclass=[ -143, 3, -429 ] xT=false
  D4 above=T2 pat=000 resclass=[ -143, -429, 3 ] xT=false
MEMBER stv 1/3 4/3 2 shape=[ 1, 1, 2, 2 ] tors=[ 4, 4 ] order4=12 norm111=0 xTpass=0
  D4 above=T3 pat=000 resclass=[ -10, 7, -70 ] xT=false
  D4 above=T3 pat=000 resclass=[ -10, 7, -70 ] xT=false
  D4 above=T2 pat=000 resclass=[ -770, -110, 7 ] xT=false
  D4 above=T1 pat=000 resclass=[ 77, -770, -10 ] xT=false
  D4 above=T2 pat=000 resclass=[ -770, -110, 7 ] xT=false
  D4 above=T1 pat=000 resclass=[ 77, -770, -10 ] xT=false
  D4 above=T3 pat=000 resclass=[ -10, 7, -70 ] xT=false
  D4 above=T3 pat=000 resclass=[ -10, 7, -70 ] xT=false
  D4 above=T2 pat=000 resclass=[ -770, -110, 7 ] xT=false
  D4 above=T1 pat=000 resclass=[ 77, -770, -10 ] xT=false
  D4 above=T2 pat=000 resclass=[ -770, -110, 7 ] xT=false
  D4 above=T1 pat=000 resclass=[ 77, -770, -10 ] xT=false
MEMBER stv 1/2 3/4 3/4 shape=[ 1, 1, 2, 2 ] tors=[ 4, 4 ] order4=12 norm111=0 xTpass=0
  D4 above=T2 pat=000 resclass=[ -560595, 80085, -7 ] xT=false
  D4 above=T2 pat=000 resclass=[ -560595, 80085, -7 ] xT=false
  D4 above=T3 pat=000 resclass=[ 15, -7, -105 ] xT=false
  D4 above=T1 pat=000 resclass=[ -37373, -560595, 15 ] xT=false
  D4 above=T3 pat=000 resclass=[ 15, -7, -105 ] xT=false
  D4 above=T1 pat=000 resclass=[ -37373, -560595, 15 ] xT=false
  D4 above=T2 pat=000 resclass=[ -560595, 80085, -7 ] xT=false
  D4 above=T2 pat=000 resclass=[ -560595, 80085, -7 ] xT=false
  D4 above=T3 pat=000 resclass=[ 15, -7, -105 ] xT=false
  D4 above=T1 pat=000 resclass=[ -37373, -560595, 15 ] xT=false
  D4 above=T3 pat=000 resclass=[ 15, -7, -105 ] xT=false
  D4 above=T1 pat=000 resclass=[ -37373, -560595, 15 ] xT=false
MEMBER stv 2/3 2/3 1/4 shape=[ 1, 1, 2, 2 ] tors=[ 4, 4 ] order4=12 norm111=0 xTpass=0
  D4 above=T1 pat=000 resclass=[ -2090, -190, 11 ] xT=false
  D4 above=T1 pat=000 resclass=[ -2090, -190, 11 ] xT=false
  D4 above=T3 pat=000 resclass=[ 11, -5, -55 ] xT=false
  D4 above=T2 pat=000 resclass=[ -190, 38, -5 ] xT=false
  D4 above=T3 pat=000 resclass=[ 11, -5, -55 ] xT=false
  D4 above=T2 pat=000 resclass=[ -190, 38, -5 ] xT=false
  D4 above=T1 pat=000 resclass=[ -2090, -190, 11 ] xT=false
  D4 above=T1 pat=000 resclass=[ -2090, -190, 11 ] xT=false
  D4 above=T3 pat=000 resclass=[ 11, -5, -55 ] xT=false
  D4 above=T2 pat=000 resclass=[ -190, 38, -5 ] xT=false
  D4 above=T3 pat=000 resclass=[ 11, -5, -55 ] xT=false
  D4 above=T2 pat=000 resclass=[ -190, 38, -5 ] xT=false
MEMBER stv 3/4 1/3 3/2 shape=[ 1, 1, 2, 2 ] tors=[ 4, 4 ] order4=12 norm111=0 xTpass=0
  D4 above=T2 pat=000 resclass=[ -101539, 203078, -2 ] xT=false
  D4 above=T2 pat=000 resclass=[ -101539, 203078, -2 ] xT=false
  D4 above=T3 pat=000 resclass=[ -295, -2, 590 ] xT=false
  D4 above=T1 pat=000 resclass=[ 8605, -101539, -295 ] xT=false
  D4 above=T3 pat=000 resclass=[ -295, -2, 590 ] xT=false
  D4 above=T1 pat=000 resclass=[ 8605, -101539, -295 ] xT=false
  D4 above=T2 pat=000 resclass=[ -101539, 203078, -2 ] xT=false
  D4 above=T2 pat=000 resclass=[ -101539, 203078, -2 ] xT=false
  D4 above=T3 pat=000 resclass=[ -295, -2, 590 ] xT=false
  D4 above=T1 pat=000 resclass=[ 8605, -101539, -295 ] xT=false
  D4 above=T3 pat=000 resclass=[ -295, -2, 590 ] xT=false
  D4 above=T1 pat=000 resclass=[ 8605, -101539, -295 ] xT=false
MEMBER stv 1 1/4 2/3 shape=[ 1, 1, 2, 2 ] tors=[ 4, 4 ] order4=12 norm111=0 xTpass=0
  D4 above=T1 pat=000 resclass=[ -20305, -655, 31 ] xT=false
  D4 above=T1 pat=000 resclass=[ -20305, -655, 31 ] xT=false
  D4 above=T2 pat=000 resclass=[ -655, 393, -15 ] xT=false
  D4 above=T3 pat=000 resclass=[ 31, -15, -465 ] xT=false
  D4 above=T2 pat=000 resclass=[ -655, 393, -15 ] xT=false
  D4 above=T3 pat=000 resclass=[ 31, -15, -465 ] xT=false
  D4 above=T1 pat=000 resclass=[ -20305, -655, 31 ] xT=false
  D4 above=T1 pat=000 resclass=[ -20305, -655, 31 ] xT=false
  D4 above=T2 pat=000 resclass=[ -655, 393, -15 ] xT=false
  D4 above=T3 pat=000 resclass=[ 31, -15, -465 ] xT=false
  D4 above=T2 pat=000 resclass=[ -655, 393, -15 ] xT=false
  D4 above=T3 pat=000 resclass=[ 31, -15, -465 ] xT=false
MEMBER stv 1 3 4 shape=[ 1, 1, 2, 2 ] tors=[ 4, 4 ] order4=12 norm111=0 xTpass=0
  D4 above=T2 pat=000 resclass=[ -2830, -1415, 2 ] xT=false
  D4 above=T2 pat=000 resclass=[ -2830, -1415, 2 ] xT=false
  D4 above=T3 pat=000 resclass=[ -7, 2, -14 ] xT=false
  D4 above=T1 pat=000 resclass=[ 19810, -2830, -7 ] xT=false
  D4 above=T3 pat=000 resclass=[ -7, 2, -14 ] xT=false
  D4 above=T1 pat=000 resclass=[ 19810, -2830, -7 ] xT=false
  D4 above=T2 pat=000 resclass=[ -2830, -1415, 2 ] xT=false
  D4 above=T2 pat=000 resclass=[ -2830, -1415, 2 ] xT=false
  D4 above=T3 pat=000 resclass=[ -7, 2, -14 ] xT=false
  D4 above=T1 pat=000 resclass=[ 19810, -2830, -7 ] xT=false
  D4 above=T3 pat=000 resclass=[ -7, 2, -14 ] xT=false
  D4 above=T1 pat=000 resclass=[ 19810, -2830, -7 ] xT=false
MEMBER stv 4/3 2 4/3 shape=[ 1, 1, 2, 2 ] tors=[ 4, 4 ] order4=12 norm111=0 xTpass=0
  D4 above=T1 pat=000 resclass=[ 11935, -31031, -65 ] xT=false
  D4 above=T1 pat=000 resclass=[ 11935, -31031, -65 ] xT=false
  D4 above=T2 pat=000 resclass=[ -31031, -93093, 3 ] xT=false
  D4 above=T3 pat=000 resclass=[ -65, 3, -195 ] xT=false
  D4 above=T2 pat=000 resclass=[ -31031, -93093, 3 ] xT=false
  D4 above=T3 pat=000 resclass=[ -65, 3, -195 ] xT=false
  D4 above=T1 pat=000 resclass=[ 11935, -31031, -65 ] xT=false
  D4 above=T1 pat=000 resclass=[ 11935, -31031, -65 ] xT=false
  D4 above=T2 pat=000 resclass=[ -31031, -93093, 3 ] xT=false
  D4 above=T3 pat=000 resclass=[ -65, 3, -195 ] xT=false
  D4 above=T2 pat=000 resclass=[ -31031, -93093, 3 ] xT=false
  D4 above=T3 pat=000 resclass=[ -65, 3, -195 ] xT=false
MEMBER stv 3/2 3/2 1/2 shape=[ 1, 1, 2, 2 ] tors=[ 4, 4 ] order4=12 norm111=0 xTpass=0
  D4 above=T3 pat=000 resclass=[ 11, 5, 55 ] xT=false
  D4 above=T3 pat=000 resclass=[ 11, 5, 55 ] xT=false
  D4 above=T1 pat=000 resclass=[ 43010, 3910, 11 ] xT=false
  D4 above=T2 pat=000 resclass=[ 3910, 782, 5 ] xT=false
  D4 above=T1 pat=000 resclass=[ 43010, 3910, 11 ] xT=false
  D4 above=T2 pat=000 resclass=[ 3910, 782, 5 ] xT=false
  D4 above=T3 pat=000 resclass=[ 11, 5, 55 ] xT=false
  D4 above=T3 pat=000 resclass=[ 11, 5, 55 ] xT=false
  D4 above=T1 pat=000 resclass=[ 43010, 3910, 11 ] xT=false
  D4 above=T2 pat=000 resclass=[ 3910, 782, 5 ] xT=false
  D4 above=T1 pat=000 resclass=[ 43010, 3910, 11 ] xT=false
  D4 above=T2 pat=000 resclass=[ 3910, 782, 5 ] xT=false
MEMBER stv 2 3/4 3 shape=[ 1, 1, 2, 2 ] tors=[ 4, 4 ] order4=12 norm111=0 xTpass=0
  D4 above=T1 pat=000 resclass=[ -24619, -960141, 39 ] xT=false
  D4 above=T1 pat=000 resclass=[ -24619, -960141, 39 ] xT=false
  D4 above=T2 pat=000 resclass=[ -960141, 137163, -7 ] xT=false
  D4 above=T3 pat=000 resclass=[ 39, -7, -273 ] xT=false
  D4 above=T2 pat=000 resclass=[ -960141, 137163, -7 ] xT=false
  D4 above=T3 pat=000 resclass=[ 39, -7, -273 ] xT=false
  D4 above=T1 pat=000 resclass=[ -24619, -960141, 39 ] xT=false
  D4 above=T1 pat=000 resclass=[ -24619, -960141, 39 ] xT=false
  D4 above=T2 pat=000 resclass=[ -960141, 137163, -7 ] xT=false
  D4 above=T3 pat=000 resclass=[ 39, -7, -273 ] xT=false
  D4 above=T2 pat=000 resclass=[ -960141, 137163, -7 ] xT=false
  D4 above=T3 pat=000 resclass=[ 39, -7, -273 ] xT=false
MEMBER stv 3 2/3 1 shape=[ 1, 1, 2, 2 ] tors=[ 4, 4 ] order4=12 norm111=0 xTpass=0
  D4 above=T1 pat=000 resclass=[ -4565, -415, 11 ] xT=false
  D4 above=T1 pat=000 resclass=[ -4565, -415, 11 ] xT=false
  D4 above=T2 pat=000 resclass=[ -415, 83, -5 ] xT=false
  D4 above=T3 pat=000 resclass=[ 11, -5, -55 ] xT=false
  D4 above=T2 pat=000 resclass=[ -415, 83, -5 ] xT=false
  D4 above=T3 pat=000 resclass=[ 11, -5, -55 ] xT=false
  D4 above=T1 pat=000 resclass=[ -4565, -415, 11 ] xT=false
  D4 above=T1 pat=000 resclass=[ -4565, -415, 11 ] xT=false
  D4 above=T2 pat=000 resclass=[ -415, 83, -5 ] xT=false
  D4 above=T3 pat=000 resclass=[ 11, -5, -55 ] xT=false
  D4 above=T2 pat=000 resclass=[ -415, 83, -5 ] xT=false
  D4 above=T3 pat=000 resclass=[ 11, -5, -55 ] xT=false
MEMBER stv 4 1/2 1/3 shape=[ 1, 1, 2, 2 ] tors=[ 4, 4 ] order4=12 norm111=0 xTpass=0
  D4 above=T3 pat=000 resclass=[ 247, -3, -741 ] xT=false
  D4 above=T3 pat=000 resclass=[ 247, -3, -741 ] xT=false
  D4 above=T2 pat=000 resclass=[ -5833, 17499, -3 ] xT=false
  D4 above=T1 pat=000 resclass=[ -3991, -5833, 247 ] xT=false
  D4 above=T2 pat=000 resclass=[ -5833, 17499, -3 ] xT=false
  D4 above=T1 pat=000 resclass=[ -3991, -5833, 247 ] xT=false
  D4 above=T3 pat=000 resclass=[ 247, -3, -741 ] xT=false
  D4 above=T3 pat=000 resclass=[ 247, -3, -741 ] xT=false
  D4 above=T2 pat=000 resclass=[ -5833, 17499, -3 ] xT=false
  D4 above=T1 pat=000 resclass=[ -3991, -5833, 247 ] xT=false
  D4 above=T2 pat=000 resclass=[ -5833, 17499, -3 ] xT=false
  D4 above=T1 pat=000 resclass=[ -3991, -5833, 247 ] xT=false
MEMBER stv 1/2 9/2 -13/11 shape=[ 1, 1, 2, 2 ] tors=[ 4, 4 ] order4=12 norm111=0 xTpass=0
  D4 above=T1 pat=000 resclass=[ 54291795285, -229079305, -237 ] xT=false
  D4 above=T1 pat=000 resclass=[ 54291795285, -229079305, -237 ] xT=false
  D4 above=T2 pat=000 resclass=[ -229079305, -359981765, 77 ] xT=false
  D4 above=T3 pat=000 resclass=[ -237, 77, -18249 ] xT=false
  D4 above=T2 pat=000 resclass=[ -229079305, -359981765, 77 ] xT=false
  D4 above=T3 pat=000 resclass=[ -237, 77, -18249 ] xT=false
  D4 above=T1 pat=000 resclass=[ 54291795285, -229079305, -237 ] xT=false
  D4 above=T1 pat=000 resclass=[ 54291795285, -229079305, -237 ] xT=false
  D4 above=T2 pat=000 resclass=[ -229079305, -359981765, 77 ] xT=false
  D4 above=T3 pat=000 resclass=[ -237, 77, -18249 ] xT=false
  D4 above=T2 pat=000 resclass=[ -229079305, -359981765, 77 ] xT=false
  D4 above=T3 pat=000 resclass=[ -237, 77, -18249 ] xT=false
MEMBER stv 15/7 8/7 -18/17 shape=[ 1, 1, 2, 2 ] tors=[ 4, 4 ] order4=12 norm111=0 xTpass=0
  D4 above=T3 pat=000 resclass=[ 3, 15, 5 ] xT=false
  D4 above=T3 pat=000 resclass=[ 3, 15, 5 ] xT=false
  D4 above=T1 pat=000 resclass=[ -76757652170, -230272956510, 3 ] xT=false
  D4 above=T2 pat=000 resclass=[ -230272956510, -15351530434, 15 ] xT=false
  D4 above=T1 pat=000 resclass=[ -76757652170, -230272956510, 3 ] xT=false
  D4 above=T2 pat=000 resclass=[ -230272956510, -15351530434, 15 ] xT=false
  D4 above=T3 pat=000 resclass=[ 3, 15, 5 ] xT=false
  D4 above=T3 pat=000 resclass=[ 3, 15, 5 ] xT=false
  D4 above=T1 pat=000 resclass=[ -76757652170, -230272956510, 3 ] xT=false
  D4 above=T2 pat=000 resclass=[ -230272956510, -15351530434, 15 ] xT=false
  D4 above=T1 pat=000 resclass=[ -76757652170, -230272956510, 3 ] xT=false
  D4 above=T2 pat=000 resclass=[ -230272956510, -15351530434, 15 ] xT=false
MEMBER stv 10/3 1/2 1 shape=[ 1, 1, 2, 2 ] tors=[ 4, 4 ] order4=12 norm111=0 xTpass=0
  D4 above=T3 pat=000 resclass=[ 31, -3, -93 ] xT=false
  D4 above=T3 pat=000 resclass=[ 31, -3, -93 ] xT=false
  D4 above=T1 pat=000 resclass=[ -17952627, -579117, 31 ] xT=false
  D4 above=T2 pat=000 resclass=[ -579117, 193039, -3 ] xT=false
  D4 above=T1 pat=000 resclass=[ -17952627, -579117, 31 ] xT=false
  D4 above=T2 pat=000 resclass=[ -579117, 193039, -3 ] xT=false
  D4 above=T3 pat=000 resclass=[ 31, -3, -93 ] xT=false
  D4 above=T3 pat=000 resclass=[ 31, -3, -93 ] xT=false
  D4 above=T1 pat=000 resclass=[ -17952627, -579117, 31 ] xT=false
  D4 above=T2 pat=000 resclass=[ -579117, 193039, -3 ] xT=false
  D4 above=T1 pat=000 resclass=[ -17952627, -579117, 31 ] xT=false
  D4 above=T2 pat=000 resclass=[ -579117, 193039, -3 ] xT=false
MEMBER stv 11/10 6/7 -10/19 shape=[ 1, 1, 2, 2 ] tors=[ 4, 4 ] order4=12 norm111=0 xTpass=0
  D4 above=T3 pat=000 resclass=[ 273621, -13, -3557073 ] xT=false
  D4 above=T3 pat=000 resclass=[ 273621, -13, -3557073 ] xT=false
  D4 above=T2 pat=000 resclass=[ 2250982630, -173152510, -13 ] xT=false
  D4 above=T1 pat=000 resclass=[ 615916118203230, 2250982630, 273621 ] xT=false
  D4 above=T2 pat=000 resclass=[ 2250982630, -173152510, -13 ] xT=false
  D4 above=T1 pat=000 resclass=[ 615916118203230, 2250982630, 273621 ] xT=false
  D4 above=T3 pat=000 resclass=[ 273621, -13, -3557073 ] xT=false
  D4 above=T3 pat=000 resclass=[ 273621, -13, -3557073 ] xT=false
  D4 above=T2 pat=000 resclass=[ 2250982630, -173152510, -13 ] xT=false
  D4 above=T1 pat=000 resclass=[ 615916118203230, 2250982630, 273621 ] xT=false
  D4 above=T2 pat=000 resclass=[ 2250982630, -173152510, -13 ] xT=false
  D4 above=T1 pat=000 resclass=[ 615916118203230, 2250982630, 273621 ] xT=false
PART_DONE part=11
