MEMBER stv 1/4 2/3 1/4 shape=[ 1, 1, 2, 2 ] tors=[ 4, 4 ] order4=12 norm111=0 xTpass=0
  D4 above=T1 pat=000 resclass=[ 23160995, -72605, -319 ] xT=false
  D4 above=T1 pat=000 resclass=[ 23160995, -72605, -319 ] xT=false
  D4 above=T2 pat=000 resclass=[ -72605, 14521, -5 ] xT=false
  D4 above=T3 pat=000 resclass=[ -319, -5, 1595 ] xT=false
  D4 above=T2 pat=000 resclass=[ -72605, 14521, -5 ] xT=false
  D4 above=T3 pat=000 resclass=[ -319, -5, 1595 ] xT=false
  D4 above=T1 pat=000 resclass=[ 23160995, -72605, -319 ] xT=false
  D4 above=T1 pat=000 resclass=[ 23160995, -72605, -319 ] xT=false
  D4 above=T2 pat=000 resclass=[ -72605, 14521, -5 ] xT=false
  D4 above=T3 pat=000 resclass=[ -319, -5, 1595 ] xT=false
  D4 above=T2 pat=000 resclass=[ -72605, 14521, -5 ] xT=false
  D4 above=T3 pat=000 resclass=[ -319, -5, 1595 ] xT=false
MEMBER stv 1/3 1/3 3/2 shape=[ 1, 1, 2, 2 ] tors=[ 4, 4 ] order4=12 norm111=0 xTpass=0
  D4 above=T2 pat=000 resclass=[ -1491, 2982, -2 ] xT=false
  D4 above=T2 pat=000 resclass=[ -1491, 2982, -2 ] xT=false
  D4 above=T1 pat=000 resclass=[ 82005, -1491, -55 ] xT=false
  D4 above=T3 pat=000 resclass=[ -55, -2, 110 ] xT=false
  D4 above=T1 pat=000 resclass=[ 82005, -1491, -55 ] xT=false
  D4 above=T3 pat=000 resclass=[ -55, -2, 110 ] xT=false
  D4 above=T2 pat=000 resclass=[ -1491, 2982, -2 ] xT=false
  D4 above=T2 pat=000 resclass=[ -1491, 2982, -2 ] xT=false
  D4 above=T1 pat=000 resclass=[ 82005, -1491, -55 ] xT=false
  D4 above=T3 pat=000 resclass=[ -55, -2, 110 ] xT=false
  D4 above=T1 pat=000 resclass=[ 82005, -1491, -55 ] xT=false
  D4 above=T3 pat=000 resclass=[ -55, -2, 110 ] xT=false
MEMBER stv 1/2 1/4 2/3 shape=[ 1, 1, 2, 2 ] tors=[ 4, 4 ] order4=12 norm111=0 xTpass=0
  D4 above=T2 pat=000 resclass=[ -32410, 19446, -15 ] xT=false
  D4 above=T2 pat=000 resclass=[ -32410, 19446, -15 ] xT=false
  D4 above=T1 pat=000 resclass=[ 106490, -32410, -161 ] xT=false
  D4 above=T3 pat=000 resclass=[ -161, -15, 2415 ] xT=false
  D4 above=T1 pat=000 resclass=[ 106490, -32410, -161 ] xT=false
  D4 above=T3 pat=000 resclass=[ -161, -15, 2415 ] xT=false
  D4 above=T2 pat=000 resclass=[ -32410, 19446, -15 ] xT=false
  D4 above=T2 pat=000 resclass=[ -32410, 19446, -15 ] xT=false
  D4 above=T1 pat=000 resclass=[ 106490, -32410, -161 ] xT=false
  D4 above=T3 pat=000 resclass=[ -161, -15, 2415 ] xT=false
  D4 above=T1 pat=000 resclass=[ 106490, -32410, -161 ] xT=false
  D4 above=T3 pat=000 resclass=[ -161, -15, 2415 ] xT=false
MEMBER stv 1/2 3 4 shape=[ 1, 1, 2, 2 ] tors=[ 4, 4 ] order4=12 norm111=0 xTpass=0
  D4 above=T3 pat=000 resclass=[ -255, 2, -510 ] xT=false
  D4 above=T3 pat=000 resclass=[ -255, 2, -510 ] xT=false
  D4 above=T2 pat=000 resclass=[ -286, -143, 2 ] xT=false
  D4 above=T1 pat=000 resclass=[ 72930, -286, -255 ] xT=false
  D4 above=T2 pat=000 resclass=[ -286, -143, 2 ] xT=false
  D4 above=T1 pat=000 resclass=[ 72930, -286, -255 ] xT=false
  D4 above=T3 pat=000 resclass=[ -255, 2, -510 ] xT=false
  D4 above=T3 pat=000 resclass=[ -255, 2, -510 ] xT=false
  D4 above=T2 pat=000 resclass=[ -286, -143, 2 ] xT=false
  D4 above=T1 pat=000 resclass=[ 72930, -286, -255 ] xT=false
  D4 above=T2 pat=000 resclass=[ -286, -143, 2 ] xT=false
  D4 above=T1 pat=000 resclass=[ 72930, -286, -255 ] xT=false
MEMBER stv 2/3 2 4/3 shape=[ 1, 1, 2, 2 ] tors=[ 4, 4 ] order4=12 norm111=0 xTpass=0
  D4 above=T3 pat=000 resclass=[ -77, 3, -231 ] xT=false
  D4 above=T3 pat=000 resclass=[ -77, 3, -231 ] xT=false
  D4 above=T2 pat=000 resclass=[ -16727, -50181, 3 ] xT=false
  D4 above=T1 pat=000 resclass=[ 1287979, -16727, -77 ] xT=false
  D4 above=T2 pat=000 resclass=[ -16727, -50181, 3 ] xT=false
  D4 above=T1 pat=000 resclass=[ 1287979, -16727, -77 ] xT=false
  D4 above=T3 pat=000 resclass=[ -77, 3, -231 ] xT=false
  D4 above=T3 pat=000 resclass=[ -77, 3, -231 ] xT=false
  D4 above=T2 pat=000 resclass=[ -16727, -50181, 3 ] xT=false
  D4 above=T1 pat=000 resclass=[ 1287979, -16727, -77 ] xT=false
  D4 above=T2 pat=000 resclass=[ -16727, -50181, 3 ] xT=false
  D4 above=T1 pat=000 resclass=[ 1287979, -16727, -77 ] xT=false
MEMBER stv 3/4 3/2 1/2 shape=[ 1, 1, 2, 2 ] tors=[ 4, 4 ] order4=12 norm111=0 xTpass=0
  D4 above=T2 pat=000 resclass=[ -410, -82, 5 ] xT=false
  D4 above=T2 pat=000 resclass=[ -410, -82, 5 ] xT=false
  D4 above=T3 pat=000 resclass=[ -1, 5, -5 ] xT=false
  D4 above=T1 pat=000 resclass=[ 410, -410, -1 ] xT=false
  D4 above=T3 pat=000 resclass=[ -1, 5, -5 ] xT=false
  D4 above=T1 pat=000 resclass=[ 410, -410, -1 ] xT=false
  D4 above=T2 pat=000 resclass=[ -410, -82, 5 ] xT=false
  D4 above=T2 pat=000 resclass=[ -410, -82, 5 ] xT=false
  D4 above=T3 pat=000 resclass=[ -1, 5, -5 ] xT=false
  D4 above=T1 pat=000 resclass=[ 410, -410, -1 ] xT=false
  D4 above=T3 pat=000 resclass=[ -1, 5, -5 ] xT=false
  D4 above=T1 pat=000 resclass=[ 410, -410, -1 ] xT=false
MEMBER stv 1 3/4 3 shape=[ 1, 1, 2, 2 ] tors=[ 4, 4 ] order4=12 norm111=0 xTpass=0
  D4 above=T1 pat=000 resclass=[ -585879, -25473, 23 ] xT=false
  D4 above=T1 pat=000 resclass=[ -585879, -25473, 23 ] xT=false
  D4 above=T2 pat=000 resclass=[ -25473, 3639, -7 ] xT=false
  D4 above=T3 pat=000 resclass=[ 23, -7, -161 ] xT=false
  D4 above=T2 pat=000 resclass=[ -25473, 3639, -7 ] xT=false
  D4 above=T3 pat=000 resclass=[ 23, -7, -161 ] xT=false
  D4 above=T1 pat=000 resclass=[ -585879, -25473, 23 ] xT=false
  D4 above=T1 pat=000 resclass=[ -585879, -25473, 23 ] xT=false
  D4 above=T2 pat=000 resclass=[ -25473, 3639, -7 ] xT=false
  D4 above=T3 pat=000 resclass=[ 23, -7, -161 ] xT=false
  D4 above=T2 pat=000 resclass=[ -25473, 3639, -7 ] xT=false
  D4 above=T3 pat=000 resclass=[ 23, -7, -161 ] xT=false
MEMBER stv 4/3 2/3 1 shape=[ 1, 1, 2, 2 ] tors=[ 4, 4 ] order4=12 norm111=0 xTpass=0
  D4 above=T1 pat=000 resclass=[ -119, -1, 119 ] xT=false
  D4 above=T1 pat=000 resclass=[ -119, -1, 119 ] xT=false
  D4 above=T3 pat=000 resclass=[ 119, -5, -595 ] xT=false
  D4 above=T2 pat=000 resclass=[ -1, 5, -5 ] xT=false
  D4 above=T3 pat=000 resclass=[ 119, -5, -595 ] xT=false
  D4 above=T2 pat=000 resclass=[ -1, 5, -5 ] xT=false
  D4 above=T1 pat=000 resclass=[ -119, -1, 119 ] xT=false
  D4 above=T1 pat=000 resclass=[ -119, -1, 119 ] xT=false
  D4 above=T3 pat=000 resclass=[ 119, -5, -595 ] xT=false
  D4 above=T2 pat=000 resclass=[ -1, 5, -5 ] xT=false
  D4 above=T3 pat=000 resclass=[ 119, -5, -595 ] xT=false
  D4 above=T2 pat=000 resclass=[ -1, 5, -5 ] xT=false
MEMBER stv 3/2 1/2 1/3 shape=[ 1, 1, 2, 2 ] tors=[ 4, 4 ] order4=12 norm111=0 xTpass=0
  D4 above=T3 pat=000 resclass=[ 3, -3, -1 ] xT=false
  D4 above=T3 pat=000 resclass=[ 3, -3, -1 ] xT=false
  D4 above=T2 pat=000 resclass=[ -203, 609, -3 ] xT=false
  D4 above=T1 pat=000 resclass=[ -609, -203, 3 ] xT=false
  D4 above=T2 pat=000 resclass=[ -203, 609, -3 ] xT=false
  D4 above=T1 pat=000 resclass=[ -609, -203, 3 ] xT=false
  D4 above=T3 pat=000 resclass=[ 3, -3, -1 ] xT=false
  D4 above=T3 pat=000 resclass=[ 3, -3, -1 ] xT=false
  D4 above=T2 pat=000 resclass=[ -203, 609, -3 ] xT=false
  D4 above=T1 pat=000 resclass=[ -609, -203, 3 ] xT=false
  D4 above=T2 pat=000 resclass=[ -203, 609, -3 ] xT=false
  D4 above=T1 pat=000 resclass=[ -609, -203, 3 ] xT=false
MEMBER stv 2 1/4 2 shape=[ 1, 1, 2, 2 ] tors=[ 4, 4 ] order4=12 norm111=0 xTpass=0
  D4 above=T2 pat=000 resclass=[ -1945, 1167, -15 ] xT=false
  D4 above=T2 pat=000 resclass=[ -1945, 1167, -15 ] xT=false
  D4 above=T3 pat=000 resclass=[ 799, -15, -11985 ] xT=false
  D4 above=T1 pat=000 resclass=[ -1554055, -1945, 799 ] xT=false
  D4 above=T3 pat=000 resclass=[ 799, -15, -11985 ] xT=false
  D4 above=T1 pat=000 resclass=[ -1554055, -1945, 799 ] xT=false
  D4 above=T2 pat=000 resclass=[ -1945, 1167, -15 ] xT=false
  D4 above=T2 pat=000 resclass=[ -1945, 1167, -15 ] xT=false
  D4 above=T3 pat=000 resclass=[ 799, -15, -11985 ] xT=false
  D4 above=T1 pat=000 resclass=[ -1554055, -1945, 799 ] xT=false
  D4 above=T3 pat=000 resclass=[ 799, -15, -11985 ] xT=false
  D4 above=T1 pat=000 resclass=[ -1554055, -1945, 799 ] xT=false
MEMBER stv 2 4 3/4 shape=[ 1, 1, 2, 2 ] tors=[ 4, 4 ] order4=12 norm111=0 xTpass=0
  D4 above=T3 pat=000 resclass=[ -221, 15, -3315 ] xT=false
  D4 above=T3 pat=000 resclass=[ -221, 15, -3315 ] xT=false
  D4 above=T1 pat=000 resclass=[ 12155, -55, -221 ] xT=false
  D4 above=T2 pat=000 resclass=[ -55, -33, 15 ] xT=false
  D4 above=T1 pat=000 resclass=[ 12155, -55, -221 ] xT=false
  D4 above=T2 pat=000 resclass=[ -55, -33, 15 ] xT=false
  D4 above=T3 pat=000 resclass=[ -221, 15, -3315 ] xT=false
  D4 above=T3 pat=000 resclass=[ -221, 15, -3315 ] xT=false
  D4 above=T1 pat=000 resclass=[ 12155, -55, -221 ] xT=false
  D4 above=T2 pat=000 resclass=[ -55, -33, 15 ] xT=false
  D4 above=T1 pat=000 resclass=[ 12155, -55, -221 ] xT=false
  D4 above=T2 pat=000 resclass=[ -55, -33, 15 ] xT=false
MEMBER stv 3 3 1/4 shape=[ 1, 1, 2, 2 ] tors=[ 4, 4 ] order4=12 norm111=0 xTpass=0
  D4 above=T2 pat=000 resclass=[ -1534, -767, 2 ] xT=false
  D4 above=T2 pat=000 resclass=[ -1534, -767, 2 ] xT=false
  D4 above=T3 pat=000 resclass=[ -55, 2, -110 ] xT=false
  D4 above=T1 pat=000 resclass=[ 84370, -1534, -55 ] xT=false
  D4 above=T3 pat=000 resclass=[ -55, 2, -110 ] xT=false
  D4 above=T1 pat=000 resclass=[ 84370, -1534, -55 ] xT=false
  D4 above=T2 pat=000 resclass=[ -1534, -767, 2 ] xT=false
  D4 above=T2 pat=000 resclass=[ -1534, -767, 2 ] xT=false
  D4 above=T3 pat=000 resclass=[ -55, 2, -110 ] xT=false
  D4 above=T1 pat=000 resclass=[ 84370, -1534, -55 ] xT=false
  D4 above=T3 pat=000 resclass=[ -55, 2, -110 ] xT=false
  D4 above=T1 pat=000 resclass=[ 84370, -1534, -55 ] xT=false
MEMBER stv 4 3/2 3/2 shape=[ 1, 1, 2, 2 ] tors=[ 4, 4 ] order4=12 norm111=0 xTpass=0
  D4 above=T2 pat=000 resclass=[ 399, 1995, 5 ] xT=false
  D4 above=T2 pat=000 resclass=[ 399, 1995, 5 ] xT=false
  D4 above=T1 pat=000 resclass=[ 209, 399, 231 ] xT=false
  D4 above=T3 pat=000 resclass=[ 231, 5, 1155 ] xT=false
  D4 above=T1 pat=000 resclass=[ 209, 399, 231 ] xT=false
  D4 above=T3 pat=000 resclass=[ 231, 5, 1155 ] xT=false
  D4 above=T2 pat=000 resclass=[ 399, 1995, 5 ] xT=false
  D4 above=T2 pat=000 resclass=[ 399, 1995, 5 ] xT=false
  D4 above=T1 pat=000 resclass=[ 209, 399, 231 ] xT=false
  D4 above=T3 pat=000 resclass=[ 231, 5, 1155 ] xT=false
  D4 above=T1 pat=000 resclass=[ 209, 399, 231 ] xT=false
  D4 above=T3 pat=000 resclass=[ 231, 5, 1155 ] xT=false
MEMBER stv 1/6 8/15 1/5 shape=[ 1, 1, 2, 2 ] tors=[ 4, 4 ] order4=12 norm111=0 xTpass=0
  D4 above=T1 pat=000 resclass=[ 15135532205233895, -154351280405, -98059 ] xT=false
  D4 above=T1 pat=000 resclass=[ 15135532205233895, -154351280405, -98059 ] xT=false
  D4 above=T2 pat=000 resclass=[ -154351280405, 958703605, -161 ] xT=false
  D4 above=T3 pat=000 resclass=[ -98059, -161, 15787499 ] xT=false
  D4 above=T2 pat=000 resclass=[ -154351280405, 958703605, -161 ] xT=false
  D4 above=T3 pat=000 resclass=[ -98059, -161, 15787499 ] xT=false
  D4 above=T1 pat=000 resclass=[ 15135532205233895, -154351280405, -98059 ] xT=false
  D4 above=T1 pat=000 resclass=[ 15135532205233895, -154351280405, -98059 ] xT=false
  D4 above=T2 pat=000 resclass=[ -154351280405, 958703605, -161 ] xT=false
  D4 above=T3 pat=000 resclass=[ -98059, -161, 15787499 ] xT=false
  D4 above=T2 pat=000 resclass=[ -154351280405, 958703605, -161 ] xT=false
  D4 above=T3 pat=000 resclass=[ -98059, -161, 15787499 ] xT=false
MEMBER stv 13/6 11/4 -14/17 shape=[ 1, 1, 2, 2 ] tors=[ 4, 4 ] order4=12 norm111=0 xTpass=0
  D4 above=T3 pat=000 resclass=[ -88409, 105, -9282945 ] xT=false
  D4 above=T3 pat=000 resclass=[ -88409, 105, -9282945 ] xT=false
  D4 above=T1 pat=000 resclass=[ -29431112664934410, 332897246490, -88409 ] xT=false
  D4 above=T2 pat=000 resclass=[ 332897246490, 155352048362, 105 ] xT=false
  D4 above=T1 pat=000 resclass=[ -29431112664934410, 332897246490, -88409 ] xT=false
  D4 above=T2 pat=000 resclass=[ 332897246490, 155352048362, 105 ] xT=false
  D4 above=T3 pat=000 resclass=[ -88409, 105, -9282945 ] xT=false
  D4 above=T3 pat=000 resclass=[ -88409, 105, -9282945 ] xT=false
  D4 above=T1 pat=000 resclass=[ -29431112664934410, 332897246490, -88409 ] xT=false
  D4 above=T2 pat=000 resclass=[ 332897246490, 155352048362, 105 ] xT=false
  D4 above=T1 pat=000 resclass=[ -29431112664934410, 332897246490, -88409 ] xT=false
  D4 above=T2 pat=000 resclass=[ 332897246490, 155352048362, 105 ] xT=false
MEMBER stv 8 5/2 -16/13 shape=[ 1, 1, 2, 2 ] tors=[ 4, 4 ] order4=12 norm111=0 xTpass=0
  D4 above=T1 pat=000 resclass=[ -107273166, -184002, 583 ] xT=false
  D4 above=T1 pat=000 resclass=[ -107273166, -184002, 583 ] xT=false
  D4 above=T2 pat=000 resclass=[ -184002, -8762, 21 ] xT=false
  D4 above=T3 pat=000 resclass=[ 583, 21, 12243 ] xT=false
  D4 above=T2 pat=000 resclass=[ -184002, -8762, 21 ] xT=false
  D4 above=T3 pat=000 resclass=[ 583, 21, 12243 ] xT=false
  D4 above=T1 pat=000 resclass=[ -107273166, -184002, 583 ] xT=false
  D4 above=T1 pat=000 resclass=[ -107273166, -184002, 583 ] xT=false
  D4 above=T2 pat=000 resclass=[ -184002, -8762, 21 ] xT=false
  D4 above=T3 pat=000 resclass=[ 583, 21, 12243 ] xT=false
  D4 above=T2 pat=000 resclass=[ -184002, -8762, 21 ] xT=false
  D4 above=T3 pat=000 resclass=[ 583, 21, 12243 ] xT=false
PART_DONE part=111
