MEMBER stv 1/4 2/3 -1/4 shape=[ 1, 1, 2, 2 ] tors=[ 4, 4 ] order4=12 norm111=0 xTpass=0
  D4 above=T2 pat=000 resclass=[ 167405, -33481, -5 ] xT=false
  D4 above=T2 pat=000 resclass=[ 167405, -33481, -5 ] xT=false
  D4 above=T3 pat=000 resclass=[ -319, -5, 1595 ] xT=false
  D4 above=T1 pat=000 resclass=[ -53402195, 167405, -319 ] xT=false
  D4 above=T3 pat=000 resclass=[ -319, -5, 1595 ] xT=false
  D4 above=T1 pat=000 resclass=[ -53402195, 167405, -319 ] xT=false
  D4 above=T2 pat=000 resclass=[ 167405, -33481, -5 ] xT=false
  D4 above=T2 pat=000 resclass=[ 167405, -33481, -5 ] xT=false
  D4 above=T3 pat=000 resclass=[ -319, -5, 1595 ] xT=false
  D4 above=T1 pat=000 resclass=[ -53402195, 167405, -319 ] xT=false
  D4 above=T3 pat=000 resclass=[ -319, -5, 1595 ] xT=false
  D4 above=T1 pat=000 resclass=[ -53402195, 167405, -319 ] xT=false
MEMBER stv 1/3 1/3 -3/2 shape=[ 1, 1, 2, 2 ] tors=[ 4, 4 ] order4=12 norm111=0 xTpass=0
  D4 above=T3 pat=000 resclass=[ -55, -2, 110 ] xT=false
  D4 above=T3 pat=000 resclass=[ -55, -2, 110 ] xT=false
  D4 above=T1 pat=000 resclass=[ -1221, 555, -55 ] xT=false
  D4 above=T2 pat=000 resclass=[ 555, -1110, -2 ] xT=false
  D4 above=T1 pat=000 resclass=[ -1221, 555, -55 ] xT=false
  D4 above=T2 pat=000 resclass=[ 555, -1110, -2 ] xT=false
  D4 above=T3 pat=000 resclass=[ -55, -2, 110 ] xT=false
  D4 above=T3 pat=000 resclass=[ -55, -2, 110 ] xT=false
  D4 above=T1 pat=000 resclass=[ -1221, 555, -55 ] xT=false
  D4 above=T2 pat=000 resclass=[ 555, -1110, -2 ] xT=false
  D4 above=T1 pat=000 resclass=[ -1221, 555, -55 ] xT=false
  D4 above=T2 pat=000 resclass=[ 555, -1110, -2 ] xT=false
MEMBER stv 1/2 1/4 -2/3 shape=[ 1, 1, 2, 2 ] tors=[ 4, 4 ] order4=12 norm111=0 xTpass=0
  D4 above=T2 pat=000 resclass=[ 610, -366, -15 ] xT=false
  D4 above=T2 pat=000 resclass=[ 610, -366, -15 ] xT=false
  D4 above=T1 pat=000 resclass=[ -98210, 610, -161 ] xT=false
  D4 above=T3 pat=000 resclass=[ -161, -15, 2415 ] xT=false
  D4 above=T1 pat=000 resclass=[ -98210, 610, -161 ] xT=false
  D4 above=T3 pat=000 resclass=[ -161, -15, 2415 ] xT=false
  D4 above=T2 pat=000 resclass=[ 610, -366, -15 ] xT=false
  D4 above=T2 pat=000 resclass=[ 610, -366, -15 ] xT=false
  D4 above=T1 pat=000 resclass=[ -98210, 610, -161 ] xT=false
  D4 above=T3 pat=000 resclass=[ -161, -15, 2415 ] xT=false
  D4 above=T1 pat=000 resclass=[ -98210, 610, -161 ] xT=false
  D4 above=T3 pat=000 resclass=[ -161, -15, 2415 ] xT=false
MEMBER stv 1/2 3 -4 INVALID
MEMBER stv 2/3 2 -4/3 shape=[ 1, 1, 2, 2 ] tors=[ 4, 4 ] order4=12 norm111=0 xTpass=0
  D4 above=T1 pat=000 resclass=[ 3101, -4873, -77 ] xT=false
  D4 above=T1 pat=000 resclass=[ 3101, -4873, -77 ] xT=false
  D4 above=T3 pat=000 resclass=[ -77, 3, -231 ] xT=false
  D4 above=T2 pat=000 resclass=[ -4873, -14619, 3 ] xT=false
  D4 above=T3 pat=000 resclass=[ -77, 3, -231 ] xT=false
  D4 above=T2 pat=000 resclass=[ -4873, -14619, 3 ] xT=false
  D4 above=T1 pat=000 resclass=[ 3101, -4873, -77 ] xT=false
  D4 above=T1 pat=000 resclass=[ 3101, -4873, -77 ] xT=false
  D4 above=T3 pat=000 resclass=[ -77, 3, -231 ] xT=false
  D4 above=T2 pat=000 resclass=[ -4873, -14619, 3 ] xT=false
  D4 above=T3 pat=000 resclass=[ -77, 3, -231 ] xT=false
  D4 above=T2 pat=000 resclass=[ -4873, -14619, 3 ] xT=false
MEMBER stv 3/4 3/2 -1/2 shape=[ 1, 1, 2, 2 ] tors=[ 4, 4 ] order4=12 norm111=0 xTpass=0
  D4 above=T2 pat=000 resclass=[ -3910, -782, 5 ] xT=false
  D4 above=T2 pat=000 resclass=[ -3910, -782, 5 ] xT=false
  D4 above=T3 pat=000 resclass=[ -1, 5, -5 ] xT=false
  D4 above=T1 pat=000 resclass=[ 3910, -3910, -1 ] xT=false
  D4 above=T3 pat=000 resclass=[ -1, 5, -5 ] xT=false
  D4 above=T1 pat=000 resclass=[ 3910, -3910, -1 ] xT=false
  D4 above=T2 pat=000 resclass=[ -3910, -782, 5 ] xT=false
  D4 above=T2 pat=000 resclass=[ -3910, -782, 5 ] xT=false
  D4 above=T3 pat=000 resclass=[ -1, 5, -5 ] xT=false
  D4 above=T1 pat=000 resclass=[ 3910, -3910, -1 ] xT=false
  D4 above=T3 pat=000 resclass=[ -1, 5, -5 ] xT=false
  D4 above=T1 pat=000 resclass=[ 3910, -3910, -1 ] xT=false
MEMBER stv 1 3/4 -3 shape=[ 1, 1, 2, 2 ] tors=[ 4, 4 ] order4=12 norm111=0 xTpass=0
  D4 above=T3 pat=000 resclass=[ 23, -7, -161 ] xT=false
  D4 above=T3 pat=000 resclass=[ 23, -7, -161 ] xT=false
  D4 above=T2 pat=000 resclass=[ 29442, -4206, -7 ] xT=false
  D4 above=T1 pat=000 resclass=[ 677166, 29442, 23 ] xT=false
  D4 above=T2 pat=000 resclass=[ 29442, -4206, -7 ] xT=false
  D4 above=T1 pat=000 resclass=[ 677166, 29442, 23 ] xT=false
  D4 above=T3 pat=000 resclass=[ 23, -7, -161 ] xT=false
  D4 above=T3 pat=000 resclass=[ 23, -7, -161 ] xT=false
  D4 above=T2 pat=000 resclass=[ 29442, -4206, -7 ] xT=false
  D4 above=T1 pat=000 resclass=[ 677166, 29442, 23 ] xT=false
  D4 above=T2 pat=000 resclass=[ 29442, -4206, -7 ] xT=false
  D4 above=T1 pat=000 resclass=[ 677166, 29442, 23 ] xT=false
MEMBER stv 4/3 2/3 -1 shape=[ 1, 1, 2, 2 ] tors=[ 4, 4 ] order4=12 norm111=0 xTpass=0
  D4 above=T1 pat=000 resclass=[ 7055, 2905, 119 ] xT=false
  D4 above=T1 pat=000 resclass=[ 7055, 2905, 119 ] xT=false
  D4 above=T2 pat=000 resclass=[ 2905, -581, -5 ] xT=false
  D4 above=T3 pat=000 resclass=[ 119, -5, -595 ] xT=false
  D4 above=T2 pat=000 resclass=[ 2905, -581, -5 ] xT=false
  D4 above=T3 pat=000 resclass=[ 119, -5, -595 ] xT=false
  D4 above=T1 pat=000 resclass=[ 7055, 2905, 119 ] xT=false
  D4 above=T1 pat=000 resclass=[ 7055, 2905, 119 ] xT=false
  D4 above=T2 pat=000 resclass=[ 2905, -581, -5 ] xT=false
  D4 above=T3 pat=000 resclass=[ 119, -5, -595 ] xT=false
  D4 above=T2 pat=000 resclass=[ 2905, -581, -5 ] xT=false
  D4 above=T3 pat=000 resclass=[ 119, -5, -595 ] xT=false
MEMBER stv 3/2 1/2 -1/3 shape=[ 1, 1, 2, 2 ] tors=[ 4, 4 ] order4=12 norm111=0 xTpass=0
  D4 above=T1 pat=100 resclass=[ 1, 3, 3 ] xT=false
  D4 above=T1 pat=100 resclass=[ 1, 3, 3 ] xT=false
  D4 above=T2 pat=000 resclass=[ 3, -1, -3 ] xT=false
  D4 above=T3 pat=000 resclass=[ 3, -3, -1 ] xT=false
  D4 above=T2 pat=000 resclass=[ 3, -1, -3 ] xT=false
  D4 above=T3 pat=000 resclass=[ 3, -3, -1 ] xT=false
  D4 above=T1 pat=100 resclass=[ 1, 3, 3 ] xT=false
  D4 above=T1 pat=100 resclass=[ 1, 3, 3 ] xT=false
  D4 above=T2 pat=000 resclass=[ 3, -1, -3 ] xT=false
  D4 above=T3 pat=000 resclass=[ 3, -3, -1 ] xT=false
  D4 above=T2 pat=000 resclass=[ 3, -1, -3 ] xT=false
  D4 above=T3 pat=000 resclass=[ 3, -3, -1 ] xT=false
MEMBER stv 2 1/4 -2 shape=[ 1, 1, 2, 2 ] tors=[ 4, 4 ] order4=12 norm111=0 xTpass=0
  D4 above=T3 pat=000 resclass=[ 799, -15, -11985 ] xT=false
  D4 above=T3 pat=000 resclass=[ 799, -15, -11985 ] xT=false
  D4 above=T1 pat=000 resclass=[ 76428345, 95655, 799 ] xT=false
  D4 above=T2 pat=000 resclass=[ 95655, -6377, -15 ] xT=false
  D4 above=T1 pat=000 resclass=[ 76428345, 95655, 799 ] xT=false
  D4 above=T2 pat=000 resclass=[ 95655, -6377, -15 ] xT=false
  D4 above=T3 pat=000 resclass=[ 799, -15, -11985 ] xT=false
  D4 above=T3 pat=000 resclass=[ 799, -15, -11985 ] xT=false
  D4 above=T1 pat=000 resclass=[ 76428345, 95655, 799 ] xT=false
  D4 above=T2 pat=000 resclass=[ 95655, -6377, -15 ] xT=false
  D4 above=T1 pat=000 resclass=[ 76428345, 95655, 799 ] xT=false
  D4 above=T2 pat=000 resclass=[ 95655, -6377, -15 ] xT=false
MEMBER stv 2 4 -3/4 shape=[ 1, 1, 2, 2 ] tors=[ 4, 4 ] order4=12 norm111=0 xTpass=0
  D4 above=T3 pat=000 resclass=[ -221, 15, -3315 ] xT=false
  D4 above=T3 pat=000 resclass=[ -221, 15, -3315 ] xT=false
  D4 above=T2 pat=000 resclass=[ 445, 267, 15 ] xT=false
  D4 above=T1 pat=000 resclass=[ -98345, 445, -221 ] xT=false
  D4 above=T2 pat=000 resclass=[ 445, 267, 15 ] xT=false
  D4 above=T1 pat=000 resclass=[ -98345, 445, -221 ] xT=false
  D4 above=T3 pat=000 resclass=[ -221, 15, -3315 ] xT=false
  D4 above=T3 pat=000 resclass=[ -221, 15, -3315 ] xT=false
  D4 above=T2 pat=000 resclass=[ 445, 267, 15 ] xT=false
  D4 above=T1 pat=000 resclass=[ -98345, 445, -221 ] xT=false
  D4 above=T2 pat=000 resclass=[ 445, 267, 15 ] xT=false
  D4 above=T1 pat=000 resclass=[ -98345, 445, -221 ] xT=false
MEMBER stv 3 3 -1/4 shape=[ 1, 1, 2, 2 ] tors=[ 4, 4 ] order4=12 norm111=0 xTpass=0
  D4 above=T1 pat=000 resclass=[ -1474, 670, -55 ] xT=false
  D4 above=T1 pat=000 resclass=[ -1474, 670, -55 ] xT=false
  D4 above=T2 pat=000 resclass=[ 670, 335, 2 ] xT=false
  D4 above=T3 pat=000 resclass=[ -55, 2, -110 ] xT=false
  D4 above=T2 pat=000 resclass=[ 670, 335, 2 ] xT=false
  D4 above=T3 pat=000 resclass=[ -55, 2, -110 ] xT=false
  D4 above=T1 pat=000 resclass=[ -1474, 670, -55 ] xT=false
  D4 above=T1 pat=000 resclass=[ -1474, 670, -55 ] xT=false
  D4 above=T2 pat=000 resclass=[ 670, 335, 2 ] xT=false
  D4 above=T3 pat=000 resclass=[ -55, 2, -110 ] xT=false
  D4 above=T2 pat=000 resclass=[ 670, 335, 2 ] xT=false
  D4 above=T3 pat=000 resclass=[ -55, 2, -110 ] xT=false
MEMBER stv 4 3/2 -3/2 shape=[ 1, 1, 2, 2 ] tors=[ 4, 4 ] order4=12 norm111=0 xTpass=0
  D4 above=T2 pat=000 resclass=[ -207345, -41469, 5 ] xT=false
  D4 above=T2 pat=000 resclass=[ -207345, -41469, 5 ] xT=false
  D4 above=T3 pat=000 resclass=[ 231, 5, 1155 ] xT=false
  D4 above=T1 pat=000 resclass=[ -5321855, -207345, 231 ] xT=false
  D4 above=T3 pat=000 resclass=[ 231, 5, 1155 ] xT=false
  D4 above=T1 pat=000 resclass=[ -5321855, -207345, 231 ] xT=false
  D4 above=T2 pat=000 resclass=[ -207345, -41469, 5 ] xT=false
  D4 above=T2 pat=000 resclass=[ -207345, -41469, 5 ] xT=false
  D4 above=T3 pat=000 resclass=[ 231, 5, 1155 ] xT=false
  D4 above=T1 pat=000 resclass=[ -5321855, -207345, 231 ] xT=false
  D4 above=T3 pat=000 resclass=[ 231, 5, 1155 ] xT=false
  D4 above=T1 pat=000 resclass=[ -5321855, -207345, 231 ] xT=false
MEMBER stv 13 1/3 3 shape=[ 1, 1, 2, 2 ] tors=[ 4, 4 ] order4=12 norm111=0 xTpass=0
  D4 above=T3 pat=000 resclass=[ 545, -2, -1090 ] xT=false
  D4 above=T3 pat=000 resclass=[ 545, -2, -1090 ] xT=false
  D4 above=T2 pat=000 resclass=[ -871474, 435737, -2 ] xT=false
  D4 above=T1 pat=000 resclass=[ -474953330, -871474, 545 ] xT=false
  D4 above=T2 pat=000 resclass=[ -871474, 435737, -2 ] xT=false
  D4 above=T1 pat=000 resclass=[ -474953330, -871474, 545 ] xT=false
  D4 above=T3 pat=000 resclass=[ 545, -2, -1090 ] xT=false
  D4 above=T3 pat=000 resclass=[ 545, -2, -1090 ] xT=false
  D4 above=T2 pat=000 resclass=[ -871474, 435737, -2 ] xT=false
  D4 above=T1 pat=000 resclass=[ -474953330, -871474, 545 ] xT=false
  D4 above=T2 pat=000 resclass=[ -871474, 435737, -2 ] xT=false
  D4 above=T1 pat=000 resclass=[ -474953330, -871474, 545 ] xT=false
MEMBER stv 8/13 9/11 -19/18 shape=[ 1, 1, 2, 2 ] tors=[ 4, 4 ] order4=12 norm111=0 xTpass=0
  D4 above=T2 pat=000 resclass=[ 708227096555, -283290838622, -10 ] xT=false
  D4 above=T2 pat=000 resclass=[ 708227096555, -283290838622, -10 ] xT=false
  D4 above=T3 pat=000 resclass=[ 651, -10, -6510 ] xT=false
  D4 above=T1 pat=000 resclass=[ 461055839857305, 708227096555, 651 ] xT=false
  D4 above=T3 pat=000 resclass=[ 651, -10, -6510 ] xT=false
  D4 above=T1 pat=000 resclass=[ 461055839857305, 708227096555, 651 ] xT=false
  D4 above=T2 pat=000 resclass=[ 708227096555, -283290838622, -10 ] xT=false
  D4 above=T2 pat=000 resclass=[ 708227096555, -283290838622, -10 ] xT=false
  D4 above=T3 pat=000 resclass=[ 651, -10, -6510 ] xT=false
  D4 above=T1 pat=000 resclass=[ 461055839857305, 708227096555, 651 ] xT=false
  D4 above=T3 pat=000 resclass=[ 651, -10, -6510 ] xT=false
  D4 above=T1 pat=000 resclass=[ 461055839857305, 708227096555, 651 ] xT=false
MEMBER stv 16/11 1/4 -6 shape=[ 1, 1, 2, 2 ] tors=[ 4, 4 ] order4=12 norm111=0 xTpass=0
  D4 above=T2 pat=000 resclass=[ 52797895, -31678737, -15 ] xT=false
  D4 above=T2 pat=000 resclass=[ 52797895, -31678737, -15 ] xT=false
  D4 above=T3 pat=000 resclass=[ 38311, -15, -574665 ] xT=false
  D4 above=T1 pat=000 resclass=[ 2022740155345, 52797895, 38311 ] xT=false
  D4 above=T3 pat=000 resclass=[ 38311, -15, -574665 ] xT=false
  D4 above=T1 pat=000 resclass=[ 2022740155345, 52797895, 38311 ] xT=false
  D4 above=T2 pat=000 resclass=[ 52797895, -31678737, -15 ] xT=false
  D4 above=T2 pat=000 resclass=[ 52797895, -31678737, -15 ] xT=false
  D4 above=T3 pat=000 resclass=[ 38311, -15, -574665 ] xT=false
  D4 above=T1 pat=000 resclass=[ 2022740155345, 52797895, 38311 ] xT=false
  D4 above=T3 pat=000 resclass=[ 38311, -15, -574665 ] xT=false
  D4 above=T1 pat=000 resclass=[ 2022740155345, 52797895, 38311 ] xT=false
PART_DONE part=112
