MEMBER stv 1/4 2/3 1/3 shape=[ 1, 1, 2, 2 ] tors=[ 4, 4 ] order4=12 norm111=0 xTpass=0
  D4 above=T1 pat=000 resclass=[ 20522865, -64335, -319 ] xT=false
  D4 above=T1 pat=000 resclass=[ 20522865, -64335, -319 ] xT=false
  D4 above=T3 pat=000 resclass=[ -319, -5, 1595 ] xT=false
  D4 above=T2 pat=000 resclass=[ -64335, 12867, -5 ] xT=false
  D4 above=T3 pat=000 resclass=[ -319, -5, 1595 ] xT=false
  D4 above=T2 pat=000 resclass=[ -64335, 12867, -5 ] xT=false
  D4 above=T1 pat=000 resclass=[ 20522865, -64335, -319 ] xT=false
  D4 above=T1 pat=000 resclass=[ 20522865, -64335, -319 ] xT=false
  D4 above=T3 pat=000 resclass=[ -319, -5, 1595 ] xT=false
  D4 above=T2 pat=000 resclass=[ -64335, 12867, -5 ] xT=false
  D4 above=T3 pat=000 resclass=[ -319, -5, 1595 ] xT=false
  D4 above=T2 pat=000 resclass=[ -64335, 12867, -5 ] xT=false
MEMBER stv 1/3 1/3 2 shape=[ 1, 1, 2, 2 ] tors=[ 4, 4 ] order4=12 norm111=0 xTpass=0
  D4 above=T2 pat=000 resclass=[ -1265, 2530, -2 ] xT=false
  D4 above=T2 pat=000 resclass=[ -1265, 2530, -2 ] xT=false
  D4 above=T1 pat=000 resclass=[ 23, -1265, -55 ] xT=false
  D4 above=T3 pat=000 resclass=[ -55, -2, 110 ] xT=false
  D4 above=T1 pat=000 resclass=[ 23, -1265, -55 ] xT=false
  D4 above=T3 pat=000 resclass=[ -55, -2, 110 ] xT=false
  D4 above=T2 pat=000 resclass=[ -1265, 2530, -2 ] xT=false
  D4 above=T2 pat=000 resclass=[ -1265, 2530, -2 ] xT=false
  D4 above=T1 pat=000 resclass=[ 23, -1265, -55 ] xT=false
  D4 above=T3 pat=000 resclass=[ -55, -2, 110 ] xT=false
  D4 above=T1 pat=000 resclass=[ 23, -1265, -55 ] xT=false
  D4 above=T3 pat=000 resclass=[ -55, -2, 110 ] xT=false
MEMBER stv 1/2 1/4 3/4 shape=[ 1, 1, 2, 2 ] tors=[ 4, 4 ] order4=12 norm111=0 xTpass=0
  D4 above=T1 pat=000 resclass=[ 19286995, -119795, -161 ] xT=false
  D4 above=T1 pat=000 resclass=[ 19286995, -119795, -161 ] xT=false
  D4 above=T2 pat=000 resclass=[ -119795, 71877, -15 ] xT=false
  D4 above=T3 pat=000 resclass=[ -161, -15, 2415 ] xT=false
  D4 above=T2 pat=000 resclass=[ -119795, 71877, -15 ] xT=false
  D4 above=T3 pat=000 resclass=[ -161, -15, 2415 ] xT=false
  D4 above=T1 pat=000 resclass=[ 19286995, -119795, -161 ] xT=false
  D4 above=T1 pat=000 resclass=[ 19286995, -119795, -161 ] xT=false
  D4 above=T2 pat=000 resclass=[ -119795, 71877, -15 ] xT=false
  D4 above=T3 pat=000 resclass=[ -161, -15, 2415 ] xT=false
  D4 above=T2 pat=000 resclass=[ -119795, 71877, -15 ] xT=false
  D4 above=T3 pat=000 resclass=[ -161, -15, 2415 ] xT=false
MEMBER stv 1/2 4 1/4 shape=[ 1, 1, 2, 2 ] tors=[ 4, 4 ] order4=12 norm111=0 xTpass=0
  D4 above=T3 pat=000 resclass=[ -899, 15, -13485 ] xT=false
  D4 above=T3 pat=000 resclass=[ -899, 15, -13485 ] xT=false
  D4 above=T2 pat=000 resclass=[ -240465, -16031, 15 ] xT=false
  D4 above=T1 pat=000 resclass=[ 216178035, -240465, -899 ] xT=false
  D4 above=T2 pat=000 resclass=[ -240465, -16031, 15 ] xT=false
  D4 above=T1 pat=000 resclass=[ 216178035, -240465, -899 ] xT=false
  D4 above=T3 pat=000 resclass=[ -899, 15, -13485 ] xT=false
  D4 above=T3 pat=000 resclass=[ -899, 15, -13485 ] xT=false
  D4 above=T2 pat=000 resclass=[ -240465, -16031, 15 ] xT=false
  D4 above=T1 pat=000 resclass=[ 216178035, -240465, -899 ] xT=false
  D4 above=T2 pat=000 resclass=[ -240465, -16031, 15 ] xT=false
  D4 above=T1 pat=000 resclass=[ 216178035, -240465, -899 ] xT=false
MEMBER stv 2/3 2 3/2 shape=[ 1, 1, 2, 2 ] tors=[ 4, 4 ] order4=12 norm111=0 xTpass=0
  D4 above=T3 pat=000 resclass=[ -77, 3, -231 ] xT=false
  D4 above=T3 pat=000 resclass=[ -77, 3, -231 ] xT=false
  D4 above=T2 pat=000 resclass=[ -10, -30, 3 ] xT=false
  D4 above=T1 pat=000 resclass=[ 770, -10, -77 ] xT=false
  D4 above=T2 pat=000 resclass=[ -10, -30, 3 ] xT=false
  D4 above=T1 pat=000 resclass=[ 770, -10, -77 ] xT=false
  D4 above=T3 pat=000 resclass=[ -77, 3, -231 ] xT=false
  D4 above=T3 pat=000 resclass=[ -77, 3, -231 ] xT=false
  D4 above=T2 pat=000 resclass=[ -10, -30, 3 ] xT=false
  D4 above=T1 pat=000 resclass=[ 770, -10, -77 ] xT=false
  D4 above=T2 pat=000 resclass=[ -10, -30, 3 ] xT=false
  D4 above=T1 pat=000 resclass=[ 770, -10, -77 ] xT=false
MEMBER stv 3/4 3/2 2/3 shape=[ 1, 1, 2, 2 ] tors=[ 4, 4 ] order4=12 norm111=0 xTpass=0
  D4 above=T2 pat=000 resclass=[ -330, -66, 5 ] xT=false
  D4 above=T2 pat=000 resclass=[ -330, -66, 5 ] xT=false
  D4 above=T3 pat=000 resclass=[ -1, 5, -5 ] xT=false
  D4 above=T1 pat=000 resclass=[ 330, -330, -1 ] xT=false
  D4 above=T3 pat=000 resclass=[ -1, 5, -5 ] xT=false
  D4 above=T1 pat=000 resclass=[ 330, -330, -1 ] xT=false
  D4 above=T2 pat=000 resclass=[ -330, -66, 5 ] xT=false
  D4 above=T2 pat=000 resclass=[ -330, -66, 5 ] xT=false
  D4 above=T3 pat=000 resclass=[ -1, 5, -5 ] xT=false
  D4 above=T1 pat=000 resclass=[ 330, -330, -1 ] xT=false
  D4 above=T3 pat=000 resclass=[ -1, 5, -5 ] xT=false
  D4 above=T1 pat=000 resclass=[ 330, -330, -1 ] xT=false
MEMBER stv 1 3/4 4 shape=[ 1, 1, 2, 2 ] tors=[ 4, 4 ] order4=12 norm111=0 xTpass=0
  D4 above=T1 pat=000 resclass=[ -308315, -13405, 23 ] xT=false
  D4 above=T1 pat=000 resclass=[ -308315, -13405, 23 ] xT=false
  D4 above=T3 pat=000 resclass=[ 23, -7, -161 ] xT=false
  D4 above=T2 pat=000 resclass=[ -13405, 1915, -7 ] xT=false
  D4 above=T3 pat=000 resclass=[ 23, -7, -161 ] xT=false
  D4 above=T2 pat=000 resclass=[ -13405, 1915, -7 ] xT=false
  D4 above=T1 pat=000 resclass=[ -308315, -13405, 23 ] xT=false
  D4 above=T1 pat=000 resclass=[ -308315, -13405, 23 ] xT=false
  D4 above=T3 pat=000 resclass=[ 23, -7, -161 ] xT=false
  D4 above=T2 pat=000 resclass=[ -13405, 1915, -7 ] xT=false
  D4 above=T3 pat=000 resclass=[ 23, -7, -161 ] xT=false
  D4 above=T2 pat=000 resclass=[ -13405, 1915, -7 ] xT=false
MEMBER stv 4/3 2/3 4/3 shape=[ 1, 1, 2, 2 ] tors=[ 4, 4 ] order4=12 norm111=0 xTpass=0
  D4 above=T1 pat=000 resclass=[ -2980185, -1227135, 119 ] xT=false
  D4 above=T1 pat=000 resclass=[ -2980185, -1227135, 119 ] xT=false
  D4 above=T2 pat=000 resclass=[ -1227135, 245427, -5 ] xT=false
  D4 above=T3 pat=000 resclass=[ 119, -5, -595 ] xT=false
  D4 above=T2 pat=000 resclass=[ -1227135, 245427, -5 ] xT=false
  D4 above=T3 pat=000 resclass=[ 119, -5, -595 ] xT=false
  D4 above=T1 pat=000 resclass=[ -2980185, -1227135, 119 ] xT=false
  D4 above=T1 pat=000 resclass=[ -2980185, -1227135, 119 ] xT=false
  D4 above=T2 pat=000 resclass=[ -1227135, 245427, -5 ] xT=false
  D4 above=T3 pat=000 resclass=[ 119, -5, -595 ] xT=false
  D4 above=T2 pat=000 resclass=[ -1227135, 245427, -5 ] xT=false
  D4 above=T3 pat=000 resclass=[ 119, -5, -595 ] xT=false
MEMBER stv 3/2 1/2 1/2 shape=[ 1, 1, 2, 2 ] tors=[ 4, 4 ] order4=12 norm111=0 xTpass=0
  D4 above=T3 pat=000 resclass=[ 3, -3, -1 ] xT=false
  D4 above=T3 pat=000 resclass=[ 3, -3, -1 ] xT=false
  D4 above=T1 pat=000 resclass=[ -2414, -7242, 3 ] xT=false
  D4 above=T2 pat=000 resclass=[ -7242, 2414, -3 ] xT=false
  D4 above=T1 pat=000 resclass=[ -2414, -7242, 3 ] xT=false
  D4 above=T2 pat=000 resclass=[ -7242, 2414, -3 ] xT=false
  D4 above=T3 pat=000 resclass=[ 3, -3, -1 ] xT=false
  D4 above=T3 pat=000 resclass=[ 3, -3, -1 ] xT=false
  D4 above=T1 pat=000 resclass=[ -2414, -7242, 3 ] xT=false
  D4 above=T2 pat=000 resclass=[ -7242, 2414, -3 ] xT=false
  D4 above=T1 pat=000 resclass=[ -2414, -7242, 3 ] xT=false
  D4 above=T2 pat=000 resclass=[ -7242, 2414, -3 ] xT=false
MEMBER stv 2 1/4 3 shape=[ 1, 1, 2, 2 ] tors=[ 4, 4 ] order4=12 norm111=0 xTpass=0
  D4 above=T1 pat=000 resclass=[ -175176755, -219245, 799 ] xT=false
  D4 above=T1 pat=000 resclass=[ -175176755, -219245, 799 ] xT=false
  D4 above=T3 pat=000 resclass=[ 799, -15, -11985 ] xT=false
  D4 above=T2 pat=000 resclass=[ -219245, 131547, -15 ] xT=false
  D4 above=T3 pat=000 resclass=[ 799, -15, -11985 ] xT=false
  D4 above=T2 pat=000 resclass=[ -219245, 131547, -15 ] xT=false
  D4 above=T1 pat=000 resclass=[ -175176755, -219245, 799 ] xT=false
  D4 above=T1 pat=000 resclass=[ -175176755, -219245, 799 ] xT=false
  D4 above=T3 pat=000 resclass=[ 799, -15, -11985 ] xT=false
  D4 above=T2 pat=000 resclass=[ -219245, 131547, -15 ] xT=false
  D4 above=T3 pat=000 resclass=[ 799, -15, -11985 ] xT=false
  D4 above=T2 pat=000 resclass=[ -219245, 131547, -15 ] xT=false
MEMBER stv 2 4 1 shape=[ 1, 1, 2, 2 ] tors=[ 4, 4 ] order4=12 norm111=0 xTpass=0
  D4 above=T3 pat=000 resclass=[ -221, 15, -3315 ] xT=false
  D4 above=T3 pat=000 resclass=[ -221, 15, -3315 ] xT=false
  D4 above=T2 pat=000 resclass=[ -705, -47, 15 ] xT=false
  D4 above=T1 pat=000 resclass=[ 155805, -705, -221 ] xT=false
  D4 above=T2 pat=000 resclass=[ -705, -47, 15 ] xT=false
  D4 above=T1 pat=000 resclass=[ 155805, -705, -221 ] xT=false
  D4 above=T3 pat=000 resclass=[ -221, 15, -3315 ] xT=false
  D4 above=T3 pat=000 resclass=[ -221, 15, -3315 ] xT=false
  D4 above=T2 pat=000 resclass=[ -705, -47, 15 ] xT=false
  D4 above=T1 pat=000 resclass=[ 155805, -705, -221 ] xT=false
  D4 above=T2 pat=000 resclass=[ -705, -47, 15 ] xT=false
  D4 above=T1 pat=000 resclass=[ 155805, -705, -221 ] xT=false
MEMBER stv 3 3 1/3 shape=[ 1, 1, 2, 2 ] tors=[ 4, 4 ] order4=12 norm111=0 xTpass=0
  D4 above=T1 pat=000 resclass=[ 66, -30, -55 ] xT=false
  D4 above=T1 pat=000 resclass=[ 66, -30, -55 ] xT=false
  D4 above=T3 pat=000 resclass=[ -55, 2, -110 ] xT=false
  D4 above=T2 pat=000 resclass=[ -30, -15, 2 ] xT=false
  D4 above=T3 pat=000 resclass=[ -55, 2, -110 ] xT=false
  D4 above=T2 pat=000 resclass=[ -30, -15, 2 ] xT=false
  D4 above=T1 pat=000 resclass=[ 66, -30, -55 ] xT=false
  D4 above=T1 pat=000 resclass=[ 66, -30, -55 ] xT=false
  D4 above=T3 pat=000 resclass=[ -55, 2, -110 ] xT=false
  D4 above=T2 pat=000 resclass=[ -30, -15, 2 ] xT=false
  D4 above=T3 pat=000 resclass=[ -55, 2, -110 ] xT=false
  D4 above=T2 pat=000 resclass=[ -30, -15, 2 ] xT=false
MEMBER stv 4 3/2 2 shape=[ 1, 1, 2, 2 ] tors=[ 4, 4 ] order4=12 norm111=0 xTpass=0
  D4 above=T3 pat=000 resclass=[ 231, 5, 1155 ] xT=false
  D4 above=T3 pat=000 resclass=[ 231, 5, 1155 ] xT=false
  D4 above=T1 pat=000 resclass=[ 7665, 4015, 231 ] xT=false
  D4 above=T2 pat=000 resclass=[ 4015, 803, 5 ] xT=false
  D4 above=T1 pat=000 resclass=[ 7665, 4015, 231 ] xT=false
  D4 above=T2 pat=000 resclass=[ 4015, 803, 5 ] xT=false
  D4 above=T3 pat=000 resclass=[ 231, 5, 1155 ] xT=false
  D4 above=T3 pat=000 resclass=[ 231, 5, 1155 ] xT=false
  D4 above=T1 pat=000 resclass=[ 7665, 4015, 231 ] xT=false
  D4 above=T2 pat=000 resclass=[ 4015, 803, 5 ] xT=false
  D4 above=T1 pat=000 resclass=[ 7665, 4015, 231 ] xT=false
  D4 above=T2 pat=000 resclass=[ 4015, 803, 5 ] xT=false
MEMBER stv 16/17 10/13 -8/11 shape=[ 1, 1, 2, 2 ] tors=[ 4, 4 ] order4=12 norm111=0 xTpass=0
  D4 above=T2 pat=000 resclass=[ 3118899754542, -45201445718, -69 ] xT=false
  D4 above=T2 pat=000 resclass=[ 3118899754542, -45201445718, -69 ] xT=false
  D4 above=T1 pat=000 resclass=[ 18512812727338140354, 3118899754542, 5935687 ] xT=false
  D4 above=T3 pat=000 resclass=[ 5935687, -69, -409562403 ] xT=false
  D4 above=T1 pat=000 resclass=[ 18512812727338140354, 3118899754542, 5935687 ] xT=false
  D4 above=T3 pat=000 resclass=[ 5935687, -69, -409562403 ] xT=false
  D4 above=T2 pat=000 resclass=[ 3118899754542, -45201445718, -69 ] xT=false
  D4 above=T2 pat=000 resclass=[ 3118899754542, -45201445718, -69 ] xT=false
  D4 above=T1 pat=000 resclass=[ 18512812727338140354, 3118899754542, 5935687 ] xT=false
  D4 above=T3 pat=000 resclass=[ 5935687, -69, -409562403 ] xT=false
  D4 above=T1 pat=000 resclass=[ 18512812727338140354, 3118899754542, 5935687 ] xT=false
  D4 above=T3 pat=000 resclass=[ 5935687, -69, -409562403 ] xT=false
MEMBER stv 4 19/12 -9 shape=[ 1, 1, 2, 2 ] tors=[ 4, 4 ] order4=12 norm111=0 xTpass=0
  D4 above=T3 pat=000 resclass=[ 284687, 217, 61777079 ] xT=false
  D4 above=T3 pat=000 resclass=[ 284687, 217, 61777079 ] xT=false
  D4 above=T1 pat=000 resclass=[ -13127558006255, -7792970185, 284687 ] xT=false
  D4 above=T2 pat=000 resclass=[ -7792970185, -35912305, 217 ] xT=false
  D4 above=T1 pat=000 resclass=[ -13127558006255, -7792970185, 284687 ] xT=false
  D4 above=T2 pat=000 resclass=[ -7792970185, -35912305, 217 ] xT=false
  D4 above=T3 pat=000 resclass=[ 284687, 217, 61777079 ] xT=false
  D4 above=T3 pat=000 resclass=[ 284687, 217, 61777079 ] xT=false
  D4 above=T1 pat=000 resclass=[ -13127558006255, -7792970185, 284687 ] xT=false
  D4 above=T2 pat=000 resclass=[ -7792970185, -35912305, 217 ] xT=false
  D4 above=T1 pat=000 resclass=[ -13127558006255, -7792970185, 284687 ] xT=false
  D4 above=T2 pat=000 resclass=[ -7792970185, -35912305, 217 ] xT=false
MEMBER stv 2/5 5/12 5/2 shape=[ 1, 1, 2, 2 ] tors=[ 4, 4 ] order4=12 norm111=0 xTpass=0
  D4 above=T1 pat=000 resclass=[ 10777235, -30997715, -271081 ] xT=false
  D4 above=T1 pat=000 resclass=[ 10777235, -30997715, -271081 ] xT=false
  D4 above=T3 pat=000 resclass=[ -271081, -119, 32258639 ] xT=false
  D4 above=T2 pat=000 resclass=[ -30997715, 260485, -119 ] xT=false
  D4 above=T3 pat=000 resclass=[ -271081, -119, 32258639 ] xT=false
  D4 above=T2 pat=000 resclass=[ -30997715, 260485, -119 ] xT=false
  D4 above=T1 pat=000 resclass=[ 10777235, -30997715, -271081 ] xT=false
  D4 above=T1 pat=000 resclass=[ 10777235, -30997715, -271081 ] xT=false
  D4 above=T3 pat=000 resclass=[ -271081, -119, 32258639 ] xT=false
  D4 above=T2 pat=000 resclass=[ -30997715, 260485, -119 ] xT=false
  D4 above=T3 pat=000 resclass=[ -271081, -119, 32258639 ] xT=false
  D4 above=T2 pat=000 resclass=[ -30997715, 260485, -119 ] xT=false
PART_DONE part=113
