MEMBER stv 1/4 2/3 -1/3 shape=[ 1, 1, 2, 2 ] tors=[ 4, 4 ] order4=12 norm111=0 xTpass=0
  D4 above=T2 pat=000 resclass=[ 2458335, -491667, -5 ] xT=false
  D4 above=T2 pat=000 resclass=[ 2458335, -491667, -5 ] xT=false
  D4 above=T3 pat=000 resclass=[ -319, -5, 1595 ] xT=false
  D4 above=T1 pat=000 resclass=[ -6481065, 2458335, -319 ] xT=false
  D4 above=T3 pat=000 resclass=[ -319, -5, 1595 ] xT=false
  D4 above=T1 pat=000 resclass=[ -6481065, 2458335, -319 ] xT=false
  D4 above=T2 pat=000 resclass=[ 2458335, -491667, -5 ] xT=false
  D4 above=T2 pat=000 resclass=[ 2458335, -491667, -5 ] xT=false
  D4 above=T3 pat=000 resclass=[ -319, -5, 1595 ] xT=false
  D4 above=T1 pat=000 resclass=[ -6481065, 2458335, -319 ] xT=false
  D4 above=T3 pat=000 resclass=[ -319, -5, 1595 ] xT=false
  D4 above=T1 pat=000 resclass=[ -6481065, 2458335, -319 ] xT=false
MEMBER stv 1/3 1/3 -2 shape=[ 1, 1, 2, 2 ] tors=[ 4, 4 ] order4=12 norm111=0 xTpass=0
  D4 above=T2 pat=000 resclass=[ 329, -658, -2 ] xT=false
  D4 above=T2 pat=000 resclass=[ 329, -658, -2 ] xT=false
  D4 above=T3 pat=000 resclass=[ -55, -2, 110 ] xT=false
  D4 above=T1 pat=000 resclass=[ -18095, 329, -55 ] xT=false
  D4 above=T3 pat=000 resclass=[ -55, -2, 110 ] xT=false
  D4 above=T1 pat=000 resclass=[ -18095, 329, -55 ] xT=false
  D4 above=T2 pat=000 resclass=[ 329, -658, -2 ] xT=false
  D4 above=T2 pat=000 resclass=[ 329, -658, -2 ] xT=false
  D4 above=T3 pat=000 resclass=[ -55, -2, 110 ] xT=false
  D4 above=T1 pat=000 resclass=[ -18095, 329, -55 ] xT=false
  D4 above=T3 pat=000 resclass=[ -55, -2, 110 ] xT=false
  D4 above=T1 pat=000 resclass=[ -18095, 329, -55 ] xT=false
MEMBER stv 1/2 1/4 -3/4 shape=[ 1, 1, 2, 2 ] tors=[ 4, 4 ] order4=12 norm111=0 xTpass=0
  D4 above=T3 pat=000 resclass=[ -161, -15, 2415 ] xT=false
  D4 above=T3 pat=000 resclass=[ -161, -15, 2415 ] xT=false
  D4 above=T1 pat=000 resclass=[ -8235955, 51155, -161 ] xT=false
  D4 above=T2 pat=000 resclass=[ 51155, -30693, -15 ] xT=false
  D4 above=T1 pat=000 resclass=[ -8235955, 51155, -161 ] xT=false
  D4 above=T2 pat=000 resclass=[ 51155, -30693, -15 ] xT=false
  D4 above=T3 pat=000 resclass=[ -161, -15, 2415 ] xT=false
  D4 above=T3 pat=000 resclass=[ -161, -15, 2415 ] xT=false
  D4 above=T1 pat=000 resclass=[ -8235955, 51155, -161 ] xT=false
  D4 above=T2 pat=000 resclass=[ 51155, -30693, -15 ] xT=false
  D4 above=T1 pat=000 resclass=[ -8235955, 51155, -161 ] xT=false
  D4 above=T2 pat=000 resclass=[ 51155, -30693, -15 ] xT=false
MEMBER stv 1/2 4 -1/4 shape=[ 1, 1, 2, 2 ] tors=[ 4, 4 ] order4=12 norm111=0 xTpass=0
  D4 above=T2 pat=000 resclass=[ -39, -65, 15 ] xT=false
  D4 above=T2 pat=000 resclass=[ -39, -65, 15 ] xT=false
  D4 above=T3 pat=000 resclass=[ -899, 15, -13485 ] xT=false
  D4 above=T1 pat=000 resclass=[ 35061, -39, -899 ] xT=false
  D4 above=T3 pat=000 resclass=[ -899, 15, -13485 ] xT=false
  D4 above=T1 pat=000 resclass=[ 35061, -39, -899 ] xT=false
  D4 above=T2 pat=000 resclass=[ -39, -65, 15 ] xT=false
  D4 above=T2 pat=000 resclass=[ -39, -65, 15 ] xT=false
  D4 above=T3 pat=000 resclass=[ -899, 15, -13485 ] xT=false
  D4 above=T1 pat=000 resclass=[ 35061, -39, -899 ] xT=false
  D4 above=T3 pat=000 resclass=[ -899, 15, -13485 ] xT=false
  D4 above=T1 pat=000 resclass=[ 35061, -39, -899 ] xT=false
MEMBER stv 2/3 2 -3/2 shape=[ 1, 1, 2, 2 ] tors=[ 4, 4 ] order4=12 norm111=0 xTpass=0
  D4 above=T2 pat=000 resclass=[ -110, -330, 3 ] xT=false
  D4 above=T2 pat=000 resclass=[ -110, -330, 3 ] xT=false
  D4 above=T3 pat=000 resclass=[ -77, 3, -231 ] xT=false
  D4 above=T1 pat=000 resclass=[ 70, -110, -77 ] xT=false
  D4 above=T3 pat=000 resclass=[ -77, 3, -231 ] xT=false
  D4 above=T1 pat=000 resclass=[ 70, -110, -77 ] xT=false
  D4 above=T2 pat=000 resclass=[ -110, -330, 3 ] xT=false
  D4 above=T2 pat=000 resclass=[ -110, -330, 3 ] xT=false
  D4 above=T3 pat=000 resclass=[ -77, 3, -231 ] xT=false
  D4 above=T1 pat=000 resclass=[ 70, -110, -77 ] xT=false
  D4 above=T3 pat=000 resclass=[ -77, 3, -231 ] xT=false
  D4 above=T1 pat=000 resclass=[ 70, -110, -77 ] xT=false
MEMBER stv 3/4 3/2 -2/3 shape=[ 1, 1, 2, 2 ] tors=[ 4, 4 ] order4=12 norm111=0 xTpass=0
  D4 above=T2 pat=000 resclass=[ -30, -6, 5 ] xT=false
  D4 above=T2 pat=000 resclass=[ -30, -6, 5 ] xT=false
  D4 above=T1 pat=000 resclass=[ 30, -30, -1 ] xT=false
  D4 above=T3 pat=000 resclass=[ -1, 5, -5 ] xT=false
  D4 above=T1 pat=000 resclass=[ 30, -30, -1 ] xT=false
  D4 above=T3 pat=000 resclass=[ -1, 5, -5 ] xT=false
  D4 above=T2 pat=000 resclass=[ -30, -6, 5 ] xT=false
  D4 above=T2 pat=000 resclass=[ -30, -6, 5 ] xT=false
  D4 above=T1 pat=000 resclass=[ 30, -30, -1 ] xT=false
  D4 above=T3 pat=000 resclass=[ -1, 5, -5 ] xT=false
  D4 above=T1 pat=000 resclass=[ 30, -30, -1 ] xT=false
  D4 above=T3 pat=000 resclass=[ -1, 5, -5 ] xT=false
MEMBER stv 1 3/4 -4 shape=[ 1, 1, 2, 2 ] tors=[ 4, 4 ] order4=12 norm111=0 xTpass=0
  D4 above=T3 pat=000 resclass=[ 23, -7, -161 ] xT=false
  D4 above=T3 pat=000 resclass=[ 23, -7, -161 ] xT=false
  D4 above=T1 pat=000 resclass=[ 13685, 595, 23 ] xT=false
  D4 above=T2 pat=000 resclass=[ 595, -85, -7 ] xT=false
  D4 above=T1 pat=000 resclass=[ 13685, 595, 23 ] xT=false
  D4 above=T2 pat=000 resclass=[ 595, -85, -7 ] xT=false
  D4 above=T3 pat=000 resclass=[ 23, -7, -161 ] xT=false
  D4 above=T3 pat=000 resclass=[ 23, -7, -161 ] xT=false
  D4 above=T1 pat=000 resclass=[ 13685, 595, 23 ] xT=false
  D4 above=T2 pat=000 resclass=[ 595, -85, -7 ] xT=false
  D4 above=T1 pat=000 resclass=[ 13685, 595, 23 ] xT=false
  D4 above=T2 pat=000 resclass=[ 595, -85, -7 ] xT=false
MEMBER stv 4/3 2/3 -4/3 shape=[ 1, 1, 2, 2 ] tors=[ 4, 4 ] order4=12 norm111=0 xTpass=0
  D4 above=T2 pat=000 resclass=[ 229215, -45843, -5 ] xT=false
  D4 above=T2 pat=000 resclass=[ 229215, -45843, -5 ] xT=false
  D4 above=T3 pat=000 resclass=[ 119, -5, -595 ] xT=false
  D4 above=T1 pat=000 resclass=[ 556665, 229215, 119 ] xT=false
  D4 above=T3 pat=000 resclass=[ 119, -5, -595 ] xT=false
  D4 above=T1 pat=000 resclass=[ 556665, 229215, 119 ] xT=false
  D4 above=T2 pat=000 resclass=[ 229215, -45843, -5 ] xT=false
  D4 above=T2 pat=000 resclass=[ 229215, -45843, -5 ] xT=false
  D4 above=T3 pat=000 resclass=[ 119, -5, -595 ] xT=false
  D4 above=T1 pat=000 resclass=[ 556665, 229215, 119 ] xT=false
  D4 above=T3 pat=000 resclass=[ 119, -5, -595 ] xT=false
  D4 above=T1 pat=000 resclass=[ 556665, 229215, 119 ] xT=false
MEMBER stv 3/2 1/2 -1/2 shape=[ 1, 1, 2, 2 ] tors=[ 4, 4 ] order4=12 norm111=0 xTpass=0
  D4 above=T2 pat=000 resclass=[ 42, -14, -3 ] xT=false
  D4 above=T2 pat=000 resclass=[ 42, -14, -3 ] xT=false
  D4 above=T3 pat=000 resclass=[ 3, -3, -1 ] xT=false
  D4 above=T1 pat=000 resclass=[ 14, 42, 3 ] xT=false
  D4 above=T3 pat=000 resclass=[ 3, -3, -1 ] xT=false
  D4 above=T1 pat=000 resclass=[ 14, 42, 3 ] xT=false
  D4 above=T2 pat=000 resclass=[ 42, -14, -3 ] xT=false
  D4 above=T2 pat=000 resclass=[ 42, -14, -3 ] xT=false
  D4 above=T3 pat=000 resclass=[ 3, -3, -1 ] xT=false
  D4 above=T1 pat=000 resclass=[ 14, 42, 3 ] xT=false
  D4 above=T3 pat=000 resclass=[ 3, -3, -1 ] xT=false
  D4 above=T1 pat=000 resclass=[ 14, 42, 3 ] xT=false
MEMBER stv 2 1/4 -3 shape=[ 1, 1, 2, 2 ] tors=[ 4, 4 ] order4=12 norm111=0 xTpass=0
  D4 above=T3 pat=000 resclass=[ 799, -15, -11985 ] xT=false
  D4 above=T3 pat=000 resclass=[ 799, -15, -11985 ] xT=false
  D4 above=T1 pat=000 resclass=[ 125726645, 157355, 799 ] xT=false
  D4 above=T2 pat=000 resclass=[ 157355, -94413, -15 ] xT=false
  D4 above=T1 pat=000 resclass=[ 125726645, 157355, 799 ] xT=false
  D4 above=T2 pat=000 resclass=[ 157355, -94413, -15 ] xT=false
  D4 above=T3 pat=000 resclass=[ 799, -15, -11985 ] xT=false
  D4 above=T3 pat=000 resclass=[ 799, -15, -11985 ] xT=false
  D4 above=T1 pat=000 resclass=[ 125726645, 157355, 799 ] xT=false
  D4 above=T2 pat=000 resclass=[ 157355, -94413, -15 ] xT=false
  D4 above=T1 pat=000 resclass=[ 125726645, 157355, 799 ] xT=false
  D4 above=T2 pat=000 resclass=[ 157355, -94413, -15 ] xT=false
MEMBER stv 2 4 -1 shape=[ 1, 1, 2, 2 ] tors=[ 4, 4 ] order4=12 norm111=0 xTpass=0
  D4 above=T2 pat=000 resclass=[ 1185, 79, 15 ] xT=false
  D4 above=T2 pat=000 resclass=[ 1185, 79, 15 ] xT=false
  D4 above=T3 pat=000 resclass=[ -221, 15, -3315 ] xT=false
  D4 above=T1 pat=000 resclass=[ -261885, 1185, -221 ] xT=false
  D4 above=T3 pat=000 resclass=[ -221, 15, -3315 ] xT=false
  D4 above=T1 pat=000 resclass=[ -261885, 1185, -221 ] xT=false
  D4 above=T2 pat=000 resclass=[ 1185, 79, 15 ] xT=false
  D4 above=T2 pat=000 resclass=[ 1185, 79, 15 ] xT=false
  D4 above=T3 pat=000 resclass=[ -221, 15, -3315 ] xT=false
  D4 above=T1 pat=000 resclass=[ -261885, 1185, -221 ] xT=false
  D4 above=T3 pat=000 resclass=[ -221, 15, -3315 ] xT=false
  D4 above=T1 pat=000 resclass=[ -261885, 1185, -221 ] xT=false
MEMBER stv 3 3 -1/3 shape=[ 1, 1, 2, 2 ] tors=[ 4, 4 ] order4=12 norm111=0 xTpass=0
  D4 above=T3 pat=000 resclass=[ -55, 2, -110 ] xT=false
  D4 above=T3 pat=000 resclass=[ -55, 2, -110 ] xT=false
  D4 above=T1 pat=000 resclass=[ -30, 66, -55 ] xT=false
  D4 above=T2 pat=000 resclass=[ 66, 33, 2 ] xT=false
  D4 above=T1 pat=000 resclass=[ -30, 66, -55 ] xT=false
  D4 above=T2 pat=000 resclass=[ 66, 33, 2 ] xT=false
  D4 above=T3 pat=000 resclass=[ -55, 2, -110 ] xT=false
  D4 above=T3 pat=000 resclass=[ -55, 2, -110 ] xT=false
  D4 above=T1 pat=000 resclass=[ -30, 66, -55 ] xT=false
  D4 above=T2 pat=000 resclass=[ 66, 33, 2 ] xT=false
  D4 above=T1 pat=000 resclass=[ -30, 66, -55 ] xT=false
  D4 above=T2 pat=000 resclass=[ 66, 33, 2 ] xT=false
MEMBER stv 4 3/2 -2 shape=[ 1, 1, 2, 2 ] tors=[ 4, 4 ] order4=12 norm111=0 xTpass=0
  D4 above=T3 pat=000 resclass=[ 231, 5, 1155 ] xT=false
  D4 above=T3 pat=000 resclass=[ 231, 5, 1155 ] xT=false
  D4 above=T1 pat=000 resclass=[ -148335, -31465, 231 ] xT=false
  D4 above=T2 pat=000 resclass=[ -31465, -6293, 5 ] xT=false
  D4 above=T1 pat=000 resclass=[ -148335, -31465, 231 ] xT=false
  D4 above=T2 pat=000 resclass=[ -31465, -6293, 5 ] xT=false
  D4 above=T3 pat=000 resclass=[ 231, 5, 1155 ] xT=false
  D4 above=T3 pat=000 resclass=[ 231, 5, 1155 ] xT=false
  D4 above=T1 pat=000 resclass=[ -148335, -31465, 231 ] xT=false
  D4 above=T2 pat=000 resclass=[ -31465, -6293, 5 ] xT=false
  D4 above=T1 pat=000 resclass=[ -148335, -31465, 231 ] xT=false
  D4 above=T2 pat=000 resclass=[ -31465, -6293, 5 ] xT=false
MEMBER stv 8/3 9/16 -1/16 shape=[ 1, 1, 2, 2 ] tors=[ 4, 4 ] order4=12 norm111=0 xTpass=0
  D4 above=T3 pat=000 resclass=[ 3918679, -7, -27430753 ] xT=false
  D4 above=T3 pat=000 resclass=[ 3918679, -7, -27430753 ] xT=false
  D4 above=T2 pat=000 resclass=[ 7161427, -1023061, -7 ] xT=false
  D4 above=T1 pat=000 resclass=[ 28063333594933, 7161427, 3918679 ] xT=false
  D4 above=T2 pat=000 resclass=[ 7161427, -1023061, -7 ] xT=false
  D4 above=T1 pat=000 resclass=[ 28063333594933, 7161427, 3918679 ] xT=false
  D4 above=T3 pat=000 resclass=[ 3918679, -7, -27430753 ] xT=false
  D4 above=T3 pat=000 resclass=[ 3918679, -7, -27430753 ] xT=false
  D4 above=T2 pat=000 resclass=[ 7161427, -1023061, -7 ] xT=false
  D4 above=T1 pat=000 resclass=[ 28063333594933, 7161427, 3918679 ] xT=false
  D4 above=T2 pat=000 resclass=[ 7161427, -1023061, -7 ] xT=false
  D4 above=T1 pat=000 resclass=[ 28063333594933, 7161427, 3918679 ] xT=false
MEMBER stv 1/7 13/14 8/7 shape=[ 1, 1, 2, 2 ] tors=[ 4, 4 ] order4=12 norm111=0 xTpass=0
  D4 above=T1 pat=000 resclass=[ -14245, -259, 55 ] xT=false
  D4 above=T1 pat=000 resclass=[ -14245, -259, 55 ] xT=false
  D4 above=T3 pat=000 resclass=[ 55, -3, -165 ] xT=false
  D4 above=T2 pat=000 resclass=[ -259, 777, -3 ] xT=false
  D4 above=T3 pat=000 resclass=[ 55, -3, -165 ] xT=false
  D4 above=T2 pat=000 resclass=[ -259, 777, -3 ] xT=false
  D4 above=T1 pat=000 resclass=[ -14245, -259, 55 ] xT=false
  D4 above=T1 pat=000 resclass=[ -14245, -259, 55 ] xT=false
  D4 above=T3 pat=000 resclass=[ 55, -3, -165 ] xT=false
  D4 above=T2 pat=000 resclass=[ -259, 777, -3 ] xT=false
  D4 above=T3 pat=000 resclass=[ 55, -3, -165 ] xT=false
  D4 above=T2 pat=000 resclass=[ -259, 777, -3 ] xT=false
MEMBER stv 7/5 5/9 -6 shape=[ 1, 1, 2, 2 ] tors=[ 4, 4 ] order4=12 norm111=0 xTpass=0
  D4 above=T3 pat=000 resclass=[ 41, -14, -574 ] xT=false
  D4 above=T3 pat=000 resclass=[ 41, -14, -574 ] xT=false
  D4 above=T2 pat=000 resclass=[ 1239584549, -354167014, -14 ] xT=false
  D4 above=T1 pat=000 resclass=[ 50822966509, 1239584549, 41 ] xT=false
  D4 above=T2 pat=000 resclass=[ 1239584549, -354167014, -14 ] xT=false
  D4 above=T1 pat=000 resclass=[ 50822966509, 1239584549, 41 ] xT=false
  D4 above=T3 pat=000 resclass=[ 41, -14, -574 ] xT=false
  D4 above=T3 pat=000 resclass=[ 41, -14, -574 ] xT=false
  D4 above=T2 pat=000 resclass=[ 1239584549, -354167014, -14 ] xT=false
  D4 above=T1 pat=000 resclass=[ 50822966509, 1239584549, 41 ] xT=false
  D4 above=T2 pat=000 resclass=[ 1239584549, -354167014, -14 ] xT=false
  D4 above=T1 pat=000 resclass=[ 50822966509, 1239584549, 41 ] xT=false
PART_DONE part=114
