MEMBER stv 1/4 2/3 1/2 shape=[ 1, 1, 2, 2 ] tors=[ 4, 4 ] order4=12 norm111=0 xTpass=0
  D4 above=T3 pat=000 resclass=[ -319, -5, 1595 ] xT=false
  D4 above=T3 pat=000 resclass=[ -319, -5, 1595 ] xT=false
  D4 above=T1 pat=000 resclass=[ 2603910, -987690, -319 ] xT=false
  D4 above=T2 pat=000 resclass=[ -987690, 197538, -5 ] xT=false
  D4 above=T1 pat=000 resclass=[ 2603910, -987690, -319 ] xT=false
  D4 above=T2 pat=000 resclass=[ -987690, 197538, -5 ] xT=false
  D4 above=T3 pat=000 resclass=[ -319, -5, 1595 ] xT=false
  D4 above=T3 pat=000 resclass=[ -319, -5, 1595 ] xT=false
  D4 above=T1 pat=000 resclass=[ 2603910, -987690, -319 ] xT=false
  D4 above=T2 pat=000 resclass=[ -987690, 197538, -5 ] xT=false
  D4 above=T1 pat=000 resclass=[ 2603910, -987690, -319 ] xT=false
  D4 above=T2 pat=000 resclass=[ -987690, 197538, -5 ] xT=false
MEMBER stv 1/3 1/3 3 shape=[ 1, 1, 2, 2 ] tors=[ 4, 4 ] order4=12 norm111=0 xTpass=0
  D4 above=T3 pat=000 resclass=[ -55, -2, 110 ] xT=false
  D4 above=T3 pat=000 resclass=[ -55, -2, 110 ] xT=false
  D4 above=T1 pat=000 resclass=[ 30, -66, -55 ] xT=false
  D4 above=T2 pat=000 resclass=[ -66, 33, -2 ] xT=false
  D4 above=T1 pat=000 resclass=[ 30, -66, -55 ] xT=false
  D4 above=T2 pat=000 resclass=[ -66, 33, -2 ] xT=false
  D4 above=T3 pat=000 resclass=[ -55, -2, 110 ] xT=false
  D4 above=T3 pat=000 resclass=[ -55, -2, 110 ] xT=false
  D4 above=T1 pat=000 resclass=[ 30, -66, -55 ] xT=false
  D4 above=T2 pat=000 resclass=[ -66, 33, -2 ] xT=false
  D4 above=T1 pat=000 resclass=[ 30, -66, -55 ] xT=false
  D4 above=T2 pat=000 resclass=[ -66, 33, -2 ] xT=false
MEMBER stv 1/2 1/4 1 shape=[ 1, 1, 2, 2 ] tors=[ 4, 4 ] order4=12 norm111=0 xTpass=0
  D4 above=T3 pat=000 resclass=[ -161, -15, 2415 ] xT=false
  D4 above=T3 pat=000 resclass=[ -161, -15, 2415 ] xT=false
  D4 above=T1 pat=000 resclass=[ 161805, -1005, -161 ] xT=false
  D4 above=T2 pat=000 resclass=[ -1005, 67, -15 ] xT=false
  D4 above=T1 pat=000 resclass=[ 161805, -1005, -161 ] xT=false
  D4 above=T2 pat=000 resclass=[ -1005, 67, -15 ] xT=false
  D4 above=T3 pat=000 resclass=[ -161, -15, 2415 ] xT=false
  D4 above=T3 pat=000 resclass=[ -161, -15, 2415 ] xT=false
  D4 above=T1 pat=000 resclass=[ 161805, -1005, -161 ] xT=false
  D4 above=T2 pat=000 resclass=[ -1005, 67, -15 ] xT=false
  D4 above=T1 pat=000 resclass=[ 161805, -1005, -161 ] xT=false
  D4 above=T2 pat=000 resclass=[ -1005, 67, -15 ] xT=false
MEMBER stv 1/2 4 1/3 shape=[ 1, 1, 2, 2 ] tors=[ 4, 4 ] order4=12 norm111=0 xTpass=0
  D4 above=T2 pat=000 resclass=[ -61555, -36933, 15 ] xT=false
  D4 above=T2 pat=000 resclass=[ -61555, -36933, 15 ] xT=false
  D4 above=T3 pat=000 resclass=[ -899, 15, -13485 ] xT=false
  D4 above=T1 pat=000 resclass=[ 55337945, -61555, -899 ] xT=false
  D4 above=T3 pat=000 resclass=[ -899, 15, -13485 ] xT=false
  D4 above=T1 pat=000 resclass=[ 55337945, -61555, -899 ] xT=false
  D4 above=T2 pat=000 resclass=[ -61555, -36933, 15 ] xT=false
  D4 above=T2 pat=000 resclass=[ -61555, -36933, 15 ] xT=false
  D4 above=T3 pat=000 resclass=[ -899, 15, -13485 ] xT=false
  D4 above=T1 pat=000 resclass=[ 55337945, -61555, -899 ] xT=false
  D4 above=T3 pat=000 resclass=[ -899, 15, -13485 ] xT=false
  D4 above=T1 pat=000 resclass=[ 55337945, -61555, -899 ] xT=false
MEMBER stv 2/3 2 2 shape=[ 1, 1, 2, 2 ] tors=[ 4, 4 ] order4=12 norm111=0 xTpass=0
  D4 above=T1 pat=000 resclass=[ 1562946, -20298, -77 ] xT=false
  D4 above=T1 pat=000 resclass=[ 1562946, -20298, -77 ] xT=false
  D4 above=T2 pat=000 resclass=[ -20298, -6766, 3 ] xT=false
  D4 above=T3 pat=000 resclass=[ -77, 3, -231 ] xT=false
  D4 above=T2 pat=000 resclass=[ -20298, -6766, 3 ] xT=false
  D4 above=T3 pat=000 resclass=[ -77, 3, -231 ] xT=false
  D4 above=T1 pat=000 resclass=[ 1562946, -20298, -77 ] xT=false
  D4 above=T1 pat=000 resclass=[ 1562946, -20298, -77 ] xT=false
  D4 above=T2 pat=000 resclass=[ -20298, -6766, 3 ] xT=false
  D4 above=T3 pat=000 resclass=[ -77, 3, -231 ] xT=false
  D4 above=T2 pat=000 resclass=[ -20298, -6766, 3 ] xT=false
  D4 above=T3 pat=000 resclass=[ -77, 3, -231 ] xT=false
MEMBER stv 3/4 3/2 3/4 shape=[ 1, 1, 2, 2 ] tors=[ 4, 4 ] order4=12 norm111=0 xTpass=0
  D4 above=T1 pat=000 resclass=[ 15015, -15015, -1 ] xT=false
  D4 above=T1 pat=000 resclass=[ 15015, -15015, -1 ] xT=false
  D4 above=T3 pat=000 resclass=[ -1, 5, -5 ] xT=false
  D4 above=T2 pat=000 resclass=[ -15015, -3003, 5 ] xT=false
  D4 above=T3 pat=000 resclass=[ -1, 5, -5 ] xT=false
  D4 above=T2 pat=000 resclass=[ -15015, -3003, 5 ] xT=false
  D4 above=T1 pat=000 resclass=[ 15015, -15015, -1 ] xT=false
  D4 above=T1 pat=000 resclass=[ 15015, -15015, -1 ] xT=false
  D4 above=T3 pat=000 resclass=[ -1, 5, -5 ] xT=false
  D4 above=T2 pat=000 resclass=[ -15015, -3003, 5 ] xT=false
  D4 above=T3 pat=000 resclass=[ -1, 5, -5 ] xT=false
  D4 above=T2 pat=000 resclass=[ -15015, -3003, 5 ] xT=false
MEMBER stv 1 4/3 1/4 shape=[ 1, 1, 2, 2 ] tors=[ 4, 4 ] order4=12 norm111=0 xTpass=0
  D4 above=T1 pat=000 resclass=[ 20510, 10255, 2 ] xT=false
  D4 above=T1 pat=000 resclass=[ 20510, 10255, 2 ] xT=false
  D4 above=T3 pat=000 resclass=[ 2, 7, 14 ] xT=false
  D4 above=T2 pat=000 resclass=[ 10255, 1465, 7 ] xT=false
  D4 above=T3 pat=000 resclass=[ 2, 7, 14 ] xT=false
  D4 above=T2 pat=000 resclass=[ 10255, 1465, 7 ] xT=false
  D4 above=T1 pat=000 resclass=[ 20510, 10255, 2 ] xT=false
  D4 above=T1 pat=000 resclass=[ 20510, 10255, 2 ] xT=false
  D4 above=T3 pat=000 resclass=[ 2, 7, 14 ] xT=false
  D4 above=T2 pat=000 resclass=[ 10255, 1465, 7 ] xT=false
  D4 above=T3 pat=000 resclass=[ 2, 7, 14 ] xT=false
  D4 above=T2 pat=000 resclass=[ 10255, 1465, 7 ] xT=false
MEMBER stv 4/3 2/3 3/2 shape=[ 1, 1, 2, 2 ] tors=[ 4, 4 ] order4=12 norm111=0 xTpass=0
  D4 above=T3 pat=000 resclass=[ 119, -5, -595 ] xT=false
  D4 above=T3 pat=000 resclass=[ 119, -5, -595 ] xT=false
  D4 above=T2 pat=000 resclass=[ -35970, 7194, -5 ] xT=false
  D4 above=T1 pat=000 resclass=[ -4280430, -35970, 119 ] xT=false
  D4 above=T2 pat=000 resclass=[ -35970, 7194, -5 ] xT=false
  D4 above=T1 pat=000 resclass=[ -4280430, -35970, 119 ] xT=false
  D4 above=T3 pat=000 resclass=[ 119, -5, -595 ] xT=false
  D4 above=T3 pat=000 resclass=[ 119, -5, -595 ] xT=false
  D4 above=T2 pat=000 resclass=[ -35970, 7194, -5 ] xT=false
  D4 above=T1 pat=000 resclass=[ -4280430, -35970, 119 ] xT=false
  D4 above=T2 pat=000 resclass=[ -35970, 7194, -5 ] xT=false
  D4 above=T1 pat=000 resclass=[ -4280430, -35970, 119 ] xT=false
MEMBER stv 3/2 1/2 2/3 shape=[ 1, 1, 2, 2 ] tors=[ 4, 4 ] order4=12 norm111=0 xTpass=0
  D4 above=T3 pat=000 resclass=[ 3, -3, -1 ] xT=false
  D4 above=T3 pat=000 resclass=[ 3, -3, -1 ] xT=false
  D4 above=T1 pat=000 resclass=[ -70, -210, 3 ] xT=false
  D4 above=T2 pat=000 resclass=[ -210, 70, -3 ] xT=false
  D4 above=T1 pat=000 resclass=[ -70, -210, 3 ] xT=false
  D4 above=T2 pat=000 resclass=[ -210, 70, -3 ] xT=false
  D4 above=T3 pat=000 resclass=[ 3, -3, -1 ] xT=false
  D4 above=T3 pat=000 resclass=[ 3, -3, -1 ] xT=false
  D4 above=T1 pat=000 resclass=[ -70, -210, 3 ] xT=false
  D4 above=T2 pat=000 resclass=[ -210, 70, -3 ] xT=false
  D4 above=T1 pat=000 resclass=[ -70, -210, 3 ] xT=false
  D4 above=T2 pat=000 resclass=[ -210, 70, -3 ] xT=false
MEMBER stv 2 1/4 4 shape=[ 1, 1, 2, 2 ] tors=[ 4, 4 ] order4=12 norm111=0 xTpass=0
  D4 above=T1 pat=000 resclass=[ -777615, -281265, 799 ] xT=false
  D4 above=T1 pat=000 resclass=[ -777615, -281265, 799 ] xT=false
  D4 above=T2 pat=000 resclass=[ -281265, 18751, -15 ] xT=false
  D4 above=T3 pat=000 resclass=[ 799, -15, -11985 ] xT=false
  D4 above=T2 pat=000 resclass=[ -281265, 18751, -15 ] xT=false
  D4 above=T3 pat=000 resclass=[ 799, -15, -11985 ] xT=false
  D4 above=T1 pat=000 resclass=[ -777615, -281265, 799 ] xT=false
  D4 above=T1 pat=000 resclass=[ -777615, -281265, 799 ] xT=false
  D4 above=T2 pat=000 resclass=[ -281265, 18751, -15 ] xT=false
  D4 above=T3 pat=000 resclass=[ 799, -15, -11985 ] xT=false
  D4 above=T2 pat=000 resclass=[ -281265, 18751, -15 ] xT=false
  D4 above=T3 pat=000 resclass=[ 799, -15, -11985 ] xT=false
MEMBER stv 2 4 4/3 shape=[ 1, 1, 2, 2 ] tors=[ 4, 4 ] order4=12 norm111=0 xTpass=0
  D4 above=T1 pat=000 resclass=[ 19756295, -89395, -221 ] xT=false
  D4 above=T1 pat=000 resclass=[ 19756295, -89395, -221 ] xT=false
  D4 above=T3 pat=000 resclass=[ -221, 15, -3315 ] xT=false
  D4 above=T2 pat=000 resclass=[ -89395, -53637, 15 ] xT=false
  D4 above=T3 pat=000 resclass=[ -221, 15, -3315 ] xT=false
  D4 above=T2 pat=000 resclass=[ -89395, -53637, 15 ] xT=false
  D4 above=T1 pat=000 resclass=[ 19756295, -89395, -221 ] xT=false
  D4 above=T1 pat=000 resclass=[ 19756295, -89395, -221 ] xT=false
  D4 above=T3 pat=000 resclass=[ -221, 15, -3315 ] xT=false
  D4 above=T2 pat=000 resclass=[ -89395, -53637, 15 ] xT=false
  D4 above=T3 pat=000 resclass=[ -221, 15, -3315 ] xT=false
  D4 above=T2 pat=000 resclass=[ -89395, -53637, 15 ] xT=false
MEMBER stv 3 3 1/2 shape=[ 1, 1, 2, 2 ] tors=[ 4, 4 ] order4=12 norm111=0 xTpass=0
  D4 above=T3 pat=000 resclass=[ -55, 2, -110 ] xT=false
  D4 above=T3 pat=000 resclass=[ -55, 2, -110 ] xT=false
  D4 above=T1 pat=000 resclass=[ 305, -671, -55 ] xT=false
  D4 above=T2 pat=000 resclass=[ -671, -1342, 2 ] xT=false
  D4 above=T1 pat=000 resclass=[ 305, -671, -55 ] xT=false
  D4 above=T2 pat=000 resclass=[ -671, -1342, 2 ] xT=false
  D4 above=T3 pat=000 resclass=[ -55, 2, -110 ] xT=false
  D4 above=T3 pat=000 resclass=[ -55, 2, -110 ] xT=false
  D4 above=T1 pat=000 resclass=[ 305, -671, -55 ] xT=false
  D4 above=T2 pat=000 resclass=[ -671, -1342, 2 ] xT=false
  D4 above=T1 pat=000 resclass=[ 305, -671, -55 ] xT=false
  D4 above=T2 pat=000 resclass=[ -671, -1342, 2 ] xT=false
MEMBER stv 4 3/2 3 shape=[ 1, 1, 2, 2 ] tors=[ 4, 4 ] order4=12 norm111=0 xTpass=0
  D4 above=T2 pat=000 resclass=[ 9735, 1947, 5 ] xT=false
  D4 above=T2 pat=000 resclass=[ 9735, 1947, 5 ] xT=false
  D4 above=T1 pat=000 resclass=[ 2065, 9735, 231 ] xT=false
  D4 above=T3 pat=000 resclass=[ 231, 5, 1155 ] xT=false
  D4 above=T1 pat=000 resclass=[ 2065, 9735, 231 ] xT=false
  D4 above=T3 pat=000 resclass=[ 231, 5, 1155 ] xT=false
  D4 above=T2 pat=000 resclass=[ 9735, 1947, 5 ] xT=false
  D4 above=T2 pat=000 resclass=[ 9735, 1947, 5 ] xT=false
  D4 above=T1 pat=000 resclass=[ 2065, 9735, 231 ] xT=false
  D4 above=T3 pat=000 resclass=[ 231, 5, 1155 ] xT=false
  D4 above=T1 pat=000 resclass=[ 2065, 9735, 231 ] xT=false
  D4 above=T3 pat=000 resclass=[ 231, 5, 1155 ] xT=false
MEMBER stv 9 18 -3/20 shape=[ 1, 1, 2, 2 ] tors=[ 4, 4 ] order4=12 norm111=0 xTpass=0
  D4 above=T3 pat=000 resclass=[ -26062, 323, -8418026 ] xT=false
  D4 above=T3 pat=000 resclass=[ -26062, 323, -8418026 ] xT=false
  D4 above=T2 pat=000 resclass=[ 338968113855, 1049436885, 323 ] xT=false
  D4 above=T1 pat=000 resclass=[ -8834186983289010, 338968113855, -26062 ] xT=false
  D4 above=T2 pat=000 resclass=[ 338968113855, 1049436885, 323 ] xT=false
  D4 above=T1 pat=000 resclass=[ -8834186983289010, 338968113855, -26062 ] xT=false
  D4 above=T3 pat=000 resclass=[ -26062, 323, -8418026 ] xT=false
  D4 above=T3 pat=000 resclass=[ -26062, 323, -8418026 ] xT=false
  D4 above=T2 pat=000 resclass=[ 338968113855, 1049436885, 323 ] xT=false
  D4 above=T1 pat=000 resclass=[ -8834186983289010, 338968113855, -26062 ] xT=false
  D4 above=T2 pat=000 resclass=[ 338968113855, 1049436885, 323 ] xT=false
  D4 above=T1 pat=000 resclass=[ -8834186983289010, 338968113855, -26062 ] xT=false
MEMBER stv 19/4 5/3 17/19 shape=[ 1, 1, 2, 2 ] tors=[ 4, 4 ] order4=12 norm111=0 xTpass=0
  D4 above=T3 pat=010 resclass=[ 25145, 1, 25145 ] xT=false
  D4 above=T3 pat=010 resclass=[ 25145, 1, 25145 ] xT=false
  D4 above=T1 pat=000 resclass=[ 59836644314835, 2379663723, 25145 ] xT=false
  D4 above=T2 pat=001 resclass=[ 2379663723, 2379663723, 1 ] xT=false
  D4 above=T1 pat=000 resclass=[ 59836644314835, 2379663723, 25145 ] xT=false
  D4 above=T2 pat=001 resclass=[ 2379663723, 2379663723, 1 ] xT=false
  D4 above=T3 pat=010 resclass=[ 25145, 1, 25145 ] xT=false
  D4 above=T3 pat=010 resclass=[ 25145, 1, 25145 ] xT=false
  D4 above=T1 pat=000 resclass=[ 59836644314835, 2379663723, 25145 ] xT=false
  D4 above=T2 pat=001 resclass=[ 2379663723, 2379663723, 1 ] xT=false
  D4 above=T1 pat=000 resclass=[ 59836644314835, 2379663723, 25145 ] xT=false
  D4 above=T2 pat=001 resclass=[ 2379663723, 2379663723, 1 ] xT=false
MEMBER stv 19/10 13/3 5/3 shape=[ 1, 1, 2, 2 ] tors=[ 4, 4 ] order4=12 norm111=0 xTpass=0
  D4 above=T2 pat=000 resclass=[ -6744164874, -16860412185, 10 ] xT=false
  D4 above=T2 pat=000 resclass=[ -6744164874, -16860412185, 10 ] xT=false
  D4 above=T3 pat=000 resclass=[ -2530759, 10, -25307590 ] xT=false
  D4 above=T1 pat=000 resclass=[ 17067855952359366, -6744164874, -2530759 ] xT=false
  D4 above=T3 pat=000 resclass=[ -2530759, 10, -25307590 ] xT=false
  D4 above=T1 pat=000 resclass=[ 17067855952359366, -6744164874, -2530759 ] xT=false
  D4 above=T2 pat=000 resclass=[ -6744164874, -16860412185, 10 ] xT=false
  D4 above=T2 pat=000 resclass=[ -6744164874, -16860412185, 10 ] xT=false
  D4 above=T3 pat=000 resclass=[ -2530759, 10, -25307590 ] xT=false
  D4 above=T1 pat=000 resclass=[ 17067855952359366, -6744164874, -2530759 ] xT=false
  D4 above=T3 pat=000 resclass=[ -2530759, 10, -25307590 ] xT=false
  D4 above=T1 pat=000 resclass=[ 17067855952359366, -6744164874, -2530759 ] xT=false
PART_DONE part=115
