MEMBER stv 1/4 2/3 -1/2 shape=[ 1, 1, 2, 2 ] tors=[ 4, 4 ] order4=12 norm111=0 xTpass=0
  D4 above=T1 pat=000 resclass=[ -216667990, 679210, -319 ] xT=false
  D4 above=T1 pat=000 resclass=[ -216667990, 679210, -319 ] xT=false
  D4 above=T3 pat=000 resclass=[ -319, -5, 1595 ] xT=false
  D4 above=T2 pat=000 resclass=[ 679210, -135842, -5 ] xT=false
  D4 above=T3 pat=000 resclass=[ -319, -5, 1595 ] xT=false
  D4 above=T2 pat=000 resclass=[ 679210, -135842, -5 ] xT=false
  D4 above=T1 pat=000 resclass=[ -216667990, 679210, -319 ] xT=false
  D4 above=T1 pat=000 resclass=[ -216667990, 679210, -319 ] xT=false
  D4 above=T3 pat=000 resclass=[ -319, -5, 1595 ] xT=false
  D4 above=T2 pat=000 resclass=[ 679210, -135842, -5 ] xT=false
  D4 above=T3 pat=000 resclass=[ -319, -5, 1595 ] xT=false
  D4 above=T2 pat=000 resclass=[ 679210, -135842, -5 ] xT=false
MEMBER stv 1/3 1/3 -3 shape=[ 1, 1, 2, 2 ] tors=[ 4, 4 ] order4=12 norm111=0 xTpass=0
  D4 above=T1 pat=000 resclass=[ -66, 30, -55 ] xT=false
  D4 above=T1 pat=000 resclass=[ -66, 30, -55 ] xT=false
  D4 above=T3 pat=000 resclass=[ -55, -2, 110 ] xT=false
  D4 above=T2 pat=000 resclass=[ 30, -15, -2 ] xT=false
  D4 above=T3 pat=000 resclass=[ -55, -2, 110 ] xT=false
  D4 above=T2 pat=000 resclass=[ 30, -15, -2 ] xT=false
  D4 above=T1 pat=000 resclass=[ -66, 30, -55 ] xT=false
  D4 above=T1 pat=000 resclass=[ -66, 30, -55 ] xT=false
  D4 above=T3 pat=000 resclass=[ -55, -2, 110 ] xT=false
  D4 above=T2 pat=000 resclass=[ 30, -15, -2 ] xT=false
  D4 above=T3 pat=000 resclass=[ -55, -2, 110 ] xT=false
  D4 above=T2 pat=000 resclass=[ 30, -15, -2 ] xT=false
MEMBER stv 1/2 1/4 -1 shape=[ 1, 1, 2, 2 ] tors=[ 4, 4 ] order4=12 norm111=0 xTpass=0
  D4 above=T2 pat=000 resclass=[ 885, -59, -15 ] xT=false
  D4 above=T2 pat=000 resclass=[ 885, -59, -15 ] xT=false
  D4 above=T1 pat=000 resclass=[ -142485, 885, -161 ] xT=false
  D4 above=T3 pat=000 resclass=[ -161, -15, 2415 ] xT=false
  D4 above=T1 pat=000 resclass=[ -142485, 885, -161 ] xT=false
  D4 above=T3 pat=000 resclass=[ -161, -15, 2415 ] xT=false
  D4 above=T2 pat=000 resclass=[ 885, -59, -15 ] xT=false
  D4 above=T2 pat=000 resclass=[ 885, -59, -15 ] xT=false
  D4 above=T1 pat=000 resclass=[ -142485, 885, -161 ] xT=false
  D4 above=T3 pat=000 resclass=[ -161, -15, 2415 ] xT=false
  D4 above=T1 pat=000 resclass=[ -142485, 885, -161 ] xT=false
  D4 above=T3 pat=000 resclass=[ -161, -15, 2415 ] xT=false
MEMBER stv 1/2 4 -1/3 shape=[ 1, 1, 2, 2 ] tors=[ 4, 4 ] order4=12 norm111=0 xTpass=0
  D4 above=T3 pat=000 resclass=[ -899, 15, -13485 ] xT=false
  D4 above=T3 pat=000 resclass=[ -899, 15, -13485 ] xT=false
  D4 above=T2 pat=000 resclass=[ -53405, -32043, 15 ] xT=false
  D4 above=T1 pat=000 resclass=[ 48011095, -53405, -899 ] xT=false
  D4 above=T2 pat=000 resclass=[ -53405, -32043, 15 ] xT=false
  D4 above=T1 pat=000 resclass=[ 48011095, -53405, -899 ] xT=false
  D4 above=T3 pat=000 resclass=[ -899, 15, -13485 ] xT=false
  D4 above=T3 pat=000 resclass=[ -899, 15, -13485 ] xT=false
  D4 above=T2 pat=000 resclass=[ -53405, -32043, 15 ] xT=false
  D4 above=T1 pat=000 resclass=[ 48011095, -53405, -899 ] xT=false
  D4 above=T2 pat=000 resclass=[ -53405, -32043, 15 ] xT=false
  D4 above=T1 pat=000 resclass=[ 48011095, -53405, -899 ] xT=false
MEMBER stv 2/3 2 -2 shape=[ 1, 1, 2, 2 ] tors=[ 4, 4 ] order4=12 norm111=0 xTpass=0
  D4 above=T3 pat=000 resclass=[ -77, 3, -231 ] xT=false
  D4 above=T3 pat=000 resclass=[ -77, 3, -231 ] xT=false
  D4 above=T1 pat=000 resclass=[ 2046, -1302, -77 ] xT=false
  D4 above=T2 pat=000 resclass=[ -1302, -434, 3 ] xT=false
  D4 above=T1 pat=000 resclass=[ 2046, -1302, -77 ] xT=false
  D4 above=T2 pat=000 resclass=[ -1302, -434, 3 ] xT=false
  D4 above=T3 pat=000 resclass=[ -77, 3, -231 ] xT=false
  D4 above=T3 pat=000 resclass=[ -77, 3, -231 ] xT=false
  D4 above=T1 pat=000 resclass=[ 2046, -1302, -77 ] xT=false
  D4 above=T2 pat=000 resclass=[ -1302, -434, 3 ] xT=false
  D4 above=T1 pat=000 resclass=[ 2046, -1302, -77 ] xT=false
  D4 above=T2 pat=000 resclass=[ -1302, -434, 3 ] xT=false
MEMBER stv 3/4 3/2 -3/4 shape=[ 1, 1, 2, 2 ] tors=[ 4, 4 ] order4=12 norm111=0 xTpass=0
  D4 above=T2 pat=000 resclass=[ -23865, -4773, 5 ] xT=false
  D4 above=T2 pat=000 resclass=[ -23865, -4773, 5 ] xT=false
  D4 above=T3 pat=000 resclass=[ -1, 5, -5 ] xT=false
  D4 above=T1 pat=000 resclass=[ 23865, -23865, -1 ] xT=false
  D4 above=T3 pat=000 resclass=[ -1, 5, -5 ] xT=false
  D4 above=T1 pat=000 resclass=[ 23865, -23865, -1 ] xT=false
  D4 above=T2 pat=000 resclass=[ -23865, -4773, 5 ] xT=false
  D4 above=T2 pat=000 resclass=[ -23865, -4773, 5 ] xT=false
  D4 above=T3 pat=000 resclass=[ -1, 5, -5 ] xT=false
  D4 above=T1 pat=000 resclass=[ 23865, -23865, -1 ] xT=false
  D4 above=T3 pat=000 resclass=[ -1, 5, -5 ] xT=false
  D4 above=T1 pat=000 resclass=[ 23865, -23865, -1 ] xT=false
MEMBER stv 1 4/3 -1/4 shape=[ 1, 1, 2, 2 ] tors=[ 4, 4 ] order4=12 norm111=0 xTpass=0
  D4 above=T1 pat=000 resclass=[ -14910, -7455, 2 ] xT=false
  D4 above=T1 pat=000 resclass=[ -14910, -7455, 2 ] xT=false
  D4 above=T3 pat=000 resclass=[ 2, 7, 14 ] xT=false
  D4 above=T2 pat=000 resclass=[ -7455, -1065, 7 ] xT=false
  D4 above=T3 pat=000 resclass=[ 2, 7, 14 ] xT=false
  D4 above=T2 pat=000 resclass=[ -7455, -1065, 7 ] xT=false
  D4 above=T1 pat=000 resclass=[ -14910, -7455, 2 ] xT=false
  D4 above=T1 pat=000 resclass=[ -14910, -7455, 2 ] xT=false
  D4 above=T3 pat=000 resclass=[ 2, 7, 14 ] xT=false
  D4 above=T2 pat=000 resclass=[ -7455, -1065, 7 ] xT=false
  D4 above=T3 pat=000 resclass=[ 2, 7, 14 ] xT=false
  D4 above=T2 pat=000 resclass=[ -7455, -1065, 7 ] xT=false
MEMBER stv 4/3 2/3 -3/2 shape=[ 1, 1, 2, 2 ] tors=[ 4, 4 ] order4=12 norm111=0 xTpass=0
  D4 above=T2 pat=000 resclass=[ 330, -66, -5 ] xT=false
  D4 above=T2 pat=000 resclass=[ 330, -66, -5 ] xT=false
  D4 above=T1 pat=000 resclass=[ 39270, 330, 119 ] xT=false
  D4 above=T3 pat=000 resclass=[ 119, -5, -595 ] xT=false
  D4 above=T1 pat=000 resclass=[ 39270, 330, 119 ] xT=false
  D4 above=T3 pat=000 resclass=[ 119, -5, -595 ] xT=false
  D4 above=T2 pat=000 resclass=[ 330, -66, -5 ] xT=false
  D4 above=T2 pat=000 resclass=[ 330, -66, -5 ] xT=false
  D4 above=T1 pat=000 resclass=[ 39270, 330, 119 ] xT=false
  D4 above=T3 pat=000 resclass=[ 119, -5, -595 ] xT=false
  D4 above=T1 pat=000 resclass=[ 39270, 330, 119 ] xT=false
  D4 above=T3 pat=000 resclass=[ 119, -5, -595 ] xT=false
MEMBER stv 3/2 1/2 -2/3 shape=[ 1, 1, 2, 2 ] tors=[ 4, 4 ] order4=12 norm111=0 xTpass=0
  D4 above=T3 pat=000 resclass=[ 3, -3, -1 ] xT=false
  D4 above=T3 pat=000 resclass=[ 3, -3, -1 ] xT=false
  D4 above=T1 pat=000 resclass=[ 30, 10, 3 ] xT=false
  D4 above=T2 pat=000 resclass=[ 10, -30, -3 ] xT=false
  D4 above=T1 pat=000 resclass=[ 30, 10, 3 ] xT=false
  D4 above=T2 pat=000 resclass=[ 10, -30, -3 ] xT=false
  D4 above=T3 pat=000 resclass=[ 3, -3, -1 ] xT=false
  D4 above=T3 pat=000 resclass=[ 3, -3, -1 ] xT=false
  D4 above=T1 pat=000 resclass=[ 30, 10, 3 ] xT=false
  D4 above=T2 pat=000 resclass=[ 10, -30, -3 ] xT=false
  D4 above=T1 pat=000 resclass=[ 30, 10, 3 ] xT=false
  D4 above=T2 pat=000 resclass=[ 10, -30, -3 ] xT=false
MEMBER stv 2 1/4 -4 shape=[ 1, 1, 2, 2 ] tors=[ 4, 4 ] order4=12 norm111=0 xTpass=0
  D4 above=T3 pat=000 resclass=[ 799, -15, -11985 ] xT=false
  D4 above=T3 pat=000 resclass=[ 799, -15, -11985 ] xT=false
  D4 above=T2 pat=000 resclass=[ 39, -65, -15 ] xT=false
  D4 above=T1 pat=000 resclass=[ 31161, 39, 799 ] xT=false
  D4 above=T2 pat=000 resclass=[ 39, -65, -15 ] xT=false
  D4 above=T1 pat=000 resclass=[ 31161, 39, 799 ] xT=false
  D4 above=T3 pat=000 resclass=[ 799, -15, -11985 ] xT=false
  D4 above=T3 pat=000 resclass=[ 799, -15, -11985 ] xT=false
  D4 above=T2 pat=000 resclass=[ 39, -65, -15 ] xT=false
  D4 above=T1 pat=000 resclass=[ 31161, 39, 799 ] xT=false
  D4 above=T2 pat=000 resclass=[ 39, -65, -15 ] xT=false
  D4 above=T1 pat=000 resclass=[ 31161, 39, 799 ] xT=false
MEMBER stv 2 4 -4/3 shape=[ 1, 1, 2, 2 ] tors=[ 4, 4 ] order4=12 norm111=0 xTpass=0
  D4 above=T2 pat=000 resclass=[ 61555, 36933, 15 ] xT=false
  D4 above=T2 pat=000 resclass=[ 61555, 36933, 15 ] xT=false
  D4 above=T3 pat=000 resclass=[ -221, 15, -3315 ] xT=false
  D4 above=T1 pat=000 resclass=[ -80495, 61555, -221 ] xT=false
  D4 above=T3 pat=000 resclass=[ -221, 15, -3315 ] xT=false
  D4 above=T1 pat=000 resclass=[ -80495, 61555, -221 ] xT=false
  D4 above=T2 pat=000 resclass=[ 61555, 36933, 15 ] xT=false
  D4 above=T2 pat=000 resclass=[ 61555, 36933, 15 ] xT=false
  D4 above=T3 pat=000 resclass=[ -221, 15, -3315 ] xT=false
  D4 above=T1 pat=000 resclass=[ -80495, 61555, -221 ] xT=false
  D4 above=T3 pat=000 resclass=[ -221, 15, -3315 ] xT=false
  D4 above=T1 pat=000 resclass=[ -80495, 61555, -221 ] xT=false
MEMBER stv 3 3 -1/2 shape=[ 1, 1, 2, 2 ] tors=[ 4, 4 ] order4=12 norm111=0 xTpass=0
  D4 above=T3 pat=000 resclass=[ -55, 2, -110 ] xT=false
  D4 above=T3 pat=000 resclass=[ -55, 2, -110 ] xT=false
  D4 above=T1 pat=000 resclass=[ -1001, 455, -55 ] xT=false
  D4 above=T2 pat=000 resclass=[ 455, 910, 2 ] xT=false
  D4 above=T1 pat=000 resclass=[ -1001, 455, -55 ] xT=false
  D4 above=T2 pat=000 resclass=[ 455, 910, 2 ] xT=false
  D4 above=T3 pat=000 resclass=[ -55, 2, -110 ] xT=false
  D4 above=T3 pat=000 resclass=[ -55, 2, -110 ] xT=false
  D4 above=T1 pat=000 resclass=[ -1001, 455, -55 ] xT=false
  D4 above=T2 pat=000 resclass=[ 455, 910, 2 ] xT=false
  D4 above=T1 pat=000 resclass=[ -1001, 455, -55 ] xT=false
  D4 above=T2 pat=000 resclass=[ 455, 910, 2 ] xT=false
MEMBER stv 4 3/2 -3 shape=[ 1, 1, 2, 2 ] tors=[ 4, 4 ] order4=12 norm111=0 xTpass=0
  D4 above=T3 pat=000 resclass=[ 231, 5, 1155 ] xT=false
  D4 above=T3 pat=000 resclass=[ 231, 5, 1155 ] xT=false
  D4 above=T1 pat=000 resclass=[ -11164615, -434985, 231 ] xT=false
  D4 above=T2 pat=000 resclass=[ -434985, -86997, 5 ] xT=false
  D4 above=T1 pat=000 resclass=[ -11164615, -434985, 231 ] xT=false
  D4 above=T2 pat=000 resclass=[ -434985, -86997, 5 ] xT=false
  D4 above=T3 pat=000 resclass=[ 231, 5, 1155 ] xT=false
  D4 above=T3 pat=000 resclass=[ 231, 5, 1155 ] xT=false
  D4 above=T1 pat=000 resclass=[ -11164615, -434985, 231 ] xT=false
  D4 above=T2 pat=000 resclass=[ -434985, -86997, 5 ] xT=false
  D4 above=T1 pat=000 resclass=[ -11164615, -434985, 231 ] xT=false
  D4 above=T2 pat=000 resclass=[ -434985, -86997, 5 ] xT=false
MEMBER stv 7/5 4/11 3/2 shape=[ 1, 1, 2, 2 ] tors=[ 4, 4 ] order4=12 norm111=0 xTpass=0
  D4 above=T2 pat=000 resclass=[ -41511719830, 3558147414, -105 ] xT=false
  D4 above=T2 pat=000 resclass=[ -41511719830, 3558147414, -105 ] xT=false
  D4 above=T3 pat=000 resclass=[ 46, -105, -4830 ] xT=false
  D4 above=T1 pat=000 resclass=[ -477384778045, -41511719830, 46 ] xT=false
  D4 above=T3 pat=000 resclass=[ 46, -105, -4830 ] xT=false
  D4 above=T1 pat=000 resclass=[ -477384778045, -41511719830, 46 ] xT=false
  D4 above=T2 pat=000 resclass=[ -41511719830, 3558147414, -105 ] xT=false
  D4 above=T2 pat=000 resclass=[ -41511719830, 3558147414, -105 ] xT=false
  D4 above=T3 pat=000 resclass=[ 46, -105, -4830 ] xT=false
  D4 above=T1 pat=000 resclass=[ -477384778045, -41511719830, 46 ] xT=false
  D4 above=T3 pat=000 resclass=[ 46, -105, -4830 ] xT=false
  D4 above=T1 pat=000 resclass=[ -477384778045, -41511719830, 46 ] xT=false
MEMBER stv 5/4 8/19 1/20 shape=[ 1, 1, 2, 2 ] tors=[ 4, 4 ] order4=12 norm111=0 xTpass=0
  D4 above=T1 pat=000 resclass=[ -21148214576937789, -11452012869, 1846681 ] xT=false
  D4 above=T1 pat=000 resclass=[ -21148214576937789, -11452012869, 1846681 ] xT=false
  D4 above=T3 pat=000 resclass=[ 1846681, -33, -60940473 ] xT=false
  D4 above=T2 pat=000 resclass=[ -11452012869, 347030693, -33 ] xT=false
  D4 above=T3 pat=000 resclass=[ 1846681, -33, -60940473 ] xT=false
  D4 above=T2 pat=000 resclass=[ -11452012869, 347030693, -33 ] xT=false
  D4 above=T1 pat=000 resclass=[ -21148214576937789, -11452012869, 1846681 ] xT=false
  D4 above=T1 pat=000 resclass=[ -21148214576937789, -11452012869, 1846681 ] xT=false
  D4 above=T3 pat=000 resclass=[ 1846681, -33, -60940473 ] xT=false
  D4 above=T2 pat=000 resclass=[ -11452012869, 347030693, -33 ] xT=false
  D4 above=T3 pat=000 resclass=[ 1846681, -33, -60940473 ] xT=false
  D4 above=T2 pat=000 resclass=[ -11452012869, 347030693, -33 ] xT=false
MEMBER stv 2/7 14/19 -17/16 shape=[ 1, 1, 2, 2 ] tors=[ 4, 4 ] order4=12 norm111=0 xTpass=0
  D4 above=T2 pat=000 resclass=[ 8331088610130, -50491446122, -165 ] xT=false
  D4 above=T2 pat=000 resclass=[ 8331088610130, -50491446122, -165 ] xT=false
  D4 above=T1 pat=000 resclass=[ -6771017288085666330, 8331088610130, -812741 ] xT=false
  D4 above=T3 pat=000 resclass=[ -812741, -165, 134102265 ] xT=false
  D4 above=T1 pat=000 resclass=[ -6771017288085666330, 8331088610130, -812741 ] xT=false
  D4 above=T3 pat=000 resclass=[ -812741, -165, 134102265 ] xT=false
  D4 above=T2 pat=000 resclass=[ 8331088610130, -50491446122, -165 ] xT=false
  D4 above=T2 pat=000 resclass=[ 8331088610130, -50491446122, -165 ] xT=false
  D4 above=T1 pat=000 resclass=[ -6771017288085666330, 8331088610130, -812741 ] xT=false
  D4 above=T3 pat=000 resclass=[ -812741, -165, 134102265 ] xT=false
  D4 above=T1 pat=000 resclass=[ -6771017288085666330, 8331088610130, -812741 ] xT=false
  D4 above=T3 pat=000 resclass=[ -812741, -165, 134102265 ] xT=false
PART_DONE part=116
