MEMBER stv 1/4 2/3 2/3 shape=[ 1, 1, 2, 2 ] tors=[ 4, 4 ] order4=12 norm111=0 xTpass=0
  D4 above=T2 pat=000 resclass=[ -2814, 14070, -5 ] xT=false
  D4 above=T2 pat=000 resclass=[ -2814, 14070, -5 ] xT=false
  D4 above=T3 pat=000 resclass=[ -319, -5, 1595 ] xT=false
  D4 above=T1 pat=000 resclass=[ 897666, -2814, -319 ] xT=false
  D4 above=T3 pat=000 resclass=[ -319, -5, 1595 ] xT=false
  D4 above=T1 pat=000 resclass=[ 897666, -2814, -319 ] xT=false
  D4 above=T2 pat=000 resclass=[ -2814, 14070, -5 ] xT=false
  D4 above=T2 pat=000 resclass=[ -2814, 14070, -5 ] xT=false
  D4 above=T3 pat=000 resclass=[ -319, -5, 1595 ] xT=false
  D4 above=T1 pat=000 resclass=[ 897666, -2814, -319 ] xT=false
  D4 above=T3 pat=000 resclass=[ -319, -5, 1595 ] xT=false
  D4 above=T1 pat=000 resclass=[ 897666, -2814, -319 ] xT=false
MEMBER stv 1/3 1/3 4 shape=[ 1, 1, 2, 2 ] tors=[ 4, 4 ] order4=12 norm111=0 xTpass=0
  D4 above=T3 pat=000 resclass=[ -55, -2, 110 ] xT=false
  D4 above=T3 pat=000 resclass=[ -55, -2, 110 ] xT=false
  D4 above=T1 pat=000 resclass=[ 213070, -3874, -55 ] xT=false
  D4 above=T2 pat=000 resclass=[ -3874, 1937, -2 ] xT=false
  D4 above=T1 pat=000 resclass=[ 213070, -3874, -55 ] xT=false
  D4 above=T2 pat=000 resclass=[ -3874, 1937, -2 ] xT=false
  D4 above=T3 pat=000 resclass=[ -55, -2, 110 ] xT=false
  D4 above=T3 pat=000 resclass=[ -55, -2, 110 ] xT=false
  D4 above=T1 pat=000 resclass=[ 213070, -3874, -55 ] xT=false
  D4 above=T2 pat=000 resclass=[ -3874, 1937, -2 ] xT=false
  D4 above=T1 pat=000 resclass=[ 213070, -3874, -55 ] xT=false
  D4 above=T2 pat=000 resclass=[ -3874, 1937, -2 ] xT=false
MEMBER stv 1/2 1/4 4/3 shape=[ 1, 1, 2, 2 ] tors=[ 4, 4 ] order4=12 norm111=0 xTpass=0
  D4 above=T2 pat=000 resclass=[ -1355, 813, -15 ] xT=false
  D4 above=T2 pat=000 resclass=[ -1355, 813, -15 ] xT=false
  D4 above=T3 pat=000 resclass=[ -161, -15, 2415 ] xT=false
  D4 above=T1 pat=000 resclass=[ 218155, -1355, -161 ] xT=false
  D4 above=T3 pat=000 resclass=[ -161, -15, 2415 ] xT=false
  D4 above=T1 pat=000 resclass=[ 218155, -1355, -161 ] xT=false
  D4 above=T2 pat=000 resclass=[ -1355, 813, -15 ] xT=false
  D4 above=T2 pat=000 resclass=[ -1355, 813, -15 ] xT=false
  D4 above=T3 pat=000 resclass=[ -161, -15, 2415 ] xT=false
  D4 above=T1 pat=000 resclass=[ 218155, -1355, -161 ] xT=false
  D4 above=T3 pat=000 resclass=[ -161, -15, 2415 ] xT=false
  D4 above=T1 pat=000 resclass=[ 218155, -1355, -161 ] xT=false
MEMBER stv 1/2 4 1/2 shape=[ 1, 1, 2, 2 ] tors=[ 4, 4 ] order4=12 norm111=0 xTpass=0
  D4 above=T3 pat=000 resclass=[ -899, 15, -13485 ] xT=false
  D4 above=T3 pat=000 resclass=[ -899, 15, -13485 ] xT=false
  D4 above=T2 pat=000 resclass=[ -3170, -1902, 15 ] xT=false
  D4 above=T1 pat=000 resclass=[ 2849830, -3170, -899 ] xT=false
  D4 above=T2 pat=000 resclass=[ -3170, -1902, 15 ] xT=false
  D4 above=T1 pat=000 resclass=[ 2849830, -3170, -899 ] xT=false
  D4 above=T3 pat=000 resclass=[ -899, 15, -13485 ] xT=false
  D4 above=T3 pat=000 resclass=[ -899, 15, -13485 ] xT=false
  D4 above=T2 pat=000 resclass=[ -3170, -1902, 15 ] xT=false
  D4 above=T1 pat=000 resclass=[ 2849830, -3170, -899 ] xT=false
  D4 above=T2 pat=000 resclass=[ -3170, -1902, 15 ] xT=false
  D4 above=T1 pat=000 resclass=[ 2849830, -3170, -899 ] xT=false
MEMBER stv 2/3 2 3 shape=[ 1, 1, 2, 2 ] tors=[ 4, 4 ] order4=12 norm111=0 xTpass=0
  D4 above=T2 pat=000 resclass=[ -707, -2121, 3 ] xT=false
  D4 above=T2 pat=000 resclass=[ -707, -2121, 3 ] xT=false
  D4 above=T3 pat=000 resclass=[ -77, 3, -231 ] xT=false
  D4 above=T1 pat=000 resclass=[ 1111, -707, -77 ] xT=false
  D4 above=T3 pat=000 resclass=[ -77, 3, -231 ] xT=false
  D4 above=T1 pat=000 resclass=[ 1111, -707, -77 ] xT=false
  D4 above=T2 pat=000 resclass=[ -707, -2121, 3 ] xT=false
  D4 above=T2 pat=000 resclass=[ -707, -2121, 3 ] xT=false
  D4 above=T3 pat=000 resclass=[ -77, 3, -231 ] xT=false
  D4 above=T1 pat=000 resclass=[ 1111, -707, -77 ] xT=false
  D4 above=T3 pat=000 resclass=[ -77, 3, -231 ] xT=false
  D4 above=T1 pat=000 resclass=[ 1111, -707, -77 ] xT=false
MEMBER stv 3/4 3/2 1 shape=[ 1, 1, 2, 2 ] tors=[ 4, 4 ] order4=12 norm111=0 xTpass=0
  D4 above=T3 pat=000 resclass=[ -1, 5, -5 ] xT=false
  D4 above=T3 pat=000 resclass=[ -1, 5, -5 ] xT=false
  D4 above=T1 pat=100 resclass=[ 1, -1, -1 ] xT=false
  D4 above=T2 pat=000 resclass=[ -1, -5, 5 ] xT=false
  D4 above=T1 pat=100 resclass=[ 1, -1, -1 ] xT=false
  D4 above=T2 pat=000 resclass=[ -1, -5, 5 ] xT=false
  D4 above=T3 pat=000 resclass=[ -1, 5, -5 ] xT=false
  D4 above=T3 pat=000 resclass=[ -1, 5, -5 ] xT=false
  D4 above=T1 pat=100 resclass=[ 1, -1, -1 ] xT=false
  D4 above=T2 pat=000 resclass=[ -1, -5, 5 ] xT=false
  D4 above=T1 pat=100 resclass=[ 1, -1, -1 ] xT=false
  D4 above=T2 pat=000 resclass=[ -1, -5, 5 ] xT=false
MEMBER stv 1 4/3 1/3 shape=[ 1, 1, 2, 2 ] tors=[ 4, 4 ] order4=12 norm111=0 xTpass=0
  D4 above=T2 pat=000 resclass=[ 1113, 159, 7 ] xT=false
  D4 above=T2 pat=000 resclass=[ 1113, 159, 7 ] xT=false
  D4 above=T1 pat=000 resclass=[ 2226, 1113, 2 ] xT=false
  D4 above=T3 pat=000 resclass=[ 2, 7, 14 ] xT=false
  D4 above=T1 pat=000 resclass=[ 2226, 1113, 2 ] xT=false
  D4 above=T3 pat=000 resclass=[ 2, 7, 14 ] xT=false
  D4 above=T2 pat=000 resclass=[ 1113, 159, 7 ] xT=false
  D4 above=T2 pat=000 resclass=[ 1113, 159, 7 ] xT=false
  D4 above=T1 pat=000 resclass=[ 2226, 1113, 2 ] xT=false
  D4 above=T3 pat=000 resclass=[ 2, 7, 14 ] xT=false
  D4 above=T1 pat=000 resclass=[ 2226, 1113, 2 ] xT=false
  D4 above=T3 pat=000 resclass=[ 2, 7, 14 ] xT=false
MEMBER stv 4/3 2/3 2 shape=[ 1, 1, 2, 2 ] tors=[ 4, 4 ] order4=12 norm111=0 xTpass=0
  D4 above=T2 pat=000 resclass=[ -167690, 33538, -5 ] xT=false
  D4 above=T2 pat=000 resclass=[ -167690, 33538, -5 ] xT=false
  D4 above=T1 pat=000 resclass=[ -19955110, -167690, 119 ] xT=false
  D4 above=T3 pat=000 resclass=[ 119, -5, -595 ] xT=false
  D4 above=T1 pat=000 resclass=[ -19955110, -167690, 119 ] xT=false
  D4 above=T3 pat=000 resclass=[ 119, -5, -595 ] xT=false
  D4 above=T2 pat=000 resclass=[ -167690, 33538, -5 ] xT=false
  D4 above=T2 pat=000 resclass=[ -167690, 33538, -5 ] xT=false
  D4 above=T1 pat=000 resclass=[ -19955110, -167690, 119 ] xT=false
  D4 above=T3 pat=000 resclass=[ 119, -5, -595 ] xT=false
  D4 above=T1 pat=000 resclass=[ -19955110, -167690, 119 ] xT=false
  D4 above=T3 pat=000 resclass=[ 119, -5, -595 ] xT=false
MEMBER stv 3/2 1/2 3/4 shape=[ 1, 1, 2, 2 ] tors=[ 4, 4 ] order4=12 norm111=0 xTpass=0
  D4 above=T1 pat=000 resclass=[ -23349, -7783, 3 ] xT=false
  D4 above=T1 pat=000 resclass=[ -23349, -7783, 3 ] xT=false
  D4 above=T2 pat=000 resclass=[ -7783, 23349, -3 ] xT=false
  D4 above=T3 pat=000 resclass=[ 3, -3, -1 ] xT=false
  D4 above=T2 pat=000 resclass=[ -7783, 23349, -3 ] xT=false
  D4 above=T3 pat=000 resclass=[ 3, -3, -1 ] xT=false
  D4 above=T1 pat=000 resclass=[ -23349, -7783, 3 ] xT=false
  D4 above=T1 pat=000 resclass=[ -23349, -7783, 3 ] xT=false
  D4 above=T2 pat=000 resclass=[ -7783, 23349, -3 ] xT=false
  D4 above=T3 pat=000 resclass=[ 3, -3, -1 ] xT=false
  D4 above=T2 pat=000 resclass=[ -7783, 23349, -3 ] xT=false
  D4 above=T3 pat=000 resclass=[ 3, -3, -1 ] xT=false
MEMBER stv 2 1/3 1/4 shape=[ 1, 1, 2, 2 ] tors=[ 4, 4 ] order4=12 norm111=0 xTpass=0
  D4 above=T3 pat=000 resclass=[ 65, -2, -130 ] xT=false
  D4 above=T3 pat=000 resclass=[ 65, -2, -130 ] xT=false
  D4 above=T1 pat=000 resclass=[ -2665, -41, 65 ] xT=false
  D4 above=T2 pat=000 resclass=[ -41, 82, -2 ] xT=false
  D4 above=T1 pat=000 resclass=[ -2665, -41, 65 ] xT=false
  D4 above=T2 pat=000 resclass=[ -41, 82, -2 ] xT=false
  D4 above=T3 pat=000 resclass=[ 65, -2, -130 ] xT=false
  D4 above=T3 pat=000 resclass=[ 65, -2, -130 ] xT=false
  D4 above=T1 pat=000 resclass=[ -2665, -41, 65 ] xT=false
  D4 above=T2 pat=000 resclass=[ -41, 82, -2 ] xT=false
  D4 above=T1 pat=000 resclass=[ -2665, -41, 65 ] xT=false
  D4 above=T2 pat=000 resclass=[ -41, 82, -2 ] xT=false
MEMBER stv 2 4 3/2 shape=[ 1, 1, 2, 2 ] tors=[ 4, 4 ] order4=12 norm111=0 xTpass=0
  D4 above=T2 pat=000 resclass=[ -24710, -14826, 15 ] xT=false
  D4 above=T2 pat=000 resclass=[ -24710, -14826, 15 ] xT=false
  D4 above=T3 pat=000 resclass=[ -221, 15, -3315 ] xT=false
  D4 above=T1 pat=000 resclass=[ 5460910, -24710, -221 ] xT=false
  D4 above=T3 pat=000 resclass=[ -221, 15, -3315 ] xT=false
  D4 above=T1 pat=000 resclass=[ 5460910, -24710, -221 ] xT=false
  D4 above=T2 pat=000 resclass=[ -24710, -14826, 15 ] xT=false
  D4 above=T2 pat=000 resclass=[ -24710, -14826, 15 ] xT=false
  D4 above=T3 pat=000 resclass=[ -221, 15, -3315 ] xT=false
  D4 above=T1 pat=000 resclass=[ 5460910, -24710, -221 ] xT=false
  D4 above=T3 pat=000 resclass=[ -221, 15, -3315 ] xT=false
  D4 above=T1 pat=000 resclass=[ 5460910, -24710, -221 ] xT=false
MEMBER stv 3 3 2/3 shape=[ 1, 1, 2, 2 ] tors=[ 4, 4 ] order4=12 norm111=0 xTpass=0
  D4 above=T2 pat=000 resclass=[ -861, -1722, 2 ] xT=false
  D4 above=T2 pat=000 resclass=[ -861, -1722, 2 ] xT=false
  D4 above=T1 pat=000 resclass=[ 47355, -861, -55 ] xT=false
  D4 above=T3 pat=000 resclass=[ -55, 2, -110 ] xT=false
  D4 above=T1 pat=000 resclass=[ 47355, -861, -55 ] xT=false
  D4 above=T3 pat=000 resclass=[ -55, 2, -110 ] xT=false
  D4 above=T2 pat=000 resclass=[ -861, -1722, 2 ] xT=false
  D4 above=T2 pat=000 resclass=[ -861, -1722, 2 ] xT=false
  D4 above=T1 pat=000 resclass=[ 47355, -861, -55 ] xT=false
  D4 above=T3 pat=000 resclass=[ -55, 2, -110 ] xT=false
  D4 above=T1 pat=000 resclass=[ 47355, -861, -55 ] xT=false
  D4 above=T3 pat=000 resclass=[ -55, 2, -110 ] xT=false
MEMBER stv 4 3/2 4 shape=[ 1, 1, 2, 2 ] tors=[ 4, 4 ] order4=12 norm111=0 xTpass=0
  D4 above=T3 pat=000 resclass=[ 231, 5, 1155 ] xT=false
  D4 above=T3 pat=000 resclass=[ 231, 5, 1155 ] xT=false
  D4 above=T1 pat=000 resclass=[ 645645, 2795, 231 ] xT=false
  D4 above=T2 pat=000 resclass=[ 2795, 559, 5 ] xT=false
  D4 above=T1 pat=000 resclass=[ 645645, 2795, 231 ] xT=false
  D4 above=T2 pat=000 resclass=[ 2795, 559, 5 ] xT=false
  D4 above=T3 pat=000 resclass=[ 231, 5, 1155 ] xT=false
  D4 above=T3 pat=000 resclass=[ 231, 5, 1155 ] xT=false
  D4 above=T1 pat=000 resclass=[ 645645, 2795, 231 ] xT=false
  D4 above=T2 pat=000 resclass=[ 2795, 559, 5 ] xT=false
  D4 above=T1 pat=000 resclass=[ 645645, 2795, 231 ] xT=false
  D4 above=T2 pat=000 resclass=[ 2795, 559, 5 ] xT=false
MEMBER stv 13/17 17/16 5/3 shape=[ 1, 1, 2, 2 ] tors=[ 4, 4 ] order4=12 norm111=0 xTpass=0
  D4 above=T1 pat=000 resclass=[ 6232499071913809585, 579182085295, 10760863 ] xT=false
  D4 above=T1 pat=000 resclass=[ 6232499071913809585, 579182085295, 10760863 ] xT=false
  D4 above=T3 pat=000 resclass=[ 10760863, 33, 355108479 ] xT=false
  D4 above=T2 pat=000 resclass=[ 579182085295, 157958750535, 33 ] xT=false
  D4 above=T3 pat=000 resclass=[ 10760863, 33, 355108479 ] xT=false
  D4 above=T2 pat=000 resclass=[ 579182085295, 157958750535, 33 ] xT=false
  D4 above=T1 pat=000 resclass=[ 6232499071913809585, 579182085295, 10760863 ] xT=false
  D4 above=T1 pat=000 resclass=[ 6232499071913809585, 579182085295, 10760863 ] xT=false
  D4 above=T3 pat=000 resclass=[ 10760863, 33, 355108479 ] xT=false
  D4 above=T2 pat=000 resclass=[ 579182085295, 157958750535, 33 ] xT=false
  D4 above=T3 pat=000 resclass=[ 10760863, 33, 355108479 ] xT=false
  D4 above=T2 pat=000 resclass=[ 579182085295, 157958750535, 33 ] xT=false
MEMBER stv 3/2 3/4 -18/11 shape=[ 1, 1, 2, 2 ] tors=[ 4, 4 ] order4=12 norm111=0 xTpass=0
  D4 above=T1 pat=000 resclass=[ 20795682446, 39460498, 527 ] xT=false
  D4 above=T1 pat=000 resclass=[ 20795682446, 39460498, 527 ] xT=false
  D4 above=T2 pat=000 resclass=[ 39460498, -5637214, -7 ] xT=false
  D4 above=T3 pat=000 resclass=[ 527, -7, -3689 ] xT=false
  D4 above=T2 pat=000 resclass=[ 39460498, -5637214, -7 ] xT=false
  D4 above=T3 pat=000 resclass=[ 527, -7, -3689 ] xT=false
  D4 above=T1 pat=000 resclass=[ 20795682446, 39460498, 527 ] xT=false
  D4 above=T1 pat=000 resclass=[ 20795682446, 39460498, 527 ] xT=false
  D4 above=T2 pat=000 resclass=[ 39460498, -5637214, -7 ] xT=false
  D4 above=T3 pat=000 resclass=[ 527, -7, -3689 ] xT=false
  D4 above=T2 pat=000 resclass=[ 39460498, -5637214, -7 ] xT=false
  D4 above=T3 pat=000 resclass=[ 527, -7, -3689 ] xT=false
MEMBER stv 13/4 13/2 1 shape=[ 1, 1, 2, 2 ] tors=[ 4, 4 ] order4=12 norm111=0 xTpass=0
  D4 above=T1 pat=000 resclass=[ 571924947, -338217, -1691 ] xT=false
  D4 above=T1 pat=000 resclass=[ 571924947, -338217, -1691 ] xT=false
  D4 above=T2 pat=000 resclass=[ -338217, -51245, 165 ] xT=false
  D4 above=T3 pat=000 resclass=[ -1691, 165, -279015 ] xT=false
  D4 above=T2 pat=000 resclass=[ -338217, -51245, 165 ] xT=false
  D4 above=T3 pat=000 resclass=[ -1691, 165, -279015 ] xT=false
  D4 above=T1 pat=000 resclass=[ 571924947, -338217, -1691 ] xT=false
  D4 above=T1 pat=000 resclass=[ 571924947, -338217, -1691 ] xT=false
  D4 above=T2 pat=000 resclass=[ -338217, -51245, 165 ] xT=false
  D4 above=T3 pat=000 resclass=[ -1691, 165, -279015 ] xT=false
  D4 above=T2 pat=000 resclass=[ -338217, -51245, 165 ] xT=false
  D4 above=T3 pat=000 resclass=[ -1691, 165, -279015 ] xT=false
PART_DONE part=117
