MEMBER stv 1/4 2/3 -2/3 shape=[ 1, 1, 2, 2 ] tors=[ 4, 4 ] order4=12 norm111=0 xTpass=0
  D4 above=T2 pat=000 resclass=[ 1064670, -212934, -5 ] xT=false
  D4 above=T2 pat=000 resclass=[ 1064670, -212934, -5 ] xT=false
  D4 above=T1 pat=000 resclass=[ -339629730, 1064670, -319 ] xT=false
  D4 above=T3 pat=000 resclass=[ -319, -5, 1595 ] xT=false
  D4 above=T1 pat=000 resclass=[ -339629730, 1064670, -319 ] xT=false
  D4 above=T3 pat=000 resclass=[ -319, -5, 1595 ] xT=false
  D4 above=T2 pat=000 resclass=[ 1064670, -212934, -5 ] xT=false
  D4 above=T2 pat=000 resclass=[ 1064670, -212934, -5 ] xT=false
  D4 above=T1 pat=000 resclass=[ -339629730, 1064670, -319 ] xT=false
  D4 above=T3 pat=000 resclass=[ -319, -5, 1595 ] xT=false
  D4 above=T1 pat=000 resclass=[ -339629730, 1064670, -319 ] xT=false
  D4 above=T3 pat=000 resclass=[ -319, -5, 1595 ] xT=false
MEMBER stv 1/3 1/3 -4 shape=[ 1, 1, 2, 2 ] tors=[ 4, 4 ] order4=12 norm111=0 xTpass=0
  D4 above=T2 pat=000 resclass=[ 130, -65, -2 ] xT=false
  D4 above=T2 pat=000 resclass=[ 130, -65, -2 ] xT=false
  D4 above=T3 pat=000 resclass=[ -55, -2, 110 ] xT=false
  D4 above=T1 pat=000 resclass=[ -286, 130, -55 ] xT=false
  D4 above=T3 pat=000 resclass=[ -55, -2, 110 ] xT=false
  D4 above=T1 pat=000 resclass=[ -286, 130, -55 ] xT=false
  D4 above=T2 pat=000 resclass=[ 130, -65, -2 ] xT=false
  D4 above=T2 pat=000 resclass=[ 130, -65, -2 ] xT=false
  D4 above=T3 pat=000 resclass=[ -55, -2, 110 ] xT=false
  D4 above=T1 pat=000 resclass=[ -286, 130, -55 ] xT=false
  D4 above=T3 pat=000 resclass=[ -55, -2, 110 ] xT=false
  D4 above=T1 pat=000 resclass=[ -286, 130, -55 ] xT=false
MEMBER stv 1/2 1/4 -4/3 shape=[ 1, 1, 2, 2 ] tors=[ 4, 4 ] order4=12 norm111=0 xTpass=0
  D4 above=T2 pat=000 resclass=[ 1130, -678, -15 ] xT=false
  D4 above=T2 pat=000 resclass=[ 1130, -678, -15 ] xT=false
  D4 above=T1 pat=000 resclass=[ -181930, 1130, -161 ] xT=false
  D4 above=T3 pat=000 resclass=[ -161, -15, 2415 ] xT=false
  D4 above=T1 pat=000 resclass=[ -181930, 1130, -161 ] xT=false
  D4 above=T3 pat=000 resclass=[ -161, -15, 2415 ] xT=false
  D4 above=T2 pat=000 resclass=[ 1130, -678, -15 ] xT=false
  D4 above=T2 pat=000 resclass=[ 1130, -678, -15 ] xT=false
  D4 above=T1 pat=000 resclass=[ -181930, 1130, -161 ] xT=false
  D4 above=T3 pat=000 resclass=[ -161, -15, 2415 ] xT=false
  D4 above=T1 pat=000 resclass=[ -181930, 1130, -161 ] xT=false
  D4 above=T3 pat=000 resclass=[ -161, -15, 2415 ] xT=false
MEMBER stv 1/2 4 -1/2 shape=[ 1, 1, 2, 2 ] tors=[ 4, 4 ] order4=12 norm111=0 xTpass=0
  D4 above=T3 pat=000 resclass=[ -899, 15, -13485 ] xT=false
  D4 above=T3 pat=000 resclass=[ -899, 15, -13485 ] xT=false
  D4 above=T2 pat=000 resclass=[ -203070, -13538, 15 ] xT=false
  D4 above=T1 pat=000 resclass=[ 182559930, -203070, -899 ] xT=false
  D4 above=T2 pat=000 resclass=[ -203070, -13538, 15 ] xT=false
  D4 above=T1 pat=000 resclass=[ 182559930, -203070, -899 ] xT=false
  D4 above=T3 pat=000 resclass=[ -899, 15, -13485 ] xT=false
  D4 above=T3 pat=000 resclass=[ -899, 15, -13485 ] xT=false
  D4 above=T2 pat=000 resclass=[ -203070, -13538, 15 ] xT=false
  D4 above=T1 pat=000 resclass=[ 182559930, -203070, -899 ] xT=false
  D4 above=T2 pat=000 resclass=[ -203070, -13538, 15 ] xT=false
  D4 above=T1 pat=000 resclass=[ 182559930, -203070, -899 ] xT=false
MEMBER stv 2/3 2 -3 shape=[ 1, 1, 2, 2 ] tors=[ 4, 4 ] order4=12 norm111=0 xTpass=0
  D4 above=T3 pat=000 resclass=[ -77, 3, -231 ] xT=false
  D4 above=T3 pat=000 resclass=[ -77, 3, -231 ] xT=false
  D4 above=T2 pat=000 resclass=[ 107, 321, 3 ] xT=false
  D4 above=T1 pat=000 resclass=[ -8239, 107, -77 ] xT=false
  D4 above=T2 pat=000 resclass=[ 107, 321, 3 ] xT=false
  D4 above=T1 pat=000 resclass=[ -8239, 107, -77 ] xT=false
  D4 above=T3 pat=000 resclass=[ -77, 3, -231 ] xT=false
  D4 above=T3 pat=000 resclass=[ -77, 3, -231 ] xT=false
  D4 above=T2 pat=000 resclass=[ 107, 321, 3 ] xT=false
  D4 above=T1 pat=000 resclass=[ -8239, 107, -77 ] xT=false
  D4 above=T2 pat=000 resclass=[ 107, 321, 3 ] xT=false
  D4 above=T1 pat=000 resclass=[ -8239, 107, -77 ] xT=false
MEMBER stv 3/4 3/2 -1 shape=[ 1, 1, 2, 2 ] tors=[ 4, 4 ] order4=12 norm111=0 xTpass=0
  D4 above=T3 pat=000 resclass=[ -1, 5, -5 ] xT=false
  D4 above=T3 pat=000 resclass=[ -1, 5, -5 ] xT=false
  D4 above=T2 pat=000 resclass=[ -455, -91, 5 ] xT=false
  D4 above=T1 pat=000 resclass=[ 455, -455, -1 ] xT=false
  D4 above=T2 pat=000 resclass=[ -455, -91, 5 ] xT=false
  D4 above=T1 pat=000 resclass=[ 455, -455, -1 ] xT=false
  D4 above=T3 pat=000 resclass=[ -1, 5, -5 ] xT=false
  D4 above=T3 pat=000 resclass=[ -1, 5, -5 ] xT=false
  D4 above=T2 pat=000 resclass=[ -455, -91, 5 ] xT=false
  D4 above=T1 pat=000 resclass=[ 455, -455, -1 ] xT=false
  D4 above=T2 pat=000 resclass=[ -455, -91, 5 ] xT=false
  D4 above=T1 pat=000 resclass=[ 455, -455, -1 ] xT=false
MEMBER stv 1 4/3 -1/3 shape=[ 1, 1, 2, 2 ] tors=[ 4, 4 ] order4=12 norm111=0 xTpass=0
  D4 above=T1 pat=000 resclass=[ -5754, -2877, 2 ] xT=false
  D4 above=T1 pat=000 resclass=[ -5754, -2877, 2 ] xT=false
  D4 above=T3 pat=000 resclass=[ 2, 7, 14 ] xT=false
  D4 above=T2 pat=000 resclass=[ -2877, -411, 7 ] xT=false
  D4 above=T3 pat=000 resclass=[ 2, 7, 14 ] xT=false
  D4 above=T2 pat=000 resclass=[ -2877, -411, 7 ] xT=false
  D4 above=T1 pat=000 resclass=[ -5754, -2877, 2 ] xT=false
  D4 above=T1 pat=000 resclass=[ -5754, -2877, 2 ] xT=false
  D4 above=T3 pat=000 resclass=[ 2, 7, 14 ] xT=false
  D4 above=T2 pat=000 resclass=[ -2877, -411, 7 ] xT=false
  D4 above=T3 pat=000 resclass=[ 2, 7, 14 ] xT=false
  D4 above=T2 pat=000 resclass=[ -2877, -411, 7 ] xT=false
MEMBER stv 4/3 2/3 -2 shape=[ 1, 1, 2, 2 ] tors=[ 4, 4 ] order4=12 norm111=0 xTpass=0
  D4 above=T2 pat=000 resclass=[ 56810, -11362, -5 ] xT=false
  D4 above=T2 pat=000 resclass=[ 56810, -11362, -5 ] xT=false
  D4 above=T3 pat=000 resclass=[ 119, -5, -595 ] xT=false
  D4 above=T1 pat=000 resclass=[ 6760390, 56810, 119 ] xT=false
  D4 above=T3 pat=000 resclass=[ 119, -5, -595 ] xT=false
  D4 above=T1 pat=000 resclass=[ 6760390, 56810, 119 ] xT=false
  D4 above=T2 pat=000 resclass=[ 56810, -11362, -5 ] xT=false
  D4 above=T2 pat=000 resclass=[ 56810, -11362, -5 ] xT=false
  D4 above=T3 pat=000 resclass=[ 119, -5, -595 ] xT=false
  D4 above=T1 pat=000 resclass=[ 6760390, 56810, 119 ] xT=false
  D4 above=T3 pat=000 resclass=[ 119, -5, -595 ] xT=false
  D4 above=T1 pat=000 resclass=[ 6760390, 56810, 119 ] xT=false
MEMBER stv 3/2 1/2 -3/4 shape=[ 1, 1, 2, 2 ] tors=[ 4, 4 ] order4=12 norm111=0 xTpass=0
  D4 above=T3 pat=000 resclass=[ 3, -3, -1 ] xT=false
  D4 above=T3 pat=000 resclass=[ 3, -3, -1 ] xT=false
  D4 above=T1 pat=000 resclass=[ 1749, 583, 3 ] xT=false
  D4 above=T2 pat=000 resclass=[ 583, -1749, -3 ] xT=false
  D4 above=T1 pat=000 resclass=[ 1749, 583, 3 ] xT=false
  D4 above=T2 pat=000 resclass=[ 583, -1749, -3 ] xT=false
  D4 above=T3 pat=000 resclass=[ 3, -3, -1 ] xT=false
  D4 above=T3 pat=000 resclass=[ 3, -3, -1 ] xT=false
  D4 above=T1 pat=000 resclass=[ 1749, 583, 3 ] xT=false
  D4 above=T2 pat=000 resclass=[ 583, -1749, -3 ] xT=false
  D4 above=T1 pat=000 resclass=[ 1749, 583, 3 ] xT=false
  D4 above=T2 pat=000 resclass=[ 583, -1749, -3 ] xT=false
MEMBER stv 2 1/3 -1/4 INVALID
MEMBER stv 2 4 -3/2 shape=[ 1, 1, 2, 2 ] tors=[ 4, 4 ] order4=12 norm111=0 xTpass=0
  D4 above=T2 pat=000 resclass=[ 710, 426, 15 ] xT=false
  D4 above=T2 pat=000 resclass=[ 710, 426, 15 ] xT=false
  D4 above=T3 pat=000 resclass=[ -221, 15, -3315 ] xT=false
  D4 above=T1 pat=000 resclass=[ -156910, 710, -221 ] xT=false
  D4 above=T3 pat=000 resclass=[ -221, 15, -3315 ] xT=false
  D4 above=T1 pat=000 resclass=[ -156910, 710, -221 ] xT=false
  D4 above=T2 pat=000 resclass=[ 710, 426, 15 ] xT=false
  D4 above=T2 pat=000 resclass=[ 710, 426, 15 ] xT=false
  D4 above=T3 pat=000 resclass=[ -221, 15, -3315 ] xT=false
  D4 above=T1 pat=000 resclass=[ -156910, 710, -221 ] xT=false
  D4 above=T3 pat=000 resclass=[ -221, 15, -3315 ] xT=false
  D4 above=T1 pat=000 resclass=[ -156910, 710, -221 ] xT=false
MEMBER stv 3 3 -2/3 shape=[ 1, 1, 2, 2 ] tors=[ 4, 4 ] order4=12 norm111=0 xTpass=0
  D4 above=T3 pat=000 resclass=[ -55, 2, -110 ] xT=false
  D4 above=T3 pat=000 resclass=[ -55, 2, -110 ] xT=false
  D4 above=T2 pat=000 resclass=[ 645, 1290, 2 ] xT=false
  D4 above=T1 pat=000 resclass=[ -1419, 645, -55 ] xT=false
  D4 above=T2 pat=000 resclass=[ 645, 1290, 2 ] xT=false
  D4 above=T1 pat=000 resclass=[ -1419, 645, -55 ] xT=false
  D4 above=T3 pat=000 resclass=[ -55, 2, -110 ] xT=false
  D4 above=T3 pat=000 resclass=[ -55, 2, -110 ] xT=false
  D4 above=T2 pat=000 resclass=[ 645, 1290, 2 ] xT=false
  D4 above=T1 pat=000 resclass=[ -1419, 645, -55 ] xT=false
  D4 above=T2 pat=000 resclass=[ 645, 1290, 2 ] xT=false
  D4 above=T1 pat=000 resclass=[ -1419, 645, -55 ] xT=false
MEMBER stv 4 3/2 -4 shape=[ 1, 1, 2, 2 ] tors=[ 4, 4 ] order4=12 norm111=0 xTpass=0
  D4 above=T1 pat=000 resclass=[ -3795, -805, 231 ] xT=false
  D4 above=T1 pat=000 resclass=[ -3795, -805, 231 ] xT=false
  D4 above=T3 pat=000 resclass=[ 231, 5, 1155 ] xT=false
  D4 above=T2 pat=000 resclass=[ -805, -161, 5 ] xT=false
  D4 above=T3 pat=000 resclass=[ 231, 5, 1155 ] xT=false
  D4 above=T2 pat=000 resclass=[ -805, -161, 5 ] xT=false
  D4 above=T1 pat=000 resclass=[ -3795, -805, 231 ] xT=false
  D4 above=T1 pat=000 resclass=[ -3795, -805, 231 ] xT=false
  D4 above=T3 pat=000 resclass=[ 231, 5, 1155 ] xT=false
  D4 above=T2 pat=000 resclass=[ -805, -161, 5 ] xT=false
  D4 above=T3 pat=000 resclass=[ 231, 5, 1155 ] xT=false
  D4 above=T2 pat=000 resclass=[ -805, -161, 5 ] xT=false
MEMBER stv 3 4/5 -13/8 shape=[ 1, 1, 2, 2 ] tors=[ 4, 4 ] order4=12 norm111=0 xTpass=0
  D4 above=T2 pat=000 resclass=[ 198371498, -198371498, -1 ] xT=false
  D4 above=T2 pat=000 resclass=[ 198371498, -198371498, -1 ] xT=false
  D4 above=T3 pat=000 resclass=[ 154, -1, -154 ] xT=false
  D4 above=T1 pat=000 resclass=[ 7637302673, 198371498, 154 ] xT=false
  D4 above=T3 pat=000 resclass=[ 154, -1, -154 ] xT=false
  D4 above=T1 pat=000 resclass=[ 7637302673, 198371498, 154 ] xT=false
  D4 above=T2 pat=000 resclass=[ 198371498, -198371498, -1 ] xT=false
  D4 above=T2 pat=000 resclass=[ 198371498, -198371498, -1 ] xT=false
  D4 above=T3 pat=000 resclass=[ 154, -1, -154 ] xT=false
  D4 above=T1 pat=000 resclass=[ 7637302673, 198371498, 154 ] xT=false
  D4 above=T3 pat=000 resclass=[ 154, -1, -154 ] xT=false
  D4 above=T1 pat=000 resclass=[ 7637302673, 198371498, 154 ] xT=false
MEMBER stv 16/17 1/2 2/5 shape=[ 1, 1, 2, 2 ] tors=[ 4, 4 ] order4=12 norm111=0 xTpass=0
  D4 above=T2 pat=000 resclass=[ -485032665, 161677555, -3 ] xT=false
  D4 above=T2 pat=000 resclass=[ -485032665, 161677555, -3 ] xT=false
  D4 above=T1 pat=000 resclass=[ -171626943, -485032665, 1495 ] xT=false
  D4 above=T3 pat=000 resclass=[ 1495, -3, -4485 ] xT=false
  D4 above=T1 pat=000 resclass=[ -171626943, -485032665, 1495 ] xT=false
  D4 above=T3 pat=000 resclass=[ 1495, -3, -4485 ] xT=false
  D4 above=T2 pat=000 resclass=[ -485032665, 161677555, -3 ] xT=false
  D4 above=T2 pat=000 resclass=[ -485032665, 161677555, -3 ] xT=false
  D4 above=T1 pat=000 resclass=[ -171626943, -485032665, 1495 ] xT=false
  D4 above=T3 pat=000 resclass=[ 1495, -3, -4485 ] xT=false
  D4 above=T1 pat=000 resclass=[ -171626943, -485032665, 1495 ] xT=false
  D4 above=T3 pat=000 resclass=[ 1495, -3, -4485 ] xT=false
MEMBER stv 4/5 17/8 17/16 shape=[ 1, 1, 2, 2 ] tors=[ 4, 4 ] order4=12 norm111=0 xTpass=0
  D4 above=T3 pat=010 resclass=[ -1200089, 1, -1200089 ] xT=false
  D4 above=T3 pat=010 resclass=[ -1200089, 1, -1200089 ] xT=false
  D4 above=T2 pat=001 resclass=[ -1974060298, -1974060298, 1 ] xT=false
  D4 above=T1 pat=000 resclass=[ 2369048048966522, -1974060298, -1200089 ] xT=false
  D4 above=T2 pat=001 resclass=[ -1974060298, -1974060298, 1 ] xT=false
  D4 above=T1 pat=000 resclass=[ 2369048048966522, -1974060298, -1200089 ] xT=false
  D4 above=T3 pat=010 resclass=[ -1200089, 1, -1200089 ] xT=false
  D4 above=T3 pat=010 resclass=[ -1200089, 1, -1200089 ] xT=false
  D4 above=T2 pat=001 resclass=[ -1974060298, -1974060298, 1 ] xT=false
  D4 above=T1 pat=000 resclass=[ 2369048048966522, -1974060298, -1200089 ] xT=false
  D4 above=T2 pat=001 resclass=[ -1974060298, -1974060298, 1 ] xT=false
  D4 above=T1 pat=000 resclass=[ 2369048048966522, -1974060298, -1200089 ] xT=false
PART_DONE part=118
