MEMBER stv 1/4 2/3 3/4 shape=[ 1, 1, 2, 2 ] tors=[ 4, 4 ] order4=12 norm111=0 xTpass=0
  D4 above=T1 pat=000 resclass=[ 227515585, -713215, -319 ] xT=false
  D4 above=T1 pat=000 resclass=[ 227515585, -713215, -319 ] xT=false
  D4 above=T2 pat=000 resclass=[ -713215, 142643, -5 ] xT=false
  D4 above=T3 pat=000 resclass=[ -319, -5, 1595 ] xT=false
  D4 above=T2 pat=000 resclass=[ -713215, 142643, -5 ] xT=false
  D4 above=T3 pat=000 resclass=[ -319, -5, 1595 ] xT=false
  D4 above=T1 pat=000 resclass=[ 227515585, -713215, -319 ] xT=false
  D4 above=T1 pat=000 resclass=[ 227515585, -713215, -319 ] xT=false
  D4 above=T2 pat=000 resclass=[ -713215, 142643, -5 ] xT=false
  D4 above=T3 pat=000 resclass=[ -319, -5, 1595 ] xT=false
  D4 above=T2 pat=000 resclass=[ -713215, 142643, -5 ] xT=false
  D4 above=T3 pat=000 resclass=[ -319, -5, 1595 ] xT=false
MEMBER stv 1/3 1/2 1/4 shape=[ 1, 1, 2, 2 ] tors=[ 4, 4 ] order4=12 norm111=0 xTpass=0
  D4 above=T2 pat=000 resclass=[ -68709, 22903, -3 ] xT=false
  D4 above=T2 pat=000 resclass=[ -68709, 22903, -3 ] xT=false
  D4 above=T3 pat=000 resclass=[ -65, -3, 195 ] xT=false
  D4 above=T1 pat=000 resclass=[ 4466085, -68709, -65 ] xT=false
  D4 above=T3 pat=000 resclass=[ -65, -3, 195 ] xT=false
  D4 above=T1 pat=000 resclass=[ 4466085, -68709, -65 ] xT=false
  D4 above=T2 pat=000 resclass=[ -68709, 22903, -3 ] xT=false
  D4 above=T2 pat=000 resclass=[ -68709, 22903, -3 ] xT=false
  D4 above=T3 pat=000 resclass=[ -65, -3, 195 ] xT=false
  D4 above=T1 pat=000 resclass=[ 4466085, -68709, -65 ] xT=false
  D4 above=T3 pat=000 resclass=[ -65, -3, 195 ] xT=false
  D4 above=T1 pat=000 resclass=[ 4466085, -68709, -65 ] xT=false
MEMBER stv 1/2 1/4 3/2 shape=[ 1, 1, 2, 2 ] tors=[ 4, 4 ] order4=12 norm111=0 xTpass=0
  D4 above=T3 pat=000 resclass=[ -161, -15, 2415 ] xT=false
  D4 above=T3 pat=000 resclass=[ -161, -15, 2415 ] xT=false
  D4 above=T2 pat=000 resclass=[ -82390, 49434, -15 ] xT=false
  D4 above=T1 pat=000 resclass=[ 270710, -82390, -161 ] xT=false
  D4 above=T2 pat=000 resclass=[ -82390, 49434, -15 ] xT=false
  D4 above=T1 pat=000 resclass=[ 270710, -82390, -161 ] xT=false
  D4 above=T3 pat=000 resclass=[ -161, -15, 2415 ] xT=false
  D4 above=T3 pat=000 resclass=[ -161, -15, 2415 ] xT=false
  D4 above=T2 pat=000 resclass=[ -82390, 49434, -15 ] xT=false
  D4 above=T1 pat=000 resclass=[ 270710, -82390, -161 ] xT=false
  D4 above=T2 pat=000 resclass=[ -82390, 49434, -15 ] xT=false
  D4 above=T1 pat=000 resclass=[ 270710, -82390, -161 ] xT=false
MEMBER stv 1/2 4 2/3 shape=[ 1, 1, 2, 2 ] tors=[ 4, 4 ] order4=12 norm111=0 xTpass=0
  D4 above=T3 pat=000 resclass=[ -899, 15, -13485 ] xT=false
  D4 above=T3 pat=000 resclass=[ -899, 15, -13485 ] xT=false
  D4 above=T2 pat=000 resclass=[ -66710, -40026, 15 ] xT=false
  D4 above=T1 pat=000 resclass=[ 59972290, -66710, -899 ] xT=false
  D4 above=T2 pat=000 resclass=[ -66710, -40026, 15 ] xT=false
  D4 above=T1 pat=000 resclass=[ 59972290, -66710, -899 ] xT=false
  D4 above=T3 pat=000 resclass=[ -899, 15, -13485 ] xT=false
  D4 above=T3 pat=000 resclass=[ -899, 15, -13485 ] xT=false
  D4 above=T2 pat=000 resclass=[ -66710, -40026, 15 ] xT=false
  D4 above=T1 pat=000 resclass=[ 59972290, -66710, -899 ] xT=false
  D4 above=T2 pat=000 resclass=[ -66710, -40026, 15 ] xT=false
  D4 above=T1 pat=000 resclass=[ 59972290, -66710, -899 ] xT=false
MEMBER stv 2/3 2 4 shape=[ 1, 1, 2, 2 ] tors=[ 4, 4 ] order4=12 norm111=0 xTpass=0
  D4 above=T2 pat=000 resclass=[ -1221, -407, 3 ] xT=false
  D4 above=T2 pat=000 resclass=[ -1221, -407, 3 ] xT=false
  D4 above=T1 pat=000 resclass=[ 777, -1221, -77 ] xT=false
  D4 above=T3 pat=000 resclass=[ -77, 3, -231 ] xT=false
  D4 above=T1 pat=000 resclass=[ 777, -1221, -77 ] xT=false
  D4 above=T3 pat=000 resclass=[ -77, 3, -231 ] xT=false
  D4 above=T2 pat=000 resclass=[ -1221, -407, 3 ] xT=false
  D4 above=T2 pat=000 resclass=[ -1221, -407, 3 ] xT=false
  D4 above=T1 pat=000 resclass=[ 777, -1221, -77 ] xT=false
  D4 above=T3 pat=000 resclass=[ -77, 3, -231 ] xT=false
  D4 above=T1 pat=000 resclass=[ 777, -1221, -77 ] xT=false
  D4 above=T3 pat=000 resclass=[ -77, 3, -231 ] xT=false
MEMBER stv 3/4 3/2 4/3 shape=[ 1, 1, 2, 2 ] tors=[ 4, 4 ] order4=12 norm111=0 xTpass=0
  D4 above=T3 pat=000 resclass=[ -1, 5, -5 ] xT=false
  D4 above=T3 pat=000 resclass=[ -1, 5, -5 ] xT=false
  D4 above=T1 pat=000 resclass=[ 210, -210, -1 ] xT=false
  D4 above=T2 pat=000 resclass=[ -210, -42, 5 ] xT=false
  D4 above=T1 pat=000 resclass=[ 210, -210, -1 ] xT=false
  D4 above=T2 pat=000 resclass=[ -210, -42, 5 ] xT=false
  D4 above=T3 pat=000 resclass=[ -1, 5, -5 ] xT=false
  D4 above=T3 pat=000 resclass=[ -1, 5, -5 ] xT=false
  D4 above=T1 pat=000 resclass=[ 210, -210, -1 ] xT=false
  D4 above=T2 pat=000 resclass=[ -210, -42, 5 ] xT=false
  D4 above=T1 pat=000 resclass=[ 210, -210, -1 ] xT=false
  D4 above=T2 pat=000 resclass=[ -210, -42, 5 ] xT=false
MEMBER stv 1 4/3 1/2 shape=[ 1, 1, 2, 2 ] tors=[ 4, 4 ] order4=12 norm111=0 xTpass=0
  D4 above=T3 pat=000 resclass=[ 2, 7, 14 ] xT=false
  D4 above=T3 pat=000 resclass=[ 2, 7, 14 ] xT=false
  D4 above=T2 pat=000 resclass=[ 5502, 786, 7 ] xT=false
  D4 above=T1 pat=000 resclass=[ 2751, 5502, 2 ] xT=false
  D4 above=T2 pat=000 resclass=[ 5502, 786, 7 ] xT=false
  D4 above=T1 pat=000 resclass=[ 2751, 5502, 2 ] xT=false
  D4 above=T3 pat=000 resclass=[ 2, 7, 14 ] xT=false
  D4 above=T3 pat=000 resclass=[ 2, 7, 14 ] xT=false
  D4 above=T2 pat=000 resclass=[ 5502, 786, 7 ] xT=false
  D4 above=T1 pat=000 resclass=[ 2751, 5502, 2 ] xT=false
  D4 above=T2 pat=000 resclass=[ 5502, 786, 7 ] xT=false
  D4 above=T1 pat=000 resclass=[ 2751, 5502, 2 ] xT=false
MEMBER stv 4/3 2/3 3 shape=[ 1, 1, 2, 2 ] tors=[ 4, 4 ] order4=12 norm111=0 xTpass=0
  D4 above=T1 pat=000 resclass=[ -6477765, -54435, 119 ] xT=false
  D4 above=T1 pat=000 resclass=[ -6477765, -54435, 119 ] xT=false
  D4 above=T3 pat=000 resclass=[ 119, -5, -595 ] xT=false
  D4 above=T2 pat=000 resclass=[ -54435, 10887, -5 ] xT=false
  D4 above=T3 pat=000 resclass=[ 119, -5, -595 ] xT=false
  D4 above=T2 pat=000 resclass=[ -54435, 10887, -5 ] xT=false
  D4 above=T1 pat=000 resclass=[ -6477765, -54435, 119 ] xT=false
  D4 above=T1 pat=000 resclass=[ -6477765, -54435, 119 ] xT=false
  D4 above=T3 pat=000 resclass=[ 119, -5, -595 ] xT=false
  D4 above=T2 pat=000 resclass=[ -54435, 10887, -5 ] xT=false
  D4 above=T3 pat=000 resclass=[ 119, -5, -595 ] xT=false
  D4 above=T2 pat=000 resclass=[ -54435, 10887, -5 ] xT=false
MEMBER stv 3/2 1/2 1 shape=[ 1, 1, 2, 2 ] tors=[ 4, 4 ] order4=12 norm111=0 xTpass=0
  D4 above=T3 pat=000 resclass=[ 3, -3, -1 ] xT=false
  D4 above=T3 pat=000 resclass=[ 3, -3, -1 ] xT=false
  D4 above=T2 pat=000 resclass=[ -2145, 715, -3 ] xT=false
  D4 above=T1 pat=000 resclass=[ -715, -2145, 3 ] xT=false
  D4 above=T2 pat=000 resclass=[ -2145, 715, -3 ] xT=false
  D4 above=T1 pat=000 resclass=[ -715, -2145, 3 ] xT=false
  D4 above=T3 pat=000 resclass=[ 3, -3, -1 ] xT=false
  D4 above=T3 pat=000 resclass=[ 3, -3, -1 ] xT=false
  D4 above=T2 pat=000 resclass=[ -2145, 715, -3 ] xT=false
  D4 above=T1 pat=000 resclass=[ -715, -2145, 3 ] xT=false
  D4 above=T2 pat=000 resclass=[ -2145, 715, -3 ] xT=false
  D4 above=T1 pat=000 resclass=[ -715, -2145, 3 ] xT=false
MEMBER stv 2 1/3 1/3 shape=[ 1, 1, 2, 2 ] tors=[ 4, 4 ] order4=12 norm111=0 xTpass=0
  D4 above=T1 pat=000 resclass=[ -62790, -966, 65 ] xT=false
  D4 above=T1 pat=000 resclass=[ -62790, -966, 65 ] xT=false
  D4 above=T2 pat=000 resclass=[ -966, 483, -2 ] xT=false
  D4 above=T3 pat=000 resclass=[ 65, -2, -130 ] xT=false
  D4 above=T2 pat=000 resclass=[ -966, 483, -2 ] xT=false
  D4 above=T3 pat=000 resclass=[ 65, -2, -130 ] xT=false
  D4 above=T1 pat=000 resclass=[ -62790, -966, 65 ] xT=false
  D4 above=T1 pat=000 resclass=[ -62790, -966, 65 ] xT=false
  D4 above=T2 pat=000 resclass=[ -966, 483, -2 ] xT=false
  D4 above=T3 pat=000 resclass=[ 65, -2, -130 ] xT=false
  D4 above=T2 pat=000 resclass=[ -966, 483, -2 ] xT=false
  D4 above=T3 pat=000 resclass=[ 65, -2, -130 ] xT=false
MEMBER stv 2 4 2 shape=[ 1, 1, 2, 2 ] tors=[ 4, 4 ] order4=12 norm111=0 xTpass=0
  D4 above=T1 pat=000 resclass=[ 346970, -1570, -221 ] xT=false
  D4 above=T1 pat=000 resclass=[ 346970, -1570, -221 ] xT=false
  D4 above=T2 pat=000 resclass=[ -1570, -942, 15 ] xT=false
  D4 above=T3 pat=000 resclass=[ -221, 15, -3315 ] xT=false
  D4 above=T2 pat=000 resclass=[ -1570, -942, 15 ] xT=false
  D4 above=T3 pat=000 resclass=[ -221, 15, -3315 ] xT=false
  D4 above=T1 pat=000 resclass=[ 346970, -1570, -221 ] xT=false
  D4 above=T1 pat=000 resclass=[ 346970, -1570, -221 ] xT=false
  D4 above=T2 pat=000 resclass=[ -1570, -942, 15 ] xT=false
  D4 above=T3 pat=000 resclass=[ -221, 15, -3315 ] xT=false
  D4 above=T2 pat=000 resclass=[ -1570, -942, 15 ] xT=false
  D4 above=T3 pat=000 resclass=[ -221, 15, -3315 ] xT=false
MEMBER stv 3 3 3/4 shape=[ 1, 1, 2, 2 ] tors=[ 4, 4 ] order4=12 norm111=0 xTpass=0
  D4 above=T1 pat=000 resclass=[ 75702, -34410, -55 ] xT=false
  D4 above=T1 pat=000 resclass=[ 75702, -34410, -55 ] xT=false
  D4 above=T3 pat=000 resclass=[ -55, 2, -110 ] xT=false
  D4 above=T2 pat=000 resclass=[ -34410, -17205, 2 ] xT=false
  D4 above=T3 pat=000 resclass=[ -55, 2, -110 ] xT=false
  D4 above=T2 pat=000 resclass=[ -34410, -17205, 2 ] xT=false
  D4 above=T1 pat=000 resclass=[ 75702, -34410, -55 ] xT=false
  D4 above=T1 pat=000 resclass=[ 75702, -34410, -55 ] xT=false
  D4 above=T3 pat=000 resclass=[ -55, 2, -110 ] xT=false
  D4 above=T2 pat=000 resclass=[ -34410, -17205, 2 ] xT=false
  D4 above=T3 pat=000 resclass=[ -55, 2, -110 ] xT=false
  D4 above=T2 pat=000 resclass=[ -34410, -17205, 2 ] xT=false
MEMBER stv 4 2 1/4 shape=[ 1, 1, 2, 2 ] tors=[ 4, 4 ] order4=12 norm111=0 xTpass=0
  D4 above=T2 pat=000 resclass=[ 30, 10, 3 ] xT=false
  D4 above=T2 pat=000 resclass=[ 30, 10, 3 ] xT=false
  D4 above=T3 pat=000 resclass=[ 7, 3, 21 ] xT=false
  D4 above=T1 pat=000 resclass=[ 210, 30, 7 ] xT=false
  D4 above=T3 pat=000 resclass=[ 7, 3, 21 ] xT=false
  D4 above=T1 pat=000 resclass=[ 210, 30, 7 ] xT=false
  D4 above=T2 pat=000 resclass=[ 30, 10, 3 ] xT=false
  D4 above=T2 pat=000 resclass=[ 30, 10, 3 ] xT=false
  D4 above=T3 pat=000 resclass=[ 7, 3, 21 ] xT=false
  D4 above=T1 pat=000 resclass=[ 210, 30, 7 ] xT=false
  D4 above=T3 pat=000 resclass=[ 7, 3, 21 ] xT=false
  D4 above=T1 pat=000 resclass=[ 210, 30, 7 ] xT=false
MEMBER stv 8/17 7/4 -4/9 shape=[ 1, 1, 2, 2 ] tors=[ 4, 4 ] order4=12 norm111=0 xTpass=0
  D4 above=T1 pat=000 resclass=[ 290890492071465, -975039945, -298337 ] xT=false
  D4 above=T1 pat=000 resclass=[ 290890492071465, -975039945, -298337 ] xT=false
  D4 above=T2 pat=000 resclass=[ -975039945, -29546665, 33 ] xT=false
  D4 above=T3 pat=000 resclass=[ -298337, 33, -9845121 ] xT=false
  D4 above=T2 pat=000 resclass=[ -975039945, -29546665, 33 ] xT=false
  D4 above=T3 pat=000 resclass=[ -298337, 33, -9845121 ] xT=false
  D4 above=T1 pat=000 resclass=[ 290890492071465, -975039945, -298337 ] xT=false
  D4 above=T1 pat=000 resclass=[ 290890492071465, -975039945, -298337 ] xT=false
  D4 above=T2 pat=000 resclass=[ -975039945, -29546665, 33 ] xT=false
  D4 above=T3 pat=000 resclass=[ -298337, 33, -9845121 ] xT=false
  D4 above=T2 pat=000 resclass=[ -975039945, -29546665, 33 ] xT=false
  D4 above=T3 pat=000 resclass=[ -298337, 33, -9845121 ] xT=false
MEMBER stv 6 5/4 -1 shape=[ 1, 1, 2, 2 ] tors=[ 4, 4 ] order4=12 norm111=0 xTpass=0
  D4 above=T1 pat=000 resclass=[ -253315, -12229, 1015 ] xT=false
  D4 above=T1 pat=000 resclass=[ -253315, -12229, 1015 ] xT=false
  D4 above=T2 pat=001 resclass=[ -12229, -12229, 1 ] xT=false
  D4 above=T3 pat=010 resclass=[ 1015, 1, 1015 ] xT=false
  D4 above=T2 pat=001 resclass=[ -12229, -12229, 1 ] xT=false
  D4 above=T3 pat=010 resclass=[ 1015, 1, 1015 ] xT=false
  D4 above=T1 pat=000 resclass=[ -253315, -12229, 1015 ] xT=false
  D4 above=T1 pat=000 resclass=[ -253315, -12229, 1015 ] xT=false
  D4 above=T2 pat=001 resclass=[ -12229, -12229, 1 ] xT=false
  D4 above=T3 pat=010 resclass=[ 1015, 1, 1015 ] xT=false
  D4 above=T2 pat=001 resclass=[ -12229, -12229, 1 ] xT=false
  D4 above=T3 pat=010 resclass=[ 1015, 1, 1015 ] xT=false
MEMBER stv 1/9 5/3 5/16 shape=[ 1, 1, 2, 2 ] tors=[ 4, 4 ] order4=12 norm111=0 xTpass=0
  D4 above=T3 pat=010 resclass=[ -255, 1, -255 ] xT=false
  D4 above=T3 pat=010 resclass=[ -255, 1, -255 ] xT=false
  D4 above=T1 pat=000 resclass=[ 5153261, -4546995, -255 ] xT=false
  D4 above=T2 pat=001 resclass=[ -4546995, -4546995, 1 ] xT=false
  D4 above=T1 pat=000 resclass=[ 5153261, -4546995, -255 ] xT=false
  D4 above=T2 pat=001 resclass=[ -4546995, -4546995, 1 ] xT=false
  D4 above=T3 pat=010 resclass=[ -255, 1, -255 ] xT=false
  D4 above=T3 pat=010 resclass=[ -255, 1, -255 ] xT=false
  D4 above=T1 pat=000 resclass=[ 5153261, -4546995, -255 ] xT=false
  D4 above=T2 pat=001 resclass=[ -4546995, -4546995, 1 ] xT=false
  D4 above=T1 pat=000 resclass=[ 5153261, -4546995, -255 ] xT=false
  D4 above=T2 pat=001 resclass=[ -4546995, -4546995, 1 ] xT=false
PART_DONE part=119
