MEMBER mnv 3 1/3 729/38425 shape=[ 1, 1, 2, 2 ] tors=[ 4, 4 ] order4=12 norm111=12 xTpass=0
  D4 above=T2 pat=111 resclass=[ 1, 1, 1 ] xT=false
  D4 above=T2 pat=111 resclass=[ 1, 1, 1 ] xT=false
  D4 above=T1 pat=111 resclass=[ 1, 1, 1 ] xT=false
  D4 above=T3 pat=111 resclass=[ 1, 1, 1 ] xT=false
  D4 above=T1 pat=111 resclass=[ 1, 1, 1 ] xT=false
  D4 above=T3 pat=111 resclass=[ 1, 1, 1 ] xT=false
  D4 above=T2 pat=111 resclass=[ 1, 1, 1 ] xT=false
  D4 above=T2 pat=111 resclass=[ 1, 1, 1 ] xT=false
  D4 above=T1 pat=111 resclass=[ 1, 1, 1 ] xT=false
  D4 above=T3 pat=111 resclass=[ 1, 1, 1 ] xT=false
  D4 above=T1 pat=111 resclass=[ 1, 1, 1 ] xT=false
  D4 above=T3 pat=111 resclass=[ 1, 1, 1 ] xT=false
MEMBER stv 1/4 2 -1/3 shape=[ 1, 1, 2, 2 ] tors=[ 4, 4 ] order4=12 norm111=0 xTpass=0
  D4 above=T1 pat=000 resclass=[ 1606319, -11233, -143 ] xT=false
  D4 above=T1 pat=000 resclass=[ 1606319, -11233, -143 ] xT=false
  D4 above=T2 pat=000 resclass=[ -11233, -33699, 3 ] xT=false
  D4 above=T3 pat=000 resclass=[ -143, 3, -429 ] xT=false
  D4 above=T2 pat=000 resclass=[ -11233, -33699, 3 ] xT=false
  D4 above=T3 pat=000 resclass=[ -143, 3, -429 ] xT=false
  D4 above=T1 pat=000 resclass=[ 1606319, -11233, -143 ] xT=false
  D4 above=T1 pat=000 resclass=[ 1606319, -11233, -143 ] xT=false
  D4 above=T2 pat=000 resclass=[ -11233, -33699, 3 ] xT=false
  D4 above=T3 pat=000 resclass=[ -143, 3, -429 ] xT=false
  D4 above=T2 pat=000 resclass=[ -11233, -33699, 3 ] xT=false
  D4 above=T3 pat=000 resclass=[ -143, 3, -429 ] xT=false
MEMBER stv 1/3 4/3 -2 shape=[ 1, 1, 2, 2 ] tors=[ 4, 4 ] order4=12 norm111=0 xTpass=0
  D4 above=T2 pat=000 resclass=[ -574, -82, 7 ] xT=false
  D4 above=T2 pat=000 resclass=[ -574, -82, 7 ] xT=false
  D4 above=T3 pat=000 resclass=[ -10, 7, -70 ] xT=false
  D4 above=T1 pat=000 resclass=[ 1435, -574, -10 ] xT=false
  D4 above=T3 pat=000 resclass=[ -10, 7, -70 ] xT=false
  D4 above=T1 pat=000 resclass=[ 1435, -574, -10 ] xT=false
  D4 above=T2 pat=000 resclass=[ -574, -82, 7 ] xT=false
  D4 above=T2 pat=000 resclass=[ -574, -82, 7 ] xT=false
  D4 above=T3 pat=000 resclass=[ -10, 7, -70 ] xT=false
  D4 above=T1 pat=000 resclass=[ 1435, -574, -10 ] xT=false
  D4 above=T3 pat=000 resclass=[ -10, 7, -70 ] xT=false
  D4 above=T1 pat=000 resclass=[ 1435, -574, -10 ] xT=false
MEMBER stv 1/2 3/4 -3/4 shape=[ 1, 1, 2, 2 ] tors=[ 4, 4 ] order4=12 norm111=0 xTpass=0
  D4 above=T3 pat=000 resclass=[ 15, -7, -105 ] xT=false
  D4 above=T3 pat=000 resclass=[ 15, -7, -105 ] xT=false
  D4 above=T1 pat=000 resclass=[ 292565, 175539, 15 ] xT=false
  D4 above=T2 pat=000 resclass=[ 175539, -25077, -7 ] xT=false
  D4 above=T1 pat=000 resclass=[ 292565, 175539, 15 ] xT=false
  D4 above=T2 pat=000 resclass=[ 175539, -25077, -7 ] xT=false
  D4 above=T3 pat=000 resclass=[ 15, -7, -105 ] xT=false
  D4 above=T3 pat=000 resclass=[ 15, -7, -105 ] xT=false
  D4 above=T1 pat=000 resclass=[ 292565, 175539, 15 ] xT=false
  D4 above=T2 pat=000 resclass=[ 175539, -25077, -7 ] xT=false
  D4 above=T1 pat=000 resclass=[ 292565, 175539, 15 ] xT=false
  D4 above=T2 pat=000 resclass=[ 175539, -25077, -7 ] xT=false
MEMBER stv 2/3 2/3 -1/4 shape=[ 1, 1, 2, 2 ] tors=[ 4, 4 ] order4=12 norm111=0 xTpass=0
  D4 above=T1 pat=000 resclass=[ 7370, 670, 11 ] xT=false
  D4 above=T1 pat=000 resclass=[ 7370, 670, 11 ] xT=false
  D4 above=T2 pat=000 resclass=[ 670, -134, -5 ] xT=false
  D4 above=T3 pat=000 resclass=[ 11, -5, -55 ] xT=false
  D4 above=T2 pat=000 resclass=[ 670, -134, -5 ] xT=false
  D4 above=T3 pat=000 resclass=[ 11, -5, -55 ] xT=false
  D4 above=T1 pat=000 resclass=[ 7370, 670, 11 ] xT=false
  D4 above=T1 pat=000 resclass=[ 7370, 670, 11 ] xT=false
  D4 above=T2 pat=000 resclass=[ 670, -134, -5 ] xT=false
  D4 above=T3 pat=000 resclass=[ 11, -5, -55 ] xT=false
  D4 above=T2 pat=000 resclass=[ 670, -134, -5 ] xT=false
  D4 above=T3 pat=000 resclass=[ 11, -5, -55 ] xT=false
MEMBER stv 3/4 1/3 -3/2 shape=[ 1, 1, 2, 2 ] tors=[ 4, 4 ] order4=12 norm111=0 xTpass=0
  D4 above=T2 pat=000 resclass=[ 35, -70, -2 ] xT=false
  D4 above=T2 pat=000 resclass=[ 35, -70, -2 ] xT=false
  D4 above=T1 pat=000 resclass=[ -413, 35, -295 ] xT=false
  D4 above=T3 pat=000 resclass=[ -295, -2, 590 ] xT=false
  D4 above=T1 pat=000 resclass=[ -413, 35, -295 ] xT=false
  D4 above=T3 pat=000 resclass=[ -295, -2, 590 ] xT=false
  D4 above=T2 pat=000 resclass=[ 35, -70, -2 ] xT=false
  D4 above=T2 pat=000 resclass=[ 35, -70, -2 ] xT=false
  D4 above=T1 pat=000 resclass=[ -413, 35, -295 ] xT=false
  D4 above=T3 pat=000 resclass=[ -295, -2, 590 ] xT=false
  D4 above=T1 pat=000 resclass=[ -413, 35, -295 ] xT=false
  D4 above=T3 pat=000 resclass=[ -295, -2, 590 ] xT=false
MEMBER stv 1 1/4 -2/3 shape=[ 1, 1, 2, 2 ] tors=[ 4, 4 ] order4=12 norm111=0 xTpass=0
  D4 above=T1 pat=000 resclass=[ 17515, 565, 31 ] xT=false
  D4 above=T1 pat=000 resclass=[ 17515, 565, 31 ] xT=false
  D4 above=T3 pat=000 resclass=[ 31, -15, -465 ] xT=false
  D4 above=T2 pat=000 resclass=[ 565, -339, -15 ] xT=false
  D4 above=T3 pat=000 resclass=[ 31, -15, -465 ] xT=false
  D4 above=T2 pat=000 resclass=[ 565, -339, -15 ] xT=false
  D4 above=T1 pat=000 resclass=[ 17515, 565, 31 ] xT=false
  D4 above=T1 pat=000 resclass=[ 17515, 565, 31 ] xT=false
  D4 above=T3 pat=000 resclass=[ 31, -15, -465 ] xT=false
  D4 above=T2 pat=000 resclass=[ 565, -339, -15 ] xT=false
  D4 above=T3 pat=000 resclass=[ 31, -15, -465 ] xT=false
  D4 above=T2 pat=000 resclass=[ 565, -339, -15 ] xT=false
MEMBER stv 1 3 -4 shape=[ 1, 1, 2, 2 ] tors=[ 4, 4 ] order4=12 norm111=0 xTpass=0
  D4 above=T1 pat=000 resclass=[ -1330, 190, -7 ] xT=false
  D4 above=T1 pat=000 resclass=[ -1330, 190, -7 ] xT=false
  D4 above=T2 pat=000 resclass=[ 190, 95, 2 ] xT=false
  D4 above=T3 pat=000 resclass=[ -7, 2, -14 ] xT=false
  D4 above=T2 pat=000 resclass=[ 190, 95, 2 ] xT=false
  D4 above=T3 pat=000 resclass=[ -7, 2, -14 ] xT=false
  D4 above=T1 pat=000 resclass=[ -1330, 190, -7 ] xT=false
  D4 above=T1 pat=000 resclass=[ -1330, 190, -7 ] xT=false
  D4 above=T2 pat=000 resclass=[ 190, 95, 2 ] xT=false
  D4 above=T3 pat=000 resclass=[ -7, 2, -14 ] xT=false
  D4 above=T2 pat=000 resclass=[ 190, 95, 2 ] xT=false
  D4 above=T3 pat=000 resclass=[ -7, 2, -14 ] xT=false
MEMBER stv 4/3 2 -4/3 shape=[ 1, 1, 2, 2 ] tors=[ 4, 4 ] order4=12 norm111=0 xTpass=0
  D4 above=T1 pat=000 resclass=[ -37999, 14615, -65 ] xT=false
  D4 above=T1 pat=000 resclass=[ -37999, 14615, -65 ] xT=false
  D4 above=T2 pat=000 resclass=[ 14615, 43845, 3 ] xT=false
  D4 above=T3 pat=000 resclass=[ -65, 3, -195 ] xT=false
  D4 above=T2 pat=000 resclass=[ 14615, 43845, 3 ] xT=false
  D4 above=T3 pat=000 resclass=[ -65, 3, -195 ] xT=false
  D4 above=T1 pat=000 resclass=[ -37999, 14615, -65 ] xT=false
  D4 above=T1 pat=000 resclass=[ -37999, 14615, -65 ] xT=false
  D4 above=T2 pat=000 resclass=[ 14615, 43845, 3 ] xT=false
  D4 above=T3 pat=000 resclass=[ -65, 3, -195 ] xT=false
  D4 above=T2 pat=000 resclass=[ 14615, 43845, 3 ] xT=false
  D4 above=T3 pat=000 resclass=[ -65, 3, -195 ] xT=false
MEMBER stv 3/2 3/2 -1/2 shape=[ 1, 1, 2, 2 ] tors=[ 4, 4 ] order4=12 norm111=0 xTpass=0
  D4 above=T2 pat=000 resclass=[ 410, 82, 5 ] xT=false
  D4 above=T2 pat=000 resclass=[ 410, 82, 5 ] xT=false
  D4 above=T3 pat=000 resclass=[ 11, 5, 55 ] xT=false
  D4 above=T1 pat=000 resclass=[ 4510, 410, 11 ] xT=false
  D4 above=T3 pat=000 resclass=[ 11, 5, 55 ] xT=false
  D4 above=T1 pat=000 resclass=[ 4510, 410, 11 ] xT=false
  D4 above=T2 pat=000 resclass=[ 410, 82, 5 ] xT=false
  D4 above=T2 pat=000 resclass=[ 410, 82, 5 ] xT=false
  D4 above=T3 pat=000 resclass=[ 11, 5, 55 ] xT=false
  D4 above=T1 pat=000 resclass=[ 4510, 410, 11 ] xT=false
  D4 above=T3 pat=000 resclass=[ 11, 5, 55 ] xT=false
  D4 above=T1 pat=000 resclass=[ 4510, 410, 11 ] xT=false
MEMBER stv 2 3/4 -3 shape=[ 1, 1, 2, 2 ] tors=[ 4, 4 ] order4=12 norm111=0 xTpass=0
  D4 above=T3 pat=000 resclass=[ 39, -7, -273 ] xT=false
  D4 above=T3 pat=000 resclass=[ 39, -7, -273 ] xT=false
  D4 above=T2 pat=000 resclass=[ 694155, -99165, -7 ] xT=false
  D4 above=T1 pat=000 resclass=[ 3008005, 694155, 39 ] xT=false
  D4 above=T2 pat=000 resclass=[ 694155, -99165, -7 ] xT=false
  D4 above=T1 pat=000 resclass=[ 3008005, 694155, 39 ] xT=false
  D4 above=T3 pat=000 resclass=[ 39, -7, -273 ] xT=false
  D4 above=T3 pat=000 resclass=[ 39, -7, -273 ] xT=false
  D4 above=T2 pat=000 resclass=[ 694155, -99165, -7 ] xT=false
  D4 above=T1 pat=000 resclass=[ 3008005, 694155, 39 ] xT=false
  D4 above=T2 pat=000 resclass=[ 694155, -99165, -7 ] xT=false
  D4 above=T1 pat=000 resclass=[ 3008005, 694155, 39 ] xT=false
MEMBER stv 3 2/3 -1 shape=[ 1, 1, 2, 2 ] tors=[ 4, 4 ] order4=12 norm111=0 xTpass=0
  D4 above=T2 pat=000 resclass=[ 1670, -334, -5 ] xT=false
  D4 above=T2 pat=000 resclass=[ 1670, -334, -5 ] xT=false
  D4 above=T1 pat=000 resclass=[ 18370, 1670, 11 ] xT=false
  D4 above=T3 pat=000 resclass=[ 11, -5, -55 ] xT=false
  D4 above=T1 pat=000 resclass=[ 18370, 1670, 11 ] xT=false
  D4 above=T3 pat=000 resclass=[ 11, -5, -55 ] xT=false
  D4 above=T2 pat=000 resclass=[ 1670, -334, -5 ] xT=false
  D4 above=T2 pat=000 resclass=[ 1670, -334, -5 ] xT=false
  D4 above=T1 pat=000 resclass=[ 18370, 1670, 11 ] xT=false
  D4 above=T3 pat=000 resclass=[ 11, -5, -55 ] xT=false
  D4 above=T1 pat=000 resclass=[ 18370, 1670, 11 ] xT=false
  D4 above=T3 pat=000 resclass=[ 11, -5, -55 ] xT=false
MEMBER stv 4 1/2 -1/3 shape=[ 1, 1, 2, 2 ] tors=[ 4, 4 ] order4=12 norm111=0 xTpass=0
  D4 above=T2 pat=000 resclass=[ 2743, -8229, -3 ] xT=false
  D4 above=T2 pat=000 resclass=[ 2743, -8229, -3 ] xT=false
  D4 above=T3 pat=000 resclass=[ 247, -3, -741 ] xT=false
  D4 above=T1 pat=000 resclass=[ 4009, 2743, 247 ] xT=false
  D4 above=T3 pat=000 resclass=[ 247, -3, -741 ] xT=false
  D4 above=T1 pat=000 resclass=[ 4009, 2743, 247 ] xT=false
  D4 above=T2 pat=000 resclass=[ 2743, -8229, -3 ] xT=false
  D4 above=T2 pat=000 resclass=[ 2743, -8229, -3 ] xT=false
  D4 above=T3 pat=000 resclass=[ 247, -3, -741 ] xT=false
  D4 above=T1 pat=000 resclass=[ 4009, 2743, 247 ] xT=false
  D4 above=T3 pat=000 resclass=[ 247, -3, -741 ] xT=false
  D4 above=T1 pat=000 resclass=[ 4009, 2743, 247 ] xT=false
MEMBER stv 9/2 5/2 -7/17 shape=[ 1, 1, 2, 2 ] tors=[ 4, 4 ] order4=12 norm111=0 xTpass=0
  D4 above=T1 pat=000 resclass=[ -555475323, 42728871, -13 ] xT=false
  D4 above=T1 pat=000 resclass=[ -555475323, 42728871, -13 ] xT=false
  D4 above=T3 pat=000 resclass=[ -13, 21, -273 ] xT=false
  D4 above=T2 pat=000 resclass=[ 42728871, 99700699, 21 ] xT=false
  D4 above=T3 pat=000 resclass=[ -13, 21, -273 ] xT=false
  D4 above=T2 pat=000 resclass=[ 42728871, 99700699, 21 ] xT=false
  D4 above=T1 pat=000 resclass=[ -555475323, 42728871, -13 ] xT=false
  D4 above=T1 pat=000 resclass=[ -555475323, 42728871, -13 ] xT=false
  D4 above=T3 pat=000 resclass=[ -13, 21, -273 ] xT=false
  D4 above=T2 pat=000 resclass=[ 42728871, 99700699, 21 ] xT=false
  D4 above=T3 pat=000 resclass=[ -13, 21, -273 ] xT=false
  D4 above=T2 pat=000 resclass=[ 42728871, 99700699, 21 ] xT=false
MEMBER stv 19/6 17/10 -5/2 shape=[ 1, 1, 2, 2 ] tors=[ 4, 4 ] order4=12 norm111=0 xTpass=0
  D4 above=T1 pat=000 resclass=[ -15854786229718506, -27288272046, 581011 ] xT=false
  D4 above=T1 pat=000 resclass=[ -15854786229718506, -27288272046, 581011 ] xT=false
  D4 above=T3 pat=000 resclass=[ 581011, 21, 12201231 ] xT=false
  D4 above=T2 pat=000 resclass=[ -27288272046, -1299441526, 21 ] xT=false
  D4 above=T3 pat=000 resclass=[ 581011, 21, 12201231 ] xT=false
  D4 above=T2 pat=000 resclass=[ -27288272046, -1299441526, 21 ] xT=false
  D4 above=T1 pat=000 resclass=[ -15854786229718506, -27288272046, 581011 ] xT=false
  D4 above=T1 pat=000 resclass=[ -15854786229718506, -27288272046, 581011 ] xT=false
  D4 above=T3 pat=000 resclass=[ 581011, 21, 12201231 ] xT=false
  D4 above=T2 pat=000 resclass=[ -27288272046, -1299441526, 21 ] xT=false
  D4 above=T3 pat=000 resclass=[ 581011, 21, 12201231 ] xT=false
  D4 above=T2 pat=000 resclass=[ -27288272046, -1299441526, 21 ] xT=false
MEMBER stv 9/8 17/14 -13/5 shape=[ 1, 1, 2, 2 ] tors=[ 4, 4 ] order4=12 norm111=0 xTpass=0
  D4 above=T1 pat=000 resclass=[ -9428513083509, -1605474364065, 17765 ] xT=false
  D4 above=T1 pat=000 resclass=[ -9428513083509, -1605474364065, 17765 ] xT=false
  D4 above=T3 pat=000 resclass=[ 17765, 93, 1652145 ] xT=false
  D4 above=T2 pat=000 resclass=[ -1605474364065, -17263165205, 93 ] xT=false
  D4 above=T3 pat=000 resclass=[ 17765, 93, 1652145 ] xT=false
  D4 above=T2 pat=000 resclass=[ -1605474364065, -17263165205, 93 ] xT=false
  D4 above=T1 pat=000 resclass=[ -9428513083509, -1605474364065, 17765 ] xT=false
  D4 above=T1 pat=000 resclass=[ -9428513083509, -1605474364065, 17765 ] xT=false
  D4 above=T3 pat=000 resclass=[ 17765, 93, 1652145 ] xT=false
  D4 above=T2 pat=000 resclass=[ -1605474364065, -17263165205, 93 ] xT=false
  D4 above=T3 pat=000 resclass=[ 17765, 93, 1652145 ] xT=false
  D4 above=T2 pat=000 resclass=[ -1605474364065, -17263165205, 93 ] xT=false
MEMBER stv 4/11 6 16/9 shape=[ 1, 1, 2, 2 ] tors=[ 4, 4 ] order4=12 norm111=0 xTpass=0
  D4 above=T2 pat=000 resclass=[ -4590782245, -131165207, 35 ] xT=false
  D4 above=T2 pat=000 resclass=[ -4590782245, -131165207, 35 ] xT=false
  D4 above=T1 pat=000 resclass=[ 680395245749205, -4590782245, -148209 ] xT=false
  D4 above=T3 pat=000 resclass=[ -148209, 35, -5187315 ] xT=false
  D4 above=T1 pat=000 resclass=[ 680395245749205, -4590782245, -148209 ] xT=false
  D4 above=T3 pat=000 resclass=[ -148209, 35, -5187315 ] xT=false
  D4 above=T2 pat=000 resclass=[ -4590782245, -131165207, 35 ] xT=false
  D4 above=T2 pat=000 resclass=[ -4590782245, -131165207, 35 ] xT=false
  D4 above=T1 pat=000 resclass=[ 680395245749205, -4590782245, -148209 ] xT=false
  D4 above=T3 pat=000 resclass=[ -148209, 35, -5187315 ] xT=false
  D4 above=T1 pat=000 resclass=[ 680395245749205, -4590782245, -148209 ] xT=false
  D4 above=T3 pat=000 resclass=[ -148209, 35, -5187315 ] xT=false
PART_DONE part=12
