MEMBER stv 1/4 2/3 -3/4 shape=[ 1, 1, 2, 2 ] tors=[ 4, 4 ] order4=12 norm111=0 xTpass=0
  D4 above=T2 pat=000 resclass=[ 404735, -80947, -5 ] xT=false
  D4 above=T2 pat=000 resclass=[ 404735, -80947, -5 ] xT=false
  D4 above=T3 pat=000 resclass=[ -319, -5, 1595 ] xT=false
  D4 above=T1 pat=000 resclass=[ -129110465, 404735, -319 ] xT=false
  D4 above=T3 pat=000 resclass=[ -319, -5, 1595 ] xT=false
  D4 above=T1 pat=000 resclass=[ -129110465, 404735, -319 ] xT=false
  D4 above=T2 pat=000 resclass=[ 404735, -80947, -5 ] xT=false
  D4 above=T2 pat=000 resclass=[ 404735, -80947, -5 ] xT=false
  D4 above=T3 pat=000 resclass=[ -319, -5, 1595 ] xT=false
  D4 above=T1 pat=000 resclass=[ -129110465, 404735, -319 ] xT=false
  D4 above=T3 pat=000 resclass=[ -319, -5, 1595 ] xT=false
  D4 above=T1 pat=000 resclass=[ -129110465, 404735, -319 ] xT=false
MEMBER stv 1/3 1/2 -1/4 shape=[ 1, 1, 2, 2 ] tors=[ 4, 4 ] order4=12 norm111=0 xTpass=0
  D4 above=T1 pat=000 resclass=[ -861, 55965, -65 ] xT=false
  D4 above=T1 pat=000 resclass=[ -861, 55965, -65 ] xT=false
  D4 above=T3 pat=000 resclass=[ -65, -3, 195 ] xT=false
  D4 above=T2 pat=000 resclass=[ 55965, -18655, -3 ] xT=false
  D4 above=T3 pat=000 resclass=[ -65, -3, 195 ] xT=false
  D4 above=T2 pat=000 resclass=[ 55965, -18655, -3 ] xT=false
  D4 above=T1 pat=000 resclass=[ -861, 55965, -65 ] xT=false
  D4 above=T1 pat=000 resclass=[ -861, 55965, -65 ] xT=false
  D4 above=T3 pat=000 resclass=[ -65, -3, 195 ] xT=false
  D4 above=T2 pat=000 resclass=[ 55965, -18655, -3 ] xT=false
  D4 above=T3 pat=000 resclass=[ -65, -3, 195 ] xT=false
  D4 above=T2 pat=000 resclass=[ 55965, -18655, -3 ] xT=false
MEMBER stv 1/2 1/4 -3/2 shape=[ 1, 1, 2, 2 ] tors=[ 4, 4 ] order4=12 norm111=0 xTpass=0
  D4 above=T2 pat=000 resclass=[ 22, -330, -15 ] xT=false
  D4 above=T2 pat=000 resclass=[ 22, -330, -15 ] xT=false
  D4 above=T3 pat=000 resclass=[ -161, -15, 2415 ] xT=false
  D4 above=T1 pat=000 resclass=[ -3542, 22, -161 ] xT=false
  D4 above=T3 pat=000 resclass=[ -161, -15, 2415 ] xT=false
  D4 above=T1 pat=000 resclass=[ -3542, 22, -161 ] xT=false
  D4 above=T2 pat=000 resclass=[ 22, -330, -15 ] xT=false
  D4 above=T2 pat=000 resclass=[ 22, -330, -15 ] xT=false
  D4 above=T3 pat=000 resclass=[ -161, -15, 2415 ] xT=false
  D4 above=T1 pat=000 resclass=[ -3542, 22, -161 ] xT=false
  D4 above=T3 pat=000 resclass=[ -161, -15, 2415 ] xT=false
  D4 above=T1 pat=000 resclass=[ -3542, 22, -161 ] xT=false
MEMBER stv 1/2 4 -2/3 shape=[ 1, 1, 2, 2 ] tors=[ 4, 4 ] order4=12 norm111=0 xTpass=0
  D4 above=T2 pat=000 resclass=[ -1930, -1158, 15 ] xT=false
  D4 above=T2 pat=000 resclass=[ -1930, -1158, 15 ] xT=false
  D4 above=T1 pat=000 resclass=[ 1735070, -1930, -899 ] xT=false
  D4 above=T3 pat=000 resclass=[ -899, 15, -13485 ] xT=false
  D4 above=T1 pat=000 resclass=[ 1735070, -1930, -899 ] xT=false
  D4 above=T3 pat=000 resclass=[ -899, 15, -13485 ] xT=false
  D4 above=T2 pat=000 resclass=[ -1930, -1158, 15 ] xT=false
  D4 above=T2 pat=000 resclass=[ -1930, -1158, 15 ] xT=false
  D4 above=T1 pat=000 resclass=[ 1735070, -1930, -899 ] xT=false
  D4 above=T3 pat=000 resclass=[ -899, 15, -13485 ] xT=false
  D4 above=T1 pat=000 resclass=[ 1735070, -1930, -899 ] xT=false
  D4 above=T3 pat=000 resclass=[ -899, 15, -13485 ] xT=false
MEMBER stv 2/3 2 -4 shape=[ 1, 1, 2, 2 ] tors=[ 4, 4 ] order4=12 norm111=0 xTpass=0
  D4 above=T2 pat=000 resclass=[ 357, 119, 3 ] xT=false
  D4 above=T2 pat=000 resclass=[ 357, 119, 3 ] xT=false
  D4 above=T3 pat=000 resclass=[ -77, 3, -231 ] xT=false
  D4 above=T1 pat=000 resclass=[ -561, 357, -77 ] xT=false
  D4 above=T3 pat=000 resclass=[ -77, 3, -231 ] xT=false
  D4 above=T1 pat=000 resclass=[ -561, 357, -77 ] xT=false
  D4 above=T2 pat=000 resclass=[ 357, 119, 3 ] xT=false
  D4 above=T2 pat=000 resclass=[ 357, 119, 3 ] xT=false
  D4 above=T3 pat=000 resclass=[ -77, 3, -231 ] xT=false
  D4 above=T1 pat=000 resclass=[ -561, 357, -77 ] xT=false
  D4 above=T3 pat=000 resclass=[ -77, 3, -231 ] xT=false
  D4 above=T1 pat=000 resclass=[ -561, 357, -77 ] xT=false
MEMBER stv 3/4 3/2 -4/3 shape=[ 1, 1, 2, 2 ] tors=[ 4, 4 ] order4=12 norm111=0 xTpass=0
  D4 above=T1 pat=000 resclass=[ 15, -15, -1 ] xT=false
  D4 above=T1 pat=000 resclass=[ 15, -15, -1 ] xT=false
  D4 above=T3 pat=000 resclass=[ -1, 5, -5 ] xT=false
  D4 above=T2 pat=000 resclass=[ -15, -3, 5 ] xT=false
  D4 above=T3 pat=000 resclass=[ -1, 5, -5 ] xT=false
  D4 above=T2 pat=000 resclass=[ -15, -3, 5 ] xT=false
  D4 above=T1 pat=000 resclass=[ 15, -15, -1 ] xT=false
  D4 above=T1 pat=000 resclass=[ 15, -15, -1 ] xT=false
  D4 above=T3 pat=000 resclass=[ -1, 5, -5 ] xT=false
  D4 above=T2 pat=000 resclass=[ -15, -3, 5 ] xT=false
  D4 above=T3 pat=000 resclass=[ -1, 5, -5 ] xT=false
  D4 above=T2 pat=000 resclass=[ -15, -3, 5 ] xT=false
MEMBER stv 1 4/3 -1/2 shape=[ 1, 1, 2, 2 ] tors=[ 4, 4 ] order4=12 norm111=0 xTpass=0
  D4 above=T2 pat=000 resclass=[ -2702, -386, 7 ] xT=false
  D4 above=T2 pat=000 resclass=[ -2702, -386, 7 ] xT=false
  D4 above=T3 pat=000 resclass=[ 2, 7, 14 ] xT=false
  D4 above=T1 pat=000 resclass=[ -1351, -2702, 2 ] xT=false
  D4 above=T3 pat=000 resclass=[ 2, 7, 14 ] xT=false
  D4 above=T1 pat=000 resclass=[ -1351, -2702, 2 ] xT=false
  D4 above=T2 pat=000 resclass=[ -2702, -386, 7 ] xT=false
  D4 above=T2 pat=000 resclass=[ -2702, -386, 7 ] xT=false
  D4 above=T3 pat=000 resclass=[ 2, 7, 14 ] xT=false
  D4 above=T1 pat=000 resclass=[ -1351, -2702, 2 ] xT=false
  D4 above=T3 pat=000 resclass=[ 2, 7, 14 ] xT=false
  D4 above=T1 pat=000 resclass=[ -1351, -2702, 2 ] xT=false
MEMBER stv 4/3 2/3 -3 shape=[ 1, 1, 2, 2 ] tors=[ 4, 4 ] order4=12 norm111=0 xTpass=0
  D4 above=T2 pat=000 resclass=[ 26715, -5343, -5 ] xT=false
  D4 above=T2 pat=000 resclass=[ 26715, -5343, -5 ] xT=false
  D4 above=T1 pat=000 resclass=[ 3179085, 26715, 119 ] xT=false
  D4 above=T3 pat=000 resclass=[ 119, -5, -595 ] xT=false
  D4 above=T1 pat=000 resclass=[ 3179085, 26715, 119 ] xT=false
  D4 above=T3 pat=000 resclass=[ 119, -5, -595 ] xT=false
  D4 above=T2 pat=000 resclass=[ 26715, -5343, -5 ] xT=false
  D4 above=T2 pat=000 resclass=[ 26715, -5343, -5 ] xT=false
  D4 above=T1 pat=000 resclass=[ 3179085, 26715, 119 ] xT=false
  D4 above=T3 pat=000 resclass=[ 119, -5, -595 ] xT=false
  D4 above=T1 pat=000 resclass=[ 3179085, 26715, 119 ] xT=false
  D4 above=T3 pat=000 resclass=[ 119, -5, -595 ] xT=false
MEMBER stv 3/2 1/2 -1 shape=[ 1, 1, 2, 2 ] tors=[ 4, 4 ] order4=12 norm111=0 xTpass=0
  D4 above=T2 pat=000 resclass=[ 345, -115, -3 ] xT=false
  D4 above=T2 pat=000 resclass=[ 345, -115, -3 ] xT=false
  D4 above=T3 pat=000 resclass=[ 3, -3, -1 ] xT=false
  D4 above=T1 pat=000 resclass=[ 115, 345, 3 ] xT=false
  D4 above=T3 pat=000 resclass=[ 3, -3, -1 ] xT=false
  D4 above=T1 pat=000 resclass=[ 115, 345, 3 ] xT=false
  D4 above=T2 pat=000 resclass=[ 345, -115, -3 ] xT=false
  D4 above=T2 pat=000 resclass=[ 345, -115, -3 ] xT=false
  D4 above=T3 pat=000 resclass=[ 3, -3, -1 ] xT=false
  D4 above=T1 pat=000 resclass=[ 115, 345, 3 ] xT=false
  D4 above=T3 pat=000 resclass=[ 3, -3, -1 ] xT=false
  D4 above=T1 pat=000 resclass=[ 115, 345, 3 ] xT=false
MEMBER stv 2 1/3 -1/3 shape=[ 1, 1, 2, 2 ] tors=[ 4, 4 ] order4=12 norm111=0 xTpass=0
  D4 above=T3 pat=000 resclass=[ 65, -2, -130 ] xT=false
  D4 above=T3 pat=000 resclass=[ 65, -2, -130 ] xT=false
  D4 above=T2 pat=000 resclass=[ 534, -267, -2 ] xT=false
  D4 above=T1 pat=000 resclass=[ 34710, 534, 65 ] xT=false
  D4 above=T2 pat=000 resclass=[ 534, -267, -2 ] xT=false
  D4 above=T1 pat=000 resclass=[ 34710, 534, 65 ] xT=false
  D4 above=T3 pat=000 resclass=[ 65, -2, -130 ] xT=false
  D4 above=T3 pat=000 resclass=[ 65, -2, -130 ] xT=false
  D4 above=T2 pat=000 resclass=[ 534, -267, -2 ] xT=false
  D4 above=T1 pat=000 resclass=[ 34710, 534, 65 ] xT=false
  D4 above=T2 pat=000 resclass=[ 534, -267, -2 ] xT=false
  D4 above=T1 pat=000 resclass=[ 34710, 534, 65 ] xT=false
MEMBER stv 2 4 -2 shape=[ 1, 1, 2, 2 ] tors=[ 4, 4 ] order4=12 norm111=0 xTpass=0
  D4 above=T2 pat=000 resclass=[ 99330, 6622, 15 ] xT=false
  D4 above=T2 pat=000 resclass=[ 99330, 6622, 15 ] xT=false
  D4 above=T1 pat=000 resclass=[ -21951930, 99330, -221 ] xT=false
  D4 above=T3 pat=000 resclass=[ -221, 15, -3315 ] xT=false
  D4 above=T1 pat=000 resclass=[ -21951930, 99330, -221 ] xT=false
  D4 above=T3 pat=000 resclass=[ -221, 15, -3315 ] xT=false
  D4 above=T2 pat=000 resclass=[ 99330, 6622, 15 ] xT=false
  D4 above=T2 pat=000 resclass=[ 99330, 6622, 15 ] xT=false
  D4 above=T1 pat=000 resclass=[ -21951930, 99330, -221 ] xT=false
  D4 above=T3 pat=000 resclass=[ -221, 15, -3315 ] xT=false
  D4 above=T1 pat=000 resclass=[ -21951930, 99330, -221 ] xT=false
  D4 above=T3 pat=000 resclass=[ -221, 15, -3315 ] xT=false
MEMBER stv 3 3 -3/4 shape=[ 1, 1, 2, 2 ] tors=[ 4, 4 ] order4=12 norm111=0 xTpass=0
  D4 above=T1 pat=000 resclass=[ -1464870, 26634, -55 ] xT=false
  D4 above=T1 pat=000 resclass=[ -1464870, 26634, -55 ] xT=false
  D4 above=T3 pat=000 resclass=[ -55, 2, -110 ] xT=false
  D4 above=T2 pat=000 resclass=[ 26634, 13317, 2 ] xT=false
  D4 above=T3 pat=000 resclass=[ -55, 2, -110 ] xT=false
  D4 above=T2 pat=000 resclass=[ 26634, 13317, 2 ] xT=false
  D4 above=T1 pat=000 resclass=[ -1464870, 26634, -55 ] xT=false
  D4 above=T1 pat=000 resclass=[ -1464870, 26634, -55 ] xT=false
  D4 above=T3 pat=000 resclass=[ -55, 2, -110 ] xT=false
  D4 above=T2 pat=000 resclass=[ 26634, 13317, 2 ] xT=false
  D4 above=T3 pat=000 resclass=[ -55, 2, -110 ] xT=false
  D4 above=T2 pat=000 resclass=[ 26634, 13317, 2 ] xT=false
MEMBER stv 4 2 -1/4 INVALID
MEMBER stv 13/8 7/5 -1 shape=[ 1, 1, 2, 2 ] tors=[ 4, 4 ] order4=12 norm111=0 xTpass=0
  D4 above=T3 pat=000 resclass=[ 68761, 6, 412566 ] xT=false
  D4 above=T3 pat=000 resclass=[ 68761, 6, 412566 ] xT=false
  D4 above=T2 pat=000 resclass=[ 170, 255, 6 ] xT=false
  D4 above=T1 pat=000 resclass=[ 11689370, 170, 68761 ] xT=false
  D4 above=T2 pat=000 resclass=[ 170, 255, 6 ] xT=false
  D4 above=T1 pat=000 resclass=[ 11689370, 170, 68761 ] xT=false
  D4 above=T3 pat=000 resclass=[ 68761, 6, 412566 ] xT=false
  D4 above=T3 pat=000 resclass=[ 68761, 6, 412566 ] xT=false
  D4 above=T2 pat=000 resclass=[ 170, 255, 6 ] xT=false
  D4 above=T1 pat=000 resclass=[ 11689370, 170, 68761 ] xT=false
  D4 above=T2 pat=000 resclass=[ 170, 255, 6 ] xT=false
  D4 above=T1 pat=000 resclass=[ 11689370, 170, 68761 ] xT=false
MEMBER stv 15/8 9 1/4 shape=[ 1, 1, 2, 2 ] tors=[ 4, 4 ] order4=12 norm111=0 xTpass=0
  D4 above=T1 pat=000 resclass=[ 7498309, -286195, -655 ] xT=false
  D4 above=T1 pat=000 resclass=[ 7498309, -286195, -655 ] xT=false
  D4 above=T3 pat=000 resclass=[ -655, 5, -131 ] xT=false
  D4 above=T2 pat=000 resclass=[ -286195, -57239, 5 ] xT=false
  D4 above=T3 pat=000 resclass=[ -655, 5, -131 ] xT=false
  D4 above=T2 pat=000 resclass=[ -286195, -57239, 5 ] xT=false
  D4 above=T1 pat=000 resclass=[ 7498309, -286195, -655 ] xT=false
  D4 above=T1 pat=000 resclass=[ 7498309, -286195, -655 ] xT=false
  D4 above=T3 pat=000 resclass=[ -655, 5, -131 ] xT=false
  D4 above=T2 pat=000 resclass=[ -286195, -57239, 5 ] xT=false
  D4 above=T3 pat=000 resclass=[ -655, 5, -131 ] xT=false
  D4 above=T2 pat=000 resclass=[ -286195, -57239, 5 ] xT=false
MEMBER stv 19/2 9/4 15/4 shape=[ 1, 1, 2, 2 ] tors=[ 4, 4 ] order4=12 norm111=0 xTpass=0
  D4 above=T3 pat=000 resclass=[ 18879, 65, 1227135 ] xT=false
  D4 above=T3 pat=000 resclass=[ 18879, 65, 1227135 ] xT=false
  D4 above=T1 pat=000 resclass=[ 119344235521511, 56893803681, 18879 ] xT=false
  D4 above=T2 pat=000 resclass=[ 56893803681, 21882232185, 65 ] xT=false
  D4 above=T1 pat=000 resclass=[ 119344235521511, 56893803681, 18879 ] xT=false
  D4 above=T2 pat=000 resclass=[ 56893803681, 21882232185, 65 ] xT=false
  D4 above=T3 pat=000 resclass=[ 18879, 65, 1227135 ] xT=false
  D4 above=T3 pat=000 resclass=[ 18879, 65, 1227135 ] xT=false
  D4 above=T1 pat=000 resclass=[ 119344235521511, 56893803681, 18879 ] xT=false
  D4 above=T2 pat=000 resclass=[ 56893803681, 21882232185, 65 ] xT=false
  D4 above=T1 pat=000 resclass=[ 119344235521511, 56893803681, 18879 ] xT=false
  D4 above=T2 pat=000 resclass=[ 56893803681, 21882232185, 65 ] xT=false
PART_DONE part=120
