MEMBER stv 1/4 2/3 1 shape=[ 1, 1, 2, 2 ] tors=[ 4, 4 ] order4=12 norm111=0 xTpass=0
  D4 above=T2 pat=000 resclass=[ -144245, 28849, -5 ] xT=false
  D4 above=T2 pat=000 resclass=[ -144245, 28849, -5 ] xT=false
  D4 above=T3 pat=000 resclass=[ -319, -5, 1595 ] xT=false
  D4 above=T1 pat=000 resclass=[ 46014155, -144245, -319 ] xT=false
  D4 above=T3 pat=000 resclass=[ -319, -5, 1595 ] xT=false
  D4 above=T1 pat=000 resclass=[ 46014155, -144245, -319 ] xT=false
  D4 above=T2 pat=000 resclass=[ -144245, 28849, -5 ] xT=false
  D4 above=T2 pat=000 resclass=[ -144245, 28849, -5 ] xT=false
  D4 above=T3 pat=000 resclass=[ -319, -5, 1595 ] xT=false
  D4 above=T1 pat=000 resclass=[ 46014155, -144245, -319 ] xT=false
  D4 above=T3 pat=000 resclass=[ -319, -5, 1595 ] xT=false
  D4 above=T1 pat=000 resclass=[ 46014155, -144245, -319 ] xT=false
MEMBER stv 1/3 1/2 1/3 shape=[ 1, 1, 2, 2 ] tors=[ 4, 4 ] order4=12 norm111=0 xTpass=0
  D4 above=T2 pat=000 resclass=[ -133, 399, -3 ] xT=false
  D4 above=T2 pat=000 resclass=[ -133, 399, -3 ] xT=false
  D4 above=T3 pat=000 resclass=[ -65, -3, 195 ] xT=false
  D4 above=T1 pat=000 resclass=[ 8645, -133, -65 ] xT=false
  D4 above=T3 pat=000 resclass=[ -65, -3, 195 ] xT=false
  D4 above=T1 pat=000 resclass=[ 8645, -133, -65 ] xT=false
  D4 above=T2 pat=000 resclass=[ -133, 399, -3 ] xT=false
  D4 above=T2 pat=000 resclass=[ -133, 399, -3 ] xT=false
  D4 above=T3 pat=000 resclass=[ -65, -3, 195 ] xT=false
  D4 above=T1 pat=000 resclass=[ 8645, -133, -65 ] xT=false
  D4 above=T3 pat=000 resclass=[ -65, -3, 195 ] xT=false
  D4 above=T1 pat=000 resclass=[ 8645, -133, -65 ] xT=false
MEMBER stv 1/2 1/4 2 shape=[ 1, 1, 2, 2 ] tors=[ 4, 4 ] order4=12 norm111=0 xTpass=0
  D4 above=T2 pat=000 resclass=[ -230, 138, -15 ] xT=false
  D4 above=T2 pat=000 resclass=[ -230, 138, -15 ] xT=false
  D4 above=T1 pat=000 resclass=[ 70, -230, -161 ] xT=false
  D4 above=T3 pat=000 resclass=[ -161, -15, 2415 ] xT=false
  D4 above=T1 pat=000 resclass=[ 70, -230, -161 ] xT=false
  D4 above=T3 pat=000 resclass=[ -161, -15, 2415 ] xT=false
  D4 above=T2 pat=000 resclass=[ -230, 138, -15 ] xT=false
  D4 above=T2 pat=000 resclass=[ -230, 138, -15 ] xT=false
  D4 above=T1 pat=000 resclass=[ 70, -230, -161 ] xT=false
  D4 above=T3 pat=000 resclass=[ -161, -15, 2415 ] xT=false
  D4 above=T1 pat=000 resclass=[ 70, -230, -161 ] xT=false
  D4 above=T3 pat=000 resclass=[ -161, -15, 2415 ] xT=false
MEMBER stv 1/2 4 3/4 shape=[ 1, 1, 2, 2 ] tors=[ 4, 4 ] order4=12 norm111=0 xTpass=0
  D4 above=T2 pat=000 resclass=[ -271795, -163077, 15 ] xT=false
  D4 above=T2 pat=000 resclass=[ -271795, -163077, 15 ] xT=false
  D4 above=T3 pat=000 resclass=[ -899, 15, -13485 ] xT=false
  D4 above=T1 pat=000 resclass=[ 244343705, -271795, -899 ] xT=false
  D4 above=T3 pat=000 resclass=[ -899, 15, -13485 ] xT=false
  D4 above=T1 pat=000 resclass=[ 244343705, -271795, -899 ] xT=false
  D4 above=T2 pat=000 resclass=[ -271795, -163077, 15 ] xT=false
  D4 above=T2 pat=000 resclass=[ -271795, -163077, 15 ] xT=false
  D4 above=T3 pat=000 resclass=[ -899, 15, -13485 ] xT=false
  D4 above=T1 pat=000 resclass=[ 244343705, -271795, -899 ] xT=false
  D4 above=T3 pat=000 resclass=[ -899, 15, -13485 ] xT=false
  D4 above=T1 pat=000 resclass=[ 244343705, -271795, -899 ] xT=false
MEMBER stv 2/3 3 1/4 shape=[ 1, 1, 2, 2 ] tors=[ 4, 4 ] order4=12 norm111=0 xTpass=0
  D4 above=T2 pat=000 resclass=[ -190, -95, 2 ] xT=false
  D4 above=T2 pat=000 resclass=[ -190, -95, 2 ] xT=false
  D4 above=T3 pat=000 resclass=[ -143, 2, -286 ] xT=false
  D4 above=T1 pat=000 resclass=[ 27170, -190, -143 ] xT=false
  D4 above=T3 pat=000 resclass=[ -143, 2, -286 ] xT=false
  D4 above=T1 pat=000 resclass=[ 27170, -190, -143 ] xT=false
  D4 above=T2 pat=000 resclass=[ -190, -95, 2 ] xT=false
  D4 above=T2 pat=000 resclass=[ -190, -95, 2 ] xT=false
  D4 above=T3 pat=000 resclass=[ -143, 2, -286 ] xT=false
  D4 above=T1 pat=000 resclass=[ 27170, -190, -143 ] xT=false
  D4 above=T3 pat=000 resclass=[ -143, 2, -286 ] xT=false
  D4 above=T1 pat=000 resclass=[ 27170, -190, -143 ] xT=false
MEMBER stv 3/4 3/2 3/2 shape=[ 1, 1, 2, 2 ] tors=[ 4, 4 ] order4=12 norm111=0 xTpass=0
  D4 above=T3 pat=000 resclass=[ -1, 5, -5 ] xT=false
  D4 above=T3 pat=000 resclass=[ -1, 5, -5 ] xT=false
  D4 above=T1 pat=000 resclass=[ 33630, -33630, -1 ] xT=false
  D4 above=T2 pat=000 resclass=[ -33630, -6726, 5 ] xT=false
  D4 above=T1 pat=000 resclass=[ 33630, -33630, -1 ] xT=false
  D4 above=T2 pat=000 resclass=[ -33630, -6726, 5 ] xT=false
  D4 above=T3 pat=000 resclass=[ -1, 5, -5 ] xT=false
  D4 above=T3 pat=000 resclass=[ -1, 5, -5 ] xT=false
  D4 above=T1 pat=000 resclass=[ 33630, -33630, -1 ] xT=false
  D4 above=T2 pat=000 resclass=[ -33630, -6726, 5 ] xT=false
  D4 above=T1 pat=000 resclass=[ 33630, -33630, -1 ] xT=false
  D4 above=T2 pat=000 resclass=[ -33630, -6726, 5 ] xT=false
MEMBER stv 1 4/3 2/3 shape=[ 1, 1, 2, 2 ] tors=[ 4, 4 ] order4=12 norm111=0 xTpass=0
  D4 above=T2 pat=000 resclass=[ 38010, 5430, 7 ] xT=false
  D4 above=T2 pat=000 resclass=[ 38010, 5430, 7 ] xT=false
  D4 above=T3 pat=000 resclass=[ 2, 7, 14 ] xT=false
  D4 above=T1 pat=000 resclass=[ 19005, 38010, 2 ] xT=false
  D4 above=T3 pat=000 resclass=[ 2, 7, 14 ] xT=false
  D4 above=T1 pat=000 resclass=[ 19005, 38010, 2 ] xT=false
  D4 above=T2 pat=000 resclass=[ 38010, 5430, 7 ] xT=false
  D4 above=T2 pat=000 resclass=[ 38010, 5430, 7 ] xT=false
  D4 above=T3 pat=000 resclass=[ 2, 7, 14 ] xT=false
  D4 above=T1 pat=000 resclass=[ 19005, 38010, 2 ] xT=false
  D4 above=T3 pat=000 resclass=[ 2, 7, 14 ] xT=false
  D4 above=T1 pat=000 resclass=[ 19005, 38010, 2 ] xT=false
MEMBER stv 4/3 2/3 4 shape=[ 1, 1, 2, 2 ] tors=[ 4, 4 ] order4=12 norm111=0 xTpass=0
  D4 above=T3 pat=000 resclass=[ 119, -5, -595 ] xT=false
  D4 above=T3 pat=000 resclass=[ 119, -5, -595 ] xT=false
  D4 above=T1 pat=000 resclass=[ -32011595, -269005, 119 ] xT=false
  D4 above=T2 pat=000 resclass=[ -269005, 53801, -5 ] xT=false
  D4 above=T1 pat=000 resclass=[ -32011595, -269005, 119 ] xT=false
  D4 above=T2 pat=000 resclass=[ -269005, 53801, -5 ] xT=false
  D4 above=T3 pat=000 resclass=[ 119, -5, -595 ] xT=false
  D4 above=T3 pat=000 resclass=[ 119, -5, -595 ] xT=false
  D4 above=T1 pat=000 resclass=[ -32011595, -269005, 119 ] xT=false
  D4 above=T2 pat=000 resclass=[ -269005, 53801, -5 ] xT=false
  D4 above=T1 pat=000 resclass=[ -32011595, -269005, 119 ] xT=false
  D4 above=T2 pat=000 resclass=[ -269005, 53801, -5 ] xT=false
MEMBER stv 3/2 1/2 4/3 shape=[ 1, 1, 2, 2 ] tors=[ 4, 4 ] order4=12 norm111=0 xTpass=0
  D4 above=T3 pat=000 resclass=[ 3, -3, -1 ] xT=false
  D4 above=T3 pat=000 resclass=[ 3, -3, -1 ] xT=false
  D4 above=T2 pat=000 resclass=[ -17, 51, -3 ] xT=false
  D4 above=T1 pat=000 resclass=[ -51, -17, 3 ] xT=false
  D4 above=T2 pat=000 resclass=[ -17, 51, -3 ] xT=false
  D4 above=T1 pat=000 resclass=[ -51, -17, 3 ] xT=false
  D4 above=T3 pat=000 resclass=[ 3, -3, -1 ] xT=false
  D4 above=T3 pat=000 resclass=[ 3, -3, -1 ] xT=false
  D4 above=T2 pat=000 resclass=[ -17, 51, -3 ] xT=false
  D4 above=T1 pat=000 resclass=[ -51, -17, 3 ] xT=false
  D4 above=T2 pat=000 resclass=[ -17, 51, -3 ] xT=false
  D4 above=T1 pat=000 resclass=[ -51, -17, 3 ] xT=false
MEMBER stv 2 1/3 1/2 shape=[ 1, 1, 2, 2 ] tors=[ 4, 4 ] order4=12 norm111=0 xTpass=0
  D4 above=T1 pat=000 resclass=[ -285, -741, 65 ] xT=false
  D4 above=T1 pat=000 resclass=[ -285, -741, 65 ] xT=false
  D4 above=T3 pat=000 resclass=[ 65, -2, -130 ] xT=false
  D4 above=T2 pat=000 resclass=[ -741, 1482, -2 ] xT=false
  D4 above=T3 pat=000 resclass=[ 65, -2, -130 ] xT=false
  D4 above=T2 pat=000 resclass=[ -741, 1482, -2 ] xT=false
  D4 above=T1 pat=000 resclass=[ -285, -741, 65 ] xT=false
  D4 above=T1 pat=000 resclass=[ -285, -741, 65 ] xT=false
  D4 above=T3 pat=000 resclass=[ 65, -2, -130 ] xT=false
  D4 above=T2 pat=000 resclass=[ -741, 1482, -2 ] xT=false
  D4 above=T3 pat=000 resclass=[ 65, -2, -130 ] xT=false
  D4 above=T2 pat=000 resclass=[ -741, 1482, -2 ] xT=false
MEMBER stv 2 4 3 shape=[ 1, 1, 2, 2 ] tors=[ 4, 4 ] order4=12 norm111=0 xTpass=0
  D4 above=T1 pat=000 resclass=[ 60095, -45955, -221 ] xT=false
  D4 above=T1 pat=000 resclass=[ 60095, -45955, -221 ] xT=false
  D4 above=T2 pat=000 resclass=[ -45955, -27573, 15 ] xT=false
  D4 above=T3 pat=000 resclass=[ -221, 15, -3315 ] xT=false
  D4 above=T2 pat=000 resclass=[ -45955, -27573, 15 ] xT=false
  D4 above=T3 pat=000 resclass=[ -221, 15, -3315 ] xT=false
  D4 above=T1 pat=000 resclass=[ 60095, -45955, -221 ] xT=false
  D4 above=T1 pat=000 resclass=[ 60095, -45955, -221 ] xT=false
  D4 above=T2 pat=000 resclass=[ -45955, -27573, 15 ] xT=false
  D4 above=T3 pat=000 resclass=[ -221, 15, -3315 ] xT=false
  D4 above=T2 pat=000 resclass=[ -45955, -27573, 15 ] xT=false
  D4 above=T3 pat=000 resclass=[ -221, 15, -3315 ] xT=false
MEMBER stv 3 3 1 shape=[ 1, 1, 2, 2 ] tors=[ 4, 4 ] order4=12 norm111=0 xTpass=0
  D4 above=T1 pat=000 resclass=[ 682, -310, -55 ] xT=false
  D4 above=T1 pat=000 resclass=[ 682, -310, -55 ] xT=false
  D4 above=T2 pat=000 resclass=[ -310, -155, 2 ] xT=false
  D4 above=T3 pat=000 resclass=[ -55, 2, -110 ] xT=false
  D4 above=T2 pat=000 resclass=[ -310, -155, 2 ] xT=false
  D4 above=T3 pat=000 resclass=[ -55, 2, -110 ] xT=false
  D4 above=T1 pat=000 resclass=[ 682, -310, -55 ] xT=false
  D4 above=T1 pat=000 resclass=[ 682, -310, -55 ] xT=false
  D4 above=T2 pat=000 resclass=[ -310, -155, 2 ] xT=false
  D4 above=T3 pat=000 resclass=[ -55, 2, -110 ] xT=false
  D4 above=T2 pat=000 resclass=[ -310, -155, 2 ] xT=false
  D4 above=T3 pat=000 resclass=[ -55, 2, -110 ] xT=false
MEMBER stv 4 2 1/3 shape=[ 1, 1, 2, 2 ] tors=[ 4, 4 ] order4=12 norm111=0 xTpass=0
  D4 above=T3 pat=000 resclass=[ 7, 3, 21 ] xT=false
  D4 above=T3 pat=000 resclass=[ 7, 3, 21 ] xT=false
  D4 above=T2 pat=000 resclass=[ 133, 399, 3 ] xT=false
  D4 above=T1 pat=000 resclass=[ 19, 133, 7 ] xT=false
  D4 above=T2 pat=000 resclass=[ 133, 399, 3 ] xT=false
  D4 above=T1 pat=000 resclass=[ 19, 133, 7 ] xT=false
  D4 above=T3 pat=000 resclass=[ 7, 3, 21 ] xT=false
  D4 above=T3 pat=000 resclass=[ 7, 3, 21 ] xT=false
  D4 above=T2 pat=000 resclass=[ 133, 399, 3 ] xT=false
  D4 above=T1 pat=000 resclass=[ 19, 133, 7 ] xT=false
  D4 above=T2 pat=000 resclass=[ 133, 399, 3 ] xT=false
  D4 above=T1 pat=000 resclass=[ 19, 133, 7 ] xT=false
MEMBER stv 4/17 5/16 3/4 shape=[ 1, 1, 2, 2 ] tors=[ 4, 4 ] order4=12 norm111=0 xTpass=0
  D4 above=T3 pat=000 resclass=[ -14372753, -231, 3320105943 ] xT=false
  D4 above=T3 pat=000 resclass=[ -14372753, -231, 3320105943 ] xT=false
  D4 above=T1 pat=000 resclass=[ 570461799471101461, -39690503237, -14372753 ] xT=false
  D4 above=T2 pat=000 resclass=[ -39690503237, 1546383243, -231 ] xT=false
  D4 above=T1 pat=000 resclass=[ 570461799471101461, -39690503237, -14372753 ] xT=false
  D4 above=T2 pat=000 resclass=[ -39690503237, 1546383243, -231 ] xT=false
  D4 above=T3 pat=000 resclass=[ -14372753, -231, 3320105943 ] xT=false
  D4 above=T3 pat=000 resclass=[ -14372753, -231, 3320105943 ] xT=false
  D4 above=T1 pat=000 resclass=[ 570461799471101461, -39690503237, -14372753 ] xT=false
  D4 above=T2 pat=000 resclass=[ -39690503237, 1546383243, -231 ] xT=false
  D4 above=T1 pat=000 resclass=[ 570461799471101461, -39690503237, -14372753 ] xT=false
  D4 above=T2 pat=000 resclass=[ -39690503237, 1546383243, -231 ] xT=false
MEMBER stv 5 3/4 3/4 shape=[ 1, 1, 2, 2 ] tors=[ 4, 4 ] order4=12 norm111=0 xTpass=0
  D4 above=T2 pat=000 resclass=[ -33865167, 4837881, -7 ] xT=false
  D4 above=T2 pat=000 resclass=[ -33865167, 4837881, -7 ] xT=false
  D4 above=T3 pat=000 resclass=[ 6351, -7, -44457 ] xT=false
  D4 above=T1 pat=000 resclass=[ -23897519513, -33865167, 6351 ] xT=false
  D4 above=T3 pat=000 resclass=[ 6351, -7, -44457 ] xT=false
  D4 above=T1 pat=000 resclass=[ -23897519513, -33865167, 6351 ] xT=false
  D4 above=T2 pat=000 resclass=[ -33865167, 4837881, -7 ] xT=false
  D4 above=T2 pat=000 resclass=[ -33865167, 4837881, -7 ] xT=false
  D4 above=T3 pat=000 resclass=[ 6351, -7, -44457 ] xT=false
  D4 above=T1 pat=000 resclass=[ -23897519513, -33865167, 6351 ] xT=false
  D4 above=T3 pat=000 resclass=[ 6351, -7, -44457 ] xT=false
  D4 above=T1 pat=000 resclass=[ -23897519513, -33865167, 6351 ] xT=false
MEMBER stv 17/15 4/3 -12/7 shape=[ 1, 1, 2, 2 ] tors=[ 4, 4 ] order4=12 norm111=0 xTpass=0
  D4 above=T1 pat=000 resclass=[ 898807758, 10451253, 86 ] xT=false
  D4 above=T1 pat=000 resclass=[ 898807758, 10451253, 86 ] xT=false
  D4 above=T2 pat=000 resclass=[ 10451253, 73158771, 7 ] xT=false
  D4 above=T3 pat=000 resclass=[ 86, 7, 602 ] xT=false
  D4 above=T2 pat=000 resclass=[ 10451253, 73158771, 7 ] xT=false
  D4 above=T3 pat=000 resclass=[ 86, 7, 602 ] xT=false
  D4 above=T1 pat=000 resclass=[ 898807758, 10451253, 86 ] xT=false
  D4 above=T1 pat=000 resclass=[ 898807758, 10451253, 86 ] xT=false
  D4 above=T2 pat=000 resclass=[ 10451253, 73158771, 7 ] xT=false
  D4 above=T3 pat=000 resclass=[ 86, 7, 602 ] xT=false
  D4 above=T2 pat=000 resclass=[ 10451253, 73158771, 7 ] xT=false
  D4 above=T3 pat=000 resclass=[ 86, 7, 602 ] xT=false
PART_DONE part=121
