MEMBER stv 1/4 2/3 4/3 shape=[ 1, 1, 2, 2 ] tors=[ 4, 4 ] order4=12 norm111=0 xTpass=0
  D4 above=T2 pat=000 resclass=[ -267735, 53547, -5 ] xT=false
  D4 above=T2 pat=000 resclass=[ -267735, 53547, -5 ] xT=false
  D4 above=T3 pat=000 resclass=[ -319, -5, 1595 ] xT=false
  D4 above=T1 pat=000 resclass=[ 85407465, -267735, -319 ] xT=false
  D4 above=T3 pat=000 resclass=[ -319, -5, 1595 ] xT=false
  D4 above=T1 pat=000 resclass=[ 85407465, -267735, -319 ] xT=false
  D4 above=T2 pat=000 resclass=[ -267735, 53547, -5 ] xT=false
  D4 above=T2 pat=000 resclass=[ -267735, 53547, -5 ] xT=false
  D4 above=T3 pat=000 resclass=[ -319, -5, 1595 ] xT=false
  D4 above=T1 pat=000 resclass=[ 85407465, -267735, -319 ] xT=false
  D4 above=T3 pat=000 resclass=[ -319, -5, 1595 ] xT=false
  D4 above=T1 pat=000 resclass=[ 85407465, -267735, -319 ] xT=false
MEMBER stv 1/3 1/2 1/2 shape=[ 1, 1, 2, 2 ] tors=[ 4, 4 ] order4=12 norm111=0 xTpass=0
  D4 above=T1 pat=000 resclass=[ 2452710, -37734, -65 ] xT=false
  D4 above=T1 pat=000 resclass=[ 2452710, -37734, -65 ] xT=false
  D4 above=T2 pat=000 resclass=[ -37734, 12578, -3 ] xT=false
  D4 above=T3 pat=000 resclass=[ -65, -3, 195 ] xT=false
  D4 above=T2 pat=000 resclass=[ -37734, 12578, -3 ] xT=false
  D4 above=T3 pat=000 resclass=[ -65, -3, 195 ] xT=false
  D4 above=T1 pat=000 resclass=[ 2452710, -37734, -65 ] xT=false
  D4 above=T1 pat=000 resclass=[ 2452710, -37734, -65 ] xT=false
  D4 above=T2 pat=000 resclass=[ -37734, 12578, -3 ] xT=false
  D4 above=T3 pat=000 resclass=[ -65, -3, 195 ] xT=false
  D4 above=T2 pat=000 resclass=[ -37734, 12578, -3 ] xT=false
  D4 above=T3 pat=000 resclass=[ -65, -3, 195 ] xT=false
MEMBER stv 1/2 1/4 3 shape=[ 1, 1, 2, 2 ] tors=[ 4, 4 ] order4=12 norm111=0 xTpass=0
  D4 above=T1 pat=000 resclass=[ 56695, -17255, -161 ] xT=false
  D4 above=T1 pat=000 resclass=[ 56695, -17255, -161 ] xT=false
  D4 above=T3 pat=000 resclass=[ -161, -15, 2415 ] xT=false
  D4 above=T2 pat=000 resclass=[ -17255, 10353, -15 ] xT=false
  D4 above=T3 pat=000 resclass=[ -161, -15, 2415 ] xT=false
  D4 above=T2 pat=000 resclass=[ -17255, 10353, -15 ] xT=false
  D4 above=T1 pat=000 resclass=[ 56695, -17255, -161 ] xT=false
  D4 above=T1 pat=000 resclass=[ 56695, -17255, -161 ] xT=false
  D4 above=T3 pat=000 resclass=[ -161, -15, 2415 ] xT=false
  D4 above=T2 pat=000 resclass=[ -17255, 10353, -15 ] xT=false
  D4 above=T3 pat=000 resclass=[ -161, -15, 2415 ] xT=false
  D4 above=T2 pat=000 resclass=[ -17255, 10353, -15 ] xT=false
MEMBER stv 1/2 4 1 shape=[ 1, 1, 2, 2 ] tors=[ 4, 4 ] order4=12 norm111=0 xTpass=0
  D4 above=T2 pat=000 resclass=[ -2865, -191, 15 ] xT=false
  D4 above=T2 pat=000 resclass=[ -2865, -191, 15 ] xT=false
  D4 above=T3 pat=000 resclass=[ -899, 15, -13485 ] xT=false
  D4 above=T1 pat=000 resclass=[ 2575635, -2865, -899 ] xT=false
  D4 above=T3 pat=000 resclass=[ -899, 15, -13485 ] xT=false
  D4 above=T1 pat=000 resclass=[ 2575635, -2865, -899 ] xT=false
  D4 above=T2 pat=000 resclass=[ -2865, -191, 15 ] xT=false
  D4 above=T2 pat=000 resclass=[ -2865, -191, 15 ] xT=false
  D4 above=T3 pat=000 resclass=[ -899, 15, -13485 ] xT=false
  D4 above=T1 pat=000 resclass=[ 2575635, -2865, -899 ] xT=false
  D4 above=T3 pat=000 resclass=[ -899, 15, -13485 ] xT=false
  D4 above=T1 pat=000 resclass=[ 2575635, -2865, -899 ] xT=false
MEMBER stv 2/3 3 1/3 shape=[ 1, 1, 2, 2 ] tors=[ 4, 4 ] order4=12 norm111=0 xTpass=0
  D4 above=T1 pat=000 resclass=[ 16410966, -114762, -143 ] xT=false
  D4 above=T1 pat=000 resclass=[ 16410966, -114762, -143 ] xT=false
  D4 above=T3 pat=000 resclass=[ -143, 2, -286 ] xT=false
  D4 above=T2 pat=000 resclass=[ -114762, -57381, 2 ] xT=false
  D4 above=T3 pat=000 resclass=[ -143, 2, -286 ] xT=false
  D4 above=T2 pat=000 resclass=[ -114762, -57381, 2 ] xT=false
  D4 above=T1 pat=000 resclass=[ 16410966, -114762, -143 ] xT=false
  D4 above=T1 pat=000 resclass=[ 16410966, -114762, -143 ] xT=false
  D4 above=T3 pat=000 resclass=[ -143, 2, -286 ] xT=false
  D4 above=T2 pat=000 resclass=[ -114762, -57381, 2 ] xT=false
  D4 above=T3 pat=000 resclass=[ -143, 2, -286 ] xT=false
  D4 above=T2 pat=000 resclass=[ -114762, -57381, 2 ] xT=false
MEMBER stv 3/4 3/2 2 shape=[ 1, 1, 2, 2 ] tors=[ 4, 4 ] order4=12 norm111=0 xTpass=0
  D4 above=T1 pat=000 resclass=[ 1190, -1190, -1 ] xT=false
  D4 above=T1 pat=000 resclass=[ 1190, -1190, -1 ] xT=false
  D4 above=T3 pat=000 resclass=[ -1, 5, -5 ] xT=false
  D4 above=T2 pat=000 resclass=[ -1190, -238, 5 ] xT=false
  D4 above=T3 pat=000 resclass=[ -1, 5, -5 ] xT=false
  D4 above=T2 pat=000 resclass=[ -1190, -238, 5 ] xT=false
  D4 above=T1 pat=000 resclass=[ 1190, -1190, -1 ] xT=false
  D4 above=T1 pat=000 resclass=[ 1190, -1190, -1 ] xT=false
  D4 above=T3 pat=000 resclass=[ -1, 5, -5 ] xT=false
  D4 above=T2 pat=000 resclass=[ -1190, -238, 5 ] xT=false
  D4 above=T3 pat=000 resclass=[ -1, 5, -5 ] xT=false
  D4 above=T2 pat=000 resclass=[ -1190, -238, 5 ] xT=false
MEMBER stv 1 4/3 3/4 shape=[ 1, 1, 2, 2 ] tors=[ 4, 4 ] order4=12 norm111=0 xTpass=0
  D4 above=T2 pat=000 resclass=[ 77, 11, 7 ] xT=false
  D4 above=T2 pat=000 resclass=[ 77, 11, 7 ] xT=false
  D4 above=T1 pat=000 resclass=[ 154, 77, 2 ] xT=false
  D4 above=T3 pat=000 resclass=[ 2, 7, 14 ] xT=false
  D4 above=T1 pat=000 resclass=[ 154, 77, 2 ] xT=false
  D4 above=T3 pat=000 resclass=[ 2, 7, 14 ] xT=false
  D4 above=T2 pat=000 resclass=[ 77, 11, 7 ] xT=false
  D4 above=T2 pat=000 resclass=[ 77, 11, 7 ] xT=false
  D4 above=T1 pat=000 resclass=[ 154, 77, 2 ] xT=false
  D4 above=T3 pat=000 resclass=[ 2, 7, 14 ] xT=false
  D4 above=T1 pat=000 resclass=[ 154, 77, 2 ] xT=false
  D4 above=T3 pat=000 resclass=[ 2, 7, 14 ] xT=false
MEMBER stv 4/3 3/4 1/4 shape=[ 1, 1, 2, 2 ] tors=[ 4, 4 ] order4=12 norm111=0 xTpass=0
  D4 above=T3 pat=000 resclass=[ 3655, -7, -25585 ] xT=false
  D4 above=T3 pat=000 resclass=[ 3655, -7, -25585 ] xT=false
  D4 above=T1 pat=000 resclass=[ -4616224795, -1262989, 3655 ] xT=false
  D4 above=T2 pat=000 resclass=[ -1262989, 180427, -7 ] xT=false
  D4 above=T1 pat=000 resclass=[ -4616224795, -1262989, 3655 ] xT=false
  D4 above=T2 pat=000 resclass=[ -1262989, 180427, -7 ] xT=false
  D4 above=T3 pat=000 resclass=[ 3655, -7, -25585 ] xT=false
  D4 above=T3 pat=000 resclass=[ 3655, -7, -25585 ] xT=false
  D4 above=T1 pat=000 resclass=[ -4616224795, -1262989, 3655 ] xT=false
  D4 above=T2 pat=000 resclass=[ -1262989, 180427, -7 ] xT=false
  D4 above=T1 pat=000 resclass=[ -4616224795, -1262989, 3655 ] xT=false
  D4 above=T2 pat=000 resclass=[ -1262989, 180427, -7 ] xT=false
MEMBER stv 3/2 1/2 3/2 shape=[ 1, 1, 2, 2 ] tors=[ 4, 4 ] order4=12 norm111=0 xTpass=0
  D4 above=T3 pat=000 resclass=[ 3, -3, -1 ] xT=false
  D4 above=T3 pat=000 resclass=[ 3, -3, -1 ] xT=false
  D4 above=T1 pat=000 resclass=[ -31290, -10430, 3 ] xT=false
  D4 above=T2 pat=000 resclass=[ -10430, 31290, -3 ] xT=false
  D4 above=T1 pat=000 resclass=[ -31290, -10430, 3 ] xT=false
  D4 above=T2 pat=000 resclass=[ -10430, 31290, -3 ] xT=false
  D4 above=T3 pat=000 resclass=[ 3, -3, -1 ] xT=false
  D4 above=T3 pat=000 resclass=[ 3, -3, -1 ] xT=false
  D4 above=T1 pat=000 resclass=[ -31290, -10430, 3 ] xT=false
  D4 above=T2 pat=000 resclass=[ -10430, 31290, -3 ] xT=false
  D4 above=T1 pat=000 resclass=[ -31290, -10430, 3 ] xT=false
  D4 above=T2 pat=000 resclass=[ -10430, 31290, -3 ] xT=false
MEMBER stv 2 1/3 2/3 shape=[ 1, 1, 2, 2 ] tors=[ 4, 4 ] order4=12 norm111=0 xTpass=0
  D4 above=T2 pat=000 resclass=[ -29931, 59862, -2 ] xT=false
  D4 above=T2 pat=000 resclass=[ -29931, 59862, -2 ] xT=false
  D4 above=T3 pat=000 resclass=[ 65, -2, -130 ] xT=false
  D4 above=T1 pat=000 resclass=[ -1945515, -29931, 65 ] xT=false
  D4 above=T3 pat=000 resclass=[ 65, -2, -130 ] xT=false
  D4 above=T1 pat=000 resclass=[ -1945515, -29931, 65 ] xT=false
  D4 above=T2 pat=000 resclass=[ -29931, 59862, -2 ] xT=false
  D4 above=T2 pat=000 resclass=[ -29931, 59862, -2 ] xT=false
  D4 above=T3 pat=000 resclass=[ 65, -2, -130 ] xT=false
  D4 above=T1 pat=000 resclass=[ -1945515, -29931, 65 ] xT=false
  D4 above=T3 pat=000 resclass=[ 65, -2, -130 ] xT=false
  D4 above=T1 pat=000 resclass=[ -1945515, -29931, 65 ] xT=false
MEMBER stv 2 4 4 shape=[ 1, 1, 2, 2 ] tors=[ 4, 4 ] order4=12 norm111=0 xTpass=0
  D4 above=T1 pat=000 resclass=[ 183885, -240465, -221 ] xT=false
  D4 above=T1 pat=000 resclass=[ 183885, -240465, -221 ] xT=false
  D4 above=T2 pat=000 resclass=[ -240465, -16031, 15 ] xT=false
  D4 above=T3 pat=000 resclass=[ -221, 15, -3315 ] xT=false
  D4 above=T2 pat=000 resclass=[ -240465, -16031, 15 ] xT=false
  D4 above=T3 pat=000 resclass=[ -221, 15, -3315 ] xT=false
  D4 above=T1 pat=000 resclass=[ 183885, -240465, -221 ] xT=false
  D4 above=T1 pat=000 resclass=[ 183885, -240465, -221 ] xT=false
  D4 above=T2 pat=000 resclass=[ -240465, -16031, 15 ] xT=false
  D4 above=T3 pat=000 resclass=[ -221, 15, -3315 ] xT=false
  D4 above=T2 pat=000 resclass=[ -240465, -16031, 15 ] xT=false
  D4 above=T3 pat=000 resclass=[ -221, 15, -3315 ] xT=false
MEMBER stv 3 3 4/3 shape=[ 1, 1, 2, 2 ] tors=[ 4, 4 ] order4=12 norm111=0 xTpass=0
  D4 above=T1 pat=000 resclass=[ 356070, -6474, -55 ] xT=false
  D4 above=T1 pat=000 resclass=[ 356070, -6474, -55 ] xT=false
  D4 above=T2 pat=000 resclass=[ -6474, -3237, 2 ] xT=false
  D4 above=T3 pat=000 resclass=[ -55, 2, -110 ] xT=false
  D4 above=T2 pat=000 resclass=[ -6474, -3237, 2 ] xT=false
  D4 above=T3 pat=000 resclass=[ -55, 2, -110 ] xT=false
  D4 above=T1 pat=000 resclass=[ 356070, -6474, -55 ] xT=false
  D4 above=T1 pat=000 resclass=[ 356070, -6474, -55 ] xT=false
  D4 above=T2 pat=000 resclass=[ -6474, -3237, 2 ] xT=false
  D4 above=T3 pat=000 resclass=[ -55, 2, -110 ] xT=false
  D4 above=T2 pat=000 resclass=[ -6474, -3237, 2 ] xT=false
  D4 above=T3 pat=000 resclass=[ -55, 2, -110 ] xT=false
MEMBER stv 4 2 1/2 shape=[ 1, 1, 2, 2 ] tors=[ 4, 4 ] order4=12 norm111=0 xTpass=0
  D4 above=T2 pat=000 resclass=[ 2, 6, 3 ] xT=false
  D4 above=T2 pat=000 resclass=[ 2, 6, 3 ] xT=false
  D4 above=T3 pat=000 resclass=[ 7, 3, 21 ] xT=false
  D4 above=T1 pat=000 resclass=[ 14, 2, 7 ] xT=false
  D4 above=T3 pat=000 resclass=[ 7, 3, 21 ] xT=false
  D4 above=T1 pat=000 resclass=[ 14, 2, 7 ] xT=false
  D4 above=T2 pat=000 resclass=[ 2, 6, 3 ] xT=false
  D4 above=T2 pat=000 resclass=[ 2, 6, 3 ] xT=false
  D4 above=T3 pat=000 resclass=[ 7, 3, 21 ] xT=false
  D4 above=T1 pat=000 resclass=[ 14, 2, 7 ] xT=false
  D4 above=T3 pat=000 resclass=[ 7, 3, 21 ] xT=false
  D4 above=T1 pat=000 resclass=[ 14, 2, 7 ] xT=false
MEMBER stv 2/13 17/4 17/6 shape=[ 1, 1, 2, 2 ] tors=[ 4, 4 ] order4=12 norm111=0 xTpass=0
  D4 above=T3 pat=000 resclass=[ -12594377, 273, -3438264921 ] xT=false
  D4 above=T3 pat=000 resclass=[ -12594377, 273, -3438264921 ] xT=false
  D4 above=T2 pat=000 resclass=[ -189475325724503, -6246439309599, 273 ] xT=false
  D4 above=T1 pat=000 resclass=[ 2386323684372188919631, -189475325724503, -12594377 ] xT=false
  D4 above=T2 pat=000 resclass=[ -189475325724503, -6246439309599, 273 ] xT=false
  D4 above=T1 pat=000 resclass=[ 2386323684372188919631, -189475325724503, -12594377 ] xT=false
  D4 above=T3 pat=000 resclass=[ -12594377, 273, -3438264921 ] xT=false
  D4 above=T3 pat=000 resclass=[ -12594377, 273, -3438264921 ] xT=false
  D4 above=T2 pat=000 resclass=[ -189475325724503, -6246439309599, 273 ] xT=false
  D4 above=T1 pat=000 resclass=[ 2386323684372188919631, -189475325724503, -12594377 ] xT=false
  D4 above=T2 pat=000 resclass=[ -189475325724503, -6246439309599, 273 ] xT=false
  D4 above=T1 pat=000 resclass=[ 2386323684372188919631, -189475325724503, -12594377 ] xT=false
MEMBER stv 9/11 13/17 2/5 shape=[ 1, 1, 2, 2 ] tors=[ 4, 4 ] order4=12 norm111=0 xTpass=0
  D4 above=T1 pat=000 resclass=[ -524062784139027, -939030843, 558089 ] xT=false
  D4 above=T1 pat=000 resclass=[ -524062784139027, -939030843, 558089 ] xT=false
  D4 above=T2 pat=000 resclass=[ -939030843, 3130102810, -30 ] xT=false
  D4 above=T3 pat=000 resclass=[ 558089, -30, -16742670 ] xT=false
  D4 above=T2 pat=000 resclass=[ -939030843, 3130102810, -30 ] xT=false
  D4 above=T3 pat=000 resclass=[ 558089, -30, -16742670 ] xT=false
  D4 above=T1 pat=000 resclass=[ -524062784139027, -939030843, 558089 ] xT=false
  D4 above=T1 pat=000 resclass=[ -524062784139027, -939030843, 558089 ] xT=false
  D4 above=T2 pat=000 resclass=[ -939030843, 3130102810, -30 ] xT=false
  D4 above=T3 pat=000 resclass=[ 558089, -30, -16742670 ] xT=false
  D4 above=T2 pat=000 resclass=[ -939030843, 3130102810, -30 ] xT=false
  D4 above=T3 pat=000 resclass=[ 558089, -30, -16742670 ] xT=false
MEMBER stv 2 9/10 3 shape=[ 1, 1, 2, 2 ] tors=[ 4, 4 ] order4=12 norm111=0 xTpass=0
  D4 above=T1 pat=000 resclass=[ -439337521987, -99751197, 39639 ] xT=false
  D4 above=T1 pat=000 resclass=[ -439337521987, -99751197, 39639 ] xT=false
  D4 above=T3 pat=000 resclass=[ 39639, -19, -753141 ] xT=false
  D4 above=T2 pat=000 resclass=[ -99751197, 5250063, -19 ] xT=false
  D4 above=T3 pat=000 resclass=[ 39639, -19, -753141 ] xT=false
  D4 above=T2 pat=000 resclass=[ -99751197, 5250063, -19 ] xT=false
  D4 above=T1 pat=000 resclass=[ -439337521987, -99751197, 39639 ] xT=false
  D4 above=T1 pat=000 resclass=[ -439337521987, -99751197, 39639 ] xT=false
  D4 above=T3 pat=000 resclass=[ 39639, -19, -753141 ] xT=false
  D4 above=T2 pat=000 resclass=[ -99751197, 5250063, -19 ] xT=false
  D4 above=T3 pat=000 resclass=[ 39639, -19, -753141 ] xT=false
  D4 above=T2 pat=000 resclass=[ -99751197, 5250063, -19 ] xT=false
PART_DONE part=123
