MEMBER stv 1/4 2/3 -4/3 shape=[ 1, 1, 2, 2 ] tors=[ 4, 4 ] order4=12 norm111=0 xTpass=0
  D4 above=T2 pat=000 resclass=[ 94215, -18843, -5 ] xT=false
  D4 above=T2 pat=000 resclass=[ 94215, -18843, -5 ] xT=false
  D4 above=T1 pat=000 resclass=[ -248385, 94215, -319 ] xT=false
  D4 above=T3 pat=000 resclass=[ -319, -5, 1595 ] xT=false
  D4 above=T1 pat=000 resclass=[ -248385, 94215, -319 ] xT=false
  D4 above=T3 pat=000 resclass=[ -319, -5, 1595 ] xT=false
  D4 above=T2 pat=000 resclass=[ 94215, -18843, -5 ] xT=false
  D4 above=T2 pat=000 resclass=[ 94215, -18843, -5 ] xT=false
  D4 above=T1 pat=000 resclass=[ -248385, 94215, -319 ] xT=false
  D4 above=T3 pat=000 resclass=[ -319, -5, 1595 ] xT=false
  D4 above=T1 pat=000 resclass=[ -248385, 94215, -319 ] xT=false
  D4 above=T3 pat=000 resclass=[ -319, -5, 1595 ] xT=false
MEMBER stv 1/3 1/2 -1/2 shape=[ 1, 1, 2, 2 ] tors=[ 4, 4 ] order4=12 norm111=0 xTpass=0
  D4 above=T3 pat=000 resclass=[ -65, -3, 195 ] xT=false
  D4 above=T3 pat=000 resclass=[ -65, -3, 195 ] xT=false
  D4 above=T1 pat=000 resclass=[ -1326, 510, -65 ] xT=false
  D4 above=T2 pat=000 resclass=[ 510, -170, -3 ] xT=false
  D4 above=T1 pat=000 resclass=[ -1326, 510, -65 ] xT=false
  D4 above=T2 pat=000 resclass=[ 510, -170, -3 ] xT=false
  D4 above=T3 pat=000 resclass=[ -65, -3, 195 ] xT=false
  D4 above=T3 pat=000 resclass=[ -65, -3, 195 ] xT=false
  D4 above=T1 pat=000 resclass=[ -1326, 510, -65 ] xT=false
  D4 above=T2 pat=000 resclass=[ 510, -170, -3 ] xT=false
  D4 above=T1 pat=000 resclass=[ -1326, 510, -65 ] xT=false
  D4 above=T2 pat=000 resclass=[ 510, -170, -3 ] xT=false
MEMBER stv 1/2 1/4 -3 shape=[ 1, 1, 2, 2 ] tors=[ 4, 4 ] order4=12 norm111=0 xTpass=0
  D4 above=T2 pat=000 resclass=[ 95, -57, -15 ] xT=false
  D4 above=T2 pat=000 resclass=[ 95, -57, -15 ] xT=false
  D4 above=T3 pat=000 resclass=[ -161, -15, 2415 ] xT=false
  D4 above=T1 pat=000 resclass=[ -15295, 95, -161 ] xT=false
  D4 above=T3 pat=000 resclass=[ -161, -15, 2415 ] xT=false
  D4 above=T1 pat=000 resclass=[ -15295, 95, -161 ] xT=false
  D4 above=T2 pat=000 resclass=[ 95, -57, -15 ] xT=false
  D4 above=T2 pat=000 resclass=[ 95, -57, -15 ] xT=false
  D4 above=T3 pat=000 resclass=[ -161, -15, 2415 ] xT=false
  D4 above=T1 pat=000 resclass=[ -15295, 95, -161 ] xT=false
  D4 above=T3 pat=000 resclass=[ -161, -15, 2415 ] xT=false
  D4 above=T1 pat=000 resclass=[ -15295, 95, -161 ] xT=false
MEMBER stv 1/2 4 -1 shape=[ 1, 1, 2, 2 ] tors=[ 4, 4 ] order4=12 norm111=0 xTpass=0
  D4 above=T3 pat=000 resclass=[ -899, 15, -13485 ] xT=false
  D4 above=T3 pat=000 resclass=[ -899, 15, -13485 ] xT=false
  D4 above=T2 pat=000 resclass=[ -535, -321, 15 ] xT=false
  D4 above=T1 pat=000 resclass=[ 480965, -535, -899 ] xT=false
  D4 above=T2 pat=000 resclass=[ -535, -321, 15 ] xT=false
  D4 above=T1 pat=000 resclass=[ 480965, -535, -899 ] xT=false
  D4 above=T3 pat=000 resclass=[ -899, 15, -13485 ] xT=false
  D4 above=T3 pat=000 resclass=[ -899, 15, -13485 ] xT=false
  D4 above=T2 pat=000 resclass=[ -535, -321, 15 ] xT=false
  D4 above=T1 pat=000 resclass=[ 480965, -535, -899 ] xT=false
  D4 above=T2 pat=000 resclass=[ -535, -321, 15 ] xT=false
  D4 above=T1 pat=000 resclass=[ 480965, -535, -899 ] xT=false
MEMBER stv 2/3 3 -1/3 shape=[ 1, 1, 2, 2 ] tors=[ 4, 4 ] order4=12 norm111=0 xTpass=0
  D4 above=T3 pat=000 resclass=[ -143, 2, -286 ] xT=false
  D4 above=T3 pat=000 resclass=[ -143, 2, -286 ] xT=false
  D4 above=T2 pat=000 resclass=[ -92598, -46299, 2 ] xT=false
  D4 above=T1 pat=000 resclass=[ 109434, -92598, -143 ] xT=false
  D4 above=T2 pat=000 resclass=[ -92598, -46299, 2 ] xT=false
  D4 above=T1 pat=000 resclass=[ 109434, -92598, -143 ] xT=false
  D4 above=T3 pat=000 resclass=[ -143, 2, -286 ] xT=false
  D4 above=T3 pat=000 resclass=[ -143, 2, -286 ] xT=false
  D4 above=T2 pat=000 resclass=[ -92598, -46299, 2 ] xT=false
  D4 above=T1 pat=000 resclass=[ 109434, -92598, -143 ] xT=false
  D4 above=T2 pat=000 resclass=[ -92598, -46299, 2 ] xT=false
  D4 above=T1 pat=000 resclass=[ 109434, -92598, -143 ] xT=false
MEMBER stv 3/4 3/2 -2 shape=[ 1, 1, 2, 2 ] tors=[ 4, 4 ] order4=12 norm111=0 xTpass=0
  D4 above=T1 pat=000 resclass=[ -110, 110, -1 ] xT=false
  D4 above=T1 pat=000 resclass=[ -110, 110, -1 ] xT=false
  D4 above=T3 pat=000 resclass=[ -1, 5, -5 ] xT=false
  D4 above=T2 pat=000 resclass=[ 110, 22, 5 ] xT=false
  D4 above=T3 pat=000 resclass=[ -1, 5, -5 ] xT=false
  D4 above=T2 pat=000 resclass=[ 110, 22, 5 ] xT=false
  D4 above=T1 pat=000 resclass=[ -110, 110, -1 ] xT=false
  D4 above=T1 pat=000 resclass=[ -110, 110, -1 ] xT=false
  D4 above=T3 pat=000 resclass=[ -1, 5, -5 ] xT=false
  D4 above=T2 pat=000 resclass=[ 110, 22, 5 ] xT=false
  D4 above=T3 pat=000 resclass=[ -1, 5, -5 ] xT=false
  D4 above=T2 pat=000 resclass=[ 110, 22, 5 ] xT=false
MEMBER stv 1 4/3 -3/4 shape=[ 1, 1, 2, 2 ] tors=[ 4, 4 ] order4=12 norm111=0 xTpass=0
  D4 above=T2 pat=000 resclass=[ -973, -139, 7 ] xT=false
  D4 above=T2 pat=000 resclass=[ -973, -139, 7 ] xT=false
  D4 above=T3 pat=000 resclass=[ 2, 7, 14 ] xT=false
  D4 above=T1 pat=000 resclass=[ -1946, -973, 2 ] xT=false
  D4 above=T3 pat=000 resclass=[ 2, 7, 14 ] xT=false
  D4 above=T1 pat=000 resclass=[ -1946, -973, 2 ] xT=false
  D4 above=T2 pat=000 resclass=[ -973, -139, 7 ] xT=false
  D4 above=T2 pat=000 resclass=[ -973, -139, 7 ] xT=false
  D4 above=T3 pat=000 resclass=[ 2, 7, 14 ] xT=false
  D4 above=T1 pat=000 resclass=[ -1946, -973, 2 ] xT=false
  D4 above=T3 pat=000 resclass=[ 2, 7, 14 ] xT=false
  D4 above=T1 pat=000 resclass=[ -1946, -973, 2 ] xT=false
MEMBER stv 4/3 3/4 -1/4 shape=[ 1, 1, 2, 2 ] tors=[ 4, 4 ] order4=12 norm111=0 xTpass=0
  D4 above=T3 pat=000 resclass=[ 3655, -7, -25585 ] xT=false
  D4 above=T3 pat=000 resclass=[ 3655, -7, -25585 ] xT=false
  D4 above=T1 pat=000 resclass=[ 23297701, 159355, 3655 ] xT=false
  D4 above=T2 pat=000 resclass=[ 159355, -22765, -7 ] xT=false
  D4 above=T1 pat=000 resclass=[ 23297701, 159355, 3655 ] xT=false
  D4 above=T2 pat=000 resclass=[ 159355, -22765, -7 ] xT=false
  D4 above=T3 pat=000 resclass=[ 3655, -7, -25585 ] xT=false
  D4 above=T3 pat=000 resclass=[ 3655, -7, -25585 ] xT=false
  D4 above=T1 pat=000 resclass=[ 23297701, 159355, 3655 ] xT=false
  D4 above=T2 pat=000 resclass=[ 159355, -22765, -7 ] xT=false
  D4 above=T1 pat=000 resclass=[ 23297701, 159355, 3655 ] xT=false
  D4 above=T2 pat=000 resclass=[ 159355, -22765, -7 ] xT=false
MEMBER stv 3/2 1/2 -3/2 shape=[ 1, 1, 2, 2 ] tors=[ 4, 4 ] order4=12 norm111=0 xTpass=0
  D4 above=T3 pat=000 resclass=[ 3, -3, -1 ] xT=false
  D4 above=T3 pat=000 resclass=[ 3, -3, -1 ] xT=false
  D4 above=T2 pat=000 resclass=[ 3230, -9690, -3 ] xT=false
  D4 above=T1 pat=000 resclass=[ 9690, 3230, 3 ] xT=false
  D4 above=T2 pat=000 resclass=[ 3230, -9690, -3 ] xT=false
  D4 above=T1 pat=000 resclass=[ 9690, 3230, 3 ] xT=false
  D4 above=T3 pat=000 resclass=[ 3, -3, -1 ] xT=false
  D4 above=T3 pat=000 resclass=[ 3, -3, -1 ] xT=false
  D4 above=T2 pat=000 resclass=[ 3230, -9690, -3 ] xT=false
  D4 above=T1 pat=000 resclass=[ 9690, 3230, 3 ] xT=false
  D4 above=T2 pat=000 resclass=[ 3230, -9690, -3 ] xT=false
  D4 above=T1 pat=000 resclass=[ 9690, 3230, 3 ] xT=false
MEMBER stv 2 1/3 -2/3 shape=[ 1, 1, 2, 2 ] tors=[ 4, 4 ] order4=12 norm111=0 xTpass=0
  D4 above=T2 pat=000 resclass=[ 6315, -12630, -2 ] xT=false
  D4 above=T2 pat=000 resclass=[ 6315, -12630, -2 ] xT=false
  D4 above=T1 pat=000 resclass=[ 16419, 6315, 65 ] xT=false
  D4 above=T3 pat=000 resclass=[ 65, -2, -130 ] xT=false
  D4 above=T1 pat=000 resclass=[ 16419, 6315, 65 ] xT=false
  D4 above=T3 pat=000 resclass=[ 65, -2, -130 ] xT=false
  D4 above=T2 pat=000 resclass=[ 6315, -12630, -2 ] xT=false
  D4 above=T2 pat=000 resclass=[ 6315, -12630, -2 ] xT=false
  D4 above=T1 pat=000 resclass=[ 16419, 6315, 65 ] xT=false
  D4 above=T3 pat=000 resclass=[ 65, -2, -130 ] xT=false
  D4 above=T1 pat=000 resclass=[ 16419, 6315, 65 ] xT=false
  D4 above=T3 pat=000 resclass=[ 65, -2, -130 ] xT=false
MEMBER stv 2 4 -4 shape=[ 1, 1, 2, 2 ] tors=[ 4, 4 ] order4=12 norm111=0 xTpass=0
  D4 above=T2 pat=000 resclass=[ 105, 7, 15 ] xT=false
  D4 above=T2 pat=000 resclass=[ 105, 7, 15 ] xT=false
  D4 above=T1 pat=000 resclass=[ -23205, 105, -221 ] xT=false
  D4 above=T3 pat=000 resclass=[ -221, 15, -3315 ] xT=false
  D4 above=T1 pat=000 resclass=[ -23205, 105, -221 ] xT=false
  D4 above=T3 pat=000 resclass=[ -221, 15, -3315 ] xT=false
  D4 above=T2 pat=000 resclass=[ 105, 7, 15 ] xT=false
  D4 above=T2 pat=000 resclass=[ 105, 7, 15 ] xT=false
  D4 above=T1 pat=000 resclass=[ -23205, 105, -221 ] xT=false
  D4 above=T3 pat=000 resclass=[ -221, 15, -3315 ] xT=false
  D4 above=T1 pat=000 resclass=[ -23205, 105, -221 ] xT=false
  D4 above=T3 pat=000 resclass=[ -221, 15, -3315 ] xT=false
MEMBER stv 3 3 -4/3 shape=[ 1, 1, 2, 2 ] tors=[ 4, 4 ] order4=12 norm111=0 xTpass=0
  D4 above=T3 pat=000 resclass=[ -55, 2, -110 ] xT=false
  D4 above=T3 pat=000 resclass=[ -55, 2, -110 ] xT=false
  D4 above=T2 pat=000 resclass=[ 5610, 2805, 2 ] xT=false
  D4 above=T1 pat=000 resclass=[ -102, 5610, -55 ] xT=false
  D4 above=T2 pat=000 resclass=[ 5610, 2805, 2 ] xT=false
  D4 above=T1 pat=000 resclass=[ -102, 5610, -55 ] xT=false
  D4 above=T3 pat=000 resclass=[ -55, 2, -110 ] xT=false
  D4 above=T3 pat=000 resclass=[ -55, 2, -110 ] xT=false
  D4 above=T2 pat=000 resclass=[ 5610, 2805, 2 ] xT=false
  D4 above=T1 pat=000 resclass=[ -102, 5610, -55 ] xT=false
  D4 above=T2 pat=000 resclass=[ 5610, 2805, 2 ] xT=false
  D4 above=T1 pat=000 resclass=[ -102, 5610, -55 ] xT=false
MEMBER stv 4 2 -1/2 shape=[ 1, 1, 2, 2 ] tors=[ 4, 4 ] order4=12 norm111=0 xTpass=0
  D4 above=T1 pat=000 resclass=[ -6, -42, 7 ] xT=false
  D4 above=T1 pat=000 resclass=[ -6, -42, 7 ] xT=false
  D4 above=T2 pat=000 resclass=[ -42, -14, 3 ] xT=false
  D4 above=T3 pat=000 resclass=[ 7, 3, 21 ] xT=false
  D4 above=T2 pat=000 resclass=[ -42, -14, 3 ] xT=false
  D4 above=T3 pat=000 resclass=[ 7, 3, 21 ] xT=false
  D4 above=T1 pat=000 resclass=[ -6, -42, 7 ] xT=false
  D4 above=T1 pat=000 resclass=[ -6, -42, 7 ] xT=false
  D4 above=T2 pat=000 resclass=[ -42, -14, 3 ] xT=false
  D4 above=T3 pat=000 resclass=[ 7, 3, 21 ] xT=false
  D4 above=T2 pat=000 resclass=[ -42, -14, 3 ] xT=false
  D4 above=T3 pat=000 resclass=[ 7, 3, 21 ] xT=false
MEMBER stv 16 2/7 16/19 shape=[ 1, 1, 2, 2 ] tors=[ 4, 4 ] order4=12 norm111=0 xTpass=0
  D4 above=T2 pat=000 resclass=[ -154540392815, 30908078563, -5 ] xT=false
  D4 above=T2 pat=000 resclass=[ -154540392815, 30908078563, -5 ] xT=false
  D4 above=T1 pat=000 resclass=[ -94676235390646265, -154540392815, 612631 ] xT=false
  D4 above=T3 pat=000 resclass=[ 612631, -5, -3063155 ] xT=false
  D4 above=T1 pat=000 resclass=[ -94676235390646265, -154540392815, 612631 ] xT=false
  D4 above=T3 pat=000 resclass=[ 612631, -5, -3063155 ] xT=false
  D4 above=T2 pat=000 resclass=[ -154540392815, 30908078563, -5 ] xT=false
  D4 above=T2 pat=000 resclass=[ -154540392815, 30908078563, -5 ] xT=false
  D4 above=T1 pat=000 resclass=[ -94676235390646265, -154540392815, 612631 ] xT=false
  D4 above=T3 pat=000 resclass=[ 612631, -5, -3063155 ] xT=false
  D4 above=T1 pat=000 resclass=[ -94676235390646265, -154540392815, 612631 ] xT=false
  D4 above=T3 pat=000 resclass=[ 612631, -5, -3063155 ] xT=false
MEMBER stv 18/7 14/11 -19/15 shape=[ 1, 1, 2, 2 ] tors=[ 4, 4 ] order4=12 norm111=0 xTpass=0
  D4 above=T3 pat=000 resclass=[ 496451, 3, 1489353 ] xT=false
  D4 above=T3 pat=000 resclass=[ 496451, 3, 1489353 ] xT=false
  D4 above=T2 pat=000 resclass=[ -3758499944355, -1252833314785, 3 ] xT=false
  D4 above=T1 pat=000 resclass=[ -5168728686634305, -3758499944355, 496451 ] xT=false
  D4 above=T2 pat=000 resclass=[ -3758499944355, -1252833314785, 3 ] xT=false
  D4 above=T1 pat=000 resclass=[ -5168728686634305, -3758499944355, 496451 ] xT=false
  D4 above=T3 pat=000 resclass=[ 496451, 3, 1489353 ] xT=false
  D4 above=T3 pat=000 resclass=[ 496451, 3, 1489353 ] xT=false
  D4 above=T2 pat=000 resclass=[ -3758499944355, -1252833314785, 3 ] xT=false
  D4 above=T1 pat=000 resclass=[ -5168728686634305, -3758499944355, 496451 ] xT=false
  D4 above=T2 pat=000 resclass=[ -3758499944355, -1252833314785, 3 ] xT=false
  D4 above=T1 pat=000 resclass=[ -5168728686634305, -3758499944355, 496451 ] xT=false
MEMBER stv 6/13 11/13 -12 shape=[ 1, 1, 2, 2 ] tors=[ 4, 4 ] order4=12 norm111=0 xTpass=0
  D4 above=T1 pat=000 resclass=[ 3152058945, 30019609, 105 ] xT=false
  D4 above=T1 pat=000 resclass=[ 3152058945, 30019609, 105 ] xT=false
  D4 above=T3 pat=000 resclass=[ 105, -3, -35 ] xT=false
  D4 above=T2 pat=000 resclass=[ 30019609, -90058827, -3 ] xT=false
  D4 above=T3 pat=000 resclass=[ 105, -3, -35 ] xT=false
  D4 above=T2 pat=000 resclass=[ 30019609, -90058827, -3 ] xT=false
  D4 above=T1 pat=000 resclass=[ 3152058945, 30019609, 105 ] xT=false
  D4 above=T1 pat=000 resclass=[ 3152058945, 30019609, 105 ] xT=false
  D4 above=T3 pat=000 resclass=[ 105, -3, -35 ] xT=false
  D4 above=T2 pat=000 resclass=[ 30019609, -90058827, -3 ] xT=false
  D4 above=T3 pat=000 resclass=[ 105, -3, -35 ] xT=false
  D4 above=T2 pat=000 resclass=[ 30019609, -90058827, -3 ] xT=false
PART_DONE part=124
