MEMBER stv 1/4 2/3 3/2 shape=[ 1, 1, 2, 2 ] tors=[ 4, 4 ] order4=12 norm111=0 xTpass=0
  D4 above=T1 pat=000 resclass=[ 46690, -17710, -319 ] xT=false
  D4 above=T1 pat=000 resclass=[ 46690, -17710, -319 ] xT=false
  D4 above=T2 pat=000 resclass=[ -17710, 3542, -5 ] xT=false
  D4 above=T3 pat=000 resclass=[ -319, -5, 1595 ] xT=false
  D4 above=T2 pat=000 resclass=[ -17710, 3542, -5 ] xT=false
  D4 above=T3 pat=000 resclass=[ -319, -5, 1595 ] xT=false
  D4 above=T1 pat=000 resclass=[ 46690, -17710, -319 ] xT=false
  D4 above=T1 pat=000 resclass=[ 46690, -17710, -319 ] xT=false
  D4 above=T2 pat=000 resclass=[ -17710, 3542, -5 ] xT=false
  D4 above=T3 pat=000 resclass=[ -319, -5, 1595 ] xT=false
  D4 above=T2 pat=000 resclass=[ -17710, 3542, -5 ] xT=false
  D4 above=T3 pat=000 resclass=[ -319, -5, 1595 ] xT=false
MEMBER stv 1/3 1/2 2/3 shape=[ 1, 1, 2, 2 ] tors=[ 4, 4 ] order4=12 norm111=0 xTpass=0
  D4 above=T3 pat=000 resclass=[ -65, -3, 195 ] xT=false
  D4 above=T3 pat=000 resclass=[ -65, -3, 195 ] xT=false
  D4 above=T1 pat=000 resclass=[ 488215, -7511, -65 ] xT=false
  D4 above=T2 pat=000 resclass=[ -7511, 22533, -3 ] xT=false
  D4 above=T1 pat=000 resclass=[ 488215, -7511, -65 ] xT=false
  D4 above=T2 pat=000 resclass=[ -7511, 22533, -3 ] xT=false
  D4 above=T3 pat=000 resclass=[ -65, -3, 195 ] xT=false
  D4 above=T3 pat=000 resclass=[ -65, -3, 195 ] xT=false
  D4 above=T1 pat=000 resclass=[ 488215, -7511, -65 ] xT=false
  D4 above=T2 pat=000 resclass=[ -7511, 22533, -3 ] xT=false
  D4 above=T1 pat=000 resclass=[ 488215, -7511, -65 ] xT=false
  D4 above=T2 pat=000 resclass=[ -7511, 22533, -3 ] xT=false
MEMBER stv 1/2 1/4 4 shape=[ 1, 1, 2, 2 ] tors=[ 4, 4 ] order4=12 norm111=0 xTpass=0
  D4 above=T2 pat=000 resclass=[ -4290, 286, -15 ] xT=false
  D4 above=T2 pat=000 resclass=[ -4290, 286, -15 ] xT=false
  D4 above=T1 pat=000 resclass=[ 690690, -4290, -161 ] xT=false
  D4 above=T3 pat=000 resclass=[ -161, -15, 2415 ] xT=false
  D4 above=T1 pat=000 resclass=[ 690690, -4290, -161 ] xT=false
  D4 above=T3 pat=000 resclass=[ -161, -15, 2415 ] xT=false
  D4 above=T2 pat=000 resclass=[ -4290, 286, -15 ] xT=false
  D4 above=T2 pat=000 resclass=[ -4290, 286, -15 ] xT=false
  D4 above=T1 pat=000 resclass=[ 690690, -4290, -161 ] xT=false
  D4 above=T3 pat=000 resclass=[ -161, -15, 2415 ] xT=false
  D4 above=T1 pat=000 resclass=[ 690690, -4290, -161 ] xT=false
  D4 above=T3 pat=000 resclass=[ -161, -15, 2415 ] xT=false
MEMBER stv 1/2 4 4/3 shape=[ 1, 1, 2, 2 ] tors=[ 4, 4 ] order4=12 norm111=0 xTpass=0
  D4 above=T1 pat=000 resclass=[ 1074305, -1195, -899 ] xT=false
  D4 above=T1 pat=000 resclass=[ 1074305, -1195, -899 ] xT=false
  D4 above=T2 pat=000 resclass=[ -1195, -717, 15 ] xT=false
  D4 above=T3 pat=000 resclass=[ -899, 15, -13485 ] xT=false
  D4 above=T2 pat=000 resclass=[ -1195, -717, 15 ] xT=false
  D4 above=T3 pat=000 resclass=[ -899, 15, -13485 ] xT=false
  D4 above=T1 pat=000 resclass=[ 1074305, -1195, -899 ] xT=false
  D4 above=T1 pat=000 resclass=[ 1074305, -1195, -899 ] xT=false
  D4 above=T2 pat=000 resclass=[ -1195, -717, 15 ] xT=false
  D4 above=T3 pat=000 resclass=[ -899, 15, -13485 ] xT=false
  D4 above=T2 pat=000 resclass=[ -1195, -717, 15 ] xT=false
  D4 above=T3 pat=000 resclass=[ -899, 15, -13485 ] xT=false
MEMBER stv 2/3 3 1/2 shape=[ 1, 1, 2, 2 ] tors=[ 4, 4 ] order4=12 norm111=0 xTpass=0
  D4 above=T2 pat=000 resclass=[ -3443, -6886, 2 ] xT=false
  D4 above=T2 pat=000 resclass=[ -3443, -6886, 2 ] xT=false
  D4 above=T3 pat=000 resclass=[ -143, 2, -286 ] xT=false
  D4 above=T1 pat=000 resclass=[ 4069, -3443, -143 ] xT=false
  D4 above=T3 pat=000 resclass=[ -143, 2, -286 ] xT=false
  D4 above=T1 pat=000 resclass=[ 4069, -3443, -143 ] xT=false
  D4 above=T2 pat=000 resclass=[ -3443, -6886, 2 ] xT=false
  D4 above=T2 pat=000 resclass=[ -3443, -6886, 2 ] xT=false
  D4 above=T3 pat=000 resclass=[ -143, 2, -286 ] xT=false
  D4 above=T1 pat=000 resclass=[ 4069, -3443, -143 ] xT=false
  D4 above=T3 pat=000 resclass=[ -143, 2, -286 ] xT=false
  D4 above=T1 pat=000 resclass=[ 4069, -3443, -143 ] xT=false
MEMBER stv 3/4 3/2 3 shape=[ 1, 1, 2, 2 ] tors=[ 4, 4 ] order4=12 norm111=0 xTpass=0
  D4 above=T1 pat=000 resclass=[ 14835, -14835, -1 ] xT=false
  D4 above=T1 pat=000 resclass=[ 14835, -14835, -1 ] xT=false
  D4 above=T2 pat=000 resclass=[ -14835, -2967, 5 ] xT=false
  D4 above=T3 pat=000 resclass=[ -1, 5, -5 ] xT=false
  D4 above=T2 pat=000 resclass=[ -14835, -2967, 5 ] xT=false
  D4 above=T3 pat=000 resclass=[ -1, 5, -5 ] xT=false
  D4 above=T1 pat=000 resclass=[ 14835, -14835, -1 ] xT=false
  D4 above=T1 pat=000 resclass=[ 14835, -14835, -1 ] xT=false
  D4 above=T2 pat=000 resclass=[ -14835, -2967, 5 ] xT=false
  D4 above=T3 pat=000 resclass=[ -1, 5, -5 ] xT=false
  D4 above=T2 pat=000 resclass=[ -14835, -2967, 5 ] xT=false
  D4 above=T3 pat=000 resclass=[ -1, 5, -5 ] xT=false
MEMBER stv 1 4/3 1 shape=[ 1, 1, 2, 2 ] tors=[ 4, 4 ] order4=12 norm111=0 xTpass=0
  D4 above=T3 pat=000 resclass=[ 2, 7, 14 ] xT=false
  D4 above=T3 pat=000 resclass=[ 2, 7, 14 ] xT=false
  D4 above=T1 pat=000 resclass=[ 14, 7, 2 ] xT=false
  D4 above=T2 pat=010 resclass=[ 7, 1, 7 ] xT=false
  D4 above=T1 pat=000 resclass=[ 14, 7, 2 ] xT=false
  D4 above=T2 pat=010 resclass=[ 7, 1, 7 ] xT=false
  D4 above=T3 pat=000 resclass=[ 2, 7, 14 ] xT=false
  D4 above=T3 pat=000 resclass=[ 2, 7, 14 ] xT=false
  D4 above=T1 pat=000 resclass=[ 14, 7, 2 ] xT=false
  D4 above=T2 pat=010 resclass=[ 7, 1, 7 ] xT=false
  D4 above=T1 pat=000 resclass=[ 14, 7, 2 ] xT=false
  D4 above=T2 pat=010 resclass=[ 7, 1, 7 ] xT=false
MEMBER stv 4/3 3/4 1/3 shape=[ 1, 1, 2, 2 ] tors=[ 4, 4 ] order4=12 norm111=0 xTpass=0
  D4 above=T1 pat=000 resclass=[ -826455, -418089, 3655 ] xT=false
  D4 above=T1 pat=000 resclass=[ -826455, -418089, 3655 ] xT=false
  D4 above=T3 pat=000 resclass=[ 3655, -7, -25585 ] xT=false
  D4 above=T2 pat=000 resclass=[ -418089, 59727, -7 ] xT=false
  D4 above=T3 pat=000 resclass=[ 3655, -7, -25585 ] xT=false
  D4 above=T2 pat=000 resclass=[ -418089, 59727, -7 ] xT=false
  D4 above=T1 pat=000 resclass=[ -826455, -418089, 3655 ] xT=false
  D4 above=T1 pat=000 resclass=[ -826455, -418089, 3655 ] xT=false
  D4 above=T3 pat=000 resclass=[ 3655, -7, -25585 ] xT=false
  D4 above=T2 pat=000 resclass=[ -418089, 59727, -7 ] xT=false
  D4 above=T3 pat=000 resclass=[ 3655, -7, -25585 ] xT=false
  D4 above=T2 pat=000 resclass=[ -418089, 59727, -7 ] xT=false
MEMBER stv 3/2 1/2 2 shape=[ 1, 1, 2, 2 ] tors=[ 4, 4 ] order4=12 norm111=0 xTpass=0
  D4 above=T1 pat=000 resclass=[ -1034, -3102, 3 ] xT=false
  D4 above=T1 pat=000 resclass=[ -1034, -3102, 3 ] xT=false
  D4 above=T3 pat=000 resclass=[ 3, -3, -1 ] xT=false
  D4 above=T2 pat=000 resclass=[ -3102, 1034, -3 ] xT=false
  D4 above=T3 pat=000 resclass=[ 3, -3, -1 ] xT=false
  D4 above=T2 pat=000 resclass=[ -3102, 1034, -3 ] xT=false
  D4 above=T1 pat=000 resclass=[ -1034, -3102, 3 ] xT=false
  D4 above=T1 pat=000 resclass=[ -1034, -3102, 3 ] xT=false
  D4 above=T3 pat=000 resclass=[ 3, -3, -1 ] xT=false
  D4 above=T2 pat=000 resclass=[ -3102, 1034, -3 ] xT=false
  D4 above=T3 pat=000 resclass=[ 3, -3, -1 ] xT=false
  D4 above=T2 pat=000 resclass=[ -3102, 1034, -3 ] xT=false
MEMBER stv 2 1/3 3/4 shape=[ 1, 1, 2, 2 ] tors=[ 4, 4 ] order4=12 norm111=0 xTpass=0
  D4 above=T1 pat=000 resclass=[ -143, -55, 65 ] xT=false
  D4 above=T1 pat=000 resclass=[ -143, -55, 65 ] xT=false
  D4 above=T3 pat=000 resclass=[ 65, -2, -130 ] xT=false
  D4 above=T2 pat=000 resclass=[ -55, 110, -2 ] xT=false
  D4 above=T3 pat=000 resclass=[ 65, -2, -130 ] xT=false
  D4 above=T2 pat=000 resclass=[ -55, 110, -2 ] xT=false
  D4 above=T1 pat=000 resclass=[ -143, -55, 65 ] xT=false
  D4 above=T1 pat=000 resclass=[ -143, -55, 65 ] xT=false
  D4 above=T3 pat=000 resclass=[ 65, -2, -130 ] xT=false
  D4 above=T2 pat=000 resclass=[ -55, 110, -2 ] xT=false
  D4 above=T3 pat=000 resclass=[ 65, -2, -130 ] xT=false
  D4 above=T2 pat=000 resclass=[ -55, 110, -2 ] xT=false
MEMBER stv 3 1/4 1/4 shape=[ 1, 1, 2, 2 ] tors=[ 4, 4 ] order4=12 norm111=0 xTpass=0
  D4 above=T3 pat=000 resclass=[ 231, -15, -385 ] xT=false
  D4 above=T3 pat=000 resclass=[ 231, -15, -385 ] xT=false
  D4 above=T1 pat=000 resclass=[ -16731715, -651885, 231 ] xT=false
  D4 above=T2 pat=000 resclass=[ -651885, 43459, -15 ] xT=false
  D4 above=T1 pat=000 resclass=[ -16731715, -651885, 231 ] xT=false
  D4 above=T2 pat=000 resclass=[ -651885, 43459, -15 ] xT=false
  D4 above=T3 pat=000 resclass=[ 231, -15, -385 ] xT=false
  D4 above=T3 pat=000 resclass=[ 231, -15, -385 ] xT=false
  D4 above=T1 pat=000 resclass=[ -16731715, -651885, 231 ] xT=false
  D4 above=T2 pat=000 resclass=[ -651885, 43459, -15 ] xT=false
  D4 above=T1 pat=000 resclass=[ -16731715, -651885, 231 ] xT=false
  D4 above=T2 pat=000 resclass=[ -651885, 43459, -15 ] xT=false
MEMBER stv 3 3 3/2 shape=[ 1, 1, 2, 2 ] tors=[ 4, 4 ] order4=12 norm111=0 xTpass=0
  D4 above=T2 pat=000 resclass=[ -16269, -32538, 2 ] xT=false
  D4 above=T2 pat=000 resclass=[ -16269, -32538, 2 ] xT=false
  D4 above=T1 pat=000 resclass=[ 7395, -16269, -55 ] xT=false
  D4 above=T3 pat=000 resclass=[ -55, 2, -110 ] xT=false
  D4 above=T1 pat=000 resclass=[ 7395, -16269, -55 ] xT=false
  D4 above=T3 pat=000 resclass=[ -55, 2, -110 ] xT=false
  D4 above=T2 pat=000 resclass=[ -16269, -32538, 2 ] xT=false
  D4 above=T2 pat=000 resclass=[ -16269, -32538, 2 ] xT=false
  D4 above=T1 pat=000 resclass=[ 7395, -16269, -55 ] xT=false
  D4 above=T3 pat=000 resclass=[ -55, 2, -110 ] xT=false
  D4 above=T1 pat=000 resclass=[ 7395, -16269, -55 ] xT=false
  D4 above=T3 pat=000 resclass=[ -55, 2, -110 ] xT=false
MEMBER stv 4 2 2/3 shape=[ 1, 1, 2, 2 ] tors=[ 4, 4 ] order4=12 norm111=0 xTpass=0
  D4 above=T3 pat=000 resclass=[ 7, 3, 21 ] xT=false
  D4 above=T3 pat=000 resclass=[ 7, 3, 21 ] xT=false
  D4 above=T2 pat=000 resclass=[ 770, 2310, 3 ] xT=false
  D4 above=T1 pat=000 resclass=[ 110, 770, 7 ] xT=false
  D4 above=T2 pat=000 resclass=[ 770, 2310, 3 ] xT=false
  D4 above=T1 pat=000 resclass=[ 110, 770, 7 ] xT=false
  D4 above=T3 pat=000 resclass=[ 7, 3, 21 ] xT=false
  D4 above=T3 pat=000 resclass=[ 7, 3, 21 ] xT=false
  D4 above=T2 pat=000 resclass=[ 770, 2310, 3 ] xT=false
  D4 above=T1 pat=000 resclass=[ 110, 770, 7 ] xT=false
  D4 above=T2 pat=000 resclass=[ 770, 2310, 3 ] xT=false
  D4 above=T1 pat=000 resclass=[ 110, 770, 7 ] xT=false
MEMBER stv 15/8 19/8 -2/3 shape=[ 1, 1, 2, 2 ] tors=[ 4, 4 ] order4=12 norm111=0 xTpass=0
  D4 above=T1 pat=000 resclass=[ -255917962102, 31205702, -8201 ] xT=false
  D4 above=T1 pat=000 resclass=[ -255917962102, 31205702, -8201 ] xT=false
  D4 above=T2 pat=000 resclass=[ 31205702, 8510646, 33 ] xT=false
  D4 above=T3 pat=000 resclass=[ -8201, 33, -270633 ] xT=false
  D4 above=T2 pat=000 resclass=[ 31205702, 8510646, 33 ] xT=false
  D4 above=T3 pat=000 resclass=[ -8201, 33, -270633 ] xT=false
  D4 above=T1 pat=000 resclass=[ -255917962102, 31205702, -8201 ] xT=false
  D4 above=T1 pat=000 resclass=[ -255917962102, 31205702, -8201 ] xT=false
  D4 above=T2 pat=000 resclass=[ 31205702, 8510646, 33 ] xT=false
  D4 above=T3 pat=000 resclass=[ -8201, 33, -270633 ] xT=false
  D4 above=T2 pat=000 resclass=[ 31205702, 8510646, 33 ] xT=false
  D4 above=T3 pat=000 resclass=[ -8201, 33, -270633 ] xT=false
MEMBER stv 1/5 1/5 -8/13 shape=[ 1, 1, 2, 2 ] tors=[ 4, 4 ] order4=12 norm111=0 xTpass=0
  D4 above=T2 pat=000 resclass=[ 95603079, -63735386, -6 ] xT=false
  D4 above=T2 pat=000 resclass=[ 95603079, -63735386, -6 ] xT=false
  D4 above=T3 pat=000 resclass=[ -551, -6, 3306 ] xT=false
  D4 above=T1 pat=000 resclass=[ -145920489, 95603079, -551 ] xT=false
  D4 above=T3 pat=000 resclass=[ -551, -6, 3306 ] xT=false
  D4 above=T1 pat=000 resclass=[ -145920489, 95603079, -551 ] xT=false
  D4 above=T2 pat=000 resclass=[ 95603079, -63735386, -6 ] xT=false
  D4 above=T2 pat=000 resclass=[ 95603079, -63735386, -6 ] xT=false
  D4 above=T3 pat=000 resclass=[ -551, -6, 3306 ] xT=false
  D4 above=T1 pat=000 resclass=[ -145920489, 95603079, -551 ] xT=false
  D4 above=T3 pat=000 resclass=[ -551, -6, 3306 ] xT=false
  D4 above=T1 pat=000 resclass=[ -145920489, 95603079, -551 ] xT=false
MEMBER stv 19/14 8/19 -5/13 shape=[ 1, 1, 2, 2 ] tors=[ 4, 4 ] order4=12 norm111=0 xTpass=0
  D4 above=T2 pat=000 resclass=[ 124631133646305, -3776701019585, -33 ] xT=false
  D4 above=T2 pat=000 resclass=[ 124631133646305, -3776701019585, -33 ] xT=false
  D4 above=T3 pat=000 resclass=[ 29756917, -33, -981978261 ] xT=false
  D4 above=T1 pat=000 resclass=[ 3708638299529005241685, 124631133646305, 29756917 ] xT=false
  D4 above=T3 pat=000 resclass=[ 29756917, -33, -981978261 ] xT=false
  D4 above=T1 pat=000 resclass=[ 3708638299529005241685, 124631133646305, 29756917 ] xT=false
  D4 above=T2 pat=000 resclass=[ 124631133646305, -3776701019585, -33 ] xT=false
  D4 above=T2 pat=000 resclass=[ 124631133646305, -3776701019585, -33 ] xT=false
  D4 above=T3 pat=000 resclass=[ 29756917, -33, -981978261 ] xT=false
  D4 above=T1 pat=000 resclass=[ 3708638299529005241685, 124631133646305, 29756917 ] xT=false
  D4 above=T3 pat=000 resclass=[ 29756917, -33, -981978261 ] xT=false
  D4 above=T1 pat=000 resclass=[ 3708638299529005241685, 124631133646305, 29756917 ] xT=false
PART_DONE part=125
