MEMBER stv 1/4 2/3 -3/2 shape=[ 1, 1, 2, 2 ] tors=[ 4, 4 ] order4=12 norm111=0 xTpass=0
  D4 above=T3 pat=000 resclass=[ -319, -5, 1595 ] xT=false
  D4 above=T3 pat=000 resclass=[ -319, -5, 1595 ] xT=false
  D4 above=T2 pat=000 resclass=[ 134270, -26854, -5 ] xT=false
  D4 above=T1 pat=000 resclass=[ -50930, 134270, -319 ] xT=false
  D4 above=T2 pat=000 resclass=[ 134270, -26854, -5 ] xT=false
  D4 above=T1 pat=000 resclass=[ -50930, 134270, -319 ] xT=false
  D4 above=T3 pat=000 resclass=[ -319, -5, 1595 ] xT=false
  D4 above=T3 pat=000 resclass=[ -319, -5, 1595 ] xT=false
  D4 above=T2 pat=000 resclass=[ 134270, -26854, -5 ] xT=false
  D4 above=T1 pat=000 resclass=[ -50930, 134270, -319 ] xT=false
  D4 above=T2 pat=000 resclass=[ 134270, -26854, -5 ] xT=false
  D4 above=T1 pat=000 resclass=[ -50930, 134270, -319 ] xT=false
MEMBER stv 1/3 1/2 -2/3 shape=[ 1, 1, 2, 2 ] tors=[ 4, 4 ] order4=12 norm111=0 xTpass=0
  D4 above=T3 pat=000 resclass=[ -65, -3, 195 ] xT=false
  D4 above=T3 pat=000 resclass=[ -65, -3, 195 ] xT=false
  D4 above=T2 pat=000 resclass=[ 173, -519, -3 ] xT=false
  D4 above=T1 pat=000 resclass=[ -11245, 173, -65 ] xT=false
  D4 above=T2 pat=000 resclass=[ 173, -519, -3 ] xT=false
  D4 above=T1 pat=000 resclass=[ -11245, 173, -65 ] xT=false
  D4 above=T3 pat=000 resclass=[ -65, -3, 195 ] xT=false
  D4 above=T3 pat=000 resclass=[ -65, -3, 195 ] xT=false
  D4 above=T2 pat=000 resclass=[ 173, -519, -3 ] xT=false
  D4 above=T1 pat=000 resclass=[ -11245, 173, -65 ] xT=false
  D4 above=T2 pat=000 resclass=[ 173, -519, -3 ] xT=false
  D4 above=T1 pat=000 resclass=[ -11245, 173, -65 ] xT=false
MEMBER stv 1/2 1/4 -4 INVALID
MEMBER stv 1/2 4 -4/3 shape=[ 1, 1, 2, 2 ] tors=[ 4, 4 ] order4=12 norm111=0 xTpass=0
  D4 above=T1 pat=000 resclass=[ 2162095, -2405, -899 ] xT=false
  D4 above=T1 pat=000 resclass=[ 2162095, -2405, -899 ] xT=false
  D4 above=T3 pat=000 resclass=[ -899, 15, -13485 ] xT=false
  D4 above=T2 pat=000 resclass=[ -2405, -1443, 15 ] xT=false
  D4 above=T3 pat=000 resclass=[ -899, 15, -13485 ] xT=false
  D4 above=T2 pat=000 resclass=[ -2405, -1443, 15 ] xT=false
  D4 above=T1 pat=000 resclass=[ 2162095, -2405, -899 ] xT=false
  D4 above=T1 pat=000 resclass=[ 2162095, -2405, -899 ] xT=false
  D4 above=T3 pat=000 resclass=[ -899, 15, -13485 ] xT=false
  D4 above=T2 pat=000 resclass=[ -2405, -1443, 15 ] xT=false
  D4 above=T3 pat=000 resclass=[ -899, 15, -13485 ] xT=false
  D4 above=T2 pat=000 resclass=[ -2405, -1443, 15 ] xT=false
MEMBER stv 2/3 3 -1/2 shape=[ 1, 1, 2, 2 ] tors=[ 4, 4 ] order4=12 norm111=0 xTpass=0
  D4 above=T3 pat=000 resclass=[ -143, 2, -286 ] xT=false
  D4 above=T3 pat=000 resclass=[ -143, 2, -286 ] xT=false
  D4 above=T1 pat=000 resclass=[ 331331, -2317, -143 ] xT=false
  D4 above=T2 pat=000 resclass=[ -2317, -4634, 2 ] xT=false
  D4 above=T1 pat=000 resclass=[ 331331, -2317, -143 ] xT=false
  D4 above=T2 pat=000 resclass=[ -2317, -4634, 2 ] xT=false
  D4 above=T3 pat=000 resclass=[ -143, 2, -286 ] xT=false
  D4 above=T3 pat=000 resclass=[ -143, 2, -286 ] xT=false
  D4 above=T1 pat=000 resclass=[ 331331, -2317, -143 ] xT=false
  D4 above=T2 pat=000 resclass=[ -2317, -4634, 2 ] xT=false
  D4 above=T1 pat=000 resclass=[ 331331, -2317, -143 ] xT=false
  D4 above=T2 pat=000 resclass=[ -2317, -4634, 2 ] xT=false
MEMBER stv 3/4 3/2 -3 shape=[ 1, 1, 2, 2 ] tors=[ 4, 4 ] order4=12 norm111=0 xTpass=0
  D4 above=T2 pat=000 resclass=[ 5115, 1023, 5 ] xT=false
  D4 above=T2 pat=000 resclass=[ 5115, 1023, 5 ] xT=false
  D4 above=T1 pat=000 resclass=[ -5115, 5115, -1 ] xT=false
  D4 above=T3 pat=000 resclass=[ -1, 5, -5 ] xT=false
  D4 above=T1 pat=000 resclass=[ -5115, 5115, -1 ] xT=false
  D4 above=T3 pat=000 resclass=[ -1, 5, -5 ] xT=false
  D4 above=T2 pat=000 resclass=[ 5115, 1023, 5 ] xT=false
  D4 above=T2 pat=000 resclass=[ 5115, 1023, 5 ] xT=false
  D4 above=T1 pat=000 resclass=[ -5115, 5115, -1 ] xT=false
  D4 above=T3 pat=000 resclass=[ -1, 5, -5 ] xT=false
  D4 above=T1 pat=000 resclass=[ -5115, 5115, -1 ] xT=false
  D4 above=T3 pat=000 resclass=[ -1, 5, -5 ] xT=false
MEMBER stv 1 4/3 -1 INVALID
MEMBER stv 4/3 3/4 -1/3 shape=[ 1, 1, 2, 2 ] tors=[ 4, 4 ] order4=12 norm111=0 xTpass=0
  D4 above=T2 pat=000 resclass=[ 519519, -74217, -7 ] xT=false
  D4 above=T2 pat=000 resclass=[ 519519, -74217, -7 ] xT=false
  D4 above=T1 pat=000 resclass=[ 1898841945, 519519, 3655 ] xT=false
  D4 above=T3 pat=000 resclass=[ 3655, -7, -25585 ] xT=false
  D4 above=T1 pat=000 resclass=[ 1898841945, 519519, 3655 ] xT=false
  D4 above=T3 pat=000 resclass=[ 3655, -7, -25585 ] xT=false
  D4 above=T2 pat=000 resclass=[ 519519, -74217, -7 ] xT=false
  D4 above=T2 pat=000 resclass=[ 519519, -74217, -7 ] xT=false
  D4 above=T1 pat=000 resclass=[ 1898841945, 519519, 3655 ] xT=false
  D4 above=T3 pat=000 resclass=[ 3655, -7, -25585 ] xT=false
  D4 above=T1 pat=000 resclass=[ 1898841945, 519519, 3655 ] xT=false
  D4 above=T3 pat=000 resclass=[ 3655, -7, -25585 ] xT=false
MEMBER stv 3/2 1/2 -2 shape=[ 1, 1, 2, 2 ] tors=[ 4, 4 ] order4=12 norm111=0 xTpass=0
  D4 above=T3 pat=000 resclass=[ 3, -3, -1 ] xT=false
  D4 above=T3 pat=000 resclass=[ 3, -3, -1 ] xT=false
  D4 above=T2 pat=000 resclass=[ 1302, -434, -3 ] xT=false
  D4 above=T1 pat=000 resclass=[ 434, 1302, 3 ] xT=false
  D4 above=T2 pat=000 resclass=[ 1302, -434, -3 ] xT=false
  D4 above=T1 pat=000 resclass=[ 434, 1302, 3 ] xT=false
  D4 above=T3 pat=000 resclass=[ 3, -3, -1 ] xT=false
  D4 above=T3 pat=000 resclass=[ 3, -3, -1 ] xT=false
  D4 above=T2 pat=000 resclass=[ 1302, -434, -3 ] xT=false
  D4 above=T1 pat=000 resclass=[ 434, 1302, 3 ] xT=false
  D4 above=T2 pat=000 resclass=[ 1302, -434, -3 ] xT=false
  D4 above=T1 pat=000 resclass=[ 434, 1302, 3 ] xT=false
MEMBER stv 2 1/3 -3/4 shape=[ 1, 1, 2, 2 ] tors=[ 4, 4 ] order4=12 norm111=0 xTpass=0
  D4 above=T3 pat=000 resclass=[ 65, -2, -130 ] xT=false
  D4 above=T3 pat=000 resclass=[ 65, -2, -130 ] xT=false
  D4 above=T2 pat=000 resclass=[ 14, -7, -2 ] xT=false
  D4 above=T1 pat=000 resclass=[ 910, 14, 65 ] xT=false
  D4 above=T2 pat=000 resclass=[ 14, -7, -2 ] xT=false
  D4 above=T1 pat=000 resclass=[ 910, 14, 65 ] xT=false
  D4 above=T3 pat=000 resclass=[ 65, -2, -130 ] xT=false
  D4 above=T3 pat=000 resclass=[ 65, -2, -130 ] xT=false
  D4 above=T2 pat=000 resclass=[ 14, -7, -2 ] xT=false
  D4 above=T1 pat=000 resclass=[ 910, 14, 65 ] xT=false
  D4 above=T2 pat=000 resclass=[ 14, -7, -2 ] xT=false
  D4 above=T1 pat=000 resclass=[ 910, 14, 65 ] xT=false
MEMBER stv 3 1/4 -1/4 shape=[ 1, 1, 2, 2 ] tors=[ 4, 4 ] order4=12 norm111=0 xTpass=0
  D4 above=T3 pat=000 resclass=[ 231, -15, -385 ] xT=false
  D4 above=T3 pat=000 resclass=[ 231, -15, -385 ] xT=false
  D4 above=T1 pat=000 resclass=[ 2035, 3885, 231 ] xT=false
  D4 above=T2 pat=000 resclass=[ 3885, -259, -15 ] xT=false
  D4 above=T1 pat=000 resclass=[ 2035, 3885, 231 ] xT=false
  D4 above=T2 pat=000 resclass=[ 3885, -259, -15 ] xT=false
  D4 above=T3 pat=000 resclass=[ 231, -15, -385 ] xT=false
  D4 above=T3 pat=000 resclass=[ 231, -15, -385 ] xT=false
  D4 above=T1 pat=000 resclass=[ 2035, 3885, 231 ] xT=false
  D4 above=T2 pat=000 resclass=[ 3885, -259, -15 ] xT=false
  D4 above=T1 pat=000 resclass=[ 2035, 3885, 231 ] xT=false
  D4 above=T2 pat=000 resclass=[ 3885, -259, -15 ] xT=false
MEMBER stv 3 3 -3/2 shape=[ 1, 1, 2, 2 ] tors=[ 4, 4 ] order4=12 norm111=0 xTpass=0
  D4 above=T1 pat=000 resclass=[ -31515, 573, -55 ] xT=false
  D4 above=T1 pat=000 resclass=[ -31515, 573, -55 ] xT=false
  D4 above=T3 pat=000 resclass=[ -55, 2, -110 ] xT=false
  D4 above=T2 pat=000 resclass=[ 573, 1146, 2 ] xT=false
  D4 above=T3 pat=000 resclass=[ -55, 2, -110 ] xT=false
  D4 above=T2 pat=000 resclass=[ 573, 1146, 2 ] xT=false
  D4 above=T1 pat=000 resclass=[ -31515, 573, -55 ] xT=false
  D4 above=T1 pat=000 resclass=[ -31515, 573, -55 ] xT=false
  D4 above=T3 pat=000 resclass=[ -55, 2, -110 ] xT=false
  D4 above=T2 pat=000 resclass=[ 573, 1146, 2 ] xT=false
  D4 above=T3 pat=000 resclass=[ -55, 2, -110 ] xT=false
  D4 above=T2 pat=000 resclass=[ 573, 1146, 2 ] xT=false
MEMBER stv 4 2 -2/3 shape=[ 1, 1, 2, 2 ] tors=[ 4, 4 ] order4=12 norm111=0 xTpass=0
  D4 above=T1 pat=000 resclass=[ -2030, -290, 7 ] xT=false
  D4 above=T1 pat=000 resclass=[ -2030, -290, 7 ] xT=false
  D4 above=T3 pat=000 resclass=[ 7, 3, 21 ] xT=false
  D4 above=T2 pat=000 resclass=[ -290, -870, 3 ] xT=false
  D4 above=T3 pat=000 resclass=[ 7, 3, 21 ] xT=false
  D4 above=T2 pat=000 resclass=[ -290, -870, 3 ] xT=false
  D4 above=T1 pat=000 resclass=[ -2030, -290, 7 ] xT=false
  D4 above=T1 pat=000 resclass=[ -2030, -290, 7 ] xT=false
  D4 above=T3 pat=000 resclass=[ 7, 3, 21 ] xT=false
  D4 above=T2 pat=000 resclass=[ -290, -870, 3 ] xT=false
  D4 above=T3 pat=000 resclass=[ 7, 3, 21 ] xT=false
  D4 above=T2 pat=000 resclass=[ -290, -870, 3 ] xT=false
MEMBER stv 15/7 2 -14/19 shape=[ 1, 1, 1, 1, 2 ] tors=[ 2, 4, 4 ] order4=24 norm111=0 xTpass=0
  D4 above=T1 pat=000 resclass=[ -36216299, -217297794, 6 ] xT=false
  D4 above=T1 pat=000 resclass=[ -36216299, 217297794, -6 ] xT=false
  D4 above=T1 pat=000 resclass=[ -36216299, -217297794, 6 ] xT=false
  D4 above=T1 pat=000 resclass=[ -36216299, 217297794, -6 ] xT=false
  D4 above=T3 pat=000 resclass=[ -6, 3, -2 ] xT=false
  D4 above=T3 pat=000 resclass=[ -6, -3, 2 ] xT=false
  D4 above=T2 pat=000 resclass=[ 217297794, -72432598, -3 ] xT=false
  D4 above=T2 pat=000 resclass=[ 217297794, 72432598, 3 ] xT=false
  D4 above=T3 pat=000 resclass=[ -6, 3, -2 ] xT=false
  D4 above=T3 pat=000 resclass=[ -6, -3, 2 ] xT=false
  D4 above=T2 pat=000 resclass=[ 217297794, -72432598, -3 ] xT=false
  D4 above=T2 pat=000 resclass=[ 217297794, 72432598, 3 ] xT=false
  D4 above=T1 pat=000 resclass=[ -36216299, -217297794, 6 ] xT=false
  D4 above=T1 pat=000 resclass=[ -36216299, 217297794, -6 ] xT=false
  D4 above=T1 pat=000 resclass=[ -36216299, -217297794, 6 ] xT=false
  D4 above=T1 pat=000 resclass=[ -36216299, 217297794, -6 ] xT=false
  D4 above=T3 pat=000 resclass=[ -6, 3, -2 ] xT=false
  D4 above=T3 pat=000 resclass=[ -6, -3, 2 ] xT=false
  D4 above=T2 pat=000 resclass=[ 217297794, -72432598, -3 ] xT=false
  D4 above=T2 pat=000 resclass=[ 217297794, 72432598, 3 ] xT=false
  D4 above=T3 pat=000 resclass=[ -6, 3, -2 ] xT=false
  D4 above=T3 pat=000 resclass=[ -6, -3, 2 ] xT=false
  D4 above=T2 pat=000 resclass=[ 217297794, -72432598, -3 ] xT=false
  D4 above=T2 pat=000 resclass=[ 217297794, 72432598, 3 ] xT=false
MEMBER stv 2 8/19 8/9 shape=[ 1, 1, 2, 2 ] tors=[ 4, 4 ] order4=12 norm111=0 xTpass=0
  D4 above=T1 pat=000 resclass=[ -10303775036742, -594803154, 17323 ] xT=false
  D4 above=T1 pat=000 resclass=[ -10303775036742, -594803154, 17323 ] xT=false
  D4 above=T3 pat=000 resclass=[ 17323, -33, -571659 ] xT=false
  D4 above=T2 pat=000 resclass=[ -594803154, 18024338, -33 ] xT=false
  D4 above=T3 pat=000 resclass=[ 17323, -33, -571659 ] xT=false
  D4 above=T2 pat=000 resclass=[ -594803154, 18024338, -33 ] xT=false
  D4 above=T1 pat=000 resclass=[ -10303775036742, -594803154, 17323 ] xT=false
  D4 above=T1 pat=000 resclass=[ -10303775036742, -594803154, 17323 ] xT=false
  D4 above=T3 pat=000 resclass=[ 17323, -33, -571659 ] xT=false
  D4 above=T2 pat=000 resclass=[ -594803154, 18024338, -33 ] xT=false
  D4 above=T3 pat=000 resclass=[ 17323, -33, -571659 ] xT=false
  D4 above=T2 pat=000 resclass=[ -594803154, 18024338, -33 ] xT=false
MEMBER stv 8/9 14/3 -3/2 shape=[ 1, 1, 2, 2 ] tors=[ 4, 4 ] order4=12 norm111=0 xTpass=0
  D4 above=T1 pat=000 resclass=[ -15944729658, 11420090, -34905 ] xT=false
  D4 above=T1 pat=000 resclass=[ -15944729658, 11420090, -34905 ] xT=false
  D4 above=T3 pat=000 resclass=[ -34905, 187, -6527235 ] xT=false
  D4 above=T2 pat=000 resclass=[ 11420090, 61070, 187 ] xT=false
  D4 above=T3 pat=000 resclass=[ -34905, 187, -6527235 ] xT=false
  D4 above=T2 pat=000 resclass=[ 11420090, 61070, 187 ] xT=false
  D4 above=T1 pat=000 resclass=[ -15944729658, 11420090, -34905 ] xT=false
  D4 above=T1 pat=000 resclass=[ -15944729658, 11420090, -34905 ] xT=false
  D4 above=T3 pat=000 resclass=[ -34905, 187, -6527235 ] xT=false
  D4 above=T2 pat=000 resclass=[ 11420090, 61070, 187 ] xT=false
  D4 above=T3 pat=000 resclass=[ -34905, 187, -6527235 ] xT=false
  D4 above=T2 pat=000 resclass=[ 11420090, 61070, 187 ] xT=false
PART_DONE part=126
