MEMBER stv 1/4 2/3 2 shape=[ 1, 1, 2, 2 ] tors=[ 4, 4 ] order4=12 norm111=0 xTpass=0
  D4 above=T1 pat=000 resclass=[ 3346310, -10490, -319 ] xT=false
  D4 above=T1 pat=000 resclass=[ 3346310, -10490, -319 ] xT=false
  D4 above=T2 pat=000 resclass=[ -10490, 2098, -5 ] xT=false
  D4 above=T3 pat=000 resclass=[ -319, -5, 1595 ] xT=false
  D4 above=T2 pat=000 resclass=[ -10490, 2098, -5 ] xT=false
  D4 above=T3 pat=000 resclass=[ -319, -5, 1595 ] xT=false
  D4 above=T1 pat=000 resclass=[ 3346310, -10490, -319 ] xT=false
  D4 above=T1 pat=000 resclass=[ 3346310, -10490, -319 ] xT=false
  D4 above=T2 pat=000 resclass=[ -10490, 2098, -5 ] xT=false
  D4 above=T3 pat=000 resclass=[ -319, -5, 1595 ] xT=false
  D4 above=T2 pat=000 resclass=[ -10490, 2098, -5 ] xT=false
  D4 above=T3 pat=000 resclass=[ -319, -5, 1595 ] xT=false
MEMBER stv 1/3 1/2 3/4 shape=[ 1, 1, 2, 2 ] tors=[ 4, 4 ] order4=12 norm111=0 xTpass=0
  D4 above=T1 pat=000 resclass=[ 47, -3055, -65 ] xT=false
  D4 above=T1 pat=000 resclass=[ 47, -3055, -65 ] xT=false
  D4 above=T3 pat=000 resclass=[ -65, -3, 195 ] xT=false
  D4 above=T2 pat=000 resclass=[ -3055, 9165, -3 ] xT=false
  D4 above=T3 pat=000 resclass=[ -65, -3, 195 ] xT=false
  D4 above=T2 pat=000 resclass=[ -3055, 9165, -3 ] xT=false
  D4 above=T1 pat=000 resclass=[ 47, -3055, -65 ] xT=false
  D4 above=T1 pat=000 resclass=[ 47, -3055, -65 ] xT=false
  D4 above=T3 pat=000 resclass=[ -65, -3, 195 ] xT=false
  D4 above=T2 pat=000 resclass=[ -3055, 9165, -3 ] xT=false
  D4 above=T3 pat=000 resclass=[ -65, -3, 195 ] xT=false
  D4 above=T2 pat=000 resclass=[ -3055, 9165, -3 ] xT=false
MEMBER stv 1/2 1/3 1/4 shape=[ 1, 1, 2, 2 ] tors=[ 4, 4 ] order4=12 norm111=0 xTpass=0
  D4 above=T3 pat=000 resclass=[ -7, -2, 14 ] xT=false
  D4 above=T3 pat=000 resclass=[ -7, -2, 14 ] xT=false
  D4 above=T2 pat=000 resclass=[ -47906, 23953, -2 ] xT=false
  D4 above=T1 pat=000 resclass=[ 335342, -47906, -7 ] xT=false
  D4 above=T2 pat=000 resclass=[ -47906, 23953, -2 ] xT=false
  D4 above=T1 pat=000 resclass=[ 335342, -47906, -7 ] xT=false
  D4 above=T3 pat=000 resclass=[ -7, -2, 14 ] xT=false
  D4 above=T3 pat=000 resclass=[ -7, -2, 14 ] xT=false
  D4 above=T2 pat=000 resclass=[ -47906, 23953, -2 ] xT=false
  D4 above=T1 pat=000 resclass=[ 335342, -47906, -7 ] xT=false
  D4 above=T2 pat=000 resclass=[ -47906, 23953, -2 ] xT=false
  D4 above=T1 pat=000 resclass=[ 335342, -47906, -7 ] xT=false
MEMBER stv 1/2 4 3/2 shape=[ 1, 1, 2, 2 ] tors=[ 4, 4 ] order4=12 norm111=0 xTpass=0
  D4 above=T1 pat=000 resclass=[ 283715410, -315590, -899 ] xT=false
  D4 above=T1 pat=000 resclass=[ 283715410, -315590, -899 ] xT=false
  D4 above=T2 pat=000 resclass=[ -315590, -189354, 15 ] xT=false
  D4 above=T3 pat=000 resclass=[ -899, 15, -13485 ] xT=false
  D4 above=T2 pat=000 resclass=[ -315590, -189354, 15 ] xT=false
  D4 above=T3 pat=000 resclass=[ -899, 15, -13485 ] xT=false
  D4 above=T1 pat=000 resclass=[ 283715410, -315590, -899 ] xT=false
  D4 above=T1 pat=000 resclass=[ 283715410, -315590, -899 ] xT=false
  D4 above=T2 pat=000 resclass=[ -315590, -189354, 15 ] xT=false
  D4 above=T3 pat=000 resclass=[ -899, 15, -13485 ] xT=false
  D4 above=T2 pat=000 resclass=[ -315590, -189354, 15 ] xT=false
  D4 above=T3 pat=000 resclass=[ -899, 15, -13485 ] xT=false
MEMBER stv 2/3 3 2/3 shape=[ 1, 1, 2, 2 ] tors=[ 4, 4 ] order4=12 norm111=0 xTpass=0
  D4 above=T1 pat=000 resclass=[ 112035, -132405, -143 ] xT=false
  D4 above=T1 pat=000 resclass=[ 112035, -132405, -143 ] xT=false
  D4 above=T3 pat=000 resclass=[ -143, 2, -286 ] xT=false
  D4 above=T2 pat=000 resclass=[ -132405, -264810, 2 ] xT=false
  D4 above=T3 pat=000 resclass=[ -143, 2, -286 ] xT=false
  D4 above=T2 pat=000 resclass=[ -132405, -264810, 2 ] xT=false
  D4 above=T1 pat=000 resclass=[ 112035, -132405, -143 ] xT=false
  D4 above=T1 pat=000 resclass=[ 112035, -132405, -143 ] xT=false
  D4 above=T3 pat=000 resclass=[ -143, 2, -286 ] xT=false
  D4 above=T2 pat=000 resclass=[ -132405, -264810, 2 ] xT=false
  D4 above=T3 pat=000 resclass=[ -143, 2, -286 ] xT=false
  D4 above=T2 pat=000 resclass=[ -132405, -264810, 2 ] xT=false
MEMBER stv 3/4 3/2 4 shape=[ 1, 1, 2, 2 ] tors=[ 4, 4 ] order4=12 norm111=0 xTpass=0
  D4 above=T3 pat=000 resclass=[ -1, 5, -5 ] xT=false
  D4 above=T3 pat=000 resclass=[ -1, 5, -5 ] xT=false
  D4 above=T2 pat=000 resclass=[ -130, -26, 5 ] xT=false
  D4 above=T1 pat=000 resclass=[ 130, -130, -1 ] xT=false
  D4 above=T2 pat=000 resclass=[ -130, -26, 5 ] xT=false
  D4 above=T1 pat=000 resclass=[ 130, -130, -1 ] xT=false
  D4 above=T3 pat=000 resclass=[ -1, 5, -5 ] xT=false
  D4 above=T3 pat=000 resclass=[ -1, 5, -5 ] xT=false
  D4 above=T2 pat=000 resclass=[ -130, -26, 5 ] xT=false
  D4 above=T1 pat=000 resclass=[ 130, -130, -1 ] xT=false
  D4 above=T2 pat=000 resclass=[ -130, -26, 5 ] xT=false
  D4 above=T1 pat=000 resclass=[ 130, -130, -1 ] xT=false
MEMBER stv 1 4/3 4/3 shape=[ 1, 1, 2, 2 ] tors=[ 4, 4 ] order4=12 norm111=0 xTpass=0
  D4 above=T2 pat=000 resclass=[ 357, 51, 7 ] xT=false
  D4 above=T2 pat=000 resclass=[ 357, 51, 7 ] xT=false
  D4 above=T3 pat=000 resclass=[ 2, 7, 14 ] xT=false
  D4 above=T1 pat=000 resclass=[ 714, 357, 2 ] xT=false
  D4 above=T3 pat=000 resclass=[ 2, 7, 14 ] xT=false
  D4 above=T1 pat=000 resclass=[ 714, 357, 2 ] xT=false
  D4 above=T2 pat=000 resclass=[ 357, 51, 7 ] xT=false
  D4 above=T2 pat=000 resclass=[ 357, 51, 7 ] xT=false
  D4 above=T3 pat=000 resclass=[ 2, 7, 14 ] xT=false
  D4 above=T1 pat=000 resclass=[ 714, 357, 2 ] xT=false
  D4 above=T3 pat=000 resclass=[ 2, 7, 14 ] xT=false
  D4 above=T1 pat=000 resclass=[ 714, 357, 2 ] xT=false
MEMBER stv 4/3 3/4 1/2 shape=[ 1, 1, 2, 2 ] tors=[ 4, 4 ] order4=12 norm111=0 xTpass=0
  D4 above=T2 pat=000 resclass=[ -1103249, 157607, -7 ] xT=false
  D4 above=T2 pat=000 resclass=[ -1103249, 157607, -7 ] xT=false
  D4 above=T3 pat=000 resclass=[ 3655, -7, -25585 ] xT=false
  D4 above=T1 pat=000 resclass=[ -13952855, -1103249, 3655 ] xT=false
  D4 above=T3 pat=000 resclass=[ 3655, -7, -25585 ] xT=false
  D4 above=T1 pat=000 resclass=[ -13952855, -1103249, 3655 ] xT=false
  D4 above=T2 pat=000 resclass=[ -1103249, 157607, -7 ] xT=false
  D4 above=T2 pat=000 resclass=[ -1103249, 157607, -7 ] xT=false
  D4 above=T3 pat=000 resclass=[ 3655, -7, -25585 ] xT=false
  D4 above=T1 pat=000 resclass=[ -13952855, -1103249, 3655 ] xT=false
  D4 above=T3 pat=000 resclass=[ 3655, -7, -25585 ] xT=false
  D4 above=T1 pat=000 resclass=[ -13952855, -1103249, 3655 ] xT=false
MEMBER stv 3/2 1/2 3 shape=[ 1, 1, 2, 2 ] tors=[ 4, 4 ] order4=12 norm111=0 xTpass=0
  D4 above=T1 pat=000 resclass=[ -12369, -4123, 3 ] xT=false
  D4 above=T1 pat=000 resclass=[ -12369, -4123, 3 ] xT=false
  D4 above=T2 pat=000 resclass=[ -4123, 12369, -3 ] xT=false
  D4 above=T3 pat=000 resclass=[ 3, -3, -1 ] xT=false
  D4 above=T2 pat=000 resclass=[ -4123, 12369, -3 ] xT=false
  D4 above=T3 pat=000 resclass=[ 3, -3, -1 ] xT=false
  D4 above=T1 pat=000 resclass=[ -12369, -4123, 3 ] xT=false
  D4 above=T1 pat=000 resclass=[ -12369, -4123, 3 ] xT=false
  D4 above=T2 pat=000 resclass=[ -4123, 12369, -3 ] xT=false
  D4 above=T3 pat=000 resclass=[ 3, -3, -1 ] xT=false
  D4 above=T2 pat=000 resclass=[ -4123, 12369, -3 ] xT=false
  D4 above=T3 pat=000 resclass=[ 3, -3, -1 ] xT=false
MEMBER stv 2 1/3 1 shape=[ 1, 1, 2, 2 ] tors=[ 4, 4 ] order4=12 norm111=0 xTpass=0
  D4 above=T1 pat=000 resclass=[ -10738, -4130, 65 ] xT=false
  D4 above=T1 pat=000 resclass=[ -10738, -4130, 65 ] xT=false
  D4 above=T3 pat=000 resclass=[ 65, -2, -130 ] xT=false
  D4 above=T2 pat=000 resclass=[ -4130, 2065, -2 ] xT=false
  D4 above=T3 pat=000 resclass=[ 65, -2, -130 ] xT=false
  D4 above=T2 pat=000 resclass=[ -4130, 2065, -2 ] xT=false
  D4 above=T1 pat=000 resclass=[ -10738, -4130, 65 ] xT=false
  D4 above=T1 pat=000 resclass=[ -10738, -4130, 65 ] xT=false
  D4 above=T3 pat=000 resclass=[ 65, -2, -130 ] xT=false
  D4 above=T2 pat=000 resclass=[ -4130, 2065, -2 ] xT=false
  D4 above=T3 pat=000 resclass=[ 65, -2, -130 ] xT=false
  D4 above=T2 pat=000 resclass=[ -4130, 2065, -2 ] xT=false
MEMBER stv 3 1/4 1/3 shape=[ 1, 1, 2, 2 ] tors=[ 4, 4 ] order4=12 norm111=0 xTpass=0
  D4 above=T2 pat=000 resclass=[ -105, 7, -15 ] xT=false
  D4 above=T2 pat=000 resclass=[ -105, 7, -15 ] xT=false
  D4 above=T3 pat=000 resclass=[ 231, -15, -385 ] xT=false
  D4 above=T1 pat=000 resclass=[ -55, -105, 231 ] xT=false
  D4 above=T3 pat=000 resclass=[ 231, -15, -385 ] xT=false
  D4 above=T1 pat=000 resclass=[ -55, -105, 231 ] xT=false
  D4 above=T2 pat=000 resclass=[ -105, 7, -15 ] xT=false
  D4 above=T2 pat=000 resclass=[ -105, 7, -15 ] xT=false
  D4 above=T3 pat=000 resclass=[ 231, -15, -385 ] xT=false
  D4 above=T1 pat=000 resclass=[ -55, -105, 231 ] xT=false
  D4 above=T3 pat=000 resclass=[ 231, -15, -385 ] xT=false
  D4 above=T1 pat=000 resclass=[ -55, -105, 231 ] xT=false
MEMBER stv 3 3 2 shape=[ 1, 1, 2, 2 ] tors=[ 4, 4 ] order4=12 norm111=0 xTpass=0
  D4 above=T2 pat=000 resclass=[ -95, -190, 2 ] xT=false
  D4 above=T2 pat=000 resclass=[ -95, -190, 2 ] xT=false
  D4 above=T3 pat=000 resclass=[ -55, 2, -110 ] xT=false
  D4 above=T1 pat=000 resclass=[ 209, -95, -55 ] xT=false
  D4 above=T3 pat=000 resclass=[ -55, 2, -110 ] xT=false
  D4 above=T1 pat=000 resclass=[ 209, -95, -55 ] xT=false
  D4 above=T2 pat=000 resclass=[ -95, -190, 2 ] xT=false
  D4 above=T2 pat=000 resclass=[ -95, -190, 2 ] xT=false
  D4 above=T3 pat=000 resclass=[ -55, 2, -110 ] xT=false
  D4 above=T1 pat=000 resclass=[ 209, -95, -55 ] xT=false
  D4 above=T3 pat=000 resclass=[ -55, 2, -110 ] xT=false
  D4 above=T1 pat=000 resclass=[ 209, -95, -55 ] xT=false
MEMBER stv 4 2 3/4 shape=[ 1, 1, 2, 2 ] tors=[ 4, 4 ] order4=12 norm111=0 xTpass=0
  D4 above=T3 pat=000 resclass=[ 7, 3, 21 ] xT=false
  D4 above=T3 pat=000 resclass=[ 7, 3, 21 ] xT=false
  D4 above=T2 pat=000 resclass=[ 13, 39, 3 ] xT=false
  D4 above=T1 pat=000 resclass=[ 91, 13, 7 ] xT=false
  D4 above=T2 pat=000 resclass=[ 13, 39, 3 ] xT=false
  D4 above=T1 pat=000 resclass=[ 91, 13, 7 ] xT=false
  D4 above=T3 pat=000 resclass=[ 7, 3, 21 ] xT=false
  D4 above=T3 pat=000 resclass=[ 7, 3, 21 ] xT=false
  D4 above=T2 pat=000 resclass=[ 13, 39, 3 ] xT=false
  D4 above=T1 pat=000 resclass=[ 91, 13, 7 ] xT=false
  D4 above=T2 pat=000 resclass=[ 13, 39, 3 ] xT=false
  D4 above=T1 pat=000 resclass=[ 91, 13, 7 ] xT=false
MEMBER stv 1/3 15/8 -9 INVALID
MEMBER stv 1/2 12/13 7/8 shape=[ 1, 1, 2, 2 ] tors=[ 4, 4 ] order4=12 norm111=0 xTpass=0
  D4 above=T1 pat=000 resclass=[ -39192832614, -73690526, 26061 ] xT=false
  D4 above=T1 pat=000 resclass=[ -39192832614, -73690526, 26061 ] xT=false
  D4 above=T3 pat=000 resclass=[ 26061, -1, -26061 ] xT=false
  D4 above=T2 pat=000 resclass=[ -73690526, 73690526, -1 ] xT=false
  D4 above=T3 pat=000 resclass=[ 26061, -1, -26061 ] xT=false
  D4 above=T2 pat=000 resclass=[ -73690526, 73690526, -1 ] xT=false
  D4 above=T1 pat=000 resclass=[ -39192832614, -73690526, 26061 ] xT=false
  D4 above=T1 pat=000 resclass=[ -39192832614, -73690526, 26061 ] xT=false
  D4 above=T3 pat=000 resclass=[ 26061, -1, -26061 ] xT=false
  D4 above=T2 pat=000 resclass=[ -73690526, 73690526, -1 ] xT=false
  D4 above=T3 pat=000 resclass=[ 26061, -1, -26061 ] xT=false
  D4 above=T2 pat=000 resclass=[ -73690526, 73690526, -1 ] xT=false
MEMBER stv 16/5 3/2 20/17 shape=[ 1, 1, 2, 2 ] tors=[ 4, 4 ] order4=12 norm111=0 xTpass=0
  D4 above=T2 pat=000 resclass=[ 62422283, 312111415, 5 ] xT=false
  D4 above=T2 pat=000 resclass=[ 62422283, 312111415, 5 ] xT=false
  D4 above=T1 pat=000 resclass=[ 216667744293, 62422283, 3471 ] xT=false
  D4 above=T3 pat=000 resclass=[ 3471, 5, 17355 ] xT=false
  D4 above=T1 pat=000 resclass=[ 216667744293, 62422283, 3471 ] xT=false
  D4 above=T3 pat=000 resclass=[ 3471, 5, 17355 ] xT=false
  D4 above=T2 pat=000 resclass=[ 62422283, 312111415, 5 ] xT=false
  D4 above=T2 pat=000 resclass=[ 62422283, 312111415, 5 ] xT=false
  D4 above=T1 pat=000 resclass=[ 216667744293, 62422283, 3471 ] xT=false
  D4 above=T3 pat=000 resclass=[ 3471, 5, 17355 ] xT=false
  D4 above=T1 pat=000 resclass=[ 216667744293, 62422283, 3471 ] xT=false
  D4 above=T3 pat=000 resclass=[ 3471, 5, 17355 ] xT=false
PART_DONE part=127
