MEMBER stv 1/4 2/3 -2 shape=[ 1, 1, 2, 2 ] tors=[ 4, 4 ] order4=12 norm111=0 xTpass=0
  D4 above=T1 pat=000 resclass=[ -5515510, 17290, -319 ] xT=false
  D4 above=T1 pat=000 resclass=[ -5515510, 17290, -319 ] xT=false
  D4 above=T3 pat=000 resclass=[ -319, -5, 1595 ] xT=false
  D4 above=T2 pat=000 resclass=[ 17290, -3458, -5 ] xT=false
  D4 above=T3 pat=000 resclass=[ -319, -5, 1595 ] xT=false
  D4 above=T2 pat=000 resclass=[ 17290, -3458, -5 ] xT=false
  D4 above=T1 pat=000 resclass=[ -5515510, 17290, -319 ] xT=false
  D4 above=T1 pat=000 resclass=[ -5515510, 17290, -319 ] xT=false
  D4 above=T3 pat=000 resclass=[ -319, -5, 1595 ] xT=false
  D4 above=T2 pat=000 resclass=[ 17290, -3458, -5 ] xT=false
  D4 above=T3 pat=000 resclass=[ -319, -5, 1595 ] xT=false
  D4 above=T2 pat=000 resclass=[ 17290, -3458, -5 ] xT=false
MEMBER stv 1/3 1/2 -3/4 shape=[ 1, 1, 2, 2 ] tors=[ 4, 4 ] order4=12 norm111=0 xTpass=0
  D4 above=T3 pat=000 resclass=[ -65, -3, 195 ] xT=false
  D4 above=T3 pat=000 resclass=[ -65, -3, 195 ] xT=false
  D4 above=T2 pat=000 resclass=[ 1639, -4917, -3 ] xT=false
  D4 above=T1 pat=000 resclass=[ -106535, 1639, -65 ] xT=false
  D4 above=T2 pat=000 resclass=[ 1639, -4917, -3 ] xT=false
  D4 above=T1 pat=000 resclass=[ -106535, 1639, -65 ] xT=false
  D4 above=T3 pat=000 resclass=[ -65, -3, 195 ] xT=false
  D4 above=T3 pat=000 resclass=[ -65, -3, 195 ] xT=false
  D4 above=T2 pat=000 resclass=[ 1639, -4917, -3 ] xT=false
  D4 above=T1 pat=000 resclass=[ -106535, 1639, -65 ] xT=false
  D4 above=T2 pat=000 resclass=[ 1639, -4917, -3 ] xT=false
  D4 above=T1 pat=000 resclass=[ -106535, 1639, -65 ] xT=false
MEMBER stv 1/2 1/3 -1/4 shape=[ 1, 1, 2, 2 ] tors=[ 4, 4 ] order4=12 norm111=0 xTpass=0
  D4 above=T1 pat=000 resclass=[ -30, 210, -7 ] xT=false
  D4 above=T1 pat=000 resclass=[ -30, 210, -7 ] xT=false
  D4 above=T2 pat=000 resclass=[ 210, -105, -2 ] xT=false
  D4 above=T3 pat=000 resclass=[ -7, -2, 14 ] xT=false
  D4 above=T2 pat=000 resclass=[ 210, -105, -2 ] xT=false
  D4 above=T3 pat=000 resclass=[ -7, -2, 14 ] xT=false
  D4 above=T1 pat=000 resclass=[ -30, 210, -7 ] xT=false
  D4 above=T1 pat=000 resclass=[ -30, 210, -7 ] xT=false
  D4 above=T2 pat=000 resclass=[ 210, -105, -2 ] xT=false
  D4 above=T3 pat=000 resclass=[ -7, -2, 14 ] xT=false
  D4 above=T2 pat=000 resclass=[ 210, -105, -2 ] xT=false
  D4 above=T3 pat=000 resclass=[ -7, -2, 14 ] xT=false
MEMBER stv 1/2 4 -3/2 shape=[ 1, 1, 2, 2 ] tors=[ 4, 4 ] order4=12 norm111=0 xTpass=0
  D4 above=T2 pat=000 resclass=[ -5770, -3462, 15 ] xT=false
  D4 above=T2 pat=000 resclass=[ -5770, -3462, 15 ] xT=false
  D4 above=T1 pat=000 resclass=[ 5187230, -5770, -899 ] xT=false
  D4 above=T3 pat=000 resclass=[ -899, 15, -13485 ] xT=false
  D4 above=T1 pat=000 resclass=[ 5187230, -5770, -899 ] xT=false
  D4 above=T3 pat=000 resclass=[ -899, 15, -13485 ] xT=false
  D4 above=T2 pat=000 resclass=[ -5770, -3462, 15 ] xT=false
  D4 above=T2 pat=000 resclass=[ -5770, -3462, 15 ] xT=false
  D4 above=T1 pat=000 resclass=[ 5187230, -5770, -899 ] xT=false
  D4 above=T3 pat=000 resclass=[ -899, 15, -13485 ] xT=false
  D4 above=T1 pat=000 resclass=[ 5187230, -5770, -899 ] xT=false
  D4 above=T3 pat=000 resclass=[ -899, 15, -13485 ] xT=false
MEMBER stv 2/3 3 -2/3 shape=[ 1, 1, 2, 2 ] tors=[ 4, 4 ] order4=12 norm111=0 xTpass=0
  D4 above=T3 pat=000 resclass=[ -143, 2, -286 ] xT=false
  D4 above=T3 pat=000 resclass=[ -143, 2, -286 ] xT=false
  D4 above=T1 pat=000 resclass=[ 10718565, -74955, -143 ] xT=false
  D4 above=T2 pat=000 resclass=[ -74955, -149910, 2 ] xT=false
  D4 above=T1 pat=000 resclass=[ 10718565, -74955, -143 ] xT=false
  D4 above=T2 pat=000 resclass=[ -74955, -149910, 2 ] xT=false
  D4 above=T3 pat=000 resclass=[ -143, 2, -286 ] xT=false
  D4 above=T3 pat=000 resclass=[ -143, 2, -286 ] xT=false
  D4 above=T1 pat=000 resclass=[ 10718565, -74955, -143 ] xT=false
  D4 above=T2 pat=000 resclass=[ -74955, -149910, 2 ] xT=false
  D4 above=T1 pat=000 resclass=[ 10718565, -74955, -143 ] xT=false
  D4 above=T2 pat=000 resclass=[ -74955, -149910, 2 ] xT=false
MEMBER stv 3/4 3/2 -4 shape=[ 1, 1, 2, 2 ] tors=[ 4, 4 ] order4=12 norm111=0 xTpass=0
  D4 above=T3 pat=000 resclass=[ -1, 5, -5 ] xT=false
  D4 above=T3 pat=000 resclass=[ -1, 5, -5 ] xT=false
  D4 above=T2 pat=000 resclass=[ 10, 2, 5 ] xT=false
  D4 above=T1 pat=000 resclass=[ -10, 10, -1 ] xT=false
  D4 above=T2 pat=000 resclass=[ 10, 2, 5 ] xT=false
  D4 above=T1 pat=000 resclass=[ -10, 10, -1 ] xT=false
  D4 above=T3 pat=000 resclass=[ -1, 5, -5 ] xT=false
  D4 above=T3 pat=000 resclass=[ -1, 5, -5 ] xT=false
  D4 above=T2 pat=000 resclass=[ 10, 2, 5 ] xT=false
  D4 above=T1 pat=000 resclass=[ -10, 10, -1 ] xT=false
  D4 above=T2 pat=000 resclass=[ 10, 2, 5 ] xT=false
  D4 above=T1 pat=000 resclass=[ -10, 10, -1 ] xT=false
MEMBER stv 1 4/3 -4/3 shape=[ 1, 1, 2, 2 ] tors=[ 4, 4 ] order4=12 norm111=0 xTpass=0
  D4 above=T1 pat=000 resclass=[ 15414, 7707, 2 ] xT=false
  D4 above=T1 pat=000 resclass=[ 15414, 7707, 2 ] xT=false
  D4 above=T2 pat=000 resclass=[ 7707, 1101, 7 ] xT=false
  D4 above=T3 pat=000 resclass=[ 2, 7, 14 ] xT=false
  D4 above=T2 pat=000 resclass=[ 7707, 1101, 7 ] xT=false
  D4 above=T3 pat=000 resclass=[ 2, 7, 14 ] xT=false
  D4 above=T1 pat=000 resclass=[ 15414, 7707, 2 ] xT=false
  D4 above=T1 pat=000 resclass=[ 15414, 7707, 2 ] xT=false
  D4 above=T2 pat=000 resclass=[ 7707, 1101, 7 ] xT=false
  D4 above=T3 pat=000 resclass=[ 2, 7, 14 ] xT=false
  D4 above=T2 pat=000 resclass=[ 7707, 1101, 7 ] xT=false
  D4 above=T3 pat=000 resclass=[ 2, 7, 14 ] xT=false
MEMBER stv 4/3 3/4 -1/2 shape=[ 1, 1, 2, 2 ] tors=[ 4, 4 ] order4=12 norm111=0 xTpass=0
  D4 above=T1 pat=000 resclass=[ -56287, -385, 3655 ] xT=false
  D4 above=T1 pat=000 resclass=[ -56287, -385, 3655 ] xT=false
  D4 above=T3 pat=000 resclass=[ 3655, -7, -25585 ] xT=false
  D4 above=T2 pat=000 resclass=[ -385, 55, -7 ] xT=false
  D4 above=T3 pat=000 resclass=[ 3655, -7, -25585 ] xT=false
  D4 above=T2 pat=000 resclass=[ -385, 55, -7 ] xT=false
  D4 above=T1 pat=000 resclass=[ -56287, -385, 3655 ] xT=false
  D4 above=T1 pat=000 resclass=[ -56287, -385, 3655 ] xT=false
  D4 above=T3 pat=000 resclass=[ 3655, -7, -25585 ] xT=false
  D4 above=T2 pat=000 resclass=[ -385, 55, -7 ] xT=false
  D4 above=T3 pat=000 resclass=[ 3655, -7, -25585 ] xT=false
  D4 above=T2 pat=000 resclass=[ -385, 55, -7 ] xT=false
MEMBER stv 3/2 1/2 -3 shape=[ 1, 1, 2, 2 ] tors=[ 4, 4 ] order4=12 norm111=0 xTpass=0
  D4 above=T2 pat=000 resclass=[ 2323, -6969, -3 ] xT=false
  D4 above=T2 pat=000 resclass=[ 2323, -6969, -3 ] xT=false
  D4 above=T1 pat=000 resclass=[ 6969, 2323, 3 ] xT=false
  D4 above=T3 pat=000 resclass=[ 3, -3, -1 ] xT=false
  D4 above=T1 pat=000 resclass=[ 6969, 2323, 3 ] xT=false
  D4 above=T3 pat=000 resclass=[ 3, -3, -1 ] xT=false
  D4 above=T2 pat=000 resclass=[ 2323, -6969, -3 ] xT=false
  D4 above=T2 pat=000 resclass=[ 2323, -6969, -3 ] xT=false
  D4 above=T1 pat=000 resclass=[ 6969, 2323, 3 ] xT=false
  D4 above=T3 pat=000 resclass=[ 3, -3, -1 ] xT=false
  D4 above=T1 pat=000 resclass=[ 6969, 2323, 3 ] xT=false
  D4 above=T3 pat=000 resclass=[ 3, -3, -1 ] xT=false
MEMBER stv 2 1/3 -1 shape=[ 1, 1, 2, 2 ] tors=[ 4, 4 ] order4=12 norm111=0 xTpass=0
  D4 above=T3 pat=000 resclass=[ 65, -2, -130 ] xT=false
  D4 above=T3 pat=000 resclass=[ 65, -2, -130 ] xT=false
  D4 above=T2 pat=000 resclass=[ 1506, -753, -2 ] xT=false
  D4 above=T1 pat=000 resclass=[ 97890, 1506, 65 ] xT=false
  D4 above=T2 pat=000 resclass=[ 1506, -753, -2 ] xT=false
  D4 above=T1 pat=000 resclass=[ 97890, 1506, 65 ] xT=false
  D4 above=T3 pat=000 resclass=[ 65, -2, -130 ] xT=false
  D4 above=T3 pat=000 resclass=[ 65, -2, -130 ] xT=false
  D4 above=T2 pat=000 resclass=[ 1506, -753, -2 ] xT=false
  D4 above=T1 pat=000 resclass=[ 97890, 1506, 65 ] xT=false
  D4 above=T2 pat=000 resclass=[ 1506, -753, -2 ] xT=false
  D4 above=T1 pat=000 resclass=[ 97890, 1506, 65 ] xT=false
MEMBER stv 3 1/4 -1/3 shape=[ 1, 1, 2, 2 ] tors=[ 4, 4 ] order4=12 norm111=0 xTpass=0
  D4 above=T3 pat=000 resclass=[ 231, -15, -385 ] xT=false
  D4 above=T3 pat=000 resclass=[ 231, -15, -385 ] xT=false
  D4 above=T2 pat=000 resclass=[ 5170, -3102, -15 ] xT=false
  D4 above=T1 pat=000 resclass=[ 9870, 5170, 231 ] xT=false
  D4 above=T2 pat=000 resclass=[ 5170, -3102, -15 ] xT=false
  D4 above=T1 pat=000 resclass=[ 9870, 5170, 231 ] xT=false
  D4 above=T3 pat=000 resclass=[ 231, -15, -385 ] xT=false
  D4 above=T3 pat=000 resclass=[ 231, -15, -385 ] xT=false
  D4 above=T2 pat=000 resclass=[ 5170, -3102, -15 ] xT=false
  D4 above=T1 pat=000 resclass=[ 9870, 5170, 231 ] xT=false
  D4 above=T2 pat=000 resclass=[ 5170, -3102, -15 ] xT=false
  D4 above=T1 pat=000 resclass=[ 9870, 5170, 231 ] xT=false
MEMBER stv 3 3 -2 shape=[ 1, 1, 2, 2 ] tors=[ 4, 4 ] order4=12 norm111=0 xTpass=0
  D4 above=T2 pat=000 resclass=[ 2159, 4318, 2 ] xT=false
  D4 above=T2 pat=000 resclass=[ 2159, 4318, 2 ] xT=false
  D4 above=T3 pat=000 resclass=[ -55, 2, -110 ] xT=false
  D4 above=T1 pat=000 resclass=[ -118745, 2159, -55 ] xT=false
  D4 above=T3 pat=000 resclass=[ -55, 2, -110 ] xT=false
  D4 above=T1 pat=000 resclass=[ -118745, 2159, -55 ] xT=false
  D4 above=T2 pat=000 resclass=[ 2159, 4318, 2 ] xT=false
  D4 above=T2 pat=000 resclass=[ 2159, 4318, 2 ] xT=false
  D4 above=T3 pat=000 resclass=[ -55, 2, -110 ] xT=false
  D4 above=T1 pat=000 resclass=[ -118745, 2159, -55 ] xT=false
  D4 above=T3 pat=000 resclass=[ -55, 2, -110 ] xT=false
  D4 above=T1 pat=000 resclass=[ -118745, 2159, -55 ] xT=false
MEMBER stv 4 2 -3/4 shape=[ 1, 1, 2, 2 ] tors=[ 4, 4 ] order4=12 norm111=0 xTpass=0
  D4 above=T3 pat=000 resclass=[ 7, 3, 21 ] xT=false
  D4 above=T3 pat=000 resclass=[ 7, 3, 21 ] xT=false
  D4 above=T1 pat=000 resclass=[ -154, -22, 7 ] xT=false
  D4 above=T2 pat=000 resclass=[ -22, -66, 3 ] xT=false
  D4 above=T1 pat=000 resclass=[ -154, -22, 7 ] xT=false
  D4 above=T2 pat=000 resclass=[ -22, -66, 3 ] xT=false
  D4 above=T3 pat=000 resclass=[ 7, 3, 21 ] xT=false
  D4 above=T3 pat=000 resclass=[ 7, 3, 21 ] xT=false
  D4 above=T1 pat=000 resclass=[ -154, -22, 7 ] xT=false
  D4 above=T2 pat=000 resclass=[ -22, -66, 3 ] xT=false
  D4 above=T1 pat=000 resclass=[ -154, -22, 7 ] xT=false
  D4 above=T2 pat=000 resclass=[ -22, -66, 3 ] xT=false
MEMBER stv 9/5 3 -3/2 shape=[ 1, 1, 2, 2 ] tors=[ 4, 4 ] order4=12 norm111=0 xTpass=0
  D4 above=T2 pat=000 resclass=[ 3014853, 6029706, 2 ] xT=false
  D4 above=T2 pat=000 resclass=[ 3014853, 6029706, 2 ] xT=false
  D4 above=T3 pat=000 resclass=[ -31, 2, -62 ] xT=false
  D4 above=T1 pat=000 resclass=[ -93460443, 3014853, -31 ] xT=false
  D4 above=T3 pat=000 resclass=[ -31, 2, -62 ] xT=false
  D4 above=T1 pat=000 resclass=[ -93460443, 3014853, -31 ] xT=false
  D4 above=T2 pat=000 resclass=[ 3014853, 6029706, 2 ] xT=false
  D4 above=T2 pat=000 resclass=[ 3014853, 6029706, 2 ] xT=false
  D4 above=T3 pat=000 resclass=[ -31, 2, -62 ] xT=false
  D4 above=T1 pat=000 resclass=[ -93460443, 3014853, -31 ] xT=false
  D4 above=T3 pat=000 resclass=[ -31, 2, -62 ] xT=false
  D4 above=T1 pat=000 resclass=[ -93460443, 3014853, -31 ] xT=false
MEMBER stv 1/2 17/11 19/6 shape=[ 1, 1, 2, 2 ] tors=[ 4, 4 ] order4=12 norm111=0 xTpass=0
  D4 above=T2 pat=000 resclass=[ -17502364691, -15002026878, 42 ] xT=false
  D4 above=T2 pat=000 resclass=[ -17502364691, -15002026878, 42 ] xT=false
  D4 above=T3 pat=000 resclass=[ -98255, 42, -4126710 ] xT=false
  D4 above=T1 pat=000 resclass=[ 930067519045, -17502364691, -98255 ] xT=false
  D4 above=T3 pat=000 resclass=[ -98255, 42, -4126710 ] xT=false
  D4 above=T1 pat=000 resclass=[ 930067519045, -17502364691, -98255 ] xT=false
  D4 above=T2 pat=000 resclass=[ -17502364691, -15002026878, 42 ] xT=false
  D4 above=T2 pat=000 resclass=[ -17502364691, -15002026878, 42 ] xT=false
  D4 above=T3 pat=000 resclass=[ -98255, 42, -4126710 ] xT=false
  D4 above=T1 pat=000 resclass=[ 930067519045, -17502364691, -98255 ] xT=false
  D4 above=T3 pat=000 resclass=[ -98255, 42, -4126710 ] xT=false
  D4 above=T1 pat=000 resclass=[ 930067519045, -17502364691, -98255 ] xT=false
MEMBER stv 20/11 7/9 6/19 shape=[ 1, 1, 2, 2 ] tors=[ 4, 4 ] order4=12 norm111=0 xTpass=0
  D4 above=T3 pat=000 resclass=[ 156281, -2, -312562 ] xT=false
  D4 above=T3 pat=000 resclass=[ 156281, -2, -312562 ] xT=false
  D4 above=T2 pat=000 resclass=[ -2635438849, 5270877698, -2 ] xT=false
  D4 above=T1 pat=000 resclass=[ -411869018760569, -2635438849, 156281 ] xT=false
  D4 above=T2 pat=000 resclass=[ -2635438849, 5270877698, -2 ] xT=false
  D4 above=T1 pat=000 resclass=[ -411869018760569, -2635438849, 156281 ] xT=false
  D4 above=T3 pat=000 resclass=[ 156281, -2, -312562 ] xT=false
  D4 above=T3 pat=000 resclass=[ 156281, -2, -312562 ] xT=false
  D4 above=T2 pat=000 resclass=[ -2635438849, 5270877698, -2 ] xT=false
  D4 above=T1 pat=000 resclass=[ -411869018760569, -2635438849, 156281 ] xT=false
  D4 above=T2 pat=000 resclass=[ -2635438849, 5270877698, -2 ] xT=false
  D4 above=T1 pat=000 resclass=[ -411869018760569, -2635438849, 156281 ] xT=false
PART_DONE part=128
