MEMBER stv 1/4 2/3 3 shape=[ 1, 1, 2, 2 ] tors=[ 4, 4 ] order4=12 norm111=0 xTpass=0
  D4 above=T1 pat=000 resclass=[ 515185, -1615, -319 ] xT=false
  D4 above=T1 pat=000 resclass=[ 515185, -1615, -319 ] xT=false
  D4 above=T3 pat=000 resclass=[ -319, -5, 1595 ] xT=false
  D4 above=T2 pat=000 resclass=[ -1615, 323, -5 ] xT=false
  D4 above=T3 pat=000 resclass=[ -319, -5, 1595 ] xT=false
  D4 above=T2 pat=000 resclass=[ -1615, 323, -5 ] xT=false
  D4 above=T1 pat=000 resclass=[ 515185, -1615, -319 ] xT=false
  D4 above=T1 pat=000 resclass=[ 515185, -1615, -319 ] xT=false
  D4 above=T3 pat=000 resclass=[ -319, -5, 1595 ] xT=false
  D4 above=T2 pat=000 resclass=[ -1615, 323, -5 ] xT=false
  D4 above=T3 pat=000 resclass=[ -319, -5, 1595 ] xT=false
  D4 above=T2 pat=000 resclass=[ -1615, 323, -5 ] xT=false
MEMBER stv 1/3 1/2 1 shape=[ 1, 1, 2, 2 ] tors=[ 4, 4 ] order4=12 norm111=0 xTpass=0
  D4 above=T1 pat=000 resclass=[ 14586, -5610, -65 ] xT=false
  D4 above=T1 pat=000 resclass=[ 14586, -5610, -65 ] xT=false
  D4 above=T3 pat=000 resclass=[ -65, -3, 195 ] xT=false
  D4 above=T2 pat=000 resclass=[ -5610, 1870, -3 ] xT=false
  D4 above=T3 pat=000 resclass=[ -65, -3, 195 ] xT=false
  D4 above=T2 pat=000 resclass=[ -5610, 1870, -3 ] xT=false
  D4 above=T1 pat=000 resclass=[ 14586, -5610, -65 ] xT=false
  D4 above=T1 pat=000 resclass=[ 14586, -5610, -65 ] xT=false
  D4 above=T3 pat=000 resclass=[ -65, -3, 195 ] xT=false
  D4 above=T2 pat=000 resclass=[ -5610, 1870, -3 ] xT=false
  D4 above=T3 pat=000 resclass=[ -65, -3, 195 ] xT=false
  D4 above=T2 pat=000 resclass=[ -5610, 1870, -3 ] xT=false
MEMBER stv 1/2 1/3 1/3 shape=[ 1, 1, 2, 2 ] tors=[ 4, 4 ] order4=12 norm111=0 xTpass=0
  D4 above=T1 pat=000 resclass=[ 12090, -84630, -7 ] xT=false
  D4 above=T1 pat=000 resclass=[ 12090, -84630, -7 ] xT=false
  D4 above=T2 pat=000 resclass=[ -84630, 42315, -2 ] xT=false
  D4 above=T3 pat=000 resclass=[ -7, -2, 14 ] xT=false
  D4 above=T2 pat=000 resclass=[ -84630, 42315, -2 ] xT=false
  D4 above=T3 pat=000 resclass=[ -7, -2, 14 ] xT=false
  D4 above=T1 pat=000 resclass=[ 12090, -84630, -7 ] xT=false
  D4 above=T1 pat=000 resclass=[ 12090, -84630, -7 ] xT=false
  D4 above=T2 pat=000 resclass=[ -84630, 42315, -2 ] xT=false
  D4 above=T3 pat=000 resclass=[ -7, -2, 14 ] xT=false
  D4 above=T2 pat=000 resclass=[ -84630, 42315, -2 ] xT=false
  D4 above=T3 pat=000 resclass=[ -7, -2, 14 ] xT=false
MEMBER stv 1/2 4 2 shape=[ 1, 1, 2, 2 ] tors=[ 4, 4 ] order4=12 norm111=0 xTpass=0
  D4 above=T2 pat=000 resclass=[ -9570, -638, 15 ] xT=false
  D4 above=T2 pat=000 resclass=[ -9570, -638, 15 ] xT=false
  D4 above=T3 pat=000 resclass=[ -899, 15, -13485 ] xT=false
  D4 above=T1 pat=000 resclass=[ 10230, -9570, -899 ] xT=false
  D4 above=T3 pat=000 resclass=[ -899, 15, -13485 ] xT=false
  D4 above=T1 pat=000 resclass=[ 10230, -9570, -899 ] xT=false
  D4 above=T2 pat=000 resclass=[ -9570, -638, 15 ] xT=false
  D4 above=T2 pat=000 resclass=[ -9570, -638, 15 ] xT=false
  D4 above=T3 pat=000 resclass=[ -899, 15, -13485 ] xT=false
  D4 above=T1 pat=000 resclass=[ 10230, -9570, -899 ] xT=false
  D4 above=T3 pat=000 resclass=[ -899, 15, -13485 ] xT=false
  D4 above=T1 pat=000 resclass=[ 10230, -9570, -899 ] xT=false
MEMBER stv 2/3 3 3/4 shape=[ 1, 1, 2, 2 ] tors=[ 4, 4 ] order4=12 norm111=0 xTpass=0
  D4 above=T2 pat=000 resclass=[ -237, -474, 2 ] xT=false
  D4 above=T2 pat=000 resclass=[ -237, -474, 2 ] xT=false
  D4 above=T1 pat=000 resclass=[ 33891, -237, -143 ] xT=false
  D4 above=T3 pat=000 resclass=[ -143, 2, -286 ] xT=false
  D4 above=T1 pat=000 resclass=[ 33891, -237, -143 ] xT=false
  D4 above=T3 pat=000 resclass=[ -143, 2, -286 ] xT=false
  D4 above=T2 pat=000 resclass=[ -237, -474, 2 ] xT=false
  D4 above=T2 pat=000 resclass=[ -237, -474, 2 ] xT=false
  D4 above=T1 pat=000 resclass=[ 33891, -237, -143 ] xT=false
  D4 above=T3 pat=000 resclass=[ -143, 2, -286 ] xT=false
  D4 above=T1 pat=000 resclass=[ 33891, -237, -143 ] xT=false
  D4 above=T3 pat=000 resclass=[ -143, 2, -286 ] xT=false
MEMBER stv 3/4 2 1/4 shape=[ 1, 1, 2, 2 ] tors=[ 4, 4 ] order4=12 norm111=0 xTpass=0
  D4 above=T2 pat=000 resclass=[ -26061, -8687, 3 ] xT=false
  D4 above=T2 pat=000 resclass=[ -26061, -8687, 3 ] xT=false
  D4 above=T1 pat=000 resclass=[ 43435, -26061, -15 ] xT=false
  D4 above=T3 pat=000 resclass=[ -15, 3, -5 ] xT=false
  D4 above=T1 pat=000 resclass=[ 43435, -26061, -15 ] xT=false
  D4 above=T3 pat=000 resclass=[ -15, 3, -5 ] xT=false
  D4 above=T2 pat=000 resclass=[ -26061, -8687, 3 ] xT=false
  D4 above=T2 pat=000 resclass=[ -26061, -8687, 3 ] xT=false
  D4 above=T1 pat=000 resclass=[ 43435, -26061, -15 ] xT=false
  D4 above=T3 pat=000 resclass=[ -15, 3, -5 ] xT=false
  D4 above=T1 pat=000 resclass=[ 43435, -26061, -15 ] xT=false
  D4 above=T3 pat=000 resclass=[ -15, 3, -5 ] xT=false
MEMBER stv 1 4/3 3/2 shape=[ 1, 1, 2, 2 ] tors=[ 4, 4 ] order4=12 norm111=0 xTpass=0
  D4 above=T2 pat=000 resclass=[ 1610, 230, 7 ] xT=false
  D4 above=T2 pat=000 resclass=[ 1610, 230, 7 ] xT=false
  D4 above=T1 pat=000 resclass=[ 805, 1610, 2 ] xT=false
  D4 above=T3 pat=000 resclass=[ 2, 7, 14 ] xT=false
  D4 above=T1 pat=000 resclass=[ 805, 1610, 2 ] xT=false
  D4 above=T3 pat=000 resclass=[ 2, 7, 14 ] xT=false
  D4 above=T2 pat=000 resclass=[ 1610, 230, 7 ] xT=false
  D4 above=T2 pat=000 resclass=[ 1610, 230, 7 ] xT=false
  D4 above=T1 pat=000 resclass=[ 805, 1610, 2 ] xT=false
  D4 above=T3 pat=000 resclass=[ 2, 7, 14 ] xT=false
  D4 above=T1 pat=000 resclass=[ 805, 1610, 2 ] xT=false
  D4 above=T3 pat=000 resclass=[ 2, 7, 14 ] xT=false
MEMBER stv 4/3 3/4 2/3 shape=[ 1, 1, 2, 2 ] tors=[ 4, 4 ] order4=12 norm111=0 xTpass=0
  D4 above=T3 pat=000 resclass=[ 3655, -7, -25585 ] xT=false
  D4 above=T3 pat=000 resclass=[ 3655, -7, -25585 ] xT=false
  D4 above=T1 pat=000 resclass=[ -36767256855, -10059441, 3655 ] xT=false
  D4 above=T2 pat=000 resclass=[ -10059441, 1437063, -7 ] xT=false
  D4 above=T1 pat=000 resclass=[ -36767256855, -10059441, 3655 ] xT=false
  D4 above=T2 pat=000 resclass=[ -10059441, 1437063, -7 ] xT=false
  D4 above=T3 pat=000 resclass=[ 3655, -7, -25585 ] xT=false
  D4 above=T3 pat=000 resclass=[ 3655, -7, -25585 ] xT=false
  D4 above=T1 pat=000 resclass=[ -36767256855, -10059441, 3655 ] xT=false
  D4 above=T2 pat=000 resclass=[ -10059441, 1437063, -7 ] xT=false
  D4 above=T1 pat=000 resclass=[ -36767256855, -10059441, 3655 ] xT=false
  D4 above=T2 pat=000 resclass=[ -10059441, 1437063, -7 ] xT=false
MEMBER stv 3/2 1/2 4 shape=[ 1, 1, 2, 2 ] tors=[ 4, 4 ] order4=12 norm111=0 xTpass=0
  D4 above=T2 pat=000 resclass=[ -1290, 430, -3 ] xT=false
  D4 above=T2 pat=000 resclass=[ -1290, 430, -3 ] xT=false
  D4 above=T1 pat=000 resclass=[ -430, -1290, 3 ] xT=false
  D4 above=T3 pat=000 resclass=[ 3, -3, -1 ] xT=false
  D4 above=T1 pat=000 resclass=[ -430, -1290, 3 ] xT=false
  D4 above=T3 pat=000 resclass=[ 3, -3, -1 ] xT=false
  D4 above=T2 pat=000 resclass=[ -1290, 430, -3 ] xT=false
  D4 above=T2 pat=000 resclass=[ -1290, 430, -3 ] xT=false
  D4 above=T1 pat=000 resclass=[ -430, -1290, 3 ] xT=false
  D4 above=T3 pat=000 resclass=[ 3, -3, -1 ] xT=false
  D4 above=T1 pat=000 resclass=[ -430, -1290, 3 ] xT=false
  D4 above=T3 pat=000 resclass=[ 3, -3, -1 ] xT=false
MEMBER stv 2 1/3 4/3 shape=[ 1, 1, 2, 2 ] tors=[ 4, 4 ] order4=12 norm111=0 xTpass=0
  D4 above=T1 pat=000 resclass=[ -11641110, -179094, 65 ] xT=false
  D4 above=T1 pat=000 resclass=[ -11641110, -179094, 65 ] xT=false
  D4 above=T3 pat=000 resclass=[ 65, -2, -130 ] xT=false
  D4 above=T2 pat=000 resclass=[ -179094, 89547, -2 ] xT=false
  D4 above=T3 pat=000 resclass=[ 65, -2, -130 ] xT=false
  D4 above=T2 pat=000 resclass=[ -179094, 89547, -2 ] xT=false
  D4 above=T1 pat=000 resclass=[ -11641110, -179094, 65 ] xT=false
  D4 above=T1 pat=000 resclass=[ -11641110, -179094, 65 ] xT=false
  D4 above=T3 pat=000 resclass=[ 65, -2, -130 ] xT=false
  D4 above=T2 pat=000 resclass=[ -179094, 89547, -2 ] xT=false
  D4 above=T3 pat=000 resclass=[ 65, -2, -130 ] xT=false
  D4 above=T2 pat=000 resclass=[ -179094, 89547, -2 ] xT=false
MEMBER stv 3 1/4 1/2 shape=[ 1, 1, 2, 2 ] tors=[ 4, 4 ] order4=12 norm111=0 xTpass=0
  D4 above=T2 pat=000 resclass=[ -934230, 62282, -15 ] xT=false
  D4 above=T2 pat=000 resclass=[ -934230, 62282, -15 ] xT=false
  D4 above=T3 pat=000 resclass=[ 231, -15, -385 ] xT=false
  D4 above=T1 pat=000 resclass=[ -198170, -934230, 231 ] xT=false
  D4 above=T3 pat=000 resclass=[ 231, -15, -385 ] xT=false
  D4 above=T1 pat=000 resclass=[ -198170, -934230, 231 ] xT=false
  D4 above=T2 pat=000 resclass=[ -934230, 62282, -15 ] xT=false
  D4 above=T2 pat=000 resclass=[ -934230, 62282, -15 ] xT=false
  D4 above=T3 pat=000 resclass=[ 231, -15, -385 ] xT=false
  D4 above=T1 pat=000 resclass=[ -198170, -934230, 231 ] xT=false
  D4 above=T3 pat=000 resclass=[ 231, -15, -385 ] xT=false
  D4 above=T1 pat=000 resclass=[ -198170, -934230, 231 ] xT=false
MEMBER stv 3 3 3 shape=[ 1, 1, 2, 2 ] tors=[ 4, 4 ] order4=12 norm111=0 xTpass=0
  D4 above=T2 pat=000 resclass=[ -1974, -987, 2 ] xT=false
  D4 above=T2 pat=000 resclass=[ -1974, -987, 2 ] xT=false
  D4 above=T1 pat=000 resclass=[ 108570, -1974, -55 ] xT=false
  D4 above=T3 pat=000 resclass=[ -55, 2, -110 ] xT=false
  D4 above=T1 pat=000 resclass=[ 108570, -1974, -55 ] xT=false
  D4 above=T3 pat=000 resclass=[ -55, 2, -110 ] xT=false
  D4 above=T2 pat=000 resclass=[ -1974, -987, 2 ] xT=false
  D4 above=T2 pat=000 resclass=[ -1974, -987, 2 ] xT=false
  D4 above=T1 pat=000 resclass=[ 108570, -1974, -55 ] xT=false
  D4 above=T3 pat=000 resclass=[ -55, 2, -110 ] xT=false
  D4 above=T1 pat=000 resclass=[ 108570, -1974, -55 ] xT=false
  D4 above=T3 pat=000 resclass=[ -55, 2, -110 ] xT=false
MEMBER stv 4 2 1 shape=[ 1, 1, 2, 2 ] tors=[ 4, 4 ] order4=12 norm111=0 xTpass=0
  D4 above=T1 pat=000 resclass=[ 1785, 255, 7 ] xT=false
  D4 above=T1 pat=000 resclass=[ 1785, 255, 7 ] xT=false
  D4 above=T2 pat=000 resclass=[ 255, 85, 3 ] xT=false
  D4 above=T3 pat=000 resclass=[ 7, 3, 21 ] xT=false
  D4 above=T2 pat=000 resclass=[ 255, 85, 3 ] xT=false
  D4 above=T3 pat=000 resclass=[ 7, 3, 21 ] xT=false
  D4 above=T1 pat=000 resclass=[ 1785, 255, 7 ] xT=false
  D4 above=T1 pat=000 resclass=[ 1785, 255, 7 ] xT=false
  D4 above=T2 pat=000 resclass=[ 255, 85, 3 ] xT=false
  D4 above=T3 pat=000 resclass=[ 7, 3, 21 ] xT=false
  D4 above=T2 pat=000 resclass=[ 255, 85, 3 ] xT=false
  D4 above=T3 pat=000 resclass=[ 7, 3, 21 ] xT=false
MEMBER stv 13/15 2 -5 shape=[ 1, 1, 2, 2 ] tors=[ 4, 4 ] order4=12 norm111=0 xTpass=0
  D4 above=T3 pat=000 resclass=[ -29, 3, -87 ] xT=false
  D4 above=T3 pat=000 resclass=[ -29, 3, -87 ] xT=false
  D4 above=T1 pat=000 resclass=[ -2171085, 74865, -29 ] xT=false
  D4 above=T2 pat=000 resclass=[ 74865, 24955, 3 ] xT=false
  D4 above=T1 pat=000 resclass=[ -2171085, 74865, -29 ] xT=false
  D4 above=T2 pat=000 resclass=[ 74865, 24955, 3 ] xT=false
  D4 above=T3 pat=000 resclass=[ -29, 3, -87 ] xT=false
  D4 above=T3 pat=000 resclass=[ -29, 3, -87 ] xT=false
  D4 above=T1 pat=000 resclass=[ -2171085, 74865, -29 ] xT=false
  D4 above=T2 pat=000 resclass=[ 74865, 24955, 3 ] xT=false
  D4 above=T1 pat=000 resclass=[ -2171085, 74865, -29 ] xT=false
  D4 above=T2 pat=000 resclass=[ 74865, 24955, 3 ] xT=false
MEMBER stv 1/3 9/5 6/7 shape=[ 1, 1, 2, 2 ] tors=[ 4, 4 ] order4=12 norm111=0 xTpass=0
  D4 above=T1 pat=000 resclass=[ 128110059363, -4641837, -27599 ] xT=false
  D4 above=T1 pat=000 resclass=[ 128110059363, -4641837, -27599 ] xT=false
  D4 above=T2 pat=000 resclass=[ -4641837, -64985718, 14 ] xT=false
  D4 above=T3 pat=000 resclass=[ -27599, 14, -386386 ] xT=false
  D4 above=T2 pat=000 resclass=[ -4641837, -64985718, 14 ] xT=false
  D4 above=T3 pat=000 resclass=[ -27599, 14, -386386 ] xT=false
  D4 above=T1 pat=000 resclass=[ 128110059363, -4641837, -27599 ] xT=false
  D4 above=T1 pat=000 resclass=[ 128110059363, -4641837, -27599 ] xT=false
  D4 above=T2 pat=000 resclass=[ -4641837, -64985718, 14 ] xT=false
  D4 above=T3 pat=000 resclass=[ -27599, 14, -386386 ] xT=false
  D4 above=T2 pat=000 resclass=[ -4641837, -64985718, 14 ] xT=false
  D4 above=T3 pat=000 resclass=[ -27599, 14, -386386 ] xT=false
MEMBER stv 7/11 1/4 -7/17 shape=[ 1, 1, 2, 2 ] tors=[ 4, 4 ] order4=12 norm111=0 xTpass=0
  D4 above=T1 pat=000 resclass=[ -19137923159382510, 1303584439710, -14681 ] xT=false
  D4 above=T1 pat=000 resclass=[ -19137923159382510, 1303584439710, -14681 ] xT=false
  D4 above=T3 pat=000 resclass=[ -14681, -15, 220215 ] xT=false
  D4 above=T2 pat=000 resclass=[ 1303584439710, -86905629314, -15 ] xT=false
  D4 above=T3 pat=000 resclass=[ -14681, -15, 220215 ] xT=false
  D4 above=T2 pat=000 resclass=[ 1303584439710, -86905629314, -15 ] xT=false
  D4 above=T1 pat=000 resclass=[ -19137923159382510, 1303584439710, -14681 ] xT=false
  D4 above=T1 pat=000 resclass=[ -19137923159382510, 1303584439710, -14681 ] xT=false
  D4 above=T3 pat=000 resclass=[ -14681, -15, 220215 ] xT=false
  D4 above=T2 pat=000 resclass=[ 1303584439710, -86905629314, -15 ] xT=false
  D4 above=T3 pat=000 resclass=[ -14681, -15, 220215 ] xT=false
  D4 above=T2 pat=000 resclass=[ 1303584439710, -86905629314, -15 ] xT=false
PART_DONE part=129
