MEMBER mnv -1/2 1/4 65536/21049 shape=[ 1, 1, 2, 2 ] tors=[ 4, 4 ] order4=12 norm111=12 xTpass=0
  D4 above=T3 pat=111 resclass=[ 1, 1, 1 ] xT=false
  D4 above=T3 pat=111 resclass=[ 1, 1, 1 ] xT=false
  D4 above=T2 pat=111 resclass=[ 1, 1, 1 ] xT=false
  D4 above=T1 pat=111 resclass=[ 1, 1, 1 ] xT=false
  D4 above=T2 pat=111 resclass=[ 1, 1, 1 ] xT=false
  D4 above=T1 pat=111 resclass=[ 1, 1, 1 ] xT=false
  D4 above=T3 pat=111 resclass=[ 1, 1, 1 ] xT=false
  D4 above=T3 pat=111 resclass=[ 1, 1, 1 ] xT=false
  D4 above=T2 pat=111 resclass=[ 1, 1, 1 ] xT=false
  D4 above=T1 pat=111 resclass=[ 1, 1, 1 ] xT=false
  D4 above=T2 pat=111 resclass=[ 1, 1, 1 ] xT=false
  D4 above=T1 pat=111 resclass=[ 1, 1, 1 ] xT=false
MEMBER stv 1/4 2 1/2 shape=[ 1, 1, 2, 2 ] tors=[ 4, 4 ] order4=12 norm111=0 xTpass=0
  D4 above=T3 pat=000 resclass=[ -143, 3, -429 ] xT=false
  D4 above=T3 pat=000 resclass=[ -143, 3, -429 ] xT=false
  D4 above=T1 pat=000 resclass=[ 4134, -3498, -143 ] xT=false
  D4 above=T2 pat=000 resclass=[ -3498, -1166, 3 ] xT=false
  D4 above=T1 pat=000 resclass=[ 4134, -3498, -143 ] xT=false
  D4 above=T2 pat=000 resclass=[ -3498, -1166, 3 ] xT=false
  D4 above=T3 pat=000 resclass=[ -143, 3, -429 ] xT=false
  D4 above=T3 pat=000 resclass=[ -143, 3, -429 ] xT=false
  D4 above=T1 pat=000 resclass=[ 4134, -3498, -143 ] xT=false
  D4 above=T2 pat=000 resclass=[ -3498, -1166, 3 ] xT=false
  D4 above=T1 pat=000 resclass=[ 4134, -3498, -143 ] xT=false
  D4 above=T2 pat=000 resclass=[ -3498, -1166, 3 ] xT=false
MEMBER stv 1/3 4/3 3 shape=[ 1, 1, 2, 2 ] tors=[ 4, 4 ] order4=12 norm111=0 xTpass=0
  D4 above=T2 pat=000 resclass=[ -399, -57, 7 ] xT=false
  D4 above=T2 pat=000 resclass=[ -399, -57, 7 ] xT=false
  D4 above=T3 pat=000 resclass=[ -10, 7, -70 ] xT=false
  D4 above=T1 pat=000 resclass=[ 3990, -399, -10 ] xT=false
  D4 above=T3 pat=000 resclass=[ -10, 7, -70 ] xT=false
  D4 above=T1 pat=000 resclass=[ 3990, -399, -10 ] xT=false
  D4 above=T2 pat=000 resclass=[ -399, -57, 7 ] xT=false
  D4 above=T2 pat=000 resclass=[ -399, -57, 7 ] xT=false
  D4 above=T3 pat=000 resclass=[ -10, 7, -70 ] xT=false
  D4 above=T1 pat=000 resclass=[ 3990, -399, -10 ] xT=false
  D4 above=T3 pat=000 resclass=[ -10, 7, -70 ] xT=false
  D4 above=T1 pat=000 resclass=[ 3990, -399, -10 ] xT=false
MEMBER stv 1/2 3/4 1 shape=[ 1, 1, 2, 2 ] tors=[ 4, 4 ] order4=12 norm111=0 xTpass=0
  D4 above=T2 pat=000 resclass=[ -13405, 1915, -7 ] xT=false
  D4 above=T2 pat=000 resclass=[ -13405, 1915, -7 ] xT=false
  D4 above=T3 pat=000 resclass=[ 15, -7, -105 ] xT=false
  D4 above=T1 pat=000 resclass=[ -8043, -13405, 15 ] xT=false
  D4 above=T3 pat=000 resclass=[ 15, -7, -105 ] xT=false
  D4 above=T1 pat=000 resclass=[ -8043, -13405, 15 ] xT=false
  D4 above=T2 pat=000 resclass=[ -13405, 1915, -7 ] xT=false
  D4 above=T2 pat=000 resclass=[ -13405, 1915, -7 ] xT=false
  D4 above=T3 pat=000 resclass=[ 15, -7, -105 ] xT=false
  D4 above=T1 pat=000 resclass=[ -8043, -13405, 15 ] xT=false
  D4 above=T3 pat=000 resclass=[ 15, -7, -105 ] xT=false
  D4 above=T1 pat=000 resclass=[ -8043, -13405, 15 ] xT=false
MEMBER stv 2/3 2/3 1/3 shape=[ 1, 1, 2, 2 ] tors=[ 4, 4 ] order4=12 norm111=0 xTpass=0
  D4 above=T2 pat=000 resclass=[ -139035, 27807, -5 ] xT=false
  D4 above=T2 pat=000 resclass=[ -139035, 27807, -5 ] xT=false
  D4 above=T3 pat=000 resclass=[ 11, -5, -55 ] xT=false
  D4 above=T1 pat=000 resclass=[ -1529385, -139035, 11 ] xT=false
  D4 above=T3 pat=000 resclass=[ 11, -5, -55 ] xT=false
  D4 above=T1 pat=000 resclass=[ -1529385, -139035, 11 ] xT=false
  D4 above=T2 pat=000 resclass=[ -139035, 27807, -5 ] xT=false
  D4 above=T2 pat=000 resclass=[ -139035, 27807, -5 ] xT=false
  D4 above=T3 pat=000 resclass=[ 11, -5, -55 ] xT=false
  D4 above=T1 pat=000 resclass=[ -1529385, -139035, 11 ] xT=false
  D4 above=T3 pat=000 resclass=[ 11, -5, -55 ] xT=false
  D4 above=T1 pat=000 resclass=[ -1529385, -139035, 11 ] xT=false
MEMBER stv 3/4 1/3 2 shape=[ 1, 1, 2, 2 ] tors=[ 4, 4 ] order4=12 norm111=0 xTpass=0
  D4 above=T3 pat=000 resclass=[ -295, -2, 590 ] xT=false
  D4 above=T3 pat=000 resclass=[ -295, -2, 590 ] xT=false
  D4 above=T1 pat=000 resclass=[ 301903, -25585, -295 ] xT=false
  D4 above=T2 pat=000 resclass=[ -25585, 51170, -2 ] xT=false
  D4 above=T1 pat=000 resclass=[ 301903, -25585, -295 ] xT=false
  D4 above=T2 pat=000 resclass=[ -25585, 51170, -2 ] xT=false
  D4 above=T3 pat=000 resclass=[ -295, -2, 590 ] xT=false
  D4 above=T3 pat=000 resclass=[ -295, -2, 590 ] xT=false
  D4 above=T1 pat=000 resclass=[ 301903, -25585, -295 ] xT=false
  D4 above=T2 pat=000 resclass=[ -25585, 51170, -2 ] xT=false
  D4 above=T1 pat=000 resclass=[ 301903, -25585, -295 ] xT=false
  D4 above=T2 pat=000 resclass=[ -25585, 51170, -2 ] xT=false
MEMBER stv 1 1/4 3/4 shape=[ 1, 1, 2, 2 ] tors=[ 4, 4 ] order4=12 norm111=0 xTpass=0
  D4 above=T3 pat=000 resclass=[ 31, -15, -465 ] xT=false
  D4 above=T3 pat=000 resclass=[ 31, -15, -465 ] xT=false
  D4 above=T1 pat=000 resclass=[ -1993145, -64295, 31 ] xT=false
  D4 above=T2 pat=000 resclass=[ -64295, 38577, -15 ] xT=false
  D4 above=T1 pat=000 resclass=[ -1993145, -64295, 31 ] xT=false
  D4 above=T2 pat=000 resclass=[ -64295, 38577, -15 ] xT=false
  D4 above=T3 pat=000 resclass=[ 31, -15, -465 ] xT=false
  D4 above=T3 pat=000 resclass=[ 31, -15, -465 ] xT=false
  D4 above=T1 pat=000 resclass=[ -1993145, -64295, 31 ] xT=false
  D4 above=T2 pat=000 resclass=[ -64295, 38577, -15 ] xT=false
  D4 above=T1 pat=000 resclass=[ -1993145, -64295, 31 ] xT=false
  D4 above=T2 pat=000 resclass=[ -64295, 38577, -15 ] xT=false
MEMBER stv 1 4 1/4 shape=[ 1, 1, 2, 2 ] tors=[ 4, 4 ] order4=12 norm111=0 xTpass=0
  D4 above=T2 pat=000 resclass=[ -705, -47, 15 ] xT=false
  D4 above=T2 pat=000 resclass=[ -705, -47, 15 ] xT=false
  D4 above=T3 pat=000 resclass=[ -14, 15, -210 ] xT=false
  D4 above=T1 pat=000 resclass=[ 9870, -705, -14 ] xT=false
  D4 above=T3 pat=000 resclass=[ -14, 15, -210 ] xT=false
  D4 above=T1 pat=000 resclass=[ 9870, -705, -14 ] xT=false
  D4 above=T2 pat=000 resclass=[ -705, -47, 15 ] xT=false
  D4 above=T2 pat=000 resclass=[ -705, -47, 15 ] xT=false
  D4 above=T3 pat=000 resclass=[ -14, 15, -210 ] xT=false
  D4 above=T1 pat=000 resclass=[ 9870, -705, -14 ] xT=false
  D4 above=T3 pat=000 resclass=[ -14, 15, -210 ] xT=false
  D4 above=T1 pat=000 resclass=[ 9870, -705, -14 ] xT=false
MEMBER stv 4/3 2 3/2 shape=[ 1, 1, 2, 2 ] tors=[ 4, 4 ] order4=12 norm111=0 xTpass=0
  D4 above=T2 pat=000 resclass=[ -946, -2838, 3 ] xT=false
  D4 above=T2 pat=000 resclass=[ -946, -2838, 3 ] xT=false
  D4 above=T1 pat=000 resclass=[ 61490, -946, -65 ] xT=false
  D4 above=T3 pat=000 resclass=[ -65, 3, -195 ] xT=false
  D4 above=T1 pat=000 resclass=[ 61490, -946, -65 ] xT=false
  D4 above=T3 pat=000 resclass=[ -65, 3, -195 ] xT=false
  D4 above=T2 pat=000 resclass=[ -946, -2838, 3 ] xT=false
  D4 above=T2 pat=000 resclass=[ -946, -2838, 3 ] xT=false
  D4 above=T1 pat=000 resclass=[ 61490, -946, -65 ] xT=false
  D4 above=T3 pat=000 resclass=[ -65, 3, -195 ] xT=false
  D4 above=T1 pat=000 resclass=[ 61490, -946, -65 ] xT=false
  D4 above=T3 pat=000 resclass=[ -65, 3, -195 ] xT=false
MEMBER stv 3/2 3/2 2/3 shape=[ 1, 1, 2, 2 ] tors=[ 4, 4 ] order4=12 norm111=0 xTpass=0
  D4 above=T3 pat=000 resclass=[ 11, 5, 55 ] xT=false
  D4 above=T3 pat=000 resclass=[ 11, 5, 55 ] xT=false
  D4 above=T2 pat=000 resclass=[ 30, 6, 5 ] xT=false
  D4 above=T1 pat=000 resclass=[ 330, 30, 11 ] xT=false
  D4 above=T2 pat=000 resclass=[ 30, 6, 5 ] xT=false
  D4 above=T1 pat=000 resclass=[ 330, 30, 11 ] xT=false
  D4 above=T3 pat=000 resclass=[ 11, 5, 55 ] xT=false
  D4 above=T3 pat=000 resclass=[ 11, 5, 55 ] xT=false
  D4 above=T2 pat=000 resclass=[ 30, 6, 5 ] xT=false
  D4 above=T1 pat=000 resclass=[ 330, 30, 11 ] xT=false
  D4 above=T2 pat=000 resclass=[ 30, 6, 5 ] xT=false
  D4 above=T1 pat=000 resclass=[ 330, 30, 11 ] xT=false
MEMBER stv 2 3/4 4 shape=[ 1, 1, 2, 2 ] tors=[ 4, 4 ] order4=12 norm111=0 xTpass=0
  D4 above=T1 pat=000 resclass=[ -5341791, -136969, 39 ] xT=false
  D4 above=T1 pat=000 resclass=[ -5341791, -136969, 39 ] xT=false
  D4 above=T3 pat=000 resclass=[ 39, -7, -273 ] xT=false
  D4 above=T2 pat=000 resclass=[ -136969, 19567, -7 ] xT=false
  D4 above=T3 pat=000 resclass=[ 39, -7, -273 ] xT=false
  D4 above=T2 pat=000 resclass=[ -136969, 19567, -7 ] xT=false
  D4 above=T1 pat=000 resclass=[ -5341791, -136969, 39 ] xT=false
  D4 above=T1 pat=000 resclass=[ -5341791, -136969, 39 ] xT=false
  D4 above=T3 pat=000 resclass=[ 39, -7, -273 ] xT=false
  D4 above=T2 pat=000 resclass=[ -136969, 19567, -7 ] xT=false
  D4 above=T3 pat=000 resclass=[ 39, -7, -273 ] xT=false
  D4 above=T2 pat=000 resclass=[ -136969, 19567, -7 ] xT=false
MEMBER stv 3 2/3 4/3 shape=[ 1, 1, 2, 2 ] tors=[ 4, 4 ] order4=12 norm111=0 xTpass=0
  D4 above=T3 pat=000 resclass=[ 11, -5, -55 ] xT=false
  D4 above=T3 pat=000 resclass=[ 11, -5, -55 ] xT=false
  D4 above=T1 pat=000 resclass=[ -2315885, -210535, 11 ] xT=false
  D4 above=T2 pat=000 resclass=[ -210535, 42107, -5 ] xT=false
  D4 above=T1 pat=000 resclass=[ -2315885, -210535, 11 ] xT=false
  D4 above=T2 pat=000 resclass=[ -210535, 42107, -5 ] xT=false
  D4 above=T3 pat=000 resclass=[ 11, -5, -55 ] xT=false
  D4 above=T3 pat=000 resclass=[ 11, -5, -55 ] xT=false
  D4 above=T1 pat=000 resclass=[ -2315885, -210535, 11 ] xT=false
  D4 above=T2 pat=000 resclass=[ -210535, 42107, -5 ] xT=false
  D4 above=T1 pat=000 resclass=[ -2315885, -210535, 11 ] xT=false
  D4 above=T2 pat=000 resclass=[ -210535, 42107, -5 ] xT=false
MEMBER stv 4 1/2 1/2 shape=[ 1, 1, 2, 2 ] tors=[ 4, 4 ] order4=12 norm111=0 xTpass=0
  D4 above=T1 pat=000 resclass=[ -23959, -97, 247 ] xT=false
  D4 above=T1 pat=000 resclass=[ -23959, -97, 247 ] xT=false
  D4 above=T2 pat=000 resclass=[ -97, 291, -3 ] xT=false
  D4 above=T3 pat=000 resclass=[ 247, -3, -741 ] xT=false
  D4 above=T2 pat=000 resclass=[ -97, 291, -3 ] xT=false
  D4 above=T3 pat=000 resclass=[ 247, -3, -741 ] xT=false
  D4 above=T1 pat=000 resclass=[ -23959, -97, 247 ] xT=false
  D4 above=T1 pat=000 resclass=[ -23959, -97, 247 ] xT=false
  D4 above=T2 pat=000 resclass=[ -97, 291, -3 ] xT=false
  D4 above=T3 pat=000 resclass=[ 247, -3, -741 ] xT=false
  D4 above=T2 pat=000 resclass=[ -97, 291, -3 ] xT=false
  D4 above=T3 pat=000 resclass=[ 247, -3, -741 ] xT=false
MEMBER stv 3/4 8/5 18 shape=[ 1, 1, 2, 2 ] tors=[ 4, 4 ] order4=12 norm111=0 xTpass=0
  D4 above=T1 pat=000 resclass=[ 54130298222, -2108972658, -231 ] xT=false
  D4 above=T1 pat=000 resclass=[ 54130298222, -2108972658, -231 ] xT=false
  D4 above=T3 pat=000 resclass=[ -231, 39, -1001 ] xT=false
  D4 above=T2 pat=000 resclass=[ -2108972658, -54076222, 39 ] xT=false
  D4 above=T3 pat=000 resclass=[ -231, 39, -1001 ] xT=false
  D4 above=T2 pat=000 resclass=[ -2108972658, -54076222, 39 ] xT=false
  D4 above=T1 pat=000 resclass=[ 54130298222, -2108972658, -231 ] xT=false
  D4 above=T1 pat=000 resclass=[ 54130298222, -2108972658, -231 ] xT=false
  D4 above=T3 pat=000 resclass=[ -231, 39, -1001 ] xT=false
  D4 above=T2 pat=000 resclass=[ -2108972658, -54076222, 39 ] xT=false
  D4 above=T3 pat=000 resclass=[ -231, 39, -1001 ] xT=false
  D4 above=T2 pat=000 resclass=[ -2108972658, -54076222, 39 ] xT=false
MEMBER stv 9/10 9/10 6 shape=[ 1, 1, 2, 2 ] tors=[ 4, 4 ] order4=12 norm111=0 xTpass=0
  D4 above=T3 pat=000 resclass=[ 7739, -19, -147041 ] xT=false
  D4 above=T3 pat=000 resclass=[ 7739, -19, -147041 ] xT=false
  D4 above=T2 pat=000 resclass=[ -1132895634, 59626086, -19 ] xT=false
  D4 above=T1 pat=000 resclass=[ -8767479311526, -1132895634, 7739 ] xT=false
  D4 above=T2 pat=000 resclass=[ -1132895634, 59626086, -19 ] xT=false
  D4 above=T1 pat=000 resclass=[ -8767479311526, -1132895634, 7739 ] xT=false
  D4 above=T3 pat=000 resclass=[ 7739, -19, -147041 ] xT=false
  D4 above=T3 pat=000 resclass=[ 7739, -19, -147041 ] xT=false
  D4 above=T2 pat=000 resclass=[ -1132895634, 59626086, -19 ] xT=false
  D4 above=T1 pat=000 resclass=[ -8767479311526, -1132895634, 7739 ] xT=false
  D4 above=T2 pat=000 resclass=[ -1132895634, 59626086, -19 ] xT=false
  D4 above=T1 pat=000 resclass=[ -8767479311526, -1132895634, 7739 ] xT=false
MEMBER stv 18 1/5 7/11 shape=[ 1, 1, 2, 2 ] tors=[ 4, 4 ] order4=12 norm111=0 xTpass=0
  D4 above=T1 pat=000 resclass=[ -8412930549718926, -1499898475614, 5609 ] xT=false
  D4 above=T1 pat=000 resclass=[ -8412930549718926, -1499898475614, 5609 ] xT=false
  D4 above=T3 pat=000 resclass=[ 5609, -6, -33654 ] xT=false
  D4 above=T2 pat=000 resclass=[ -1499898475614, 249983079269, -6 ] xT=false
  D4 above=T3 pat=000 resclass=[ 5609, -6, -33654 ] xT=false
  D4 above=T2 pat=000 resclass=[ -1499898475614, 249983079269, -6 ] xT=false
  D4 above=T1 pat=000 resclass=[ -8412930549718926, -1499898475614, 5609 ] xT=false
  D4 above=T1 pat=000 resclass=[ -8412930549718926, -1499898475614, 5609 ] xT=false
  D4 above=T3 pat=000 resclass=[ 5609, -6, -33654 ] xT=false
  D4 above=T2 pat=000 resclass=[ -1499898475614, 249983079269, -6 ] xT=false
  D4 above=T3 pat=000 resclass=[ 5609, -6, -33654 ] xT=false
  D4 above=T2 pat=000 resclass=[ -1499898475614, 249983079269, -6 ] xT=false
MEMBER stv 1 11 -11/12 shape=[ 1, 1, 2, 2 ] tors=[ 4, 4 ] order4=12 norm111=0 xTpass=0
  D4 above=T2 pat=000 resclass=[ -17569310, -5270793, 30 ] xT=false
  D4 above=T2 pat=000 resclass=[ -17569310, -5270793, 30 ] xT=false
  D4 above=T3 pat=000 resclass=[ -119, 30, -3570 ] xT=false
  D4 above=T1 pat=000 resclass=[ 2090747890, -17569310, -119 ] xT=false
  D4 above=T3 pat=000 resclass=[ -119, 30, -3570 ] xT=false
  D4 above=T1 pat=000 resclass=[ 2090747890, -17569310, -119 ] xT=false
  D4 above=T2 pat=000 resclass=[ -17569310, -5270793, 30 ] xT=false
  D4 above=T2 pat=000 resclass=[ -17569310, -5270793, 30 ] xT=false
  D4 above=T3 pat=000 resclass=[ -119, 30, -3570 ] xT=false
  D4 above=T1 pat=000 resclass=[ 2090747890, -17569310, -119 ] xT=false
  D4 above=T3 pat=000 resclass=[ -119, 30, -3570 ] xT=false
  D4 above=T1 pat=000 resclass=[ 2090747890, -17569310, -119 ] xT=false
PART_DONE part=13
