MEMBER stv 1/4 2/3 -3 shape=[ 1, 1, 2, 2 ] tors=[ 4, 4 ] order4=12 norm111=0 xTpass=0
  D4 above=T3 pat=000 resclass=[ -319, -5, 1595 ] xT=false
  D4 above=T3 pat=000 resclass=[ -319, -5, 1595 ] xT=false
  D4 above=T1 pat=000 resclass=[ -642785, 2015, -319 ] xT=false
  D4 above=T2 pat=000 resclass=[ 2015, -403, -5 ] xT=false
  D4 above=T1 pat=000 resclass=[ -642785, 2015, -319 ] xT=false
  D4 above=T2 pat=000 resclass=[ 2015, -403, -5 ] xT=false
  D4 above=T3 pat=000 resclass=[ -319, -5, 1595 ] xT=false
  D4 above=T3 pat=000 resclass=[ -319, -5, 1595 ] xT=false
  D4 above=T1 pat=000 resclass=[ -642785, 2015, -319 ] xT=false
  D4 above=T2 pat=000 resclass=[ 2015, -403, -5 ] xT=false
  D4 above=T1 pat=000 resclass=[ -642785, 2015, -319 ] xT=false
  D4 above=T2 pat=000 resclass=[ 2015, -403, -5 ] xT=false
MEMBER stv 1/3 1/2 -1 shape=[ 1, 1, 2, 2 ] tors=[ 4, 4 ] order4=12 norm111=0 xTpass=0
  D4 above=T2 pat=000 resclass=[ 606, -202, -3 ] xT=false
  D4 above=T2 pat=000 resclass=[ 606, -202, -3 ] xT=false
  D4 above=T3 pat=000 resclass=[ -65, -3, 195 ] xT=false
  D4 above=T1 pat=000 resclass=[ -39390, 606, -65 ] xT=false
  D4 above=T3 pat=000 resclass=[ -65, -3, 195 ] xT=false
  D4 above=T1 pat=000 resclass=[ -39390, 606, -65 ] xT=false
  D4 above=T2 pat=000 resclass=[ 606, -202, -3 ] xT=false
  D4 above=T2 pat=000 resclass=[ 606, -202, -3 ] xT=false
  D4 above=T3 pat=000 resclass=[ -65, -3, 195 ] xT=false
  D4 above=T1 pat=000 resclass=[ -39390, 606, -65 ] xT=false
  D4 above=T3 pat=000 resclass=[ -65, -3, 195 ] xT=false
  D4 above=T1 pat=000 resclass=[ -39390, 606, -65 ] xT=false
MEMBER stv 1/2 1/3 -1/3 shape=[ 1, 1, 2, 2 ] tors=[ 4, 4 ] order4=12 norm111=0 xTpass=0
  D4 above=T3 pat=000 resclass=[ -7, -2, 14 ] xT=false
  D4 above=T3 pat=000 resclass=[ -7, -2, 14 ] xT=false
  D4 above=T2 pat=000 resclass=[ 56694, -28347, -2 ] xT=false
  D4 above=T1 pat=000 resclass=[ -396858, 56694, -7 ] xT=false
  D4 above=T2 pat=000 resclass=[ 56694, -28347, -2 ] xT=false
  D4 above=T1 pat=000 resclass=[ -396858, 56694, -7 ] xT=false
  D4 above=T3 pat=000 resclass=[ -7, -2, 14 ] xT=false
  D4 above=T3 pat=000 resclass=[ -7, -2, 14 ] xT=false
  D4 above=T2 pat=000 resclass=[ 56694, -28347, -2 ] xT=false
  D4 above=T1 pat=000 resclass=[ -396858, 56694, -7 ] xT=false
  D4 above=T2 pat=000 resclass=[ 56694, -28347, -2 ] xT=false
  D4 above=T1 pat=000 resclass=[ -396858, 56694, -7 ] xT=false
MEMBER stv 1/2 4 -2 shape=[ 1, 1, 2, 2 ] tors=[ 4, 4 ] order4=12 norm111=0 xTpass=0
  D4 above=T1 pat=000 resclass=[ 26970, -30, -899 ] xT=false
  D4 above=T1 pat=000 resclass=[ 26970, -30, -899 ] xT=false
  D4 above=T3 pat=000 resclass=[ -899, 15, -13485 ] xT=false
  D4 above=T2 pat=000 resclass=[ -30, -2, 15 ] xT=false
  D4 above=T3 pat=000 resclass=[ -899, 15, -13485 ] xT=false
  D4 above=T2 pat=000 resclass=[ -30, -2, 15 ] xT=false
  D4 above=T1 pat=000 resclass=[ 26970, -30, -899 ] xT=false
  D4 above=T1 pat=000 resclass=[ 26970, -30, -899 ] xT=false
  D4 above=T3 pat=000 resclass=[ -899, 15, -13485 ] xT=false
  D4 above=T2 pat=000 resclass=[ -30, -2, 15 ] xT=false
  D4 above=T3 pat=000 resclass=[ -899, 15, -13485 ] xT=false
  D4 above=T2 pat=000 resclass=[ -30, -2, 15 ] xT=false
MEMBER stv 2/3 3 -3/4 shape=[ 1, 1, 2, 2 ] tors=[ 4, 4 ] order4=12 norm111=0 xTpass=0
  D4 above=T2 pat=000 resclass=[ -123, -246, 2 ] xT=false
  D4 above=T2 pat=000 resclass=[ -123, -246, 2 ] xT=false
  D4 above=T1 pat=000 resclass=[ 17589, -123, -143 ] xT=false
  D4 above=T3 pat=000 resclass=[ -143, 2, -286 ] xT=false
  D4 above=T1 pat=000 resclass=[ 17589, -123, -143 ] xT=false
  D4 above=T3 pat=000 resclass=[ -143, 2, -286 ] xT=false
  D4 above=T2 pat=000 resclass=[ -123, -246, 2 ] xT=false
  D4 above=T2 pat=000 resclass=[ -123, -246, 2 ] xT=false
  D4 above=T1 pat=000 resclass=[ 17589, -123, -143 ] xT=false
  D4 above=T3 pat=000 resclass=[ -143, 2, -286 ] xT=false
  D4 above=T1 pat=000 resclass=[ 17589, -123, -143 ] xT=false
  D4 above=T3 pat=000 resclass=[ -143, 2, -286 ] xT=false
MEMBER stv 3/4 2 -1/4 shape=[ 1, 1, 2, 2 ] tors=[ 4, 4 ] order4=12 norm111=0 xTpass=0
  D4 above=T1 pat=000 resclass=[ 2717, -40755, -15 ] xT=false
  D4 above=T1 pat=000 resclass=[ 2717, -40755, -15 ] xT=false
  D4 above=T3 pat=000 resclass=[ -15, 3, -5 ] xT=false
  D4 above=T2 pat=000 resclass=[ -40755, -13585, 3 ] xT=false
  D4 above=T3 pat=000 resclass=[ -15, 3, -5 ] xT=false
  D4 above=T2 pat=000 resclass=[ -40755, -13585, 3 ] xT=false
  D4 above=T1 pat=000 resclass=[ 2717, -40755, -15 ] xT=false
  D4 above=T1 pat=000 resclass=[ 2717, -40755, -15 ] xT=false
  D4 above=T3 pat=000 resclass=[ -15, 3, -5 ] xT=false
  D4 above=T2 pat=000 resclass=[ -40755, -13585, 3 ] xT=false
  D4 above=T3 pat=000 resclass=[ -15, 3, -5 ] xT=false
  D4 above=T2 pat=000 resclass=[ -40755, -13585, 3 ] xT=false
MEMBER stv 1 4/3 -3/2 shape=[ 1, 1, 2, 2 ] tors=[ 4, 4 ] order4=12 norm111=0 xTpass=0
  D4 above=T2 pat=000 resclass=[ 1190, 170, 7 ] xT=false
  D4 above=T2 pat=000 resclass=[ 1190, 170, 7 ] xT=false
  D4 above=T3 pat=000 resclass=[ 2, 7, 14 ] xT=false
  D4 above=T1 pat=000 resclass=[ 595, 1190, 2 ] xT=false
  D4 above=T3 pat=000 resclass=[ 2, 7, 14 ] xT=false
  D4 above=T1 pat=000 resclass=[ 595, 1190, 2 ] xT=false
  D4 above=T2 pat=000 resclass=[ 1190, 170, 7 ] xT=false
  D4 above=T2 pat=000 resclass=[ 1190, 170, 7 ] xT=false
  D4 above=T3 pat=000 resclass=[ 2, 7, 14 ] xT=false
  D4 above=T1 pat=000 resclass=[ 595, 1190, 2 ] xT=false
  D4 above=T3 pat=000 resclass=[ 2, 7, 14 ] xT=false
  D4 above=T1 pat=000 resclass=[ 595, 1190, 2 ] xT=false
MEMBER stv 4/3 3/4 -2/3 shape=[ 1, 1, 2, 2 ] tors=[ 4, 4 ] order4=12 norm111=0 xTpass=0
  D4 above=T1 pat=000 resclass=[ 64113, 126735, 3655 ] xT=false
  D4 above=T1 pat=000 resclass=[ 64113, 126735, 3655 ] xT=false
  D4 above=T2 pat=000 resclass=[ 126735, -18105, -7 ] xT=false
  D4 above=T3 pat=000 resclass=[ 3655, -7, -25585 ] xT=false
  D4 above=T2 pat=000 resclass=[ 126735, -18105, -7 ] xT=false
  D4 above=T3 pat=000 resclass=[ 3655, -7, -25585 ] xT=false
  D4 above=T1 pat=000 resclass=[ 64113, 126735, 3655 ] xT=false
  D4 above=T1 pat=000 resclass=[ 64113, 126735, 3655 ] xT=false
  D4 above=T2 pat=000 resclass=[ 126735, -18105, -7 ] xT=false
  D4 above=T3 pat=000 resclass=[ 3655, -7, -25585 ] xT=false
  D4 above=T2 pat=000 resclass=[ 126735, -18105, -7 ] xT=false
  D4 above=T3 pat=000 resclass=[ 3655, -7, -25585 ] xT=false
MEMBER stv 3/2 1/2 -4 shape=[ 1, 1, 2, 2 ] tors=[ 4, 4 ] order4=12 norm111=0 xTpass=0
  D4 above=T2 pat=000 resclass=[ 210, -70, -3 ] xT=false
  D4 above=T2 pat=000 resclass=[ 210, -70, -3 ] xT=false
  D4 above=T3 pat=000 resclass=[ 3, -3, -1 ] xT=false
  D4 above=T1 pat=000 resclass=[ 70, 210, 3 ] xT=false
  D4 above=T3 pat=000 resclass=[ 3, -3, -1 ] xT=false
  D4 above=T1 pat=000 resclass=[ 70, 210, 3 ] xT=false
  D4 above=T2 pat=000 resclass=[ 210, -70, -3 ] xT=false
  D4 above=T2 pat=000 resclass=[ 210, -70, -3 ] xT=false
  D4 above=T3 pat=000 resclass=[ 3, -3, -1 ] xT=false
  D4 above=T1 pat=000 resclass=[ 70, 210, 3 ] xT=false
  D4 above=T3 pat=000 resclass=[ 3, -3, -1 ] xT=false
  D4 above=T1 pat=000 resclass=[ 70, 210, 3 ] xT=false
MEMBER stv 2 1/3 -4/3 shape=[ 1, 1, 2, 2 ] tors=[ 4, 4 ] order4=12 norm111=0 xTpass=0
  D4 above=T3 pat=000 resclass=[ 65, -2, -130 ] xT=false
  D4 above=T3 pat=000 resclass=[ 65, -2, -130 ] xT=false
  D4 above=T2 pat=000 resclass=[ 84630, -42315, -2 ] xT=false
  D4 above=T1 pat=000 resclass=[ 1302, 84630, 65 ] xT=false
  D4 above=T2 pat=000 resclass=[ 84630, -42315, -2 ] xT=false
  D4 above=T1 pat=000 resclass=[ 1302, 84630, 65 ] xT=false
  D4 above=T3 pat=000 resclass=[ 65, -2, -130 ] xT=false
  D4 above=T3 pat=000 resclass=[ 65, -2, -130 ] xT=false
  D4 above=T2 pat=000 resclass=[ 84630, -42315, -2 ] xT=false
  D4 above=T1 pat=000 resclass=[ 1302, 84630, 65 ] xT=false
  D4 above=T2 pat=000 resclass=[ 84630, -42315, -2 ] xT=false
  D4 above=T1 pat=000 resclass=[ 1302, 84630, 65 ] xT=false
MEMBER stv 3 1/4 -1/2 shape=[ 1, 1, 2, 2 ] tors=[ 4, 4 ] order4=12 norm111=0 xTpass=0
  D4 above=T1 pat=000 resclass=[ 198770, 379470, 231 ] xT=false
  D4 above=T1 pat=000 resclass=[ 198770, 379470, 231 ] xT=false
  D4 above=T3 pat=000 resclass=[ 231, -15, -385 ] xT=false
  D4 above=T2 pat=000 resclass=[ 379470, -25298, -15 ] xT=false
  D4 above=T3 pat=000 resclass=[ 231, -15, -385 ] xT=false
  D4 above=T2 pat=000 resclass=[ 379470, -25298, -15 ] xT=false
  D4 above=T1 pat=000 resclass=[ 198770, 379470, 231 ] xT=false
  D4 above=T1 pat=000 resclass=[ 198770, 379470, 231 ] xT=false
  D4 above=T3 pat=000 resclass=[ 231, -15, -385 ] xT=false
  D4 above=T2 pat=000 resclass=[ 379470, -25298, -15 ] xT=false
  D4 above=T3 pat=000 resclass=[ 231, -15, -385 ] xT=false
  D4 above=T2 pat=000 resclass=[ 379470, -25298, -15 ] xT=false
MEMBER stv 3 3 -3 shape=[ 1, 1, 2, 2 ] tors=[ 4, 4 ] order4=12 norm111=0 xTpass=0
  D4 above=T2 pat=000 resclass=[ 7410, 3705, 2 ] xT=false
  D4 above=T2 pat=000 resclass=[ 7410, 3705, 2 ] xT=false
  D4 above=T3 pat=000 resclass=[ -55, 2, -110 ] xT=false
  D4 above=T1 pat=000 resclass=[ -16302, 7410, -55 ] xT=false
  D4 above=T3 pat=000 resclass=[ -55, 2, -110 ] xT=false
  D4 above=T1 pat=000 resclass=[ -16302, 7410, -55 ] xT=false
  D4 above=T2 pat=000 resclass=[ 7410, 3705, 2 ] xT=false
  D4 above=T2 pat=000 resclass=[ 7410, 3705, 2 ] xT=false
  D4 above=T3 pat=000 resclass=[ -55, 2, -110 ] xT=false
  D4 above=T1 pat=000 resclass=[ -16302, 7410, -55 ] xT=false
  D4 above=T3 pat=000 resclass=[ -55, 2, -110 ] xT=false
  D4 above=T1 pat=000 resclass=[ -16302, 7410, -55 ] xT=false
MEMBER stv 4 2 -1 shape=[ 1, 1, 2, 2 ] tors=[ 4, 4 ] order4=12 norm111=0 xTpass=0
  D4 above=T1 pat=000 resclass=[ -105, -15, 7 ] xT=false
  D4 above=T1 pat=000 resclass=[ -105, -15, 7 ] xT=false
  D4 above=T2 pat=000 resclass=[ -15, -5, 3 ] xT=false
  D4 above=T3 pat=000 resclass=[ 7, 3, 21 ] xT=false
  D4 above=T2 pat=000 resclass=[ -15, -5, 3 ] xT=false
  D4 above=T3 pat=000 resclass=[ 7, 3, 21 ] xT=false
  D4 above=T1 pat=000 resclass=[ -105, -15, 7 ] xT=false
  D4 above=T1 pat=000 resclass=[ -105, -15, 7 ] xT=false
  D4 above=T2 pat=000 resclass=[ -15, -5, 3 ] xT=false
  D4 above=T3 pat=000 resclass=[ 7, 3, 21 ] xT=false
  D4 above=T2 pat=000 resclass=[ -15, -5, 3 ] xT=false
  D4 above=T3 pat=000 resclass=[ 7, 3, 21 ] xT=false
MEMBER stv 19/2 9/7 -7/2 shape=[ 1, 1, 2, 2 ] tors=[ 4, 4 ] order4=12 norm111=0 xTpass=0
  D4 above=T1 pat=000 resclass=[ -6418770365535, -2150341831, 2985 ] xT=false
  D4 above=T1 pat=000 resclass=[ -6418770365535, -2150341831, 2985 ] xT=false
  D4 above=T2 pat=000 resclass=[ -2150341831, -4300683662, 2 ] xT=false
  D4 above=T3 pat=000 resclass=[ 2985, 2, 5970 ] xT=false
  D4 above=T2 pat=000 resclass=[ -2150341831, -4300683662, 2 ] xT=false
  D4 above=T3 pat=000 resclass=[ 2985, 2, 5970 ] xT=false
  D4 above=T1 pat=000 resclass=[ -6418770365535, -2150341831, 2985 ] xT=false
  D4 above=T1 pat=000 resclass=[ -6418770365535, -2150341831, 2985 ] xT=false
  D4 above=T2 pat=000 resclass=[ -2150341831, -4300683662, 2 ] xT=false
  D4 above=T3 pat=000 resclass=[ 2985, 2, 5970 ] xT=false
  D4 above=T2 pat=000 resclass=[ -2150341831, -4300683662, 2 ] xT=false
  D4 above=T3 pat=000 resclass=[ 2985, 2, 5970 ] xT=false
MEMBER stv 4 17/20 -11/9 shape=[ 1, 1, 2, 2 ] tors=[ 4, 4 ] order4=12 norm111=0 xTpass=0
  D4 above=T2 pat=000 resclass=[ 5520347499183, -49732860353, -111 ] xT=false
  D4 above=T2 pat=000 resclass=[ 5520347499183, -49732860353, -111 ] xT=false
  D4 above=T1 pat=000 resclass=[ 14064073396371046257, 5520347499183, 2547679 ] xT=false
  D4 above=T3 pat=000 resclass=[ 2547679, -111, -282792369 ] xT=false
  D4 above=T1 pat=000 resclass=[ 14064073396371046257, 5520347499183, 2547679 ] xT=false
  D4 above=T3 pat=000 resclass=[ 2547679, -111, -282792369 ] xT=false
  D4 above=T2 pat=000 resclass=[ 5520347499183, -49732860353, -111 ] xT=false
  D4 above=T2 pat=000 resclass=[ 5520347499183, -49732860353, -111 ] xT=false
  D4 above=T1 pat=000 resclass=[ 14064073396371046257, 5520347499183, 2547679 ] xT=false
  D4 above=T3 pat=000 resclass=[ 2547679, -111, -282792369 ] xT=false
  D4 above=T1 pat=000 resclass=[ 14064073396371046257, 5520347499183, 2547679 ] xT=false
  D4 above=T3 pat=000 resclass=[ 2547679, -111, -282792369 ] xT=false
MEMBER stv 2 2 -3/16 shape=[ 1, 1, 2, 2 ] tors=[ 4, 4 ] order4=12 norm111=0 xTpass=0
  D4 above=T2 pat=000 resclass=[ -10, -30, 3 ] xT=false
  D4 above=T2 pat=000 resclass=[ -10, -30, 3 ] xT=false
  D4 above=T3 pat=000 resclass=[ -5, 3, -15 ] xT=false
  D4 above=T1 pat=000 resclass=[ 2, -10, -5 ] xT=false
  D4 above=T3 pat=000 resclass=[ -5, 3, -15 ] xT=false
  D4 above=T1 pat=000 resclass=[ 2, -10, -5 ] xT=false
  D4 above=T2 pat=000 resclass=[ -10, -30, 3 ] xT=false
  D4 above=T2 pat=000 resclass=[ -10, -30, 3 ] xT=false
  D4 above=T3 pat=000 resclass=[ -5, 3, -15 ] xT=false
  D4 above=T1 pat=000 resclass=[ 2, -10, -5 ] xT=false
  D4 above=T3 pat=000 resclass=[ -5, 3, -15 ] xT=false
  D4 above=T1 pat=000 resclass=[ 2, -10, -5 ] xT=false
PART_DONE part=130
