MEMBER stv 1/4 2/3 4 shape=[ 1, 1, 2, 2 ] tors=[ 4, 4 ] order4=12 norm111=0 xTpass=0
  D4 above=T1 pat=000 resclass=[ 11, -29, -319 ] xT=false
  D4 above=T1 pat=000 resclass=[ 11, -29, -319 ] xT=false
  D4 above=T2 pat=000 resclass=[ -29, 145, -5 ] xT=false
  D4 above=T3 pat=000 resclass=[ -319, -5, 1595 ] xT=false
  D4 above=T2 pat=000 resclass=[ -29, 145, -5 ] xT=false
  D4 above=T3 pat=000 resclass=[ -319, -5, 1595 ] xT=false
  D4 above=T1 pat=000 resclass=[ 11, -29, -319 ] xT=false
  D4 above=T1 pat=000 resclass=[ 11, -29, -319 ] xT=false
  D4 above=T2 pat=000 resclass=[ -29, 145, -5 ] xT=false
  D4 above=T3 pat=000 resclass=[ -319, -5, 1595 ] xT=false
  D4 above=T2 pat=000 resclass=[ -29, 145, -5 ] xT=false
  D4 above=T3 pat=000 resclass=[ -319, -5, 1595 ] xT=false
MEMBER stv 1/3 1/2 4/3 shape=[ 1, 1, 2, 2 ] tors=[ 4, 4 ] order4=12 norm111=0 xTpass=0
  D4 above=T3 pat=000 resclass=[ -65, -3, 195 ] xT=false
  D4 above=T3 pat=000 resclass=[ -65, -3, 195 ] xT=false
  D4 above=T2 pat=000 resclass=[ -4681, 14043, -3 ] xT=false
  D4 above=T1 pat=000 resclass=[ 304265, -4681, -65 ] xT=false
  D4 above=T2 pat=000 resclass=[ -4681, 14043, -3 ] xT=false
  D4 above=T1 pat=000 resclass=[ 304265, -4681, -65 ] xT=false
  D4 above=T3 pat=000 resclass=[ -65, -3, 195 ] xT=false
  D4 above=T3 pat=000 resclass=[ -65, -3, 195 ] xT=false
  D4 above=T2 pat=000 resclass=[ -4681, 14043, -3 ] xT=false
  D4 above=T1 pat=000 resclass=[ 304265, -4681, -65 ] xT=false
  D4 above=T2 pat=000 resclass=[ -4681, 14043, -3 ] xT=false
  D4 above=T1 pat=000 resclass=[ 304265, -4681, -65 ] xT=false
MEMBER stv 1/2 1/3 1/2 shape=[ 1, 1, 2, 2 ] tors=[ 4, 4 ] order4=12 norm111=0 xTpass=0
  D4 above=T1 pat=000 resclass=[ 5327, -761, -7 ] xT=false
  D4 above=T1 pat=000 resclass=[ 5327, -761, -7 ] xT=false
  D4 above=T2 pat=000 resclass=[ -761, 1522, -2 ] xT=false
  D4 above=T3 pat=000 resclass=[ -7, -2, 14 ] xT=false
  D4 above=T2 pat=000 resclass=[ -761, 1522, -2 ] xT=false
  D4 above=T3 pat=000 resclass=[ -7, -2, 14 ] xT=false
  D4 above=T1 pat=000 resclass=[ 5327, -761, -7 ] xT=false
  D4 above=T1 pat=000 resclass=[ 5327, -761, -7 ] xT=false
  D4 above=T2 pat=000 resclass=[ -761, 1522, -2 ] xT=false
  D4 above=T3 pat=000 resclass=[ -7, -2, 14 ] xT=false
  D4 above=T2 pat=000 resclass=[ -761, 1522, -2 ] xT=false
  D4 above=T3 pat=000 resclass=[ -7, -2, 14 ] xT=false
MEMBER stv 1/2 4 3 shape=[ 1, 1, 2, 2 ] tors=[ 4, 4 ] order4=12 norm111=0 xTpass=0
  D4 above=T2 pat=000 resclass=[ -595, -357, 15 ] xT=false
  D4 above=T2 pat=000 resclass=[ -595, -357, 15 ] xT=false
  D4 above=T1 pat=000 resclass=[ 534905, -595, -899 ] xT=false
  D4 above=T3 pat=000 resclass=[ -899, 15, -13485 ] xT=false
  D4 above=T1 pat=000 resclass=[ 534905, -595, -899 ] xT=false
  D4 above=T3 pat=000 resclass=[ -899, 15, -13485 ] xT=false
  D4 above=T2 pat=000 resclass=[ -595, -357, 15 ] xT=false
  D4 above=T2 pat=000 resclass=[ -595, -357, 15 ] xT=false
  D4 above=T1 pat=000 resclass=[ 534905, -595, -899 ] xT=false
  D4 above=T3 pat=000 resclass=[ -899, 15, -13485 ] xT=false
  D4 above=T1 pat=000 resclass=[ 534905, -595, -899 ] xT=false
  D4 above=T3 pat=000 resclass=[ -899, 15, -13485 ] xT=false
MEMBER stv 2/3 3 1 shape=[ 1, 1, 2, 2 ] tors=[ 4, 4 ] order4=12 norm111=0 xTpass=0
  D4 above=T3 pat=000 resclass=[ -143, 2, -286 ] xT=false
  D4 above=T3 pat=000 resclass=[ -143, 2, -286 ] xT=false
  D4 above=T2 pat=000 resclass=[ -16510, -8255, 2 ] xT=false
  D4 above=T1 pat=000 resclass=[ 13970, -16510, -143 ] xT=false
  D4 above=T2 pat=000 resclass=[ -16510, -8255, 2 ] xT=false
  D4 above=T1 pat=000 resclass=[ 13970, -16510, -143 ] xT=false
  D4 above=T3 pat=000 resclass=[ -143, 2, -286 ] xT=false
  D4 above=T3 pat=000 resclass=[ -143, 2, -286 ] xT=false
  D4 above=T2 pat=000 resclass=[ -16510, -8255, 2 ] xT=false
  D4 above=T1 pat=000 resclass=[ 13970, -16510, -143 ] xT=false
  D4 above=T2 pat=000 resclass=[ -16510, -8255, 2 ] xT=false
  D4 above=T1 pat=000 resclass=[ 13970, -16510, -143 ] xT=false
MEMBER stv 3/4 2 1/3 shape=[ 1, 1, 2, 2 ] tors=[ 4, 4 ] order4=12 norm111=0 xTpass=0
  D4 above=T2 pat=000 resclass=[ -95, -285, 3 ] xT=false
  D4 above=T2 pat=000 resclass=[ -95, -285, 3 ] xT=false
  D4 above=T3 pat=000 resclass=[ -15, 3, -5 ] xT=false
  D4 above=T1 pat=000 resclass=[ 57, -95, -15 ] xT=false
  D4 above=T3 pat=000 resclass=[ -15, 3, -5 ] xT=false
  D4 above=T1 pat=000 resclass=[ 57, -95, -15 ] xT=false
  D4 above=T2 pat=000 resclass=[ -95, -285, 3 ] xT=false
  D4 above=T2 pat=000 resclass=[ -95, -285, 3 ] xT=false
  D4 above=T3 pat=000 resclass=[ -15, 3, -5 ] xT=false
  D4 above=T1 pat=000 resclass=[ 57, -95, -15 ] xT=false
  D4 above=T3 pat=000 resclass=[ -15, 3, -5 ] xT=false
  D4 above=T1 pat=000 resclass=[ 57, -95, -15 ] xT=false
MEMBER stv 1 4/3 2 shape=[ 1, 1, 2, 2 ] tors=[ 4, 4 ] order4=12 norm111=0 xTpass=0
  D4 above=T1 pat=000 resclass=[ 399, 798, 2 ] xT=false
  D4 above=T1 pat=000 resclass=[ 399, 798, 2 ] xT=false
  D4 above=T2 pat=000 resclass=[ 798, 114, 7 ] xT=false
  D4 above=T3 pat=000 resclass=[ 2, 7, 14 ] xT=false
  D4 above=T2 pat=000 resclass=[ 798, 114, 7 ] xT=false
  D4 above=T3 pat=000 resclass=[ 2, 7, 14 ] xT=false
  D4 above=T1 pat=000 resclass=[ 399, 798, 2 ] xT=false
  D4 above=T1 pat=000 resclass=[ 399, 798, 2 ] xT=false
  D4 above=T2 pat=000 resclass=[ 798, 114, 7 ] xT=false
  D4 above=T3 pat=000 resclass=[ 2, 7, 14 ] xT=false
  D4 above=T2 pat=000 resclass=[ 798, 114, 7 ] xT=false
  D4 above=T3 pat=000 resclass=[ 2, 7, 14 ] xT=false
MEMBER stv 4/3 3/4 3/4 shape=[ 1, 1, 2, 2 ] tors=[ 4, 4 ] order4=12 norm111=0 xTpass=0
  D4 above=T3 pat=000 resclass=[ 3655, -7, -25585 ] xT=false
  D4 above=T3 pat=000 resclass=[ 3655, -7, -25585 ] xT=false
  D4 above=T1 pat=000 resclass=[ -11739, -23205, 3655 ] xT=false
  D4 above=T2 pat=000 resclass=[ -23205, 3315, -7 ] xT=false
  D4 above=T1 pat=000 resclass=[ -11739, -23205, 3655 ] xT=false
  D4 above=T2 pat=000 resclass=[ -23205, 3315, -7 ] xT=false
  D4 above=T3 pat=000 resclass=[ 3655, -7, -25585 ] xT=false
  D4 above=T3 pat=000 resclass=[ 3655, -7, -25585 ] xT=false
  D4 above=T1 pat=000 resclass=[ -11739, -23205, 3655 ] xT=false
  D4 above=T2 pat=000 resclass=[ -23205, 3315, -7 ] xT=false
  D4 above=T1 pat=000 resclass=[ -11739, -23205, 3655 ] xT=false
  D4 above=T2 pat=000 resclass=[ -23205, 3315, -7 ] xT=false
MEMBER stv 3/2 2/3 1/4 shape=[ 1, 1, 2, 2 ] tors=[ 4, 4 ] order4=12 norm111=0 xTpass=0
  D4 above=T2 pat=000 resclass=[ -421, 2105, -5 ] xT=false
  D4 above=T2 pat=000 resclass=[ -421, 2105, -5 ] xT=false
  D4 above=T1 pat=000 resclass=[ -264809, -421, 629 ] xT=false
  D4 above=T3 pat=000 resclass=[ 629, -5, -3145 ] xT=false
  D4 above=T1 pat=000 resclass=[ -264809, -421, 629 ] xT=false
  D4 above=T3 pat=000 resclass=[ 629, -5, -3145 ] xT=false
  D4 above=T2 pat=000 resclass=[ -421, 2105, -5 ] xT=false
  D4 above=T2 pat=000 resclass=[ -421, 2105, -5 ] xT=false
  D4 above=T1 pat=000 resclass=[ -264809, -421, 629 ] xT=false
  D4 above=T3 pat=000 resclass=[ 629, -5, -3145 ] xT=false
  D4 above=T1 pat=000 resclass=[ -264809, -421, 629 ] xT=false
  D4 above=T3 pat=000 resclass=[ 629, -5, -3145 ] xT=false
MEMBER stv 2 1/3 3/2 shape=[ 1, 1, 2, 2 ] tors=[ 4, 4 ] order4=12 norm111=0 xTpass=0
  D4 above=T3 pat=000 resclass=[ 65, -2, -130 ] xT=false
  D4 above=T3 pat=000 resclass=[ 65, -2, -130 ] xT=false
  D4 above=T2 pat=000 resclass=[ -1351, 2702, -2 ] xT=false
  D4 above=T1 pat=000 resclass=[ -87815, -1351, 65 ] xT=false
  D4 above=T2 pat=000 resclass=[ -1351, 2702, -2 ] xT=false
  D4 above=T1 pat=000 resclass=[ -87815, -1351, 65 ] xT=false
  D4 above=T3 pat=000 resclass=[ 65, -2, -130 ] xT=false
  D4 above=T3 pat=000 resclass=[ 65, -2, -130 ] xT=false
  D4 above=T2 pat=000 resclass=[ -1351, 2702, -2 ] xT=false
  D4 above=T1 pat=000 resclass=[ -87815, -1351, 65 ] xT=false
  D4 above=T2 pat=000 resclass=[ -1351, 2702, -2 ] xT=false
  D4 above=T1 pat=000 resclass=[ -87815, -1351, 65 ] xT=false
MEMBER stv 3 1/4 2/3 shape=[ 1, 1, 2, 2 ] tors=[ 4, 4 ] order4=12 norm111=0 xTpass=0
  D4 above=T3 pat=000 resclass=[ 231, -15, -385 ] xT=false
  D4 above=T3 pat=000 resclass=[ 231, -15, -385 ] xT=false
  D4 above=T1 pat=000 resclass=[ -148665, -31535, 231 ] xT=false
  D4 above=T2 pat=000 resclass=[ -31535, 18921, -15 ] xT=false
  D4 above=T1 pat=000 resclass=[ -148665, -31535, 231 ] xT=false
  D4 above=T2 pat=000 resclass=[ -31535, 18921, -15 ] xT=false
  D4 above=T3 pat=000 resclass=[ 231, -15, -385 ] xT=false
  D4 above=T3 pat=000 resclass=[ 231, -15, -385 ] xT=false
  D4 above=T1 pat=000 resclass=[ -148665, -31535, 231 ] xT=false
  D4 above=T2 pat=000 resclass=[ -31535, 18921, -15 ] xT=false
  D4 above=T1 pat=000 resclass=[ -148665, -31535, 231 ] xT=false
  D4 above=T2 pat=000 resclass=[ -31535, 18921, -15 ] xT=false
MEMBER stv 3 3 4 shape=[ 1, 1, 2, 2 ] tors=[ 4, 4 ] order4=12 norm111=0 xTpass=0
  D4 above=T1 pat=000 resclass=[ 1021570, -18574, -55 ] xT=false
  D4 above=T1 pat=000 resclass=[ 1021570, -18574, -55 ] xT=false
  D4 above=T2 pat=000 resclass=[ -18574, -9287, 2 ] xT=false
  D4 above=T3 pat=000 resclass=[ -55, 2, -110 ] xT=false
  D4 above=T2 pat=000 resclass=[ -18574, -9287, 2 ] xT=false
  D4 above=T3 pat=000 resclass=[ -55, 2, -110 ] xT=false
  D4 above=T1 pat=000 resclass=[ 1021570, -18574, -55 ] xT=false
  D4 above=T1 pat=000 resclass=[ 1021570, -18574, -55 ] xT=false
  D4 above=T2 pat=000 resclass=[ -18574, -9287, 2 ] xT=false
  D4 above=T3 pat=000 resclass=[ -55, 2, -110 ] xT=false
  D4 above=T2 pat=000 resclass=[ -18574, -9287, 2 ] xT=false
  D4 above=T3 pat=000 resclass=[ -55, 2, -110 ] xT=false
MEMBER stv 4 2 4/3 shape=[ 1, 1, 2, 2 ] tors=[ 4, 4 ] order4=12 norm111=0 xTpass=0
  D4 above=T3 pat=000 resclass=[ 7, 3, 21 ] xT=false
  D4 above=T3 pat=000 resclass=[ 7, 3, 21 ] xT=false
  D4 above=T1 pat=000 resclass=[ 8911, 1273, 7 ] xT=false
  D4 above=T2 pat=000 resclass=[ 1273, 3819, 3 ] xT=false
  D4 above=T1 pat=000 resclass=[ 8911, 1273, 7 ] xT=false
  D4 above=T2 pat=000 resclass=[ 1273, 3819, 3 ] xT=false
  D4 above=T3 pat=000 resclass=[ 7, 3, 21 ] xT=false
  D4 above=T3 pat=000 resclass=[ 7, 3, 21 ] xT=false
  D4 above=T1 pat=000 resclass=[ 8911, 1273, 7 ] xT=false
  D4 above=T2 pat=000 resclass=[ 1273, 3819, 3 ] xT=false
  D4 above=T1 pat=000 resclass=[ 8911, 1273, 7 ] xT=false
  D4 above=T2 pat=000 resclass=[ 1273, 3819, 3 ] xT=false
MEMBER stv 14/3 13/14 1/2 shape=[ 1, 1, 2, 2 ] tors=[ 4, 4 ] order4=12 norm111=0 xTpass=0
  D4 above=T1 pat=000 resclass=[ -798076671882909, -2652131211, 300919 ] xT=false
  D4 above=T1 pat=000 resclass=[ -798076671882909, -2652131211, 300919 ] xT=false
  D4 above=T3 pat=000 resclass=[ 300919, -3, -902757 ] xT=false
  D4 above=T2 pat=000 resclass=[ -2652131211, 884043737, -3 ] xT=false
  D4 above=T3 pat=000 resclass=[ 300919, -3, -902757 ] xT=false
  D4 above=T2 pat=000 resclass=[ -2652131211, 884043737, -3 ] xT=false
  D4 above=T1 pat=000 resclass=[ -798076671882909, -2652131211, 300919 ] xT=false
  D4 above=T1 pat=000 resclass=[ -798076671882909, -2652131211, 300919 ] xT=false
  D4 above=T3 pat=000 resclass=[ 300919, -3, -902757 ] xT=false
  D4 above=T2 pat=000 resclass=[ -2652131211, 884043737, -3 ] xT=false
  D4 above=T3 pat=000 resclass=[ 300919, -3, -902757 ] xT=false
  D4 above=T2 pat=000 resclass=[ -2652131211, 884043737, -3 ] xT=false
MEMBER stv 13/19 8/3 -8/7 shape=[ 1, 1, 2, 2 ] tors=[ 4, 4 ] order4=12 norm111=0 xTpass=0
  D4 above=T1 pat=000 resclass=[ 5107560988706, -14853729506, -16849 ] xT=false
  D4 above=T1 pat=000 resclass=[ 5107560988706, -14853729506, -16849 ] xT=false
  D4 above=T3 pat=000 resclass=[ -16849, 55, -926695 ] xT=false
  D4 above=T2 pat=000 resclass=[ -14853729506, -6751695230, 55 ] xT=false
  D4 above=T3 pat=000 resclass=[ -16849, 55, -926695 ] xT=false
  D4 above=T2 pat=000 resclass=[ -14853729506, -6751695230, 55 ] xT=false
  D4 above=T1 pat=000 resclass=[ 5107560988706, -14853729506, -16849 ] xT=false
  D4 above=T1 pat=000 resclass=[ 5107560988706, -14853729506, -16849 ] xT=false
  D4 above=T3 pat=000 resclass=[ -16849, 55, -926695 ] xT=false
  D4 above=T2 pat=000 resclass=[ -14853729506, -6751695230, 55 ] xT=false
  D4 above=T3 pat=000 resclass=[ -16849, 55, -926695 ] xT=false
  D4 above=T2 pat=000 resclass=[ -14853729506, -6751695230, 55 ] xT=false
MEMBER stv 1/18 19/17 7/13 shape=[ 1, 1, 2, 2 ] tors=[ 4, 4 ] order4=12 norm111=0 xTpass=0
  D4 above=T1 pat=000 resclass=[ -359614441049655175930, 225308920239494, -1596095 ] xT=false
  D4 above=T1 pat=000 resclass=[ -359614441049655175930, 225308920239494, -1596095 ] xT=false
  D4 above=T3 pat=000 resclass=[ -1596095, 2, -3192190 ] xT=false
  D4 above=T2 pat=000 resclass=[ 225308920239494, 112654460119747, 2 ] xT=false
  D4 above=T3 pat=000 resclass=[ -1596095, 2, -3192190 ] xT=false
  D4 above=T2 pat=000 resclass=[ 225308920239494, 112654460119747, 2 ] xT=false
  D4 above=T1 pat=000 resclass=[ -359614441049655175930, 225308920239494, -1596095 ] xT=false
  D4 above=T1 pat=000 resclass=[ -359614441049655175930, 225308920239494, -1596095 ] xT=false
  D4 above=T3 pat=000 resclass=[ -1596095, 2, -3192190 ] xT=false
  D4 above=T2 pat=000 resclass=[ 225308920239494, 112654460119747, 2 ] xT=false
  D4 above=T3 pat=000 resclass=[ -1596095, 2, -3192190 ] xT=false
  D4 above=T2 pat=000 resclass=[ 225308920239494, 112654460119747, 2 ] xT=false
PART_DONE part=131
