MEMBER stv 1/4 2/3 -4 shape=[ 1, 1, 2, 2 ] tors=[ 4, 4 ] order4=12 norm111=0 xTpass=0
  D4 above=T3 pat=000 resclass=[ -319, -5, 1595 ] xT=false
  D4 above=T3 pat=000 resclass=[ -319, -5, 1595 ] xT=false
  D4 above=T1 pat=000 resclass=[ 3045, -1155, -319 ] xT=false
  D4 above=T2 pat=000 resclass=[ -1155, 231, -5 ] xT=false
  D4 above=T1 pat=000 resclass=[ 3045, -1155, -319 ] xT=false
  D4 above=T2 pat=000 resclass=[ -1155, 231, -5 ] xT=false
  D4 above=T3 pat=000 resclass=[ -319, -5, 1595 ] xT=false
  D4 above=T3 pat=000 resclass=[ -319, -5, 1595 ] xT=false
  D4 above=T1 pat=000 resclass=[ 3045, -1155, -319 ] xT=false
  D4 above=T2 pat=000 resclass=[ -1155, 231, -5 ] xT=false
  D4 above=T1 pat=000 resclass=[ 3045, -1155, -319 ] xT=false
  D4 above=T2 pat=000 resclass=[ -1155, 231, -5 ] xT=false
MEMBER stv 1/3 1/2 -4/3 shape=[ 1, 1, 2, 2 ] tors=[ 4, 4 ] order4=12 norm111=0 xTpass=0
  D4 above=T1 pat=000 resclass=[ -23, 1495, -65 ] xT=false
  D4 above=T1 pat=000 resclass=[ -23, 1495, -65 ] xT=false
  D4 above=T2 pat=000 resclass=[ 1495, -4485, -3 ] xT=false
  D4 above=T3 pat=000 resclass=[ -65, -3, 195 ] xT=false
  D4 above=T2 pat=000 resclass=[ 1495, -4485, -3 ] xT=false
  D4 above=T3 pat=000 resclass=[ -65, -3, 195 ] xT=false
  D4 above=T1 pat=000 resclass=[ -23, 1495, -65 ] xT=false
  D4 above=T1 pat=000 resclass=[ -23, 1495, -65 ] xT=false
  D4 above=T2 pat=000 resclass=[ 1495, -4485, -3 ] xT=false
  D4 above=T3 pat=000 resclass=[ -65, -3, 195 ] xT=false
  D4 above=T2 pat=000 resclass=[ 1495, -4485, -3 ] xT=false
  D4 above=T3 pat=000 resclass=[ -65, -3, 195 ] xT=false
MEMBER stv 1/2 1/3 -1/2 shape=[ 1, 1, 2, 2 ] tors=[ 4, 4 ] order4=12 norm111=0 xTpass=0
  D4 above=T2 pat=000 resclass=[ 3745, -7490, -2 ] xT=false
  D4 above=T2 pat=000 resclass=[ 3745, -7490, -2 ] xT=false
  D4 above=T3 pat=000 resclass=[ -7, -2, 14 ] xT=false
  D4 above=T1 pat=000 resclass=[ -535, 3745, -7 ] xT=false
  D4 above=T3 pat=000 resclass=[ -7, -2, 14 ] xT=false
  D4 above=T1 pat=000 resclass=[ -535, 3745, -7 ] xT=false
  D4 above=T2 pat=000 resclass=[ 3745, -7490, -2 ] xT=false
  D4 above=T2 pat=000 resclass=[ 3745, -7490, -2 ] xT=false
  D4 above=T3 pat=000 resclass=[ -7, -2, 14 ] xT=false
  D4 above=T1 pat=000 resclass=[ -535, 3745, -7 ] xT=false
  D4 above=T3 pat=000 resclass=[ -7, -2, 14 ] xT=false
  D4 above=T1 pat=000 resclass=[ -535, 3745, -7 ] xT=false
MEMBER stv 1/2 4 -3 shape=[ 1, 1, 2, 2 ] tors=[ 4, 4 ] order4=12 norm111=0 xTpass=0
  D4 above=T1 pat=000 resclass=[ 12950095, -14405, -899 ] xT=false
  D4 above=T1 pat=000 resclass=[ 12950095, -14405, -899 ] xT=false
  D4 above=T3 pat=000 resclass=[ -899, 15, -13485 ] xT=false
  D4 above=T2 pat=000 resclass=[ -14405, -8643, 15 ] xT=false
  D4 above=T3 pat=000 resclass=[ -899, 15, -13485 ] xT=false
  D4 above=T2 pat=000 resclass=[ -14405, -8643, 15 ] xT=false
  D4 above=T1 pat=000 resclass=[ 12950095, -14405, -899 ] xT=false
  D4 above=T1 pat=000 resclass=[ 12950095, -14405, -899 ] xT=false
  D4 above=T3 pat=000 resclass=[ -899, 15, -13485 ] xT=false
  D4 above=T2 pat=000 resclass=[ -14405, -8643, 15 ] xT=false
  D4 above=T3 pat=000 resclass=[ -899, 15, -13485 ] xT=false
  D4 above=T2 pat=000 resclass=[ -14405, -8643, 15 ] xT=false
MEMBER stv 2/3 3 -1 shape=[ 1, 1, 2, 2 ] tors=[ 4, 4 ] order4=12 norm111=0 xTpass=0
  D4 above=T1 pat=000 resclass=[ 933790, -6530, -143 ] xT=false
  D4 above=T1 pat=000 resclass=[ 933790, -6530, -143 ] xT=false
  D4 above=T2 pat=000 resclass=[ -6530, -3265, 2 ] xT=false
  D4 above=T3 pat=000 resclass=[ -143, 2, -286 ] xT=false
  D4 above=T2 pat=000 resclass=[ -6530, -3265, 2 ] xT=false
  D4 above=T3 pat=000 resclass=[ -143, 2, -286 ] xT=false
  D4 above=T1 pat=000 resclass=[ 933790, -6530, -143 ] xT=false
  D4 above=T1 pat=000 resclass=[ 933790, -6530, -143 ] xT=false
  D4 above=T2 pat=000 resclass=[ -6530, -3265, 2 ] xT=false
  D4 above=T3 pat=000 resclass=[ -143, 2, -286 ] xT=false
  D4 above=T2 pat=000 resclass=[ -6530, -3265, 2 ] xT=false
  D4 above=T3 pat=000 resclass=[ -143, 2, -286 ] xT=false
MEMBER stv 3/4 2 -1/3 shape=[ 1, 1, 2, 2 ] tors=[ 4, 4 ] order4=12 norm111=0 xTpass=0
  D4 above=T3 pat=000 resclass=[ -15, 3, -5 ] xT=false
  D4 above=T3 pat=000 resclass=[ -15, 3, -5 ] xT=false
  D4 above=T1 pat=000 resclass=[ 15015, -1001, -15 ] xT=false
  D4 above=T2 pat=000 resclass=[ -1001, -3003, 3 ] xT=false
  D4 above=T1 pat=000 resclass=[ 15015, -1001, -15 ] xT=false
  D4 above=T2 pat=000 resclass=[ -1001, -3003, 3 ] xT=false
  D4 above=T3 pat=000 resclass=[ -15, 3, -5 ] xT=false
  D4 above=T3 pat=000 resclass=[ -15, 3, -5 ] xT=false
  D4 above=T1 pat=000 resclass=[ 15015, -1001, -15 ] xT=false
  D4 above=T2 pat=000 resclass=[ -1001, -3003, 3 ] xT=false
  D4 above=T1 pat=000 resclass=[ 15015, -1001, -15 ] xT=false
  D4 above=T2 pat=000 resclass=[ -1001, -3003, 3 ] xT=false
MEMBER stv 1 4/3 -2 shape=[ 1, 1, 2, 2 ] tors=[ 4, 4 ] order4=12 norm111=0 xTpass=0
  D4 above=T3 pat=000 resclass=[ 2, 7, 14 ] xT=false
  D4 above=T3 pat=000 resclass=[ 2, 7, 14 ] xT=false
  D4 above=T1 pat=000 resclass=[ 1001, 2002, 2 ] xT=false
  D4 above=T2 pat=000 resclass=[ 2002, 286, 7 ] xT=false
  D4 above=T1 pat=000 resclass=[ 1001, 2002, 2 ] xT=false
  D4 above=T2 pat=000 resclass=[ 2002, 286, 7 ] xT=false
  D4 above=T3 pat=000 resclass=[ 2, 7, 14 ] xT=false
  D4 above=T3 pat=000 resclass=[ 2, 7, 14 ] xT=false
  D4 above=T1 pat=000 resclass=[ 1001, 2002, 2 ] xT=false
  D4 above=T2 pat=000 resclass=[ 2002, 286, 7 ] xT=false
  D4 above=T1 pat=000 resclass=[ 1001, 2002, 2 ] xT=false
  D4 above=T2 pat=000 resclass=[ 2002, 286, 7 ] xT=false
MEMBER stv 4/3 3/4 -3/4 shape=[ 1, 1, 2, 2 ] tors=[ 4, 4 ] order4=12 norm111=0 xTpass=0
  D4 above=T2 pat=000 resclass=[ 33411, -4773, -7 ] xT=false
  D4 above=T2 pat=000 resclass=[ 33411, -4773, -7 ] xT=false
  D4 above=T3 pat=000 resclass=[ 3655, -7, -25585 ] xT=false
  D4 above=T1 pat=000 resclass=[ 66045, 33411, 3655 ] xT=false
  D4 above=T3 pat=000 resclass=[ 3655, -7, -25585 ] xT=false
  D4 above=T1 pat=000 resclass=[ 66045, 33411, 3655 ] xT=false
  D4 above=T2 pat=000 resclass=[ 33411, -4773, -7 ] xT=false
  D4 above=T2 pat=000 resclass=[ 33411, -4773, -7 ] xT=false
  D4 above=T3 pat=000 resclass=[ 3655, -7, -25585 ] xT=false
  D4 above=T1 pat=000 resclass=[ 66045, 33411, 3655 ] xT=false
  D4 above=T3 pat=000 resclass=[ 3655, -7, -25585 ] xT=false
  D4 above=T1 pat=000 resclass=[ 66045, 33411, 3655 ] xT=false
MEMBER stv 3/2 2/3 -1/4 shape=[ 1, 1, 2, 2 ] tors=[ 4, 4 ] order4=12 norm111=0 xTpass=0
  D4 above=T2 pat=000 resclass=[ 17045, -3409, -5 ] xT=false
  D4 above=T2 pat=000 resclass=[ 17045, -3409, -5 ] xT=false
  D4 above=T3 pat=000 resclass=[ 629, -5, -3145 ] xT=false
  D4 above=T1 pat=000 resclass=[ 10721305, 17045, 629 ] xT=false
  D4 above=T3 pat=000 resclass=[ 629, -5, -3145 ] xT=false
  D4 above=T1 pat=000 resclass=[ 10721305, 17045, 629 ] xT=false
  D4 above=T2 pat=000 resclass=[ 17045, -3409, -5 ] xT=false
  D4 above=T2 pat=000 resclass=[ 17045, -3409, -5 ] xT=false
  D4 above=T3 pat=000 resclass=[ 629, -5, -3145 ] xT=false
  D4 above=T1 pat=000 resclass=[ 10721305, 17045, 629 ] xT=false
  D4 above=T3 pat=000 resclass=[ 629, -5, -3145 ] xT=false
  D4 above=T1 pat=000 resclass=[ 10721305, 17045, 629 ] xT=false
MEMBER stv 2 1/3 -3/2 shape=[ 1, 1, 2, 2 ] tors=[ 4, 4 ] order4=12 norm111=0 xTpass=0
  D4 above=T2 pat=000 resclass=[ 695, -1390, -2 ] xT=false
  D4 above=T2 pat=000 resclass=[ 695, -1390, -2 ] xT=false
  D4 above=T3 pat=000 resclass=[ 65, -2, -130 ] xT=false
  D4 above=T1 pat=000 resclass=[ 1807, 695, 65 ] xT=false
  D4 above=T3 pat=000 resclass=[ 65, -2, -130 ] xT=false
  D4 above=T1 pat=000 resclass=[ 1807, 695, 65 ] xT=false
  D4 above=T2 pat=000 resclass=[ 695, -1390, -2 ] xT=false
  D4 above=T2 pat=000 resclass=[ 695, -1390, -2 ] xT=false
  D4 above=T3 pat=000 resclass=[ 65, -2, -130 ] xT=false
  D4 above=T1 pat=000 resclass=[ 1807, 695, 65 ] xT=false
  D4 above=T3 pat=000 resclass=[ 65, -2, -130 ] xT=false
  D4 above=T1 pat=000 resclass=[ 1807, 695, 65 ] xT=false
MEMBER stv 3 1/4 -2/3 shape=[ 1, 1, 2, 2 ] tors=[ 4, 4 ] order4=12 norm111=0 xTpass=0
  D4 above=T3 pat=000 resclass=[ 231, -15, -385 ] xT=false
  D4 above=T3 pat=000 resclass=[ 231, -15, -385 ] xT=false
  D4 above=T2 pat=000 resclass=[ 645, -43, -15 ] xT=false
  D4 above=T1 pat=000 resclass=[ 16555, 645, 231 ] xT=false
  D4 above=T2 pat=000 resclass=[ 645, -43, -15 ] xT=false
  D4 above=T1 pat=000 resclass=[ 16555, 645, 231 ] xT=false
  D4 above=T3 pat=000 resclass=[ 231, -15, -385 ] xT=false
  D4 above=T3 pat=000 resclass=[ 231, -15, -385 ] xT=false
  D4 above=T2 pat=000 resclass=[ 645, -43, -15 ] xT=false
  D4 above=T1 pat=000 resclass=[ 16555, 645, 231 ] xT=false
  D4 above=T2 pat=000 resclass=[ 645, -43, -15 ] xT=false
  D4 above=T1 pat=000 resclass=[ 16555, 645, 231 ] xT=false
MEMBER stv 3 3 -4 shape=[ 1, 1, 2, 2 ] tors=[ 4, 4 ] order4=12 norm111=0 xTpass=0
  D4 above=T2 pat=000 resclass=[ 17710, 8855, 2 ] xT=false
  D4 above=T2 pat=000 resclass=[ 17710, 8855, 2 ] xT=false
  D4 above=T1 pat=000 resclass=[ -322, 17710, -55 ] xT=false
  D4 above=T3 pat=000 resclass=[ -55, 2, -110 ] xT=false
  D4 above=T1 pat=000 resclass=[ -322, 17710, -55 ] xT=false
  D4 above=T3 pat=000 resclass=[ -55, 2, -110 ] xT=false
  D4 above=T2 pat=000 resclass=[ 17710, 8855, 2 ] xT=false
  D4 above=T2 pat=000 resclass=[ 17710, 8855, 2 ] xT=false
  D4 above=T1 pat=000 resclass=[ -322, 17710, -55 ] xT=false
  D4 above=T3 pat=000 resclass=[ -55, 2, -110 ] xT=false
  D4 above=T1 pat=000 resclass=[ -322, 17710, -55 ] xT=false
  D4 above=T3 pat=000 resclass=[ -55, 2, -110 ] xT=false
MEMBER stv 4 2 -4/3 shape=[ 1, 1, 2, 2 ] tors=[ 4, 4 ] order4=12 norm111=0 xTpass=0
  D4 above=T2 pat=000 resclass=[ -793, -2379, 3 ] xT=false
  D4 above=T2 pat=000 resclass=[ -793, -2379, 3 ] xT=false
  D4 above=T3 pat=000 resclass=[ 7, 3, 21 ] xT=false
  D4 above=T1 pat=000 resclass=[ -5551, -793, 7 ] xT=false
  D4 above=T3 pat=000 resclass=[ 7, 3, 21 ] xT=false
  D4 above=T1 pat=000 resclass=[ -5551, -793, 7 ] xT=false
  D4 above=T2 pat=000 resclass=[ -793, -2379, 3 ] xT=false
  D4 above=T2 pat=000 resclass=[ -793, -2379, 3 ] xT=false
  D4 above=T3 pat=000 resclass=[ 7, 3, 21 ] xT=false
  D4 above=T1 pat=000 resclass=[ -5551, -793, 7 ] xT=false
  D4 above=T3 pat=000 resclass=[ 7, 3, 21 ] xT=false
  D4 above=T1 pat=000 resclass=[ -5551, -793, 7 ] xT=false
MEMBER stv 15/4 2/7 -17/19 shape=[ 1, 1, 2, 2 ] tors=[ 4, 4 ] order4=12 norm111=0 xTpass=0
  D4 above=T3 pat=000 resclass=[ 2257, -5, -11285 ] xT=false
  D4 above=T3 pat=000 resclass=[ 2257, -5, -11285 ] xT=false
  D4 above=T2 pat=000 resclass=[ 48350910061615, -9670182012323, -5 ] xT=false
  D4 above=T1 pat=000 resclass=[ 109128004009065055, 48350910061615, 2257 ] xT=false
  D4 above=T2 pat=000 resclass=[ 48350910061615, -9670182012323, -5 ] xT=false
  D4 above=T1 pat=000 resclass=[ 109128004009065055, 48350910061615, 2257 ] xT=false
  D4 above=T3 pat=000 resclass=[ 2257, -5, -11285 ] xT=false
  D4 above=T3 pat=000 resclass=[ 2257, -5, -11285 ] xT=false
  D4 above=T2 pat=000 resclass=[ 48350910061615, -9670182012323, -5 ] xT=false
  D4 above=T1 pat=000 resclass=[ 109128004009065055, 48350910061615, 2257 ] xT=false
  D4 above=T2 pat=000 resclass=[ 48350910061615, -9670182012323, -5 ] xT=false
  D4 above=T1 pat=000 resclass=[ 109128004009065055, 48350910061615, 2257 ] xT=false
MEMBER stv 8/9 18/11 7/15 shape=[ 1, 1, 2, 2 ] tors=[ 4, 4 ] order4=12 norm111=0 xTpass=0
  D4 above=T3 pat=000 resclass=[ -2400905, 203, -487383715 ] xT=false
  D4 above=T3 pat=000 resclass=[ -2400905, 203, -487383715 ] xT=false
  D4 above=T1 pat=000 resclass=[ 899310862169224401, -9364290363105, -2400905 ] xT=false
  D4 above=T2 pat=000 resclass=[ -9364290363105, -2260345949715, 203 ] xT=false
  D4 above=T1 pat=000 resclass=[ 899310862169224401, -9364290363105, -2400905 ] xT=false
  D4 above=T2 pat=000 resclass=[ -9364290363105, -2260345949715, 203 ] xT=false
  D4 above=T3 pat=000 resclass=[ -2400905, 203, -487383715 ] xT=false
  D4 above=T3 pat=000 resclass=[ -2400905, 203, -487383715 ] xT=false
  D4 above=T1 pat=000 resclass=[ 899310862169224401, -9364290363105, -2400905 ] xT=false
  D4 above=T2 pat=000 resclass=[ -9364290363105, -2260345949715, 203 ] xT=false
  D4 above=T1 pat=000 resclass=[ 899310862169224401, -9364290363105, -2400905 ] xT=false
  D4 above=T2 pat=000 resclass=[ -9364290363105, -2260345949715, 203 ] xT=false
MEMBER stv 20 9 -1/6 shape=[ 1, 1, 2, 2 ] tors=[ 4, 4 ] order4=12 norm111=0 xTpass=0
  D4 above=T1 pat=000 resclass=[ -1198942, 17984130, -15 ] xT=false
  D4 above=T1 pat=000 resclass=[ -1198942, 17984130, -15 ] xT=false
  D4 above=T3 pat=000 resclass=[ -15, 5, -3 ] xT=false
  D4 above=T2 pat=000 resclass=[ 17984130, 3596826, 5 ] xT=false
  D4 above=T3 pat=000 resclass=[ -15, 5, -3 ] xT=false
  D4 above=T2 pat=000 resclass=[ 17984130, 3596826, 5 ] xT=false
  D4 above=T1 pat=000 resclass=[ -1198942, 17984130, -15 ] xT=false
  D4 above=T1 pat=000 resclass=[ -1198942, 17984130, -15 ] xT=false
  D4 above=T3 pat=000 resclass=[ -15, 5, -3 ] xT=false
  D4 above=T2 pat=000 resclass=[ 17984130, 3596826, 5 ] xT=false
  D4 above=T3 pat=000 resclass=[ -15, 5, -3 ] xT=false
  D4 above=T2 pat=000 resclass=[ 17984130, 3596826, 5 ] xT=false
PART_DONE part=132
