MEMBER stv 1/4 3/4 1/4 shape=[ 1, 1, 2, 2 ] tors=[ 4, 4 ] order4=12 norm111=0 xTpass=0
  D4 above=T3 pat=000 resclass=[ -33, -7, 231 ] xT=false
  D4 above=T3 pat=000 resclass=[ -33, -7, 231 ] xT=false
  D4 above=T2 pat=000 resclass=[ -501865, 71695, -7 ] xT=false
  D4 above=T1 pat=000 resclass=[ 16561545, -501865, -33 ] xT=false
  D4 above=T2 pat=000 resclass=[ -501865, 71695, -7 ] xT=false
  D4 above=T1 pat=000 resclass=[ 16561545, -501865, -33 ] xT=false
  D4 above=T3 pat=000 resclass=[ -33, -7, 231 ] xT=false
  D4 above=T3 pat=000 resclass=[ -33, -7, 231 ] xT=false
  D4 above=T2 pat=000 resclass=[ -501865, 71695, -7 ] xT=false
  D4 above=T1 pat=000 resclass=[ 16561545, -501865, -33 ] xT=false
  D4 above=T2 pat=000 resclass=[ -501865, 71695, -7 ] xT=false
  D4 above=T1 pat=000 resclass=[ 16561545, -501865, -33 ] xT=false
MEMBER stv 1/3 1/2 3/2 shape=[ 1, 1, 2, 2 ] tors=[ 4, 4 ] order4=12 norm111=0 xTpass=0
  D4 above=T1 pat=000 resclass=[ 126490, -1946, -65 ] xT=false
  D4 above=T1 pat=000 resclass=[ 126490, -1946, -65 ] xT=false
  D4 above=T2 pat=000 resclass=[ -1946, 5838, -3 ] xT=false
  D4 above=T3 pat=000 resclass=[ -65, -3, 195 ] xT=false
  D4 above=T2 pat=000 resclass=[ -1946, 5838, -3 ] xT=false
  D4 above=T3 pat=000 resclass=[ -65, -3, 195 ] xT=false
  D4 above=T1 pat=000 resclass=[ 126490, -1946, -65 ] xT=false
  D4 above=T1 pat=000 resclass=[ 126490, -1946, -65 ] xT=false
  D4 above=T2 pat=000 resclass=[ -1946, 5838, -3 ] xT=false
  D4 above=T3 pat=000 resclass=[ -65, -3, 195 ] xT=false
  D4 above=T2 pat=000 resclass=[ -1946, 5838, -3 ] xT=false
  D4 above=T3 pat=000 resclass=[ -65, -3, 195 ] xT=false
MEMBER stv 1/2 1/3 2/3 shape=[ 1, 1, 2, 2 ] tors=[ 4, 4 ] order4=12 norm111=0 xTpass=0
  D4 above=T3 pat=000 resclass=[ -7, -2, 14 ] xT=false
  D4 above=T3 pat=000 resclass=[ -7, -2, 14 ] xT=false
  D4 above=T1 pat=000 resclass=[ 1797, -12579, -7 ] xT=false
  D4 above=T2 pat=000 resclass=[ -12579, 25158, -2 ] xT=false
  D4 above=T1 pat=000 resclass=[ 1797, -12579, -7 ] xT=false
  D4 above=T2 pat=000 resclass=[ -12579, 25158, -2 ] xT=false
  D4 above=T3 pat=000 resclass=[ -7, -2, 14 ] xT=false
  D4 above=T3 pat=000 resclass=[ -7, -2, 14 ] xT=false
  D4 above=T1 pat=000 resclass=[ 1797, -12579, -7 ] xT=false
  D4 above=T2 pat=000 resclass=[ -12579, 25158, -2 ] xT=false
  D4 above=T1 pat=000 resclass=[ 1797, -12579, -7 ] xT=false
  D4 above=T2 pat=000 resclass=[ -12579, 25158, -2 ] xT=false
MEMBER stv 1/2 4 4 shape=[ 1, 1, 2, 2 ] tors=[ 4, 4 ] order4=12 norm111=0 xTpass=0
  D4 above=T3 pat=000 resclass=[ -899, 15, -13485 ] xT=false
  D4 above=T3 pat=000 resclass=[ -899, 15, -13485 ] xT=false
  D4 above=T1 pat=000 resclass=[ 6459315, -7185, -899 ] xT=false
  D4 above=T2 pat=000 resclass=[ -7185, -479, 15 ] xT=false
  D4 above=T1 pat=000 resclass=[ 6459315, -7185, -899 ] xT=false
  D4 above=T2 pat=000 resclass=[ -7185, -479, 15 ] xT=false
  D4 above=T3 pat=000 resclass=[ -899, 15, -13485 ] xT=false
  D4 above=T3 pat=000 resclass=[ -899, 15, -13485 ] xT=false
  D4 above=T1 pat=000 resclass=[ 6459315, -7185, -899 ] xT=false
  D4 above=T2 pat=000 resclass=[ -7185, -479, 15 ] xT=false
  D4 above=T1 pat=000 resclass=[ 6459315, -7185, -899 ] xT=false
  D4 above=T2 pat=000 resclass=[ -7185, -479, 15 ] xT=false
MEMBER stv 2/3 3 4/3 shape=[ 1, 1, 2, 2 ] tors=[ 4, 4 ] order4=12 norm111=0 xTpass=0
  D4 above=T1 pat=000 resclass=[ 94042806, -657642, -143 ] xT=false
  D4 above=T1 pat=000 resclass=[ 94042806, -657642, -143 ] xT=false
  D4 above=T3 pat=000 resclass=[ -143, 2, -286 ] xT=false
  D4 above=T2 pat=000 resclass=[ -657642, -328821, 2 ] xT=false
  D4 above=T3 pat=000 resclass=[ -143, 2, -286 ] xT=false
  D4 above=T2 pat=000 resclass=[ -657642, -328821, 2 ] xT=false
  D4 above=T1 pat=000 resclass=[ 94042806, -657642, -143 ] xT=false
  D4 above=T1 pat=000 resclass=[ 94042806, -657642, -143 ] xT=false
  D4 above=T3 pat=000 resclass=[ -143, 2, -286 ] xT=false
  D4 above=T2 pat=000 resclass=[ -657642, -328821, 2 ] xT=false
  D4 above=T3 pat=000 resclass=[ -143, 2, -286 ] xT=false
  D4 above=T2 pat=000 resclass=[ -657642, -328821, 2 ] xT=false
MEMBER stv 3/4 2 1/2 shape=[ 1, 1, 2, 2 ] tors=[ 4, 4 ] order4=12 norm111=0 xTpass=0
  D4 above=T3 pat=000 resclass=[ -15, 3, -5 ] xT=false
  D4 above=T3 pat=000 resclass=[ -15, 3, -5 ] xT=false
  D4 above=T1 pat=000 resclass=[ 61910, -37146, -15 ] xT=false
  D4 above=T2 pat=000 resclass=[ -37146, -12382, 3 ] xT=false
  D4 above=T1 pat=000 resclass=[ 61910, -37146, -15 ] xT=false
  D4 above=T2 pat=000 resclass=[ -37146, -12382, 3 ] xT=false
  D4 above=T3 pat=000 resclass=[ -15, 3, -5 ] xT=false
  D4 above=T3 pat=000 resclass=[ -15, 3, -5 ] xT=false
  D4 above=T1 pat=000 resclass=[ 61910, -37146, -15 ] xT=false
  D4 above=T2 pat=000 resclass=[ -37146, -12382, 3 ] xT=false
  D4 above=T1 pat=000 resclass=[ 61910, -37146, -15 ] xT=false
  D4 above=T2 pat=000 resclass=[ -37146, -12382, 3 ] xT=false
MEMBER stv 1 4/3 3 shape=[ 1, 1, 2, 2 ] tors=[ 4, 4 ] order4=12 norm111=0 xTpass=0
  D4 above=T1 pat=000 resclass=[ -14, -7, 2 ] xT=false
  D4 above=T1 pat=000 resclass=[ -14, -7, 2 ] xT=false
  D4 above=T3 pat=000 resclass=[ 2, 7, 14 ] xT=false
  D4 above=T2 pat=000 resclass=[ -7, -1, 7 ] xT=false
  D4 above=T3 pat=000 resclass=[ 2, 7, 14 ] xT=false
  D4 above=T2 pat=000 resclass=[ -7, -1, 7 ] xT=false
  D4 above=T1 pat=000 resclass=[ -14, -7, 2 ] xT=false
  D4 above=T1 pat=000 resclass=[ -14, -7, 2 ] xT=false
  D4 above=T3 pat=000 resclass=[ 2, 7, 14 ] xT=false
  D4 above=T2 pat=000 resclass=[ -7, -1, 7 ] xT=false
  D4 above=T3 pat=000 resclass=[ 2, 7, 14 ] xT=false
  D4 above=T2 pat=000 resclass=[ -7, -1, 7 ] xT=false
MEMBER stv 4/3 3/4 1 shape=[ 1, 1, 2, 2 ] tors=[ 4, 4 ] order4=12 norm111=0 xTpass=0
  D4 above=T1 pat=000 resclass=[ -178250695, -48769, 3655 ] xT=false
  D4 above=T1 pat=000 resclass=[ -178250695, -48769, 3655 ] xT=false
  D4 above=T3 pat=000 resclass=[ 3655, -7, -25585 ] xT=false
  D4 above=T2 pat=000 resclass=[ -48769, 6967, -7 ] xT=false
  D4 above=T3 pat=000 resclass=[ 3655, -7, -25585 ] xT=false
  D4 above=T2 pat=000 resclass=[ -48769, 6967, -7 ] xT=false
  D4 above=T1 pat=000 resclass=[ -178250695, -48769, 3655 ] xT=false
  D4 above=T1 pat=000 resclass=[ -178250695, -48769, 3655 ] xT=false
  D4 above=T3 pat=000 resclass=[ 3655, -7, -25585 ] xT=false
  D4 above=T2 pat=000 resclass=[ -48769, 6967, -7 ] xT=false
  D4 above=T3 pat=000 resclass=[ 3655, -7, -25585 ] xT=false
  D4 above=T2 pat=000 resclass=[ -48769, 6967, -7 ] xT=false
MEMBER stv 3/2 2/3 1/3 shape=[ 1, 1, 2, 2 ] tors=[ 4, 4 ] order4=12 norm111=0 xTpass=0
  D4 above=T1 pat=000 resclass=[ -39208715, -62335, 629 ] xT=false
  D4 above=T1 pat=000 resclass=[ -39208715, -62335, 629 ] xT=false
  D4 above=T3 pat=000 resclass=[ 629, -5, -3145 ] xT=false
  D4 above=T2 pat=000 resclass=[ -62335, 12467, -5 ] xT=false
  D4 above=T3 pat=000 resclass=[ 629, -5, -3145 ] xT=false
  D4 above=T2 pat=000 resclass=[ -62335, 12467, -5 ] xT=false
  D4 above=T1 pat=000 resclass=[ -39208715, -62335, 629 ] xT=false
  D4 above=T1 pat=000 resclass=[ -39208715, -62335, 629 ] xT=false
  D4 above=T3 pat=000 resclass=[ 629, -5, -3145 ] xT=false
  D4 above=T2 pat=000 resclass=[ -62335, 12467, -5 ] xT=false
  D4 above=T3 pat=000 resclass=[ 629, -5, -3145 ] xT=false
  D4 above=T2 pat=000 resclass=[ -62335, 12467, -5 ] xT=false
MEMBER stv 2 1/3 2 shape=[ 1, 1, 2, 2 ] tors=[ 4, 4 ] order4=12 norm111=0 xTpass=0
  D4 above=T1 pat=000 resclass=[ -1937, -745, 65 ] xT=false
  D4 above=T1 pat=000 resclass=[ -1937, -745, 65 ] xT=false
  D4 above=T3 pat=000 resclass=[ 65, -2, -130 ] xT=false
  D4 above=T2 pat=000 resclass=[ -745, 1490, -2 ] xT=false
  D4 above=T3 pat=000 resclass=[ 65, -2, -130 ] xT=false
  D4 above=T2 pat=000 resclass=[ -745, 1490, -2 ] xT=false
  D4 above=T1 pat=000 resclass=[ -1937, -745, 65 ] xT=false
  D4 above=T1 pat=000 resclass=[ -1937, -745, 65 ] xT=false
  D4 above=T3 pat=000 resclass=[ 65, -2, -130 ] xT=false
  D4 above=T2 pat=000 resclass=[ -745, 1490, -2 ] xT=false
  D4 above=T3 pat=000 resclass=[ 65, -2, -130 ] xT=false
  D4 above=T2 pat=000 resclass=[ -745, 1490, -2 ] xT=false
MEMBER stv 3 1/4 3/4 shape=[ 1, 1, 2, 2 ] tors=[ 4, 4 ] order4=12 norm111=0 xTpass=0
  D4 above=T1 pat=000 resclass=[ -285759705, -1237055, 231 ] xT=false
  D4 above=T1 pat=000 resclass=[ -285759705, -1237055, 231 ] xT=false
  D4 above=T2 pat=000 resclass=[ -1237055, 742233, -15 ] xT=false
  D4 above=T3 pat=000 resclass=[ 231, -15, -385 ] xT=false
  D4 above=T2 pat=000 resclass=[ -1237055, 742233, -15 ] xT=false
  D4 above=T3 pat=000 resclass=[ 231, -15, -385 ] xT=false
  D4 above=T1 pat=000 resclass=[ -285759705, -1237055, 231 ] xT=false
  D4 above=T1 pat=000 resclass=[ -285759705, -1237055, 231 ] xT=false
  D4 above=T2 pat=000 resclass=[ -1237055, 742233, -15 ] xT=false
  D4 above=T3 pat=000 resclass=[ 231, -15, -385 ] xT=false
  D4 above=T2 pat=000 resclass=[ -1237055, 742233, -15 ] xT=false
  D4 above=T3 pat=000 resclass=[ 231, -15, -385 ] xT=false
MEMBER stv 3 4 1/4 shape=[ 1, 1, 2, 2 ] tors=[ 4, 4 ] order4=12 norm111=0 xTpass=0
  D4 above=T3 pat=000 resclass=[ -6, 15, -10 ] xT=false
  D4 above=T3 pat=000 resclass=[ -6, 15, -10 ] xT=false
  D4 above=T1 pat=000 resclass=[ 29510, -44265, -6 ] xT=false
  D4 above=T2 pat=000 resclass=[ -44265, -2951, 15 ] xT=false
  D4 above=T1 pat=000 resclass=[ 29510, -44265, -6 ] xT=false
  D4 above=T2 pat=000 resclass=[ -44265, -2951, 15 ] xT=false
  D4 above=T3 pat=000 resclass=[ -6, 15, -10 ] xT=false
  D4 above=T3 pat=000 resclass=[ -6, 15, -10 ] xT=false
  D4 above=T1 pat=000 resclass=[ 29510, -44265, -6 ] xT=false
  D4 above=T2 pat=000 resclass=[ -44265, -2951, 15 ] xT=false
  D4 above=T1 pat=000 resclass=[ 29510, -44265, -6 ] xT=false
  D4 above=T2 pat=000 resclass=[ -44265, -2951, 15 ] xT=false
MEMBER stv 4 2 3/2 shape=[ 1, 1, 2, 2 ] tors=[ 4, 4 ] order4=12 norm111=0 xTpass=0
  D4 above=T1 pat=000 resclass=[ 2, 14, 7 ] xT=false
  D4 above=T1 pat=000 resclass=[ 2, 14, 7 ] xT=false
  D4 above=T3 pat=000 resclass=[ 7, 3, 21 ] xT=false
  D4 above=T2 pat=000 resclass=[ 14, 42, 3 ] xT=false
  D4 above=T3 pat=000 resclass=[ 7, 3, 21 ] xT=false
  D4 above=T2 pat=000 resclass=[ 14, 42, 3 ] xT=false
  D4 above=T1 pat=000 resclass=[ 2, 14, 7 ] xT=false
  D4 above=T1 pat=000 resclass=[ 2, 14, 7 ] xT=false
  D4 above=T3 pat=000 resclass=[ 7, 3, 21 ] xT=false
  D4 above=T2 pat=000 resclass=[ 14, 42, 3 ] xT=false
  D4 above=T3 pat=000 resclass=[ 7, 3, 21 ] xT=false
  D4 above=T2 pat=000 resclass=[ 14, 42, 3 ] xT=false
MEMBER stv 20 1/5 1 shape=[ 1, 1, 2, 2 ] tors=[ 4, 4 ] order4=12 norm111=0 xTpass=0
  D4 above=T3 pat=000 resclass=[ 15589, -6, -93534 ] xT=false
  D4 above=T3 pat=000 resclass=[ 15589, -6, -93534 ] xT=false
  D4 above=T2 pat=000 resclass=[ -603061494, 100510249, -6 ] xT=false
  D4 above=T1 pat=000 resclass=[ -191859706734, -603061494, 15589 ] xT=false
  D4 above=T2 pat=000 resclass=[ -603061494, 100510249, -6 ] xT=false
  D4 above=T1 pat=000 resclass=[ -191859706734, -603061494, 15589 ] xT=false
  D4 above=T3 pat=000 resclass=[ 15589, -6, -93534 ] xT=false
  D4 above=T3 pat=000 resclass=[ 15589, -6, -93534 ] xT=false
  D4 above=T2 pat=000 resclass=[ -603061494, 100510249, -6 ] xT=false
  D4 above=T1 pat=000 resclass=[ -191859706734, -603061494, 15589 ] xT=false
  D4 above=T2 pat=000 resclass=[ -603061494, 100510249, -6 ] xT=false
  D4 above=T1 pat=000 resclass=[ -191859706734, -603061494, 15589 ] xT=false
MEMBER stv 16/15 15/17 4 shape=[ 1, 1, 2, 2 ] tors=[ 4, 4 ] order4=12 norm111=0 xTpass=0
  D4 above=T1 pat=000 resclass=[ -11706818770881841, -146479883521, 79921 ] xT=false
  D4 above=T1 pat=000 resclass=[ -11706818770881841, -146479883521, 79921 ] xT=false
  D4 above=T3 pat=000 resclass=[ 79921, -1, -79921 ] xT=false
  D4 above=T2 pat=000 resclass=[ -146479883521, 146479883521, -1 ] xT=false
  D4 above=T3 pat=000 resclass=[ 79921, -1, -79921 ] xT=false
  D4 above=T2 pat=000 resclass=[ -146479883521, 146479883521, -1 ] xT=false
  D4 above=T1 pat=000 resclass=[ -11706818770881841, -146479883521, 79921 ] xT=false
  D4 above=T1 pat=000 resclass=[ -11706818770881841, -146479883521, 79921 ] xT=false
  D4 above=T3 pat=000 resclass=[ 79921, -1, -79921 ] xT=false
  D4 above=T2 pat=000 resclass=[ -146479883521, 146479883521, -1 ] xT=false
  D4 above=T3 pat=000 resclass=[ 79921, -1, -79921 ] xT=false
  D4 above=T2 pat=000 resclass=[ -146479883521, 146479883521, -1 ] xT=false
MEMBER stv 18/13 3 15/19 shape=[ 1, 1, 2, 2 ] tors=[ 4, 4 ] order4=12 norm111=0 xTpass=0
  D4 above=T1 pat=000 resclass=[ 2105081806671690, -802547391030, -2623 ] xT=false
  D4 above=T1 pat=000 resclass=[ 2105081806671690, -802547391030, -2623 ] xT=false
  D4 above=T2 pat=000 resclass=[ -802547391030, -401273695515, 2 ] xT=false
  D4 above=T3 pat=000 resclass=[ -2623, 2, -5246 ] xT=false
  D4 above=T2 pat=000 resclass=[ -802547391030, -401273695515, 2 ] xT=false
  D4 above=T3 pat=000 resclass=[ -2623, 2, -5246 ] xT=false
  D4 above=T1 pat=000 resclass=[ 2105081806671690, -802547391030, -2623 ] xT=false
  D4 above=T1 pat=000 resclass=[ 2105081806671690, -802547391030, -2623 ] xT=false
  D4 above=T2 pat=000 resclass=[ -802547391030, -401273695515, 2 ] xT=false
  D4 above=T3 pat=000 resclass=[ -2623, 2, -5246 ] xT=false
  D4 above=T2 pat=000 resclass=[ -802547391030, -401273695515, 2 ] xT=false
  D4 above=T3 pat=000 resclass=[ -2623, 2, -5246 ] xT=false
PART_DONE part=133
