MEMBER stv 1/4 3/4 -1/4 shape=[ 1, 1, 2, 2 ] tors=[ 4, 4 ] order4=12 norm111=0 xTpass=0
  D4 above=T3 pat=000 resclass=[ -33, -7, 231 ] xT=false
  D4 above=T3 pat=000 resclass=[ -33, -7, 231 ] xT=false
  D4 above=T1 pat=000 resclass=[ -385, 105, -33 ] xT=false
  D4 above=T2 pat=000 resclass=[ 105, -15, -7 ] xT=false
  D4 above=T1 pat=000 resclass=[ -385, 105, -33 ] xT=false
  D4 above=T2 pat=000 resclass=[ 105, -15, -7 ] xT=false
  D4 above=T3 pat=000 resclass=[ -33, -7, 231 ] xT=false
  D4 above=T3 pat=000 resclass=[ -33, -7, 231 ] xT=false
  D4 above=T1 pat=000 resclass=[ -385, 105, -33 ] xT=false
  D4 above=T2 pat=000 resclass=[ 105, -15, -7 ] xT=false
  D4 above=T1 pat=000 resclass=[ -385, 105, -33 ] xT=false
  D4 above=T2 pat=000 resclass=[ 105, -15, -7 ] xT=false
MEMBER stv 1/3 1/2 -3/2 shape=[ 1, 1, 2, 2 ] tors=[ 4, 4 ] order4=12 norm111=0 xTpass=0
  D4 above=T1 pat=000 resclass=[ -1378, 530, -65 ] xT=false
  D4 above=T1 pat=000 resclass=[ -1378, 530, -65 ] xT=false
  D4 above=T3 pat=000 resclass=[ -65, -3, 195 ] xT=false
  D4 above=T2 pat=000 resclass=[ 530, -1590, -3 ] xT=false
  D4 above=T3 pat=000 resclass=[ -65, -3, 195 ] xT=false
  D4 above=T2 pat=000 resclass=[ 530, -1590, -3 ] xT=false
  D4 above=T1 pat=000 resclass=[ -1378, 530, -65 ] xT=false
  D4 above=T1 pat=000 resclass=[ -1378, 530, -65 ] xT=false
  D4 above=T3 pat=000 resclass=[ -65, -3, 195 ] xT=false
  D4 above=T2 pat=000 resclass=[ 530, -1590, -3 ] xT=false
  D4 above=T3 pat=000 resclass=[ -65, -3, 195 ] xT=false
  D4 above=T2 pat=000 resclass=[ 530, -1590, -3 ] xT=false
MEMBER stv 1/2 1/3 -2/3 shape=[ 1, 1, 2, 2 ] tors=[ 4, 4 ] order4=12 norm111=0 xTpass=0
  D4 above=T1 pat=000 resclass=[ -39165, 5595, -7 ] xT=false
  D4 above=T1 pat=000 resclass=[ -39165, 5595, -7 ] xT=false
  D4 above=T2 pat=000 resclass=[ 5595, -11190, -2 ] xT=false
  D4 above=T3 pat=000 resclass=[ -7, -2, 14 ] xT=false
  D4 above=T2 pat=000 resclass=[ 5595, -11190, -2 ] xT=false
  D4 above=T3 pat=000 resclass=[ -7, -2, 14 ] xT=false
  D4 above=T1 pat=000 resclass=[ -39165, 5595, -7 ] xT=false
  D4 above=T1 pat=000 resclass=[ -39165, 5595, -7 ] xT=false
  D4 above=T2 pat=000 resclass=[ 5595, -11190, -2 ] xT=false
  D4 above=T3 pat=000 resclass=[ -7, -2, 14 ] xT=false
  D4 above=T2 pat=000 resclass=[ 5595, -11190, -2 ] xT=false
  D4 above=T3 pat=000 resclass=[ -7, -2, 14 ] xT=false
MEMBER stv 1/2 4 -4 INVALID
MEMBER stv 2/3 3 -4/3 shape=[ 1, 1, 2, 2 ] tors=[ 4, 4 ] order4=12 norm111=0 xTpass=0
  D4 above=T1 pat=000 resclass=[ 203034, -171798, -143 ] xT=false
  D4 above=T1 pat=000 resclass=[ 203034, -171798, -143 ] xT=false
  D4 above=T2 pat=000 resclass=[ -171798, -85899, 2 ] xT=false
  D4 above=T3 pat=000 resclass=[ -143, 2, -286 ] xT=false
  D4 above=T2 pat=000 resclass=[ -171798, -85899, 2 ] xT=false
  D4 above=T3 pat=000 resclass=[ -143, 2, -286 ] xT=false
  D4 above=T1 pat=000 resclass=[ 203034, -171798, -143 ] xT=false
  D4 above=T1 pat=000 resclass=[ 203034, -171798, -143 ] xT=false
  D4 above=T2 pat=000 resclass=[ -171798, -85899, 2 ] xT=false
  D4 above=T3 pat=000 resclass=[ -143, 2, -286 ] xT=false
  D4 above=T2 pat=000 resclass=[ -171798, -85899, 2 ] xT=false
  D4 above=T3 pat=000 resclass=[ -143, 2, -286 ] xT=false
MEMBER stv 3/4 2 -1/2 shape=[ 1, 1, 2, 2 ] tors=[ 4, 4 ] order4=12 norm111=0 xTpass=0
  D4 above=T1 pat=000 resclass=[ 1978, -29670, -15 ] xT=false
  D4 above=T1 pat=000 resclass=[ 1978, -29670, -15 ] xT=false
  D4 above=T3 pat=000 resclass=[ -15, 3, -5 ] xT=false
  D4 above=T2 pat=000 resclass=[ -29670, -9890, 3 ] xT=false
  D4 above=T3 pat=000 resclass=[ -15, 3, -5 ] xT=false
  D4 above=T2 pat=000 resclass=[ -29670, -9890, 3 ] xT=false
  D4 above=T1 pat=000 resclass=[ 1978, -29670, -15 ] xT=false
  D4 above=T1 pat=000 resclass=[ 1978, -29670, -15 ] xT=false
  D4 above=T3 pat=000 resclass=[ -15, 3, -5 ] xT=false
  D4 above=T2 pat=000 resclass=[ -29670, -9890, 3 ] xT=false
  D4 above=T3 pat=000 resclass=[ -15, 3, -5 ] xT=false
  D4 above=T2 pat=000 resclass=[ -29670, -9890, 3 ] xT=false
MEMBER stv 1 4/3 -3 shape=[ 1, 1, 2, 2 ] tors=[ 4, 4 ] order4=12 norm111=0 xTpass=0
  D4 above=T1 pat=000 resclass=[ 406, 203, 2 ] xT=false
  D4 above=T1 pat=000 resclass=[ 406, 203, 2 ] xT=false
  D4 above=T2 pat=000 resclass=[ 203, 29, 7 ] xT=false
  D4 above=T3 pat=000 resclass=[ 2, 7, 14 ] xT=false
  D4 above=T2 pat=000 resclass=[ 203, 29, 7 ] xT=false
  D4 above=T3 pat=000 resclass=[ 2, 7, 14 ] xT=false
  D4 above=T1 pat=000 resclass=[ 406, 203, 2 ] xT=false
  D4 above=T1 pat=000 resclass=[ 406, 203, 2 ] xT=false
  D4 above=T2 pat=000 resclass=[ 203, 29, 7 ] xT=false
  D4 above=T3 pat=000 resclass=[ 2, 7, 14 ] xT=false
  D4 above=T2 pat=000 resclass=[ 203, 29, 7 ] xT=false
  D4 above=T3 pat=000 resclass=[ 2, 7, 14 ] xT=false
MEMBER stv 4/3 3/4 -1 shape=[ 1, 1, 2, 2 ] tors=[ 4, 4 ] order4=12 norm111=0 xTpass=0
  D4 above=T2 pat=000 resclass=[ 2359, -337, -7 ] xT=false
  D4 above=T2 pat=000 resclass=[ 2359, -337, -7 ] xT=false
  D4 above=T3 pat=000 resclass=[ 3655, -7, -25585 ] xT=false
  D4 above=T1 pat=000 resclass=[ 8622145, 2359, 3655 ] xT=false
  D4 above=T3 pat=000 resclass=[ 3655, -7, -25585 ] xT=false
  D4 above=T1 pat=000 resclass=[ 8622145, 2359, 3655 ] xT=false
  D4 above=T2 pat=000 resclass=[ 2359, -337, -7 ] xT=false
  D4 above=T2 pat=000 resclass=[ 2359, -337, -7 ] xT=false
  D4 above=T3 pat=000 resclass=[ 3655, -7, -25585 ] xT=false
  D4 above=T1 pat=000 resclass=[ 8622145, 2359, 3655 ] xT=false
  D4 above=T3 pat=000 resclass=[ 3655, -7, -25585 ] xT=false
  D4 above=T1 pat=000 resclass=[ 8622145, 2359, 3655 ] xT=false
MEMBER stv 3/2 2/3 -1/3 shape=[ 1, 1, 2, 2 ] tors=[ 4, 4 ] order4=12 norm111=0 xTpass=0
  D4 above=T2 pat=000 resclass=[ 815, -163, -5 ] xT=false
  D4 above=T2 pat=000 resclass=[ 815, -163, -5 ] xT=false
  D4 above=T3 pat=000 resclass=[ 629, -5, -3145 ] xT=false
  D4 above=T1 pat=000 resclass=[ 512635, 815, 629 ] xT=false
  D4 above=T3 pat=000 resclass=[ 629, -5, -3145 ] xT=false
  D4 above=T1 pat=000 resclass=[ 512635, 815, 629 ] xT=false
  D4 above=T2 pat=000 resclass=[ 815, -163, -5 ] xT=false
  D4 above=T2 pat=000 resclass=[ 815, -163, -5 ] xT=false
  D4 above=T3 pat=000 resclass=[ 629, -5, -3145 ] xT=false
  D4 above=T1 pat=000 resclass=[ 512635, 815, 629 ] xT=false
  D4 above=T3 pat=000 resclass=[ 629, -5, -3145 ] xT=false
  D4 above=T1 pat=000 resclass=[ 512635, 815, 629 ] xT=false
MEMBER stv 2 1/3 -2 shape=[ 1, 1, 2, 2 ] tors=[ 4, 4 ] order4=12 norm111=0 xTpass=0
  D4 above=T2 pat=000 resclass=[ 4081, -8162, -2 ] xT=false
  D4 above=T2 pat=000 resclass=[ 4081, -8162, -2 ] xT=false
  D4 above=T3 pat=000 resclass=[ 65, -2, -130 ] xT=false
  D4 above=T1 pat=000 resclass=[ 265265, 4081, 65 ] xT=false
  D4 above=T3 pat=000 resclass=[ 65, -2, -130 ] xT=false
  D4 above=T1 pat=000 resclass=[ 265265, 4081, 65 ] xT=false
  D4 above=T2 pat=000 resclass=[ 4081, -8162, -2 ] xT=false
  D4 above=T2 pat=000 resclass=[ 4081, -8162, -2 ] xT=false
  D4 above=T3 pat=000 resclass=[ 65, -2, -130 ] xT=false
  D4 above=T1 pat=000 resclass=[ 265265, 4081, 65 ] xT=false
  D4 above=T3 pat=000 resclass=[ 65, -2, -130 ] xT=false
  D4 above=T1 pat=000 resclass=[ 265265, 4081, 65 ] xT=false
MEMBER stv 3 1/4 -3/4 shape=[ 1, 1, 2, 2 ] tors=[ 4, 4 ] order4=12 norm111=0 xTpass=0
  D4 above=T3 pat=000 resclass=[ 231, -15, -385 ] xT=false
  D4 above=T3 pat=000 resclass=[ 231, -15, -385 ] xT=false
  D4 above=T1 pat=000 resclass=[ 157610145, 682295, 231 ] xT=false
  D4 above=T2 pat=000 resclass=[ 682295, -409377, -15 ] xT=false
  D4 above=T1 pat=000 resclass=[ 157610145, 682295, 231 ] xT=false
  D4 above=T2 pat=000 resclass=[ 682295, -409377, -15 ] xT=false
  D4 above=T3 pat=000 resclass=[ 231, -15, -385 ] xT=false
  D4 above=T3 pat=000 resclass=[ 231, -15, -385 ] xT=false
  D4 above=T1 pat=000 resclass=[ 157610145, 682295, 231 ] xT=false
  D4 above=T2 pat=000 resclass=[ 682295, -409377, -15 ] xT=false
  D4 above=T1 pat=000 resclass=[ 157610145, 682295, 231 ] xT=false
  D4 above=T2 pat=000 resclass=[ 682295, -409377, -15 ] xT=false
MEMBER stv 3 4 -1/4 shape=[ 1, 1, 2, 2 ] tors=[ 4, 4 ] order4=12 norm111=0 xTpass=0
  D4 above=T2 pat=000 resclass=[ 705, 47, 15 ] xT=false
  D4 above=T2 pat=000 resclass=[ 705, 47, 15 ] xT=false
  D4 above=T1 pat=000 resclass=[ -470, 705, -6 ] xT=false
  D4 above=T3 pat=000 resclass=[ -6, 15, -10 ] xT=false
  D4 above=T1 pat=000 resclass=[ -470, 705, -6 ] xT=false
  D4 above=T3 pat=000 resclass=[ -6, 15, -10 ] xT=false
  D4 above=T2 pat=000 resclass=[ 705, 47, 15 ] xT=false
  D4 above=T2 pat=000 resclass=[ 705, 47, 15 ] xT=false
  D4 above=T1 pat=000 resclass=[ -470, 705, -6 ] xT=false
  D4 above=T3 pat=000 resclass=[ -6, 15, -10 ] xT=false
  D4 above=T1 pat=000 resclass=[ -470, 705, -6 ] xT=false
  D4 above=T3 pat=000 resclass=[ -6, 15, -10 ] xT=false
MEMBER stv 4 2 -3/2 shape=[ 1, 1, 2, 2 ] tors=[ 4, 4 ] order4=12 norm111=0 xTpass=0
  D4 above=T1 pat=000 resclass=[ -1610, -230, 7 ] xT=false
  D4 above=T1 pat=000 resclass=[ -1610, -230, 7 ] xT=false
  D4 above=T3 pat=000 resclass=[ 7, 3, 21 ] xT=false
  D4 above=T2 pat=000 resclass=[ -230, -690, 3 ] xT=false
  D4 above=T3 pat=000 resclass=[ 7, 3, 21 ] xT=false
  D4 above=T2 pat=000 resclass=[ -230, -690, 3 ] xT=false
  D4 above=T1 pat=000 resclass=[ -1610, -230, 7 ] xT=false
  D4 above=T1 pat=000 resclass=[ -1610, -230, 7 ] xT=false
  D4 above=T3 pat=000 resclass=[ 7, 3, 21 ] xT=false
  D4 above=T2 pat=000 resclass=[ -230, -690, 3 ] xT=false
  D4 above=T3 pat=000 resclass=[ 7, 3, 21 ] xT=false
  D4 above=T2 pat=000 resclass=[ -230, -690, 3 ] xT=false
MEMBER stv 1/2 8/15 19/7 shape=[ 1, 1, 2, 2 ] tors=[ 4, 4 ] order4=12 norm111=0 xTpass=0
  D4 above=T3 pat=000 resclass=[ -53059, -161, 8542499 ] xT=false
  D4 above=T3 pat=000 resclass=[ -53059, -161, 8542499 ] xT=false
  D4 above=T2 pat=000 resclass=[ -64954156181, 19768656229, -161 ] xT=false
  D4 above=T1 pat=000 resclass=[ 3446402572807679, -64954156181, -53059 ] xT=false
  D4 above=T2 pat=000 resclass=[ -64954156181, 19768656229, -161 ] xT=false
  D4 above=T1 pat=000 resclass=[ 3446402572807679, -64954156181, -53059 ] xT=false
  D4 above=T3 pat=000 resclass=[ -53059, -161, 8542499 ] xT=false
  D4 above=T3 pat=000 resclass=[ -53059, -161, 8542499 ] xT=false
  D4 above=T2 pat=000 resclass=[ -64954156181, 19768656229, -161 ] xT=false
  D4 above=T1 pat=000 resclass=[ 3446402572807679, -64954156181, -53059 ] xT=false
  D4 above=T2 pat=000 resclass=[ -64954156181, 19768656229, -161 ] xT=false
  D4 above=T1 pat=000 resclass=[ 3446402572807679, -64954156181, -53059 ] xT=false
MEMBER stv 2/19 7/5 4/17 shape=[ 1, 1, 2, 2 ] tors=[ 4, 4 ] order4=12 norm111=0 xTpass=0
  D4 above=T2 pat=000 resclass=[ 339574694, 509362041, 6 ] xT=false
  D4 above=T2 pat=000 resclass=[ 339574694, 509362041, 6 ] xT=false
  D4 above=T3 pat=000 resclass=[ -51359, 6, -308154 ] xT=false
  D4 above=T1 pat=000 resclass=[ -17440216709146, 339574694, -51359 ] xT=false
  D4 above=T3 pat=000 resclass=[ -51359, 6, -308154 ] xT=false
  D4 above=T1 pat=000 resclass=[ -17440216709146, 339574694, -51359 ] xT=false
  D4 above=T2 pat=000 resclass=[ 339574694, 509362041, 6 ] xT=false
  D4 above=T2 pat=000 resclass=[ 339574694, 509362041, 6 ] xT=false
  D4 above=T3 pat=000 resclass=[ -51359, 6, -308154 ] xT=false
  D4 above=T1 pat=000 resclass=[ -17440216709146, 339574694, -51359 ] xT=false
  D4 above=T3 pat=000 resclass=[ -51359, 6, -308154 ] xT=false
  D4 above=T1 pat=000 resclass=[ -17440216709146, 339574694, -51359 ] xT=false
MEMBER stv 8/3 11/14 7/9 shape=[ 1, 1, 2, 2 ] tors=[ 4, 4 ] order4=12 norm111=0 xTpass=0
  D4 above=T2 pat=000 resclass=[ -8954481, 2984827, -3 ] xT=false
  D4 above=T2 pat=000 resclass=[ -8954481, 2984827, -3 ] xT=false
  D4 above=T1 pat=000 resclass=[ -21562381293519, -8954481, 2407999 ] xT=false
  D4 above=T3 pat=000 resclass=[ 2407999, -3, -7223997 ] xT=false
  D4 above=T1 pat=000 resclass=[ -21562381293519, -8954481, 2407999 ] xT=false
  D4 above=T3 pat=000 resclass=[ 2407999, -3, -7223997 ] xT=false
  D4 above=T2 pat=000 resclass=[ -8954481, 2984827, -3 ] xT=false
  D4 above=T2 pat=000 resclass=[ -8954481, 2984827, -3 ] xT=false
  D4 above=T1 pat=000 resclass=[ -21562381293519, -8954481, 2407999 ] xT=false
  D4 above=T3 pat=000 resclass=[ 2407999, -3, -7223997 ] xT=false
  D4 above=T1 pat=000 resclass=[ -21562381293519, -8954481, 2407999 ] xT=false
  D4 above=T3 pat=000 resclass=[ 2407999, -3, -7223997 ] xT=false
PART_DONE part=134
