MEMBER stv 1/4 3/4 1/3 shape=[ 1, 1, 2, 2 ] tors=[ 4, 4 ] order4=12 norm111=0 xTpass=0
  D4 above=T2 pat=000 resclass=[ -3, 21, -7 ] xT=false
  D4 above=T2 pat=000 resclass=[ -3, 21, -7 ] xT=false
  D4 above=T3 pat=000 resclass=[ -33, -7, 231 ] xT=false
  D4 above=T1 pat=000 resclass=[ 11, -3, -33 ] xT=false
  D4 above=T3 pat=000 resclass=[ -33, -7, 231 ] xT=false
  D4 above=T1 pat=000 resclass=[ 11, -3, -33 ] xT=false
  D4 above=T2 pat=000 resclass=[ -3, 21, -7 ] xT=false
  D4 above=T2 pat=000 resclass=[ -3, 21, -7 ] xT=false
  D4 above=T3 pat=000 resclass=[ -33, -7, 231 ] xT=false
  D4 above=T1 pat=000 resclass=[ 11, -3, -33 ] xT=false
  D4 above=T3 pat=000 resclass=[ -33, -7, 231 ] xT=false
  D4 above=T1 pat=000 resclass=[ 11, -3, -33 ] xT=false
MEMBER stv 1/3 1/2 2 shape=[ 1, 1, 2, 2 ] tors=[ 4, 4 ] order4=12 norm111=0 xTpass=0
  D4 above=T2 pat=000 resclass=[ -3795, 1265, -3 ] xT=false
  D4 above=T2 pat=000 resclass=[ -3795, 1265, -3 ] xT=false
  D4 above=T3 pat=000 resclass=[ -65, -3, 195 ] xT=false
  D4 above=T1 pat=000 resclass=[ 9867, -3795, -65 ] xT=false
  D4 above=T3 pat=000 resclass=[ -65, -3, 195 ] xT=false
  D4 above=T1 pat=000 resclass=[ 9867, -3795, -65 ] xT=false
  D4 above=T2 pat=000 resclass=[ -3795, 1265, -3 ] xT=false
  D4 above=T2 pat=000 resclass=[ -3795, 1265, -3 ] xT=false
  D4 above=T3 pat=000 resclass=[ -65, -3, 195 ] xT=false
  D4 above=T1 pat=000 resclass=[ 9867, -3795, -65 ] xT=false
  D4 above=T3 pat=000 resclass=[ -65, -3, 195 ] xT=false
  D4 above=T1 pat=000 resclass=[ 9867, -3795, -65 ] xT=false
MEMBER stv 1/2 1/3 3/4 shape=[ 1, 1, 2, 2 ] tors=[ 4, 4 ] order4=12 norm111=0 xTpass=0
  D4 above=T3 pat=000 resclass=[ -7, -2, 14 ] xT=false
  D4 above=T3 pat=000 resclass=[ -7, -2, 14 ] xT=false
  D4 above=T2 pat=000 resclass=[ -20710, 10355, -2 ] xT=false
  D4 above=T1 pat=000 resclass=[ 144970, -20710, -7 ] xT=false
  D4 above=T2 pat=000 resclass=[ -20710, 10355, -2 ] xT=false
  D4 above=T1 pat=000 resclass=[ 144970, -20710, -7 ] xT=false
  D4 above=T3 pat=000 resclass=[ -7, -2, 14 ] xT=false
  D4 above=T3 pat=000 resclass=[ -7, -2, 14 ] xT=false
  D4 above=T2 pat=000 resclass=[ -20710, 10355, -2 ] xT=false
  D4 above=T1 pat=000 resclass=[ 144970, -20710, -7 ] xT=false
  D4 above=T2 pat=000 resclass=[ -20710, 10355, -2 ] xT=false
  D4 above=T1 pat=000 resclass=[ 144970, -20710, -7 ] xT=false
MEMBER stv 2/3 1/4 1/4 shape=[ 1, 1, 2, 2 ] tors=[ 4, 4 ] order4=12 norm111=0 xTpass=0
  D4 above=T1 pat=000 resclass=[ 2492490, -2490, -1001 ] xT=false
  D4 above=T1 pat=000 resclass=[ 2492490, -2490, -1001 ] xT=false
  D4 above=T3 pat=000 resclass=[ -1001, -15, 15015 ] xT=false
  D4 above=T2 pat=000 resclass=[ -2490, 166, -15 ] xT=false
  D4 above=T3 pat=000 resclass=[ -1001, -15, 15015 ] xT=false
  D4 above=T2 pat=000 resclass=[ -2490, 166, -15 ] xT=false
  D4 above=T1 pat=000 resclass=[ 2492490, -2490, -1001 ] xT=false
  D4 above=T1 pat=000 resclass=[ 2492490, -2490, -1001 ] xT=false
  D4 above=T3 pat=000 resclass=[ -1001, -15, 15015 ] xT=false
  D4 above=T2 pat=000 resclass=[ -2490, 166, -15 ] xT=false
  D4 above=T3 pat=000 resclass=[ -1001, -15, 15015 ] xT=false
  D4 above=T2 pat=000 resclass=[ -2490, 166, -15 ] xT=false
MEMBER stv 2/3 3 3/2 shape=[ 1, 1, 2, 2 ] tors=[ 4, 4 ] order4=12 norm111=0 xTpass=0
  D4 above=T2 pat=000 resclass=[ -4785, -9570, 2 ] xT=false
  D4 above=T2 pat=000 resclass=[ -4785, -9570, 2 ] xT=false
  D4 above=T1 pat=000 resclass=[ 5655, -4785, -143 ] xT=false
  D4 above=T3 pat=000 resclass=[ -143, 2, -286 ] xT=false
  D4 above=T1 pat=000 resclass=[ 5655, -4785, -143 ] xT=false
  D4 above=T3 pat=000 resclass=[ -143, 2, -286 ] xT=false
  D4 above=T2 pat=000 resclass=[ -4785, -9570, 2 ] xT=false
  D4 above=T2 pat=000 resclass=[ -4785, -9570, 2 ] xT=false
  D4 above=T1 pat=000 resclass=[ 5655, -4785, -143 ] xT=false
  D4 above=T3 pat=000 resclass=[ -143, 2, -286 ] xT=false
  D4 above=T1 pat=000 resclass=[ 5655, -4785, -143 ] xT=false
  D4 above=T3 pat=000 resclass=[ -143, 2, -286 ] xT=false
MEMBER stv 3/4 2 2/3 shape=[ 1, 1, 2, 2 ] tors=[ 4, 4 ] order4=12 norm111=0 xTpass=0
  D4 above=T1 pat=000 resclass=[ 17490, -1166, -15 ] xT=false
  D4 above=T1 pat=000 resclass=[ 17490, -1166, -15 ] xT=false
  D4 above=T2 pat=000 resclass=[ -1166, -3498, 3 ] xT=false
  D4 above=T3 pat=000 resclass=[ -15, 3, -5 ] xT=false
  D4 above=T2 pat=000 resclass=[ -1166, -3498, 3 ] xT=false
  D4 above=T3 pat=000 resclass=[ -15, 3, -5 ] xT=false
  D4 above=T1 pat=000 resclass=[ 17490, -1166, -15 ] xT=false
  D4 above=T1 pat=000 resclass=[ 17490, -1166, -15 ] xT=false
  D4 above=T2 pat=000 resclass=[ -1166, -3498, 3 ] xT=false
  D4 above=T3 pat=000 resclass=[ -15, 3, -5 ] xT=false
  D4 above=T2 pat=000 resclass=[ -1166, -3498, 3 ] xT=false
  D4 above=T3 pat=000 resclass=[ -15, 3, -5 ] xT=false
MEMBER stv 1 4/3 4 shape=[ 1, 1, 2, 2 ] tors=[ 4, 4 ] order4=12 norm111=0 xTpass=0
  D4 above=T3 pat=000 resclass=[ 2, 7, 14 ] xT=false
  D4 above=T3 pat=000 resclass=[ 2, 7, 14 ] xT=false
  D4 above=T1 pat=000 resclass=[ -3010, -1505, 2 ] xT=false
  D4 above=T2 pat=000 resclass=[ -1505, -215, 7 ] xT=false
  D4 above=T1 pat=000 resclass=[ -3010, -1505, 2 ] xT=false
  D4 above=T2 pat=000 resclass=[ -1505, -215, 7 ] xT=false
  D4 above=T3 pat=000 resclass=[ 2, 7, 14 ] xT=false
  D4 above=T3 pat=000 resclass=[ 2, 7, 14 ] xT=false
  D4 above=T1 pat=000 resclass=[ -3010, -1505, 2 ] xT=false
  D4 above=T2 pat=000 resclass=[ -1505, -215, 7 ] xT=false
  D4 above=T1 pat=000 resclass=[ -3010, -1505, 2 ] xT=false
  D4 above=T2 pat=000 resclass=[ -1505, -215, 7 ] xT=false
MEMBER stv 4/3 3/4 4/3 shape=[ 1, 1, 2, 2 ] tors=[ 4, 4 ] order4=12 norm111=0 xTpass=0
  D4 above=T2 pat=000 resclass=[ -249249, 35607, -7 ] xT=false
  D4 above=T2 pat=000 resclass=[ -249249, 35607, -7 ] xT=false
  D4 above=T3 pat=000 resclass=[ 3655, -7, -25585 ] xT=false
  D4 above=T1 pat=000 resclass=[ -911005095, -249249, 3655 ] xT=false
  D4 above=T3 pat=000 resclass=[ 3655, -7, -25585 ] xT=false
  D4 above=T1 pat=000 resclass=[ -911005095, -249249, 3655 ] xT=false
  D4 above=T2 pat=000 resclass=[ -249249, 35607, -7 ] xT=false
  D4 above=T2 pat=000 resclass=[ -249249, 35607, -7 ] xT=false
  D4 above=T3 pat=000 resclass=[ 3655, -7, -25585 ] xT=false
  D4 above=T1 pat=000 resclass=[ -911005095, -249249, 3655 ] xT=false
  D4 above=T3 pat=000 resclass=[ 3655, -7, -25585 ] xT=false
  D4 above=T1 pat=000 resclass=[ -911005095, -249249, 3655 ] xT=false
MEMBER stv 3/2 2/3 1/2 shape=[ 1, 1, 2, 2 ] tors=[ 4, 4 ] order4=12 norm111=0 xTpass=0
  D4 above=T2 pat=000 resclass=[ -247690, 49538, -5 ] xT=false
  D4 above=T2 pat=000 resclass=[ -247690, 49538, -5 ] xT=false
  D4 above=T1 pat=000 resclass=[ -539090, -247690, 629 ] xT=false
  D4 above=T3 pat=000 resclass=[ 629, -5, -3145 ] xT=false
  D4 above=T1 pat=000 resclass=[ -539090, -247690, 629 ] xT=false
  D4 above=T3 pat=000 resclass=[ 629, -5, -3145 ] xT=false
  D4 above=T2 pat=000 resclass=[ -247690, 49538, -5 ] xT=false
  D4 above=T2 pat=000 resclass=[ -247690, 49538, -5 ] xT=false
  D4 above=T1 pat=000 resclass=[ -539090, -247690, 629 ] xT=false
  D4 above=T3 pat=000 resclass=[ 629, -5, -3145 ] xT=false
  D4 above=T1 pat=000 resclass=[ -539090, -247690, 629 ] xT=false
  D4 above=T3 pat=000 resclass=[ 629, -5, -3145 ] xT=false
MEMBER stv 2 1/3 3 shape=[ 1, 1, 2, 2 ] tors=[ 4, 4 ] order4=12 norm111=0 xTpass=0
  D4 above=T2 pat=000 resclass=[ -9334, 4667, -2 ] xT=false
  D4 above=T2 pat=000 resclass=[ -9334, 4667, -2 ] xT=false
  D4 above=T1 pat=000 resclass=[ -3590, -9334, 65 ] xT=false
  D4 above=T3 pat=000 resclass=[ 65, -2, -130 ] xT=false
  D4 above=T1 pat=000 resclass=[ -3590, -9334, 65 ] xT=false
  D4 above=T3 pat=000 resclass=[ 65, -2, -130 ] xT=false
  D4 above=T2 pat=000 resclass=[ -9334, 4667, -2 ] xT=false
  D4 above=T2 pat=000 resclass=[ -9334, 4667, -2 ] xT=false
  D4 above=T1 pat=000 resclass=[ -3590, -9334, 65 ] xT=false
  D4 above=T3 pat=000 resclass=[ 65, -2, -130 ] xT=false
  D4 above=T1 pat=000 resclass=[ -3590, -9334, 65 ] xT=false
  D4 above=T3 pat=000 resclass=[ 65, -2, -130 ] xT=false
MEMBER stv 3 1/4 1 shape=[ 1, 1, 2, 2 ] tors=[ 4, 4 ] order4=12 norm111=0 xTpass=0
  D4 above=T2 pat=000 resclass=[ -618, 1030, -15 ] xT=false
  D4 above=T2 pat=000 resclass=[ -618, 1030, -15 ] xT=false
  D4 above=T1 pat=000 resclass=[ -15862, -618, 231 ] xT=false
  D4 above=T3 pat=000 resclass=[ 231, -15, -385 ] xT=false
  D4 above=T1 pat=000 resclass=[ -15862, -618, 231 ] xT=false
  D4 above=T3 pat=000 resclass=[ 231, -15, -385 ] xT=false
  D4 above=T2 pat=000 resclass=[ -618, 1030, -15 ] xT=false
  D4 above=T2 pat=000 resclass=[ -618, 1030, -15 ] xT=false
  D4 above=T1 pat=000 resclass=[ -15862, -618, 231 ] xT=false
  D4 above=T3 pat=000 resclass=[ 231, -15, -385 ] xT=false
  D4 above=T1 pat=000 resclass=[ -15862, -618, 231 ] xT=false
  D4 above=T3 pat=000 resclass=[ 231, -15, -385 ] xT=false
MEMBER stv 3 4 1/3 shape=[ 1, 1, 2, 2 ] tors=[ 4, 4 ] order4=12 norm111=0 xTpass=0
  D4 above=T2 pat=000 resclass=[ -95, -57, 15 ] xT=false
  D4 above=T2 pat=000 resclass=[ -95, -57, 15 ] xT=false
  D4 above=T3 pat=000 resclass=[ -6, 15, -10 ] xT=false
  D4 above=T1 pat=000 resclass=[ 570, -95, -6 ] xT=false
  D4 above=T3 pat=000 resclass=[ -6, 15, -10 ] xT=false
  D4 above=T1 pat=000 resclass=[ 570, -95, -6 ] xT=false
  D4 above=T2 pat=000 resclass=[ -95, -57, 15 ] xT=false
  D4 above=T2 pat=000 resclass=[ -95, -57, 15 ] xT=false
  D4 above=T3 pat=000 resclass=[ -6, 15, -10 ] xT=false
  D4 above=T1 pat=000 resclass=[ 570, -95, -6 ] xT=false
  D4 above=T3 pat=000 resclass=[ -6, 15, -10 ] xT=false
  D4 above=T1 pat=000 resclass=[ 570, -95, -6 ] xT=false
MEMBER stv 4 2 2 shape=[ 1, 1, 2, 2 ] tors=[ 4, 4 ] order4=12 norm111=0 xTpass=0
  D4 above=T3 pat=000 resclass=[ 7, 3, 21 ] xT=false
  D4 above=T3 pat=000 resclass=[ 7, 3, 21 ] xT=false
  D4 above=T1 pat=000 resclass=[ 154, 22, 7 ] xT=false
  D4 above=T2 pat=000 resclass=[ 22, 66, 3 ] xT=false
  D4 above=T1 pat=000 resclass=[ 154, 22, 7 ] xT=false
  D4 above=T2 pat=000 resclass=[ 22, 66, 3 ] xT=false
  D4 above=T3 pat=000 resclass=[ 7, 3, 21 ] xT=false
  D4 above=T3 pat=000 resclass=[ 7, 3, 21 ] xT=false
  D4 above=T1 pat=000 resclass=[ 154, 22, 7 ] xT=false
  D4 above=T2 pat=000 resclass=[ 22, 66, 3 ] xT=false
  D4 above=T1 pat=000 resclass=[ 154, 22, 7 ] xT=false
  D4 above=T2 pat=000 resclass=[ 22, 66, 3 ] xT=false
MEMBER stv 16/11 13/18 -2/7 shape=[ 1, 1, 2, 2 ] tors=[ 4, 4 ] order4=12 norm111=0 xTpass=0
  D4 above=T2 pat=000 resclass=[ 209563474015, -1352022413, -155 ] xT=false
  D4 above=T2 pat=000 resclass=[ 209563474015, -1352022413, -155 ] xT=false
  D4 above=T3 pat=000 resclass=[ 71, -155, -11005 ] xT=false
  D4 above=T1 pat=000 resclass=[ 14879006655065, 209563474015, 71 ] xT=false
  D4 above=T3 pat=000 resclass=[ 71, -155, -11005 ] xT=false
  D4 above=T1 pat=000 resclass=[ 14879006655065, 209563474015, 71 ] xT=false
  D4 above=T2 pat=000 resclass=[ 209563474015, -1352022413, -155 ] xT=false
  D4 above=T2 pat=000 resclass=[ 209563474015, -1352022413, -155 ] xT=false
  D4 above=T3 pat=000 resclass=[ 71, -155, -11005 ] xT=false
  D4 above=T1 pat=000 resclass=[ 14879006655065, 209563474015, 71 ] xT=false
  D4 above=T3 pat=000 resclass=[ 71, -155, -11005 ] xT=false
  D4 above=T1 pat=000 resclass=[ 14879006655065, 209563474015, 71 ] xT=false
MEMBER stv 19/15 15/4 5 shape=[ 1, 1, 2, 2 ] tors=[ 4, 4 ] order4=12 norm111=0 xTpass=0
  D4 above=T1 pat=000 resclass=[ 119875717444707070, -4444944842030, -26969 ] xT=false
  D4 above=T1 pat=000 resclass=[ 119875717444707070, -4444944842030, -26969 ] xT=false
  D4 above=T2 pat=000 resclass=[ -4444944842030, -21267678670, 209 ] xT=false
  D4 above=T3 pat=000 resclass=[ -26969, 209, -5636521 ] xT=false
  D4 above=T2 pat=000 resclass=[ -4444944842030, -21267678670, 209 ] xT=false
  D4 above=T3 pat=000 resclass=[ -26969, 209, -5636521 ] xT=false
  D4 above=T1 pat=000 resclass=[ 119875717444707070, -4444944842030, -26969 ] xT=false
  D4 above=T1 pat=000 resclass=[ 119875717444707070, -4444944842030, -26969 ] xT=false
  D4 above=T2 pat=000 resclass=[ -4444944842030, -21267678670, 209 ] xT=false
  D4 above=T3 pat=000 resclass=[ -26969, 209, -5636521 ] xT=false
  D4 above=T2 pat=000 resclass=[ -4444944842030, -21267678670, 209 ] xT=false
  D4 above=T3 pat=000 resclass=[ -26969, 209, -5636521 ] xT=false
MEMBER stv 5/17 1/2 -10/11 shape=[ 1, 1, 2, 2 ] tors=[ 4, 4 ] order4=12 norm111=0 xTpass=0
  D4 above=T1 pat=000 resclass=[ -120199262205, 54611205, -2201 ] xT=false
  D4 above=T1 pat=000 resclass=[ -120199262205, 54611205, -2201 ] xT=false
  D4 above=T2 pat=000 resclass=[ 54611205, -18203735, -3 ] xT=false
  D4 above=T3 pat=000 resclass=[ -2201, -3, 6603 ] xT=false
  D4 above=T2 pat=000 resclass=[ 54611205, -18203735, -3 ] xT=false
  D4 above=T3 pat=000 resclass=[ -2201, -3, 6603 ] xT=false
  D4 above=T1 pat=000 resclass=[ -120199262205, 54611205, -2201 ] xT=false
  D4 above=T1 pat=000 resclass=[ -120199262205, 54611205, -2201 ] xT=false
  D4 above=T2 pat=000 resclass=[ 54611205, -18203735, -3 ] xT=false
  D4 above=T3 pat=000 resclass=[ -2201, -3, 6603 ] xT=false
  D4 above=T2 pat=000 resclass=[ 54611205, -18203735, -3 ] xT=false
  D4 above=T3 pat=000 resclass=[ -2201, -3, 6603 ] xT=false
PART_DONE part=135
