MEMBER stv 1/4 3/4 -1/3 shape=[ 1, 1, 2, 2 ] tors=[ 4, 4 ] order4=12 norm111=0 xTpass=0
  D4 above=T1 pat=000 resclass=[ -2493491, 680043, -33 ] xT=false
  D4 above=T1 pat=000 resclass=[ -2493491, 680043, -33 ] xT=false
  D4 above=T2 pat=000 resclass=[ 680043, -97149, -7 ] xT=false
  D4 above=T3 pat=000 resclass=[ -33, -7, 231 ] xT=false
  D4 above=T2 pat=000 resclass=[ 680043, -97149, -7 ] xT=false
  D4 above=T3 pat=000 resclass=[ -33, -7, 231 ] xT=false
  D4 above=T1 pat=000 resclass=[ -2493491, 680043, -33 ] xT=false
  D4 above=T1 pat=000 resclass=[ -2493491, 680043, -33 ] xT=false
  D4 above=T2 pat=000 resclass=[ 680043, -97149, -7 ] xT=false
  D4 above=T3 pat=000 resclass=[ -33, -7, 231 ] xT=false
  D4 above=T2 pat=000 resclass=[ 680043, -97149, -7 ] xT=false
  D4 above=T3 pat=000 resclass=[ -33, -7, 231 ] xT=false
MEMBER stv 1/3 1/2 -2 shape=[ 1, 1, 2, 2 ] tors=[ 4, 4 ] order4=12 norm111=0 xTpass=0
  D4 above=T2 pat=000 resclass=[ 609, -203, -3 ] xT=false
  D4 above=T2 pat=000 resclass=[ 609, -203, -3 ] xT=false
  D4 above=T1 pat=000 resclass=[ -39585, 609, -65 ] xT=false
  D4 above=T3 pat=000 resclass=[ -65, -3, 195 ] xT=false
  D4 above=T1 pat=000 resclass=[ -39585, 609, -65 ] xT=false
  D4 above=T3 pat=000 resclass=[ -65, -3, 195 ] xT=false
  D4 above=T2 pat=000 resclass=[ 609, -203, -3 ] xT=false
  D4 above=T2 pat=000 resclass=[ 609, -203, -3 ] xT=false
  D4 above=T1 pat=000 resclass=[ -39585, 609, -65 ] xT=false
  D4 above=T3 pat=000 resclass=[ -65, -3, 195 ] xT=false
  D4 above=T1 pat=000 resclass=[ -39585, 609, -65 ] xT=false
  D4 above=T3 pat=000 resclass=[ -65, -3, 195 ] xT=false
MEMBER stv 1/2 1/3 -3/4 shape=[ 1, 1, 2, 2 ] tors=[ 4, 4 ] order4=12 norm111=0 xTpass=0
  D4 above=T2 pat=000 resclass=[ 8294, -4147, -2 ] xT=false
  D4 above=T2 pat=000 resclass=[ 8294, -4147, -2 ] xT=false
  D4 above=T1 pat=000 resclass=[ -58058, 8294, -7 ] xT=false
  D4 above=T3 pat=000 resclass=[ -7, -2, 14 ] xT=false
  D4 above=T1 pat=000 resclass=[ -58058, 8294, -7 ] xT=false
  D4 above=T3 pat=000 resclass=[ -7, -2, 14 ] xT=false
  D4 above=T2 pat=000 resclass=[ 8294, -4147, -2 ] xT=false
  D4 above=T2 pat=000 resclass=[ 8294, -4147, -2 ] xT=false
  D4 above=T1 pat=000 resclass=[ -58058, 8294, -7 ] xT=false
  D4 above=T3 pat=000 resclass=[ -7, -2, 14 ] xT=false
  D4 above=T1 pat=000 resclass=[ -58058, 8294, -7 ] xT=false
  D4 above=T3 pat=000 resclass=[ -7, -2, 14 ] xT=false
MEMBER stv 2/3 1/4 -1/4 shape=[ 1, 1, 2, 2 ] tors=[ 4, 4 ] order4=12 norm111=0 xTpass=0
  D4 above=T3 pat=000 resclass=[ -1001, -15, 15015 ] xT=false
  D4 above=T3 pat=000 resclass=[ -1001, -15, 15015 ] xT=false
  D4 above=T2 pat=000 resclass=[ 241710, -16114, -15 ] xT=false
  D4 above=T1 pat=000 resclass=[ -4937790, 241710, -1001 ] xT=false
  D4 above=T2 pat=000 resclass=[ 241710, -16114, -15 ] xT=false
  D4 above=T1 pat=000 resclass=[ -4937790, 241710, -1001 ] xT=false
  D4 above=T3 pat=000 resclass=[ -1001, -15, 15015 ] xT=false
  D4 above=T3 pat=000 resclass=[ -1001, -15, 15015 ] xT=false
  D4 above=T2 pat=000 resclass=[ 241710, -16114, -15 ] xT=false
  D4 above=T1 pat=000 resclass=[ -4937790, 241710, -1001 ] xT=false
  D4 above=T2 pat=000 resclass=[ 241710, -16114, -15 ] xT=false
  D4 above=T1 pat=000 resclass=[ -4937790, 241710, -1001 ] xT=false
MEMBER stv 2/3 3 -3/2 shape=[ 1, 1, 2, 2 ] tors=[ 4, 4 ] order4=12 norm111=0 xTpass=0
  D4 above=T3 pat=000 resclass=[ -143, 2, -286 ] xT=false
  D4 above=T3 pat=000 resclass=[ -143, 2, -286 ] xT=false
  D4 above=T1 pat=000 resclass=[ 33, -39, -143 ] xT=false
  D4 above=T2 pat=000 resclass=[ -39, -78, 2 ] xT=false
  D4 above=T1 pat=000 resclass=[ 33, -39, -143 ] xT=false
  D4 above=T2 pat=000 resclass=[ -39, -78, 2 ] xT=false
  D4 above=T3 pat=000 resclass=[ -143, 2, -286 ] xT=false
  D4 above=T3 pat=000 resclass=[ -143, 2, -286 ] xT=false
  D4 above=T1 pat=000 resclass=[ 33, -39, -143 ] xT=false
  D4 above=T2 pat=000 resclass=[ -39, -78, 2 ] xT=false
  D4 above=T1 pat=000 resclass=[ 33, -39, -143 ] xT=false
  D4 above=T2 pat=000 resclass=[ -39, -78, 2 ] xT=false
MEMBER stv 3/4 2 -2/3 shape=[ 1, 1, 2, 2 ] tors=[ 4, 4 ] order4=12 norm111=0 xTpass=0
  D4 above=T1 pat=000 resclass=[ 46, -690, -15 ] xT=false
  D4 above=T1 pat=000 resclass=[ 46, -690, -15 ] xT=false
  D4 above=T3 pat=000 resclass=[ -15, 3, -5 ] xT=false
  D4 above=T2 pat=000 resclass=[ -690, -230, 3 ] xT=false
  D4 above=T3 pat=000 resclass=[ -15, 3, -5 ] xT=false
  D4 above=T2 pat=000 resclass=[ -690, -230, 3 ] xT=false
  D4 above=T1 pat=000 resclass=[ 46, -690, -15 ] xT=false
  D4 above=T1 pat=000 resclass=[ 46, -690, -15 ] xT=false
  D4 above=T3 pat=000 resclass=[ -15, 3, -5 ] xT=false
  D4 above=T2 pat=000 resclass=[ -690, -230, 3 ] xT=false
  D4 above=T3 pat=000 resclass=[ -15, 3, -5 ] xT=false
  D4 above=T2 pat=000 resclass=[ -690, -230, 3 ] xT=false
MEMBER stv 1 4/3 -4 shape=[ 1, 1, 2, 2 ] tors=[ 4, 4 ] order4=12 norm111=0 xTpass=0
  D4 above=T1 pat=000 resclass=[ 8610, 4305, 2 ] xT=false
  D4 above=T1 pat=000 resclass=[ 8610, 4305, 2 ] xT=false
  D4 above=T3 pat=000 resclass=[ 2, 7, 14 ] xT=false
  D4 above=T2 pat=000 resclass=[ 4305, 615, 7 ] xT=false
  D4 above=T3 pat=000 resclass=[ 2, 7, 14 ] xT=false
  D4 above=T2 pat=000 resclass=[ 4305, 615, 7 ] xT=false
  D4 above=T1 pat=000 resclass=[ 8610, 4305, 2 ] xT=false
  D4 above=T1 pat=000 resclass=[ 8610, 4305, 2 ] xT=false
  D4 above=T3 pat=000 resclass=[ 2, 7, 14 ] xT=false
  D4 above=T2 pat=000 resclass=[ 4305, 615, 7 ] xT=false
  D4 above=T3 pat=000 resclass=[ 2, 7, 14 ] xT=false
  D4 above=T2 pat=000 resclass=[ 4305, 615, 7 ] xT=false
MEMBER stv 4/3 3/4 -4/3 shape=[ 1, 1, 2, 2 ] tors=[ 4, 4 ] order4=12 norm111=0 xTpass=0
  D4 above=T2 pat=000 resclass=[ 2280495, -325785, -7 ] xT=false
  D4 above=T2 pat=000 resclass=[ 2280495, -325785, -7 ] xT=false
  D4 above=T1 pat=000 resclass=[ 333408369, 2280495, 3655 ] xT=false
  D4 above=T3 pat=000 resclass=[ 3655, -7, -25585 ] xT=false
  D4 above=T1 pat=000 resclass=[ 333408369, 2280495, 3655 ] xT=false
  D4 above=T3 pat=000 resclass=[ 3655, -7, -25585 ] xT=false
  D4 above=T2 pat=000 resclass=[ 2280495, -325785, -7 ] xT=false
  D4 above=T2 pat=000 resclass=[ 2280495, -325785, -7 ] xT=false
  D4 above=T1 pat=000 resclass=[ 333408369, 2280495, 3655 ] xT=false
  D4 above=T3 pat=000 resclass=[ 3655, -7, -25585 ] xT=false
  D4 above=T1 pat=000 resclass=[ 333408369, 2280495, 3655 ] xT=false
  D4 above=T3 pat=000 resclass=[ 3655, -7, -25585 ] xT=false
MEMBER stv 3/2 2/3 -1/2 shape=[ 1, 1, 2, 2 ] tors=[ 4, 4 ] order4=12 norm111=0 xTpass=0
  D4 above=T1 pat=000 resclass=[ 1012690, 1610, 629 ] xT=false
  D4 above=T1 pat=000 resclass=[ 1012690, 1610, 629 ] xT=false
  D4 above=T2 pat=000 resclass=[ 1610, -322, -5 ] xT=false
  D4 above=T3 pat=000 resclass=[ 629, -5, -3145 ] xT=false
  D4 above=T2 pat=000 resclass=[ 1610, -322, -5 ] xT=false
  D4 above=T3 pat=000 resclass=[ 629, -5, -3145 ] xT=false
  D4 above=T1 pat=000 resclass=[ 1012690, 1610, 629 ] xT=false
  D4 above=T1 pat=000 resclass=[ 1012690, 1610, 629 ] xT=false
  D4 above=T2 pat=000 resclass=[ 1610, -322, -5 ] xT=false
  D4 above=T3 pat=000 resclass=[ 629, -5, -3145 ] xT=false
  D4 above=T2 pat=000 resclass=[ 1610, -322, -5 ] xT=false
  D4 above=T3 pat=000 resclass=[ 629, -5, -3145 ] xT=false
MEMBER stv 2 1/3 -3 shape=[ 1, 1, 2, 2 ] tors=[ 4, 4 ] order4=12 norm111=0 xTpass=0
  D4 above=T1 pat=000 resclass=[ 17446, 6710, 65 ] xT=false
  D4 above=T1 pat=000 resclass=[ 17446, 6710, 65 ] xT=false
  D4 above=T3 pat=000 resclass=[ 65, -2, -130 ] xT=false
  D4 above=T2 pat=000 resclass=[ 6710, -3355, -2 ] xT=false
  D4 above=T3 pat=000 resclass=[ 65, -2, -130 ] xT=false
  D4 above=T2 pat=000 resclass=[ 6710, -3355, -2 ] xT=false
  D4 above=T1 pat=000 resclass=[ 17446, 6710, 65 ] xT=false
  D4 above=T1 pat=000 resclass=[ 17446, 6710, 65 ] xT=false
  D4 above=T3 pat=000 resclass=[ 65, -2, -130 ] xT=false
  D4 above=T2 pat=000 resclass=[ 6710, -3355, -2 ] xT=false
  D4 above=T3 pat=000 resclass=[ 65, -2, -130 ] xT=false
  D4 above=T2 pat=000 resclass=[ 6710, -3355, -2 ] xT=false
MEMBER stv 3 1/4 -1 shape=[ 1, 1, 2, 2 ] tors=[ 4, 4 ] order4=12 norm111=0 xTpass=0
  D4 above=T3 pat=000 resclass=[ 231, -15, -385 ] xT=false
  D4 above=T3 pat=000 resclass=[ 231, -15, -385 ] xT=false
  D4 above=T1 pat=000 resclass=[ 1588510, 61890, 231 ] xT=false
  D4 above=T2 pat=000 resclass=[ 61890, -4126, -15 ] xT=false
  D4 above=T1 pat=000 resclass=[ 1588510, 61890, 231 ] xT=false
  D4 above=T2 pat=000 resclass=[ 61890, -4126, -15 ] xT=false
  D4 above=T3 pat=000 resclass=[ 231, -15, -385 ] xT=false
  D4 above=T3 pat=000 resclass=[ 231, -15, -385 ] xT=false
  D4 above=T1 pat=000 resclass=[ 1588510, 61890, 231 ] xT=false
  D4 above=T2 pat=000 resclass=[ 61890, -4126, -15 ] xT=false
  D4 above=T1 pat=000 resclass=[ 1588510, 61890, 231 ] xT=false
  D4 above=T2 pat=000 resclass=[ 61890, -4126, -15 ] xT=false
MEMBER stv 3 4 -1/3 shape=[ 1, 1, 2, 2 ] tors=[ 4, 4 ] order4=12 norm111=0 xTpass=0
  D4 above=T3 pat=000 resclass=[ -6, 15, -10 ] xT=false
  D4 above=T3 pat=000 resclass=[ -6, 15, -10 ] xT=false
  D4 above=T1 pat=000 resclass=[ -130, 195, -6 ] xT=false
  D4 above=T2 pat=000 resclass=[ 195, 13, 15 ] xT=false
  D4 above=T1 pat=000 resclass=[ -130, 195, -6 ] xT=false
  D4 above=T2 pat=000 resclass=[ 195, 13, 15 ] xT=false
  D4 above=T3 pat=000 resclass=[ -6, 15, -10 ] xT=false
  D4 above=T3 pat=000 resclass=[ -6, 15, -10 ] xT=false
  D4 above=T1 pat=000 resclass=[ -130, 195, -6 ] xT=false
  D4 above=T2 pat=000 resclass=[ 195, 13, 15 ] xT=false
  D4 above=T1 pat=000 resclass=[ -130, 195, -6 ] xT=false
  D4 above=T2 pat=000 resclass=[ 195, 13, 15 ] xT=false
MEMBER stv 4 2 -2 shape=[ 1, 1, 2, 2 ] tors=[ 4, 4 ] order4=12 norm111=0 xTpass=0
  D4 above=T3 pat=000 resclass=[ 7, 3, 21 ] xT=false
  D4 above=T3 pat=000 resclass=[ 7, 3, 21 ] xT=false
  D4 above=T1 pat=000 resclass=[ -186, -1302, 7 ] xT=false
  D4 above=T2 pat=000 resclass=[ -1302, -434, 3 ] xT=false
  D4 above=T1 pat=000 resclass=[ -186, -1302, 7 ] xT=false
  D4 above=T2 pat=000 resclass=[ -1302, -434, 3 ] xT=false
  D4 above=T3 pat=000 resclass=[ 7, 3, 21 ] xT=false
  D4 above=T3 pat=000 resclass=[ 7, 3, 21 ] xT=false
  D4 above=T1 pat=000 resclass=[ -186, -1302, 7 ] xT=false
  D4 above=T2 pat=000 resclass=[ -1302, -434, 3 ] xT=false
  D4 above=T1 pat=000 resclass=[ -186, -1302, 7 ] xT=false
  D4 above=T2 pat=000 resclass=[ -1302, -434, 3 ] xT=false
MEMBER stv 20/17 19/6 9/7 shape=[ 1, 1, 2, 2 ] tors=[ 4, 4 ] order4=12 norm111=0 xTpass=0
  D4 above=T3 pat=000 resclass=[ -1249, 13, -16237 ] xT=false
  D4 above=T3 pat=000 resclass=[ -1249, 13, -16237 ] xT=false
  D4 above=T1 pat=000 resclass=[ 21152579652299641, -16935612211609, -1249 ] xT=false
  D4 above=T2 pat=000 resclass=[ -16935612211609, -1302739400893, 13 ] xT=false
  D4 above=T1 pat=000 resclass=[ 21152579652299641, -16935612211609, -1249 ] xT=false
  D4 above=T2 pat=000 resclass=[ -16935612211609, -1302739400893, 13 ] xT=false
  D4 above=T3 pat=000 resclass=[ -1249, 13, -16237 ] xT=false
  D4 above=T3 pat=000 resclass=[ -1249, 13, -16237 ] xT=false
  D4 above=T1 pat=000 resclass=[ 21152579652299641, -16935612211609, -1249 ] xT=false
  D4 above=T2 pat=000 resclass=[ -16935612211609, -1302739400893, 13 ] xT=false
  D4 above=T1 pat=000 resclass=[ 21152579652299641, -16935612211609, -1249 ] xT=false
  D4 above=T2 pat=000 resclass=[ -16935612211609, -1302739400893, 13 ] xT=false
MEMBER stv 3/5 13/19 -2/3 shape=[ 1, 1, 2, 2 ] tors=[ 4, 4 ] order4=12 norm111=0 xTpass=0
  D4 above=T1 pat=000 resclass=[ 2053348368402, 73541362, 27921 ] xT=false
  D4 above=T1 pat=000 resclass=[ 2053348368402, 73541362, 27921 ] xT=false
  D4 above=T3 pat=000 resclass=[ 27921, -3, -9307 ] xT=false
  D4 above=T2 pat=000 resclass=[ 73541362, -220624086, -3 ] xT=false
  D4 above=T3 pat=000 resclass=[ 27921, -3, -9307 ] xT=false
  D4 above=T2 pat=000 resclass=[ 73541362, -220624086, -3 ] xT=false
  D4 above=T1 pat=000 resclass=[ 2053348368402, 73541362, 27921 ] xT=false
  D4 above=T1 pat=000 resclass=[ 2053348368402, 73541362, 27921 ] xT=false
  D4 above=T3 pat=000 resclass=[ 27921, -3, -9307 ] xT=false
  D4 above=T2 pat=000 resclass=[ 73541362, -220624086, -3 ] xT=false
  D4 above=T3 pat=000 resclass=[ 27921, -3, -9307 ] xT=false
  D4 above=T2 pat=000 resclass=[ 73541362, -220624086, -3 ] xT=false
MEMBER stv 2/3 2 3/13 shape=[ 1, 1, 2, 2 ] tors=[ 4, 4 ] order4=12 norm111=0 xTpass=0
  D4 above=T1 pat=000 resclass=[ 16555, -215, -77 ] xT=false
  D4 above=T1 pat=000 resclass=[ 16555, -215, -77 ] xT=false
  D4 above=T2 pat=000 resclass=[ -215, -645, 3 ] xT=false
  D4 above=T3 pat=000 resclass=[ -77, 3, -231 ] xT=false
  D4 above=T2 pat=000 resclass=[ -215, -645, 3 ] xT=false
  D4 above=T3 pat=000 resclass=[ -77, 3, -231 ] xT=false
  D4 above=T1 pat=000 resclass=[ 16555, -215, -77 ] xT=false
  D4 above=T1 pat=000 resclass=[ 16555, -215, -77 ] xT=false
  D4 above=T2 pat=000 resclass=[ -215, -645, 3 ] xT=false
  D4 above=T3 pat=000 resclass=[ -77, 3, -231 ] xT=false
  D4 above=T2 pat=000 resclass=[ -215, -645, 3 ] xT=false
  D4 above=T3 pat=000 resclass=[ -77, 3, -231 ] xT=false
PART_DONE part=136
