MEMBER stv 1/4 3/4 1/2 shape=[ 1, 1, 2, 2 ] tors=[ 4, 4 ] order4=12 norm111=0 xTpass=0
  D4 above=T2 pat=000 resclass=[ -30338, 4334, -7 ] xT=false
  D4 above=T2 pat=000 resclass=[ -30338, 4334, -7 ] xT=false
  D4 above=T1 pat=000 resclass=[ 8274, -30338, -33 ] xT=false
  D4 above=T3 pat=000 resclass=[ -33, -7, 231 ] xT=false
  D4 above=T1 pat=000 resclass=[ 8274, -30338, -33 ] xT=false
  D4 above=T3 pat=000 resclass=[ -33, -7, 231 ] xT=false
  D4 above=T2 pat=000 resclass=[ -30338, 4334, -7 ] xT=false
  D4 above=T2 pat=000 resclass=[ -30338, 4334, -7 ] xT=false
  D4 above=T1 pat=000 resclass=[ 8274, -30338, -33 ] xT=false
  D4 above=T3 pat=000 resclass=[ -33, -7, 231 ] xT=false
  D4 above=T1 pat=000 resclass=[ 8274, -30338, -33 ] xT=false
  D4 above=T3 pat=000 resclass=[ -33, -7, 231 ] xT=false
MEMBER stv 1/3 1/2 3 shape=[ 1, 1, 2, 2 ] tors=[ 4, 4 ] order4=12 norm111=0 xTpass=0
  D4 above=T3 pat=000 resclass=[ -65, -3, 195 ] xT=false
  D4 above=T3 pat=000 resclass=[ -65, -3, 195 ] xT=false
  D4 above=T2 pat=000 resclass=[ -91, 273, -3 ] xT=false
  D4 above=T1 pat=000 resclass=[ 35, -91, -65 ] xT=false
  D4 above=T2 pat=000 resclass=[ -91, 273, -3 ] xT=false
  D4 above=T1 pat=000 resclass=[ 35, -91, -65 ] xT=false
  D4 above=T3 pat=000 resclass=[ -65, -3, 195 ] xT=false
  D4 above=T3 pat=000 resclass=[ -65, -3, 195 ] xT=false
  D4 above=T2 pat=000 resclass=[ -91, 273, -3 ] xT=false
  D4 above=T1 pat=000 resclass=[ 35, -91, -65 ] xT=false
  D4 above=T2 pat=000 resclass=[ -91, 273, -3 ] xT=false
  D4 above=T1 pat=000 resclass=[ 35, -91, -65 ] xT=false
MEMBER stv 1/2 1/3 1 shape=[ 1, 1, 2, 2 ] tors=[ 4, 4 ] order4=12 norm111=0 xTpass=0
  D4 above=T1 pat=000 resclass=[ 30590, -4370, -7 ] xT=false
  D4 above=T1 pat=000 resclass=[ 30590, -4370, -7 ] xT=false
  D4 above=T2 pat=000 resclass=[ -4370, 2185, -2 ] xT=false
  D4 above=T3 pat=000 resclass=[ -7, -2, 14 ] xT=false
  D4 above=T2 pat=000 resclass=[ -4370, 2185, -2 ] xT=false
  D4 above=T3 pat=000 resclass=[ -7, -2, 14 ] xT=false
  D4 above=T1 pat=000 resclass=[ 30590, -4370, -7 ] xT=false
  D4 above=T1 pat=000 resclass=[ 30590, -4370, -7 ] xT=false
  D4 above=T2 pat=000 resclass=[ -4370, 2185, -2 ] xT=false
  D4 above=T3 pat=000 resclass=[ -7, -2, 14 ] xT=false
  D4 above=T2 pat=000 resclass=[ -4370, 2185, -2 ] xT=false
  D4 above=T3 pat=000 resclass=[ -7, -2, 14 ] xT=false
MEMBER stv 2/3 1/4 1/3 shape=[ 1, 1, 2, 2 ] tors=[ 4, 4 ] order4=12 norm111=0 xTpass=0
  D4 above=T3 pat=000 resclass=[ -1001, -15, 15015 ] xT=false
  D4 above=T3 pat=000 resclass=[ -1001, -15, 15015 ] xT=false
  D4 above=T2 pat=000 resclass=[ -1251005, 750603, -15 ] xT=false
  D4 above=T1 pat=000 resclass=[ 25556245, -1251005, -1001 ] xT=false
  D4 above=T2 pat=000 resclass=[ -1251005, 750603, -15 ] xT=false
  D4 above=T1 pat=000 resclass=[ 25556245, -1251005, -1001 ] xT=false
  D4 above=T3 pat=000 resclass=[ -1001, -15, 15015 ] xT=false
  D4 above=T3 pat=000 resclass=[ -1001, -15, 15015 ] xT=false
  D4 above=T2 pat=000 resclass=[ -1251005, 750603, -15 ] xT=false
  D4 above=T1 pat=000 resclass=[ 25556245, -1251005, -1001 ] xT=false
  D4 above=T2 pat=000 resclass=[ -1251005, 750603, -15 ] xT=false
  D4 above=T1 pat=000 resclass=[ 25556245, -1251005, -1001 ] xT=false
MEMBER stv 2/3 3 2 shape=[ 1, 1, 2, 2 ] tors=[ 4, 4 ] order4=12 norm111=0 xTpass=0
  D4 above=T2 pat=000 resclass=[ -21743, -43486, 2 ] xT=false
  D4 above=T2 pat=000 resclass=[ -21743, -43486, 2 ] xT=false
  D4 above=T3 pat=000 resclass=[ -143, 2, -286 ] xT=false
  D4 above=T1 pat=000 resclass=[ 3109249, -21743, -143 ] xT=false
  D4 above=T3 pat=000 resclass=[ -143, 2, -286 ] xT=false
  D4 above=T1 pat=000 resclass=[ 3109249, -21743, -143 ] xT=false
  D4 above=T2 pat=000 resclass=[ -21743, -43486, 2 ] xT=false
  D4 above=T2 pat=000 resclass=[ -21743, -43486, 2 ] xT=false
  D4 above=T3 pat=000 resclass=[ -143, 2, -286 ] xT=false
  D4 above=T1 pat=000 resclass=[ 3109249, -21743, -143 ] xT=false
  D4 above=T3 pat=000 resclass=[ -143, 2, -286 ] xT=false
  D4 above=T1 pat=000 resclass=[ 3109249, -21743, -143 ] xT=false
MEMBER stv 3/4 2 3/4 shape=[ 1, 1, 2, 2 ] tors=[ 4, 4 ] order4=12 norm111=0 xTpass=0
  D4 above=T2 pat=000 resclass=[ -44135, -132405, 3 ] xT=false
  D4 above=T2 pat=000 resclass=[ -44135, -132405, 3 ] xT=false
  D4 above=T3 pat=000 resclass=[ -15, 3, -5 ] xT=false
  D4 above=T1 pat=000 resclass=[ 26481, -44135, -15 ] xT=false
  D4 above=T3 pat=000 resclass=[ -15, 3, -5 ] xT=false
  D4 above=T1 pat=000 resclass=[ 26481, -44135, -15 ] xT=false
  D4 above=T2 pat=000 resclass=[ -44135, -132405, 3 ] xT=false
  D4 above=T2 pat=000 resclass=[ -44135, -132405, 3 ] xT=false
  D4 above=T3 pat=000 resclass=[ -15, 3, -5 ] xT=false
  D4 above=T1 pat=000 resclass=[ 26481, -44135, -15 ] xT=false
  D4 above=T3 pat=000 resclass=[ -15, 3, -5 ] xT=false
  D4 above=T1 pat=000 resclass=[ 26481, -44135, -15 ] xT=false
MEMBER stv 1 3/2 1/4 shape=[ 1, 1, 2, 2 ] tors=[ 4, 4 ] order4=12 norm111=0 xTpass=0
  D4 above=T1 pat=000 resclass=[ -35, 35, -1 ] xT=false
  D4 above=T1 pat=000 resclass=[ -35, 35, -1 ] xT=false
  D4 above=T2 pat=000 resclass=[ 35, 7, 5 ] xT=false
  D4 above=T3 pat=000 resclass=[ -1, 5, -5 ] xT=false
  D4 above=T2 pat=000 resclass=[ 35, 7, 5 ] xT=false
  D4 above=T3 pat=000 resclass=[ -1, 5, -5 ] xT=false
  D4 above=T1 pat=000 resclass=[ -35, 35, -1 ] xT=false
  D4 above=T1 pat=000 resclass=[ -35, 35, -1 ] xT=false
  D4 above=T2 pat=000 resclass=[ 35, 7, 5 ] xT=false
  D4 above=T3 pat=000 resclass=[ -1, 5, -5 ] xT=false
  D4 above=T2 pat=000 resclass=[ 35, 7, 5 ] xT=false
  D4 above=T3 pat=000 resclass=[ -1, 5, -5 ] xT=false
MEMBER stv 4/3 3/4 3/2 shape=[ 1, 1, 2, 2 ] tors=[ 4, 4 ] order4=12 norm111=0 xTpass=0
  D4 above=T2 pat=000 resclass=[ -1431969, 204567, -7 ] xT=false
  D4 above=T2 pat=000 resclass=[ -1431969, 204567, -7 ] xT=false
  D4 above=T3 pat=000 resclass=[ 3655, -7, -25585 ] xT=false
  D4 above=T1 pat=000 resclass=[ -5233846695, -1431969, 3655 ] xT=false
  D4 above=T3 pat=000 resclass=[ 3655, -7, -25585 ] xT=false
  D4 above=T1 pat=000 resclass=[ -5233846695, -1431969, 3655 ] xT=false
  D4 above=T2 pat=000 resclass=[ -1431969, 204567, -7 ] xT=false
  D4 above=T2 pat=000 resclass=[ -1431969, 204567, -7 ] xT=false
  D4 above=T3 pat=000 resclass=[ 3655, -7, -25585 ] xT=false
  D4 above=T1 pat=000 resclass=[ -5233846695, -1431969, 3655 ] xT=false
  D4 above=T3 pat=000 resclass=[ 3655, -7, -25585 ] xT=false
  D4 above=T1 pat=000 resclass=[ -5233846695, -1431969, 3655 ] xT=false
MEMBER stv 3/2 2/3 2/3 shape=[ 1, 1, 2, 2 ] tors=[ 4, 4 ] order4=12 norm111=0 xTpass=0
  D4 above=T1 pat=000 resclass=[ -1190, -2590, 629 ] xT=false
  D4 above=T1 pat=000 resclass=[ -1190, -2590, 629 ] xT=false
  D4 above=T3 pat=000 resclass=[ 629, -5, -3145 ] xT=false
  D4 above=T2 pat=000 resclass=[ -2590, 518, -5 ] xT=false
  D4 above=T3 pat=000 resclass=[ 629, -5, -3145 ] xT=false
  D4 above=T2 pat=000 resclass=[ -2590, 518, -5 ] xT=false
  D4 above=T1 pat=000 resclass=[ -1190, -2590, 629 ] xT=false
  D4 above=T1 pat=000 resclass=[ -1190, -2590, 629 ] xT=false
  D4 above=T3 pat=000 resclass=[ 629, -5, -3145 ] xT=false
  D4 above=T2 pat=000 resclass=[ -2590, 518, -5 ] xT=false
  D4 above=T3 pat=000 resclass=[ 629, -5, -3145 ] xT=false
  D4 above=T2 pat=000 resclass=[ -2590, 518, -5 ] xT=false
MEMBER stv 2 1/3 4 shape=[ 1, 1, 2, 2 ] tors=[ 4, 4 ] order4=12 norm111=0 xTpass=0
  D4 above=T1 pat=000 resclass=[ -3113890, -47906, 65 ] xT=false
  D4 above=T1 pat=000 resclass=[ -3113890, -47906, 65 ] xT=false
  D4 above=T3 pat=000 resclass=[ 65, -2, -130 ] xT=false
  D4 above=T2 pat=000 resclass=[ -47906, 23953, -2 ] xT=false
  D4 above=T3 pat=000 resclass=[ 65, -2, -130 ] xT=false
  D4 above=T2 pat=000 resclass=[ -47906, 23953, -2 ] xT=false
  D4 above=T1 pat=000 resclass=[ -3113890, -47906, 65 ] xT=false
  D4 above=T1 pat=000 resclass=[ -3113890, -47906, 65 ] xT=false
  D4 above=T3 pat=000 resclass=[ 65, -2, -130 ] xT=false
  D4 above=T2 pat=000 resclass=[ -47906, 23953, -2 ] xT=false
  D4 above=T3 pat=000 resclass=[ 65, -2, -130 ] xT=false
  D4 above=T2 pat=000 resclass=[ -47906, 23953, -2 ] xT=false
MEMBER stv 3 1/4 4/3 shape=[ 1, 1, 2, 2 ] tors=[ 4, 4 ] order4=12 norm111=0 xTpass=0
  D4 above=T1 pat=000 resclass=[ -155155, -6045, 231 ] xT=false
  D4 above=T1 pat=000 resclass=[ -155155, -6045, 231 ] xT=false
  D4 above=T3 pat=000 resclass=[ 231, -15, -385 ] xT=false
  D4 above=T2 pat=000 resclass=[ -6045, 403, -15 ] xT=false
  D4 above=T3 pat=000 resclass=[ 231, -15, -385 ] xT=false
  D4 above=T2 pat=000 resclass=[ -6045, 403, -15 ] xT=false
  D4 above=T1 pat=000 resclass=[ -155155, -6045, 231 ] xT=false
  D4 above=T1 pat=000 resclass=[ -155155, -6045, 231 ] xT=false
  D4 above=T3 pat=000 resclass=[ 231, -15, -385 ] xT=false
  D4 above=T2 pat=000 resclass=[ -6045, 403, -15 ] xT=false
  D4 above=T3 pat=000 resclass=[ 231, -15, -385 ] xT=false
  D4 above=T2 pat=000 resclass=[ -6045, 403, -15 ] xT=false
MEMBER stv 3 4 1/2 shape=[ 1, 1, 2, 2 ] tors=[ 4, 4 ] order4=12 norm111=0 xTpass=0
  D4 above=T2 pat=000 resclass=[ -75570, -5038, 15 ] xT=false
  D4 above=T2 pat=000 resclass=[ -75570, -5038, 15 ] xT=false
  D4 above=T1 pat=000 resclass=[ 12595, -75570, -6 ] xT=false
  D4 above=T3 pat=000 resclass=[ -6, 15, -10 ] xT=false
  D4 above=T1 pat=000 resclass=[ 12595, -75570, -6 ] xT=false
  D4 above=T3 pat=000 resclass=[ -6, 15, -10 ] xT=false
  D4 above=T2 pat=000 resclass=[ -75570, -5038, 15 ] xT=false
  D4 above=T2 pat=000 resclass=[ -75570, -5038, 15 ] xT=false
  D4 above=T1 pat=000 resclass=[ 12595, -75570, -6 ] xT=false
  D4 above=T3 pat=000 resclass=[ -6, 15, -10 ] xT=false
  D4 above=T1 pat=000 resclass=[ 12595, -75570, -6 ] xT=false
  D4 above=T3 pat=000 resclass=[ -6, 15, -10 ] xT=false
MEMBER stv 4 2 3 shape=[ 1, 1, 2, 2 ] tors=[ 4, 4 ] order4=12 norm111=0 xTpass=0
  D4 above=T1 pat=000 resclass=[ 91, 13, 7 ] xT=false
  D4 above=T1 pat=000 resclass=[ 91, 13, 7 ] xT=false
  D4 above=T3 pat=000 resclass=[ 7, 3, 21 ] xT=false
  D4 above=T2 pat=000 resclass=[ 13, 39, 3 ] xT=false
  D4 above=T3 pat=000 resclass=[ 7, 3, 21 ] xT=false
  D4 above=T2 pat=000 resclass=[ 13, 39, 3 ] xT=false
  D4 above=T1 pat=000 resclass=[ 91, 13, 7 ] xT=false
  D4 above=T1 pat=000 resclass=[ 91, 13, 7 ] xT=false
  D4 above=T3 pat=000 resclass=[ 7, 3, 21 ] xT=false
  D4 above=T2 pat=000 resclass=[ 13, 39, 3 ] xT=false
  D4 above=T3 pat=000 resclass=[ 7, 3, 21 ] xT=false
  D4 above=T2 pat=000 resclass=[ 13, 39, 3 ] xT=false
MEMBER stv 13/19 5/11 -10/3 shape=[ 1, 1, 2, 2 ] tors=[ 4, 4 ] order4=12 norm111=0 xTpass=0
  D4 above=T2 pat=000 resclass=[ 53267549045, -319605294270, -6 ] xT=false
  D4 above=T2 pat=000 resclass=[ 53267549045, -319605294270, -6 ] xT=false
  D4 above=T1 pat=000 resclass=[ -45418415890572115, 53267549045, -852647 ] xT=false
  D4 above=T3 pat=000 resclass=[ -852647, -6, 5115882 ] xT=false
  D4 above=T1 pat=000 resclass=[ -45418415890572115, 53267549045, -852647 ] xT=false
  D4 above=T3 pat=000 resclass=[ -852647, -6, 5115882 ] xT=false
  D4 above=T2 pat=000 resclass=[ 53267549045, -319605294270, -6 ] xT=false
  D4 above=T2 pat=000 resclass=[ 53267549045, -319605294270, -6 ] xT=false
  D4 above=T1 pat=000 resclass=[ -45418415890572115, 53267549045, -852647 ] xT=false
  D4 above=T3 pat=000 resclass=[ -852647, -6, 5115882 ] xT=false
  D4 above=T1 pat=000 resclass=[ -45418415890572115, 53267549045, -852647 ] xT=false
  D4 above=T3 pat=000 resclass=[ -852647, -6, 5115882 ] xT=false
MEMBER stv 5/6 2 5 shape=[ 1, 1, 2, 2 ] tors=[ 4, 4 ] order4=12 norm111=0 xTpass=0
  D4 above=T1 pat=000 resclass=[ 2728635, -4827585, -299 ] xT=false
  D4 above=T1 pat=000 resclass=[ 2728635, -4827585, -299 ] xT=false
  D4 above=T3 pat=000 resclass=[ -299, 3, -897 ] xT=false
  D4 above=T2 pat=000 resclass=[ -4827585, -1609195, 3 ] xT=false
  D4 above=T3 pat=000 resclass=[ -299, 3, -897 ] xT=false
  D4 above=T2 pat=000 resclass=[ -4827585, -1609195, 3 ] xT=false
  D4 above=T1 pat=000 resclass=[ 2728635, -4827585, -299 ] xT=false
  D4 above=T1 pat=000 resclass=[ 2728635, -4827585, -299 ] xT=false
  D4 above=T3 pat=000 resclass=[ -299, 3, -897 ] xT=false
  D4 above=T2 pat=000 resclass=[ -4827585, -1609195, 3 ] xT=false
  D4 above=T3 pat=000 resclass=[ -299, 3, -897 ] xT=false
  D4 above=T2 pat=000 resclass=[ -4827585, -1609195, 3 ] xT=false
MEMBER stv 8/15 7/2 -3/7 shape=[ 1, 1, 2, 2 ] tors=[ 4, 4 ] order4=12 norm111=0 xTpass=0
  D4 above=T2 pat=000 resclass=[ -24371965905, -4874393181, 5 ] xT=false
  D4 above=T2 pat=000 resclass=[ -24371965905, -4874393181, 5 ] xT=false
  D4 above=T1 pat=000 resclass=[ 226112654538345, -24371965905, -454601 ] xT=false
  D4 above=T3 pat=000 resclass=[ -454601, 5, -2273005 ] xT=false
  D4 above=T1 pat=000 resclass=[ 226112654538345, -24371965905, -454601 ] xT=false
  D4 above=T3 pat=000 resclass=[ -454601, 5, -2273005 ] xT=false
  D4 above=T2 pat=000 resclass=[ -24371965905, -4874393181, 5 ] xT=false
  D4 above=T2 pat=000 resclass=[ -24371965905, -4874393181, 5 ] xT=false
  D4 above=T1 pat=000 resclass=[ 226112654538345, -24371965905, -454601 ] xT=false
  D4 above=T3 pat=000 resclass=[ -454601, 5, -2273005 ] xT=false
  D4 above=T1 pat=000 resclass=[ 226112654538345, -24371965905, -454601 ] xT=false
  D4 above=T3 pat=000 resclass=[ -454601, 5, -2273005 ] xT=false
PART_DONE part=137
