MEMBER stv 1/4 3/4 -1/2 shape=[ 1, 1, 2, 2 ] tors=[ 4, 4 ] order4=12 norm111=0 xTpass=0
  D4 above=T3 pat=000 resclass=[ -33, -7, 231 ] xT=false
  D4 above=T3 pat=000 resclass=[ -33, -7, 231 ] xT=false
  D4 above=T1 pat=000 resclass=[ -6201426, 187922, -33 ] xT=false
  D4 above=T2 pat=000 resclass=[ 187922, -26846, -7 ] xT=false
  D4 above=T1 pat=000 resclass=[ -6201426, 187922, -33 ] xT=false
  D4 above=T2 pat=000 resclass=[ 187922, -26846, -7 ] xT=false
  D4 above=T3 pat=000 resclass=[ -33, -7, 231 ] xT=false
  D4 above=T3 pat=000 resclass=[ -33, -7, 231 ] xT=false
  D4 above=T1 pat=000 resclass=[ -6201426, 187922, -33 ] xT=false
  D4 above=T2 pat=000 resclass=[ 187922, -26846, -7 ] xT=false
  D4 above=T1 pat=000 resclass=[ -6201426, 187922, -33 ] xT=false
  D4 above=T2 pat=000 resclass=[ 187922, -26846, -7 ] xT=false
MEMBER stv 1/3 1/2 -3 shape=[ 1, 1, 2, 2 ] tors=[ 4, 4 ] order4=12 norm111=0 xTpass=0
  D4 above=T1 pat=000 resclass=[ -26, 10, -65 ] xT=false
  D4 above=T1 pat=000 resclass=[ -26, 10, -65 ] xT=false
  D4 above=T2 pat=000 resclass=[ 10, -30, -3 ] xT=false
  D4 above=T3 pat=000 resclass=[ -65, -3, 195 ] xT=false
  D4 above=T2 pat=000 resclass=[ 10, -30, -3 ] xT=false
  D4 above=T3 pat=000 resclass=[ -65, -3, 195 ] xT=false
  D4 above=T1 pat=000 resclass=[ -26, 10, -65 ] xT=false
  D4 above=T1 pat=000 resclass=[ -26, 10, -65 ] xT=false
  D4 above=T2 pat=000 resclass=[ 10, -30, -3 ] xT=false
  D4 above=T3 pat=000 resclass=[ -65, -3, 195 ] xT=false
  D4 above=T2 pat=000 resclass=[ 10, -30, -3 ] xT=false
  D4 above=T3 pat=000 resclass=[ -65, -3, 195 ] xT=false
MEMBER stv 1/2 1/3 -1 shape=[ 1, 1, 2, 2 ] tors=[ 4, 4 ] order4=12 norm111=0 xTpass=0
  D4 above=T3 pat=000 resclass=[ -7, -2, 14 ] xT=false
  D4 above=T3 pat=000 resclass=[ -7, -2, 14 ] xT=false
  D4 above=T1 pat=000 resclass=[ -8862, 1266, -7 ] xT=false
  D4 above=T2 pat=000 resclass=[ 1266, -633, -2 ] xT=false
  D4 above=T1 pat=000 resclass=[ -8862, 1266, -7 ] xT=false
  D4 above=T2 pat=000 resclass=[ 1266, -633, -2 ] xT=false
  D4 above=T3 pat=000 resclass=[ -7, -2, 14 ] xT=false
  D4 above=T3 pat=000 resclass=[ -7, -2, 14 ] xT=false
  D4 above=T1 pat=000 resclass=[ -8862, 1266, -7 ] xT=false
  D4 above=T2 pat=000 resclass=[ 1266, -633, -2 ] xT=false
  D4 above=T1 pat=000 resclass=[ -8862, 1266, -7 ] xT=false
  D4 above=T2 pat=000 resclass=[ 1266, -633, -2 ] xT=false
MEMBER stv 2/3 1/4 -1/3 shape=[ 1, 1, 2, 2 ] tors=[ 4, 4 ] order4=12 norm111=0 xTpass=0
  D4 above=T3 pat=000 resclass=[ -1001, -15, 15015 ] xT=false
  D4 above=T3 pat=000 resclass=[ -1001, -15, 15015 ] xT=false
  D4 above=T2 pat=000 resclass=[ 661595, -396957, -15 ] xT=false
  D4 above=T1 pat=000 resclass=[ -5473195, 661595, -1001 ] xT=false
  D4 above=T2 pat=000 resclass=[ 661595, -396957, -15 ] xT=false
  D4 above=T1 pat=000 resclass=[ -5473195, 661595, -1001 ] xT=false
  D4 above=T3 pat=000 resclass=[ -1001, -15, 15015 ] xT=false
  D4 above=T3 pat=000 resclass=[ -1001, -15, 15015 ] xT=false
  D4 above=T2 pat=000 resclass=[ 661595, -396957, -15 ] xT=false
  D4 above=T1 pat=000 resclass=[ -5473195, 661595, -1001 ] xT=false
  D4 above=T2 pat=000 resclass=[ 661595, -396957, -15 ] xT=false
  D4 above=T1 pat=000 resclass=[ -5473195, 661595, -1001 ] xT=false
MEMBER stv 2/3 3 -2 shape=[ 1, 1, 2, 2 ] tors=[ 4, 4 ] order4=12 norm111=0 xTpass=0
  D4 above=T3 pat=000 resclass=[ -143, 2, -286 ] xT=false
  D4 above=T3 pat=000 resclass=[ -143, 2, -286 ] xT=false
  D4 above=T2 pat=000 resclass=[ -1297, -2594, 2 ] xT=false
  D4 above=T1 pat=000 resclass=[ 185471, -1297, -143 ] xT=false
  D4 above=T2 pat=000 resclass=[ -1297, -2594, 2 ] xT=false
  D4 above=T1 pat=000 resclass=[ 185471, -1297, -143 ] xT=false
  D4 above=T3 pat=000 resclass=[ -143, 2, -286 ] xT=false
  D4 above=T3 pat=000 resclass=[ -143, 2, -286 ] xT=false
  D4 above=T2 pat=000 resclass=[ -1297, -2594, 2 ] xT=false
  D4 above=T1 pat=000 resclass=[ 185471, -1297, -143 ] xT=false
  D4 above=T2 pat=000 resclass=[ -1297, -2594, 2 ] xT=false
  D4 above=T1 pat=000 resclass=[ 185471, -1297, -143 ] xT=false
MEMBER stv 3/4 2 -3/4 shape=[ 1, 1, 2, 2 ] tors=[ 4, 4 ] order4=12 norm111=0 xTpass=0
  D4 above=T3 pat=000 resclass=[ -15, 3, -5 ] xT=false
  D4 above=T3 pat=000 resclass=[ -15, 3, -5 ] xT=false
  D4 above=T1 pat=000 resclass=[ 340215, -22681, -15 ] xT=false
  D4 above=T2 pat=000 resclass=[ -22681, -68043, 3 ] xT=false
  D4 above=T1 pat=000 resclass=[ 340215, -22681, -15 ] xT=false
  D4 above=T2 pat=000 resclass=[ -22681, -68043, 3 ] xT=false
  D4 above=T3 pat=000 resclass=[ -15, 3, -5 ] xT=false
  D4 above=T3 pat=000 resclass=[ -15, 3, -5 ] xT=false
  D4 above=T1 pat=000 resclass=[ 340215, -22681, -15 ] xT=false
  D4 above=T2 pat=000 resclass=[ -22681, -68043, 3 ] xT=false
  D4 above=T1 pat=000 resclass=[ 340215, -22681, -15 ] xT=false
  D4 above=T2 pat=000 resclass=[ -22681, -68043, 3 ] xT=false
MEMBER stv 1 3/2 -1/4 shape=[ 1, 1, 2, 2 ] tors=[ 4, 4 ] order4=12 norm111=0 xTpass=0
  D4 above=T2 pat=000 resclass=[ -155, -31, 5 ] xT=false
  D4 above=T2 pat=000 resclass=[ -155, -31, 5 ] xT=false
  D4 above=T3 pat=000 resclass=[ -1, 5, -5 ] xT=false
  D4 above=T1 pat=000 resclass=[ 155, -155, -1 ] xT=false
  D4 above=T3 pat=000 resclass=[ -1, 5, -5 ] xT=false
  D4 above=T1 pat=000 resclass=[ 155, -155, -1 ] xT=false
  D4 above=T2 pat=000 resclass=[ -155, -31, 5 ] xT=false
  D4 above=T2 pat=000 resclass=[ -155, -31, 5 ] xT=false
  D4 above=T3 pat=000 resclass=[ -1, 5, -5 ] xT=false
  D4 above=T1 pat=000 resclass=[ 155, -155, -1 ] xT=false
  D4 above=T3 pat=000 resclass=[ -1, 5, -5 ] xT=false
  D4 above=T1 pat=000 resclass=[ 155, -155, -1 ] xT=false
MEMBER stv 4/3 3/4 -3/2 shape=[ 1, 1, 2, 2 ] tors=[ 4, 4 ] order4=12 norm111=0 xTpass=0
  D4 above=T2 pat=000 resclass=[ 328335, -46905, -7 ] xT=false
  D4 above=T2 pat=000 resclass=[ 328335, -46905, -7 ] xT=false
  D4 above=T1 pat=000 resclass=[ 48002577, 328335, 3655 ] xT=false
  D4 above=T3 pat=000 resclass=[ 3655, -7, -25585 ] xT=false
  D4 above=T1 pat=000 resclass=[ 48002577, 328335, 3655 ] xT=false
  D4 above=T3 pat=000 resclass=[ 3655, -7, -25585 ] xT=false
  D4 above=T2 pat=000 resclass=[ 328335, -46905, -7 ] xT=false
  D4 above=T2 pat=000 resclass=[ 328335, -46905, -7 ] xT=false
  D4 above=T1 pat=000 resclass=[ 48002577, 328335, 3655 ] xT=false
  D4 above=T3 pat=000 resclass=[ 3655, -7, -25585 ] xT=false
  D4 above=T1 pat=000 resclass=[ 48002577, 328335, 3655 ] xT=false
  D4 above=T3 pat=000 resclass=[ 3655, -7, -25585 ] xT=false
MEMBER stv 3/2 2/3 -2/3 shape=[ 1, 1, 2, 2 ] tors=[ 4, 4 ] order4=12 norm111=0 xTpass=0
  D4 above=T2 pat=000 resclass=[ 3230, -646, -5 ] xT=false
  D4 above=T2 pat=000 resclass=[ 3230, -646, -5 ] xT=false
  D4 above=T3 pat=000 resclass=[ 629, -5, -3145 ] xT=false
  D4 above=T1 pat=000 resclass=[ 7030, 3230, 629 ] xT=false
  D4 above=T3 pat=000 resclass=[ 629, -5, -3145 ] xT=false
  D4 above=T1 pat=000 resclass=[ 7030, 3230, 629 ] xT=false
  D4 above=T2 pat=000 resclass=[ 3230, -646, -5 ] xT=false
  D4 above=T2 pat=000 resclass=[ 3230, -646, -5 ] xT=false
  D4 above=T3 pat=000 resclass=[ 629, -5, -3145 ] xT=false
  D4 above=T1 pat=000 resclass=[ 7030, 3230, 629 ] xT=false
  D4 above=T3 pat=000 resclass=[ 629, -5, -3145 ] xT=false
  D4 above=T1 pat=000 resclass=[ 7030, 3230, 629 ] xT=false
MEMBER stv 2 1/3 -4 shape=[ 1, 1, 2, 2 ] tors=[ 4, 4 ] order4=12 norm111=0 xTpass=0
  D4 above=T1 pat=000 resclass=[ 97266, 37410, 65 ] xT=false
  D4 above=T1 pat=000 resclass=[ 97266, 37410, 65 ] xT=false
  D4 above=T3 pat=000 resclass=[ 65, -2, -130 ] xT=false
  D4 above=T2 pat=000 resclass=[ 37410, -18705, -2 ] xT=false
  D4 above=T3 pat=000 resclass=[ 65, -2, -130 ] xT=false
  D4 above=T2 pat=000 resclass=[ 37410, -18705, -2 ] xT=false
  D4 above=T1 pat=000 resclass=[ 97266, 37410, 65 ] xT=false
  D4 above=T1 pat=000 resclass=[ 97266, 37410, 65 ] xT=false
  D4 above=T3 pat=000 resclass=[ 65, -2, -130 ] xT=false
  D4 above=T2 pat=000 resclass=[ 37410, -18705, -2 ] xT=false
  D4 above=T3 pat=000 resclass=[ 65, -2, -130 ] xT=false
  D4 above=T2 pat=000 resclass=[ 37410, -18705, -2 ] xT=false
MEMBER stv 3 1/4 -4/3 shape=[ 1, 1, 2, 2 ] tors=[ 4, 4 ] order4=12 norm111=0 xTpass=0
  D4 above=T1 pat=000 resclass=[ 74445, 38995, 231 ] xT=false
  D4 above=T1 pat=000 resclass=[ 74445, 38995, 231 ] xT=false
  D4 above=T2 pat=000 resclass=[ 38995, -23397, -15 ] xT=false
  D4 above=T3 pat=000 resclass=[ 231, -15, -385 ] xT=false
  D4 above=T2 pat=000 resclass=[ 38995, -23397, -15 ] xT=false
  D4 above=T3 pat=000 resclass=[ 231, -15, -385 ] xT=false
  D4 above=T1 pat=000 resclass=[ 74445, 38995, 231 ] xT=false
  D4 above=T1 pat=000 resclass=[ 74445, 38995, 231 ] xT=false
  D4 above=T2 pat=000 resclass=[ 38995, -23397, -15 ] xT=false
  D4 above=T3 pat=000 resclass=[ 231, -15, -385 ] xT=false
  D4 above=T2 pat=000 resclass=[ 38995, -23397, -15 ] xT=false
  D4 above=T3 pat=000 resclass=[ 231, -15, -385 ] xT=false
MEMBER stv 3 4 -1/2 shape=[ 1, 1, 2, 2 ] tors=[ 4, 4 ] order4=12 norm111=0 xTpass=0
  D4 above=T1 pat=000 resclass=[ -8155, 48930, -6 ] xT=false
  D4 above=T1 pat=000 resclass=[ -8155, 48930, -6 ] xT=false
  D4 above=T3 pat=000 resclass=[ -6, 15, -10 ] xT=false
  D4 above=T2 pat=000 resclass=[ 48930, 3262, 15 ] xT=false
  D4 above=T3 pat=000 resclass=[ -6, 15, -10 ] xT=false
  D4 above=T2 pat=000 resclass=[ 48930, 3262, 15 ] xT=false
  D4 above=T1 pat=000 resclass=[ -8155, 48930, -6 ] xT=false
  D4 above=T1 pat=000 resclass=[ -8155, 48930, -6 ] xT=false
  D4 above=T3 pat=000 resclass=[ -6, 15, -10 ] xT=false
  D4 above=T2 pat=000 resclass=[ 48930, 3262, 15 ] xT=false
  D4 above=T3 pat=000 resclass=[ -6, 15, -10 ] xT=false
  D4 above=T2 pat=000 resclass=[ 48930, 3262, 15 ] xT=false
MEMBER stv 4 2 -3 shape=[ 1, 1, 2, 2 ] tors=[ 4, 4 ] order4=12 norm111=0 xTpass=0
  D4 above=T2 pat=000 resclass=[ -517, -1551, 3 ] xT=false
  D4 above=T2 pat=000 resclass=[ -517, -1551, 3 ] xT=false
  D4 above=T3 pat=000 resclass=[ 7, 3, 21 ] xT=false
  D4 above=T1 pat=000 resclass=[ -3619, -517, 7 ] xT=false
  D4 above=T3 pat=000 resclass=[ 7, 3, 21 ] xT=false
  D4 above=T1 pat=000 resclass=[ -3619, -517, 7 ] xT=false
  D4 above=T2 pat=000 resclass=[ -517, -1551, 3 ] xT=false
  D4 above=T2 pat=000 resclass=[ -517, -1551, 3 ] xT=false
  D4 above=T3 pat=000 resclass=[ 7, 3, 21 ] xT=false
  D4 above=T1 pat=000 resclass=[ -3619, -517, 7 ] xT=false
  D4 above=T3 pat=000 resclass=[ 7, 3, 21 ] xT=false
  D4 above=T1 pat=000 resclass=[ -3619, -517, 7 ] xT=false
MEMBER stv 3/2 17/18 -1 shape=[ 1, 1, 2, 2 ] tors=[ 4, 4 ] order4=12 norm111=0 xTpass=0
  D4 above=T1 pat=000 resclass=[ 232467383995, 989345, 234971 ] xT=false
  D4 above=T1 pat=000 resclass=[ 232467383995, 989345, 234971 ] xT=false
  D4 above=T2 pat=000 resclass=[ 989345, -28267, -35 ] xT=false
  D4 above=T3 pat=000 resclass=[ 234971, -35, -8223985 ] xT=false
  D4 above=T2 pat=000 resclass=[ 989345, -28267, -35 ] xT=false
  D4 above=T3 pat=000 resclass=[ 234971, -35, -8223985 ] xT=false
  D4 above=T1 pat=000 resclass=[ 232467383995, 989345, 234971 ] xT=false
  D4 above=T1 pat=000 resclass=[ 232467383995, 989345, 234971 ] xT=false
  D4 above=T2 pat=000 resclass=[ 989345, -28267, -35 ] xT=false
  D4 above=T3 pat=000 resclass=[ 234971, -35, -8223985 ] xT=false
  D4 above=T2 pat=000 resclass=[ 989345, -28267, -35 ] xT=false
  D4 above=T3 pat=000 resclass=[ 234971, -35, -8223985 ] xT=false
MEMBER stv 9/13 15/13 -5/7 shape=[ 1, 1, 2, 2 ] tors=[ 4, 4 ] order4=12 norm111=0 xTpass=0
  D4 above=T2 pat=000 resclass=[ -378267490, -1323936215, 14 ] xT=false
  D4 above=T2 pat=000 resclass=[ -378267490, -1323936215, 14 ] xT=false
  D4 above=T1 pat=000 resclass=[ -3991856821970, -378267490, 10553 ] xT=false
  D4 above=T3 pat=000 resclass=[ 10553, 14, 147742 ] xT=false
  D4 above=T1 pat=000 resclass=[ -3991856821970, -378267490, 10553 ] xT=false
  D4 above=T3 pat=000 resclass=[ 10553, 14, 147742 ] xT=false
  D4 above=T2 pat=000 resclass=[ -378267490, -1323936215, 14 ] xT=false
  D4 above=T2 pat=000 resclass=[ -378267490, -1323936215, 14 ] xT=false
  D4 above=T1 pat=000 resclass=[ -3991856821970, -378267490, 10553 ] xT=false
  D4 above=T3 pat=000 resclass=[ 10553, 14, 147742 ] xT=false
  D4 above=T1 pat=000 resclass=[ -3991856821970, -378267490, 10553 ] xT=false
  D4 above=T3 pat=000 resclass=[ 10553, 14, 147742 ] xT=false
MEMBER stv 11/5 10/9 8/7 shape=[ 1, 1, 2, 2 ] tors=[ 4, 4 ] order4=12 norm111=0 xTpass=0
  D4 above=T3 pat=000 resclass=[ 196214, 19, 3728066 ] xT=false
  D4 above=T3 pat=000 resclass=[ 196214, 19, 3728066 ] xT=false
  D4 above=T2 pat=000 resclass=[ 240501591386, 12657978494, 19 ] xT=false
  D4 above=T1 pat=000 resclass=[ 11797444813053151, 240501591386, 196214 ] xT=false
  D4 above=T2 pat=000 resclass=[ 240501591386, 12657978494, 19 ] xT=false
  D4 above=T1 pat=000 resclass=[ 11797444813053151, 240501591386, 196214 ] xT=false
  D4 above=T3 pat=000 resclass=[ 196214, 19, 3728066 ] xT=false
  D4 above=T3 pat=000 resclass=[ 196214, 19, 3728066 ] xT=false
  D4 above=T2 pat=000 resclass=[ 240501591386, 12657978494, 19 ] xT=false
  D4 above=T1 pat=000 resclass=[ 11797444813053151, 240501591386, 196214 ] xT=false
  D4 above=T2 pat=000 resclass=[ 240501591386, 12657978494, 19 ] xT=false
  D4 above=T1 pat=000 resclass=[ 11797444813053151, 240501591386, 196214 ] xT=false
PART_DONE part=138
