MEMBER stv 1/4 3/4 2/3 shape=[ 1, 1, 2, 2 ] tors=[ 4, 4 ] order4=12 norm111=0 xTpass=0
  D4 above=T1 pat=000 resclass=[ 71302, -19446, -33 ] xT=false
  D4 above=T1 pat=000 resclass=[ 71302, -19446, -33 ] xT=false
  D4 above=T3 pat=000 resclass=[ -33, -7, 231 ] xT=false
  D4 above=T2 pat=000 resclass=[ -19446, 2778, -7 ] xT=false
  D4 above=T3 pat=000 resclass=[ -33, -7, 231 ] xT=false
  D4 above=T2 pat=000 resclass=[ -19446, 2778, -7 ] xT=false
  D4 above=T1 pat=000 resclass=[ 71302, -19446, -33 ] xT=false
  D4 above=T1 pat=000 resclass=[ 71302, -19446, -33 ] xT=false
  D4 above=T3 pat=000 resclass=[ -33, -7, 231 ] xT=false
  D4 above=T2 pat=000 resclass=[ -19446, 2778, -7 ] xT=false
  D4 above=T3 pat=000 resclass=[ -33, -7, 231 ] xT=false
  D4 above=T2 pat=000 resclass=[ -19446, 2778, -7 ] xT=false
MEMBER stv 1/3 1/2 4 shape=[ 1, 1, 2, 2 ] tors=[ 4, 4 ] order4=12 norm111=0 xTpass=0
  D4 above=T2 pat=000 resclass=[ -3081, 1027, -3 ] xT=false
  D4 above=T2 pat=000 resclass=[ -3081, 1027, -3 ] xT=false
  D4 above=T3 pat=000 resclass=[ -65, -3, 195 ] xT=false
  D4 above=T1 pat=000 resclass=[ 1185, -3081, -65 ] xT=false
  D4 above=T3 pat=000 resclass=[ -65, -3, 195 ] xT=false
  D4 above=T1 pat=000 resclass=[ 1185, -3081, -65 ] xT=false
  D4 above=T2 pat=000 resclass=[ -3081, 1027, -3 ] xT=false
  D4 above=T2 pat=000 resclass=[ -3081, 1027, -3 ] xT=false
  D4 above=T3 pat=000 resclass=[ -65, -3, 195 ] xT=false
  D4 above=T1 pat=000 resclass=[ 1185, -3081, -65 ] xT=false
  D4 above=T3 pat=000 resclass=[ -65, -3, 195 ] xT=false
  D4 above=T1 pat=000 resclass=[ 1185, -3081, -65 ] xT=false
MEMBER stv 1/2 1/3 4/3 shape=[ 1, 1, 2, 2 ] tors=[ 4, 4 ] order4=12 norm111=0 xTpass=0
  D4 above=T3 pat=000 resclass=[ -7, -2, 14 ] xT=false
  D4 above=T3 pat=000 resclass=[ -7, -2, 14 ] xT=false
  D4 above=T2 pat=000 resclass=[ -534, 267, -2 ] xT=false
  D4 above=T1 pat=000 resclass=[ 3738, -534, -7 ] xT=false
  D4 above=T2 pat=000 resclass=[ -534, 267, -2 ] xT=false
  D4 above=T1 pat=000 resclass=[ 3738, -534, -7 ] xT=false
  D4 above=T3 pat=000 resclass=[ -7, -2, 14 ] xT=false
  D4 above=T3 pat=000 resclass=[ -7, -2, 14 ] xT=false
  D4 above=T2 pat=000 resclass=[ -534, 267, -2 ] xT=false
  D4 above=T1 pat=000 resclass=[ 3738, -534, -7 ] xT=false
  D4 above=T2 pat=000 resclass=[ -534, 267, -2 ] xT=false
  D4 above=T1 pat=000 resclass=[ 3738, -534, -7 ] xT=false
MEMBER stv 2/3 1/4 1/2 shape=[ 1, 1, 2, 2 ] tors=[ 4, 4 ] order4=12 norm111=0 xTpass=0
  D4 above=T3 pat=000 resclass=[ -1001, -15, 15015 ] xT=false
  D4 above=T3 pat=000 resclass=[ -1001, -15, 15015 ] xT=false
  D4 above=T1 pat=000 resclass=[ 7871955, -951555, -1001 ] xT=false
  D4 above=T2 pat=000 resclass=[ -951555, 63437, -15 ] xT=false
  D4 above=T1 pat=000 resclass=[ 7871955, -951555, -1001 ] xT=false
  D4 above=T2 pat=000 resclass=[ -951555, 63437, -15 ] xT=false
  D4 above=T3 pat=000 resclass=[ -1001, -15, 15015 ] xT=false
  D4 above=T3 pat=000 resclass=[ -1001, -15, 15015 ] xT=false
  D4 above=T1 pat=000 resclass=[ 7871955, -951555, -1001 ] xT=false
  D4 above=T2 pat=000 resclass=[ -951555, 63437, -15 ] xT=false
  D4 above=T1 pat=000 resclass=[ 7871955, -951555, -1001 ] xT=false
  D4 above=T2 pat=000 resclass=[ -951555, 63437, -15 ] xT=false
MEMBER stv 2/3 3 3 shape=[ 1, 1, 2, 2 ] tors=[ 4, 4 ] order4=12 norm111=0 xTpass=0
  D4 above=T3 pat=000 resclass=[ -143, 2, -286 ] xT=false
  D4 above=T3 pat=000 resclass=[ -143, 2, -286 ] xT=false
  D4 above=T2 pat=000 resclass=[ -26922, -13461, 2 ] xT=false
  D4 above=T1 pat=000 resclass=[ 3849846, -26922, -143 ] xT=false
  D4 above=T2 pat=000 resclass=[ -26922, -13461, 2 ] xT=false
  D4 above=T1 pat=000 resclass=[ 3849846, -26922, -143 ] xT=false
  D4 above=T3 pat=000 resclass=[ -143, 2, -286 ] xT=false
  D4 above=T3 pat=000 resclass=[ -143, 2, -286 ] xT=false
  D4 above=T2 pat=000 resclass=[ -26922, -13461, 2 ] xT=false
  D4 above=T1 pat=000 resclass=[ 3849846, -26922, -143 ] xT=false
  D4 above=T2 pat=000 resclass=[ -26922, -13461, 2 ] xT=false
  D4 above=T1 pat=000 resclass=[ 3849846, -26922, -143 ] xT=false
MEMBER stv 3/4 2 1 shape=[ 1, 1, 2, 2 ] tors=[ 4, 4 ] order4=12 norm111=0 xTpass=0
  D4 above=T1 pat=000 resclass=[ 835, -501, -15 ] xT=false
  D4 above=T1 pat=000 resclass=[ 835, -501, -15 ] xT=false
  D4 above=T2 pat=000 resclass=[ -501, -167, 3 ] xT=false
  D4 above=T3 pat=000 resclass=[ -15, 3, -5 ] xT=false
  D4 above=T2 pat=000 resclass=[ -501, -167, 3 ] xT=false
  D4 above=T3 pat=000 resclass=[ -15, 3, -5 ] xT=false
  D4 above=T1 pat=000 resclass=[ 835, -501, -15 ] xT=false
  D4 above=T1 pat=000 resclass=[ 835, -501, -15 ] xT=false
  D4 above=T2 pat=000 resclass=[ -501, -167, 3 ] xT=false
  D4 above=T3 pat=000 resclass=[ -15, 3, -5 ] xT=false
  D4 above=T2 pat=000 resclass=[ -501, -167, 3 ] xT=false
  D4 above=T3 pat=000 resclass=[ -15, 3, -5 ] xT=false
MEMBER stv 1 3/2 1/3 shape=[ 1, 1, 2, 2 ] tors=[ 4, 4 ] order4=12 norm111=0 xTpass=0
  D4 above=T2 pat=000 resclass=[ 285, 57, 5 ] xT=false
  D4 above=T2 pat=000 resclass=[ 285, 57, 5 ] xT=false
  D4 above=T1 pat=000 resclass=[ -285, 285, -1 ] xT=false
  D4 above=T3 pat=000 resclass=[ -1, 5, -5 ] xT=false
  D4 above=T1 pat=000 resclass=[ -285, 285, -1 ] xT=false
  D4 above=T3 pat=000 resclass=[ -1, 5, -5 ] xT=false
  D4 above=T2 pat=000 resclass=[ 285, 57, 5 ] xT=false
  D4 above=T2 pat=000 resclass=[ 285, 57, 5 ] xT=false
  D4 above=T1 pat=000 resclass=[ -285, 285, -1 ] xT=false
  D4 above=T3 pat=000 resclass=[ -1, 5, -5 ] xT=false
  D4 above=T1 pat=000 resclass=[ -285, 285, -1 ] xT=false
  D4 above=T3 pat=000 resclass=[ -1, 5, -5 ] xT=false
MEMBER stv 4/3 3/4 2 shape=[ 1, 1, 2, 2 ] tors=[ 4, 4 ] order4=12 norm111=0 xTpass=0
  D4 above=T3 pat=000 resclass=[ 3655, -7, -25585 ] xT=false
  D4 above=T3 pat=000 resclass=[ 3655, -7, -25585 ] xT=false
  D4 above=T2 pat=000 resclass=[ -1668905, 238415, -7 ] xT=false
  D4 above=T1 pat=000 resclass=[ -243993911, -1668905, 3655 ] xT=false
  D4 above=T2 pat=000 resclass=[ -1668905, 238415, -7 ] xT=false
  D4 above=T1 pat=000 resclass=[ -243993911, -1668905, 3655 ] xT=false
  D4 above=T3 pat=000 resclass=[ 3655, -7, -25585 ] xT=false
  D4 above=T3 pat=000 resclass=[ 3655, -7, -25585 ] xT=false
  D4 above=T2 pat=000 resclass=[ -1668905, 238415, -7 ] xT=false
  D4 above=T1 pat=000 resclass=[ -243993911, -1668905, 3655 ] xT=false
  D4 above=T2 pat=000 resclass=[ -1668905, 238415, -7 ] xT=false
  D4 above=T1 pat=000 resclass=[ -243993911, -1668905, 3655 ] xT=false
MEMBER stv 3/2 2/3 3/4 shape=[ 1, 1, 2, 2 ] tors=[ 4, 4 ] order4=12 norm111=0 xTpass=0
  D4 above=T2 pat=000 resclass=[ -266815, 53363, -5 ] xT=false
  D4 above=T2 pat=000 resclass=[ -266815, 53363, -5 ] xT=false
  D4 above=T1 pat=000 resclass=[ -580715, -266815, 629 ] xT=false
  D4 above=T3 pat=000 resclass=[ 629, -5, -3145 ] xT=false
  D4 above=T1 pat=000 resclass=[ -580715, -266815, 629 ] xT=false
  D4 above=T3 pat=000 resclass=[ 629, -5, -3145 ] xT=false
  D4 above=T2 pat=000 resclass=[ -266815, 53363, -5 ] xT=false
  D4 above=T2 pat=000 resclass=[ -266815, 53363, -5 ] xT=false
  D4 above=T1 pat=000 resclass=[ -580715, -266815, 629 ] xT=false
  D4 above=T3 pat=000 resclass=[ 629, -5, -3145 ] xT=false
  D4 above=T1 pat=000 resclass=[ -580715, -266815, 629 ] xT=false
  D4 above=T3 pat=000 resclass=[ 629, -5, -3145 ] xT=false
MEMBER stv 2 1/2 1/4 shape=[ 1, 1, 2, 2 ] tors=[ 4, 4 ] order4=12 norm111=0 xTpass=0
  D4 above=T2 pat=000 resclass=[ -786, 262, -3 ] xT=false
  D4 above=T2 pat=000 resclass=[ -786, 262, -3 ] xT=false
  D4 above=T1 pat=000 resclass=[ -43230, -786, 55 ] xT=false
  D4 above=T3 pat=000 resclass=[ 55, -3, -165 ] xT=false
  D4 above=T1 pat=000 resclass=[ -43230, -786, 55 ] xT=false
  D4 above=T3 pat=000 resclass=[ 55, -3, -165 ] xT=false
  D4 above=T2 pat=000 resclass=[ -786, 262, -3 ] xT=false
  D4 above=T2 pat=000 resclass=[ -786, 262, -3 ] xT=false
  D4 above=T1 pat=000 resclass=[ -43230, -786, 55 ] xT=false
  D4 above=T3 pat=000 resclass=[ 55, -3, -165 ] xT=false
  D4 above=T1 pat=000 resclass=[ -43230, -786, 55 ] xT=false
  D4 above=T3 pat=000 resclass=[ 55, -3, -165 ] xT=false
MEMBER stv 3 1/4 3/2 shape=[ 1, 1, 2, 2 ] tors=[ 4, 4 ] order4=12 norm111=0 xTpass=0
  D4 above=T1 pat=000 resclass=[ -84390, -2166010, 231 ] xT=false
  D4 above=T1 pat=000 resclass=[ -84390, -2166010, 231 ] xT=false
  D4 above=T2 pat=000 resclass=[ -2166010, 1299606, -15 ] xT=false
  D4 above=T3 pat=000 resclass=[ 231, -15, -385 ] xT=false
  D4 above=T2 pat=000 resclass=[ -2166010, 1299606, -15 ] xT=false
  D4 above=T3 pat=000 resclass=[ 231, -15, -385 ] xT=false
  D4 above=T1 pat=000 resclass=[ -84390, -2166010, 231 ] xT=false
  D4 above=T1 pat=000 resclass=[ -84390, -2166010, 231 ] xT=false
  D4 above=T2 pat=000 resclass=[ -2166010, 1299606, -15 ] xT=false
  D4 above=T3 pat=000 resclass=[ 231, -15, -385 ] xT=false
  D4 above=T2 pat=000 resclass=[ -2166010, 1299606, -15 ] xT=false
  D4 above=T3 pat=000 resclass=[ 231, -15, -385 ] xT=false
MEMBER stv 3 4 2/3 shape=[ 1, 1, 2, 2 ] tors=[ 4, 4 ] order4=12 norm111=0 xTpass=0
  D4 above=T1 pat=000 resclass=[ 1785, -1190, -6 ] xT=false
  D4 above=T1 pat=000 resclass=[ 1785, -1190, -6 ] xT=false
  D4 above=T2 pat=000 resclass=[ -1190, -714, 15 ] xT=false
  D4 above=T3 pat=000 resclass=[ -6, 15, -10 ] xT=false
  D4 above=T2 pat=000 resclass=[ -1190, -714, 15 ] xT=false
  D4 above=T3 pat=000 resclass=[ -6, 15, -10 ] xT=false
  D4 above=T1 pat=000 resclass=[ 1785, -1190, -6 ] xT=false
  D4 above=T1 pat=000 resclass=[ 1785, -1190, -6 ] xT=false
  D4 above=T2 pat=000 resclass=[ -1190, -714, 15 ] xT=false
  D4 above=T3 pat=000 resclass=[ -6, 15, -10 ] xT=false
  D4 above=T2 pat=000 resclass=[ -1190, -714, 15 ] xT=false
  D4 above=T3 pat=000 resclass=[ -6, 15, -10 ] xT=false
MEMBER stv 4 2 4 shape=[ 1, 1, 2, 2 ] tors=[ 4, 4 ] order4=12 norm111=0 xTpass=0
  D4 above=T2 pat=000 resclass=[ 3315, 1105, 3 ] xT=false
  D4 above=T2 pat=000 resclass=[ 3315, 1105, 3 ] xT=false
  D4 above=T3 pat=000 resclass=[ 7, 3, 21 ] xT=false
  D4 above=T1 pat=000 resclass=[ 23205, 3315, 7 ] xT=false
  D4 above=T3 pat=000 resclass=[ 7, 3, 21 ] xT=false
  D4 above=T1 pat=000 resclass=[ 23205, 3315, 7 ] xT=false
  D4 above=T2 pat=000 resclass=[ 3315, 1105, 3 ] xT=false
  D4 above=T2 pat=000 resclass=[ 3315, 1105, 3 ] xT=false
  D4 above=T3 pat=000 resclass=[ 7, 3, 21 ] xT=false
  D4 above=T1 pat=000 resclass=[ 23205, 3315, 7 ] xT=false
  D4 above=T3 pat=000 resclass=[ 7, 3, 21 ] xT=false
  D4 above=T1 pat=000 resclass=[ 23205, 3315, 7 ] xT=false
MEMBER stv 12/11 1/20 -1/2 shape=[ 1, 1, 2, 2 ] tors=[ 4, 4 ] order4=12 norm111=0 xTpass=0
  D4 above=T2 pat=000 resclass=[ 440439, -54089, -399 ] xT=false
  D4 above=T2 pat=000 resclass=[ 440439, -54089, -399 ] xT=false
  D4 above=T1 pat=000 resclass=[ 20535762001, 440439, 419631 ] xT=false
  D4 above=T3 pat=000 resclass=[ 419631, -399, -18603641 ] xT=false
  D4 above=T1 pat=000 resclass=[ 20535762001, 440439, 419631 ] xT=false
  D4 above=T3 pat=000 resclass=[ 419631, -399, -18603641 ] xT=false
  D4 above=T2 pat=000 resclass=[ 440439, -54089, -399 ] xT=false
  D4 above=T2 pat=000 resclass=[ 440439, -54089, -399 ] xT=false
  D4 above=T1 pat=000 resclass=[ 20535762001, 440439, 419631 ] xT=false
  D4 above=T3 pat=000 resclass=[ 419631, -399, -18603641 ] xT=false
  D4 above=T1 pat=000 resclass=[ 20535762001, 440439, 419631 ] xT=false
  D4 above=T3 pat=000 resclass=[ 419631, -399, -18603641 ] xT=false
MEMBER stv 16/3 13/20 17/15 shape=[ 1, 1, 2, 2 ] tors=[ 4, 4 ] order4=12 norm111=0 xTpass=0
  D4 above=T2 pat=000 resclass=[ -433854391376945, 16903417845855, -231 ] xT=false
  D4 above=T2 pat=000 resclass=[ -433854391376945, 16903417845855, -231 ] xT=false
  D4 above=T3 pat=000 resclass=[ 40479751, -231, -9350822481 ] xT=false
  D4 above=T1 pat=000 resclass=[ -17562317733195280740695, -433854391376945, 40479751 ] xT=false
  D4 above=T3 pat=000 resclass=[ 40479751, -231, -9350822481 ] xT=false
  D4 above=T1 pat=000 resclass=[ -17562317733195280740695, -433854391376945, 40479751 ] xT=false
  D4 above=T2 pat=000 resclass=[ -433854391376945, 16903417845855, -231 ] xT=false
  D4 above=T2 pat=000 resclass=[ -433854391376945, 16903417845855, -231 ] xT=false
  D4 above=T3 pat=000 resclass=[ 40479751, -231, -9350822481 ] xT=false
  D4 above=T1 pat=000 resclass=[ -17562317733195280740695, -433854391376945, 40479751 ] xT=false
  D4 above=T3 pat=000 resclass=[ 40479751, -231, -9350822481 ] xT=false
  D4 above=T1 pat=000 resclass=[ -17562317733195280740695, -433854391376945, 40479751 ] xT=false
MEMBER stv 14/3 17/15 -1/19 shape=[ 1, 1, 2, 2 ] tors=[ 4, 4 ] order4=12 norm111=0 xTpass=0
  D4 above=T1 pat=000 resclass=[ -637198165051, -2320451, 274601 ] xT=false
  D4 above=T1 pat=000 resclass=[ -637198165051, -2320451, 274601 ] xT=false
  D4 above=T3 pat=010 resclass=[ 274601, 1, 274601 ] xT=false
  D4 above=T2 pat=001 resclass=[ -2320451, -2320451, 1 ] xT=false
  D4 above=T3 pat=010 resclass=[ 274601, 1, 274601 ] xT=false
  D4 above=T2 pat=001 resclass=[ -2320451, -2320451, 1 ] xT=false
  D4 above=T1 pat=000 resclass=[ -637198165051, -2320451, 274601 ] xT=false
  D4 above=T1 pat=000 resclass=[ -637198165051, -2320451, 274601 ] xT=false
  D4 above=T3 pat=010 resclass=[ 274601, 1, 274601 ] xT=false
  D4 above=T2 pat=001 resclass=[ -2320451, -2320451, 1 ] xT=false
  D4 above=T3 pat=010 resclass=[ 274601, 1, 274601 ] xT=false
  D4 above=T2 pat=001 resclass=[ -2320451, -2320451, 1 ] xT=false
PART_DONE part=139
