MEMBER mnv -1/2 1/4 -4096/2231 shape=[ 1, 1, 2, 2 ] tors=[ 4, 4 ] order4=12 norm111=12 xTpass=0
  D4 above=T3 pat=111 resclass=[ 1, 1, 1 ] xT=false
  D4 above=T3 pat=111 resclass=[ 1, 1, 1 ] xT=false
  D4 above=T2 pat=111 resclass=[ 1, 1, 1 ] xT=false
  D4 above=T1 pat=111 resclass=[ 1, 1, 1 ] xT=false
  D4 above=T2 pat=111 resclass=[ 1, 1, 1 ] xT=false
  D4 above=T1 pat=111 resclass=[ 1, 1, 1 ] xT=false
  D4 above=T3 pat=111 resclass=[ 1, 1, 1 ] xT=false
  D4 above=T3 pat=111 resclass=[ 1, 1, 1 ] xT=false
  D4 above=T2 pat=111 resclass=[ 1, 1, 1 ] xT=false
  D4 above=T1 pat=111 resclass=[ 1, 1, 1 ] xT=false
  D4 above=T2 pat=111 resclass=[ 1, 1, 1 ] xT=false
  D4 above=T1 pat=111 resclass=[ 1, 1, 1 ] xT=false
MEMBER stv 1/4 2 -1/2 shape=[ 1, 1, 2, 2 ] tors=[ 4, 4 ] order4=12 norm111=0 xTpass=0
  D4 above=T3 pat=000 resclass=[ -143, 3, -429 ] xT=false
  D4 above=T3 pat=000 resclass=[ -143, 3, -429 ] xT=false
  D4 above=T1 pat=000 resclass=[ 5931354, -41478, -143 ] xT=false
  D4 above=T2 pat=000 resclass=[ -41478, -13826, 3 ] xT=false
  D4 above=T1 pat=000 resclass=[ 5931354, -41478, -143 ] xT=false
  D4 above=T2 pat=000 resclass=[ -41478, -13826, 3 ] xT=false
  D4 above=T3 pat=000 resclass=[ -143, 3, -429 ] xT=false
  D4 above=T3 pat=000 resclass=[ -143, 3, -429 ] xT=false
  D4 above=T1 pat=000 resclass=[ 5931354, -41478, -143 ] xT=false
  D4 above=T2 pat=000 resclass=[ -41478, -13826, 3 ] xT=false
  D4 above=T1 pat=000 resclass=[ 5931354, -41478, -143 ] xT=false
  D4 above=T2 pat=000 resclass=[ -41478, -13826, 3 ] xT=false
MEMBER stv 1/3 4/3 -3 shape=[ 1, 1, 2, 2 ] tors=[ 4, 4 ] order4=12 norm111=0 xTpass=0
  D4 above=T3 pat=000 resclass=[ -10, 7, -70 ] xT=false
  D4 above=T3 pat=000 resclass=[ -10, 7, -70 ] xT=false
  D4 above=T1 pat=000 resclass=[ 546, -1365, -10 ] xT=false
  D4 above=T2 pat=000 resclass=[ -1365, -195, 7 ] xT=false
  D4 above=T1 pat=000 resclass=[ 546, -1365, -10 ] xT=false
  D4 above=T2 pat=000 resclass=[ -1365, -195, 7 ] xT=false
  D4 above=T3 pat=000 resclass=[ -10, 7, -70 ] xT=false
  D4 above=T3 pat=000 resclass=[ -10, 7, -70 ] xT=false
  D4 above=T1 pat=000 resclass=[ 546, -1365, -10 ] xT=false
  D4 above=T2 pat=000 resclass=[ -1365, -195, 7 ] xT=false
  D4 above=T1 pat=000 resclass=[ 546, -1365, -10 ] xT=false
  D4 above=T2 pat=000 resclass=[ -1365, -195, 7 ] xT=false
MEMBER stv 1/2 3/4 -1 shape=[ 1, 1, 2, 2 ] tors=[ 4, 4 ] order4=12 norm111=0 xTpass=0
  D4 above=T1 pat=000 resclass=[ 4515, 301, 15 ] xT=false
  D4 above=T1 pat=000 resclass=[ 4515, 301, 15 ] xT=false
  D4 above=T3 pat=000 resclass=[ 15, -7, -105 ] xT=false
  D4 above=T2 pat=000 resclass=[ 301, -43, -7 ] xT=false
  D4 above=T3 pat=000 resclass=[ 15, -7, -105 ] xT=false
  D4 above=T2 pat=000 resclass=[ 301, -43, -7 ] xT=false
  D4 above=T1 pat=000 resclass=[ 4515, 301, 15 ] xT=false
  D4 above=T1 pat=000 resclass=[ 4515, 301, 15 ] xT=false
  D4 above=T3 pat=000 resclass=[ 15, -7, -105 ] xT=false
  D4 above=T2 pat=000 resclass=[ 301, -43, -7 ] xT=false
  D4 above=T3 pat=000 resclass=[ 15, -7, -105 ] xT=false
  D4 above=T2 pat=000 resclass=[ 301, -43, -7 ] xT=false
MEMBER stv 2/3 2/3 -1/3 shape=[ 1, 1, 2, 2 ] tors=[ 4, 4 ] order4=12 norm111=0 xTpass=0
  D4 above=T3 pat=000 resclass=[ 11, -5, -55 ] xT=false
  D4 above=T3 pat=000 resclass=[ 11, -5, -55 ] xT=false
  D4 above=T2 pat=000 resclass=[ 64515, -12903, -5 ] xT=false
  D4 above=T1 pat=000 resclass=[ 5865, 64515, 11 ] xT=false
  D4 above=T2 pat=000 resclass=[ 64515, -12903, -5 ] xT=false
  D4 above=T1 pat=000 resclass=[ 5865, 64515, 11 ] xT=false
  D4 above=T3 pat=000 resclass=[ 11, -5, -55 ] xT=false
  D4 above=T3 pat=000 resclass=[ 11, -5, -55 ] xT=false
  D4 above=T2 pat=000 resclass=[ 64515, -12903, -5 ] xT=false
  D4 above=T1 pat=000 resclass=[ 5865, 64515, 11 ] xT=false
  D4 above=T2 pat=000 resclass=[ 64515, -12903, -5 ] xT=false
  D4 above=T1 pat=000 resclass=[ 5865, 64515, 11 ] xT=false
MEMBER stv 3/4 1/3 -2 shape=[ 1, 1, 2, 2 ] tors=[ 4, 4 ] order4=12 norm111=0 xTpass=0
  D4 above=T3 pat=000 resclass=[ -295, -2, 590 ] xT=false
  D4 above=T3 pat=000 resclass=[ -295, -2, 590 ] xT=false
  D4 above=T2 pat=000 resclass=[ 209, -418, -2 ] xT=false
  D4 above=T1 pat=000 resclass=[ -61655, 209, -295 ] xT=false
  D4 above=T2 pat=000 resclass=[ 209, -418, -2 ] xT=false
  D4 above=T1 pat=000 resclass=[ -61655, 209, -295 ] xT=false
  D4 above=T3 pat=000 resclass=[ -295, -2, 590 ] xT=false
  D4 above=T3 pat=000 resclass=[ -295, -2, 590 ] xT=false
  D4 above=T2 pat=000 resclass=[ 209, -418, -2 ] xT=false
  D4 above=T1 pat=000 resclass=[ -61655, 209, -295 ] xT=false
  D4 above=T2 pat=000 resclass=[ 209, -418, -2 ] xT=false
  D4 above=T1 pat=000 resclass=[ -61655, 209, -295 ] xT=false
MEMBER stv 1 1/4 -3/4 shape=[ 1, 1, 2, 2 ] tors=[ 4, 4 ] order4=12 norm111=0 xTpass=0
  D4 above=T1 pat=000 resclass=[ 32705, 1055, 31 ] xT=false
  D4 above=T1 pat=000 resclass=[ 32705, 1055, 31 ] xT=false
  D4 above=T3 pat=000 resclass=[ 31, -15, -465 ] xT=false
  D4 above=T2 pat=000 resclass=[ 1055, -633, -15 ] xT=false
  D4 above=T3 pat=000 resclass=[ 31, -15, -465 ] xT=false
  D4 above=T2 pat=000 resclass=[ 1055, -633, -15 ] xT=false
  D4 above=T1 pat=000 resclass=[ 32705, 1055, 31 ] xT=false
  D4 above=T1 pat=000 resclass=[ 32705, 1055, 31 ] xT=false
  D4 above=T3 pat=000 resclass=[ 31, -15, -465 ] xT=false
  D4 above=T2 pat=000 resclass=[ 1055, -633, -15 ] xT=false
  D4 above=T3 pat=000 resclass=[ 31, -15, -465 ] xT=false
  D4 above=T2 pat=000 resclass=[ 1055, -633, -15 ] xT=false
MEMBER stv 1 4 -1/4 shape=[ 1, 1, 2, 2 ] tors=[ 4, 4 ] order4=12 norm111=0 xTpass=0
  D4 above=T3 pat=000 resclass=[ -14, 15, -210 ] xT=false
  D4 above=T3 pat=000 resclass=[ -14, 15, -210 ] xT=false
  D4 above=T2 pat=000 resclass=[ -15, -1, 15 ] xT=false
  D4 above=T1 pat=000 resclass=[ 210, -15, -14 ] xT=false
  D4 above=T2 pat=000 resclass=[ -15, -1, 15 ] xT=false
  D4 above=T1 pat=000 resclass=[ 210, -15, -14 ] xT=false
  D4 above=T3 pat=000 resclass=[ -14, 15, -210 ] xT=false
  D4 above=T3 pat=000 resclass=[ -14, 15, -210 ] xT=false
  D4 above=T2 pat=000 resclass=[ -15, -1, 15 ] xT=false
  D4 above=T1 pat=000 resclass=[ 210, -15, -14 ] xT=false
  D4 above=T2 pat=000 resclass=[ -15, -1, 15 ] xT=false
  D4 above=T1 pat=000 resclass=[ 210, -15, -14 ] xT=false
MEMBER stv 4/3 2 -3/2 shape=[ 1, 1, 2, 2 ] tors=[ 4, 4 ] order4=12 norm111=0 xTpass=0
  D4 above=T2 pat=000 resclass=[ 10, 30, 3 ] xT=false
  D4 above=T2 pat=000 resclass=[ 10, 30, 3 ] xT=false
  D4 above=T3 pat=000 resclass=[ -65, 3, -195 ] xT=false
  D4 above=T1 pat=000 resclass=[ -26, 10, -65 ] xT=false
  D4 above=T3 pat=000 resclass=[ -65, 3, -195 ] xT=false
  D4 above=T1 pat=000 resclass=[ -26, 10, -65 ] xT=false
  D4 above=T2 pat=000 resclass=[ 10, 30, 3 ] xT=false
  D4 above=T2 pat=000 resclass=[ 10, 30, 3 ] xT=false
  D4 above=T3 pat=000 resclass=[ -65, 3, -195 ] xT=false
  D4 above=T1 pat=000 resclass=[ -26, 10, -65 ] xT=false
  D4 above=T3 pat=000 resclass=[ -65, 3, -195 ] xT=false
  D4 above=T1 pat=000 resclass=[ -26, 10, -65 ] xT=false
MEMBER stv 3/2 3/2 -2/3 shape=[ 1, 1, 2, 2 ] tors=[ 4, 4 ] order4=12 norm111=0 xTpass=0
  D4 above=T3 pat=000 resclass=[ 11, 5, 55 ] xT=false
  D4 above=T3 pat=000 resclass=[ 11, 5, 55 ] xT=false
  D4 above=T2 pat=000 resclass=[ 330, 66, 5 ] xT=false
  D4 above=T1 pat=000 resclass=[ 30, 330, 11 ] xT=false
  D4 above=T2 pat=000 resclass=[ 330, 66, 5 ] xT=false
  D4 above=T1 pat=000 resclass=[ 30, 330, 11 ] xT=false
  D4 above=T3 pat=000 resclass=[ 11, 5, 55 ] xT=false
  D4 above=T3 pat=000 resclass=[ 11, 5, 55 ] xT=false
  D4 above=T2 pat=000 resclass=[ 330, 66, 5 ] xT=false
  D4 above=T1 pat=000 resclass=[ 30, 330, 11 ] xT=false
  D4 above=T2 pat=000 resclass=[ 330, 66, 5 ] xT=false
  D4 above=T1 pat=000 resclass=[ 30, 330, 11 ] xT=false
MEMBER stv 2 3/4 -4 shape=[ 1, 1, 2, 2 ] tors=[ 4, 4 ] order4=12 norm111=0 xTpass=0
  D4 above=T2 pat=000 resclass=[ 11935, -1705, -7 ] xT=false
  D4 above=T2 pat=000 resclass=[ 11935, -1705, -7 ] xT=false
  D4 above=T3 pat=000 resclass=[ 39, -7, -273 ] xT=false
  D4 above=T1 pat=000 resclass=[ 465465, 11935, 39 ] xT=false
  D4 above=T3 pat=000 resclass=[ 39, -7, -273 ] xT=false
  D4 above=T1 pat=000 resclass=[ 465465, 11935, 39 ] xT=false
  D4 above=T2 pat=000 resclass=[ 11935, -1705, -7 ] xT=false
  D4 above=T2 pat=000 resclass=[ 11935, -1705, -7 ] xT=false
  D4 above=T3 pat=000 resclass=[ 39, -7, -273 ] xT=false
  D4 above=T1 pat=000 resclass=[ 465465, 11935, 39 ] xT=false
  D4 above=T3 pat=000 resclass=[ 39, -7, -273 ] xT=false
  D4 above=T1 pat=000 resclass=[ 465465, 11935, 39 ] xT=false
MEMBER stv 3 2/3 -4/3 shape=[ 1, 1, 2, 2 ] tors=[ 4, 4 ] order4=12 norm111=0 xTpass=0
  D4 above=T1 pat=000 resclass=[ 13765, 151415, 11 ] xT=false
  D4 above=T1 pat=000 resclass=[ 13765, 151415, 11 ] xT=false
  D4 above=T3 pat=000 resclass=[ 11, -5, -55 ] xT=false
  D4 above=T2 pat=000 resclass=[ 151415, -30283, -5 ] xT=false
  D4 above=T3 pat=000 resclass=[ 11, -5, -55 ] xT=false
  D4 above=T2 pat=000 resclass=[ 151415, -30283, -5 ] xT=false
  D4 above=T1 pat=000 resclass=[ 13765, 151415, 11 ] xT=false
  D4 above=T1 pat=000 resclass=[ 13765, 151415, 11 ] xT=false
  D4 above=T3 pat=000 resclass=[ 11, -5, -55 ] xT=false
  D4 above=T2 pat=000 resclass=[ 151415, -30283, -5 ] xT=false
  D4 above=T3 pat=000 resclass=[ 11, -5, -55 ] xT=false
  D4 above=T2 pat=000 resclass=[ 151415, -30283, -5 ] xT=false
MEMBER stv 4 1/2 -1/2 shape=[ 1, 1, 2, 2 ] tors=[ 4, 4 ] order4=12 norm111=0 xTpass=0
  D4 above=T1 pat=000 resclass=[ 1177449, 4767, 247 ] xT=false
  D4 above=T1 pat=000 resclass=[ 1177449, 4767, 247 ] xT=false
  D4 above=T2 pat=000 resclass=[ 4767, -1589, -3 ] xT=false
  D4 above=T3 pat=000 resclass=[ 247, -3, -741 ] xT=false
  D4 above=T2 pat=000 resclass=[ 4767, -1589, -3 ] xT=false
  D4 above=T3 pat=000 resclass=[ 247, -3, -741 ] xT=false
  D4 above=T1 pat=000 resclass=[ 1177449, 4767, 247 ] xT=false
  D4 above=T1 pat=000 resclass=[ 1177449, 4767, 247 ] xT=false
  D4 above=T2 pat=000 resclass=[ 4767, -1589, -3 ] xT=false
  D4 above=T3 pat=000 resclass=[ 247, -3, -741 ] xT=false
  D4 above=T2 pat=000 resclass=[ 4767, -1589, -3 ] xT=false
  D4 above=T3 pat=000 resclass=[ 247, -3, -741 ] xT=false
MEMBER stv 3/8 9/14 -1/8 shape=[ 1, 1, 2, 2 ] tors=[ 4, 4 ] order4=12 norm111=0 xTpass=0
  D4 above=T2 pat=000 resclass=[ 135408550670, -1177465658, -115 ] xT=false
  D4 above=T2 pat=000 resclass=[ 135408550670, -1177465658, -115 ] xT=false
  D4 above=T3 pat=000 resclass=[ -31291, -115, 3598465 ] xT=false
  D4 above=T1 pat=000 resclass=[ -4237068959014970, 135408550670, -31291 ] xT=false
  D4 above=T3 pat=000 resclass=[ -31291, -115, 3598465 ] xT=false
  D4 above=T1 pat=000 resclass=[ -4237068959014970, 135408550670, -31291 ] xT=false
  D4 above=T2 pat=000 resclass=[ 135408550670, -1177465658, -115 ] xT=false
  D4 above=T2 pat=000 resclass=[ 135408550670, -1177465658, -115 ] xT=false
  D4 above=T3 pat=000 resclass=[ -31291, -115, 3598465 ] xT=false
  D4 above=T1 pat=000 resclass=[ -4237068959014970, 135408550670, -31291 ] xT=false
  D4 above=T3 pat=000 resclass=[ -31291, -115, 3598465 ] xT=false
  D4 above=T1 pat=000 resclass=[ -4237068959014970, 135408550670, -31291 ] xT=false
MEMBER stv 3/10 7/8 -1 shape=[ 1, 1, 2, 2 ] tors=[ 4, 4 ] order4=12 norm111=0 xTpass=0
  D4 above=T2 pat=000 resclass=[ 2083965, -138931, -15 ] xT=false
  D4 above=T2 pat=000 resclass=[ 2083965, -138931, -15 ] xT=false
  D4 above=T1 pat=000 resclass=[ 92389115, 2083965, 399 ] xT=false
  D4 above=T3 pat=000 resclass=[ 399, -15, -665 ] xT=false
  D4 above=T1 pat=000 resclass=[ 92389115, 2083965, 399 ] xT=false
  D4 above=T3 pat=000 resclass=[ 399, -15, -665 ] xT=false
  D4 above=T2 pat=000 resclass=[ 2083965, -138931, -15 ] xT=false
  D4 above=T2 pat=000 resclass=[ 2083965, -138931, -15 ] xT=false
  D4 above=T1 pat=000 resclass=[ 92389115, 2083965, 399 ] xT=false
  D4 above=T3 pat=000 resclass=[ 399, -15, -665 ] xT=false
  D4 above=T1 pat=000 resclass=[ 92389115, 2083965, 399 ] xT=false
  D4 above=T3 pat=000 resclass=[ 399, -15, -665 ] xT=false
MEMBER stv 9/16 3/2 -2/5 shape=[ 1, 1, 2, 2 ] tors=[ 4, 4 ] order4=12 norm111=0 xTpass=0
  D4 above=T2 pat=000 resclass=[ -1429922, -7149610, 5 ] xT=false
  D4 above=T2 pat=000 resclass=[ -1429922, -7149610, 5 ] xT=false
  D4 above=T1 pat=000 resclass=[ 456145118, -1429922, -319 ] xT=false
  D4 above=T3 pat=000 resclass=[ -319, 5, -1595 ] xT=false
  D4 above=T1 pat=000 resclass=[ 456145118, -1429922, -319 ] xT=false
  D4 above=T3 pat=000 resclass=[ -319, 5, -1595 ] xT=false
  D4 above=T2 pat=000 resclass=[ -1429922, -7149610, 5 ] xT=false
  D4 above=T2 pat=000 resclass=[ -1429922, -7149610, 5 ] xT=false
  D4 above=T1 pat=000 resclass=[ 456145118, -1429922, -319 ] xT=false
  D4 above=T3 pat=000 resclass=[ -319, 5, -1595 ] xT=false
  D4 above=T1 pat=000 resclass=[ 456145118, -1429922, -319 ] xT=false
  D4 above=T3 pat=000 resclass=[ -319, 5, -1595 ] xT=false
MEMBER stv 9/20 4/15 11/13 shape=[ 1, 1, 2, 2 ] tors=[ 4, 4 ] order4=12 norm111=0 xTpass=0
  D4 above=T3 pat=000 resclass=[ -534871, -209, 111788039 ] xT=false
  D4 above=T3 pat=000 resclass=[ -534871, -209, 111788039 ] xT=false
  D4 above=T1 pat=000 resclass=[ 1255767043850233, -2347794223, -534871 ] xT=false
  D4 above=T2 pat=000 resclass=[ -2347794223, 1359249287, -209 ] xT=false
  D4 above=T1 pat=000 resclass=[ 1255767043850233, -2347794223, -534871 ] xT=false
  D4 above=T2 pat=000 resclass=[ -2347794223, 1359249287, -209 ] xT=false
  D4 above=T3 pat=000 resclass=[ -534871, -209, 111788039 ] xT=false
  D4 above=T3 pat=000 resclass=[ -534871, -209, 111788039 ] xT=false
  D4 above=T1 pat=000 resclass=[ 1255767043850233, -2347794223, -534871 ] xT=false
  D4 above=T2 pat=000 resclass=[ -2347794223, 1359249287, -209 ] xT=false
  D4 above=T1 pat=000 resclass=[ 1255767043850233, -2347794223, -534871 ] xT=false
  D4 above=T2 pat=000 resclass=[ -2347794223, 1359249287, -209 ] xT=false
PART_DONE part=14
