MEMBER stv 1/4 3/4 -2/3 shape=[ 1, 1, 2, 2 ] tors=[ 4, 4 ] order4=12 norm111=0 xTpass=0
  D4 above=T1 pat=000 resclass=[ -1080310, 294630, -33 ] xT=false
  D4 above=T1 pat=000 resclass=[ -1080310, 294630, -33 ] xT=false
  D4 above=T2 pat=000 resclass=[ 294630, -42090, -7 ] xT=false
  D4 above=T3 pat=000 resclass=[ -33, -7, 231 ] xT=false
  D4 above=T2 pat=000 resclass=[ 294630, -42090, -7 ] xT=false
  D4 above=T3 pat=000 resclass=[ -33, -7, 231 ] xT=false
  D4 above=T1 pat=000 resclass=[ -1080310, 294630, -33 ] xT=false
  D4 above=T1 pat=000 resclass=[ -1080310, 294630, -33 ] xT=false
  D4 above=T2 pat=000 resclass=[ 294630, -42090, -7 ] xT=false
  D4 above=T3 pat=000 resclass=[ -33, -7, 231 ] xT=false
  D4 above=T2 pat=000 resclass=[ 294630, -42090, -7 ] xT=false
  D4 above=T3 pat=000 resclass=[ -33, -7, 231 ] xT=false
MEMBER stv 1/3 1/2 -4 shape=[ 1, 1, 2, 2 ] tors=[ 4, 4 ] order4=12 norm111=0 xTpass=0
  D4 above=T2 pat=000 resclass=[ -105, 35, -3 ] xT=false
  D4 above=T2 pat=000 resclass=[ -105, 35, -3 ] xT=false
  D4 above=T3 pat=000 resclass=[ -65, -3, 195 ] xT=false
  D4 above=T1 pat=000 resclass=[ 273, -105, -65 ] xT=false
  D4 above=T3 pat=000 resclass=[ -65, -3, 195 ] xT=false
  D4 above=T1 pat=000 resclass=[ 273, -105, -65 ] xT=false
  D4 above=T2 pat=000 resclass=[ -105, 35, -3 ] xT=false
  D4 above=T2 pat=000 resclass=[ -105, 35, -3 ] xT=false
  D4 above=T3 pat=000 resclass=[ -65, -3, 195 ] xT=false
  D4 above=T1 pat=000 resclass=[ 273, -105, -65 ] xT=false
  D4 above=T3 pat=000 resclass=[ -65, -3, 195 ] xT=false
  D4 above=T1 pat=000 resclass=[ 273, -105, -65 ] xT=false
MEMBER stv 1/2 1/3 -4/3 shape=[ 1, 1, 2, 2 ] tors=[ 4, 4 ] order4=12 norm111=0 xTpass=0
  D4 above=T1 pat=000 resclass=[ -2730, 390, -7 ] xT=false
  D4 above=T1 pat=000 resclass=[ -2730, 390, -7 ] xT=false
  D4 above=T2 pat=000 resclass=[ 390, -195, -2 ] xT=false
  D4 above=T3 pat=000 resclass=[ -7, -2, 14 ] xT=false
  D4 above=T2 pat=000 resclass=[ 390, -195, -2 ] xT=false
  D4 above=T3 pat=000 resclass=[ -7, -2, 14 ] xT=false
  D4 above=T1 pat=000 resclass=[ -2730, 390, -7 ] xT=false
  D4 above=T1 pat=000 resclass=[ -2730, 390, -7 ] xT=false
  D4 above=T2 pat=000 resclass=[ 390, -195, -2 ] xT=false
  D4 above=T3 pat=000 resclass=[ -7, -2, 14 ] xT=false
  D4 above=T2 pat=000 resclass=[ 390, -195, -2 ] xT=false
  D4 above=T3 pat=000 resclass=[ -7, -2, 14 ] xT=false
MEMBER stv 2/3 1/4 -1/2 shape=[ 1, 1, 2, 2 ] tors=[ 4, 4 ] order4=12 norm111=0 xTpass=0
  D4 above=T3 pat=000 resclass=[ -1001, -15, 15015 ] xT=false
  D4 above=T3 pat=000 resclass=[ -1001, -15, 15015 ] xT=false
  D4 above=T2 pat=000 resclass=[ 362145, -24143, -15 ] xT=false
  D4 above=T1 pat=000 resclass=[ -7398105, 362145, -1001 ] xT=false
  D4 above=T2 pat=000 resclass=[ 362145, -24143, -15 ] xT=false
  D4 above=T1 pat=000 resclass=[ -7398105, 362145, -1001 ] xT=false
  D4 above=T3 pat=000 resclass=[ -1001, -15, 15015 ] xT=false
  D4 above=T3 pat=000 resclass=[ -1001, -15, 15015 ] xT=false
  D4 above=T2 pat=000 resclass=[ 362145, -24143, -15 ] xT=false
  D4 above=T1 pat=000 resclass=[ -7398105, 362145, -1001 ] xT=false
  D4 above=T2 pat=000 resclass=[ 362145, -24143, -15 ] xT=false
  D4 above=T1 pat=000 resclass=[ -7398105, 362145, -1001 ] xT=false
MEMBER stv 2/3 3 -3 shape=[ 1, 1, 2, 2 ] tors=[ 4, 4 ] order4=12 norm111=0 xTpass=0
  D4 above=T2 pat=000 resclass=[ 3882, 1941, 2 ] xT=false
  D4 above=T2 pat=000 resclass=[ 3882, 1941, 2 ] xT=false
  D4 above=T3 pat=000 resclass=[ -143, 2, -286 ] xT=false
  D4 above=T1 pat=000 resclass=[ -555126, 3882, -143 ] xT=false
  D4 above=T3 pat=000 resclass=[ -143, 2, -286 ] xT=false
  D4 above=T1 pat=000 resclass=[ -555126, 3882, -143 ] xT=false
  D4 above=T2 pat=000 resclass=[ 3882, 1941, 2 ] xT=false
  D4 above=T2 pat=000 resclass=[ 3882, 1941, 2 ] xT=false
  D4 above=T3 pat=000 resclass=[ -143, 2, -286 ] xT=false
  D4 above=T1 pat=000 resclass=[ -555126, 3882, -143 ] xT=false
  D4 above=T3 pat=000 resclass=[ -143, 2, -286 ] xT=false
  D4 above=T1 pat=000 resclass=[ -555126, 3882, -143 ] xT=false
MEMBER stv 3/4 2 -1 shape=[ 1, 1, 2, 2 ] tors=[ 4, 4 ] order4=12 norm111=0 xTpass=0
  D4 above=T3 pat=000 resclass=[ -15, 3, -5 ] xT=false
  D4 above=T3 pat=000 resclass=[ -15, 3, -5 ] xT=false
  D4 above=T1 pat=000 resclass=[ 6965, -4179, -15 ] xT=false
  D4 above=T2 pat=000 resclass=[ -4179, -1393, 3 ] xT=false
  D4 above=T1 pat=000 resclass=[ 6965, -4179, -15 ] xT=false
  D4 above=T2 pat=000 resclass=[ -4179, -1393, 3 ] xT=false
  D4 above=T3 pat=000 resclass=[ -15, 3, -5 ] xT=false
  D4 above=T3 pat=000 resclass=[ -15, 3, -5 ] xT=false
  D4 above=T1 pat=000 resclass=[ 6965, -4179, -15 ] xT=false
  D4 above=T2 pat=000 resclass=[ -4179, -1393, 3 ] xT=false
  D4 above=T1 pat=000 resclass=[ 6965, -4179, -15 ] xT=false
  D4 above=T2 pat=000 resclass=[ -4179, -1393, 3 ] xT=false
MEMBER stv 1 3/2 -1/3 shape=[ 1, 1, 2, 2 ] tors=[ 4, 4 ] order4=12 norm111=0 xTpass=0
  D4 above=T2 pat=000 resclass=[ -2310, -462, 5 ] xT=false
  D4 above=T2 pat=000 resclass=[ -2310, -462, 5 ] xT=false
  D4 above=T3 pat=000 resclass=[ -1, 5, -5 ] xT=false
  D4 above=T1 pat=000 resclass=[ 2310, -2310, -1 ] xT=false
  D4 above=T3 pat=000 resclass=[ -1, 5, -5 ] xT=false
  D4 above=T1 pat=000 resclass=[ 2310, -2310, -1 ] xT=false
  D4 above=T2 pat=000 resclass=[ -2310, -462, 5 ] xT=false
  D4 above=T2 pat=000 resclass=[ -2310, -462, 5 ] xT=false
  D4 above=T3 pat=000 resclass=[ -1, 5, -5 ] xT=false
  D4 above=T1 pat=000 resclass=[ 2310, -2310, -1 ] xT=false
  D4 above=T3 pat=000 resclass=[ -1, 5, -5 ] xT=false
  D4 above=T1 pat=000 resclass=[ 2310, -2310, -1 ] xT=false
MEMBER stv 4/3 3/4 -2 shape=[ 1, 1, 2, 2 ] tors=[ 4, 4 ] order4=12 norm111=0 xTpass=0
  D4 above=T3 pat=000 resclass=[ 3655, -7, -25585 ] xT=false
  D4 above=T3 pat=000 resclass=[ 3655, -7, -25585 ] xT=false
  D4 above=T2 pat=000 resclass=[ 565271, -80753, -7 ] xT=false
  D4 above=T1 pat=000 resclass=[ 2066065505, 565271, 3655 ] xT=false
  D4 above=T2 pat=000 resclass=[ 565271, -80753, -7 ] xT=false
  D4 above=T1 pat=000 resclass=[ 2066065505, 565271, 3655 ] xT=false
  D4 above=T3 pat=000 resclass=[ 3655, -7, -25585 ] xT=false
  D4 above=T3 pat=000 resclass=[ 3655, -7, -25585 ] xT=false
  D4 above=T2 pat=000 resclass=[ 565271, -80753, -7 ] xT=false
  D4 above=T1 pat=000 resclass=[ 2066065505, 565271, 3655 ] xT=false
  D4 above=T2 pat=000 resclass=[ 565271, -80753, -7 ] xT=false
  D4 above=T1 pat=000 resclass=[ 2066065505, 565271, 3655 ] xT=false
MEMBER stv 3/2 2/3 -3/4 shape=[ 1, 1, 2, 2 ] tors=[ 4, 4 ] order4=12 norm111=0 xTpass=0
  D4 above=T2 pat=000 resclass=[ 20735, -4147, -5 ] xT=false
  D4 above=T2 pat=000 resclass=[ 20735, -4147, -5 ] xT=false
  D4 above=T1 pat=000 resclass=[ 13042315, 20735, 629 ] xT=false
  D4 above=T3 pat=000 resclass=[ 629, -5, -3145 ] xT=false
  D4 above=T1 pat=000 resclass=[ 13042315, 20735, 629 ] xT=false
  D4 above=T3 pat=000 resclass=[ 629, -5, -3145 ] xT=false
  D4 above=T2 pat=000 resclass=[ 20735, -4147, -5 ] xT=false
  D4 above=T2 pat=000 resclass=[ 20735, -4147, -5 ] xT=false
  D4 above=T1 pat=000 resclass=[ 13042315, 20735, 629 ] xT=false
  D4 above=T3 pat=000 resclass=[ 629, -5, -3145 ] xT=false
  D4 above=T1 pat=000 resclass=[ 13042315, 20735, 629 ] xT=false
  D4 above=T3 pat=000 resclass=[ 629, -5, -3145 ] xT=false
MEMBER stv 2 1/2 -1/4 INVALID
MEMBER stv 3 1/4 -3/2 shape=[ 1, 1, 2, 2 ] tors=[ 4, 4 ] order4=12 norm111=0 xTpass=0
  D4 above=T2 pat=000 resclass=[ 2578, -38670, -15 ] xT=false
  D4 above=T2 pat=000 resclass=[ 2578, -38670, -15 ] xT=false
  D4 above=T3 pat=000 resclass=[ 231, -15, -385 ] xT=false
  D4 above=T1 pat=000 resclass=[ 595518, 2578, 231 ] xT=false
  D4 above=T3 pat=000 resclass=[ 231, -15, -385 ] xT=false
  D4 above=T1 pat=000 resclass=[ 595518, 2578, 231 ] xT=false
  D4 above=T2 pat=000 resclass=[ 2578, -38670, -15 ] xT=false
  D4 above=T2 pat=000 resclass=[ 2578, -38670, -15 ] xT=false
  D4 above=T3 pat=000 resclass=[ 231, -15, -385 ] xT=false
  D4 above=T1 pat=000 resclass=[ 595518, 2578, 231 ] xT=false
  D4 above=T3 pat=000 resclass=[ 231, -15, -385 ] xT=false
  D4 above=T1 pat=000 resclass=[ 595518, 2578, 231 ] xT=false
MEMBER stv 3 4 -2/3 shape=[ 1, 1, 2, 2 ] tors=[ 4, 4 ] order4=12 norm111=0 xTpass=0
  D4 above=T3 pat=000 resclass=[ -6, 15, -10 ] xT=false
  D4 above=T3 pat=000 resclass=[ -6, 15, -10 ] xT=false
  D4 above=T1 pat=000 resclass=[ -465, 310, -6 ] xT=false
  D4 above=T2 pat=000 resclass=[ 310, 186, 15 ] xT=false
  D4 above=T1 pat=000 resclass=[ -465, 310, -6 ] xT=false
  D4 above=T2 pat=000 resclass=[ 310, 186, 15 ] xT=false
  D4 above=T3 pat=000 resclass=[ -6, 15, -10 ] xT=false
  D4 above=T3 pat=000 resclass=[ -6, 15, -10 ] xT=false
  D4 above=T1 pat=000 resclass=[ -465, 310, -6 ] xT=false
  D4 above=T2 pat=000 resclass=[ 310, 186, 15 ] xT=false
  D4 above=T1 pat=000 resclass=[ -465, 310, -6 ] xT=false
  D4 above=T2 pat=000 resclass=[ 310, 186, 15 ] xT=false
MEMBER stv 4 2 -4 shape=[ 1, 1, 2, 2 ] tors=[ 4, 4 ] order4=12 norm111=0 xTpass=0
  D4 above=T3 pat=000 resclass=[ 7, 3, 21 ] xT=false
  D4 above=T3 pat=000 resclass=[ 7, 3, 21 ] xT=false
  D4 above=T1 pat=000 resclass=[ -5, -35, 7 ] xT=false
  D4 above=T2 pat=000 resclass=[ -35, -105, 3 ] xT=false
  D4 above=T1 pat=000 resclass=[ -5, -35, 7 ] xT=false
  D4 above=T2 pat=000 resclass=[ -35, -105, 3 ] xT=false
  D4 above=T3 pat=000 resclass=[ 7, 3, 21 ] xT=false
  D4 above=T3 pat=000 resclass=[ 7, 3, 21 ] xT=false
  D4 above=T1 pat=000 resclass=[ -5, -35, 7 ] xT=false
  D4 above=T2 pat=000 resclass=[ -35, -105, 3 ] xT=false
  D4 above=T1 pat=000 resclass=[ -5, -35, 7 ] xT=false
  D4 above=T2 pat=000 resclass=[ -35, -105, 3 ] xT=false
MEMBER stv 1/2 8/13 9/5 shape=[ 1, 1, 2, 2 ] tors=[ 4, 4 ] order4=12 norm111=0 xTpass=0
  D4 above=T2 pat=000 resclass=[ -651745101, 155177405, -105 ] xT=false
  D4 above=T2 pat=000 resclass=[ -651745101, 155177405, -105 ] xT=false
  D4 above=T3 pat=000 resclass=[ -15539, -105, 1631595 ] xT=false
  D4 above=T1 pat=000 resclass=[ 10127467124439, -651745101, -15539 ] xT=false
  D4 above=T3 pat=000 resclass=[ -15539, -105, 1631595 ] xT=false
  D4 above=T1 pat=000 resclass=[ 10127467124439, -651745101, -15539 ] xT=false
  D4 above=T2 pat=000 resclass=[ -651745101, 155177405, -105 ] xT=false
  D4 above=T2 pat=000 resclass=[ -651745101, 155177405, -105 ] xT=false
  D4 above=T3 pat=000 resclass=[ -15539, -105, 1631595 ] xT=false
  D4 above=T1 pat=000 resclass=[ 10127467124439, -651745101, -15539 ] xT=false
  D4 above=T3 pat=000 resclass=[ -15539, -105, 1631595 ] xT=false
  D4 above=T1 pat=000 resclass=[ 10127467124439, -651745101, -15539 ] xT=false
MEMBER stv 14 11 14 shape=[ 1, 1, 2, 2 ] tors=[ 4, 4 ] order4=12 norm111=0 xTpass=0
  D4 above=T1 pat=000 resclass=[ 101355536065, -28542815, -3551 ] xT=false
  D4 above=T1 pat=000 resclass=[ 101355536065, -28542815, -3551 ] xT=false
  D4 above=T3 pat=000 resclass=[ -3551, 30, -106530 ] xT=false
  D4 above=T2 pat=000 resclass=[ -28542815, -34251378, 30 ] xT=false
  D4 above=T3 pat=000 resclass=[ -3551, 30, -106530 ] xT=false
  D4 above=T2 pat=000 resclass=[ -28542815, -34251378, 30 ] xT=false
  D4 above=T1 pat=000 resclass=[ 101355536065, -28542815, -3551 ] xT=false
  D4 above=T1 pat=000 resclass=[ 101355536065, -28542815, -3551 ] xT=false
  D4 above=T3 pat=000 resclass=[ -3551, 30, -106530 ] xT=false
  D4 above=T2 pat=000 resclass=[ -28542815, -34251378, 30 ] xT=false
  D4 above=T3 pat=000 resclass=[ -3551, 30, -106530 ] xT=false
  D4 above=T2 pat=000 resclass=[ -28542815, -34251378, 30 ] xT=false
MEMBER stv 2/3 2 14/19 shape=[ 1, 1, 2, 2 ] tors=[ 4, 4 ] order4=12 norm111=0 xTpass=0
  D4 above=T2 pat=000 resclass=[ -232772610, -77590870, 3 ] xT=false
  D4 above=T2 pat=000 resclass=[ -232772610, -77590870, 3 ] xT=false
  D4 above=T1 pat=000 resclass=[ 365785530, -232772610, -77 ] xT=false
  D4 above=T3 pat=000 resclass=[ -77, 3, -231 ] xT=false
  D4 above=T1 pat=000 resclass=[ 365785530, -232772610, -77 ] xT=false
  D4 above=T3 pat=000 resclass=[ -77, 3, -231 ] xT=false
  D4 above=T2 pat=000 resclass=[ -232772610, -77590870, 3 ] xT=false
  D4 above=T2 pat=000 resclass=[ -232772610, -77590870, 3 ] xT=false
  D4 above=T1 pat=000 resclass=[ 365785530, -232772610, -77 ] xT=false
  D4 above=T3 pat=000 resclass=[ -77, 3, -231 ] xT=false
  D4 above=T1 pat=000 resclass=[ 365785530, -232772610, -77 ] xT=false
  D4 above=T3 pat=000 resclass=[ -77, 3, -231 ] xT=false
PART_DONE part=140
