MEMBER stv 1/4 3/4 3/4 shape=[ 1, 1, 2, 2 ] tors=[ 4, 4 ] order4=12 norm111=0 xTpass=0
  D4 above=T1 pat=000 resclass=[ 6505499, -1774227, -33 ] xT=false
  D4 above=T1 pat=000 resclass=[ 6505499, -1774227, -33 ] xT=false
  D4 above=T2 pat=000 resclass=[ -1774227, 253461, -7 ] xT=false
  D4 above=T3 pat=000 resclass=[ -33, -7, 231 ] xT=false
  D4 above=T2 pat=000 resclass=[ -1774227, 253461, -7 ] xT=false
  D4 above=T3 pat=000 resclass=[ -33, -7, 231 ] xT=false
  D4 above=T1 pat=000 resclass=[ 6505499, -1774227, -33 ] xT=false
  D4 above=T1 pat=000 resclass=[ 6505499, -1774227, -33 ] xT=false
  D4 above=T2 pat=000 resclass=[ -1774227, 253461, -7 ] xT=false
  D4 above=T3 pat=000 resclass=[ -33, -7, 231 ] xT=false
  D4 above=T2 pat=000 resclass=[ -1774227, 253461, -7 ] xT=false
  D4 above=T3 pat=000 resclass=[ -33, -7, 231 ] xT=false
MEMBER stv 1/3 2/3 1/4 shape=[ 1, 1, 2, 2 ] tors=[ 4, 4 ] order4=12 norm111=0 xTpass=0
  D4 above=T1 pat=000 resclass=[ 65305, -65305, -1 ] xT=false
  D4 above=T1 pat=000 resclass=[ 65305, -65305, -1 ] xT=false
  D4 above=T2 pat=000 resclass=[ -65305, 13061, -5 ] xT=false
  D4 above=T3 pat=000 resclass=[ -1, -5, 5 ] xT=false
  D4 above=T2 pat=000 resclass=[ -65305, 13061, -5 ] xT=false
  D4 above=T3 pat=000 resclass=[ -1, -5, 5 ] xT=false
  D4 above=T1 pat=000 resclass=[ 65305, -65305, -1 ] xT=false
  D4 above=T1 pat=000 resclass=[ 65305, -65305, -1 ] xT=false
  D4 above=T2 pat=000 resclass=[ -65305, 13061, -5 ] xT=false
  D4 above=T3 pat=000 resclass=[ -1, -5, 5 ] xT=false
  D4 above=T2 pat=000 resclass=[ -65305, 13061, -5 ] xT=false
  D4 above=T3 pat=000 resclass=[ -1, -5, 5 ] xT=false
MEMBER stv 1/2 1/3 3/2 shape=[ 1, 1, 2, 2 ] tors=[ 4, 4 ] order4=12 norm111=0 xTpass=0
  D4 above=T1 pat=000 resclass=[ 517, -3619, -7 ] xT=false
  D4 above=T1 pat=000 resclass=[ 517, -3619, -7 ] xT=false
  D4 above=T2 pat=000 resclass=[ -3619, 7238, -2 ] xT=false
  D4 above=T3 pat=000 resclass=[ -7, -2, 14 ] xT=false
  D4 above=T2 pat=000 resclass=[ -3619, 7238, -2 ] xT=false
  D4 above=T3 pat=000 resclass=[ -7, -2, 14 ] xT=false
  D4 above=T1 pat=000 resclass=[ 517, -3619, -7 ] xT=false
  D4 above=T1 pat=000 resclass=[ 517, -3619, -7 ] xT=false
  D4 above=T2 pat=000 resclass=[ -3619, 7238, -2 ] xT=false
  D4 above=T3 pat=000 resclass=[ -7, -2, 14 ] xT=false
  D4 above=T2 pat=000 resclass=[ -3619, 7238, -2 ] xT=false
  D4 above=T3 pat=000 resclass=[ -7, -2, 14 ] xT=false
MEMBER stv 2/3 1/4 2/3 shape=[ 1, 1, 2, 2 ] tors=[ 4, 4 ] order4=12 norm111=0 xTpass=0
  D4 above=T2 pat=000 resclass=[ -32305, 19383, -15 ] xT=false
  D4 above=T2 pat=000 resclass=[ -32305, 19383, -15 ] xT=false
  D4 above=T1 pat=000 resclass=[ 3905, -32305, -1001 ] xT=false
  D4 above=T3 pat=000 resclass=[ -1001, -15, 15015 ] xT=false
  D4 above=T1 pat=000 resclass=[ 3905, -32305, -1001 ] xT=false
  D4 above=T3 pat=000 resclass=[ -1001, -15, 15015 ] xT=false
  D4 above=T2 pat=000 resclass=[ -32305, 19383, -15 ] xT=false
  D4 above=T2 pat=000 resclass=[ -32305, 19383, -15 ] xT=false
  D4 above=T1 pat=000 resclass=[ 3905, -32305, -1001 ] xT=false
  D4 above=T3 pat=000 resclass=[ -1001, -15, 15015 ] xT=false
  D4 above=T1 pat=000 resclass=[ 3905, -32305, -1001 ] xT=false
  D4 above=T3 pat=000 resclass=[ -1001, -15, 15015 ] xT=false
MEMBER stv 2/3 3 4 shape=[ 1, 1, 2, 2 ] tors=[ 4, 4 ] order4=12 norm111=0 xTpass=0
  D4 above=T2 pat=000 resclass=[ -5134, -2567, 2 ] xT=false
  D4 above=T2 pat=000 resclass=[ -5134, -2567, 2 ] xT=false
  D4 above=T1 pat=000 resclass=[ 734162, -5134, -143 ] xT=false
  D4 above=T3 pat=000 resclass=[ -143, 2, -286 ] xT=false
  D4 above=T1 pat=000 resclass=[ 734162, -5134, -143 ] xT=false
  D4 above=T3 pat=000 resclass=[ -143, 2, -286 ] xT=false
  D4 above=T2 pat=000 resclass=[ -5134, -2567, 2 ] xT=false
  D4 above=T2 pat=000 resclass=[ -5134, -2567, 2 ] xT=false
  D4 above=T1 pat=000 resclass=[ 734162, -5134, -143 ] xT=false
  D4 above=T3 pat=000 resclass=[ -143, 2, -286 ] xT=false
  D4 above=T1 pat=000 resclass=[ 734162, -5134, -143 ] xT=false
  D4 above=T3 pat=000 resclass=[ -143, 2, -286 ] xT=false
MEMBER stv 3/4 2 4/3 shape=[ 1, 1, 2, 2 ] tors=[ 4, 4 ] order4=12 norm111=0 xTpass=0
  D4 above=T1 pat=000 resclass=[ 665, -399, -15 ] xT=false
  D4 above=T1 pat=000 resclass=[ 665, -399, -15 ] xT=false
  D4 above=T3 pat=000 resclass=[ -15, 3, -5 ] xT=false
  D4 above=T2 pat=000 resclass=[ -399, -133, 3 ] xT=false
  D4 above=T3 pat=000 resclass=[ -15, 3, -5 ] xT=false
  D4 above=T2 pat=000 resclass=[ -399, -133, 3 ] xT=false
  D4 above=T1 pat=000 resclass=[ 665, -399, -15 ] xT=false
  D4 above=T1 pat=000 resclass=[ 665, -399, -15 ] xT=false
  D4 above=T3 pat=000 resclass=[ -15, 3, -5 ] xT=false
  D4 above=T2 pat=000 resclass=[ -399, -133, 3 ] xT=false
  D4 above=T3 pat=000 resclass=[ -15, 3, -5 ] xT=false
  D4 above=T2 pat=000 resclass=[ -399, -133, 3 ] xT=false
MEMBER stv 1 3/2 1/2 shape=[ 1, 1, 2, 2 ] tors=[ 4, 4 ] order4=12 norm111=0 xTpass=0
  D4 above=T1 pat=000 resclass=[ -10, 10, -1 ] xT=false
  D4 above=T1 pat=000 resclass=[ -10, 10, -1 ] xT=false
  D4 above=T3 pat=000 resclass=[ -1, 5, -5 ] xT=false
  D4 above=T2 pat=000 resclass=[ 10, 2, 5 ] xT=false
  D4 above=T3 pat=000 resclass=[ -1, 5, -5 ] xT=false
  D4 above=T2 pat=000 resclass=[ 10, 2, 5 ] xT=false
  D4 above=T1 pat=000 resclass=[ -10, 10, -1 ] xT=false
  D4 above=T1 pat=000 resclass=[ -10, 10, -1 ] xT=false
  D4 above=T3 pat=000 resclass=[ -1, 5, -5 ] xT=false
  D4 above=T2 pat=000 resclass=[ 10, 2, 5 ] xT=false
  D4 above=T3 pat=000 resclass=[ -1, 5, -5 ] xT=false
  D4 above=T2 pat=000 resclass=[ 10, 2, 5 ] xT=false
MEMBER stv 4/3 3/4 3 shape=[ 1, 1, 2, 2 ] tors=[ 4, 4 ] order4=12 norm111=0 xTpass=0
  D4 above=T3 pat=000 resclass=[ 3655, -7, -25585 ] xT=false
  D4 above=T3 pat=000 resclass=[ 3655, -7, -25585 ] xT=false
  D4 above=T2 pat=000 resclass=[ -2166969, 309567, -7 ] xT=false
  D4 above=T1 pat=000 resclass=[ -7920271695, -2166969, 3655 ] xT=false
  D4 above=T2 pat=000 resclass=[ -2166969, 309567, -7 ] xT=false
  D4 above=T1 pat=000 resclass=[ -7920271695, -2166969, 3655 ] xT=false
  D4 above=T3 pat=000 resclass=[ 3655, -7, -25585 ] xT=false
  D4 above=T3 pat=000 resclass=[ 3655, -7, -25585 ] xT=false
  D4 above=T2 pat=000 resclass=[ -2166969, 309567, -7 ] xT=false
  D4 above=T1 pat=000 resclass=[ -7920271695, -2166969, 3655 ] xT=false
  D4 above=T2 pat=000 resclass=[ -2166969, 309567, -7 ] xT=false
  D4 above=T1 pat=000 resclass=[ -7920271695, -2166969, 3655 ] xT=false
MEMBER stv 3/2 2/3 1 shape=[ 1, 1, 2, 2 ] tors=[ 4, 4 ] order4=12 norm111=0 xTpass=0
  D4 above=T2 pat=000 resclass=[ -73645, 14729, -5 ] xT=false
  D4 above=T2 pat=000 resclass=[ -73645, 14729, -5 ] xT=false
  D4 above=T3 pat=000 resclass=[ 629, -5, -3145 ] xT=false
  D4 above=T1 pat=000 resclass=[ -46322705, -73645, 629 ] xT=false
  D4 above=T3 pat=000 resclass=[ 629, -5, -3145 ] xT=false
  D4 above=T1 pat=000 resclass=[ -46322705, -73645, 629 ] xT=false
  D4 above=T2 pat=000 resclass=[ -73645, 14729, -5 ] xT=false
  D4 above=T2 pat=000 resclass=[ -73645, 14729, -5 ] xT=false
  D4 above=T3 pat=000 resclass=[ 629, -5, -3145 ] xT=false
  D4 above=T1 pat=000 resclass=[ -46322705, -73645, 629 ] xT=false
  D4 above=T3 pat=000 resclass=[ 629, -5, -3145 ] xT=false
  D4 above=T1 pat=000 resclass=[ -46322705, -73645, 629 ] xT=false
MEMBER stv 2 1/2 1/3 shape=[ 1, 1, 2, 2 ] tors=[ 4, 4 ] order4=12 norm111=0 xTpass=0
  D4 above=T1 pat=000 resclass=[ -1771, -805, 55 ] xT=false
  D4 above=T1 pat=000 resclass=[ -1771, -805, 55 ] xT=false
  D4 above=T3 pat=000 resclass=[ 55, -3, -165 ] xT=false
  D4 above=T2 pat=000 resclass=[ -805, 2415, -3 ] xT=false
  D4 above=T3 pat=000 resclass=[ 55, -3, -165 ] xT=false
  D4 above=T2 pat=000 resclass=[ -805, 2415, -3 ] xT=false
  D4 above=T1 pat=000 resclass=[ -1771, -805, 55 ] xT=false
  D4 above=T1 pat=000 resclass=[ -1771, -805, 55 ] xT=false
  D4 above=T3 pat=000 resclass=[ 55, -3, -165 ] xT=false
  D4 above=T2 pat=000 resclass=[ -805, 2415, -3 ] xT=false
  D4 above=T3 pat=000 resclass=[ 55, -3, -165 ] xT=false
  D4 above=T2 pat=000 resclass=[ -805, 2415, -3 ] xT=false
MEMBER stv 3 1/4 2 shape=[ 1, 1, 2, 2 ] tors=[ 4, 4 ] order4=12 norm111=0 xTpass=0
  D4 above=T2 pat=000 resclass=[ -697395, 46493, -15 ] xT=false
  D4 above=T2 pat=000 resclass=[ -697395, 46493, -15 ] xT=false
  D4 above=T3 pat=000 resclass=[ 231, -15, -385 ] xT=false
  D4 above=T1 pat=000 resclass=[ -17899805, -697395, 231 ] xT=false
  D4 above=T3 pat=000 resclass=[ 231, -15, -385 ] xT=false
  D4 above=T1 pat=000 resclass=[ -17899805, -697395, 231 ] xT=false
  D4 above=T2 pat=000 resclass=[ -697395, 46493, -15 ] xT=false
  D4 above=T2 pat=000 resclass=[ -697395, 46493, -15 ] xT=false
  D4 above=T3 pat=000 resclass=[ 231, -15, -385 ] xT=false
  D4 above=T1 pat=000 resclass=[ -17899805, -697395, 231 ] xT=false
  D4 above=T3 pat=000 resclass=[ 231, -15, -385 ] xT=false
  D4 above=T1 pat=000 resclass=[ -17899805, -697395, 231 ] xT=false
MEMBER stv 3 4 3/4 shape=[ 1, 1, 2, 2 ] tors=[ 4, 4 ] order4=12 norm111=0 xTpass=0
  D4 above=T2 pat=000 resclass=[ -106795, -64077, 15 ] xT=false
  D4 above=T2 pat=000 resclass=[ -106795, -64077, 15 ] xT=false
  D4 above=T3 pat=000 resclass=[ -6, 15, -10 ] xT=false
  D4 above=T1 pat=000 resclass=[ 640770, -106795, -6 ] xT=false
  D4 above=T3 pat=000 resclass=[ -6, 15, -10 ] xT=false
  D4 above=T1 pat=000 resclass=[ 640770, -106795, -6 ] xT=false
  D4 above=T2 pat=000 resclass=[ -106795, -64077, 15 ] xT=false
  D4 above=T2 pat=000 resclass=[ -106795, -64077, 15 ] xT=false
  D4 above=T3 pat=000 resclass=[ -6, 15, -10 ] xT=false
  D4 above=T1 pat=000 resclass=[ 640770, -106795, -6 ] xT=false
  D4 above=T3 pat=000 resclass=[ -6, 15, -10 ] xT=false
  D4 above=T1 pat=000 resclass=[ 640770, -106795, -6 ] xT=false
MEMBER stv 4 3 1/4 shape=[ 1, 1, 2, 2 ] tors=[ 4, 4 ] order4=12 norm111=0 xTpass=0
  D4 above=T3 pat=000 resclass=[ -3, 2, -6 ] xT=false
  D4 above=T3 pat=000 resclass=[ -3, 2, -6 ] xT=false
  D4 above=T2 pat=000 resclass=[ -130, -65, 2 ] xT=false
  D4 above=T1 pat=000 resclass=[ 390, -130, -3 ] xT=false
  D4 above=T2 pat=000 resclass=[ -130, -65, 2 ] xT=false
  D4 above=T1 pat=000 resclass=[ 390, -130, -3 ] xT=false
  D4 above=T3 pat=000 resclass=[ -3, 2, -6 ] xT=false
  D4 above=T3 pat=000 resclass=[ -3, 2, -6 ] xT=false
  D4 above=T2 pat=000 resclass=[ -130, -65, 2 ] xT=false
  D4 above=T1 pat=000 resclass=[ 390, -130, -3 ] xT=false
  D4 above=T2 pat=000 resclass=[ -130, -65, 2 ] xT=false
  D4 above=T1 pat=000 resclass=[ 390, -130, -3 ] xT=false
MEMBER stv 3/10 2/3 -1/5 shape=[ 1, 1, 2, 2 ] tors=[ 4, 4 ] order4=12 norm111=0 xTpass=0
  D4 above=T2 pat=000 resclass=[ 18545561, -92727805, -5 ] xT=false
  D4 above=T2 pat=000 resclass=[ 18545561, -92727805, -5 ] xT=false
  D4 above=T3 pat=000 resclass=[ -1771, -5, 8855 ] xT=false
  D4 above=T1 pat=000 resclass=[ -32844188531, 18545561, -1771 ] xT=false
  D4 above=T3 pat=000 resclass=[ -1771, -5, 8855 ] xT=false
  D4 above=T1 pat=000 resclass=[ -32844188531, 18545561, -1771 ] xT=false
  D4 above=T2 pat=000 resclass=[ 18545561, -92727805, -5 ] xT=false
  D4 above=T2 pat=000 resclass=[ 18545561, -92727805, -5 ] xT=false
  D4 above=T3 pat=000 resclass=[ -1771, -5, 8855 ] xT=false
  D4 above=T1 pat=000 resclass=[ -32844188531, 18545561, -1771 ] xT=false
  D4 above=T3 pat=000 resclass=[ -1771, -5, 8855 ] xT=false
  D4 above=T1 pat=000 resclass=[ -32844188531, 18545561, -1771 ] xT=false
MEMBER stv 1 8/7 8/11 shape=[ 1, 1, 2, 2 ] tors=[ 4, 4 ] order4=12 norm111=0 xTpass=0
  D4 above=T3 pat=000 resclass=[ 34, 15, 510 ] xT=false
  D4 above=T3 pat=000 resclass=[ 34, 15, 510 ] xT=false
  D4 above=T2 pat=000 resclass=[ 1965930, 131062, 15 ] xT=false
  D4 above=T1 pat=000 resclass=[ 16710405, 1965930, 34 ] xT=false
  D4 above=T2 pat=000 resclass=[ 1965930, 131062, 15 ] xT=false
  D4 above=T1 pat=000 resclass=[ 16710405, 1965930, 34 ] xT=false
  D4 above=T3 pat=000 resclass=[ 34, 15, 510 ] xT=false
  D4 above=T3 pat=000 resclass=[ 34, 15, 510 ] xT=false
  D4 above=T2 pat=000 resclass=[ 1965930, 131062, 15 ] xT=false
  D4 above=T1 pat=000 resclass=[ 16710405, 1965930, 34 ] xT=false
  D4 above=T2 pat=000 resclass=[ 1965930, 131062, 15 ] xT=false
  D4 above=T1 pat=000 resclass=[ 16710405, 1965930, 34 ] xT=false
MEMBER stv 2 2/15 4 shape=[ 1, 1, 2, 2 ] tors=[ 4, 4 ] order4=12 norm111=0 xTpass=0
  D4 above=T2 pat=000 resclass=[ -11234093, 50833, -221 ] xT=false
  D4 above=T2 pat=000 resclass=[ -11234093, 50833, -221 ] xT=false
  D4 above=T3 pat=000 resclass=[ 153659, -221, -33958639 ] xT=false
  D4 above=T1 pat=000 resclass=[ -1726219496287, -11234093, 153659 ] xT=false
  D4 above=T3 pat=000 resclass=[ 153659, -221, -33958639 ] xT=false
  D4 above=T1 pat=000 resclass=[ -1726219496287, -11234093, 153659 ] xT=false
  D4 above=T2 pat=000 resclass=[ -11234093, 50833, -221 ] xT=false
  D4 above=T2 pat=000 resclass=[ -11234093, 50833, -221 ] xT=false
  D4 above=T3 pat=000 resclass=[ 153659, -221, -33958639 ] xT=false
  D4 above=T1 pat=000 resclass=[ -1726219496287, -11234093, 153659 ] xT=false
  D4 above=T3 pat=000 resclass=[ 153659, -221, -33958639 ] xT=false
  D4 above=T1 pat=000 resclass=[ -1726219496287, -11234093, 153659 ] xT=false
PART_DONE part=141
