MEMBER stv 1/4 3/4 1 shape=[ 1, 1, 2, 2 ] tors=[ 4, 4 ] order4=12 norm111=0 xTpass=0
  D4 above=T2 pat=000 resclass=[ -39865, 5695, -7 ] xT=false
  D4 above=T2 pat=000 resclass=[ -39865, 5695, -7 ] xT=false
  D4 above=T3 pat=000 resclass=[ -33, -7, 231 ] xT=false
  D4 above=T1 pat=000 resclass=[ 1315545, -39865, -33 ] xT=false
  D4 above=T3 pat=000 resclass=[ -33, -7, 231 ] xT=false
  D4 above=T1 pat=000 resclass=[ 1315545, -39865, -33 ] xT=false
  D4 above=T2 pat=000 resclass=[ -39865, 5695, -7 ] xT=false
  D4 above=T2 pat=000 resclass=[ -39865, 5695, -7 ] xT=false
  D4 above=T3 pat=000 resclass=[ -33, -7, 231 ] xT=false
  D4 above=T1 pat=000 resclass=[ 1315545, -39865, -33 ] xT=false
  D4 above=T3 pat=000 resclass=[ -33, -7, 231 ] xT=false
  D4 above=T1 pat=000 resclass=[ 1315545, -39865, -33 ] xT=false
MEMBER stv 1/3 2/3 1/3 shape=[ 1, 1, 2, 2 ] tors=[ 4, 4 ] order4=12 norm111=0 xTpass=0
  D4 above=T2 pat=000 resclass=[ -1785, 357, -5 ] xT=false
  D4 above=T2 pat=000 resclass=[ -1785, 357, -5 ] xT=false
  D4 above=T3 pat=000 resclass=[ -1, -5, 5 ] xT=false
  D4 above=T1 pat=000 resclass=[ 1785, -1785, -1 ] xT=false
  D4 above=T3 pat=000 resclass=[ -1, -5, 5 ] xT=false
  D4 above=T1 pat=000 resclass=[ 1785, -1785, -1 ] xT=false
  D4 above=T2 pat=000 resclass=[ -1785, 357, -5 ] xT=false
  D4 above=T2 pat=000 resclass=[ -1785, 357, -5 ] xT=false
  D4 above=T3 pat=000 resclass=[ -1, -5, 5 ] xT=false
  D4 above=T1 pat=000 resclass=[ 1785, -1785, -1 ] xT=false
  D4 above=T3 pat=000 resclass=[ -1, -5, 5 ] xT=false
  D4 above=T1 pat=000 resclass=[ 1785, -1785, -1 ] xT=false
MEMBER stv 1/2 1/3 2 shape=[ 1, 1, 2, 2 ] tors=[ 4, 4 ] order4=12 norm111=0 xTpass=0
  D4 above=T3 pat=000 resclass=[ -7, -2, 14 ] xT=false
  D4 above=T3 pat=000 resclass=[ -7, -2, 14 ] xT=false
  D4 above=T2 pat=000 resclass=[ -33, 66, -2 ] xT=false
  D4 above=T1 pat=000 resclass=[ 231, -33, -7 ] xT=false
  D4 above=T2 pat=000 resclass=[ -33, 66, -2 ] xT=false
  D4 above=T1 pat=000 resclass=[ 231, -33, -7 ] xT=false
  D4 above=T3 pat=000 resclass=[ -7, -2, 14 ] xT=false
  D4 above=T3 pat=000 resclass=[ -7, -2, 14 ] xT=false
  D4 above=T2 pat=000 resclass=[ -33, 66, -2 ] xT=false
  D4 above=T1 pat=000 resclass=[ 231, -33, -7 ] xT=false
  D4 above=T2 pat=000 resclass=[ -33, 66, -2 ] xT=false
  D4 above=T1 pat=000 resclass=[ 231, -33, -7 ] xT=false
MEMBER stv 2/3 1/4 3/4 shape=[ 1, 1, 2, 2 ] tors=[ 4, 4 ] order4=12 norm111=0 xTpass=0
  D4 above=T1 pat=000 resclass=[ 21176155, -21155, -1001 ] xT=false
  D4 above=T1 pat=000 resclass=[ 21176155, -21155, -1001 ] xT=false
  D4 above=T2 pat=000 resclass=[ -21155, 12693, -15 ] xT=false
  D4 above=T3 pat=000 resclass=[ -1001, -15, 15015 ] xT=false
  D4 above=T2 pat=000 resclass=[ -21155, 12693, -15 ] xT=false
  D4 above=T3 pat=000 resclass=[ -1001, -15, 15015 ] xT=false
  D4 above=T1 pat=000 resclass=[ 21176155, -21155, -1001 ] xT=false
  D4 above=T1 pat=000 resclass=[ 21176155, -21155, -1001 ] xT=false
  D4 above=T2 pat=000 resclass=[ -21155, 12693, -15 ] xT=false
  D4 above=T3 pat=000 resclass=[ -1001, -15, 15015 ] xT=false
  D4 above=T2 pat=000 resclass=[ -21155, 12693, -15 ] xT=false
  D4 above=T3 pat=000 resclass=[ -1001, -15, 15015 ] xT=false
MEMBER stv 2/3 4 1/4 shape=[ 1, 1, 2, 2 ] tors=[ 4, 4 ] order4=12 norm111=0 xTpass=0
  D4 above=T1 pat=000 resclass=[ 1606695, -795, -2021 ] xT=false
  D4 above=T1 pat=000 resclass=[ 1606695, -795, -2021 ] xT=false
  D4 above=T3 pat=000 resclass=[ -2021, 15, -30315 ] xT=false
  D4 above=T2 pat=000 resclass=[ -795, -53, 15 ] xT=false
  D4 above=T3 pat=000 resclass=[ -2021, 15, -30315 ] xT=false
  D4 above=T2 pat=000 resclass=[ -795, -53, 15 ] xT=false
  D4 above=T1 pat=000 resclass=[ 1606695, -795, -2021 ] xT=false
  D4 above=T1 pat=000 resclass=[ 1606695, -795, -2021 ] xT=false
  D4 above=T3 pat=000 resclass=[ -2021, 15, -30315 ] xT=false
  D4 above=T2 pat=000 resclass=[ -795, -53, 15 ] xT=false
  D4 above=T3 pat=000 resclass=[ -2021, 15, -30315 ] xT=false
  D4 above=T2 pat=000 resclass=[ -795, -53, 15 ] xT=false
MEMBER stv 3/4 2 3/2 shape=[ 1, 1, 2, 2 ] tors=[ 4, 4 ] order4=12 norm111=0 xTpass=0
  D4 above=T1 pat=000 resclass=[ 915090, -61006, -15 ] xT=false
  D4 above=T1 pat=000 resclass=[ 915090, -61006, -15 ] xT=false
  D4 above=T2 pat=000 resclass=[ -61006, -183018, 3 ] xT=false
  D4 above=T3 pat=000 resclass=[ -15, 3, -5 ] xT=false
  D4 above=T2 pat=000 resclass=[ -61006, -183018, 3 ] xT=false
  D4 above=T3 pat=000 resclass=[ -15, 3, -5 ] xT=false
  D4 above=T1 pat=000 resclass=[ 915090, -61006, -15 ] xT=false
  D4 above=T1 pat=000 resclass=[ 915090, -61006, -15 ] xT=false
  D4 above=T2 pat=000 resclass=[ -61006, -183018, 3 ] xT=false
  D4 above=T3 pat=000 resclass=[ -15, 3, -5 ] xT=false
  D4 above=T2 pat=000 resclass=[ -61006, -183018, 3 ] xT=false
  D4 above=T3 pat=000 resclass=[ -15, 3, -5 ] xT=false
MEMBER stv 1 3/2 2/3 shape=[ 1, 1, 2, 2 ] tors=[ 4, 4 ] order4=12 norm111=0 xTpass=0
  D4 above=T3 pat=000 resclass=[ -1, 5, -5 ] xT=false
  D4 above=T3 pat=000 resclass=[ -1, 5, -5 ] xT=false
  D4 above=T1 pat=000 resclass=[ 15, -15, -1 ] xT=false
  D4 above=T2 pat=000 resclass=[ -15, -3, 5 ] xT=false
  D4 above=T1 pat=000 resclass=[ 15, -15, -1 ] xT=false
  D4 above=T2 pat=000 resclass=[ -15, -3, 5 ] xT=false
  D4 above=T3 pat=000 resclass=[ -1, 5, -5 ] xT=false
  D4 above=T3 pat=000 resclass=[ -1, 5, -5 ] xT=false
  D4 above=T1 pat=000 resclass=[ 15, -15, -1 ] xT=false
  D4 above=T2 pat=000 resclass=[ -15, -3, 5 ] xT=false
  D4 above=T1 pat=000 resclass=[ 15, -15, -1 ] xT=false
  D4 above=T2 pat=000 resclass=[ -15, -3, 5 ] xT=false
MEMBER stv 4/3 3/4 4 shape=[ 1, 1, 2, 2 ] tors=[ 4, 4 ] order4=12 norm111=0 xTpass=0
  D4 above=T1 pat=000 resclass=[ -57898855, -15841, 3655 ] xT=false
  D4 above=T1 pat=000 resclass=[ -57898855, -15841, 3655 ] xT=false
  D4 above=T2 pat=000 resclass=[ -15841, 2263, -7 ] xT=false
  D4 above=T3 pat=000 resclass=[ 3655, -7, -25585 ] xT=false
  D4 above=T2 pat=000 resclass=[ -15841, 2263, -7 ] xT=false
  D4 above=T3 pat=000 resclass=[ 3655, -7, -25585 ] xT=false
  D4 above=T1 pat=000 resclass=[ -57898855, -15841, 3655 ] xT=false
  D4 above=T1 pat=000 resclass=[ -57898855, -15841, 3655 ] xT=false
  D4 above=T2 pat=000 resclass=[ -15841, 2263, -7 ] xT=false
  D4 above=T3 pat=000 resclass=[ 3655, -7, -25585 ] xT=false
  D4 above=T2 pat=000 resclass=[ -15841, 2263, -7 ] xT=false
  D4 above=T3 pat=000 resclass=[ 3655, -7, -25585 ] xT=false
MEMBER stv 3/2 2/3 4/3 shape=[ 1, 1, 2, 2 ] tors=[ 4, 4 ] order4=12 norm111=0 xTpass=0
  D4 above=T1 pat=000 resclass=[ -827135, -1315, 629 ] xT=false
  D4 above=T1 pat=000 resclass=[ -827135, -1315, 629 ] xT=false
  D4 above=T2 pat=000 resclass=[ -1315, 263, -5 ] xT=false
  D4 above=T3 pat=000 resclass=[ 629, -5, -3145 ] xT=false
  D4 above=T2 pat=000 resclass=[ -1315, 263, -5 ] xT=false
  D4 above=T3 pat=000 resclass=[ 629, -5, -3145 ] xT=false
  D4 above=T1 pat=000 resclass=[ -827135, -1315, 629 ] xT=false
  D4 above=T1 pat=000 resclass=[ -827135, -1315, 629 ] xT=false
  D4 above=T2 pat=000 resclass=[ -1315, 263, -5 ] xT=false
  D4 above=T3 pat=000 resclass=[ 629, -5, -3145 ] xT=false
  D4 above=T2 pat=000 resclass=[ -1315, 263, -5 ] xT=false
  D4 above=T3 pat=000 resclass=[ 629, -5, -3145 ] xT=false
MEMBER stv 2 1/2 1/2 shape=[ 1, 1, 2, 2 ] tors=[ 4, 4 ] order4=12 norm111=0 xTpass=0
  D4 above=T3 pat=000 resclass=[ 55, -3, -165 ] xT=false
  D4 above=T3 pat=000 resclass=[ 55, -3, -165 ] xT=false
  D4 above=T1 pat=000 resclass=[ -5, -11, 55 ] xT=false
  D4 above=T2 pat=000 resclass=[ -11, 33, -3 ] xT=false
  D4 above=T1 pat=000 resclass=[ -5, -11, 55 ] xT=false
  D4 above=T2 pat=000 resclass=[ -11, 33, -3 ] xT=false
  D4 above=T3 pat=000 resclass=[ 55, -3, -165 ] xT=false
  D4 above=T3 pat=000 resclass=[ 55, -3, -165 ] xT=false
  D4 above=T1 pat=000 resclass=[ -5, -11, 55 ] xT=false
  D4 above=T2 pat=000 resclass=[ -11, 33, -3 ] xT=false
  D4 above=T1 pat=000 resclass=[ -5, -11, 55 ] xT=false
  D4 above=T2 pat=000 resclass=[ -11, 33, -3 ] xT=false
MEMBER stv 3 1/4 3 shape=[ 1, 1, 2, 2 ] tors=[ 4, 4 ] order4=12 norm111=0 xTpass=0
  D4 above=T2 pat=000 resclass=[ -252455, 151473, -15 ] xT=false
  D4 above=T2 pat=000 resclass=[ -252455, 151473, -15 ] xT=false
  D4 above=T1 pat=000 resclass=[ -1190145, -252455, 231 ] xT=false
  D4 above=T3 pat=000 resclass=[ 231, -15, -385 ] xT=false
  D4 above=T1 pat=000 resclass=[ -1190145, -252455, 231 ] xT=false
  D4 above=T3 pat=000 resclass=[ 231, -15, -385 ] xT=false
  D4 above=T2 pat=000 resclass=[ -252455, 151473, -15 ] xT=false
  D4 above=T2 pat=000 resclass=[ -252455, 151473, -15 ] xT=false
  D4 above=T1 pat=000 resclass=[ -1190145, -252455, 231 ] xT=false
  D4 above=T3 pat=000 resclass=[ 231, -15, -385 ] xT=false
  D4 above=T1 pat=000 resclass=[ -1190145, -252455, 231 ] xT=false
  D4 above=T3 pat=000 resclass=[ 231, -15, -385 ] xT=false
MEMBER stv 3 4 1 shape=[ 1, 1, 2, 2 ] tors=[ 4, 4 ] order4=12 norm111=0 xTpass=0
  D4 above=T2 pat=000 resclass=[ -345, -23, 15 ] xT=false
  D4 above=T2 pat=000 resclass=[ -345, -23, 15 ] xT=false
  D4 above=T1 pat=000 resclass=[ 230, -345, -6 ] xT=false
  D4 above=T3 pat=000 resclass=[ -6, 15, -10 ] xT=false
  D4 above=T1 pat=000 resclass=[ 230, -345, -6 ] xT=false
  D4 above=T3 pat=000 resclass=[ -6, 15, -10 ] xT=false
  D4 above=T2 pat=000 resclass=[ -345, -23, 15 ] xT=false
  D4 above=T2 pat=000 resclass=[ -345, -23, 15 ] xT=false
  D4 above=T1 pat=000 resclass=[ 230, -345, -6 ] xT=false
  D4 above=T3 pat=000 resclass=[ -6, 15, -10 ] xT=false
  D4 above=T1 pat=000 resclass=[ 230, -345, -6 ] xT=false
  D4 above=T3 pat=000 resclass=[ -6, 15, -10 ] xT=false
MEMBER stv 4 3 1/3 shape=[ 1, 1, 2, 2 ] tors=[ 4, 4 ] order4=12 norm111=0 xTpass=0
  D4 above=T1 pat=000 resclass=[ 2014, -6042, -3 ] xT=false
  D4 above=T1 pat=000 resclass=[ 2014, -6042, -3 ] xT=false
  D4 above=T2 pat=000 resclass=[ -6042, -3021, 2 ] xT=false
  D4 above=T3 pat=000 resclass=[ -3, 2, -6 ] xT=false
  D4 above=T2 pat=000 resclass=[ -6042, -3021, 2 ] xT=false
  D4 above=T3 pat=000 resclass=[ -3, 2, -6 ] xT=false
  D4 above=T1 pat=000 resclass=[ 2014, -6042, -3 ] xT=false
  D4 above=T1 pat=000 resclass=[ 2014, -6042, -3 ] xT=false
  D4 above=T2 pat=000 resclass=[ -6042, -3021, 2 ] xT=false
  D4 above=T3 pat=000 resclass=[ -3, 2, -6 ] xT=false
  D4 above=T2 pat=000 resclass=[ -6042, -3021, 2 ] xT=false
  D4 above=T3 pat=000 resclass=[ -3, 2, -6 ] xT=false
MEMBER stv 4/5 1/19 2 shape=[ 1, 1, 2, 2 ] tors=[ 4, 4 ] order4=12 norm111=0 xTpass=0
  D4 above=T1 pat=000 resclass=[ 17019765253495, -235799405, -72179 ] xT=false
  D4 above=T1 pat=000 resclass=[ 17019765253495, -235799405, -72179 ] xT=false
  D4 above=T2 pat=000 resclass=[ -235799405, 94319762, -10 ] xT=false
  D4 above=T3 pat=000 resclass=[ -72179, -10, 721790 ] xT=false
  D4 above=T2 pat=000 resclass=[ -235799405, 94319762, -10 ] xT=false
  D4 above=T3 pat=000 resclass=[ -72179, -10, 721790 ] xT=false
  D4 above=T1 pat=000 resclass=[ 17019765253495, -235799405, -72179 ] xT=false
  D4 above=T1 pat=000 resclass=[ 17019765253495, -235799405, -72179 ] xT=false
  D4 above=T2 pat=000 resclass=[ -235799405, 94319762, -10 ] xT=false
  D4 above=T3 pat=000 resclass=[ -72179, -10, 721790 ] xT=false
  D4 above=T2 pat=000 resclass=[ -235799405, 94319762, -10 ] xT=false
  D4 above=T3 pat=000 resclass=[ -72179, -10, 721790 ] xT=false
MEMBER stv 2/13 8/3 -17/5 shape=[ 1, 1, 2, 2 ] tors=[ 4, 4 ] order4=12 norm111=0 xTpass=0
  D4 above=T3 pat=000 resclass=[ -510901, 55, -28099555 ] xT=false
  D4 above=T3 pat=000 resclass=[ -510901, 55, -28099555 ] xT=false
  D4 above=T1 pat=000 resclass=[ 2613811339527927, -1478547658203, -510901 ] xT=false
  D4 above=T2 pat=000 resclass=[ -1478547658203, -672067117365, 55 ] xT=false
  D4 above=T1 pat=000 resclass=[ 2613811339527927, -1478547658203, -510901 ] xT=false
  D4 above=T2 pat=000 resclass=[ -1478547658203, -672067117365, 55 ] xT=false
  D4 above=T3 pat=000 resclass=[ -510901, 55, -28099555 ] xT=false
  D4 above=T3 pat=000 resclass=[ -510901, 55, -28099555 ] xT=false
  D4 above=T1 pat=000 resclass=[ 2613811339527927, -1478547658203, -510901 ] xT=false
  D4 above=T2 pat=000 resclass=[ -1478547658203, -672067117365, 55 ] xT=false
  D4 above=T1 pat=000 resclass=[ 2613811339527927, -1478547658203, -510901 ] xT=false
  D4 above=T2 pat=000 resclass=[ -1478547658203, -672067117365, 55 ] xT=false
MEMBER stv 16/17 19/8 3/13 shape=[ 1, 1, 2, 2 ] tors=[ 4, 4 ] order4=12 norm111=0 xTpass=0
  D4 above=T1 pat=000 resclass=[ 1883429718872062361, -1926283753537, -977753 ] xT=false
  D4 above=T1 pat=000 resclass=[ 1883429718872062361, -1926283753537, -977753 ] xT=false
  D4 above=T3 pat=000 resclass=[ -977753, 33, -32265849 ] xT=false
  D4 above=T2 pat=000 resclass=[ -1926283753537, -525350114601, 33 ] xT=false
  D4 above=T3 pat=000 resclass=[ -977753, 33, -32265849 ] xT=false
  D4 above=T2 pat=000 resclass=[ -1926283753537, -525350114601, 33 ] xT=false
  D4 above=T1 pat=000 resclass=[ 1883429718872062361, -1926283753537, -977753 ] xT=false
  D4 above=T1 pat=000 resclass=[ 1883429718872062361, -1926283753537, -977753 ] xT=false
  D4 above=T3 pat=000 resclass=[ -977753, 33, -32265849 ] xT=false
  D4 above=T2 pat=000 resclass=[ -1926283753537, -525350114601, 33 ] xT=false
  D4 above=T3 pat=000 resclass=[ -977753, 33, -32265849 ] xT=false
  D4 above=T2 pat=000 resclass=[ -1926283753537, -525350114601, 33 ] xT=false
PART_DONE part=143
