MEMBER stv 1/4 3/4 -1 shape=[ 1, 1, 2, 2 ] tors=[ 4, 4 ] order4=12 norm111=0 xTpass=0
  D4 above=T1 pat=000 resclass=[ -68145, 2065, -33 ] xT=false
  D4 above=T1 pat=000 resclass=[ -68145, 2065, -33 ] xT=false
  D4 above=T3 pat=000 resclass=[ -33, -7, 231 ] xT=false
  D4 above=T2 pat=000 resclass=[ 2065, -295, -7 ] xT=false
  D4 above=T3 pat=000 resclass=[ -33, -7, 231 ] xT=false
  D4 above=T2 pat=000 resclass=[ 2065, -295, -7 ] xT=false
  D4 above=T1 pat=000 resclass=[ -68145, 2065, -33 ] xT=false
  D4 above=T1 pat=000 resclass=[ -68145, 2065, -33 ] xT=false
  D4 above=T3 pat=000 resclass=[ -33, -7, 231 ] xT=false
  D4 above=T2 pat=000 resclass=[ 2065, -295, -7 ] xT=false
  D4 above=T3 pat=000 resclass=[ -33, -7, 231 ] xT=false
  D4 above=T2 pat=000 resclass=[ 2065, -295, -7 ] xT=false
MEMBER stv 1/3 2/3 -1/3 shape=[ 1, 1, 2, 2 ] tors=[ 4, 4 ] order4=12 norm111=0 xTpass=0
  D4 above=T2 pat=000 resclass=[ 20865, -4173, -5 ] xT=false
  D4 above=T2 pat=000 resclass=[ 20865, -4173, -5 ] xT=false
  D4 above=T1 pat=000 resclass=[ -20865, 20865, -1 ] xT=false
  D4 above=T3 pat=000 resclass=[ -1, -5, 5 ] xT=false
  D4 above=T1 pat=000 resclass=[ -20865, 20865, -1 ] xT=false
  D4 above=T3 pat=000 resclass=[ -1, -5, 5 ] xT=false
  D4 above=T2 pat=000 resclass=[ 20865, -4173, -5 ] xT=false
  D4 above=T2 pat=000 resclass=[ 20865, -4173, -5 ] xT=false
  D4 above=T1 pat=000 resclass=[ -20865, 20865, -1 ] xT=false
  D4 above=T3 pat=000 resclass=[ -1, -5, 5 ] xT=false
  D4 above=T1 pat=000 resclass=[ -20865, 20865, -1 ] xT=false
  D4 above=T3 pat=000 resclass=[ -1, -5, 5 ] xT=false
MEMBER stv 1/2 1/3 -2 shape=[ 1, 1, 2, 2 ] tors=[ 4, 4 ] order4=12 norm111=0 xTpass=0
  D4 above=T1 pat=010 resclass=[ -7, 1, -7 ] xT=false
  D4 above=T1 pat=010 resclass=[ -7, 1, -7 ] xT=false
  D4 above=T2 pat=100 resclass=[ 1, -2, -2 ] xT=false
  D4 above=T3 pat=000 resclass=[ -7, -2, 14 ] xT=false
  D4 above=T2 pat=100 resclass=[ 1, -2, -2 ] xT=false
  D4 above=T3 pat=000 resclass=[ -7, -2, 14 ] xT=false
  D4 above=T1 pat=010 resclass=[ -7, 1, -7 ] xT=false
  D4 above=T1 pat=010 resclass=[ -7, 1, -7 ] xT=false
  D4 above=T2 pat=100 resclass=[ 1, -2, -2 ] xT=false
  D4 above=T3 pat=000 resclass=[ -7, -2, 14 ] xT=false
  D4 above=T2 pat=100 resclass=[ 1, -2, -2 ] xT=false
  D4 above=T3 pat=000 resclass=[ -7, -2, 14 ] xT=false
MEMBER stv 2/3 1/4 -3/4 shape=[ 1, 1, 2, 2 ] tors=[ 4, 4 ] order4=12 norm111=0 xTpass=0
  D4 above=T2 pat=000 resclass=[ 19130, -11478, -15 ] xT=false
  D4 above=T2 pat=000 resclass=[ 19130, -11478, -15 ] xT=false
  D4 above=T3 pat=000 resclass=[ -1001, -15, 15015 ] xT=false
  D4 above=T1 pat=000 resclass=[ -19149130, 19130, -1001 ] xT=false
  D4 above=T3 pat=000 resclass=[ -1001, -15, 15015 ] xT=false
  D4 above=T1 pat=000 resclass=[ -19149130, 19130, -1001 ] xT=false
  D4 above=T2 pat=000 resclass=[ 19130, -11478, -15 ] xT=false
  D4 above=T2 pat=000 resclass=[ 19130, -11478, -15 ] xT=false
  D4 above=T3 pat=000 resclass=[ -1001, -15, 15015 ] xT=false
  D4 above=T1 pat=000 resclass=[ -19149130, 19130, -1001 ] xT=false
  D4 above=T3 pat=000 resclass=[ -1001, -15, 15015 ] xT=false
  D4 above=T1 pat=000 resclass=[ -19149130, 19130, -1001 ] xT=false
MEMBER stv 2/3 4 -1/4 shape=[ 1, 1, 2, 2 ] tors=[ 4, 4 ] order4=12 norm111=0 xTpass=0
  D4 above=T2 pat=000 resclass=[ -4110, -274, 15 ] xT=false
  D4 above=T2 pat=000 resclass=[ -4110, -274, 15 ] xT=false
  D4 above=T1 pat=000 resclass=[ 8306310, -4110, -2021 ] xT=false
  D4 above=T3 pat=000 resclass=[ -2021, 15, -30315 ] xT=false
  D4 above=T1 pat=000 resclass=[ 8306310, -4110, -2021 ] xT=false
  D4 above=T3 pat=000 resclass=[ -2021, 15, -30315 ] xT=false
  D4 above=T2 pat=000 resclass=[ -4110, -274, 15 ] xT=false
  D4 above=T2 pat=000 resclass=[ -4110, -274, 15 ] xT=false
  D4 above=T1 pat=000 resclass=[ 8306310, -4110, -2021 ] xT=false
  D4 above=T3 pat=000 resclass=[ -2021, 15, -30315 ] xT=false
  D4 above=T1 pat=000 resclass=[ 8306310, -4110, -2021 ] xT=false
  D4 above=T3 pat=000 resclass=[ -2021, 15, -30315 ] xT=false
MEMBER stv 3/4 2 -3/2 shape=[ 1, 1, 2, 2 ] tors=[ 4, 4 ] order4=12 norm111=0 xTpass=0
  D4 above=T3 pat=000 resclass=[ -15, 3, -5 ] xT=false
  D4 above=T3 pat=000 resclass=[ -15, 3, -5 ] xT=false
  D4 above=T1 pat=000 resclass=[ 3486, -5810, -15 ] xT=false
  D4 above=T2 pat=000 resclass=[ -5810, -17430, 3 ] xT=false
  D4 above=T1 pat=000 resclass=[ 3486, -5810, -15 ] xT=false
  D4 above=T2 pat=000 resclass=[ -5810, -17430, 3 ] xT=false
  D4 above=T3 pat=000 resclass=[ -15, 3, -5 ] xT=false
  D4 above=T3 pat=000 resclass=[ -15, 3, -5 ] xT=false
  D4 above=T1 pat=000 resclass=[ 3486, -5810, -15 ] xT=false
  D4 above=T2 pat=000 resclass=[ -5810, -17430, 3 ] xT=false
  D4 above=T1 pat=000 resclass=[ 3486, -5810, -15 ] xT=false
  D4 above=T2 pat=000 resclass=[ -5810, -17430, 3 ] xT=false
MEMBER stv 1 3/2 -2/3 shape=[ 1, 1, 2, 2 ] tors=[ 4, 4 ] order4=12 norm111=0 xTpass=0
  D4 above=T1 pat=000 resclass=[ 795, -795, -1 ] xT=false
  D4 above=T1 pat=000 resclass=[ 795, -795, -1 ] xT=false
  D4 above=T3 pat=000 resclass=[ -1, 5, -5 ] xT=false
  D4 above=T2 pat=000 resclass=[ -795, -159, 5 ] xT=false
  D4 above=T3 pat=000 resclass=[ -1, 5, -5 ] xT=false
  D4 above=T2 pat=000 resclass=[ -795, -159, 5 ] xT=false
  D4 above=T1 pat=000 resclass=[ 795, -795, -1 ] xT=false
  D4 above=T1 pat=000 resclass=[ 795, -795, -1 ] xT=false
  D4 above=T3 pat=000 resclass=[ -1, 5, -5 ] xT=false
  D4 above=T2 pat=000 resclass=[ -795, -159, 5 ] xT=false
  D4 above=T3 pat=000 resclass=[ -1, 5, -5 ] xT=false
  D4 above=T2 pat=000 resclass=[ -795, -159, 5 ] xT=false
MEMBER stv 4/3 3/4 -4 shape=[ 1, 1, 2, 2 ] tors=[ 4, 4 ] order4=12 norm111=0 xTpass=0
  D4 above=T2 pat=000 resclass=[ 1573495, -224785, -7 ] xT=false
  D4 above=T2 pat=000 resclass=[ 1573495, -224785, -7 ] xT=false
  D4 above=T3 pat=000 resclass=[ 3655, -7, -25585 ] xT=false
  D4 above=T1 pat=000 resclass=[ 230044969, 1573495, 3655 ] xT=false
  D4 above=T3 pat=000 resclass=[ 3655, -7, -25585 ] xT=false
  D4 above=T1 pat=000 resclass=[ 230044969, 1573495, 3655 ] xT=false
  D4 above=T2 pat=000 resclass=[ 1573495, -224785, -7 ] xT=false
  D4 above=T2 pat=000 resclass=[ 1573495, -224785, -7 ] xT=false
  D4 above=T3 pat=000 resclass=[ 3655, -7, -25585 ] xT=false
  D4 above=T1 pat=000 resclass=[ 230044969, 1573495, 3655 ] xT=false
  D4 above=T3 pat=000 resclass=[ 3655, -7, -25585 ] xT=false
  D4 above=T1 pat=000 resclass=[ 230044969, 1573495, 3655 ] xT=false
MEMBER stv 3/2 2/3 -4/3 shape=[ 1, 1, 2, 2 ] tors=[ 4, 4 ] order4=12 norm111=0 xTpass=0
  D4 above=T2 pat=000 resclass=[ 1415, -283, -5 ] xT=false
  D4 above=T2 pat=000 resclass=[ 1415, -283, -5 ] xT=false
  D4 above=T1 pat=000 resclass=[ 890035, 1415, 629 ] xT=false
  D4 above=T3 pat=000 resclass=[ 629, -5, -3145 ] xT=false
  D4 above=T1 pat=000 resclass=[ 890035, 1415, 629 ] xT=false
  D4 above=T3 pat=000 resclass=[ 629, -5, -3145 ] xT=false
  D4 above=T2 pat=000 resclass=[ 1415, -283, -5 ] xT=false
  D4 above=T2 pat=000 resclass=[ 1415, -283, -5 ] xT=false
  D4 above=T1 pat=000 resclass=[ 890035, 1415, 629 ] xT=false
  D4 above=T3 pat=000 resclass=[ 629, -5, -3145 ] xT=false
  D4 above=T1 pat=000 resclass=[ 890035, 1415, 629 ] xT=false
  D4 above=T3 pat=000 resclass=[ 629, -5, -3145 ] xT=false
MEMBER stv 2 1/2 -1/2 shape=[ 1, 1, 2, 2 ] tors=[ 4, 4 ] order4=12 norm111=0 xTpass=0
  D4 above=T2 pat=000 resclass=[ 105, -35, -3 ] xT=false
  D4 above=T2 pat=000 resclass=[ 105, -35, -3 ] xT=false
  D4 above=T3 pat=000 resclass=[ 55, -3, -165 ] xT=false
  D4 above=T1 pat=000 resclass=[ 231, 105, 55 ] xT=false
  D4 above=T3 pat=000 resclass=[ 55, -3, -165 ] xT=false
  D4 above=T1 pat=000 resclass=[ 231, 105, 55 ] xT=false
  D4 above=T2 pat=000 resclass=[ 105, -35, -3 ] xT=false
  D4 above=T2 pat=000 resclass=[ 105, -35, -3 ] xT=false
  D4 above=T3 pat=000 resclass=[ 55, -3, -165 ] xT=false
  D4 above=T1 pat=000 resclass=[ 231, 105, 55 ] xT=false
  D4 above=T3 pat=000 resclass=[ 55, -3, -165 ] xT=false
  D4 above=T1 pat=000 resclass=[ 231, 105, 55 ] xT=false
MEMBER stv 3 1/4 -3 shape=[ 1, 1, 2, 2 ] tors=[ 4, 4 ] order4=12 norm111=0 xTpass=0
  D4 above=T2 pat=000 resclass=[ 871130, -522678, -15 ] xT=false
  D4 above=T2 pat=000 resclass=[ 871130, -522678, -15 ] xT=false
  D4 above=T3 pat=000 resclass=[ 231, -15, -385 ] xT=false
  D4 above=T1 pat=000 resclass=[ 201231030, 871130, 231 ] xT=false
  D4 above=T3 pat=000 resclass=[ 231, -15, -385 ] xT=false
  D4 above=T1 pat=000 resclass=[ 201231030, 871130, 231 ] xT=false
  D4 above=T2 pat=000 resclass=[ 871130, -522678, -15 ] xT=false
  D4 above=T2 pat=000 resclass=[ 871130, -522678, -15 ] xT=false
  D4 above=T3 pat=000 resclass=[ 231, -15, -385 ] xT=false
  D4 above=T1 pat=000 resclass=[ 201231030, 871130, 231 ] xT=false
  D4 above=T3 pat=000 resclass=[ 231, -15, -385 ] xT=false
  D4 above=T1 pat=000 resclass=[ 201231030, 871130, 231 ] xT=false
MEMBER stv 3 4 -1 shape=[ 1, 1, 2, 2 ] tors=[ 4, 4 ] order4=12 norm111=0 xTpass=0
  D4 above=T1 pat=000 resclass=[ -290, 435, -6 ] xT=false
  D4 above=T1 pat=000 resclass=[ -290, 435, -6 ] xT=false
  D4 above=T3 pat=000 resclass=[ -6, 15, -10 ] xT=false
  D4 above=T2 pat=000 resclass=[ 435, 29, 15 ] xT=false
  D4 above=T3 pat=000 resclass=[ -6, 15, -10 ] xT=false
  D4 above=T2 pat=000 resclass=[ 435, 29, 15 ] xT=false
  D4 above=T1 pat=000 resclass=[ -290, 435, -6 ] xT=false
  D4 above=T1 pat=000 resclass=[ -290, 435, -6 ] xT=false
  D4 above=T3 pat=000 resclass=[ -6, 15, -10 ] xT=false
  D4 above=T2 pat=000 resclass=[ 435, 29, 15 ] xT=false
  D4 above=T3 pat=000 resclass=[ -6, 15, -10 ] xT=false
  D4 above=T2 pat=000 resclass=[ 435, 29, 15 ] xT=false
MEMBER stv 4 3 -1/3 shape=[ 1, 1, 2, 2 ] tors=[ 4, 4 ] order4=12 norm111=0 xTpass=0
  D4 above=T2 pat=000 resclass=[ 4602, 2301, 2 ] xT=false
  D4 above=T2 pat=000 resclass=[ 4602, 2301, 2 ] xT=false
  D4 above=T1 pat=000 resclass=[ -1534, 4602, -3 ] xT=false
  D4 above=T3 pat=000 resclass=[ -3, 2, -6 ] xT=false
  D4 above=T1 pat=000 resclass=[ -1534, 4602, -3 ] xT=false
  D4 above=T3 pat=000 resclass=[ -3, 2, -6 ] xT=false
  D4 above=T2 pat=000 resclass=[ 4602, 2301, 2 ] xT=false
  D4 above=T2 pat=000 resclass=[ 4602, 2301, 2 ] xT=false
  D4 above=T1 pat=000 resclass=[ -1534, 4602, -3 ] xT=false
  D4 above=T3 pat=000 resclass=[ -3, 2, -6 ] xT=false
  D4 above=T1 pat=000 resclass=[ -1534, 4602, -3 ] xT=false
  D4 above=T3 pat=000 resclass=[ -3, 2, -6 ] xT=false
MEMBER stv 18/5 1/14 11/20 shape=[ 1, 1, 2, 2 ] tors=[ 4, 4 ] order4=12 norm111=0 xTpass=0
  D4 above=T3 pat=000 resclass=[ 1277351, -195, -249083445 ] xT=false
  D4 above=T3 pat=000 resclass=[ 1277351, -195, -249083445 ] xT=false
  D4 above=T1 pat=000 resclass=[ -21737833049981053434, -17017901148534, 1277351 ] xT=false
  D4 above=T2 pat=000 resclass=[ -17017901148534, 2181782198530, -195 ] xT=false
  D4 above=T1 pat=000 resclass=[ -21737833049981053434, -17017901148534, 1277351 ] xT=false
  D4 above=T2 pat=000 resclass=[ -17017901148534, 2181782198530, -195 ] xT=false
  D4 above=T3 pat=000 resclass=[ 1277351, -195, -249083445 ] xT=false
  D4 above=T3 pat=000 resclass=[ 1277351, -195, -249083445 ] xT=false
  D4 above=T1 pat=000 resclass=[ -21737833049981053434, -17017901148534, 1277351 ] xT=false
  D4 above=T2 pat=000 resclass=[ -17017901148534, 2181782198530, -195 ] xT=false
  D4 above=T1 pat=000 resclass=[ -21737833049981053434, -17017901148534, 1277351 ] xT=false
  D4 above=T2 pat=000 resclass=[ -17017901148534, 2181782198530, -195 ] xT=false
MEMBER stv 9 20/9 11/17 shape=[ 1, 1, 2, 2 ] tors=[ 4, 4 ] order4=12 norm111=0 xTpass=0
  D4 above=T1 pat=000 resclass=[ 2035368442735, 127404742217, 26855 ] xT=false
  D4 above=T1 pat=000 resclass=[ 2035368442735, 127404742217, 26855 ] xT=false
  D4 above=T2 pat=000 resclass=[ 127404742217, 48325936703, 319 ] xT=false
  D4 above=T3 pat=000 resclass=[ 26855, 319, 8566745 ] xT=false
  D4 above=T2 pat=000 resclass=[ 127404742217, 48325936703, 319 ] xT=false
  D4 above=T3 pat=000 resclass=[ 26855, 319, 8566745 ] xT=false
  D4 above=T1 pat=000 resclass=[ 2035368442735, 127404742217, 26855 ] xT=false
  D4 above=T1 pat=000 resclass=[ 2035368442735, 127404742217, 26855 ] xT=false
  D4 above=T2 pat=000 resclass=[ 127404742217, 48325936703, 319 ] xT=false
  D4 above=T3 pat=000 resclass=[ 26855, 319, 8566745 ] xT=false
  D4 above=T2 pat=000 resclass=[ 127404742217, 48325936703, 319 ] xT=false
  D4 above=T3 pat=000 resclass=[ 26855, 319, 8566745 ] xT=false
MEMBER stv 5/4 5/3 17/13 shape=[ 1, 1, 2, 2 ] tors=[ 4, 4 ] order4=12 norm111=0 xTpass=0
  D4 above=T1 pat=000 resclass=[ 16666630569381, -8047624611, -2071 ] xT=false
  D4 above=T1 pat=000 resclass=[ 16666630569381, -8047624611, -2071 ] xT=false
  D4 above=T2 pat=001 resclass=[ -8047624611, -8047624611, 1 ] xT=false
  D4 above=T3 pat=010 resclass=[ -2071, 1, -2071 ] xT=false
  D4 above=T2 pat=001 resclass=[ -8047624611, -8047624611, 1 ] xT=false
  D4 above=T3 pat=010 resclass=[ -2071, 1, -2071 ] xT=false
  D4 above=T1 pat=000 resclass=[ 16666630569381, -8047624611, -2071 ] xT=false
  D4 above=T1 pat=000 resclass=[ 16666630569381, -8047624611, -2071 ] xT=false
  D4 above=T2 pat=001 resclass=[ -8047624611, -8047624611, 1 ] xT=false
  D4 above=T3 pat=010 resclass=[ -2071, 1, -2071 ] xT=false
  D4 above=T2 pat=001 resclass=[ -8047624611, -8047624611, 1 ] xT=false
  D4 above=T3 pat=010 resclass=[ -2071, 1, -2071 ] xT=false
PART_DONE part=144
