MEMBER stv 1/4 3/4 4/3 shape=[ 1, 1, 2, 2 ] tors=[ 4, 4 ] order4=12 norm111=0 xTpass=0
  D4 above=T2 pat=000 resclass=[ -73983, 10569, -7 ] xT=false
  D4 above=T2 pat=000 resclass=[ -73983, 10569, -7 ] xT=false
  D4 above=T1 pat=000 resclass=[ 271271, -73983, -33 ] xT=false
  D4 above=T3 pat=000 resclass=[ -33, -7, 231 ] xT=false
  D4 above=T1 pat=000 resclass=[ 271271, -73983, -33 ] xT=false
  D4 above=T3 pat=000 resclass=[ -33, -7, 231 ] xT=false
  D4 above=T2 pat=000 resclass=[ -73983, 10569, -7 ] xT=false
  D4 above=T2 pat=000 resclass=[ -73983, 10569, -7 ] xT=false
  D4 above=T1 pat=000 resclass=[ 271271, -73983, -33 ] xT=false
  D4 above=T3 pat=000 resclass=[ -33, -7, 231 ] xT=false
  D4 above=T1 pat=000 resclass=[ 271271, -73983, -33 ] xT=false
  D4 above=T3 pat=000 resclass=[ -33, -7, 231 ] xT=false
MEMBER stv 1/3 2/3 1/2 shape=[ 1, 1, 2, 2 ] tors=[ 4, 4 ] order4=12 norm111=0 xTpass=0
  D4 above=T2 pat=000 resclass=[ -36290, 7258, -5 ] xT=false
  D4 above=T2 pat=000 resclass=[ -36290, 7258, -5 ] xT=false
  D4 above=T1 pat=000 resclass=[ 36290, -36290, -1 ] xT=false
  D4 above=T3 pat=000 resclass=[ -1, -5, 5 ] xT=false
  D4 above=T1 pat=000 resclass=[ 36290, -36290, -1 ] xT=false
  D4 above=T3 pat=000 resclass=[ -1, -5, 5 ] xT=false
  D4 above=T2 pat=000 resclass=[ -36290, 7258, -5 ] xT=false
  D4 above=T2 pat=000 resclass=[ -36290, 7258, -5 ] xT=false
  D4 above=T1 pat=000 resclass=[ 36290, -36290, -1 ] xT=false
  D4 above=T3 pat=000 resclass=[ -1, -5, 5 ] xT=false
  D4 above=T1 pat=000 resclass=[ 36290, -36290, -1 ] xT=false
  D4 above=T3 pat=000 resclass=[ -1, -5, 5 ] xT=false
MEMBER stv 1/2 1/3 3 shape=[ 1, 1, 2, 2 ] tors=[ 4, 4 ] order4=12 norm111=0 xTpass=0
  D4 above=T2 pat=000 resclass=[ -3094, 1547, -2 ] xT=false
  D4 above=T2 pat=000 resclass=[ -3094, 1547, -2 ] xT=false
  D4 above=T1 pat=000 resclass=[ 442, -3094, -7 ] xT=false
  D4 above=T3 pat=000 resclass=[ -7, -2, 14 ] xT=false
  D4 above=T1 pat=000 resclass=[ 442, -3094, -7 ] xT=false
  D4 above=T3 pat=000 resclass=[ -7, -2, 14 ] xT=false
  D4 above=T2 pat=000 resclass=[ -3094, 1547, -2 ] xT=false
  D4 above=T2 pat=000 resclass=[ -3094, 1547, -2 ] xT=false
  D4 above=T1 pat=000 resclass=[ 442, -3094, -7 ] xT=false
  D4 above=T3 pat=000 resclass=[ -7, -2, 14 ] xT=false
  D4 above=T1 pat=000 resclass=[ 442, -3094, -7 ] xT=false
  D4 above=T3 pat=000 resclass=[ -7, -2, 14 ] xT=false
MEMBER stv 2/3 1/4 1 shape=[ 1, 1, 2, 2 ] tors=[ 4, 4 ] order4=12 norm111=0 xTpass=0
  D4 above=T1 pat=000 resclass=[ 3999765, -675285, -1001 ] xT=false
  D4 above=T1 pat=000 resclass=[ 3999765, -675285, -1001 ] xT=false
  D4 above=T3 pat=000 resclass=[ -1001, -15, 15015 ] xT=false
  D4 above=T2 pat=000 resclass=[ -675285, 45019, -15 ] xT=false
  D4 above=T3 pat=000 resclass=[ -1001, -15, 15015 ] xT=false
  D4 above=T2 pat=000 resclass=[ -675285, 45019, -15 ] xT=false
  D4 above=T1 pat=000 resclass=[ 3999765, -675285, -1001 ] xT=false
  D4 above=T1 pat=000 resclass=[ 3999765, -675285, -1001 ] xT=false
  D4 above=T3 pat=000 resclass=[ -1001, -15, 15015 ] xT=false
  D4 above=T2 pat=000 resclass=[ -675285, 45019, -15 ] xT=false
  D4 above=T3 pat=000 resclass=[ -1001, -15, 15015 ] xT=false
  D4 above=T2 pat=000 resclass=[ -675285, 45019, -15 ] xT=false
MEMBER stv 2/3 4 1/3 shape=[ 1, 1, 2, 2 ] tors=[ 4, 4 ] order4=12 norm111=0 xTpass=0
  D4 above=T1 pat=000 resclass=[ 666919895, -329995, -2021 ] xT=false
  D4 above=T1 pat=000 resclass=[ 666919895, -329995, -2021 ] xT=false
  D4 above=T3 pat=000 resclass=[ -2021, 15, -30315 ] xT=false
  D4 above=T2 pat=000 resclass=[ -329995, -197997, 15 ] xT=false
  D4 above=T3 pat=000 resclass=[ -2021, 15, -30315 ] xT=false
  D4 above=T2 pat=000 resclass=[ -329995, -197997, 15 ] xT=false
  D4 above=T1 pat=000 resclass=[ 666919895, -329995, -2021 ] xT=false
  D4 above=T1 pat=000 resclass=[ 666919895, -329995, -2021 ] xT=false
  D4 above=T3 pat=000 resclass=[ -2021, 15, -30315 ] xT=false
  D4 above=T2 pat=000 resclass=[ -329995, -197997, 15 ] xT=false
  D4 above=T3 pat=000 resclass=[ -2021, 15, -30315 ] xT=false
  D4 above=T2 pat=000 resclass=[ -329995, -197997, 15 ] xT=false
MEMBER stv 3/4 2 2 shape=[ 1, 1, 2, 2 ] tors=[ 4, 4 ] order4=12 norm111=0 xTpass=0
  D4 above=T2 pat=000 resclass=[ -714, -238, 3 ] xT=false
  D4 above=T2 pat=000 resclass=[ -714, -238, 3 ] xT=false
  D4 above=T1 pat=000 resclass=[ 1190, -714, -15 ] xT=false
  D4 above=T3 pat=000 resclass=[ -15, 3, -5 ] xT=false
  D4 above=T1 pat=000 resclass=[ 1190, -714, -15 ] xT=false
  D4 above=T3 pat=000 resclass=[ -15, 3, -5 ] xT=false
  D4 above=T2 pat=000 resclass=[ -714, -238, 3 ] xT=false
  D4 above=T2 pat=000 resclass=[ -714, -238, 3 ] xT=false
  D4 above=T1 pat=000 resclass=[ 1190, -714, -15 ] xT=false
  D4 above=T3 pat=000 resclass=[ -15, 3, -5 ] xT=false
  D4 above=T1 pat=000 resclass=[ 1190, -714, -15 ] xT=false
  D4 above=T3 pat=000 resclass=[ -15, 3, -5 ] xT=false
MEMBER stv 1 3/2 3/4 shape=[ 1, 1, 2, 2 ] tors=[ 4, 4 ] order4=12 norm111=0 xTpass=0
  D4 above=T2 pat=000 resclass=[ -2415, -483, 5 ] xT=false
  D4 above=T2 pat=000 resclass=[ -2415, -483, 5 ] xT=false
  D4 above=T3 pat=000 resclass=[ -1, 5, -5 ] xT=false
  D4 above=T1 pat=000 resclass=[ 2415, -2415, -1 ] xT=false
  D4 above=T3 pat=000 resclass=[ -1, 5, -5 ] xT=false
  D4 above=T1 pat=000 resclass=[ 2415, -2415, -1 ] xT=false
  D4 above=T2 pat=000 resclass=[ -2415, -483, 5 ] xT=false
  D4 above=T2 pat=000 resclass=[ -2415, -483, 5 ] xT=false
  D4 above=T3 pat=000 resclass=[ -1, 5, -5 ] xT=false
  D4 above=T1 pat=000 resclass=[ 2415, -2415, -1 ] xT=false
  D4 above=T3 pat=000 resclass=[ -1, 5, -5 ] xT=false
  D4 above=T1 pat=000 resclass=[ 2415, -2415, -1 ] xT=false
MEMBER stv 4/3 4/3 1/4 shape=[ 1, 1, 2, 2 ] tors=[ 4, 4 ] order4=12 norm111=0 xTpass=0
  D4 above=T3 pat=000 resclass=[ 95, 7, 665 ] xT=false
  D4 above=T3 pat=000 resclass=[ 95, 7, 665 ] xT=false
  D4 above=T2 pat=000 resclass=[ 8099, 1157, 7 ] xT=false
  D4 above=T1 pat=000 resclass=[ 769405, 8099, 95 ] xT=false
  D4 above=T2 pat=000 resclass=[ 8099, 1157, 7 ] xT=false
  D4 above=T1 pat=000 resclass=[ 769405, 8099, 95 ] xT=false
  D4 above=T3 pat=000 resclass=[ 95, 7, 665 ] xT=false
  D4 above=T3 pat=000 resclass=[ 95, 7, 665 ] xT=false
  D4 above=T2 pat=000 resclass=[ 8099, 1157, 7 ] xT=false
  D4 above=T1 pat=000 resclass=[ 769405, 8099, 95 ] xT=false
  D4 above=T2 pat=000 resclass=[ 8099, 1157, 7 ] xT=false
  D4 above=T1 pat=000 resclass=[ 769405, 8099, 95 ] xT=false
MEMBER stv 3/2 2/3 3/2 shape=[ 1, 1, 2, 2 ] tors=[ 4, 4 ] order4=12 norm111=0 xTpass=0
  D4 above=T2 pat=000 resclass=[ -574, 2870, -5 ] xT=false
  D4 above=T2 pat=000 resclass=[ -574, 2870, -5 ] xT=false
  D4 above=T3 pat=000 resclass=[ 629, -5, -3145 ] xT=false
  D4 above=T1 pat=000 resclass=[ -361046, -574, 629 ] xT=false
  D4 above=T3 pat=000 resclass=[ 629, -5, -3145 ] xT=false
  D4 above=T1 pat=000 resclass=[ -361046, -574, 629 ] xT=false
  D4 above=T2 pat=000 resclass=[ -574, 2870, -5 ] xT=false
  D4 above=T2 pat=000 resclass=[ -574, 2870, -5 ] xT=false
  D4 above=T3 pat=000 resclass=[ 629, -5, -3145 ] xT=false
  D4 above=T1 pat=000 resclass=[ -361046, -574, 629 ] xT=false
  D4 above=T3 pat=000 resclass=[ 629, -5, -3145 ] xT=false
  D4 above=T1 pat=000 resclass=[ -361046, -574, 629 ] xT=false
MEMBER stv 2 1/2 2/3 shape=[ 1, 1, 2, 2 ] tors=[ 4, 4 ] order4=12 norm111=0 xTpass=0
  D4 above=T1 pat=000 resclass=[ -455, -1001, 55 ] xT=false
  D4 above=T1 pat=000 resclass=[ -455, -1001, 55 ] xT=false
  D4 above=T2 pat=000 resclass=[ -1001, 3003, -3 ] xT=false
  D4 above=T3 pat=000 resclass=[ 55, -3, -165 ] xT=false
  D4 above=T2 pat=000 resclass=[ -1001, 3003, -3 ] xT=false
  D4 above=T3 pat=000 resclass=[ 55, -3, -165 ] xT=false
  D4 above=T1 pat=000 resclass=[ -455, -1001, 55 ] xT=false
  D4 above=T1 pat=000 resclass=[ -455, -1001, 55 ] xT=false
  D4 above=T2 pat=000 resclass=[ -1001, 3003, -3 ] xT=false
  D4 above=T3 pat=000 resclass=[ 55, -3, -165 ] xT=false
  D4 above=T2 pat=000 resclass=[ -1001, 3003, -3 ] xT=false
  D4 above=T3 pat=000 resclass=[ 55, -3, -165 ] xT=false
MEMBER stv 3 1/4 4 shape=[ 1, 1, 2, 2 ] tors=[ 4, 4 ] order4=12 norm111=0 xTpass=0
  D4 above=T1 pat=000 resclass=[ -33945835, -1322565, 231 ] xT=false
  D4 above=T1 pat=000 resclass=[ -33945835, -1322565, 231 ] xT=false
  D4 above=T2 pat=000 resclass=[ -1322565, 88171, -15 ] xT=false
  D4 above=T3 pat=000 resclass=[ 231, -15, -385 ] xT=false
  D4 above=T2 pat=000 resclass=[ -1322565, 88171, -15 ] xT=false
  D4 above=T3 pat=000 resclass=[ 231, -15, -385 ] xT=false
  D4 above=T1 pat=000 resclass=[ -33945835, -1322565, 231 ] xT=false
  D4 above=T1 pat=000 resclass=[ -33945835, -1322565, 231 ] xT=false
  D4 above=T2 pat=000 resclass=[ -1322565, 88171, -15 ] xT=false
  D4 above=T3 pat=000 resclass=[ 231, -15, -385 ] xT=false
  D4 above=T2 pat=000 resclass=[ -1322565, 88171, -15 ] xT=false
  D4 above=T3 pat=000 resclass=[ 231, -15, -385 ] xT=false
MEMBER stv 3 4 4/3 shape=[ 1, 1, 2, 2 ] tors=[ 4, 4 ] order4=12 norm111=0 xTpass=0
  D4 above=T1 pat=000 resclass=[ 119730, -19955, -6 ] xT=false
  D4 above=T1 pat=000 resclass=[ 119730, -19955, -6 ] xT=false
  D4 above=T2 pat=000 resclass=[ -19955, -11973, 15 ] xT=false
  D4 above=T3 pat=000 resclass=[ -6, 15, -10 ] xT=false
  D4 above=T2 pat=000 resclass=[ -19955, -11973, 15 ] xT=false
  D4 above=T3 pat=000 resclass=[ -6, 15, -10 ] xT=false
  D4 above=T1 pat=000 resclass=[ 119730, -19955, -6 ] xT=false
  D4 above=T1 pat=000 resclass=[ 119730, -19955, -6 ] xT=false
  D4 above=T2 pat=000 resclass=[ -19955, -11973, 15 ] xT=false
  D4 above=T3 pat=000 resclass=[ -6, 15, -10 ] xT=false
  D4 above=T2 pat=000 resclass=[ -19955, -11973, 15 ] xT=false
  D4 above=T3 pat=000 resclass=[ -6, 15, -10 ] xT=false
MEMBER stv 4 3 1/2 shape=[ 1, 1, 2, 2 ] tors=[ 4, 4 ] order4=12 norm111=0 xTpass=0
  D4 above=T1 pat=100 resclass=[ 1, -3, -3 ] xT=false
  D4 above=T1 pat=100 resclass=[ 1, -3, -3 ] xT=false
  D4 above=T3 pat=000 resclass=[ -3, 2, -6 ] xT=false
  D4 above=T2 pat=000 resclass=[ -3, -6, 2 ] xT=false
  D4 above=T3 pat=000 resclass=[ -3, 2, -6 ] xT=false
  D4 above=T2 pat=000 resclass=[ -3, -6, 2 ] xT=false
  D4 above=T1 pat=100 resclass=[ 1, -3, -3 ] xT=false
  D4 above=T1 pat=100 resclass=[ 1, -3, -3 ] xT=false
  D4 above=T3 pat=000 resclass=[ -3, 2, -6 ] xT=false
  D4 above=T2 pat=000 resclass=[ -3, -6, 2 ] xT=false
  D4 above=T3 pat=000 resclass=[ -3, 2, -6 ] xT=false
  D4 above=T2 pat=000 resclass=[ -3, -6, 2 ] xT=false
MEMBER stv 11/20 10/13 -7/8 shape=[ 1, 1, 2, 2 ] tors=[ 4, 4 ] order4=12 norm111=0 xTpass=0
  D4 above=T1 pat=000 resclass=[ 27057150284312694, 108840311240934, 1551481 ] xT=false
  D4 above=T1 pat=000 resclass=[ 27057150284312694, 108840311240934, 1551481 ] xT=false
  D4 above=T3 pat=000 resclass=[ 1551481, -69, -107052189 ] xT=false
  D4 above=T2 pat=000 resclass=[ 108840311240934, -1577395815086, -69 ] xT=false
  D4 above=T3 pat=000 resclass=[ 1551481, -69, -107052189 ] xT=false
  D4 above=T2 pat=000 resclass=[ 108840311240934, -1577395815086, -69 ] xT=false
  D4 above=T1 pat=000 resclass=[ 27057150284312694, 108840311240934, 1551481 ] xT=false
  D4 above=T1 pat=000 resclass=[ 27057150284312694, 108840311240934, 1551481 ] xT=false
  D4 above=T3 pat=000 resclass=[ 1551481, -69, -107052189 ] xT=false
  D4 above=T2 pat=000 resclass=[ 108840311240934, -1577395815086, -69 ] xT=false
  D4 above=T3 pat=000 resclass=[ 1551481, -69, -107052189 ] xT=false
  D4 above=T2 pat=000 resclass=[ 108840311240934, -1577395815086, -69 ] xT=false
MEMBER stv 9/4 15/2 -8/19 shape=[ 1, 1, 2, 2 ] tors=[ 4, 4 ] order4=12 norm111=0 xTpass=0
  D4 above=T3 pat=000 resclass=[ -12190, 221, -2693990 ] xT=false
  D4 above=T3 pat=000 resclass=[ -12190, 221, -2693990 ] xT=false
  D4 above=T1 pat=000 resclass=[ -54674788367030, 4485216437, -12190 ] xT=false
  D4 above=T2 pat=000 resclass=[ 4485216437, 20295097, 221 ] xT=false
  D4 above=T1 pat=000 resclass=[ -54674788367030, 4485216437, -12190 ] xT=false
  D4 above=T2 pat=000 resclass=[ 4485216437, 20295097, 221 ] xT=false
  D4 above=T3 pat=000 resclass=[ -12190, 221, -2693990 ] xT=false
  D4 above=T3 pat=000 resclass=[ -12190, 221, -2693990 ] xT=false
  D4 above=T1 pat=000 resclass=[ -54674788367030, 4485216437, -12190 ] xT=false
  D4 above=T2 pat=000 resclass=[ 4485216437, 20295097, 221 ] xT=false
  D4 above=T1 pat=000 resclass=[ -54674788367030, 4485216437, -12190 ] xT=false
  D4 above=T2 pat=000 resclass=[ 4485216437, 20295097, 221 ] xT=false
MEMBER stv 8/17 9/4 17/5 shape=[ 1, 1, 2, 2 ] tors=[ 4, 4 ] order4=12 norm111=0 xTpass=0
  D4 above=T2 pat=000 resclass=[ -48848228689, -18787780265, 65 ] xT=false
  D4 above=T2 pat=000 resclass=[ -48848228689, -18787780265, 65 ] xT=false
  D4 above=T1 pat=000 resclass=[ 6538286561793961, -48848228689, -133849 ] xT=false
  D4 above=T3 pat=000 resclass=[ -133849, 65, -8700185 ] xT=false
  D4 above=T1 pat=000 resclass=[ 6538286561793961, -48848228689, -133849 ] xT=false
  D4 above=T3 pat=000 resclass=[ -133849, 65, -8700185 ] xT=false
  D4 above=T2 pat=000 resclass=[ -48848228689, -18787780265, 65 ] xT=false
  D4 above=T2 pat=000 resclass=[ -48848228689, -18787780265, 65 ] xT=false
  D4 above=T1 pat=000 resclass=[ 6538286561793961, -48848228689, -133849 ] xT=false
  D4 above=T3 pat=000 resclass=[ -133849, 65, -8700185 ] xT=false
  D4 above=T1 pat=000 resclass=[ 6538286561793961, -48848228689, -133849 ] xT=false
  D4 above=T3 pat=000 resclass=[ -133849, 65, -8700185 ] xT=false
PART_DONE part=145
