MEMBER stv 1/4 3/4 -4/3 shape=[ 1, 1, 2, 2 ] tors=[ 4, 4 ] order4=12 norm111=0 xTpass=0
  D4 above=T2 pat=000 resclass=[ 26103, -3729, -7 ] xT=false
  D4 above=T2 pat=000 resclass=[ 26103, -3729, -7 ] xT=false
  D4 above=T1 pat=000 resclass=[ -791, 26103, -33 ] xT=false
  D4 above=T3 pat=000 resclass=[ -33, -7, 231 ] xT=false
  D4 above=T1 pat=000 resclass=[ -791, 26103, -33 ] xT=false
  D4 above=T3 pat=000 resclass=[ -33, -7, 231 ] xT=false
  D4 above=T2 pat=000 resclass=[ 26103, -3729, -7 ] xT=false
  D4 above=T2 pat=000 resclass=[ 26103, -3729, -7 ] xT=false
  D4 above=T1 pat=000 resclass=[ -791, 26103, -33 ] xT=false
  D4 above=T3 pat=000 resclass=[ -33, -7, 231 ] xT=false
  D4 above=T1 pat=000 resclass=[ -791, 26103, -33 ] xT=false
  D4 above=T3 pat=000 resclass=[ -33, -7, 231 ] xT=false
MEMBER stv 1/3 2/3 -1/2 shape=[ 1, 1, 2, 2 ] tors=[ 4, 4 ] order4=12 norm111=0 xTpass=0
  D4 above=T1 pat=000 resclass=[ -22610, 22610, -1 ] xT=false
  D4 above=T1 pat=000 resclass=[ -22610, 22610, -1 ] xT=false
  D4 above=T3 pat=000 resclass=[ -1, -5, 5 ] xT=false
  D4 above=T2 pat=000 resclass=[ 22610, -4522, -5 ] xT=false
  D4 above=T3 pat=000 resclass=[ -1, -5, 5 ] xT=false
  D4 above=T2 pat=000 resclass=[ 22610, -4522, -5 ] xT=false
  D4 above=T1 pat=000 resclass=[ -22610, 22610, -1 ] xT=false
  D4 above=T1 pat=000 resclass=[ -22610, 22610, -1 ] xT=false
  D4 above=T3 pat=000 resclass=[ -1, -5, 5 ] xT=false
  D4 above=T2 pat=000 resclass=[ 22610, -4522, -5 ] xT=false
  D4 above=T3 pat=000 resclass=[ -1, -5, 5 ] xT=false
  D4 above=T2 pat=000 resclass=[ 22610, -4522, -5 ] xT=false
MEMBER stv 1/2 1/3 -3 shape=[ 1, 1, 2, 2 ] tors=[ 4, 4 ] order4=12 norm111=0 xTpass=0
  D4 above=T1 pat=000 resclass=[ 70, -10, -7 ] xT=false
  D4 above=T1 pat=000 resclass=[ 70, -10, -7 ] xT=false
  D4 above=T3 pat=000 resclass=[ -7, -2, 14 ] xT=false
  D4 above=T2 pat=000 resclass=[ -10, 5, -2 ] xT=false
  D4 above=T3 pat=000 resclass=[ -7, -2, 14 ] xT=false
  D4 above=T2 pat=000 resclass=[ -10, 5, -2 ] xT=false
  D4 above=T1 pat=000 resclass=[ 70, -10, -7 ] xT=false
  D4 above=T1 pat=000 resclass=[ 70, -10, -7 ] xT=false
  D4 above=T3 pat=000 resclass=[ -7, -2, 14 ] xT=false
  D4 above=T2 pat=000 resclass=[ -10, 5, -2 ] xT=false
  D4 above=T3 pat=000 resclass=[ -7, -2, 14 ] xT=false
  D4 above=T2 pat=000 resclass=[ -10, 5, -2 ] xT=false
MEMBER stv 2/3 1/4 -1 shape=[ 1, 1, 2, 2 ] tors=[ 4, 4 ] order4=12 norm111=0 xTpass=0
  D4 above=T1 pat=000 resclass=[ -3438435, 3435, -1001 ] xT=false
  D4 above=T1 pat=000 resclass=[ -3438435, 3435, -1001 ] xT=false
  D4 above=T3 pat=000 resclass=[ -1001, -15, 15015 ] xT=false
  D4 above=T2 pat=000 resclass=[ 3435, -229, -15 ] xT=false
  D4 above=T3 pat=000 resclass=[ -1001, -15, 15015 ] xT=false
  D4 above=T2 pat=000 resclass=[ 3435, -229, -15 ] xT=false
  D4 above=T1 pat=000 resclass=[ -3438435, 3435, -1001 ] xT=false
  D4 above=T1 pat=000 resclass=[ -3438435, 3435, -1001 ] xT=false
  D4 above=T3 pat=000 resclass=[ -1001, -15, 15015 ] xT=false
  D4 above=T2 pat=000 resclass=[ 3435, -229, -15 ] xT=false
  D4 above=T3 pat=000 resclass=[ -1001, -15, 15015 ] xT=false
  D4 above=T2 pat=000 resclass=[ 3435, -229, -15 ] xT=false
MEMBER stv 2/3 4 -1/3 shape=[ 1, 1, 2, 2 ] tors=[ 4, 4 ] order4=12 norm111=0 xTpass=0
  D4 above=T3 pat=000 resclass=[ -2021, 15, -30315 ] xT=false
  D4 above=T3 pat=000 resclass=[ -2021, 15, -30315 ] xT=false
  D4 above=T2 pat=000 resclass=[ -251045, -150627, 15 ] xT=false
  D4 above=T1 pat=000 resclass=[ 507361945, -251045, -2021 ] xT=false
  D4 above=T2 pat=000 resclass=[ -251045, -150627, 15 ] xT=false
  D4 above=T1 pat=000 resclass=[ 507361945, -251045, -2021 ] xT=false
  D4 above=T3 pat=000 resclass=[ -2021, 15, -30315 ] xT=false
  D4 above=T3 pat=000 resclass=[ -2021, 15, -30315 ] xT=false
  D4 above=T2 pat=000 resclass=[ -251045, -150627, 15 ] xT=false
  D4 above=T1 pat=000 resclass=[ 507361945, -251045, -2021 ] xT=false
  D4 above=T2 pat=000 resclass=[ -251045, -150627, 15 ] xT=false
  D4 above=T1 pat=000 resclass=[ 507361945, -251045, -2021 ] xT=false
MEMBER stv 3/4 2 -2 shape=[ 1, 1, 2, 2 ] tors=[ 4, 4 ] order4=12 norm111=0 xTpass=0
  D4 above=T2 pat=000 resclass=[ 1146, 382, 3 ] xT=false
  D4 above=T2 pat=000 resclass=[ 1146, 382, 3 ] xT=false
  D4 above=T1 pat=000 resclass=[ -1910, 1146, -15 ] xT=false
  D4 above=T3 pat=000 resclass=[ -15, 3, -5 ] xT=false
  D4 above=T1 pat=000 resclass=[ -1910, 1146, -15 ] xT=false
  D4 above=T3 pat=000 resclass=[ -15, 3, -5 ] xT=false
  D4 above=T2 pat=000 resclass=[ 1146, 382, 3 ] xT=false
  D4 above=T2 pat=000 resclass=[ 1146, 382, 3 ] xT=false
  D4 above=T1 pat=000 resclass=[ -1910, 1146, -15 ] xT=false
  D4 above=T3 pat=000 resclass=[ -15, 3, -5 ] xT=false
  D4 above=T1 pat=000 resclass=[ -1910, 1146, -15 ] xT=false
  D4 above=T3 pat=000 resclass=[ -15, 3, -5 ] xT=false
MEMBER stv 1 3/2 -3/4 shape=[ 1, 1, 2, 2 ] tors=[ 4, 4 ] order4=12 norm111=0 xTpass=0
  D4 above=T1 pat=000 resclass=[ 2265, -2265, -1 ] xT=false
  D4 above=T1 pat=000 resclass=[ 2265, -2265, -1 ] xT=false
  D4 above=T3 pat=000 resclass=[ -1, 5, -5 ] xT=false
  D4 above=T2 pat=000 resclass=[ -2265, -453, 5 ] xT=false
  D4 above=T3 pat=000 resclass=[ -1, 5, -5 ] xT=false
  D4 above=T2 pat=000 resclass=[ -2265, -453, 5 ] xT=false
  D4 above=T1 pat=000 resclass=[ 2265, -2265, -1 ] xT=false
  D4 above=T1 pat=000 resclass=[ 2265, -2265, -1 ] xT=false
  D4 above=T3 pat=000 resclass=[ -1, 5, -5 ] xT=false
  D4 above=T2 pat=000 resclass=[ -2265, -453, 5 ] xT=false
  D4 above=T3 pat=000 resclass=[ -1, 5, -5 ] xT=false
  D4 above=T2 pat=000 resclass=[ -2265, -453, 5 ] xT=false
MEMBER stv 4/3 4/3 -1/4 shape=[ 1, 1, 2, 2 ] tors=[ 4, 4 ] order4=12 norm111=0 xTpass=0
  D4 above=T3 pat=000 resclass=[ 95, 7, 665 ] xT=false
  D4 above=T3 pat=000 resclass=[ 95, 7, 665 ] xT=false
  D4 above=T2 pat=000 resclass=[ -2555, -365, 7 ] xT=false
  D4 above=T1 pat=000 resclass=[ -9709, -2555, 95 ] xT=false
  D4 above=T2 pat=000 resclass=[ -2555, -365, 7 ] xT=false
  D4 above=T1 pat=000 resclass=[ -9709, -2555, 95 ] xT=false
  D4 above=T3 pat=000 resclass=[ 95, 7, 665 ] xT=false
  D4 above=T3 pat=000 resclass=[ 95, 7, 665 ] xT=false
  D4 above=T2 pat=000 resclass=[ -2555, -365, 7 ] xT=false
  D4 above=T1 pat=000 resclass=[ -9709, -2555, 95 ] xT=false
  D4 above=T2 pat=000 resclass=[ -2555, -365, 7 ] xT=false
  D4 above=T1 pat=000 resclass=[ -9709, -2555, 95 ] xT=false
MEMBER stv 3/2 2/3 -3/2 shape=[ 1, 1, 2, 2 ] tors=[ 4, 4 ] order4=12 norm111=0 xTpass=0
  D4 above=T2 pat=000 resclass=[ 112670, -22534, -5 ] xT=false
  D4 above=T2 pat=000 resclass=[ 112670, -22534, -5 ] xT=false
  D4 above=T1 pat=000 resclass=[ 70869430, 112670, 629 ] xT=false
  D4 above=T3 pat=000 resclass=[ 629, -5, -3145 ] xT=false
  D4 above=T1 pat=000 resclass=[ 70869430, 112670, 629 ] xT=false
  D4 above=T3 pat=000 resclass=[ 629, -5, -3145 ] xT=false
  D4 above=T2 pat=000 resclass=[ 112670, -22534, -5 ] xT=false
  D4 above=T2 pat=000 resclass=[ 112670, -22534, -5 ] xT=false
  D4 above=T1 pat=000 resclass=[ 70869430, 112670, 629 ] xT=false
  D4 above=T3 pat=000 resclass=[ 629, -5, -3145 ] xT=false
  D4 above=T1 pat=000 resclass=[ 70869430, 112670, 629 ] xT=false
  D4 above=T3 pat=000 resclass=[ 629, -5, -3145 ] xT=false
MEMBER stv 2 1/2 -2/3 shape=[ 1, 1, 2, 2 ] tors=[ 4, 4 ] order4=12 norm111=0 xTpass=0
  D4 above=T1 pat=000 resclass=[ 473, 215, 55 ] xT=false
  D4 above=T1 pat=000 resclass=[ 473, 215, 55 ] xT=false
  D4 above=T3 pat=000 resclass=[ 55, -3, -165 ] xT=false
  D4 above=T2 pat=000 resclass=[ 215, -645, -3 ] xT=false
  D4 above=T3 pat=000 resclass=[ 55, -3, -165 ] xT=false
  D4 above=T2 pat=000 resclass=[ 215, -645, -3 ] xT=false
  D4 above=T1 pat=000 resclass=[ 473, 215, 55 ] xT=false
  D4 above=T1 pat=000 resclass=[ 473, 215, 55 ] xT=false
  D4 above=T3 pat=000 resclass=[ 55, -3, -165 ] xT=false
  D4 above=T2 pat=000 resclass=[ 215, -645, -3 ] xT=false
  D4 above=T3 pat=000 resclass=[ 55, -3, -165 ] xT=false
  D4 above=T2 pat=000 resclass=[ 215, -645, -3 ] xT=false
MEMBER stv 3 1/4 -4 shape=[ 1, 1, 2, 2 ] tors=[ 4, 4 ] order4=12 norm111=0 xTpass=0
  D4 above=T2 pat=000 resclass=[ 47355, -3157, -15 ] xT=false
  D4 above=T2 pat=000 resclass=[ 47355, -3157, -15 ] xT=false
  D4 above=T3 pat=000 resclass=[ 231, -15, -385 ] xT=false
  D4 above=T1 pat=000 resclass=[ 205, 47355, 231 ] xT=false
  D4 above=T3 pat=000 resclass=[ 231, -15, -385 ] xT=false
  D4 above=T1 pat=000 resclass=[ 205, 47355, 231 ] xT=false
  D4 above=T2 pat=000 resclass=[ 47355, -3157, -15 ] xT=false
  D4 above=T2 pat=000 resclass=[ 47355, -3157, -15 ] xT=false
  D4 above=T3 pat=000 resclass=[ 231, -15, -385 ] xT=false
  D4 above=T1 pat=000 resclass=[ 205, 47355, 231 ] xT=false
  D4 above=T3 pat=000 resclass=[ 231, -15, -385 ] xT=false
  D4 above=T1 pat=000 resclass=[ 205, 47355, 231 ] xT=false
MEMBER stv 3 4 -4/3 shape=[ 1, 1, 2, 2 ] tors=[ 4, 4 ] order4=12 norm111=0 xTpass=0
  D4 above=T2 pat=000 resclass=[ 16995, 1133, 15 ] xT=false
  D4 above=T2 pat=000 resclass=[ 16995, 1133, 15 ] xT=false
  D4 above=T1 pat=000 resclass=[ -11330, 16995, -6 ] xT=false
  D4 above=T3 pat=000 resclass=[ -6, 15, -10 ] xT=false
  D4 above=T1 pat=000 resclass=[ -11330, 16995, -6 ] xT=false
  D4 above=T3 pat=000 resclass=[ -6, 15, -10 ] xT=false
  D4 above=T2 pat=000 resclass=[ 16995, 1133, 15 ] xT=false
  D4 above=T2 pat=000 resclass=[ 16995, 1133, 15 ] xT=false
  D4 above=T1 pat=000 resclass=[ -11330, 16995, -6 ] xT=false
  D4 above=T3 pat=000 resclass=[ -6, 15, -10 ] xT=false
  D4 above=T1 pat=000 resclass=[ -11330, 16995, -6 ] xT=false
  D4 above=T3 pat=000 resclass=[ -6, 15, -10 ] xT=false
MEMBER stv 4 3 -1/2 shape=[ 1, 1, 2, 2 ] tors=[ 4, 4 ] order4=12 norm111=0 xTpass=0
  D4 above=T2 pat=000 resclass=[ 203, 406, 2 ] xT=false
  D4 above=T2 pat=000 resclass=[ 203, 406, 2 ] xT=false
  D4 above=T1 pat=000 resclass=[ -609, 203, -3 ] xT=false
  D4 above=T3 pat=000 resclass=[ -3, 2, -6 ] xT=false
  D4 above=T1 pat=000 resclass=[ -609, 203, -3 ] xT=false
  D4 above=T3 pat=000 resclass=[ -3, 2, -6 ] xT=false
  D4 above=T2 pat=000 resclass=[ 203, 406, 2 ] xT=false
  D4 above=T2 pat=000 resclass=[ 203, 406, 2 ] xT=false
  D4 above=T1 pat=000 resclass=[ -609, 203, -3 ] xT=false
  D4 above=T3 pat=000 resclass=[ -3, 2, -6 ] xT=false
  D4 above=T1 pat=000 resclass=[ -609, 203, -3 ] xT=false
  D4 above=T3 pat=000 resclass=[ -3, 2, -6 ] xT=false
MEMBER stv 1/5 1/5 19/5 shape=[ 1, 1, 2, 2 ] tors=[ 4, 4 ] order4=12 norm111=0 xTpass=0
  D4 above=T2 pat=000 resclass=[ -95, 570, -6 ] xT=false
  D4 above=T2 pat=000 resclass=[ -95, 570, -6 ] xT=false
  D4 above=T3 pat=000 resclass=[ -551, -6, 3306 ] xT=false
  D4 above=T1 pat=000 resclass=[ 145, -95, -551 ] xT=false
  D4 above=T3 pat=000 resclass=[ -551, -6, 3306 ] xT=false
  D4 above=T1 pat=000 resclass=[ 145, -95, -551 ] xT=false
  D4 above=T2 pat=000 resclass=[ -95, 570, -6 ] xT=false
  D4 above=T2 pat=000 resclass=[ -95, 570, -6 ] xT=false
  D4 above=T3 pat=000 resclass=[ -551, -6, 3306 ] xT=false
  D4 above=T1 pat=000 resclass=[ 145, -95, -551 ] xT=false
  D4 above=T3 pat=000 resclass=[ -551, -6, 3306 ] xT=false
  D4 above=T1 pat=000 resclass=[ 145, -95, -551 ] xT=false
MEMBER stv 20/3 15 2 shape=[ 1, 1, 2, 2 ] tors=[ 4, 4 ] order4=12 norm111=0 xTpass=0
  D4 above=T2 pat=000 resclass=[ -5132892233, -1466540638, 14 ] xT=false
  D4 above=T2 pat=000 resclass=[ -5132892233, -1466540638, 14 ] xT=false
  D4 above=T3 pat=000 resclass=[ -28199, 14, -394786 ] xT=false
  D4 above=T1 pat=000 resclass=[ 144742428078367, -5132892233, -28199 ] xT=false
  D4 above=T3 pat=000 resclass=[ -28199, 14, -394786 ] xT=false
  D4 above=T1 pat=000 resclass=[ 144742428078367, -5132892233, -28199 ] xT=false
  D4 above=T2 pat=000 resclass=[ -5132892233, -1466540638, 14 ] xT=false
  D4 above=T2 pat=000 resclass=[ -5132892233, -1466540638, 14 ] xT=false
  D4 above=T3 pat=000 resclass=[ -28199, 14, -394786 ] xT=false
  D4 above=T1 pat=000 resclass=[ 144742428078367, -5132892233, -28199 ] xT=false
  D4 above=T3 pat=000 resclass=[ -28199, 14, -394786 ] xT=false
  D4 above=T1 pat=000 resclass=[ 144742428078367, -5132892233, -28199 ] xT=false
MEMBER stv 15/8 1/3 -13/16 shape=[ 1, 1, 2, 2 ] tors=[ 4, 4 ] order4=12 norm111=0 xTpass=0
  D4 above=T2 pat=000 resclass=[ 7939644362, -3969822181, -2 ] xT=false
  D4 above=T2 pat=000 resclass=[ 7939644362, -3969822181, -2 ] xT=false
  D4 above=T3 pat=000 resclass=[ 14129, -2, -28258 ] xT=false
  D4 above=T1 pat=000 resclass=[ 112179235190698, 7939644362, 14129 ] xT=false
  D4 above=T3 pat=000 resclass=[ 14129, -2, -28258 ] xT=false
  D4 above=T1 pat=000 resclass=[ 112179235190698, 7939644362, 14129 ] xT=false
  D4 above=T2 pat=000 resclass=[ 7939644362, -3969822181, -2 ] xT=false
  D4 above=T2 pat=000 resclass=[ 7939644362, -3969822181, -2 ] xT=false
  D4 above=T3 pat=000 resclass=[ 14129, -2, -28258 ] xT=false
  D4 above=T1 pat=000 resclass=[ 112179235190698, 7939644362, 14129 ] xT=false
  D4 above=T3 pat=000 resclass=[ 14129, -2, -28258 ] xT=false
  D4 above=T1 pat=000 resclass=[ 112179235190698, 7939644362, 14129 ] xT=false
PART_DONE part=146
