MEMBER stv 1/4 3/4 3/2 shape=[ 1, 1, 2, 2 ] tors=[ 4, 4 ] order4=12 norm111=0 xTpass=0
  D4 above=T2 pat=000 resclass=[ -22470, 3210, -7 ] xT=false
  D4 above=T2 pat=000 resclass=[ -22470, 3210, -7 ] xT=false
  D4 above=T1 pat=000 resclass=[ 82390, -22470, -33 ] xT=false
  D4 above=T3 pat=000 resclass=[ -33, -7, 231 ] xT=false
  D4 above=T1 pat=000 resclass=[ 82390, -22470, -33 ] xT=false
  D4 above=T3 pat=000 resclass=[ -33, -7, 231 ] xT=false
  D4 above=T2 pat=000 resclass=[ -22470, 3210, -7 ] xT=false
  D4 above=T2 pat=000 resclass=[ -22470, 3210, -7 ] xT=false
  D4 above=T1 pat=000 resclass=[ 82390, -22470, -33 ] xT=false
  D4 above=T3 pat=000 resclass=[ -33, -7, 231 ] xT=false
  D4 above=T1 pat=000 resclass=[ 82390, -22470, -33 ] xT=false
  D4 above=T3 pat=000 resclass=[ -33, -7, 231 ] xT=false
MEMBER stv 1/3 2/3 2/3 shape=[ 1, 1, 2, 2 ] tors=[ 4, 4 ] order4=12 norm111=0 xTpass=0
  D4 above=T1 pat=000 resclass=[ 261870, -261870, -1 ] xT=false
  D4 above=T1 pat=000 resclass=[ 261870, -261870, -1 ] xT=false
  D4 above=T3 pat=000 resclass=[ -1, -5, 5 ] xT=false
  D4 above=T2 pat=000 resclass=[ -261870, 52374, -5 ] xT=false
  D4 above=T3 pat=000 resclass=[ -1, -5, 5 ] xT=false
  D4 above=T2 pat=000 resclass=[ -261870, 52374, -5 ] xT=false
  D4 above=T1 pat=000 resclass=[ 261870, -261870, -1 ] xT=false
  D4 above=T1 pat=000 resclass=[ 261870, -261870, -1 ] xT=false
  D4 above=T3 pat=000 resclass=[ -1, -5, 5 ] xT=false
  D4 above=T2 pat=000 resclass=[ -261870, 52374, -5 ] xT=false
  D4 above=T3 pat=000 resclass=[ -1, -5, 5 ] xT=false
  D4 above=T2 pat=000 resclass=[ -261870, 52374, -5 ] xT=false
MEMBER stv 1/2 1/3 4 shape=[ 1, 1, 2, 2 ] tors=[ 4, 4 ] order4=12 norm111=0 xTpass=0
  D4 above=T3 pat=000 resclass=[ -7, -2, 14 ] xT=false
  D4 above=T3 pat=000 resclass=[ -7, -2, 14 ] xT=false
  D4 above=T2 pat=000 resclass=[ -194, 97, -2 ] xT=false
  D4 above=T1 pat=000 resclass=[ 1358, -194, -7 ] xT=false
  D4 above=T2 pat=000 resclass=[ -194, 97, -2 ] xT=false
  D4 above=T1 pat=000 resclass=[ 1358, -194, -7 ] xT=false
  D4 above=T3 pat=000 resclass=[ -7, -2, 14 ] xT=false
  D4 above=T3 pat=000 resclass=[ -7, -2, 14 ] xT=false
  D4 above=T2 pat=000 resclass=[ -194, 97, -2 ] xT=false
  D4 above=T1 pat=000 resclass=[ 1358, -194, -7 ] xT=false
  D4 above=T2 pat=000 resclass=[ -194, 97, -2 ] xT=false
  D4 above=T1 pat=000 resclass=[ 1358, -194, -7 ] xT=false
MEMBER stv 2/3 1/4 4/3 shape=[ 1, 1, 2, 2 ] tors=[ 4, 4 ] order4=12 norm111=0 xTpass=0
  D4 above=T1 pat=000 resclass=[ 621325705, -620705, -1001 ] xT=false
  D4 above=T1 pat=000 resclass=[ 621325705, -620705, -1001 ] xT=false
  D4 above=T2 pat=000 resclass=[ -620705, 372423, -15 ] xT=false
  D4 above=T3 pat=000 resclass=[ -1001, -15, 15015 ] xT=false
  D4 above=T2 pat=000 resclass=[ -620705, 372423, -15 ] xT=false
  D4 above=T3 pat=000 resclass=[ -1001, -15, 15015 ] xT=false
  D4 above=T1 pat=000 resclass=[ 621325705, -620705, -1001 ] xT=false
  D4 above=T1 pat=000 resclass=[ 621325705, -620705, -1001 ] xT=false
  D4 above=T2 pat=000 resclass=[ -620705, 372423, -15 ] xT=false
  D4 above=T3 pat=000 resclass=[ -1001, -15, 15015 ] xT=false
  D4 above=T2 pat=000 resclass=[ -620705, 372423, -15 ] xT=false
  D4 above=T3 pat=000 resclass=[ -1001, -15, 15015 ] xT=false
MEMBER stv 2/3 4 1/2 shape=[ 1, 1, 2, 2 ] tors=[ 4, 4 ] order4=12 norm111=0 xTpass=0
  D4 above=T2 pat=000 resclass=[ -352770, -23518, 15 ] xT=false
  D4 above=T2 pat=000 resclass=[ -352770, -23518, 15 ] xT=false
  D4 above=T1 pat=000 resclass=[ 712948170, -352770, -2021 ] xT=false
  D4 above=T3 pat=000 resclass=[ -2021, 15, -30315 ] xT=false
  D4 above=T1 pat=000 resclass=[ 712948170, -352770, -2021 ] xT=false
  D4 above=T3 pat=000 resclass=[ -2021, 15, -30315 ] xT=false
  D4 above=T2 pat=000 resclass=[ -352770, -23518, 15 ] xT=false
  D4 above=T2 pat=000 resclass=[ -352770, -23518, 15 ] xT=false
  D4 above=T1 pat=000 resclass=[ 712948170, -352770, -2021 ] xT=false
  D4 above=T3 pat=000 resclass=[ -2021, 15, -30315 ] xT=false
  D4 above=T1 pat=000 resclass=[ 712948170, -352770, -2021 ] xT=false
  D4 above=T3 pat=000 resclass=[ -2021, 15, -30315 ] xT=false
MEMBER stv 3/4 2 3 shape=[ 1, 1, 2, 2 ] tors=[ 4, 4 ] order4=12 norm111=0 xTpass=0
  D4 above=T3 pat=000 resclass=[ -15, 3, -5 ] xT=false
  D4 above=T3 pat=000 resclass=[ -15, 3, -5 ] xT=false
  D4 above=T1 pat=000 resclass=[ 343785, -22919, -15 ] xT=false
  D4 above=T2 pat=000 resclass=[ -22919, -68757, 3 ] xT=false
  D4 above=T1 pat=000 resclass=[ 343785, -22919, -15 ] xT=false
  D4 above=T2 pat=000 resclass=[ -22919, -68757, 3 ] xT=false
  D4 above=T3 pat=000 resclass=[ -15, 3, -5 ] xT=false
  D4 above=T3 pat=000 resclass=[ -15, 3, -5 ] xT=false
  D4 above=T1 pat=000 resclass=[ 343785, -22919, -15 ] xT=false
  D4 above=T2 pat=000 resclass=[ -22919, -68757, 3 ] xT=false
  D4 above=T1 pat=000 resclass=[ 343785, -22919, -15 ] xT=false
  D4 above=T2 pat=000 resclass=[ -22919, -68757, 3 ] xT=false
MEMBER stv 1 3/2 1 shape=[ 1, 1, 2, 2 ] tors=[ 4, 4 ] order4=12 norm111=0 xTpass=0
  D4 above=T2 pat=000 resclass=[ -130, -26, 5 ] xT=false
  D4 above=T2 pat=000 resclass=[ -130, -26, 5 ] xT=false
  D4 above=T1 pat=000 resclass=[ 130, -130, -1 ] xT=false
  D4 above=T3 pat=000 resclass=[ -1, 5, -5 ] xT=false
  D4 above=T1 pat=000 resclass=[ 130, -130, -1 ] xT=false
  D4 above=T3 pat=000 resclass=[ -1, 5, -5 ] xT=false
  D4 above=T2 pat=000 resclass=[ -130, -26, 5 ] xT=false
  D4 above=T2 pat=000 resclass=[ -130, -26, 5 ] xT=false
  D4 above=T1 pat=000 resclass=[ 130, -130, -1 ] xT=false
  D4 above=T3 pat=000 resclass=[ -1, 5, -5 ] xT=false
  D4 above=T1 pat=000 resclass=[ 130, -130, -1 ] xT=false
  D4 above=T3 pat=000 resclass=[ -1, 5, -5 ] xT=false
MEMBER stv 4/3 4/3 1/3 shape=[ 1, 1, 2, 2 ] tors=[ 4, 4 ] order4=12 norm111=0 xTpass=0
  D4 above=T2 pat=000 resclass=[ 9933, 1419, 7 ] xT=false
  D4 above=T2 pat=000 resclass=[ 9933, 1419, 7 ] xT=false
  D4 above=T1 pat=000 resclass=[ 943635, 9933, 95 ] xT=false
  D4 above=T3 pat=000 resclass=[ 95, 7, 665 ] xT=false
  D4 above=T1 pat=000 resclass=[ 943635, 9933, 95 ] xT=false
  D4 above=T3 pat=000 resclass=[ 95, 7, 665 ] xT=false
  D4 above=T2 pat=000 resclass=[ 9933, 1419, 7 ] xT=false
  D4 above=T2 pat=000 resclass=[ 9933, 1419, 7 ] xT=false
  D4 above=T1 pat=000 resclass=[ 943635, 9933, 95 ] xT=false
  D4 above=T3 pat=000 resclass=[ 95, 7, 665 ] xT=false
  D4 above=T1 pat=000 resclass=[ 943635, 9933, 95 ] xT=false
  D4 above=T3 pat=000 resclass=[ 95, 7, 665 ] xT=false
MEMBER stv 3/2 2/3 2 shape=[ 1, 1, 2, 2 ] tors=[ 4, 4 ] order4=12 norm111=0 xTpass=0
  D4 above=T1 pat=000 resclass=[ -67183490, -106810, 629 ] xT=false
  D4 above=T1 pat=000 resclass=[ -67183490, -106810, 629 ] xT=false
  D4 above=T2 pat=000 resclass=[ -106810, 21362, -5 ] xT=false
  D4 above=T3 pat=000 resclass=[ 629, -5, -3145 ] xT=false
  D4 above=T2 pat=000 resclass=[ -106810, 21362, -5 ] xT=false
  D4 above=T3 pat=000 resclass=[ 629, -5, -3145 ] xT=false
  D4 above=T1 pat=000 resclass=[ -67183490, -106810, 629 ] xT=false
  D4 above=T1 pat=000 resclass=[ -67183490, -106810, 629 ] xT=false
  D4 above=T2 pat=000 resclass=[ -106810, 21362, -5 ] xT=false
  D4 above=T3 pat=000 resclass=[ 629, -5, -3145 ] xT=false
  D4 above=T2 pat=000 resclass=[ -106810, 21362, -5 ] xT=false
  D4 above=T3 pat=000 resclass=[ 629, -5, -3145 ] xT=false
MEMBER stv 2 1/2 3/4 shape=[ 1, 1, 2, 2 ] tors=[ 4, 4 ] order4=12 norm111=0 xTpass=0
  D4 above=T3 pat=000 resclass=[ 55, -3, -165 ] xT=false
  D4 above=T3 pat=000 resclass=[ 55, -3, -165 ] xT=false
  D4 above=T2 pat=000 resclass=[ -265, 795, -3 ] xT=false
  D4 above=T1 pat=000 resclass=[ -583, -265, 55 ] xT=false
  D4 above=T2 pat=000 resclass=[ -265, 795, -3 ] xT=false
  D4 above=T1 pat=000 resclass=[ -583, -265, 55 ] xT=false
  D4 above=T3 pat=000 resclass=[ 55, -3, -165 ] xT=false
  D4 above=T3 pat=000 resclass=[ 55, -3, -165 ] xT=false
  D4 above=T2 pat=000 resclass=[ -265, 795, -3 ] xT=false
  D4 above=T1 pat=000 resclass=[ -583, -265, 55 ] xT=false
  D4 above=T2 pat=000 resclass=[ -265, 795, -3 ] xT=false
  D4 above=T1 pat=000 resclass=[ -583, -265, 55 ] xT=false
MEMBER stv 3 1/3 1/4 shape=[ 1, 1, 2, 2 ] tors=[ 4, 4 ] order4=12 norm111=0 xTpass=0
  D4 above=T1 pat=000 resclass=[ -18344690, -27586, 665 ] xT=false
  D4 above=T1 pat=000 resclass=[ -18344690, -27586, 665 ] xT=false
  D4 above=T3 pat=000 resclass=[ 665, -2, -1330 ] xT=false
  D4 above=T2 pat=000 resclass=[ -27586, 13793, -2 ] xT=false
  D4 above=T3 pat=000 resclass=[ 665, -2, -1330 ] xT=false
  D4 above=T2 pat=000 resclass=[ -27586, 13793, -2 ] xT=false
  D4 above=T1 pat=000 resclass=[ -18344690, -27586, 665 ] xT=false
  D4 above=T1 pat=000 resclass=[ -18344690, -27586, 665 ] xT=false
  D4 above=T3 pat=000 resclass=[ 665, -2, -1330 ] xT=false
  D4 above=T2 pat=000 resclass=[ -27586, 13793, -2 ] xT=false
  D4 above=T3 pat=000 resclass=[ 665, -2, -1330 ] xT=false
  D4 above=T2 pat=000 resclass=[ -27586, 13793, -2 ] xT=false
MEMBER stv 3 4 3/2 shape=[ 1, 1, 2, 2 ] tors=[ 4, 4 ] order4=12 norm111=0 xTpass=0
  D4 above=T1 pat=000 resclass=[ 300585, -200390, -6 ] xT=false
  D4 above=T1 pat=000 resclass=[ 300585, -200390, -6 ] xT=false
  D4 above=T3 pat=000 resclass=[ -6, 15, -10 ] xT=false
  D4 above=T2 pat=000 resclass=[ -200390, -120234, 15 ] xT=false
  D4 above=T3 pat=000 resclass=[ -6, 15, -10 ] xT=false
  D4 above=T2 pat=000 resclass=[ -200390, -120234, 15 ] xT=false
  D4 above=T1 pat=000 resclass=[ 300585, -200390, -6 ] xT=false
  D4 above=T1 pat=000 resclass=[ 300585, -200390, -6 ] xT=false
  D4 above=T3 pat=000 resclass=[ -6, 15, -10 ] xT=false
  D4 above=T2 pat=000 resclass=[ -200390, -120234, 15 ] xT=false
  D4 above=T3 pat=000 resclass=[ -6, 15, -10 ] xT=false
  D4 above=T2 pat=000 resclass=[ -200390, -120234, 15 ] xT=false
MEMBER stv 4 3 2/3 shape=[ 1, 1, 2, 2 ] tors=[ 4, 4 ] order4=12 norm111=0 xTpass=0
  D4 above=T3 pat=000 resclass=[ -3, 2, -6 ] xT=false
  D4 above=T3 pat=000 resclass=[ -3, 2, -6 ] xT=false
  D4 above=T2 pat=000 resclass=[ -11445, -22890, 2 ] xT=false
  D4 above=T1 pat=000 resclass=[ 3815, -11445, -3 ] xT=false
  D4 above=T2 pat=000 resclass=[ -11445, -22890, 2 ] xT=false
  D4 above=T1 pat=000 resclass=[ 3815, -11445, -3 ] xT=false
  D4 above=T3 pat=000 resclass=[ -3, 2, -6 ] xT=false
  D4 above=T3 pat=000 resclass=[ -3, 2, -6 ] xT=false
  D4 above=T2 pat=000 resclass=[ -11445, -22890, 2 ] xT=false
  D4 above=T1 pat=000 resclass=[ 3815, -11445, -3 ] xT=false
  D4 above=T2 pat=000 resclass=[ -11445, -22890, 2 ] xT=false
  D4 above=T1 pat=000 resclass=[ 3815, -11445, -3 ] xT=false
MEMBER stv 10/7 11/10 1 shape=[ 1, 1, 2, 2 ] tors=[ 4, 4 ] order4=12 norm111=0 xTpass=0
  D4 above=T1 pat=000 resclass=[ 4180294264485549, 4272621339, 978391 ] xT=false
  D4 above=T1 pat=000 resclass=[ 4180294264485549, 4272621339, 978391 ] xT=false
  D4 above=T2 pat=000 resclass=[ 4272621339, 203458159, 21 ] xT=false
  D4 above=T3 pat=000 resclass=[ 978391, 21, 20546211 ] xT=false
  D4 above=T2 pat=000 resclass=[ 4272621339, 203458159, 21 ] xT=false
  D4 above=T3 pat=000 resclass=[ 978391, 21, 20546211 ] xT=false
  D4 above=T1 pat=000 resclass=[ 4180294264485549, 4272621339, 978391 ] xT=false
  D4 above=T1 pat=000 resclass=[ 4180294264485549, 4272621339, 978391 ] xT=false
  D4 above=T2 pat=000 resclass=[ 4272621339, 203458159, 21 ] xT=false
  D4 above=T3 pat=000 resclass=[ 978391, 21, 20546211 ] xT=false
  D4 above=T2 pat=000 resclass=[ 4272621339, 203458159, 21 ] xT=false
  D4 above=T3 pat=000 resclass=[ 978391, 21, 20546211 ] xT=false
MEMBER stv 7/2 17/16 15/17 shape=[ 1, 1, 2, 2 ] tors=[ 4, 4 ] order4=12 norm111=0 xTpass=0
  D4 above=T2 pat=000 resclass=[ 80747507885, 22022047605, 33 ] xT=false
  D4 above=T2 pat=000 resclass=[ 80747507885, 22022047605, 33 ] xT=false
  D4 above=T1 pat=000 resclass=[ 64737457254117395, 80747507885, 801727 ] xT=false
  D4 above=T3 pat=000 resclass=[ 801727, 33, 26456991 ] xT=false
  D4 above=T1 pat=000 resclass=[ 64737457254117395, 80747507885, 801727 ] xT=false
  D4 above=T3 pat=000 resclass=[ 801727, 33, 26456991 ] xT=false
  D4 above=T2 pat=000 resclass=[ 80747507885, 22022047605, 33 ] xT=false
  D4 above=T2 pat=000 resclass=[ 80747507885, 22022047605, 33 ] xT=false
  D4 above=T1 pat=000 resclass=[ 64737457254117395, 80747507885, 801727 ] xT=false
  D4 above=T3 pat=000 resclass=[ 801727, 33, 26456991 ] xT=false
  D4 above=T1 pat=000 resclass=[ 64737457254117395, 80747507885, 801727 ] xT=false
  D4 above=T3 pat=000 resclass=[ 801727, 33, 26456991 ] xT=false
MEMBER stv 7/20 8/13 -19/11 shape=[ 1, 1, 2, 2 ] tors=[ 4, 4 ] order4=12 norm111=0 xTpass=0
  D4 above=T3 pat=000 resclass=[ -61439, -105, 131655 ] xT=false
  D4 above=T3 pat=000 resclass=[ -61439, -105, 131655 ] xT=false
  D4 above=T1 pat=000 resclass=[ -4582309828416263295, 3654570901095345, -61439 ] xT=false
  D4 above=T2 pat=000 resclass=[ 3654570901095345, -34805437153289, -105 ] xT=false
  D4 above=T1 pat=000 resclass=[ -4582309828416263295, 3654570901095345, -61439 ] xT=false
  D4 above=T2 pat=000 resclass=[ 3654570901095345, -34805437153289, -105 ] xT=false
  D4 above=T3 pat=000 resclass=[ -61439, -105, 131655 ] xT=false
  D4 above=T3 pat=000 resclass=[ -61439, -105, 131655 ] xT=false
  D4 above=T1 pat=000 resclass=[ -4582309828416263295, 3654570901095345, -61439 ] xT=false
  D4 above=T2 pat=000 resclass=[ 3654570901095345, -34805437153289, -105 ] xT=false
  D4 above=T1 pat=000 resclass=[ -4582309828416263295, 3654570901095345, -61439 ] xT=false
  D4 above=T2 pat=000 resclass=[ 3654570901095345, -34805437153289, -105 ] xT=false
PART_DONE part=147
