MEMBER stv 1/4 3/4 2 shape=[ 1, 1, 2, 2 ] tors=[ 4, 4 ] order4=12 norm111=0 xTpass=0
  D4 above=T2 pat=000 resclass=[ -322, 46, -7 ] xT=false
  D4 above=T2 pat=000 resclass=[ -322, 46, -7 ] xT=false
  D4 above=T3 pat=000 resclass=[ -33, -7, 231 ] xT=false
  D4 above=T1 pat=000 resclass=[ 10626, -322, -33 ] xT=false
  D4 above=T3 pat=000 resclass=[ -33, -7, 231 ] xT=false
  D4 above=T1 pat=000 resclass=[ 10626, -322, -33 ] xT=false
  D4 above=T2 pat=000 resclass=[ -322, 46, -7 ] xT=false
  D4 above=T2 pat=000 resclass=[ -322, 46, -7 ] xT=false
  D4 above=T3 pat=000 resclass=[ -33, -7, 231 ] xT=false
  D4 above=T1 pat=000 resclass=[ 10626, -322, -33 ] xT=false
  D4 above=T3 pat=000 resclass=[ -33, -7, 231 ] xT=false
  D4 above=T1 pat=000 resclass=[ 10626, -322, -33 ] xT=false
MEMBER stv 1/3 2/3 3/4 shape=[ 1, 1, 2, 2 ] tors=[ 4, 4 ] order4=12 norm111=0 xTpass=0
  D4 above=T3 pat=000 resclass=[ -1, -5, 5 ] xT=false
  D4 above=T3 pat=000 resclass=[ -1, -5, 5 ] xT=false
  D4 above=T2 pat=000 resclass=[ -26715, 5343, -5 ] xT=false
  D4 above=T1 pat=000 resclass=[ 26715, -26715, -1 ] xT=false
  D4 above=T2 pat=000 resclass=[ -26715, 5343, -5 ] xT=false
  D4 above=T1 pat=000 resclass=[ 26715, -26715, -1 ] xT=false
  D4 above=T3 pat=000 resclass=[ -1, -5, 5 ] xT=false
  D4 above=T3 pat=000 resclass=[ -1, -5, 5 ] xT=false
  D4 above=T2 pat=000 resclass=[ -26715, 5343, -5 ] xT=false
  D4 above=T1 pat=000 resclass=[ 26715, -26715, -1 ] xT=false
  D4 above=T2 pat=000 resclass=[ -26715, 5343, -5 ] xT=false
  D4 above=T1 pat=000 resclass=[ 26715, -26715, -1 ] xT=false
MEMBER stv 1/2 1/2 1/4 shape=[ 1, 1, 2, 2 ] tors=[ 4, 4 ] order4=12 norm111=0 xTpass=0
  D4 above=T2 pat=000 resclass=[ -3621, 1207, -3 ] xT=false
  D4 above=T2 pat=000 resclass=[ -3621, 1207, -3 ] xT=false
  D4 above=T1 pat=000 resclass=[ 18105, -3621, -5 ] xT=false
  D4 above=T3 pat=000 resclass=[ -5, -3, 15 ] xT=false
  D4 above=T1 pat=000 resclass=[ 18105, -3621, -5 ] xT=false
  D4 above=T3 pat=000 resclass=[ -5, -3, 15 ] xT=false
  D4 above=T2 pat=000 resclass=[ -3621, 1207, -3 ] xT=false
  D4 above=T2 pat=000 resclass=[ -3621, 1207, -3 ] xT=false
  D4 above=T1 pat=000 resclass=[ 18105, -3621, -5 ] xT=false
  D4 above=T3 pat=000 resclass=[ -5, -3, 15 ] xT=false
  D4 above=T1 pat=000 resclass=[ 18105, -3621, -5 ] xT=false
  D4 above=T3 pat=000 resclass=[ -5, -3, 15 ] xT=false
MEMBER stv 2/3 1/4 3/2 shape=[ 1, 1, 2, 2 ] tors=[ 4, 4 ] order4=12 norm111=0 xTpass=0
  D4 above=T3 pat=000 resclass=[ -1001, -15, 15015 ] xT=false
  D4 above=T3 pat=000 resclass=[ -1001, -15, 15015 ] xT=false
  D4 above=T2 pat=000 resclass=[ -55, 33, -15 ] xT=false
  D4 above=T1 pat=000 resclass=[ 455, -55, -1001 ] xT=false
  D4 above=T2 pat=000 resclass=[ -55, 33, -15 ] xT=false
  D4 above=T1 pat=000 resclass=[ 455, -55, -1001 ] xT=false
  D4 above=T3 pat=000 resclass=[ -1001, -15, 15015 ] xT=false
  D4 above=T3 pat=000 resclass=[ -1001, -15, 15015 ] xT=false
  D4 above=T2 pat=000 resclass=[ -55, 33, -15 ] xT=false
  D4 above=T1 pat=000 resclass=[ 455, -55, -1001 ] xT=false
  D4 above=T2 pat=000 resclass=[ -55, 33, -15 ] xT=false
  D4 above=T1 pat=000 resclass=[ 455, -55, -1001 ] xT=false
MEMBER stv 2/3 4 2/3 shape=[ 1, 1, 2, 2 ] tors=[ 4, 4 ] order4=12 norm111=0 xTpass=0
  D4 above=T3 pat=000 resclass=[ -2021, 15, -30315 ] xT=false
  D4 above=T3 pat=000 resclass=[ -2021, 15, -30315 ] xT=false
  D4 above=T2 pat=000 resclass=[ -59990, -35994, 15 ] xT=false
  D4 above=T1 pat=000 resclass=[ 121239790, -59990, -2021 ] xT=false
  D4 above=T2 pat=000 resclass=[ -59990, -35994, 15 ] xT=false
  D4 above=T1 pat=000 resclass=[ 121239790, -59990, -2021 ] xT=false
  D4 above=T3 pat=000 resclass=[ -2021, 15, -30315 ] xT=false
  D4 above=T3 pat=000 resclass=[ -2021, 15, -30315 ] xT=false
  D4 above=T2 pat=000 resclass=[ -59990, -35994, 15 ] xT=false
  D4 above=T1 pat=000 resclass=[ 121239790, -59990, -2021 ] xT=false
  D4 above=T2 pat=000 resclass=[ -59990, -35994, 15 ] xT=false
  D4 above=T1 pat=000 resclass=[ 121239790, -59990, -2021 ] xT=false
MEMBER stv 3/4 2 4 shape=[ 1, 1, 2, 2 ] tors=[ 4, 4 ] order4=12 norm111=0 xTpass=0
  D4 above=T3 pat=000 resclass=[ -15, 3, -5 ] xT=false
  D4 above=T3 pat=000 resclass=[ -15, 3, -5 ] xT=false
  D4 above=T1 pat=000 resclass=[ 11635, -6981, -15 ] xT=false
  D4 above=T2 pat=000 resclass=[ -6981, -2327, 3 ] xT=false
  D4 above=T1 pat=000 resclass=[ 11635, -6981, -15 ] xT=false
  D4 above=T2 pat=000 resclass=[ -6981, -2327, 3 ] xT=false
  D4 above=T3 pat=000 resclass=[ -15, 3, -5 ] xT=false
  D4 above=T3 pat=000 resclass=[ -15, 3, -5 ] xT=false
  D4 above=T1 pat=000 resclass=[ 11635, -6981, -15 ] xT=false
  D4 above=T2 pat=000 resclass=[ -6981, -2327, 3 ] xT=false
  D4 above=T1 pat=000 resclass=[ 11635, -6981, -15 ] xT=false
  D4 above=T2 pat=000 resclass=[ -6981, -2327, 3 ] xT=false
MEMBER stv 1 3/2 4/3 shape=[ 1, 1, 2, 2 ] tors=[ 4, 4 ] order4=12 norm111=0 xTpass=0
  D4 above=T2 pat=000 resclass=[ -1785, -357, 5 ] xT=false
  D4 above=T2 pat=000 resclass=[ -1785, -357, 5 ] xT=false
  D4 above=T3 pat=000 resclass=[ -1, 5, -5 ] xT=false
  D4 above=T1 pat=000 resclass=[ 1785, -1785, -1 ] xT=false
  D4 above=T3 pat=000 resclass=[ -1, 5, -5 ] xT=false
  D4 above=T1 pat=000 resclass=[ 1785, -1785, -1 ] xT=false
  D4 above=T2 pat=000 resclass=[ -1785, -357, 5 ] xT=false
  D4 above=T2 pat=000 resclass=[ -1785, -357, 5 ] xT=false
  D4 above=T3 pat=000 resclass=[ -1, 5, -5 ] xT=false
  D4 above=T1 pat=000 resclass=[ 1785, -1785, -1 ] xT=false
  D4 above=T3 pat=000 resclass=[ -1, 5, -5 ] xT=false
  D4 above=T1 pat=000 resclass=[ 1785, -1785, -1 ] xT=false
MEMBER stv 4/3 4/3 1/2 shape=[ 1, 1, 2, 2 ] tors=[ 4, 4 ] order4=12 norm111=0 xTpass=0
  D4 above=T1 pat=000 resclass=[ 2193170, 23086, 95 ] xT=false
  D4 above=T1 pat=000 resclass=[ 2193170, 23086, 95 ] xT=false
  D4 above=T3 pat=000 resclass=[ 95, 7, 665 ] xT=false
  D4 above=T2 pat=000 resclass=[ 23086, 3298, 7 ] xT=false
  D4 above=T3 pat=000 resclass=[ 95, 7, 665 ] xT=false
  D4 above=T2 pat=000 resclass=[ 23086, 3298, 7 ] xT=false
  D4 above=T1 pat=000 resclass=[ 2193170, 23086, 95 ] xT=false
  D4 above=T1 pat=000 resclass=[ 2193170, 23086, 95 ] xT=false
  D4 above=T3 pat=000 resclass=[ 95, 7, 665 ] xT=false
  D4 above=T2 pat=000 resclass=[ 23086, 3298, 7 ] xT=false
  D4 above=T3 pat=000 resclass=[ 95, 7, 665 ] xT=false
  D4 above=T2 pat=000 resclass=[ 23086, 3298, 7 ] xT=false
MEMBER stv 3/2 2/3 3 shape=[ 1, 1, 2, 2 ] tors=[ 4, 4 ] order4=12 norm111=0 xTpass=0
  D4 above=T1 pat=000 resclass=[ -89402915, -142135, 629 ] xT=false
  D4 above=T1 pat=000 resclass=[ -89402915, -142135, 629 ] xT=false
  D4 above=T2 pat=000 resclass=[ -142135, 28427, -5 ] xT=false
  D4 above=T3 pat=000 resclass=[ 629, -5, -3145 ] xT=false
  D4 above=T2 pat=000 resclass=[ -142135, 28427, -5 ] xT=false
  D4 above=T3 pat=000 resclass=[ 629, -5, -3145 ] xT=false
  D4 above=T1 pat=000 resclass=[ -89402915, -142135, 629 ] xT=false
  D4 above=T1 pat=000 resclass=[ -89402915, -142135, 629 ] xT=false
  D4 above=T2 pat=000 resclass=[ -142135, 28427, -5 ] xT=false
  D4 above=T3 pat=000 resclass=[ 629, -5, -3145 ] xT=false
  D4 above=T2 pat=000 resclass=[ -142135, 28427, -5 ] xT=false
  D4 above=T3 pat=000 resclass=[ 629, -5, -3145 ] xT=false
MEMBER stv 2 1/2 1 shape=[ 1, 1, 2, 2 ] tors=[ 4, 4 ] order4=12 norm111=0 xTpass=0
  D4 above=T1 pat=000 resclass=[ -2739, -1245, 55 ] xT=false
  D4 above=T1 pat=000 resclass=[ -2739, -1245, 55 ] xT=false
  D4 above=T3 pat=000 resclass=[ 55, -3, -165 ] xT=false
  D4 above=T2 pat=000 resclass=[ -1245, 415, -3 ] xT=false
  D4 above=T3 pat=000 resclass=[ 55, -3, -165 ] xT=false
  D4 above=T2 pat=000 resclass=[ -1245, 415, -3 ] xT=false
  D4 above=T1 pat=000 resclass=[ -2739, -1245, 55 ] xT=false
  D4 above=T1 pat=000 resclass=[ -2739, -1245, 55 ] xT=false
  D4 above=T3 pat=000 resclass=[ 55, -3, -165 ] xT=false
  D4 above=T2 pat=000 resclass=[ -1245, 415, -3 ] xT=false
  D4 above=T3 pat=000 resclass=[ 55, -3, -165 ] xT=false
  D4 above=T2 pat=000 resclass=[ -1245, 415, -3 ] xT=false
MEMBER stv 3 1/3 1/3 shape=[ 1, 1, 2, 2 ] tors=[ 4, 4 ] order4=12 norm111=0 xTpass=0
  D4 above=T1 pat=000 resclass=[ -266, -10, 665 ] xT=false
  D4 above=T1 pat=000 resclass=[ -266, -10, 665 ] xT=false
  D4 above=T2 pat=000 resclass=[ -10, 5, -2 ] xT=false
  D4 above=T3 pat=000 resclass=[ 665, -2, -1330 ] xT=false
  D4 above=T2 pat=000 resclass=[ -10, 5, -2 ] xT=false
  D4 above=T3 pat=000 resclass=[ 665, -2, -1330 ] xT=false
  D4 above=T1 pat=000 resclass=[ -266, -10, 665 ] xT=false
  D4 above=T1 pat=000 resclass=[ -266, -10, 665 ] xT=false
  D4 above=T2 pat=000 resclass=[ -10, 5, -2 ] xT=false
  D4 above=T3 pat=000 resclass=[ 665, -2, -1330 ] xT=false
  D4 above=T2 pat=000 resclass=[ -10, 5, -2 ] xT=false
  D4 above=T3 pat=000 resclass=[ 665, -2, -1330 ] xT=false
MEMBER stv 3 4 2 shape=[ 1, 1, 2, 2 ] tors=[ 4, 4 ] order4=12 norm111=0 xTpass=0
  D4 above=T3 pat=000 resclass=[ -6, 15, -10 ] xT=false
  D4 above=T3 pat=000 resclass=[ -6, 15, -10 ] xT=false
  D4 above=T2 pat=000 resclass=[ -262770, -17518, 15 ] xT=false
  D4 above=T1 pat=000 resclass=[ 43795, -262770, -6 ] xT=false
  D4 above=T2 pat=000 resclass=[ -262770, -17518, 15 ] xT=false
  D4 above=T1 pat=000 resclass=[ 43795, -262770, -6 ] xT=false
  D4 above=T3 pat=000 resclass=[ -6, 15, -10 ] xT=false
  D4 above=T3 pat=000 resclass=[ -6, 15, -10 ] xT=false
  D4 above=T2 pat=000 resclass=[ -262770, -17518, 15 ] xT=false
  D4 above=T1 pat=000 resclass=[ 43795, -262770, -6 ] xT=false
  D4 above=T2 pat=000 resclass=[ -262770, -17518, 15 ] xT=false
  D4 above=T1 pat=000 resclass=[ 43795, -262770, -6 ] xT=false
MEMBER stv 4 3 3/4 shape=[ 1, 1, 2, 2 ] tors=[ 4, 4 ] order4=12 norm111=0 xTpass=0
  D4 above=T2 pat=000 resclass=[ -3198, -1599, 2 ] xT=false
  D4 above=T2 pat=000 resclass=[ -3198, -1599, 2 ] xT=false
  D4 above=T1 pat=000 resclass=[ 1066, -3198, -3 ] xT=false
  D4 above=T3 pat=000 resclass=[ -3, 2, -6 ] xT=false
  D4 above=T1 pat=000 resclass=[ 1066, -3198, -3 ] xT=false
  D4 above=T3 pat=000 resclass=[ -3, 2, -6 ] xT=false
  D4 above=T2 pat=000 resclass=[ -3198, -1599, 2 ] xT=false
  D4 above=T2 pat=000 resclass=[ -3198, -1599, 2 ] xT=false
  D4 above=T1 pat=000 resclass=[ 1066, -3198, -3 ] xT=false
  D4 above=T3 pat=000 resclass=[ -3, 2, -6 ] xT=false
  D4 above=T1 pat=000 resclass=[ 1066, -3198, -3 ] xT=false
  D4 above=T3 pat=000 resclass=[ -3, 2, -6 ] xT=false
MEMBER stv 13/4 2/3 -10/19 shape=[ 1, 1, 2, 2 ] tors=[ 4, 4 ] order4=12 norm111=0 xTpass=0
  D4 above=T1 pat=000 resclass=[ 2244867687062, 168926758, 13289 ] xT=false
  D4 above=T1 pat=000 resclass=[ 2244867687062, 168926758, 13289 ] xT=false
  D4 above=T2 pat=000 resclass=[ 168926758, -844633790, -5 ] xT=false
  D4 above=T3 pat=000 resclass=[ 13289, -5, -66445 ] xT=false
  D4 above=T2 pat=000 resclass=[ 168926758, -844633790, -5 ] xT=false
  D4 above=T3 pat=000 resclass=[ 13289, -5, -66445 ] xT=false
  D4 above=T1 pat=000 resclass=[ 2244867687062, 168926758, 13289 ] xT=false
  D4 above=T1 pat=000 resclass=[ 2244867687062, 168926758, 13289 ] xT=false
  D4 above=T2 pat=000 resclass=[ 168926758, -844633790, -5 ] xT=false
  D4 above=T3 pat=000 resclass=[ 13289, -5, -66445 ] xT=false
  D4 above=T2 pat=000 resclass=[ 168926758, -844633790, -5 ] xT=false
  D4 above=T3 pat=000 resclass=[ 13289, -5, -66445 ] xT=false
MEMBER stv 1/10 16/15 -2/7 shape=[ 1, 1, 2, 2 ] tors=[ 4, 4 ] order4=12 norm111=0 xTpass=0
  D4 above=T1 pat=000 resclass=[ 203460507962726, -111852945554, -1819 ] xT=false
  D4 above=T1 pat=000 resclass=[ 203460507962726, -111852945554, -1819 ] xT=false
  D4 above=T3 pat=000 resclass=[ -1819, 31, -56389 ] xT=false
  D4 above=T2 pat=000 resclass=[ -111852945554, -3608159534, 31 ] xT=false
  D4 above=T3 pat=000 resclass=[ -1819, 31, -56389 ] xT=false
  D4 above=T2 pat=000 resclass=[ -111852945554, -3608159534, 31 ] xT=false
  D4 above=T1 pat=000 resclass=[ 203460507962726, -111852945554, -1819 ] xT=false
  D4 above=T1 pat=000 resclass=[ 203460507962726, -111852945554, -1819 ] xT=false
  D4 above=T3 pat=000 resclass=[ -1819, 31, -56389 ] xT=false
  D4 above=T2 pat=000 resclass=[ -111852945554, -3608159534, 31 ] xT=false
  D4 above=T3 pat=000 resclass=[ -1819, 31, -56389 ] xT=false
  D4 above=T2 pat=000 resclass=[ -111852945554, -3608159534, 31 ] xT=false
MEMBER stv 9/7 1/6 -16/9 shape=[ 1, 1, 2, 2 ] tors=[ 4, 4 ] order4=12 norm111=0 xTpass=0
  D4 above=T2 pat=000 resclass=[ 9439010, -269686, -35 ] xT=false
  D4 above=T2 pat=000 resclass=[ 9439010, -269686, -35 ] xT=false
  D4 above=T1 pat=000 resclass=[ 424292938510, 9439010, 44951 ] xT=false
  D4 above=T3 pat=000 resclass=[ 44951, -35, -1573285 ] xT=false
  D4 above=T1 pat=000 resclass=[ 424292938510, 9439010, 44951 ] xT=false
  D4 above=T3 pat=000 resclass=[ 44951, -35, -1573285 ] xT=false
  D4 above=T2 pat=000 resclass=[ 9439010, -269686, -35 ] xT=false
  D4 above=T2 pat=000 resclass=[ 9439010, -269686, -35 ] xT=false
  D4 above=T1 pat=000 resclass=[ 424292938510, 9439010, 44951 ] xT=false
  D4 above=T3 pat=000 resclass=[ 44951, -35, -1573285 ] xT=false
  D4 above=T1 pat=000 resclass=[ 424292938510, 9439010, 44951 ] xT=false
  D4 above=T3 pat=000 resclass=[ 44951, -35, -1573285 ] xT=false
PART_DONE part=149
