MEMBER mnv -1/2 1/4 16384/269951 shape=[ 1, 1, 2, 2 ] tors=[ 4, 4 ] order4=12 norm111=12 xTpass=0
  D4 above=T1 pat=111 resclass=[ 1, 1, 1 ] xT=false
  D4 above=T1 pat=111 resclass=[ 1, 1, 1 ] xT=false
  D4 above=T2 pat=111 resclass=[ 1, 1, 1 ] xT=false
  D4 above=T3 pat=111 resclass=[ 1, 1, 1 ] xT=false
  D4 above=T2 pat=111 resclass=[ 1, 1, 1 ] xT=false
  D4 above=T3 pat=111 resclass=[ 1, 1, 1 ] xT=false
  D4 above=T1 pat=111 resclass=[ 1, 1, 1 ] xT=false
  D4 above=T1 pat=111 resclass=[ 1, 1, 1 ] xT=false
  D4 above=T2 pat=111 resclass=[ 1, 1, 1 ] xT=false
  D4 above=T3 pat=111 resclass=[ 1, 1, 1 ] xT=false
  D4 above=T2 pat=111 resclass=[ 1, 1, 1 ] xT=false
  D4 above=T3 pat=111 resclass=[ 1, 1, 1 ] xT=false
MEMBER stv 1/4 2 2/3 shape=[ 1, 1, 2, 2 ] tors=[ 4, 4 ] order4=12 norm111=0 xTpass=0
  D4 above=T1 pat=000 resclass=[ 47762, -334, -143 ] xT=false
  D4 above=T1 pat=000 resclass=[ 47762, -334, -143 ] xT=false
  D4 above=T3 pat=000 resclass=[ -143, 3, -429 ] xT=false
  D4 above=T2 pat=000 resclass=[ -334, -1002, 3 ] xT=false
  D4 above=T3 pat=000 resclass=[ -143, 3, -429 ] xT=false
  D4 above=T2 pat=000 resclass=[ -334, -1002, 3 ] xT=false
  D4 above=T1 pat=000 resclass=[ 47762, -334, -143 ] xT=false
  D4 above=T1 pat=000 resclass=[ 47762, -334, -143 ] xT=false
  D4 above=T3 pat=000 resclass=[ -143, 3, -429 ] xT=false
  D4 above=T2 pat=000 resclass=[ -334, -1002, 3 ] xT=false
  D4 above=T3 pat=000 resclass=[ -143, 3, -429 ] xT=false
  D4 above=T2 pat=000 resclass=[ -334, -1002, 3 ] xT=false
MEMBER stv 1/3 4/3 4 shape=[ 1, 1, 2, 2 ] tors=[ 4, 4 ] order4=12 norm111=0 xTpass=0
  D4 above=T2 pat=000 resclass=[ -30121, -4303, 7 ] xT=false
  D4 above=T2 pat=000 resclass=[ -30121, -4303, 7 ] xT=false
  D4 above=T3 pat=000 resclass=[ -10, 7, -70 ] xT=false
  D4 above=T1 pat=000 resclass=[ 301210, -30121, -10 ] xT=false
  D4 above=T3 pat=000 resclass=[ -10, 7, -70 ] xT=false
  D4 above=T1 pat=000 resclass=[ 301210, -30121, -10 ] xT=false
  D4 above=T2 pat=000 resclass=[ -30121, -4303, 7 ] xT=false
  D4 above=T2 pat=000 resclass=[ -30121, -4303, 7 ] xT=false
  D4 above=T3 pat=000 resclass=[ -10, 7, -70 ] xT=false
  D4 above=T1 pat=000 resclass=[ 301210, -30121, -10 ] xT=false
  D4 above=T3 pat=000 resclass=[ -10, 7, -70 ] xT=false
  D4 above=T1 pat=000 resclass=[ 301210, -30121, -10 ] xT=false
MEMBER stv 1/2 3/4 4/3 shape=[ 1, 1, 2, 2 ] tors=[ 4, 4 ] order4=12 norm111=0 xTpass=0
  D4 above=T2 pat=000 resclass=[ -6699, 957, -7 ] xT=false
  D4 above=T2 pat=000 resclass=[ -6699, 957, -7 ] xT=false
  D4 above=T1 pat=000 resclass=[ -11165, -6699, 15 ] xT=false
  D4 above=T3 pat=000 resclass=[ 15, -7, -105 ] xT=false
  D4 above=T1 pat=000 resclass=[ -11165, -6699, 15 ] xT=false
  D4 above=T3 pat=000 resclass=[ 15, -7, -105 ] xT=false
  D4 above=T2 pat=000 resclass=[ -6699, 957, -7 ] xT=false
  D4 above=T2 pat=000 resclass=[ -6699, 957, -7 ] xT=false
  D4 above=T1 pat=000 resclass=[ -11165, -6699, 15 ] xT=false
  D4 above=T3 pat=000 resclass=[ 15, -7, -105 ] xT=false
  D4 above=T1 pat=000 resclass=[ -11165, -6699, 15 ] xT=false
  D4 above=T3 pat=000 resclass=[ 15, -7, -105 ] xT=false
MEMBER stv 2/3 2/3 1/2 shape=[ 1, 1, 2, 2 ] tors=[ 4, 4 ] order4=12 norm111=0 xTpass=0
  D4 above=T1 pat=000 resclass=[ -1090, -11990, 11 ] xT=false
  D4 above=T1 pat=000 resclass=[ -1090, -11990, 11 ] xT=false
  D4 above=T3 pat=000 resclass=[ 11, -5, -55 ] xT=false
  D4 above=T2 pat=000 resclass=[ -11990, 2398, -5 ] xT=false
  D4 above=T3 pat=000 resclass=[ 11, -5, -55 ] xT=false
  D4 above=T2 pat=000 resclass=[ -11990, 2398, -5 ] xT=false
  D4 above=T1 pat=000 resclass=[ -1090, -11990, 11 ] xT=false
  D4 above=T1 pat=000 resclass=[ -1090, -11990, 11 ] xT=false
  D4 above=T3 pat=000 resclass=[ 11, -5, -55 ] xT=false
  D4 above=T2 pat=000 resclass=[ -11990, 2398, -5 ] xT=false
  D4 above=T3 pat=000 resclass=[ 11, -5, -55 ] xT=false
  D4 above=T2 pat=000 resclass=[ -11990, 2398, -5 ] xT=false
MEMBER stv 3/4 1/3 3 shape=[ 1, 1, 2, 2 ] tors=[ 4, 4 ] order4=12 norm111=0 xTpass=0
  D4 above=T2 pat=000 resclass=[ -110854, 55427, -2 ] xT=false
  D4 above=T2 pat=000 resclass=[ -110854, 55427, -2 ] xT=false
  D4 above=T1 pat=000 resclass=[ 32701930, -110854, -295 ] xT=false
  D4 above=T3 pat=000 resclass=[ -295, -2, 590 ] xT=false
  D4 above=T1 pat=000 resclass=[ 32701930, -110854, -295 ] xT=false
  D4 above=T3 pat=000 resclass=[ -295, -2, 590 ] xT=false
  D4 above=T2 pat=000 resclass=[ -110854, 55427, -2 ] xT=false
  D4 above=T2 pat=000 resclass=[ -110854, 55427, -2 ] xT=false
  D4 above=T1 pat=000 resclass=[ 32701930, -110854, -295 ] xT=false
  D4 above=T3 pat=000 resclass=[ -295, -2, 590 ] xT=false
  D4 above=T1 pat=000 resclass=[ 32701930, -110854, -295 ] xT=false
  D4 above=T3 pat=000 resclass=[ -295, -2, 590 ] xT=false
MEMBER stv 1 1/4 1 shape=[ 1, 1, 2, 2 ] tors=[ 4, 4 ] order4=12 norm111=0 xTpass=0
  D4 above=T3 pat=000 resclass=[ 31, -15, -465 ] xT=false
  D4 above=T3 pat=000 resclass=[ 31, -15, -465 ] xT=false
  D4 above=T1 pat=000 resclass=[ -510, -15810, 31 ] xT=false
  D4 above=T2 pat=000 resclass=[ -15810, 1054, -15 ] xT=false
  D4 above=T1 pat=000 resclass=[ -510, -15810, 31 ] xT=false
  D4 above=T2 pat=000 resclass=[ -15810, 1054, -15 ] xT=false
  D4 above=T3 pat=000 resclass=[ 31, -15, -465 ] xT=false
  D4 above=T3 pat=000 resclass=[ 31, -15, -465 ] xT=false
  D4 above=T1 pat=000 resclass=[ -510, -15810, 31 ] xT=false
  D4 above=T2 pat=000 resclass=[ -15810, 1054, -15 ] xT=false
  D4 above=T1 pat=000 resclass=[ -510, -15810, 31 ] xT=false
  D4 above=T2 pat=000 resclass=[ -15810, 1054, -15 ] xT=false
MEMBER stv 1 4 1/3 shape=[ 1, 1, 2, 2 ] tors=[ 4, 4 ] order4=12 norm111=0 xTpass=0
  D4 above=T2 pat=000 resclass=[ -295, -177, 15 ] xT=false
  D4 above=T2 pat=000 resclass=[ -295, -177, 15 ] xT=false
  D4 above=T3 pat=000 resclass=[ -14, 15, -210 ] xT=false
  D4 above=T1 pat=000 resclass=[ 4130, -295, -14 ] xT=false
  D4 above=T3 pat=000 resclass=[ -14, 15, -210 ] xT=false
  D4 above=T1 pat=000 resclass=[ 4130, -295, -14 ] xT=false
  D4 above=T2 pat=000 resclass=[ -295, -177, 15 ] xT=false
  D4 above=T2 pat=000 resclass=[ -295, -177, 15 ] xT=false
  D4 above=T3 pat=000 resclass=[ -14, 15, -210 ] xT=false
  D4 above=T1 pat=000 resclass=[ 4130, -295, -14 ] xT=false
  D4 above=T3 pat=000 resclass=[ -14, 15, -210 ] xT=false
  D4 above=T1 pat=000 resclass=[ 4130, -295, -14 ] xT=false
MEMBER stv 4/3 2 2 shape=[ 1, 1, 2, 2 ] tors=[ 4, 4 ] order4=12 norm111=0 xTpass=0
  D4 above=T1 pat=000 resclass=[ 111930, -1722, -65 ] xT=false
  D4 above=T1 pat=000 resclass=[ 111930, -1722, -65 ] xT=false
  D4 above=T3 pat=000 resclass=[ -65, 3, -195 ] xT=false
  D4 above=T2 pat=000 resclass=[ -1722, -574, 3 ] xT=false
  D4 above=T3 pat=000 resclass=[ -65, 3, -195 ] xT=false
  D4 above=T2 pat=000 resclass=[ -1722, -574, 3 ] xT=false
  D4 above=T1 pat=000 resclass=[ 111930, -1722, -65 ] xT=false
  D4 above=T1 pat=000 resclass=[ 111930, -1722, -65 ] xT=false
  D4 above=T3 pat=000 resclass=[ -65, 3, -195 ] xT=false
  D4 above=T2 pat=000 resclass=[ -1722, -574, 3 ] xT=false
  D4 above=T3 pat=000 resclass=[ -65, 3, -195 ] xT=false
  D4 above=T2 pat=000 resclass=[ -1722, -574, 3 ] xT=false
MEMBER stv 3/2 3/2 3/4 shape=[ 1, 1, 2, 2 ] tors=[ 4, 4 ] order4=12 norm111=0 xTpass=0
  D4 above=T2 pat=000 resclass=[ 23865, 4773, 5 ] xT=false
  D4 above=T2 pat=000 resclass=[ 23865, 4773, 5 ] xT=false
  D4 above=T1 pat=000 resclass=[ 262515, 23865, 11 ] xT=false
  D4 above=T3 pat=000 resclass=[ 11, 5, 55 ] xT=false
  D4 above=T1 pat=000 resclass=[ 262515, 23865, 11 ] xT=false
  D4 above=T3 pat=000 resclass=[ 11, 5, 55 ] xT=false
  D4 above=T2 pat=000 resclass=[ 23865, 4773, 5 ] xT=false
  D4 above=T2 pat=000 resclass=[ 23865, 4773, 5 ] xT=false
  D4 above=T1 pat=000 resclass=[ 262515, 23865, 11 ] xT=false
  D4 above=T3 pat=000 resclass=[ 11, 5, 55 ] xT=false
  D4 above=T1 pat=000 resclass=[ 262515, 23865, 11 ] xT=false
  D4 above=T3 pat=000 resclass=[ 11, 5, 55 ] xT=false
MEMBER stv 2 4/3 1/4 shape=[ 1, 1, 2, 2 ] tors=[ 4, 4 ] order4=12 norm111=0 xTpass=0
  D4 above=T3 pat=000 resclass=[ 11, 7, 77 ] xT=false
  D4 above=T3 pat=000 resclass=[ 11, 7, 77 ] xT=false
  D4 above=T2 pat=000 resclass=[ 469, 67, 7 ] xT=false
  D4 above=T1 pat=000 resclass=[ 5159, 469, 11 ] xT=false
  D4 above=T2 pat=000 resclass=[ 469, 67, 7 ] xT=false
  D4 above=T1 pat=000 resclass=[ 5159, 469, 11 ] xT=false
  D4 above=T3 pat=000 resclass=[ 11, 7, 77 ] xT=false
  D4 above=T3 pat=000 resclass=[ 11, 7, 77 ] xT=false
  D4 above=T2 pat=000 resclass=[ 469, 67, 7 ] xT=false
  D4 above=T1 pat=000 resclass=[ 5159, 469, 11 ] xT=false
  D4 above=T2 pat=000 resclass=[ 469, 67, 7 ] xT=false
  D4 above=T1 pat=000 resclass=[ 5159, 469, 11 ] xT=false
MEMBER stv 3 2/3 3/2 shape=[ 1, 1, 2, 2 ] tors=[ 4, 4 ] order4=12 norm111=0 xTpass=0
  D4 above=T1 pat=000 resclass=[ -21170, -232870, 11 ] xT=false
  D4 above=T1 pat=000 resclass=[ -21170, -232870, 11 ] xT=false
  D4 above=T3 pat=000 resclass=[ 11, -5, -55 ] xT=false
  D4 above=T2 pat=000 resclass=[ -232870, 46574, -5 ] xT=false
  D4 above=T3 pat=000 resclass=[ 11, -5, -55 ] xT=false
  D4 above=T2 pat=000 resclass=[ -232870, 46574, -5 ] xT=false
  D4 above=T1 pat=000 resclass=[ -21170, -232870, 11 ] xT=false
  D4 above=T1 pat=000 resclass=[ -21170, -232870, 11 ] xT=false
  D4 above=T3 pat=000 resclass=[ 11, -5, -55 ] xT=false
  D4 above=T2 pat=000 resclass=[ -232870, 46574, -5 ] xT=false
  D4 above=T3 pat=000 resclass=[ 11, -5, -55 ] xT=false
  D4 above=T2 pat=000 resclass=[ -232870, 46574, -5 ] xT=false
MEMBER stv 4 1/2 2/3 shape=[ 1, 1, 2, 2 ] tors=[ 4, 4 ] order4=12 norm111=0 xTpass=0
  D4 above=T2 pat=000 resclass=[ -9905, 29715, -3 ] xT=false
  D4 above=T2 pat=000 resclass=[ -9905, 29715, -3 ] xT=false
  D4 above=T1 pat=000 resclass=[ -2446535, -9905, 247 ] xT=false
  D4 above=T3 pat=000 resclass=[ 247, -3, -741 ] xT=false
  D4 above=T1 pat=000 resclass=[ -2446535, -9905, 247 ] xT=false
  D4 above=T3 pat=000 resclass=[ 247, -3, -741 ] xT=false
  D4 above=T2 pat=000 resclass=[ -9905, 29715, -3 ] xT=false
  D4 above=T2 pat=000 resclass=[ -9905, 29715, -3 ] xT=false
  D4 above=T1 pat=000 resclass=[ -2446535, -9905, 247 ] xT=false
  D4 above=T3 pat=000 resclass=[ 247, -3, -741 ] xT=false
  D4 above=T1 pat=000 resclass=[ -2446535, -9905, 247 ] xT=false
  D4 above=T3 pat=000 resclass=[ 247, -3, -741 ] xT=false
MEMBER stv 1 16 -14/11 shape=[ 1, 1, 2, 2 ] tors=[ 4, 4 ] order4=12 norm111=0 xTpass=0
  D4 above=T3 pat=000 resclass=[ -254, 255, -64770 ] xT=false
  D4 above=T3 pat=000 resclass=[ -254, 255, -64770 ] xT=false
  D4 above=T1 pat=000 resclass=[ -759661519155, 11963173530, -254 ] xT=false
  D4 above=T2 pat=000 resclass=[ 11963173530, 46914406, 255 ] xT=false
  D4 above=T1 pat=000 resclass=[ -759661519155, 11963173530, -254 ] xT=false
  D4 above=T2 pat=000 resclass=[ 11963173530, 46914406, 255 ] xT=false
  D4 above=T3 pat=000 resclass=[ -254, 255, -64770 ] xT=false
  D4 above=T3 pat=000 resclass=[ -254, 255, -64770 ] xT=false
  D4 above=T1 pat=000 resclass=[ -759661519155, 11963173530, -254 ] xT=false
  D4 above=T2 pat=000 resclass=[ 11963173530, 46914406, 255 ] xT=false
  D4 above=T1 pat=000 resclass=[ -759661519155, 11963173530, -254 ] xT=false
  D4 above=T2 pat=000 resclass=[ 11963173530, 46914406, 255 ] xT=false
MEMBER stv 12/5 2/3 4/3 shape=[ 1, 1, 2, 2 ] tors=[ 4, 4 ] order4=12 norm111=0 xTpass=0
  D4 above=T3 pat=000 resclass=[ 11039, -5, -55195 ] xT=false
  D4 above=T3 pat=000 resclass=[ 11039, -5, -55195 ] xT=false
  D4 above=T1 pat=000 resclass=[ -13378171985, -59383135, 11039 ] xT=false
  D4 above=T2 pat=000 resclass=[ -59383135, 11876627, -5 ] xT=false
  D4 above=T1 pat=000 resclass=[ -13378171985, -59383135, 11039 ] xT=false
  D4 above=T2 pat=000 resclass=[ -59383135, 11876627, -5 ] xT=false
  D4 above=T3 pat=000 resclass=[ 11039, -5, -55195 ] xT=false
  D4 above=T3 pat=000 resclass=[ 11039, -5, -55195 ] xT=false
  D4 above=T1 pat=000 resclass=[ -13378171985, -59383135, 11039 ] xT=false
  D4 above=T2 pat=000 resclass=[ -59383135, 11876627, -5 ] xT=false
  D4 above=T1 pat=000 resclass=[ -13378171985, -59383135, 11039 ] xT=false
  D4 above=T2 pat=000 resclass=[ -59383135, 11876627, -5 ] xT=false
MEMBER stv 11/14 9/2 -1/3 shape=[ 1, 1, 2, 2 ] tors=[ 4, 4 ] order4=12 norm111=0 xTpass=0
  D4 above=T3 pat=000 resclass=[ -2397, 77, -184569 ] xT=false
  D4 above=T3 pat=000 resclass=[ -2397, 77, -184569 ] xT=false
  D4 above=T1 pat=000 resclass=[ 8834310713921, -33170127837, -2397 ] xT=false
  D4 above=T2 pat=000 resclass=[ -33170127837, -430780881, 77 ] xT=false
  D4 above=T1 pat=000 resclass=[ 8834310713921, -33170127837, -2397 ] xT=false
  D4 above=T2 pat=000 resclass=[ -33170127837, -430780881, 77 ] xT=false
  D4 above=T3 pat=000 resclass=[ -2397, 77, -184569 ] xT=false
  D4 above=T3 pat=000 resclass=[ -2397, 77, -184569 ] xT=false
  D4 above=T1 pat=000 resclass=[ 8834310713921, -33170127837, -2397 ] xT=false
  D4 above=T2 pat=000 resclass=[ -33170127837, -430780881, 77 ] xT=false
  D4 above=T1 pat=000 resclass=[ 8834310713921, -33170127837, -2397 ] xT=false
  D4 above=T2 pat=000 resclass=[ -33170127837, -430780881, 77 ] xT=false
MEMBER stv 3/2 5/7 11/9 shape=[ 1, 1, 2, 2 ] tors=[ 4, 4 ] order4=12 norm111=0 xTpass=0
  D4 above=T3 pat=000 resclass=[ 2145, -6, -1430 ] xT=false
  D4 above=T3 pat=000 resclass=[ 2145, -6, -1430 ] xT=false
  D4 above=T2 pat=000 resclass=[ -1542354, 257059, -6 ] xT=false
  D4 above=T1 pat=000 resclass=[ -3037970, -1542354, 2145 ] xT=false
  D4 above=T2 pat=000 resclass=[ -1542354, 257059, -6 ] xT=false
  D4 above=T1 pat=000 resclass=[ -3037970, -1542354, 2145 ] xT=false
  D4 above=T3 pat=000 resclass=[ 2145, -6, -1430 ] xT=false
  D4 above=T3 pat=000 resclass=[ 2145, -6, -1430 ] xT=false
  D4 above=T2 pat=000 resclass=[ -1542354, 257059, -6 ] xT=false
  D4 above=T1 pat=000 resclass=[ -3037970, -1542354, 2145 ] xT=false
  D4 above=T2 pat=000 resclass=[ -1542354, 257059, -6 ] xT=false
  D4 above=T1 pat=000 resclass=[ -3037970, -1542354, 2145 ] xT=false
PART_DONE part=15
