MEMBER stv 1/4 3/4 -2 shape=[ 1, 1, 2, 2 ] tors=[ 4, 4 ] order4=12 norm111=0 xTpass=0
  D4 above=T1 pat=000 resclass=[ -66, 2, -33 ] xT=false
  D4 above=T1 pat=000 resclass=[ -66, 2, -33 ] xT=false
  D4 above=T2 pat=000 resclass=[ 2, -14, -7 ] xT=false
  D4 above=T3 pat=000 resclass=[ -33, -7, 231 ] xT=false
  D4 above=T2 pat=000 resclass=[ 2, -14, -7 ] xT=false
  D4 above=T3 pat=000 resclass=[ -33, -7, 231 ] xT=false
  D4 above=T1 pat=000 resclass=[ -66, 2, -33 ] xT=false
  D4 above=T1 pat=000 resclass=[ -66, 2, -33 ] xT=false
  D4 above=T2 pat=000 resclass=[ 2, -14, -7 ] xT=false
  D4 above=T3 pat=000 resclass=[ -33, -7, 231 ] xT=false
  D4 above=T2 pat=000 resclass=[ 2, -14, -7 ] xT=false
  D4 above=T3 pat=000 resclass=[ -33, -7, 231 ] xT=false
MEMBER stv 1/3 2/3 -3/4 shape=[ 1, 1, 2, 2 ] tors=[ 4, 4 ] order4=12 norm111=0 xTpass=0
  D4 above=T1 pat=000 resclass=[ -13035, 13035, -1 ] xT=false
  D4 above=T1 pat=000 resclass=[ -13035, 13035, -1 ] xT=false
  D4 above=T3 pat=000 resclass=[ -1, -5, 5 ] xT=false
  D4 above=T2 pat=000 resclass=[ 13035, -2607, -5 ] xT=false
  D4 above=T3 pat=000 resclass=[ -1, -5, 5 ] xT=false
  D4 above=T2 pat=000 resclass=[ 13035, -2607, -5 ] xT=false
  D4 above=T1 pat=000 resclass=[ -13035, 13035, -1 ] xT=false
  D4 above=T1 pat=000 resclass=[ -13035, 13035, -1 ] xT=false
  D4 above=T3 pat=000 resclass=[ -1, -5, 5 ] xT=false
  D4 above=T2 pat=000 resclass=[ 13035, -2607, -5 ] xT=false
  D4 above=T3 pat=000 resclass=[ -1, -5, 5 ] xT=false
  D4 above=T2 pat=000 resclass=[ 13035, -2607, -5 ] xT=false
MEMBER stv 1/2 1/2 -1/4 shape=[ 1, 1, 2, 2 ] tors=[ 4, 4 ] order4=12 norm111=0 xTpass=0
  D4 above=T2 pat=000 resclass=[ 285, -95, -3 ] xT=false
  D4 above=T2 pat=000 resclass=[ 285, -95, -3 ] xT=false
  D4 above=T3 pat=000 resclass=[ -5, -3, 15 ] xT=false
  D4 above=T1 pat=000 resclass=[ -57, 285, -5 ] xT=false
  D4 above=T3 pat=000 resclass=[ -5, -3, 15 ] xT=false
  D4 above=T1 pat=000 resclass=[ -57, 285, -5 ] xT=false
  D4 above=T2 pat=000 resclass=[ 285, -95, -3 ] xT=false
  D4 above=T2 pat=000 resclass=[ 285, -95, -3 ] xT=false
  D4 above=T3 pat=000 resclass=[ -5, -3, 15 ] xT=false
  D4 above=T1 pat=000 resclass=[ -57, 285, -5 ] xT=false
  D4 above=T3 pat=000 resclass=[ -5, -3, 15 ] xT=false
  D4 above=T1 pat=000 resclass=[ -57, 285, -5 ] xT=false
MEMBER stv 2/3 1/4 -3/2 shape=[ 1, 1, 2, 2 ] tors=[ 4, 4 ] order4=12 norm111=0 xTpass=0
  D4 above=T2 pat=000 resclass=[ 1885, -1131, -15 ] xT=false
  D4 above=T2 pat=000 resclass=[ 1885, -1131, -15 ] xT=false
  D4 above=T3 pat=000 resclass=[ -1001, -15, 15015 ] xT=false
  D4 above=T1 pat=000 resclass=[ -11165, 1885, -1001 ] xT=false
  D4 above=T3 pat=000 resclass=[ -1001, -15, 15015 ] xT=false
  D4 above=T1 pat=000 resclass=[ -11165, 1885, -1001 ] xT=false
  D4 above=T2 pat=000 resclass=[ 1885, -1131, -15 ] xT=false
  D4 above=T2 pat=000 resclass=[ 1885, -1131, -15 ] xT=false
  D4 above=T3 pat=000 resclass=[ -1001, -15, 15015 ] xT=false
  D4 above=T1 pat=000 resclass=[ -11165, 1885, -1001 ] xT=false
  D4 above=T3 pat=000 resclass=[ -1001, -15, 15015 ] xT=false
  D4 above=T1 pat=000 resclass=[ -11165, 1885, -1001 ] xT=false
MEMBER stv 2/3 4 -2/3 shape=[ 1, 1, 2, 2 ] tors=[ 4, 4 ] order4=12 norm111=0 xTpass=0
  D4 above=T3 pat=000 resclass=[ -2021, 15, -30315 ] xT=false
  D4 above=T3 pat=000 resclass=[ -2021, 15, -30315 ] xT=false
  D4 above=T2 pat=000 resclass=[ -824410, -494646, 15 ] xT=false
  D4 above=T1 pat=000 resclass=[ 1666132610, -824410, -2021 ] xT=false
  D4 above=T2 pat=000 resclass=[ -824410, -494646, 15 ] xT=false
  D4 above=T1 pat=000 resclass=[ 1666132610, -824410, -2021 ] xT=false
  D4 above=T3 pat=000 resclass=[ -2021, 15, -30315 ] xT=false
  D4 above=T3 pat=000 resclass=[ -2021, 15, -30315 ] xT=false
  D4 above=T2 pat=000 resclass=[ -824410, -494646, 15 ] xT=false
  D4 above=T1 pat=000 resclass=[ 1666132610, -824410, -2021 ] xT=false
  D4 above=T2 pat=000 resclass=[ -824410, -494646, 15 ] xT=false
  D4 above=T1 pat=000 resclass=[ 1666132610, -824410, -2021 ] xT=false
MEMBER stv 3/4 2 -4 shape=[ 1, 1, 2, 2 ] tors=[ 4, 4 ] order4=12 norm111=0 xTpass=0
  D4 above=T2 pat=000 resclass=[ 2805, 935, 3 ] xT=false
  D4 above=T2 pat=000 resclass=[ 2805, 935, 3 ] xT=false
  D4 above=T1 pat=000 resclass=[ -187, 2805, -15 ] xT=false
  D4 above=T3 pat=000 resclass=[ -15, 3, -5 ] xT=false
  D4 above=T1 pat=000 resclass=[ -187, 2805, -15 ] xT=false
  D4 above=T3 pat=000 resclass=[ -15, 3, -5 ] xT=false
  D4 above=T2 pat=000 resclass=[ 2805, 935, 3 ] xT=false
  D4 above=T2 pat=000 resclass=[ 2805, 935, 3 ] xT=false
  D4 above=T1 pat=000 resclass=[ -187, 2805, -15 ] xT=false
  D4 above=T3 pat=000 resclass=[ -15, 3, -5 ] xT=false
  D4 above=T1 pat=000 resclass=[ -187, 2805, -15 ] xT=false
  D4 above=T3 pat=000 resclass=[ -15, 3, -5 ] xT=false
MEMBER stv 1 3/2 -4/3 shape=[ 1, 1, 2, 2 ] tors=[ 4, 4 ] order4=12 norm111=0 xTpass=0
  D4 above=T3 pat=000 resclass=[ -1, 5, -5 ] xT=false
  D4 above=T3 pat=000 resclass=[ -1, 5, -5 ] xT=false
  D4 above=T2 pat=000 resclass=[ 615, 123, 5 ] xT=false
  D4 above=T1 pat=000 resclass=[ -615, 615, -1 ] xT=false
  D4 above=T2 pat=000 resclass=[ 615, 123, 5 ] xT=false
  D4 above=T1 pat=000 resclass=[ -615, 615, -1 ] xT=false
  D4 above=T3 pat=000 resclass=[ -1, 5, -5 ] xT=false
  D4 above=T3 pat=000 resclass=[ -1, 5, -5 ] xT=false
  D4 above=T2 pat=000 resclass=[ 615, 123, 5 ] xT=false
  D4 above=T1 pat=000 resclass=[ -615, 615, -1 ] xT=false
  D4 above=T2 pat=000 resclass=[ 615, 123, 5 ] xT=false
  D4 above=T1 pat=000 resclass=[ -615, 615, -1 ] xT=false
MEMBER stv 4/3 4/3 -1/2 shape=[ 1, 1, 2, 2 ] tors=[ 4, 4 ] order4=12 norm111=0 xTpass=0
  D4 above=T2 pat=000 resclass=[ -910, -130, 7 ] xT=false
  D4 above=T2 pat=000 resclass=[ -910, -130, 7 ] xT=false
  D4 above=T1 pat=000 resclass=[ -3458, -910, 95 ] xT=false
  D4 above=T3 pat=000 resclass=[ 95, 7, 665 ] xT=false
  D4 above=T1 pat=000 resclass=[ -3458, -910, 95 ] xT=false
  D4 above=T3 pat=000 resclass=[ 95, 7, 665 ] xT=false
  D4 above=T2 pat=000 resclass=[ -910, -130, 7 ] xT=false
  D4 above=T2 pat=000 resclass=[ -910, -130, 7 ] xT=false
  D4 above=T1 pat=000 resclass=[ -3458, -910, 95 ] xT=false
  D4 above=T3 pat=000 resclass=[ 95, 7, 665 ] xT=false
  D4 above=T1 pat=000 resclass=[ -3458, -910, 95 ] xT=false
  D4 above=T3 pat=000 resclass=[ 95, 7, 665 ] xT=false
MEMBER stv 3/2 2/3 -3 shape=[ 1, 1, 2, 2 ] tors=[ 4, 4 ] order4=12 norm111=0 xTpass=0
  D4 above=T2 pat=000 resclass=[ 80615, -16123, -5 ] xT=false
  D4 above=T2 pat=000 resclass=[ 80615, -16123, -5 ] xT=false
  D4 above=T3 pat=000 resclass=[ 629, -5, -3145 ] xT=false
  D4 above=T1 pat=000 resclass=[ 50706835, 80615, 629 ] xT=false
  D4 above=T3 pat=000 resclass=[ 629, -5, -3145 ] xT=false
  D4 above=T1 pat=000 resclass=[ 50706835, 80615, 629 ] xT=false
  D4 above=T2 pat=000 resclass=[ 80615, -16123, -5 ] xT=false
  D4 above=T2 pat=000 resclass=[ 80615, -16123, -5 ] xT=false
  D4 above=T3 pat=000 resclass=[ 629, -5, -3145 ] xT=false
  D4 above=T1 pat=000 resclass=[ 50706835, 80615, 629 ] xT=false
  D4 above=T3 pat=000 resclass=[ 629, -5, -3145 ] xT=false
  D4 above=T1 pat=000 resclass=[ 50706835, 80615, 629 ] xT=false
MEMBER stv 2 1/2 -1 shape=[ 1, 1, 2, 2 ] tors=[ 4, 4 ] order4=12 norm111=0 xTpass=0
  D4 above=T2 pat=000 resclass=[ 51, -17, -3 ] xT=false
  D4 above=T2 pat=000 resclass=[ 51, -17, -3 ] xT=false
  D4 above=T1 pat=000 resclass=[ 2805, 51, 55 ] xT=false
  D4 above=T3 pat=000 resclass=[ 55, -3, -165 ] xT=false
  D4 above=T1 pat=000 resclass=[ 2805, 51, 55 ] xT=false
  D4 above=T3 pat=000 resclass=[ 55, -3, -165 ] xT=false
  D4 above=T2 pat=000 resclass=[ 51, -17, -3 ] xT=false
  D4 above=T2 pat=000 resclass=[ 51, -17, -3 ] xT=false
  D4 above=T1 pat=000 resclass=[ 2805, 51, 55 ] xT=false
  D4 above=T3 pat=000 resclass=[ 55, -3, -165 ] xT=false
  D4 above=T1 pat=000 resclass=[ 2805, 51, 55 ] xT=false
  D4 above=T3 pat=000 resclass=[ 55, -3, -165 ] xT=false
MEMBER stv 3 1/3 -1/3 shape=[ 1, 1, 2, 2 ] tors=[ 4, 4 ] order4=12 norm111=0 xTpass=0
  D4 above=T1 pat=000 resclass=[ 910, 494, 665 ] xT=false
  D4 above=T1 pat=000 resclass=[ 910, 494, 665 ] xT=false
  D4 above=T2 pat=000 resclass=[ 494, -247, -2 ] xT=false
  D4 above=T3 pat=000 resclass=[ 665, -2, -1330 ] xT=false
  D4 above=T2 pat=000 resclass=[ 494, -247, -2 ] xT=false
  D4 above=T3 pat=000 resclass=[ 665, -2, -1330 ] xT=false
  D4 above=T1 pat=000 resclass=[ 910, 494, 665 ] xT=false
  D4 above=T1 pat=000 resclass=[ 910, 494, 665 ] xT=false
  D4 above=T2 pat=000 resclass=[ 494, -247, -2 ] xT=false
  D4 above=T3 pat=000 resclass=[ 665, -2, -1330 ] xT=false
  D4 above=T2 pat=000 resclass=[ 494, -247, -2 ] xT=false
  D4 above=T3 pat=000 resclass=[ 665, -2, -1330 ] xT=false
MEMBER stv 3 4 -2 shape=[ 1, 1, 2, 2 ] tors=[ 4, 4 ] order4=12 norm111=0 xTpass=0
  D4 above=T1 pat=000 resclass=[ -39355, 236130, -6 ] xT=false
  D4 above=T1 pat=000 resclass=[ -39355, 236130, -6 ] xT=false
  D4 above=T2 pat=000 resclass=[ 236130, 15742, 15 ] xT=false
  D4 above=T3 pat=000 resclass=[ -6, 15, -10 ] xT=false
  D4 above=T2 pat=000 resclass=[ 236130, 15742, 15 ] xT=false
  D4 above=T3 pat=000 resclass=[ -6, 15, -10 ] xT=false
  D4 above=T1 pat=000 resclass=[ -39355, 236130, -6 ] xT=false
  D4 above=T1 pat=000 resclass=[ -39355, 236130, -6 ] xT=false
  D4 above=T2 pat=000 resclass=[ 236130, 15742, 15 ] xT=false
  D4 above=T3 pat=000 resclass=[ -6, 15, -10 ] xT=false
  D4 above=T2 pat=000 resclass=[ 236130, 15742, 15 ] xT=false
  D4 above=T3 pat=000 resclass=[ -6, 15, -10 ] xT=false
MEMBER stv 4 3 -3/4 shape=[ 1, 1, 2, 2 ] tors=[ 4, 4 ] order4=12 norm111=0 xTpass=0
  D4 above=T2 pat=000 resclass=[ 2838, 1419, 2 ] xT=false
  D4 above=T2 pat=000 resclass=[ 2838, 1419, 2 ] xT=false
  D4 above=T1 pat=000 resclass=[ -946, 2838, -3 ] xT=false
  D4 above=T3 pat=000 resclass=[ -3, 2, -6 ] xT=false
  D4 above=T1 pat=000 resclass=[ -946, 2838, -3 ] xT=false
  D4 above=T3 pat=000 resclass=[ -3, 2, -6 ] xT=false
  D4 above=T2 pat=000 resclass=[ 2838, 1419, 2 ] xT=false
  D4 above=T2 pat=000 resclass=[ 2838, 1419, 2 ] xT=false
  D4 above=T1 pat=000 resclass=[ -946, 2838, -3 ] xT=false
  D4 above=T3 pat=000 resclass=[ -3, 2, -6 ] xT=false
  D4 above=T1 pat=000 resclass=[ -946, 2838, -3 ] xT=false
  D4 above=T3 pat=000 resclass=[ -3, 2, -6 ] xT=false
MEMBER stv 5/3 1/5 19/8 shape=[ 1, 1, 2, 2 ] tors=[ 4, 4 ] order4=12 norm111=0 xTpass=0
  D4 above=T1 pat=000 resclass=[ -112629982555281, -10787279241, 10441 ] xT=false
  D4 above=T1 pat=000 resclass=[ -112629982555281, -10787279241, 10441 ] xT=false
  D4 above=T2 pat=000 resclass=[ -10787279241, 7191519494, -6 ] xT=false
  D4 above=T3 pat=000 resclass=[ 10441, -6, -62646 ] xT=false
  D4 above=T2 pat=000 resclass=[ -10787279241, 7191519494, -6 ] xT=false
  D4 above=T3 pat=000 resclass=[ 10441, -6, -62646 ] xT=false
  D4 above=T1 pat=000 resclass=[ -112629982555281, -10787279241, 10441 ] xT=false
  D4 above=T1 pat=000 resclass=[ -112629982555281, -10787279241, 10441 ] xT=false
  D4 above=T2 pat=000 resclass=[ -10787279241, 7191519494, -6 ] xT=false
  D4 above=T3 pat=000 resclass=[ 10441, -6, -62646 ] xT=false
  D4 above=T2 pat=000 resclass=[ -10787279241, 7191519494, -6 ] xT=false
  D4 above=T3 pat=000 resclass=[ 10441, -6, -62646 ] xT=false
MEMBER stv 4/5 9/2 8/3 shape=[ 1, 1, 2, 2 ] tors=[ 4, 4 ] order4=12 norm111=0 xTpass=0
  D4 above=T1 pat=000 resclass=[ 2446941700203, -148831683, -16441 ] xT=false
  D4 above=T1 pat=000 resclass=[ 2446941700203, -148831683, -16441 ] xT=false
  D4 above=T2 pat=000 resclass=[ -148831683, -1932879, 77 ] xT=false
  D4 above=T3 pat=000 resclass=[ -16441, 77, -1265957 ] xT=false
  D4 above=T2 pat=000 resclass=[ -148831683, -1932879, 77 ] xT=false
  D4 above=T3 pat=000 resclass=[ -16441, 77, -1265957 ] xT=false
  D4 above=T1 pat=000 resclass=[ 2446941700203, -148831683, -16441 ] xT=false
  D4 above=T1 pat=000 resclass=[ 2446941700203, -148831683, -16441 ] xT=false
  D4 above=T2 pat=000 resclass=[ -148831683, -1932879, 77 ] xT=false
  D4 above=T3 pat=000 resclass=[ -16441, 77, -1265957 ] xT=false
  D4 above=T2 pat=000 resclass=[ -148831683, -1932879, 77 ] xT=false
  D4 above=T3 pat=000 resclass=[ -16441, 77, -1265957 ] xT=false
MEMBER stv 6 19 -9/4 shape=[ 1, 1, 2, 2 ] tors=[ 4, 4 ] order4=12 norm111=0 xTpass=0
  D4 above=T1 pat=000 resclass=[ -526047835, 146165, -3599 ] xT=false
  D4 above=T1 pat=000 resclass=[ -526047835, 146165, -3599 ] xT=false
  D4 above=T3 pat=000 resclass=[ -3599, 10, -35990 ] xT=false
  D4 above=T2 pat=000 resclass=[ 146165, 58466, 10 ] xT=false
  D4 above=T3 pat=000 resclass=[ -3599, 10, -35990 ] xT=false
  D4 above=T2 pat=000 resclass=[ 146165, 58466, 10 ] xT=false
  D4 above=T1 pat=000 resclass=[ -526047835, 146165, -3599 ] xT=false
  D4 above=T1 pat=000 resclass=[ -526047835, 146165, -3599 ] xT=false
  D4 above=T3 pat=000 resclass=[ -3599, 10, -35990 ] xT=false
  D4 above=T2 pat=000 resclass=[ 146165, 58466, 10 ] xT=false
  D4 above=T3 pat=000 resclass=[ -3599, 10, -35990 ] xT=false
  D4 above=T2 pat=000 resclass=[ 146165, 58466, 10 ] xT=false
PART_DONE part=150
