MEMBER stv 1/4 3/4 3 shape=[ 1, 1, 2, 2 ] tors=[ 4, 4 ] order4=12 norm111=0 xTpass=0
  D4 above=T2 pat=000 resclass=[ -196707, 28101, -7 ] xT=false
  D4 above=T2 pat=000 resclass=[ -196707, 28101, -7 ] xT=false
  D4 above=T1 pat=000 resclass=[ 721259, -196707, -33 ] xT=false
  D4 above=T3 pat=000 resclass=[ -33, -7, 231 ] xT=false
  D4 above=T1 pat=000 resclass=[ 721259, -196707, -33 ] xT=false
  D4 above=T3 pat=000 resclass=[ -33, -7, 231 ] xT=false
  D4 above=T2 pat=000 resclass=[ -196707, 28101, -7 ] xT=false
  D4 above=T2 pat=000 resclass=[ -196707, 28101, -7 ] xT=false
  D4 above=T1 pat=000 resclass=[ 721259, -196707, -33 ] xT=false
  D4 above=T3 pat=000 resclass=[ -33, -7, 231 ] xT=false
  D4 above=T1 pat=000 resclass=[ 721259, -196707, -33 ] xT=false
  D4 above=T3 pat=000 resclass=[ -33, -7, 231 ] xT=false
MEMBER stv 1/3 2/3 1 shape=[ 1, 1, 2, 2 ] tors=[ 4, 4 ] order4=12 norm111=0 xTpass=0
  D4 above=T1 pat=000 resclass=[ 55, -55, -1 ] xT=false
  D4 above=T1 pat=000 resclass=[ 55, -55, -1 ] xT=false
  D4 above=T2 pat=000 resclass=[ -55, 11, -5 ] xT=false
  D4 above=T3 pat=000 resclass=[ -1, -5, 5 ] xT=false
  D4 above=T2 pat=000 resclass=[ -55, 11, -5 ] xT=false
  D4 above=T3 pat=000 resclass=[ -1, -5, 5 ] xT=false
  D4 above=T1 pat=000 resclass=[ 55, -55, -1 ] xT=false
  D4 above=T1 pat=000 resclass=[ 55, -55, -1 ] xT=false
  D4 above=T2 pat=000 resclass=[ -55, 11, -5 ] xT=false
  D4 above=T3 pat=000 resclass=[ -1, -5, 5 ] xT=false
  D4 above=T2 pat=000 resclass=[ -55, 11, -5 ] xT=false
  D4 above=T3 pat=000 resclass=[ -1, -5, 5 ] xT=false
MEMBER stv 1/2 1/2 1/3 shape=[ 1, 1, 2, 2 ] tors=[ 4, 4 ] order4=12 norm111=0 xTpass=0
  D4 above=T1 pat=000 resclass=[ 143, -715, -5 ] xT=false
  D4 above=T1 pat=000 resclass=[ 143, -715, -5 ] xT=false
  D4 above=T2 pat=000 resclass=[ -715, 2145, -3 ] xT=false
  D4 above=T3 pat=000 resclass=[ -5, -3, 15 ] xT=false
  D4 above=T2 pat=000 resclass=[ -715, 2145, -3 ] xT=false
  D4 above=T3 pat=000 resclass=[ -5, -3, 15 ] xT=false
  D4 above=T1 pat=000 resclass=[ 143, -715, -5 ] xT=false
  D4 above=T1 pat=000 resclass=[ 143, -715, -5 ] xT=false
  D4 above=T2 pat=000 resclass=[ -715, 2145, -3 ] xT=false
  D4 above=T3 pat=000 resclass=[ -5, -3, 15 ] xT=false
  D4 above=T2 pat=000 resclass=[ -715, 2145, -3 ] xT=false
  D4 above=T3 pat=000 resclass=[ -5, -3, 15 ] xT=false
MEMBER stv 2/3 1/4 2 shape=[ 1, 1, 2, 2 ] tors=[ 4, 4 ] order4=12 norm111=0 xTpass=0
  D4 above=T1 pat=000 resclass=[ 589894305, -589305, -1001 ] xT=false
  D4 above=T1 pat=000 resclass=[ 589894305, -589305, -1001 ] xT=false
  D4 above=T3 pat=000 resclass=[ -1001, -15, 15015 ] xT=false
  D4 above=T2 pat=000 resclass=[ -589305, 39287, -15 ] xT=false
  D4 above=T3 pat=000 resclass=[ -1001, -15, 15015 ] xT=false
  D4 above=T2 pat=000 resclass=[ -589305, 39287, -15 ] xT=false
  D4 above=T1 pat=000 resclass=[ 589894305, -589305, -1001 ] xT=false
  D4 above=T1 pat=000 resclass=[ 589894305, -589305, -1001 ] xT=false
  D4 above=T3 pat=000 resclass=[ -1001, -15, 15015 ] xT=false
  D4 above=T2 pat=000 resclass=[ -589305, 39287, -15 ] xT=false
  D4 above=T3 pat=000 resclass=[ -1001, -15, 15015 ] xT=false
  D4 above=T2 pat=000 resclass=[ -589305, 39287, -15 ] xT=false
MEMBER stv 2/3 4 3/4 shape=[ 1, 1, 2, 2 ] tors=[ 4, 4 ] order4=12 norm111=0 xTpass=0
  D4 above=T3 pat=000 resclass=[ -2021, 15, -30315 ] xT=false
  D4 above=T3 pat=000 resclass=[ -2021, 15, -30315 ] xT=false
  D4 above=T1 pat=000 resclass=[ 1354070, -670, -2021 ] xT=false
  D4 above=T2 pat=000 resclass=[ -670, -402, 15 ] xT=false
  D4 above=T1 pat=000 resclass=[ 1354070, -670, -2021 ] xT=false
  D4 above=T2 pat=000 resclass=[ -670, -402, 15 ] xT=false
  D4 above=T3 pat=000 resclass=[ -2021, 15, -30315 ] xT=false
  D4 above=T3 pat=000 resclass=[ -2021, 15, -30315 ] xT=false
  D4 above=T1 pat=000 resclass=[ 1354070, -670, -2021 ] xT=false
  D4 above=T2 pat=000 resclass=[ -670, -402, 15 ] xT=false
  D4 above=T1 pat=000 resclass=[ 1354070, -670, -2021 ] xT=false
  D4 above=T2 pat=000 resclass=[ -670, -402, 15 ] xT=false
MEMBER stv 3/4 3 1/4 shape=[ 1, 1, 2, 2 ] tors=[ 4, 4 ] order4=12 norm111=0 xTpass=0
  D4 above=T3 pat=000 resclass=[ -1015, 2, -2030 ] xT=false
  D4 above=T3 pat=000 resclass=[ -1015, 2, -2030 ] xT=false
  D4 above=T2 pat=000 resclass=[ -157534, -78767, 2 ] xT=false
  D4 above=T1 pat=000 resclass=[ 159897010, -157534, -1015 ] xT=false
  D4 above=T2 pat=000 resclass=[ -157534, -78767, 2 ] xT=false
  D4 above=T1 pat=000 resclass=[ 159897010, -157534, -1015 ] xT=false
  D4 above=T3 pat=000 resclass=[ -1015, 2, -2030 ] xT=false
  D4 above=T3 pat=000 resclass=[ -1015, 2, -2030 ] xT=false
  D4 above=T2 pat=000 resclass=[ -157534, -78767, 2 ] xT=false
  D4 above=T1 pat=000 resclass=[ 159897010, -157534, -1015 ] xT=false
  D4 above=T2 pat=000 resclass=[ -157534, -78767, 2 ] xT=false
  D4 above=T1 pat=000 resclass=[ 159897010, -157534, -1015 ] xT=false
MEMBER stv 1 3/2 3/2 shape=[ 1, 1, 2, 2 ] tors=[ 4, 4 ] order4=12 norm111=0 xTpass=0
  D4 above=T3 pat=000 resclass=[ -1, 5, -5 ] xT=false
  D4 above=T3 pat=000 resclass=[ -1, 5, -5 ] xT=false
  D4 above=T1 pat=000 resclass=[ 330, -330, -1 ] xT=false
  D4 above=T2 pat=000 resclass=[ -330, -66, 5 ] xT=false
  D4 above=T1 pat=000 resclass=[ 330, -330, -1 ] xT=false
  D4 above=T2 pat=000 resclass=[ -330, -66, 5 ] xT=false
  D4 above=T3 pat=000 resclass=[ -1, 5, -5 ] xT=false
  D4 above=T3 pat=000 resclass=[ -1, 5, -5 ] xT=false
  D4 above=T1 pat=000 resclass=[ 330, -330, -1 ] xT=false
  D4 above=T2 pat=000 resclass=[ -330, -66, 5 ] xT=false
  D4 above=T1 pat=000 resclass=[ 330, -330, -1 ] xT=false
  D4 above=T2 pat=000 resclass=[ -330, -66, 5 ] xT=false
MEMBER stv 4/3 4/3 2/3 shape=[ 1, 1, 2, 2 ] tors=[ 4, 4 ] order4=12 norm111=0 xTpass=0
  D4 above=T2 pat=000 resclass=[ 760746, 108678, 7 ] xT=false
  D4 above=T2 pat=000 resclass=[ 760746, 108678, 7 ] xT=false
  D4 above=T1 pat=000 resclass=[ 72270870, 760746, 95 ] xT=false
  D4 above=T3 pat=000 resclass=[ 95, 7, 665 ] xT=false
  D4 above=T1 pat=000 resclass=[ 72270870, 760746, 95 ] xT=false
  D4 above=T3 pat=000 resclass=[ 95, 7, 665 ] xT=false
  D4 above=T2 pat=000 resclass=[ 760746, 108678, 7 ] xT=false
  D4 above=T2 pat=000 resclass=[ 760746, 108678, 7 ] xT=false
  D4 above=T1 pat=000 resclass=[ 72270870, 760746, 95 ] xT=false
  D4 above=T3 pat=000 resclass=[ 95, 7, 665 ] xT=false
  D4 above=T1 pat=000 resclass=[ 72270870, 760746, 95 ] xT=false
  D4 above=T3 pat=000 resclass=[ 95, 7, 665 ] xT=false
MEMBER stv 3/2 2/3 4 shape=[ 1, 1, 2, 2 ] tors=[ 4, 4 ] order4=12 norm111=0 xTpass=0
  D4 above=T2 pat=000 resclass=[ -445, 89, -5 ] xT=false
  D4 above=T2 pat=000 resclass=[ -445, 89, -5 ] xT=false
  D4 above=T1 pat=000 resclass=[ -279905, -445, 629 ] xT=false
  D4 above=T3 pat=000 resclass=[ 629, -5, -3145 ] xT=false
  D4 above=T1 pat=000 resclass=[ -279905, -445, 629 ] xT=false
  D4 above=T3 pat=000 resclass=[ 629, -5, -3145 ] xT=false
  D4 above=T2 pat=000 resclass=[ -445, 89, -5 ] xT=false
  D4 above=T2 pat=000 resclass=[ -445, 89, -5 ] xT=false
  D4 above=T1 pat=000 resclass=[ -279905, -445, 629 ] xT=false
  D4 above=T3 pat=000 resclass=[ 629, -5, -3145 ] xT=false
  D4 above=T1 pat=000 resclass=[ -279905, -445, 629 ] xT=false
  D4 above=T3 pat=000 resclass=[ 629, -5, -3145 ] xT=false
MEMBER stv 2 1/2 4/3 shape=[ 1, 1, 2, 2 ] tors=[ 4, 4 ] order4=12 norm111=0 xTpass=0
  D4 above=T1 pat=000 resclass=[ -82555, -1501, 55 ] xT=false
  D4 above=T1 pat=000 resclass=[ -82555, -1501, 55 ] xT=false
  D4 above=T3 pat=000 resclass=[ 55, -3, -165 ] xT=false
  D4 above=T2 pat=000 resclass=[ -1501, 4503, -3 ] xT=false
  D4 above=T3 pat=000 resclass=[ 55, -3, -165 ] xT=false
  D4 above=T2 pat=000 resclass=[ -1501, 4503, -3 ] xT=false
  D4 above=T1 pat=000 resclass=[ -82555, -1501, 55 ] xT=false
  D4 above=T1 pat=000 resclass=[ -82555, -1501, 55 ] xT=false
  D4 above=T3 pat=000 resclass=[ 55, -3, -165 ] xT=false
  D4 above=T2 pat=000 resclass=[ -1501, 4503, -3 ] xT=false
  D4 above=T3 pat=000 resclass=[ 55, -3, -165 ] xT=false
  D4 above=T2 pat=000 resclass=[ -1501, 4503, -3 ] xT=false
MEMBER stv 3 1/3 1/2 shape=[ 1, 1, 2, 2 ] tors=[ 4, 4 ] order4=12 norm111=0 xTpass=0
  D4 above=T3 pat=000 resclass=[ 665, -2, -1330 ] xT=false
  D4 above=T3 pat=000 resclass=[ 665, -2, -1330 ] xT=false
  D4 above=T1 pat=000 resclass=[ -6576185, -9889, 665 ] xT=false
  D4 above=T2 pat=000 resclass=[ -9889, 19778, -2 ] xT=false
  D4 above=T1 pat=000 resclass=[ -6576185, -9889, 665 ] xT=false
  D4 above=T2 pat=000 resclass=[ -9889, 19778, -2 ] xT=false
  D4 above=T3 pat=000 resclass=[ 665, -2, -1330 ] xT=false
  D4 above=T3 pat=000 resclass=[ 665, -2, -1330 ] xT=false
  D4 above=T1 pat=000 resclass=[ -6576185, -9889, 665 ] xT=false
  D4 above=T2 pat=000 resclass=[ -9889, 19778, -2 ] xT=false
  D4 above=T1 pat=000 resclass=[ -6576185, -9889, 665 ] xT=false
  D4 above=T2 pat=000 resclass=[ -9889, 19778, -2 ] xT=false
MEMBER stv 3 4 3 shape=[ 1, 1, 2, 2 ] tors=[ 4, 4 ] order4=12 norm111=0 xTpass=0
  D4 above=T2 pat=000 resclass=[ -6055, -3633, 15 ] xT=false
  D4 above=T2 pat=000 resclass=[ -6055, -3633, 15 ] xT=false
  D4 above=T1 pat=000 resclass=[ 36330, -6055, -6 ] xT=false
  D4 above=T3 pat=000 resclass=[ -6, 15, -10 ] xT=false
  D4 above=T1 pat=000 resclass=[ 36330, -6055, -6 ] xT=false
  D4 above=T3 pat=000 resclass=[ -6, 15, -10 ] xT=false
  D4 above=T2 pat=000 resclass=[ -6055, -3633, 15 ] xT=false
  D4 above=T2 pat=000 resclass=[ -6055, -3633, 15 ] xT=false
  D4 above=T1 pat=000 resclass=[ 36330, -6055, -6 ] xT=false
  D4 above=T3 pat=000 resclass=[ -6, 15, -10 ] xT=false
  D4 above=T1 pat=000 resclass=[ 36330, -6055, -6 ] xT=false
  D4 above=T3 pat=000 resclass=[ -6, 15, -10 ] xT=false
MEMBER stv 4 3 1 shape=[ 1, 1, 2, 2 ] tors=[ 4, 4 ] order4=12 norm111=0 xTpass=0
  D4 above=T2 pat=000 resclass=[ -1870, -935, 2 ] xT=false
  D4 above=T2 pat=000 resclass=[ -1870, -935, 2 ] xT=false
  D4 above=T1 pat=000 resclass=[ 5610, -1870, -3 ] xT=false
  D4 above=T3 pat=000 resclass=[ -3, 2, -6 ] xT=false
  D4 above=T1 pat=000 resclass=[ 5610, -1870, -3 ] xT=false
  D4 above=T3 pat=000 resclass=[ -3, 2, -6 ] xT=false
  D4 above=T2 pat=000 resclass=[ -1870, -935, 2 ] xT=false
  D4 above=T2 pat=000 resclass=[ -1870, -935, 2 ] xT=false
  D4 above=T1 pat=000 resclass=[ 5610, -1870, -3 ] xT=false
  D4 above=T3 pat=000 resclass=[ -3, 2, -6 ] xT=false
  D4 above=T1 pat=000 resclass=[ 5610, -1870, -3 ] xT=false
  D4 above=T3 pat=000 resclass=[ -3, 2, -6 ] xT=false
MEMBER stv 17/7 11/18 11/15 shape=[ 1, 1, 2, 2 ] tors=[ 4, 4 ] order4=12 norm111=0 xTpass=0
  D4 above=T2 pat=000 resclass=[ -55601303057253030, 273898044617010, -203 ] xT=false
  D4 above=T2 pat=000 resclass=[ -55601303057253030, 273898044617010, -203 ] xT=false
  D4 above=T3 pat=000 resclass=[ 167567, -203, -34016101 ] xT=false
  D4 above=T1 pat=000 resclass=[ -5542500624268125210, -55601303057253030, 167567 ] xT=false
  D4 above=T3 pat=000 resclass=[ 167567, -203, -34016101 ] xT=false
  D4 above=T1 pat=000 resclass=[ -5542500624268125210, -55601303057253030, 167567 ] xT=false
  D4 above=T2 pat=000 resclass=[ -55601303057253030, 273898044617010, -203 ] xT=false
  D4 above=T2 pat=000 resclass=[ -55601303057253030, 273898044617010, -203 ] xT=false
  D4 above=T3 pat=000 resclass=[ 167567, -203, -34016101 ] xT=false
  D4 above=T1 pat=000 resclass=[ -5542500624268125210, -55601303057253030, 167567 ] xT=false
  D4 above=T3 pat=000 resclass=[ 167567, -203, -34016101 ] xT=false
  D4 above=T1 pat=000 resclass=[ -5542500624268125210, -55601303057253030, 167567 ] xT=false
MEMBER stv 8/15 1/5 -1/4 shape=[ 1, 1, 2, 2 ] tors=[ 4, 4 ] order4=12 norm111=0 xTpass=0
  D4 above=T3 pat=000 resclass=[ -14, -6, 21 ] xT=false
  D4 above=T3 pat=000 resclass=[ -14, -6, 21 ] xT=false
  D4 above=T2 pat=000 resclass=[ 6484434, -1080739, -6 ] xT=false
  D4 above=T1 pat=000 resclass=[ -22695519, 6484434, -14 ] xT=false
  D4 above=T2 pat=000 resclass=[ 6484434, -1080739, -6 ] xT=false
  D4 above=T1 pat=000 resclass=[ -22695519, 6484434, -14 ] xT=false
  D4 above=T3 pat=000 resclass=[ -14, -6, 21 ] xT=false
  D4 above=T3 pat=000 resclass=[ -14, -6, 21 ] xT=false
  D4 above=T2 pat=000 resclass=[ 6484434, -1080739, -6 ] xT=false
  D4 above=T1 pat=000 resclass=[ -22695519, 6484434, -14 ] xT=false
  D4 above=T2 pat=000 resclass=[ 6484434, -1080739, -6 ] xT=false
  D4 above=T1 pat=000 resclass=[ -22695519, 6484434, -14 ] xT=false
MEMBER stv 17/20 6/17 -17/10 shape=[ 1, 1, 2, 2 ] tors=[ 4, 4 ] order4=12 norm111=0 xTpass=0
  D4 above=T3 pat=000 resclass=[ -29919, -253, 7569507 ] xT=false
  D4 above=T3 pat=000 resclass=[ -29919, -253, 7569507 ] xT=false
  D4 above=T2 pat=000 resclass=[ 155178200210, -613352570, -253 ] xT=false
  D4 above=T1 pat=000 resclass=[ -4642776572082990, 155178200210, -29919 ] xT=false
  D4 above=T2 pat=000 resclass=[ 155178200210, -613352570, -253 ] xT=false
  D4 above=T1 pat=000 resclass=[ -4642776572082990, 155178200210, -29919 ] xT=false
  D4 above=T3 pat=000 resclass=[ -29919, -253, 7569507 ] xT=false
  D4 above=T3 pat=000 resclass=[ -29919, -253, 7569507 ] xT=false
  D4 above=T2 pat=000 resclass=[ 155178200210, -613352570, -253 ] xT=false
  D4 above=T1 pat=000 resclass=[ -4642776572082990, 155178200210, -29919 ] xT=false
  D4 above=T2 pat=000 resclass=[ 155178200210, -613352570, -253 ] xT=false
  D4 above=T1 pat=000 resclass=[ -4642776572082990, 155178200210, -29919 ] xT=false
PART_DONE part=151
