MEMBER stv 1/4 3/4 -3 shape=[ 1, 1, 2, 2 ] tors=[ 4, 4 ] order4=12 norm111=0 xTpass=0
  D4 above=T3 pat=000 resclass=[ -33, -7, 231 ] xT=false
  D4 above=T3 pat=000 resclass=[ -33, -7, 231 ] xT=false
  D4 above=T1 pat=000 resclass=[ -19019, 5187, -33 ] xT=false
  D4 above=T2 pat=000 resclass=[ 5187, -741, -7 ] xT=false
  D4 above=T1 pat=000 resclass=[ -19019, 5187, -33 ] xT=false
  D4 above=T2 pat=000 resclass=[ 5187, -741, -7 ] xT=false
  D4 above=T3 pat=000 resclass=[ -33, -7, 231 ] xT=false
  D4 above=T3 pat=000 resclass=[ -33, -7, 231 ] xT=false
  D4 above=T1 pat=000 resclass=[ -19019, 5187, -33 ] xT=false
  D4 above=T2 pat=000 resclass=[ 5187, -741, -7 ] xT=false
  D4 above=T1 pat=000 resclass=[ -19019, 5187, -33 ] xT=false
  D4 above=T2 pat=000 resclass=[ 5187, -741, -7 ] xT=false
MEMBER stv 1/3 2/3 -1 shape=[ 1, 1, 2, 2 ] tors=[ 4, 4 ] order4=12 norm111=0 xTpass=0
  D4 above=T1 pat=000 resclass=[ -130, 130, -1 ] xT=false
  D4 above=T1 pat=000 resclass=[ -130, 130, -1 ] xT=false
  D4 above=T2 pat=000 resclass=[ 130, -26, -5 ] xT=false
  D4 above=T3 pat=000 resclass=[ -1, -5, 5 ] xT=false
  D4 above=T2 pat=000 resclass=[ 130, -26, -5 ] xT=false
  D4 above=T3 pat=000 resclass=[ -1, -5, 5 ] xT=false
  D4 above=T1 pat=000 resclass=[ -130, 130, -1 ] xT=false
  D4 above=T1 pat=000 resclass=[ -130, 130, -1 ] xT=false
  D4 above=T2 pat=000 resclass=[ 130, -26, -5 ] xT=false
  D4 above=T3 pat=000 resclass=[ -1, -5, 5 ] xT=false
  D4 above=T2 pat=000 resclass=[ 130, -26, -5 ] xT=false
  D4 above=T3 pat=000 resclass=[ -1, -5, 5 ] xT=false
MEMBER stv 1/2 1/2 -1/3 shape=[ 1, 1, 2, 2 ] tors=[ 4, 4 ] order4=12 norm111=0 xTpass=0
  D4 above=T3 pat=000 resclass=[ -5, -3, 15 ] xT=false
  D4 above=T3 pat=000 resclass=[ -5, -3, 15 ] xT=false
  D4 above=T1 pat=000 resclass=[ -2255, 451, -5 ] xT=false
  D4 above=T2 pat=000 resclass=[ 451, -1353, -3 ] xT=false
  D4 above=T1 pat=000 resclass=[ -2255, 451, -5 ] xT=false
  D4 above=T2 pat=000 resclass=[ 451, -1353, -3 ] xT=false
  D4 above=T3 pat=000 resclass=[ -5, -3, 15 ] xT=false
  D4 above=T3 pat=000 resclass=[ -5, -3, 15 ] xT=false
  D4 above=T1 pat=000 resclass=[ -2255, 451, -5 ] xT=false
  D4 above=T2 pat=000 resclass=[ 451, -1353, -3 ] xT=false
  D4 above=T1 pat=000 resclass=[ -2255, 451, -5 ] xT=false
  D4 above=T2 pat=000 resclass=[ 451, -1353, -3 ] xT=false
MEMBER stv 2/3 1/4 -2 shape=[ 1, 1, 2, 2 ] tors=[ 4, 4 ] order4=12 norm111=0 xTpass=0
  D4 above=T3 pat=000 resclass=[ -1001, -15, 15015 ] xT=false
  D4 above=T3 pat=000 resclass=[ -1001, -15, 15015 ] xT=false
  D4 above=T2 pat=000 resclass=[ -105, 7, -15 ] xT=false
  D4 above=T1 pat=000 resclass=[ 2145, -105, -1001 ] xT=false
  D4 above=T2 pat=000 resclass=[ -105, 7, -15 ] xT=false
  D4 above=T1 pat=000 resclass=[ 2145, -105, -1001 ] xT=false
  D4 above=T3 pat=000 resclass=[ -1001, -15, 15015 ] xT=false
  D4 above=T3 pat=000 resclass=[ -1001, -15, 15015 ] xT=false
  D4 above=T2 pat=000 resclass=[ -105, 7, -15 ] xT=false
  D4 above=T1 pat=000 resclass=[ 2145, -105, -1001 ] xT=false
  D4 above=T2 pat=000 resclass=[ -105, 7, -15 ] xT=false
  D4 above=T1 pat=000 resclass=[ 2145, -105, -1001 ] xT=false
MEMBER stv 2/3 4 -3/4 shape=[ 1, 1, 2, 2 ] tors=[ 4, 4 ] order4=12 norm111=0 xTpass=0
  D4 above=T1 pat=000 resclass=[ 2738455, -1355, -2021 ] xT=false
  D4 above=T1 pat=000 resclass=[ 2738455, -1355, -2021 ] xT=false
  D4 above=T2 pat=000 resclass=[ -1355, -813, 15 ] xT=false
  D4 above=T3 pat=000 resclass=[ -2021, 15, -30315 ] xT=false
  D4 above=T2 pat=000 resclass=[ -1355, -813, 15 ] xT=false
  D4 above=T3 pat=000 resclass=[ -2021, 15, -30315 ] xT=false
  D4 above=T1 pat=000 resclass=[ 2738455, -1355, -2021 ] xT=false
  D4 above=T1 pat=000 resclass=[ 2738455, -1355, -2021 ] xT=false
  D4 above=T2 pat=000 resclass=[ -1355, -813, 15 ] xT=false
  D4 above=T3 pat=000 resclass=[ -2021, 15, -30315 ] xT=false
  D4 above=T2 pat=000 resclass=[ -1355, -813, 15 ] xT=false
  D4 above=T3 pat=000 resclass=[ -2021, 15, -30315 ] xT=false
MEMBER stv 3/4 3 -1/4 shape=[ 1, 1, 2, 2 ] tors=[ 4, 4 ] order4=12 norm111=0 xTpass=0
  D4 above=T1 pat=000 resclass=[ 5390462, -132770, -1015 ] xT=false
  D4 above=T1 pat=000 resclass=[ 5390462, -132770, -1015 ] xT=false
  D4 above=T3 pat=000 resclass=[ -1015, 2, -2030 ] xT=false
  D4 above=T2 pat=000 resclass=[ -132770, -66385, 2 ] xT=false
  D4 above=T3 pat=000 resclass=[ -1015, 2, -2030 ] xT=false
  D4 above=T2 pat=000 resclass=[ -132770, -66385, 2 ] xT=false
  D4 above=T1 pat=000 resclass=[ 5390462, -132770, -1015 ] xT=false
  D4 above=T1 pat=000 resclass=[ 5390462, -132770, -1015 ] xT=false
  D4 above=T3 pat=000 resclass=[ -1015, 2, -2030 ] xT=false
  D4 above=T2 pat=000 resclass=[ -132770, -66385, 2 ] xT=false
  D4 above=T3 pat=000 resclass=[ -1015, 2, -2030 ] xT=false
  D4 above=T2 pat=000 resclass=[ -132770, -66385, 2 ] xT=false
MEMBER stv 1 3/2 -3/2 shape=[ 1, 1, 2, 2 ] tors=[ 4, 4 ] order4=12 norm111=0 xTpass=0
  D4 above=T1 pat=000 resclass=[ -3570, 3570, -1 ] xT=false
  D4 above=T1 pat=000 resclass=[ -3570, 3570, -1 ] xT=false
  D4 above=T3 pat=000 resclass=[ -1, 5, -5 ] xT=false
  D4 above=T2 pat=000 resclass=[ 3570, 714, 5 ] xT=false
  D4 above=T3 pat=000 resclass=[ -1, 5, -5 ] xT=false
  D4 above=T2 pat=000 resclass=[ 3570, 714, 5 ] xT=false
  D4 above=T1 pat=000 resclass=[ -3570, 3570, -1 ] xT=false
  D4 above=T1 pat=000 resclass=[ -3570, 3570, -1 ] xT=false
  D4 above=T3 pat=000 resclass=[ -1, 5, -5 ] xT=false
  D4 above=T2 pat=000 resclass=[ 3570, 714, 5 ] xT=false
  D4 above=T3 pat=000 resclass=[ -1, 5, -5 ] xT=false
  D4 above=T2 pat=000 resclass=[ 3570, 714, 5 ] xT=false
MEMBER stv 4/3 4/3 -2/3 shape=[ 1, 1, 2, 2 ] tors=[ 4, 4 ] order4=12 norm111=0 xTpass=0
  D4 above=T3 pat=000 resclass=[ 95, 7, 665 ] xT=false
  D4 above=T3 pat=000 resclass=[ 95, 7, 665 ] xT=false
  D4 above=T1 pat=000 resclass=[ 142842, 37590, 95 ] xT=false
  D4 above=T2 pat=000 resclass=[ 37590, 5370, 7 ] xT=false
  D4 above=T1 pat=000 resclass=[ 142842, 37590, 95 ] xT=false
  D4 above=T2 pat=000 resclass=[ 37590, 5370, 7 ] xT=false
  D4 above=T3 pat=000 resclass=[ 95, 7, 665 ] xT=false
  D4 above=T3 pat=000 resclass=[ 95, 7, 665 ] xT=false
  D4 above=T1 pat=000 resclass=[ 142842, 37590, 95 ] xT=false
  D4 above=T2 pat=000 resclass=[ 37590, 5370, 7 ] xT=false
  D4 above=T1 pat=000 resclass=[ 142842, 37590, 95 ] xT=false
  D4 above=T2 pat=000 resclass=[ 37590, 5370, 7 ] xT=false
MEMBER stv 3/2 2/3 -4 shape=[ 1, 1, 2, 2 ] tors=[ 4, 4 ] order4=12 norm111=0 xTpass=0
  D4 above=T2 pat=000 resclass=[ 455, -91, -5 ] xT=false
  D4 above=T2 pat=000 resclass=[ 455, -91, -5 ] xT=false
  D4 above=T1 pat=000 resclass=[ 286195, 455, 629 ] xT=false
  D4 above=T3 pat=000 resclass=[ 629, -5, -3145 ] xT=false
  D4 above=T1 pat=000 resclass=[ 286195, 455, 629 ] xT=false
  D4 above=T3 pat=000 resclass=[ 629, -5, -3145 ] xT=false
  D4 above=T2 pat=000 resclass=[ 455, -91, -5 ] xT=false
  D4 above=T2 pat=000 resclass=[ 455, -91, -5 ] xT=false
  D4 above=T1 pat=000 resclass=[ 286195, 455, 629 ] xT=false
  D4 above=T3 pat=000 resclass=[ 629, -5, -3145 ] xT=false
  D4 above=T1 pat=000 resclass=[ 286195, 455, 629 ] xT=false
  D4 above=T3 pat=000 resclass=[ 629, -5, -3145 ] xT=false
MEMBER stv 2 1/2 -4/3 shape=[ 1, 1, 2, 2 ] tors=[ 4, 4 ] order4=12 norm111=0 xTpass=0
  D4 above=T1 pat=000 resclass=[ 13, 715, 55 ] xT=false
  D4 above=T1 pat=000 resclass=[ 13, 715, 55 ] xT=false
  D4 above=T3 pat=000 resclass=[ 55, -3, -165 ] xT=false
  D4 above=T2 pat=000 resclass=[ 715, -2145, -3 ] xT=false
  D4 above=T3 pat=000 resclass=[ 55, -3, -165 ] xT=false
  D4 above=T2 pat=000 resclass=[ 715, -2145, -3 ] xT=false
  D4 above=T1 pat=000 resclass=[ 13, 715, 55 ] xT=false
  D4 above=T1 pat=000 resclass=[ 13, 715, 55 ] xT=false
  D4 above=T3 pat=000 resclass=[ 55, -3, -165 ] xT=false
  D4 above=T2 pat=000 resclass=[ 715, -2145, -3 ] xT=false
  D4 above=T3 pat=000 resclass=[ 55, -3, -165 ] xT=false
  D4 above=T2 pat=000 resclass=[ 715, -2145, -3 ] xT=false
MEMBER stv 3 1/3 -1/2 shape=[ 1, 1, 2, 2 ] tors=[ 4, 4 ] order4=12 norm111=0 xTpass=0
  D4 above=T3 pat=000 resclass=[ 665, -2, -1330 ] xT=false
  D4 above=T3 pat=000 resclass=[ 665, -2, -1330 ] xT=false
  D4 above=T2 pat=000 resclass=[ 161, -322, -2 ] xT=false
  D4 above=T1 pat=000 resclass=[ 2185, 161, 665 ] xT=false
  D4 above=T2 pat=000 resclass=[ 161, -322, -2 ] xT=false
  D4 above=T1 pat=000 resclass=[ 2185, 161, 665 ] xT=false
  D4 above=T3 pat=000 resclass=[ 665, -2, -1330 ] xT=false
  D4 above=T3 pat=000 resclass=[ 665, -2, -1330 ] xT=false
  D4 above=T2 pat=000 resclass=[ 161, -322, -2 ] xT=false
  D4 above=T1 pat=000 resclass=[ 2185, 161, 665 ] xT=false
  D4 above=T2 pat=000 resclass=[ 161, -322, -2 ] xT=false
  D4 above=T1 pat=000 resclass=[ 2185, 161, 665 ] xT=false
MEMBER stv 3 4 -3 shape=[ 1, 1, 2, 2 ] tors=[ 4, 4 ] order4=12 norm111=0 xTpass=0
  D4 above=T1 pat=000 resclass=[ -135330, 22555, -6 ] xT=false
  D4 above=T1 pat=000 resclass=[ -135330, 22555, -6 ] xT=false
  D4 above=T3 pat=000 resclass=[ -6, 15, -10 ] xT=false
  D4 above=T2 pat=000 resclass=[ 22555, 13533, 15 ] xT=false
  D4 above=T3 pat=000 resclass=[ -6, 15, -10 ] xT=false
  D4 above=T2 pat=000 resclass=[ 22555, 13533, 15 ] xT=false
  D4 above=T1 pat=000 resclass=[ -135330, 22555, -6 ] xT=false
  D4 above=T1 pat=000 resclass=[ -135330, 22555, -6 ] xT=false
  D4 above=T3 pat=000 resclass=[ -6, 15, -10 ] xT=false
  D4 above=T2 pat=000 resclass=[ 22555, 13533, 15 ] xT=false
  D4 above=T3 pat=000 resclass=[ -6, 15, -10 ] xT=false
  D4 above=T2 pat=000 resclass=[ 22555, 13533, 15 ] xT=false
MEMBER stv 4 3 -1 shape=[ 1, 1, 2, 2 ] tors=[ 4, 4 ] order4=12 norm111=0 xTpass=0
  D4 above=T2 pat=000 resclass=[ 190, 95, 2 ] xT=false
  D4 above=T2 pat=000 resclass=[ 190, 95, 2 ] xT=false
  D4 above=T3 pat=000 resclass=[ -3, 2, -6 ] xT=false
  D4 above=T1 pat=000 resclass=[ -570, 190, -3 ] xT=false
  D4 above=T3 pat=000 resclass=[ -3, 2, -6 ] xT=false
  D4 above=T1 pat=000 resclass=[ -570, 190, -3 ] xT=false
  D4 above=T2 pat=000 resclass=[ 190, 95, 2 ] xT=false
  D4 above=T2 pat=000 resclass=[ 190, 95, 2 ] xT=false
  D4 above=T3 pat=000 resclass=[ -3, 2, -6 ] xT=false
  D4 above=T1 pat=000 resclass=[ -570, 190, -3 ] xT=false
  D4 above=T3 pat=000 resclass=[ -3, 2, -6 ] xT=false
  D4 above=T1 pat=000 resclass=[ -570, 190, -3 ] xT=false
MEMBER stv 4/5 17/5 -20 shape=[ 1, 1, 2, 2 ] tors=[ 4, 4 ] order4=12 norm111=0 xTpass=0
  D4 above=T1 pat=000 resclass=[ -25610130830130, 5913214230, -4331 ] xT=false
  D4 above=T1 pat=000 resclass=[ -25610130830130, 5913214230, -4331 ] xT=false
  D4 above=T3 pat=000 resclass=[ -4331, 66, -285846 ] xT=false
  D4 above=T2 pat=000 resclass=[ 5913214230, 89594155, 66 ] xT=false
  D4 above=T3 pat=000 resclass=[ -4331, 66, -285846 ] xT=false
  D4 above=T2 pat=000 resclass=[ 5913214230, 89594155, 66 ] xT=false
  D4 above=T1 pat=000 resclass=[ -25610130830130, 5913214230, -4331 ] xT=false
  D4 above=T1 pat=000 resclass=[ -25610130830130, 5913214230, -4331 ] xT=false
  D4 above=T3 pat=000 resclass=[ -4331, 66, -285846 ] xT=false
  D4 above=T2 pat=000 resclass=[ 5913214230, 89594155, 66 ] xT=false
  D4 above=T3 pat=000 resclass=[ -4331, 66, -285846 ] xT=false
  D4 above=T2 pat=000 resclass=[ 5913214230, 89594155, 66 ] xT=false
MEMBER stv 1 1/5 -7/9 shape=[ 1, 1, 2, 2 ] tors=[ 4, 4 ] order4=12 norm111=0 xTpass=0
  D4 above=T3 pat=100 resclass=[ 1, -6, -6 ] xT=false
  D4 above=T3 pat=100 resclass=[ 1, -6, -6 ] xT=false
  D4 above=T1 pat=001 resclass=[ 22722, 22722, 1 ] xT=false
  D4 above=T2 pat=000 resclass=[ 22722, -3787, -6 ] xT=false
  D4 above=T1 pat=001 resclass=[ 22722, 22722, 1 ] xT=false
  D4 above=T2 pat=000 resclass=[ 22722, -3787, -6 ] xT=false
  D4 above=T3 pat=100 resclass=[ 1, -6, -6 ] xT=false
  D4 above=T3 pat=100 resclass=[ 1, -6, -6 ] xT=false
  D4 above=T1 pat=001 resclass=[ 22722, 22722, 1 ] xT=false
  D4 above=T2 pat=000 resclass=[ 22722, -3787, -6 ] xT=false
  D4 above=T1 pat=001 resclass=[ 22722, 22722, 1 ] xT=false
  D4 above=T2 pat=000 resclass=[ 22722, -3787, -6 ] xT=false
MEMBER stv 20/11 13/15 -19/11 shape=[ 1, 1, 2, 2 ] tors=[ 4, 4 ] order4=12 norm111=0 xTpass=0
  D4 above=T2 pat=000 resclass=[ 6220617546153934, -444329824725281, -14 ] xT=false
  D4 above=T2 pat=000 resclass=[ 6220617546153934, -444329824725281, -14 ] xT=false
  D4 above=T3 pat=000 resclass=[ 1241909, -14, -17386726 ] xT=false
  D4 above=T1 pat=000 resclass=[ 7725440916126486020006, 6220617546153934, 1241909 ] xT=false
  D4 above=T3 pat=000 resclass=[ 1241909, -14, -17386726 ] xT=false
  D4 above=T1 pat=000 resclass=[ 7725440916126486020006, 6220617546153934, 1241909 ] xT=false
  D4 above=T2 pat=000 resclass=[ 6220617546153934, -444329824725281, -14 ] xT=false
  D4 above=T2 pat=000 resclass=[ 6220617546153934, -444329824725281, -14 ] xT=false
  D4 above=T3 pat=000 resclass=[ 1241909, -14, -17386726 ] xT=false
  D4 above=T1 pat=000 resclass=[ 7725440916126486020006, 6220617546153934, 1241909 ] xT=false
  D4 above=T3 pat=000 resclass=[ 1241909, -14, -17386726 ] xT=false
  D4 above=T1 pat=000 resclass=[ 7725440916126486020006, 6220617546153934, 1241909 ] xT=false
PART_DONE part=152
