MEMBER stv 1/4 3/4 4 shape=[ 1, 1, 2, 2 ] tors=[ 4, 4 ] order4=12 norm111=0 xTpass=0
  D4 above=T2 pat=000 resclass=[ -5005, 715, -7 ] xT=false
  D4 above=T2 pat=000 resclass=[ -5005, 715, -7 ] xT=false
  D4 above=T1 pat=000 resclass=[ 1365, -5005, -33 ] xT=false
  D4 above=T3 pat=000 resclass=[ -33, -7, 231 ] xT=false
  D4 above=T1 pat=000 resclass=[ 1365, -5005, -33 ] xT=false
  D4 above=T3 pat=000 resclass=[ -33, -7, 231 ] xT=false
  D4 above=T2 pat=000 resclass=[ -5005, 715, -7 ] xT=false
  D4 above=T2 pat=000 resclass=[ -5005, 715, -7 ] xT=false
  D4 above=T1 pat=000 resclass=[ 1365, -5005, -33 ] xT=false
  D4 above=T3 pat=000 resclass=[ -33, -7, 231 ] xT=false
  D4 above=T1 pat=000 resclass=[ 1365, -5005, -33 ] xT=false
  D4 above=T3 pat=000 resclass=[ -33, -7, 231 ] xT=false
MEMBER stv 1/3 2/3 4/3 shape=[ 1, 1, 2, 2 ] tors=[ 4, 4 ] order4=12 norm111=0 xTpass=0
  D4 above=T3 pat=000 resclass=[ -1, -5, 5 ] xT=false
  D4 above=T3 pat=000 resclass=[ -1, -5, 5 ] xT=false
  D4 above=T2 pat=000 resclass=[ -166935, 33387, -5 ] xT=false
  D4 above=T1 pat=000 resclass=[ 166935, -166935, -1 ] xT=false
  D4 above=T2 pat=000 resclass=[ -166935, 33387, -5 ] xT=false
  D4 above=T1 pat=000 resclass=[ 166935, -166935, -1 ] xT=false
  D4 above=T3 pat=000 resclass=[ -1, -5, 5 ] xT=false
  D4 above=T3 pat=000 resclass=[ -1, -5, 5 ] xT=false
  D4 above=T2 pat=000 resclass=[ -166935, 33387, -5 ] xT=false
  D4 above=T1 pat=000 resclass=[ 166935, -166935, -1 ] xT=false
  D4 above=T2 pat=000 resclass=[ -166935, 33387, -5 ] xT=false
  D4 above=T1 pat=000 resclass=[ 166935, -166935, -1 ] xT=false
MEMBER stv 1/2 1/2 1/2 shape=[ 1, 1, 2, 2 ] tors=[ 4, 4 ] order4=12 norm111=0 xTpass=0
  D4 above=T2 pat=000 resclass=[ -26, 78, -3 ] xT=false
  D4 above=T2 pat=000 resclass=[ -26, 78, -3 ] xT=false
  D4 above=T3 pat=000 resclass=[ -5, -3, 15 ] xT=false
  D4 above=T1 pat=000 resclass=[ 130, -26, -5 ] xT=false
  D4 above=T3 pat=000 resclass=[ -5, -3, 15 ] xT=false
  D4 above=T1 pat=000 resclass=[ 130, -26, -5 ] xT=false
  D4 above=T2 pat=000 resclass=[ -26, 78, -3 ] xT=false
  D4 above=T2 pat=000 resclass=[ -26, 78, -3 ] xT=false
  D4 above=T3 pat=000 resclass=[ -5, -3, 15 ] xT=false
  D4 above=T1 pat=000 resclass=[ 130, -26, -5 ] xT=false
  D4 above=T3 pat=000 resclass=[ -5, -3, 15 ] xT=false
  D4 above=T1 pat=000 resclass=[ 130, -26, -5 ] xT=false
MEMBER stv 2/3 1/4 3 shape=[ 1, 1, 2, 2 ] tors=[ 4, 4 ] order4=12 norm111=0 xTpass=0
  D4 above=T3 pat=000 resclass=[ -1001, -15, 15015 ] xT=false
  D4 above=T3 pat=000 resclass=[ -1001, -15, 15015 ] xT=false
  D4 above=T2 pat=000 resclass=[ -67445, 40467, -15 ] xT=false
  D4 above=T1 pat=000 resclass=[ 1377805, -67445, -1001 ] xT=false
  D4 above=T2 pat=000 resclass=[ -67445, 40467, -15 ] xT=false
  D4 above=T1 pat=000 resclass=[ 1377805, -67445, -1001 ] xT=false
  D4 above=T3 pat=000 resclass=[ -1001, -15, 15015 ] xT=false
  D4 above=T3 pat=000 resclass=[ -1001, -15, 15015 ] xT=false
  D4 above=T2 pat=000 resclass=[ -67445, 40467, -15 ] xT=false
  D4 above=T1 pat=000 resclass=[ 1377805, -67445, -1001 ] xT=false
  D4 above=T2 pat=000 resclass=[ -67445, 40467, -15 ] xT=false
  D4 above=T1 pat=000 resclass=[ 1377805, -67445, -1001 ] xT=false
MEMBER stv 2/3 4 1 shape=[ 1, 1, 2, 2 ] tors=[ 4, 4 ] order4=12 norm111=0 xTpass=0
  D4 above=T3 pat=000 resclass=[ -2021, 15, -30315 ] xT=false
  D4 above=T3 pat=000 resclass=[ -2021, 15, -30315 ] xT=false
  D4 above=T2 pat=000 resclass=[ -418665, -27911, 15 ] xT=false
  D4 above=T1 pat=000 resclass=[ 846121965, -418665, -2021 ] xT=false
  D4 above=T2 pat=000 resclass=[ -418665, -27911, 15 ] xT=false
  D4 above=T1 pat=000 resclass=[ 846121965, -418665, -2021 ] xT=false
  D4 above=T3 pat=000 resclass=[ -2021, 15, -30315 ] xT=false
  D4 above=T3 pat=000 resclass=[ -2021, 15, -30315 ] xT=false
  D4 above=T2 pat=000 resclass=[ -418665, -27911, 15 ] xT=false
  D4 above=T1 pat=000 resclass=[ 846121965, -418665, -2021 ] xT=false
  D4 above=T2 pat=000 resclass=[ -418665, -27911, 15 ] xT=false
  D4 above=T1 pat=000 resclass=[ 846121965, -418665, -2021 ] xT=false
MEMBER stv 3/4 3 1/3 shape=[ 1, 1, 2, 2 ] tors=[ 4, 4 ] order4=12 norm111=0 xTpass=0
  D4 above=T1 pat=000 resclass=[ 1689366, -41610, -1015 ] xT=false
  D4 above=T1 pat=000 resclass=[ 1689366, -41610, -1015 ] xT=false
  D4 above=T3 pat=000 resclass=[ -1015, 2, -2030 ] xT=false
  D4 above=T2 pat=000 resclass=[ -41610, -20805, 2 ] xT=false
  D4 above=T3 pat=000 resclass=[ -1015, 2, -2030 ] xT=false
  D4 above=T2 pat=000 resclass=[ -41610, -20805, 2 ] xT=false
  D4 above=T1 pat=000 resclass=[ 1689366, -41610, -1015 ] xT=false
  D4 above=T1 pat=000 resclass=[ 1689366, -41610, -1015 ] xT=false
  D4 above=T3 pat=000 resclass=[ -1015, 2, -2030 ] xT=false
  D4 above=T2 pat=000 resclass=[ -41610, -20805, 2 ] xT=false
  D4 above=T3 pat=000 resclass=[ -1015, 2, -2030 ] xT=false
  D4 above=T2 pat=000 resclass=[ -41610, -20805, 2 ] xT=false
MEMBER stv 1 3/2 2 shape=[ 1, 1, 2, 2 ] tors=[ 4, 4 ] order4=12 norm111=0 xTpass=0
  D4 above=T2 pat=000 resclass=[ -35, -7, 5 ] xT=false
  D4 above=T2 pat=000 resclass=[ -35, -7, 5 ] xT=false
  D4 above=T3 pat=000 resclass=[ -1, 5, -5 ] xT=false
  D4 above=T1 pat=000 resclass=[ 35, -35, -1 ] xT=false
  D4 above=T3 pat=000 resclass=[ -1, 5, -5 ] xT=false
  D4 above=T1 pat=000 resclass=[ 35, -35, -1 ] xT=false
  D4 above=T2 pat=000 resclass=[ -35, -7, 5 ] xT=false
  D4 above=T2 pat=000 resclass=[ -35, -7, 5 ] xT=false
  D4 above=T3 pat=000 resclass=[ -1, 5, -5 ] xT=false
  D4 above=T1 pat=000 resclass=[ 35, -35, -1 ] xT=false
  D4 above=T3 pat=000 resclass=[ -1, 5, -5 ] xT=false
  D4 above=T1 pat=000 resclass=[ 35, -35, -1 ] xT=false
MEMBER stv 4/3 4/3 3/4 shape=[ 1, 1, 2, 2 ] tors=[ 4, 4 ] order4=12 norm111=0 xTpass=0
  D4 above=T1 pat=000 resclass=[ 399, 105, 95 ] xT=false
  D4 above=T1 pat=000 resclass=[ 399, 105, 95 ] xT=false
  D4 above=T2 pat=000 resclass=[ 105, 15, 7 ] xT=false
  D4 above=T3 pat=000 resclass=[ 95, 7, 665 ] xT=false
  D4 above=T2 pat=000 resclass=[ 105, 15, 7 ] xT=false
  D4 above=T3 pat=000 resclass=[ 95, 7, 665 ] xT=false
  D4 above=T1 pat=000 resclass=[ 399, 105, 95 ] xT=false
  D4 above=T1 pat=000 resclass=[ 399, 105, 95 ] xT=false
  D4 above=T2 pat=000 resclass=[ 105, 15, 7 ] xT=false
  D4 above=T3 pat=000 resclass=[ 95, 7, 665 ] xT=false
  D4 above=T2 pat=000 resclass=[ 105, 15, 7 ] xT=false
  D4 above=T3 pat=000 resclass=[ 95, 7, 665 ] xT=false
MEMBER stv 3/2 3/4 1/4 shape=[ 1, 1, 2, 2 ] tors=[ 4, 4 ] order4=12 norm111=0 xTpass=0
  D4 above=T2 pat=000 resclass=[ -11641, 1663, -7 ] xT=false
  D4 above=T2 pat=000 resclass=[ -11641, 1663, -7 ] xT=false
  D4 above=T1 pat=000 resclass=[ -6134807, -11641, 527 ] xT=false
  D4 above=T3 pat=000 resclass=[ 527, -7, -3689 ] xT=false
  D4 above=T1 pat=000 resclass=[ -6134807, -11641, 527 ] xT=false
  D4 above=T3 pat=000 resclass=[ 527, -7, -3689 ] xT=false
  D4 above=T2 pat=000 resclass=[ -11641, 1663, -7 ] xT=false
  D4 above=T2 pat=000 resclass=[ -11641, 1663, -7 ] xT=false
  D4 above=T1 pat=000 resclass=[ -6134807, -11641, 527 ] xT=false
  D4 above=T3 pat=000 resclass=[ 527, -7, -3689 ] xT=false
  D4 above=T1 pat=000 resclass=[ -6134807, -11641, 527 ] xT=false
  D4 above=T3 pat=000 resclass=[ 527, -7, -3689 ] xT=false
MEMBER stv 2 1/2 3/2 shape=[ 1, 1, 2, 2 ] tors=[ 4, 4 ] order4=12 norm111=0 xTpass=0
  D4 above=T1 pat=000 resclass=[ -89705, -1631, 55 ] xT=false
  D4 above=T1 pat=000 resclass=[ -89705, -1631, 55 ] xT=false
  D4 above=T2 pat=000 resclass=[ -1631, 4893, -3 ] xT=false
  D4 above=T3 pat=000 resclass=[ 55, -3, -165 ] xT=false
  D4 above=T2 pat=000 resclass=[ -1631, 4893, -3 ] xT=false
  D4 above=T3 pat=000 resclass=[ 55, -3, -165 ] xT=false
  D4 above=T1 pat=000 resclass=[ -89705, -1631, 55 ] xT=false
  D4 above=T1 pat=000 resclass=[ -89705, -1631, 55 ] xT=false
  D4 above=T2 pat=000 resclass=[ -1631, 4893, -3 ] xT=false
  D4 above=T3 pat=000 resclass=[ 55, -3, -165 ] xT=false
  D4 above=T2 pat=000 resclass=[ -1631, 4893, -3 ] xT=false
  D4 above=T3 pat=000 resclass=[ 55, -3, -165 ] xT=false
MEMBER stv 3 1/3 2/3 shape=[ 1, 1, 2, 2 ] tors=[ 4, 4 ] order4=12 norm111=0 xTpass=0
  D4 above=T3 pat=000 resclass=[ 665, -2, -1330 ] xT=false
  D4 above=T3 pat=000 resclass=[ 665, -2, -1330 ] xT=false
  D4 above=T2 pat=000 resclass=[ -12019, 24038, -2 ] xT=false
  D4 above=T1 pat=000 resclass=[ -163115, -12019, 665 ] xT=false
  D4 above=T2 pat=000 resclass=[ -12019, 24038, -2 ] xT=false
  D4 above=T1 pat=000 resclass=[ -163115, -12019, 665 ] xT=false
  D4 above=T3 pat=000 resclass=[ 665, -2, -1330 ] xT=false
  D4 above=T3 pat=000 resclass=[ 665, -2, -1330 ] xT=false
  D4 above=T2 pat=000 resclass=[ -12019, 24038, -2 ] xT=false
  D4 above=T1 pat=000 resclass=[ -163115, -12019, 665 ] xT=false
  D4 above=T2 pat=000 resclass=[ -12019, 24038, -2 ] xT=false
  D4 above=T1 pat=000 resclass=[ -163115, -12019, 665 ] xT=false
MEMBER stv 3 4 4 shape=[ 1, 1, 2, 2 ] tors=[ 4, 4 ] order4=12 norm111=0 xTpass=0
  D4 above=T3 pat=000 resclass=[ -6, 15, -10 ] xT=false
  D4 above=T3 pat=000 resclass=[ -6, 15, -10 ] xT=false
  D4 above=T2 pat=000 resclass=[ -512265, -34151, 15 ] xT=false
  D4 above=T1 pat=000 resclass=[ 341510, -512265, -6 ] xT=false
  D4 above=T2 pat=000 resclass=[ -512265, -34151, 15 ] xT=false
  D4 above=T1 pat=000 resclass=[ 341510, -512265, -6 ] xT=false
  D4 above=T3 pat=000 resclass=[ -6, 15, -10 ] xT=false
  D4 above=T3 pat=000 resclass=[ -6, 15, -10 ] xT=false
  D4 above=T2 pat=000 resclass=[ -512265, -34151, 15 ] xT=false
  D4 above=T1 pat=000 resclass=[ 341510, -512265, -6 ] xT=false
  D4 above=T2 pat=000 resclass=[ -512265, -34151, 15 ] xT=false
  D4 above=T1 pat=000 resclass=[ 341510, -512265, -6 ] xT=false
MEMBER stv 4 3 4/3 shape=[ 1, 1, 2, 2 ] tors=[ 4, 4 ] order4=12 norm111=0 xTpass=0
  D4 above=T2 pat=000 resclass=[ -88842, -44421, 2 ] xT=false
  D4 above=T2 pat=000 resclass=[ -88842, -44421, 2 ] xT=false
  D4 above=T3 pat=000 resclass=[ -3, 2, -6 ] xT=false
  D4 above=T1 pat=000 resclass=[ 29614, -88842, -3 ] xT=false
  D4 above=T3 pat=000 resclass=[ -3, 2, -6 ] xT=false
  D4 above=T1 pat=000 resclass=[ 29614, -88842, -3 ] xT=false
  D4 above=T2 pat=000 resclass=[ -88842, -44421, 2 ] xT=false
  D4 above=T2 pat=000 resclass=[ -88842, -44421, 2 ] xT=false
  D4 above=T3 pat=000 resclass=[ -3, 2, -6 ] xT=false
  D4 above=T1 pat=000 resclass=[ 29614, -88842, -3 ] xT=false
  D4 above=T3 pat=000 resclass=[ -3, 2, -6 ] xT=false
  D4 above=T1 pat=000 resclass=[ 29614, -88842, -3 ] xT=false
MEMBER stv 10/3 1/4 -3/2 shape=[ 1, 1, 2, 2 ] tors=[ 4, 4 ] order4=12 norm111=0 xTpass=0
  D4 above=T2 pat=000 resclass=[ 5686765, -3412059, -15 ] xT=false
  D4 above=T2 pat=000 resclass=[ 5686765, -3412059, -15 ] xT=false
  D4 above=T1 pat=000 resclass=[ 5362619395, 5686765, 943 ] xT=false
  D4 above=T3 pat=000 resclass=[ 943, -15, -14145 ] xT=false
  D4 above=T1 pat=000 resclass=[ 5362619395, 5686765, 943 ] xT=false
  D4 above=T3 pat=000 resclass=[ 943, -15, -14145 ] xT=false
  D4 above=T2 pat=000 resclass=[ 5686765, -3412059, -15 ] xT=false
  D4 above=T2 pat=000 resclass=[ 5686765, -3412059, -15 ] xT=false
  D4 above=T1 pat=000 resclass=[ 5362619395, 5686765, 943 ] xT=false
  D4 above=T3 pat=000 resclass=[ 943, -15, -14145 ] xT=false
  D4 above=T1 pat=000 resclass=[ 5362619395, 5686765, 943 ] xT=false
  D4 above=T3 pat=000 resclass=[ 943, -15, -14145 ] xT=false
MEMBER stv 7/5 5/8 7/6 shape=[ 1, 1, 2, 2 ] tors=[ 4, 4 ] order4=12 norm111=0 xTpass=0
  D4 above=T1 pat=000 resclass=[ -31965727702070162, -196495722878, 162679 ] xT=false
  D4 above=T1 pat=000 resclass=[ -31965727702070162, -196495722878, 162679 ] xT=false
  D4 above=T2 pat=000 resclass=[ -196495722878, 45345166818, -39 ] xT=false
  D4 above=T3 pat=000 resclass=[ 162679, -39, -6344481 ] xT=false
  D4 above=T2 pat=000 resclass=[ -196495722878, 45345166818, -39 ] xT=false
  D4 above=T3 pat=000 resclass=[ 162679, -39, -6344481 ] xT=false
  D4 above=T1 pat=000 resclass=[ -31965727702070162, -196495722878, 162679 ] xT=false
  D4 above=T1 pat=000 resclass=[ -31965727702070162, -196495722878, 162679 ] xT=false
  D4 above=T2 pat=000 resclass=[ -196495722878, 45345166818, -39 ] xT=false
  D4 above=T3 pat=000 resclass=[ 162679, -39, -6344481 ] xT=false
  D4 above=T2 pat=000 resclass=[ -196495722878, 45345166818, -39 ] xT=false
  D4 above=T3 pat=000 resclass=[ 162679, -39, -6344481 ] xT=false
MEMBER stv 19/12 1/3 -5/3 shape=[ 1, 1, 2, 2 ] tors=[ 4, 4 ] order4=12 norm111=0 xTpass=0
  D4 above=T1 pat=000 resclass=[ 47645832270, 535346430, 89 ] xT=false
  D4 above=T1 pat=000 resclass=[ 47645832270, 535346430, 89 ] xT=false
  D4 above=T3 pat=000 resclass=[ 89, -2, -178 ] xT=false
  D4 above=T2 pat=000 resclass=[ 535346430, -267673215, -2 ] xT=false
  D4 above=T3 pat=000 resclass=[ 89, -2, -178 ] xT=false
  D4 above=T2 pat=000 resclass=[ 535346430, -267673215, -2 ] xT=false
  D4 above=T1 pat=000 resclass=[ 47645832270, 535346430, 89 ] xT=false
  D4 above=T1 pat=000 resclass=[ 47645832270, 535346430, 89 ] xT=false
  D4 above=T3 pat=000 resclass=[ 89, -2, -178 ] xT=false
  D4 above=T2 pat=000 resclass=[ 535346430, -267673215, -2 ] xT=false
  D4 above=T3 pat=000 resclass=[ 89, -2, -178 ] xT=false
  D4 above=T2 pat=000 resclass=[ 535346430, -267673215, -2 ] xT=false
PART_DONE part=153
