MEMBER stv 1/4 3/4 -4 shape=[ 1, 1, 2, 2 ] tors=[ 4, 4 ] order4=12 norm111=0 xTpass=0
  D4 above=T3 pat=000 resclass=[ -33, -7, 231 ] xT=false
  D4 above=T3 pat=000 resclass=[ -33, -7, 231 ] xT=false
  D4 above=T2 pat=000 resclass=[ -35, 5, -7 ] xT=false
  D4 above=T1 pat=000 resclass=[ 1155, -35, -33 ] xT=false
  D4 above=T2 pat=000 resclass=[ -35, 5, -7 ] xT=false
  D4 above=T1 pat=000 resclass=[ 1155, -35, -33 ] xT=false
  D4 above=T3 pat=000 resclass=[ -33, -7, 231 ] xT=false
  D4 above=T3 pat=000 resclass=[ -33, -7, 231 ] xT=false
  D4 above=T2 pat=000 resclass=[ -35, 5, -7 ] xT=false
  D4 above=T1 pat=000 resclass=[ 1155, -35, -33 ] xT=false
  D4 above=T2 pat=000 resclass=[ -35, 5, -7 ] xT=false
  D4 above=T1 pat=000 resclass=[ 1155, -35, -33 ] xT=false
MEMBER stv 1/3 2/3 -4/3 shape=[ 1, 1, 2, 2 ] tors=[ 4, 4 ] order4=12 norm111=0 xTpass=0
  D4 above=T2 pat=000 resclass=[ 43815, -8763, -5 ] xT=false
  D4 above=T2 pat=000 resclass=[ 43815, -8763, -5 ] xT=false
  D4 above=T1 pat=000 resclass=[ -43815, 43815, -1 ] xT=false
  D4 above=T3 pat=000 resclass=[ -1, -5, 5 ] xT=false
  D4 above=T1 pat=000 resclass=[ -43815, 43815, -1 ] xT=false
  D4 above=T3 pat=000 resclass=[ -1, -5, 5 ] xT=false
  D4 above=T2 pat=000 resclass=[ 43815, -8763, -5 ] xT=false
  D4 above=T2 pat=000 resclass=[ 43815, -8763, -5 ] xT=false
  D4 above=T1 pat=000 resclass=[ -43815, 43815, -1 ] xT=false
  D4 above=T3 pat=000 resclass=[ -1, -5, 5 ] xT=false
  D4 above=T1 pat=000 resclass=[ -43815, 43815, -1 ] xT=false
  D4 above=T3 pat=000 resclass=[ -1, -5, 5 ] xT=false
MEMBER stv 1/2 1/2 -1/2 shape=[ 1, 1, 2, 2 ] tors=[ 4, 4 ] order4=12 norm111=0 xTpass=0
  D4 above=T1 pat=000 resclass=[ -210, 42, -5 ] xT=false
  D4 above=T1 pat=000 resclass=[ -210, 42, -5 ] xT=false
  D4 above=T3 pat=000 resclass=[ -5, -3, 15 ] xT=false
  D4 above=T2 pat=000 resclass=[ 42, -14, -3 ] xT=false
  D4 above=T3 pat=000 resclass=[ -5, -3, 15 ] xT=false
  D4 above=T2 pat=000 resclass=[ 42, -14, -3 ] xT=false
  D4 above=T1 pat=000 resclass=[ -210, 42, -5 ] xT=false
  D4 above=T1 pat=000 resclass=[ -210, 42, -5 ] xT=false
  D4 above=T3 pat=000 resclass=[ -5, -3, 15 ] xT=false
  D4 above=T2 pat=000 resclass=[ 42, -14, -3 ] xT=false
  D4 above=T3 pat=000 resclass=[ -5, -3, 15 ] xT=false
  D4 above=T2 pat=000 resclass=[ 42, -14, -3 ] xT=false
MEMBER stv 2/3 1/4 -3 shape=[ 1, 1, 2, 2 ] tors=[ 4, 4 ] order4=12 norm111=0 xTpass=0
  D4 above=T3 pat=000 resclass=[ -1001, -15, 15015 ] xT=false
  D4 above=T3 pat=000 resclass=[ -1001, -15, 15015 ] xT=false
  D4 above=T1 pat=000 resclass=[ -1956955, 1955, -1001 ] xT=false
  D4 above=T2 pat=000 resclass=[ 1955, -1173, -15 ] xT=false
  D4 above=T1 pat=000 resclass=[ -1956955, 1955, -1001 ] xT=false
  D4 above=T2 pat=000 resclass=[ 1955, -1173, -15 ] xT=false
  D4 above=T3 pat=000 resclass=[ -1001, -15, 15015 ] xT=false
  D4 above=T3 pat=000 resclass=[ -1001, -15, 15015 ] xT=false
  D4 above=T1 pat=000 resclass=[ -1956955, 1955, -1001 ] xT=false
  D4 above=T2 pat=000 resclass=[ 1955, -1173, -15 ] xT=false
  D4 above=T1 pat=000 resclass=[ -1956955, 1955, -1001 ] xT=false
  D4 above=T2 pat=000 resclass=[ 1955, -1173, -15 ] xT=false
MEMBER stv 2/3 4 -1 shape=[ 1, 1, 2, 2 ] tors=[ 4, 4 ] order4=12 norm111=0 xTpass=0
  D4 above=T2 pat=000 resclass=[ -6495, -433, 15 ] xT=false
  D4 above=T2 pat=000 resclass=[ -6495, -433, 15 ] xT=false
  D4 above=T1 pat=000 resclass=[ 13126395, -6495, -2021 ] xT=false
  D4 above=T3 pat=000 resclass=[ -2021, 15, -30315 ] xT=false
  D4 above=T1 pat=000 resclass=[ 13126395, -6495, -2021 ] xT=false
  D4 above=T3 pat=000 resclass=[ -2021, 15, -30315 ] xT=false
  D4 above=T2 pat=000 resclass=[ -6495, -433, 15 ] xT=false
  D4 above=T2 pat=000 resclass=[ -6495, -433, 15 ] xT=false
  D4 above=T1 pat=000 resclass=[ 13126395, -6495, -2021 ] xT=false
  D4 above=T3 pat=000 resclass=[ -2021, 15, -30315 ] xT=false
  D4 above=T1 pat=000 resclass=[ 13126395, -6495, -2021 ] xT=false
  D4 above=T3 pat=000 resclass=[ -2021, 15, -30315 ] xT=false
MEMBER stv 3/4 3 -1/3 shape=[ 1, 1, 2, 2 ] tors=[ 4, 4 ] order4=12 norm111=0 xTpass=0
  D4 above=T1 pat=000 resclass=[ 31430490, -30966, -1015 ] xT=false
  D4 above=T1 pat=000 resclass=[ 31430490, -30966, -1015 ] xT=false
  D4 above=T2 pat=000 resclass=[ -30966, -15483, 2 ] xT=false
  D4 above=T3 pat=000 resclass=[ -1015, 2, -2030 ] xT=false
  D4 above=T2 pat=000 resclass=[ -30966, -15483, 2 ] xT=false
  D4 above=T3 pat=000 resclass=[ -1015, 2, -2030 ] xT=false
  D4 above=T1 pat=000 resclass=[ 31430490, -30966, -1015 ] xT=false
  D4 above=T1 pat=000 resclass=[ 31430490, -30966, -1015 ] xT=false
  D4 above=T2 pat=000 resclass=[ -30966, -15483, 2 ] xT=false
  D4 above=T3 pat=000 resclass=[ -1015, 2, -2030 ] xT=false
  D4 above=T2 pat=000 resclass=[ -30966, -15483, 2 ] xT=false
  D4 above=T3 pat=000 resclass=[ -1015, 2, -2030 ] xT=false
MEMBER stv 1 3/2 -2 shape=[ 1, 1, 2, 2 ] tors=[ 4, 4 ] order4=12 norm111=0 xTpass=0
  D4 above=T3 pat=000 resclass=[ -1, 5, -5 ] xT=false
  D4 above=T3 pat=000 resclass=[ -1, 5, -5 ] xT=false
  D4 above=T1 pat=000 resclass=[ -185, 185, -1 ] xT=false
  D4 above=T2 pat=000 resclass=[ 185, 37, 5 ] xT=false
  D4 above=T1 pat=000 resclass=[ -185, 185, -1 ] xT=false
  D4 above=T2 pat=000 resclass=[ 185, 37, 5 ] xT=false
  D4 above=T3 pat=000 resclass=[ -1, 5, -5 ] xT=false
  D4 above=T3 pat=000 resclass=[ -1, 5, -5 ] xT=false
  D4 above=T1 pat=000 resclass=[ -185, 185, -1 ] xT=false
  D4 above=T2 pat=000 resclass=[ 185, 37, 5 ] xT=false
  D4 above=T1 pat=000 resclass=[ -185, 185, -1 ] xT=false
  D4 above=T2 pat=000 resclass=[ 185, 37, 5 ] xT=false
MEMBER stv 4/3 4/3 -3/4 shape=[ 1, 1, 2, 2 ] tors=[ 4, 4 ] order4=12 norm111=0 xTpass=0
  D4 above=T1 pat=000 resclass=[ 105, 399, 95 ] xT=false
  D4 above=T1 pat=000 resclass=[ 105, 399, 95 ] xT=false
  D4 above=T2 pat=000 resclass=[ 399, 57, 7 ] xT=false
  D4 above=T3 pat=000 resclass=[ 95, 7, 665 ] xT=false
  D4 above=T2 pat=000 resclass=[ 399, 57, 7 ] xT=false
  D4 above=T3 pat=000 resclass=[ 95, 7, 665 ] xT=false
  D4 above=T1 pat=000 resclass=[ 105, 399, 95 ] xT=false
  D4 above=T1 pat=000 resclass=[ 105, 399, 95 ] xT=false
  D4 above=T2 pat=000 resclass=[ 399, 57, 7 ] xT=false
  D4 above=T3 pat=000 resclass=[ 95, 7, 665 ] xT=false
  D4 above=T2 pat=000 resclass=[ 399, 57, 7 ] xT=false
  D4 above=T3 pat=000 resclass=[ 95, 7, 665 ] xT=false
MEMBER stv 3/2 3/4 -1/4 shape=[ 1, 1, 2, 2 ] tors=[ 4, 4 ] order4=12 norm111=0 xTpass=0
  D4 above=T2 pat=000 resclass=[ 385, -55, -7 ] xT=false
  D4 above=T2 pat=000 resclass=[ 385, -55, -7 ] xT=false
  D4 above=T3 pat=000 resclass=[ 527, -7, -3689 ] xT=false
  D4 above=T1 pat=000 resclass=[ 202895, 385, 527 ] xT=false
  D4 above=T3 pat=000 resclass=[ 527, -7, -3689 ] xT=false
  D4 above=T1 pat=000 resclass=[ 202895, 385, 527 ] xT=false
  D4 above=T2 pat=000 resclass=[ 385, -55, -7 ] xT=false
  D4 above=T2 pat=000 resclass=[ 385, -55, -7 ] xT=false
  D4 above=T3 pat=000 resclass=[ 527, -7, -3689 ] xT=false
  D4 above=T1 pat=000 resclass=[ 202895, 385, 527 ] xT=false
  D4 above=T3 pat=000 resclass=[ 527, -7, -3689 ] xT=false
  D4 above=T1 pat=000 resclass=[ 202895, 385, 527 ] xT=false
MEMBER stv 2 1/2 -3/2 shape=[ 1, 1, 2, 2 ] tors=[ 4, 4 ] order4=12 norm111=0 xTpass=0
  D4 above=T3 pat=000 resclass=[ 55, -3, -165 ] xT=false
  D4 above=T3 pat=000 resclass=[ 55, -3, -165 ] xT=false
  D4 above=T1 pat=000 resclass=[ 11, 5, 55 ] xT=false
  D4 above=T2 pat=000 resclass=[ 5, -15, -3 ] xT=false
  D4 above=T1 pat=000 resclass=[ 11, 5, 55 ] xT=false
  D4 above=T2 pat=000 resclass=[ 5, -15, -3 ] xT=false
  D4 above=T3 pat=000 resclass=[ 55, -3, -165 ] xT=false
  D4 above=T3 pat=000 resclass=[ 55, -3, -165 ] xT=false
  D4 above=T1 pat=000 resclass=[ 11, 5, 55 ] xT=false
  D4 above=T2 pat=000 resclass=[ 5, -15, -3 ] xT=false
  D4 above=T1 pat=000 resclass=[ 11, 5, 55 ] xT=false
  D4 above=T2 pat=000 resclass=[ 5, -15, -3 ] xT=false
MEMBER stv 3 1/3 -2/3 shape=[ 1, 1, 2, 2 ] tors=[ 4, 4 ] order4=12 norm111=0 xTpass=0
  D4 above=T3 pat=000 resclass=[ 665, -2, -1330 ] xT=false
  D4 above=T3 pat=000 resclass=[ 665, -2, -1330 ] xT=false
  D4 above=T2 pat=000 resclass=[ 6155, -12310, -2 ] xT=false
  D4 above=T1 pat=000 resclass=[ 163723, 6155, 665 ] xT=false
  D4 above=T2 pat=000 resclass=[ 6155, -12310, -2 ] xT=false
  D4 above=T1 pat=000 resclass=[ 163723, 6155, 665 ] xT=false
  D4 above=T3 pat=000 resclass=[ 665, -2, -1330 ] xT=false
  D4 above=T3 pat=000 resclass=[ 665, -2, -1330 ] xT=false
  D4 above=T2 pat=000 resclass=[ 6155, -12310, -2 ] xT=false
  D4 above=T1 pat=000 resclass=[ 163723, 6155, 665 ] xT=false
  D4 above=T2 pat=000 resclass=[ 6155, -12310, -2 ] xT=false
  D4 above=T1 pat=000 resclass=[ 163723, 6155, 665 ] xT=false
MEMBER stv 3 4 -4 shape=[ 1, 1, 2, 2 ] tors=[ 4, 4 ] order4=12 norm111=0 xTpass=0
  D4 above=T1 pat=000 resclass=[ -518, 777, -6 ] xT=false
  D4 above=T1 pat=000 resclass=[ -518, 777, -6 ] xT=false
  D4 above=T3 pat=000 resclass=[ -6, 15, -10 ] xT=false
  D4 above=T2 pat=000 resclass=[ 777, 1295, 15 ] xT=false
  D4 above=T3 pat=000 resclass=[ -6, 15, -10 ] xT=false
  D4 above=T2 pat=000 resclass=[ 777, 1295, 15 ] xT=false
  D4 above=T1 pat=000 resclass=[ -518, 777, -6 ] xT=false
  D4 above=T1 pat=000 resclass=[ -518, 777, -6 ] xT=false
  D4 above=T3 pat=000 resclass=[ -6, 15, -10 ] xT=false
  D4 above=T2 pat=000 resclass=[ 777, 1295, 15 ] xT=false
  D4 above=T3 pat=000 resclass=[ -6, 15, -10 ] xT=false
  D4 above=T2 pat=000 resclass=[ 777, 1295, 15 ] xT=false
MEMBER stv 4 3 -4/3 shape=[ 1, 1, 2, 2 ] tors=[ 4, 4 ] order4=12 norm111=0 xTpass=0
  D4 above=T3 pat=000 resclass=[ -3, 2, -6 ] xT=false
  D4 above=T3 pat=000 resclass=[ -3, 2, -6 ] xT=false
  D4 above=T2 pat=000 resclass=[ 83082, 41541, 2 ] xT=false
  D4 above=T1 pat=000 resclass=[ -27694, 83082, -3 ] xT=false
  D4 above=T2 pat=000 resclass=[ 83082, 41541, 2 ] xT=false
  D4 above=T1 pat=000 resclass=[ -27694, 83082, -3 ] xT=false
  D4 above=T3 pat=000 resclass=[ -3, 2, -6 ] xT=false
  D4 above=T3 pat=000 resclass=[ -3, 2, -6 ] xT=false
  D4 above=T2 pat=000 resclass=[ 83082, 41541, 2 ] xT=false
  D4 above=T1 pat=000 resclass=[ -27694, 83082, -3 ] xT=false
  D4 above=T2 pat=000 resclass=[ 83082, 41541, 2 ] xT=false
  D4 above=T1 pat=000 resclass=[ -27694, 83082, -3 ] xT=false
MEMBER stv 10/7 1/3 20/19 shape=[ 1, 1, 2, 2 ] tors=[ 4, 4 ] order4=12 norm111=0 xTpass=0
  D4 above=T1 pat=000 resclass=[ -169493086272990, -136577829390, 1241 ] xT=false
  D4 above=T1 pat=000 resclass=[ -169493086272990, -136577829390, 1241 ] xT=false
  D4 above=T2 pat=000 resclass=[ -136577829390, 68288914695, -2 ] xT=false
  D4 above=T3 pat=000 resclass=[ 1241, -2, -2482 ] xT=false
  D4 above=T2 pat=000 resclass=[ -136577829390, 68288914695, -2 ] xT=false
  D4 above=T3 pat=000 resclass=[ 1241, -2, -2482 ] xT=false
  D4 above=T1 pat=000 resclass=[ -169493086272990, -136577829390, 1241 ] xT=false
  D4 above=T1 pat=000 resclass=[ -169493086272990, -136577829390, 1241 ] xT=false
  D4 above=T2 pat=000 resclass=[ -136577829390, 68288914695, -2 ] xT=false
  D4 above=T3 pat=000 resclass=[ 1241, -2, -2482 ] xT=false
  D4 above=T2 pat=000 resclass=[ -136577829390, 68288914695, -2 ] xT=false
  D4 above=T3 pat=000 resclass=[ 1241, -2, -2482 ] xT=false
MEMBER stv 2/7 16/5 4 shape=[ 1, 1, 2, 2 ] tors=[ 4, 4 ] order4=12 norm111=0 xTpass=0
  D4 above=T3 pat=000 resclass=[ -2612189, 231, -603415659 ] xT=false
  D4 above=T3 pat=000 resclass=[ -2612189, 231, -603415659 ] xT=false
  D4 above=T1 pat=000 resclass=[ 453015521876802885, -173423715465, -2612189 ] xT=false
  D4 above=T2 pat=000 resclass=[ -173423715465, -750752015, 231 ] xT=false
  D4 above=T1 pat=000 resclass=[ 453015521876802885, -173423715465, -2612189 ] xT=false
  D4 above=T2 pat=000 resclass=[ -173423715465, -750752015, 231 ] xT=false
  D4 above=T3 pat=000 resclass=[ -2612189, 231, -603415659 ] xT=false
  D4 above=T3 pat=000 resclass=[ -2612189, 231, -603415659 ] xT=false
  D4 above=T1 pat=000 resclass=[ 453015521876802885, -173423715465, -2612189 ] xT=false
  D4 above=T2 pat=000 resclass=[ -173423715465, -750752015, 231 ] xT=false
  D4 above=T1 pat=000 resclass=[ 453015521876802885, -173423715465, -2612189 ] xT=false
  D4 above=T2 pat=000 resclass=[ -173423715465, -750752015, 231 ] xT=false
MEMBER stv 13/5 20/11 -9/11 shape=[ 1, 1, 2, 2 ] tors=[ 4, 4 ] order4=12 norm111=0 xTpass=0
  D4 above=T2 pat=000 resclass=[ 729456394051, 23530851421, 31 ] xT=false
  D4 above=T2 pat=000 resclass=[ 729456394051, 23530851421, 31 ] xT=false
  D4 above=T1 pat=000 resclass=[ 62056482961, 729456394051, 33019 ] xT=false
  D4 above=T3 pat=000 resclass=[ 33019, 31, 1023589 ] xT=false
  D4 above=T1 pat=000 resclass=[ 62056482961, 729456394051, 33019 ] xT=false
  D4 above=T3 pat=000 resclass=[ 33019, 31, 1023589 ] xT=false
  D4 above=T2 pat=000 resclass=[ 729456394051, 23530851421, 31 ] xT=false
  D4 above=T2 pat=000 resclass=[ 729456394051, 23530851421, 31 ] xT=false
  D4 above=T1 pat=000 resclass=[ 62056482961, 729456394051, 33019 ] xT=false
  D4 above=T3 pat=000 resclass=[ 33019, 31, 1023589 ] xT=false
  D4 above=T1 pat=000 resclass=[ 62056482961, 729456394051, 33019 ] xT=false
  D4 above=T3 pat=000 resclass=[ 33019, 31, 1023589 ] xT=false
PART_DONE part=154
