MEMBER stv 1/4 4/3 1/4 shape=[ 1, 1, 2, 2 ] tors=[ 4, 4 ] order4=12 norm111=0 xTpass=0
  D4 above=T3 pat=000 resclass=[ -703, 7, -4921 ] xT=false
  D4 above=T3 pat=000 resclass=[ -703, 7, -4921 ] xT=false
  D4 above=T1 pat=000 resclass=[ -1110891145, 1580215, -703 ] xT=false
  D4 above=T2 pat=000 resclass=[ 1580215, 225745, 7 ] xT=false
  D4 above=T1 pat=000 resclass=[ -1110891145, 1580215, -703 ] xT=false
  D4 above=T2 pat=000 resclass=[ 1580215, 225745, 7 ] xT=false
  D4 above=T3 pat=000 resclass=[ -703, 7, -4921 ] xT=false
  D4 above=T3 pat=000 resclass=[ -703, 7, -4921 ] xT=false
  D4 above=T1 pat=000 resclass=[ -1110891145, 1580215, -703 ] xT=false
  D4 above=T2 pat=000 resclass=[ 1580215, 225745, 7 ] xT=false
  D4 above=T1 pat=000 resclass=[ -1110891145, 1580215, -703 ] xT=false
  D4 above=T2 pat=000 resclass=[ 1580215, 225745, 7 ] xT=false
MEMBER stv 1/3 2/3 3/2 shape=[ 1, 1, 2, 2 ] tors=[ 4, 4 ] order4=12 norm111=0 xTpass=0
  D4 above=T2 pat=000 resclass=[ -17430, 3486, -5 ] xT=false
  D4 above=T2 pat=000 resclass=[ -17430, 3486, -5 ] xT=false
  D4 above=T3 pat=000 resclass=[ -1, -5, 5 ] xT=false
  D4 above=T1 pat=000 resclass=[ 17430, -17430, -1 ] xT=false
  D4 above=T3 pat=000 resclass=[ -1, -5, 5 ] xT=false
  D4 above=T1 pat=000 resclass=[ 17430, -17430, -1 ] xT=false
  D4 above=T2 pat=000 resclass=[ -17430, 3486, -5 ] xT=false
  D4 above=T2 pat=000 resclass=[ -17430, 3486, -5 ] xT=false
  D4 above=T3 pat=000 resclass=[ -1, -5, 5 ] xT=false
  D4 above=T1 pat=000 resclass=[ 17430, -17430, -1 ] xT=false
  D4 above=T3 pat=000 resclass=[ -1, -5, 5 ] xT=false
  D4 above=T1 pat=000 resclass=[ 17430, -17430, -1 ] xT=false
MEMBER stv 1/2 1/2 2/3 shape=[ 1, 1, 2, 2 ] tors=[ 4, 4 ] order4=12 norm111=0 xTpass=0
  D4 above=T3 pat=000 resclass=[ -5, -3, 15 ] xT=false
  D4 above=T3 pat=000 resclass=[ -5, -3, 15 ] xT=false
  D4 above=T2 pat=000 resclass=[ -434, 1302, -3 ] xT=false
  D4 above=T1 pat=000 resclass=[ 2170, -434, -5 ] xT=false
  D4 above=T2 pat=000 resclass=[ -434, 1302, -3 ] xT=false
  D4 above=T1 pat=000 resclass=[ 2170, -434, -5 ] xT=false
  D4 above=T3 pat=000 resclass=[ -5, -3, 15 ] xT=false
  D4 above=T3 pat=000 resclass=[ -5, -3, 15 ] xT=false
  D4 above=T2 pat=000 resclass=[ -434, 1302, -3 ] xT=false
  D4 above=T1 pat=000 resclass=[ 2170, -434, -5 ] xT=false
  D4 above=T2 pat=000 resclass=[ -434, 1302, -3 ] xT=false
  D4 above=T1 pat=000 resclass=[ 2170, -434, -5 ] xT=false
MEMBER stv 2/3 1/4 4 shape=[ 1, 1, 2, 2 ] tors=[ 4, 4 ] order4=12 norm111=0 xTpass=0
  D4 above=T1 pat=000 resclass=[ 1042041, -1041, -1001 ] xT=false
  D4 above=T1 pat=000 resclass=[ 1042041, -1041, -1001 ] xT=false
  D4 above=T3 pat=000 resclass=[ -1001, -15, 15015 ] xT=false
  D4 above=T2 pat=000 resclass=[ -1041, 1735, -15 ] xT=false
  D4 above=T3 pat=000 resclass=[ -1001, -15, 15015 ] xT=false
  D4 above=T2 pat=000 resclass=[ -1041, 1735, -15 ] xT=false
  D4 above=T1 pat=000 resclass=[ 1042041, -1041, -1001 ] xT=false
  D4 above=T1 pat=000 resclass=[ 1042041, -1041, -1001 ] xT=false
  D4 above=T3 pat=000 resclass=[ -1001, -15, 15015 ] xT=false
  D4 above=T2 pat=000 resclass=[ -1041, 1735, -15 ] xT=false
  D4 above=T3 pat=000 resclass=[ -1001, -15, 15015 ] xT=false
  D4 above=T2 pat=000 resclass=[ -1041, 1735, -15 ] xT=false
MEMBER stv 2/3 4 4/3 shape=[ 1, 1, 2, 2 ] tors=[ 4, 4 ] order4=12 norm111=0 xTpass=0
  D4 above=T3 pat=000 resclass=[ -2021, 15, -30315 ] xT=false
  D4 above=T3 pat=000 resclass=[ -2021, 15, -30315 ] xT=false
  D4 above=T1 pat=000 resclass=[ 2020295, -1848355, -2021 ] xT=false
  D4 above=T2 pat=000 resclass=[ -1848355, -1109013, 15 ] xT=false
  D4 above=T1 pat=000 resclass=[ 2020295, -1848355, -2021 ] xT=false
  D4 above=T2 pat=000 resclass=[ -1848355, -1109013, 15 ] xT=false
  D4 above=T3 pat=000 resclass=[ -2021, 15, -30315 ] xT=false
  D4 above=T3 pat=000 resclass=[ -2021, 15, -30315 ] xT=false
  D4 above=T1 pat=000 resclass=[ 2020295, -1848355, -2021 ] xT=false
  D4 above=T2 pat=000 resclass=[ -1848355, -1109013, 15 ] xT=false
  D4 above=T1 pat=000 resclass=[ 2020295, -1848355, -2021 ] xT=false
  D4 above=T2 pat=000 resclass=[ -1848355, -1109013, 15 ] xT=false
MEMBER stv 3/4 3 1/2 shape=[ 1, 1, 2, 2 ] tors=[ 4, 4 ] order4=12 norm111=0 xTpass=0
  D4 above=T3 pat=000 resclass=[ -1015, 2, -2030 ] xT=false
  D4 above=T3 pat=000 resclass=[ -1015, 2, -2030 ] xT=false
  D4 above=T2 pat=000 resclass=[ -45551, -91102, 2 ] xT=false
  D4 above=T1 pat=000 resclass=[ 46234265, -45551, -1015 ] xT=false
  D4 above=T2 pat=000 resclass=[ -45551, -91102, 2 ] xT=false
  D4 above=T1 pat=000 resclass=[ 46234265, -45551, -1015 ] xT=false
  D4 above=T3 pat=000 resclass=[ -1015, 2, -2030 ] xT=false
  D4 above=T3 pat=000 resclass=[ -1015, 2, -2030 ] xT=false
  D4 above=T2 pat=000 resclass=[ -45551, -91102, 2 ] xT=false
  D4 above=T1 pat=000 resclass=[ 46234265, -45551, -1015 ] xT=false
  D4 above=T2 pat=000 resclass=[ -45551, -91102, 2 ] xT=false
  D4 above=T1 pat=000 resclass=[ 46234265, -45551, -1015 ] xT=false
MEMBER stv 1 3/2 3 shape=[ 1, 1, 2, 2 ] tors=[ 4, 4 ] order4=12 norm111=0 xTpass=0
  D4 above=T3 pat=000 resclass=[ -1, 5, -5 ] xT=false
  D4 above=T3 pat=000 resclass=[ -1, 5, -5 ] xT=false
  D4 above=T2 pat=000 resclass=[ -1065, -213, 5 ] xT=false
  D4 above=T1 pat=000 resclass=[ 1065, -1065, -1 ] xT=false
  D4 above=T2 pat=000 resclass=[ -1065, -213, 5 ] xT=false
  D4 above=T1 pat=000 resclass=[ 1065, -1065, -1 ] xT=false
  D4 above=T3 pat=000 resclass=[ -1, 5, -5 ] xT=false
  D4 above=T3 pat=000 resclass=[ -1, 5, -5 ] xT=false
  D4 above=T2 pat=000 resclass=[ -1065, -213, 5 ] xT=false
  D4 above=T1 pat=000 resclass=[ 1065, -1065, -1 ] xT=false
  D4 above=T2 pat=000 resclass=[ -1065, -213, 5 ] xT=false
  D4 above=T1 pat=000 resclass=[ 1065, -1065, -1 ] xT=false
MEMBER stv 4/3 4/3 1 shape=[ 1, 1, 2, 2 ] tors=[ 4, 4 ] order4=12 norm111=0 xTpass=0
  D4 above=T3 pat=000 resclass=[ 95, 7, 665 ] xT=false
  D4 above=T3 pat=000 resclass=[ 95, 7, 665 ] xT=false
  D4 above=T2 pat=000 resclass=[ 791, 113, 7 ] xT=false
  D4 above=T1 pat=000 resclass=[ 75145, 791, 95 ] xT=false
  D4 above=T2 pat=000 resclass=[ 791, 113, 7 ] xT=false
  D4 above=T1 pat=000 resclass=[ 75145, 791, 95 ] xT=false
  D4 above=T3 pat=000 resclass=[ 95, 7, 665 ] xT=false
  D4 above=T3 pat=000 resclass=[ 95, 7, 665 ] xT=false
  D4 above=T2 pat=000 resclass=[ 791, 113, 7 ] xT=false
  D4 above=T1 pat=000 resclass=[ 75145, 791, 95 ] xT=false
  D4 above=T2 pat=000 resclass=[ 791, 113, 7 ] xT=false
  D4 above=T1 pat=000 resclass=[ 75145, 791, 95 ] xT=false
MEMBER stv 3/2 3/4 1/3 shape=[ 1, 1, 2, 2 ] tors=[ 4, 4 ] order4=12 norm111=0 xTpass=0
  D4 above=T2 pat=000 resclass=[ -1407, 201, -7 ] xT=false
  D4 above=T2 pat=000 resclass=[ -1407, 201, -7 ] xT=false
  D4 above=T1 pat=000 resclass=[ -741489, -1407, 527 ] xT=false
  D4 above=T3 pat=000 resclass=[ 527, -7, -3689 ] xT=false
  D4 above=T1 pat=000 resclass=[ -741489, -1407, 527 ] xT=false
  D4 above=T3 pat=000 resclass=[ 527, -7, -3689 ] xT=false
  D4 above=T2 pat=000 resclass=[ -1407, 201, -7 ] xT=false
  D4 above=T2 pat=000 resclass=[ -1407, 201, -7 ] xT=false
  D4 above=T1 pat=000 resclass=[ -741489, -1407, 527 ] xT=false
  D4 above=T3 pat=000 resclass=[ 527, -7, -3689 ] xT=false
  D4 above=T1 pat=000 resclass=[ -741489, -1407, 527 ] xT=false
  D4 above=T3 pat=000 resclass=[ 527, -7, -3689 ] xT=false
MEMBER stv 2 1/2 2 shape=[ 1, 1, 2, 2 ] tors=[ 4, 4 ] order4=12 norm111=0 xTpass=0
  D4 above=T2 pat=000 resclass=[ -1, 3, -3 ] xT=false
  D4 above=T2 pat=000 resclass=[ -1, 3, -3 ] xT=false
  D4 above=T1 pat=000 resclass=[ -55, -1, 55 ] xT=false
  D4 above=T3 pat=000 resclass=[ 55, -3, -165 ] xT=false
  D4 above=T1 pat=000 resclass=[ -55, -1, 55 ] xT=false
  D4 above=T3 pat=000 resclass=[ 55, -3, -165 ] xT=false
  D4 above=T2 pat=000 resclass=[ -1, 3, -3 ] xT=false
  D4 above=T2 pat=000 resclass=[ -1, 3, -3 ] xT=false
  D4 above=T1 pat=000 resclass=[ -55, -1, 55 ] xT=false
  D4 above=T3 pat=000 resclass=[ 55, -3, -165 ] xT=false
  D4 above=T1 pat=000 resclass=[ -55, -1, 55 ] xT=false
  D4 above=T3 pat=000 resclass=[ 55, -3, -165 ] xT=false
MEMBER stv 3 1/3 3/4 shape=[ 1, 1, 2, 2 ] tors=[ 4, 4 ] order4=12 norm111=0 xTpass=0
  D4 above=T2 pat=000 resclass=[ -310, 155, -2 ] xT=false
  D4 above=T2 pat=000 resclass=[ -310, 155, -2 ] xT=false
  D4 above=T1 pat=000 resclass=[ -8246, -310, 665 ] xT=false
  D4 above=T3 pat=000 resclass=[ 665, -2, -1330 ] xT=false
  D4 above=T1 pat=000 resclass=[ -8246, -310, 665 ] xT=false
  D4 above=T3 pat=000 resclass=[ 665, -2, -1330 ] xT=false
  D4 above=T2 pat=000 resclass=[ -310, 155, -2 ] xT=false
  D4 above=T2 pat=000 resclass=[ -310, 155, -2 ] xT=false
  D4 above=T1 pat=000 resclass=[ -8246, -310, 665 ] xT=false
  D4 above=T3 pat=000 resclass=[ 665, -2, -1330 ] xT=false
  D4 above=T1 pat=000 resclass=[ -8246, -310, 665 ] xT=false
  D4 above=T3 pat=000 resclass=[ 665, -2, -1330 ] xT=false
MEMBER stv 4 1/4 1/4 shape=[ 1, 1, 2, 2 ] tors=[ 4, 4 ] order4=12 norm111=0 xTpass=0
  D4 above=T2 pat=000 resclass=[ -15405, 1027, -15 ] xT=false
  D4 above=T2 pat=000 resclass=[ -15405, 1027, -15 ] xT=false
  D4 above=T3 pat=000 resclass=[ 79, -15, -1185 ] xT=false
  D4 above=T1 pat=000 resclass=[ -195, -15405, 79 ] xT=false
  D4 above=T3 pat=000 resclass=[ 79, -15, -1185 ] xT=false
  D4 above=T1 pat=000 resclass=[ -195, -15405, 79 ] xT=false
  D4 above=T2 pat=000 resclass=[ -15405, 1027, -15 ] xT=false
  D4 above=T2 pat=000 resclass=[ -15405, 1027, -15 ] xT=false
  D4 above=T3 pat=000 resclass=[ 79, -15, -1185 ] xT=false
  D4 above=T1 pat=000 resclass=[ -195, -15405, 79 ] xT=false
  D4 above=T3 pat=000 resclass=[ 79, -15, -1185 ] xT=false
  D4 above=T1 pat=000 resclass=[ -195, -15405, 79 ] xT=false
MEMBER stv 4 3 3/2 shape=[ 1, 1, 2, 2 ] tors=[ 4, 4 ] order4=12 norm111=0 xTpass=0
  D4 above=T3 pat=000 resclass=[ -3, 2, -6 ] xT=false
  D4 above=T3 pat=000 resclass=[ -3, 2, -6 ] xT=false
  D4 above=T1 pat=000 resclass=[ 83, -249, -3 ] xT=false
  D4 above=T2 pat=000 resclass=[ -249, -498, 2 ] xT=false
  D4 above=T1 pat=000 resclass=[ 83, -249, -3 ] xT=false
  D4 above=T2 pat=000 resclass=[ -249, -498, 2 ] xT=false
  D4 above=T3 pat=000 resclass=[ -3, 2, -6 ] xT=false
  D4 above=T3 pat=000 resclass=[ -3, 2, -6 ] xT=false
  D4 above=T1 pat=000 resclass=[ 83, -249, -3 ] xT=false
  D4 above=T2 pat=000 resclass=[ -249, -498, 2 ] xT=false
  D4 above=T1 pat=000 resclass=[ 83, -249, -3 ] xT=false
  D4 above=T2 pat=000 resclass=[ -249, -498, 2 ] xT=false
MEMBER stv 8/9 19/11 -7/19 shape=[ 1, 1, 2, 2 ] tors=[ 4, 4 ] order4=12 norm111=0 xTpass=0
  D4 above=T1 pat=000 resclass=[ 15604291620839145, -267843451155, -58259 ] xT=false
  D4 above=T1 pat=000 resclass=[ 15604291620839145, -267843451155, -58259 ] xT=false
  D4 above=T3 pat=000 resclass=[ -58259, 15, -873885 ] xT=false
  D4 above=T2 pat=000 resclass=[ -267843451155, -17856230077, 15 ] xT=false
  D4 above=T3 pat=000 resclass=[ -58259, 15, -873885 ] xT=false
  D4 above=T2 pat=000 resclass=[ -267843451155, -17856230077, 15 ] xT=false
  D4 above=T1 pat=000 resclass=[ 15604291620839145, -267843451155, -58259 ] xT=false
  D4 above=T1 pat=000 resclass=[ 15604291620839145, -267843451155, -58259 ] xT=false
  D4 above=T3 pat=000 resclass=[ -58259, 15, -873885 ] xT=false
  D4 above=T2 pat=000 resclass=[ -267843451155, -17856230077, 15 ] xT=false
  D4 above=T3 pat=000 resclass=[ -58259, 15, -873885 ] xT=false
  D4 above=T2 pat=000 resclass=[ -267843451155, -17856230077, 15 ] xT=false
MEMBER stv 5 19/12 7/5 shape=[ 1, 1, 2, 2 ] tors=[ 4, 4 ] order4=12 norm111=0 xTpass=0
  D4 above=T2 pat=000 resclass=[ 98707751, 22288847, 217 ] xT=false
  D4 above=T2 pat=000 resclass=[ 98707751, 22288847, 217 ] xT=false
  D4 above=T1 pat=000 resclass=[ 46522048831561, 98707751, 471311 ] xT=false
  D4 above=T3 pat=000 resclass=[ 471311, 217, 102274487 ] xT=false
  D4 above=T1 pat=000 resclass=[ 46522048831561, 98707751, 471311 ] xT=false
  D4 above=T3 pat=000 resclass=[ 471311, 217, 102274487 ] xT=false
  D4 above=T2 pat=000 resclass=[ 98707751, 22288847, 217 ] xT=false
  D4 above=T2 pat=000 resclass=[ 98707751, 22288847, 217 ] xT=false
  D4 above=T1 pat=000 resclass=[ 46522048831561, 98707751, 471311 ] xT=false
  D4 above=T3 pat=000 resclass=[ 471311, 217, 102274487 ] xT=false
  D4 above=T1 pat=000 resclass=[ 46522048831561, 98707751, 471311 ] xT=false
  D4 above=T3 pat=000 resclass=[ 471311, 217, 102274487 ] xT=false
MEMBER stv 11/15 6/5 -11/2 shape=[ 1, 1, 1, 1, 2 ] tors=[ 2, 4, 4 ] order4=24 norm111=0 xTpass=0
  D4 above=T3 pat=100 resclass=[ 1, -11, -11 ] xT=false
  D4 above=T3 pat=100 resclass=[ 1, 11, 11 ] xT=false
  D4 above=T3 pat=100 resclass=[ 1, -11, -11 ] xT=false
  D4 above=T3 pat=100 resclass=[ 1, 11, 11 ] xT=false
  D4 above=T1 pat=001 resclass=[ 30269398, 30269398, 1 ] xT=false
  D4 above=T1 pat=000 resclass=[ 30269398, -30269398, -1 ] xT=false
  D4 above=T2 pat=000 resclass=[ 30269398, -332963378, -11 ] xT=false
  D4 above=T2 pat=000 resclass=[ 30269398, 332963378, 11 ] xT=false
  D4 above=T1 pat=001 resclass=[ 30269398, 30269398, 1 ] xT=false
  D4 above=T1 pat=000 resclass=[ 30269398, -30269398, -1 ] xT=false
  D4 above=T2 pat=000 resclass=[ 30269398, -332963378, -11 ] xT=false
  D4 above=T2 pat=000 resclass=[ 30269398, 332963378, 11 ] xT=false
  D4 above=T3 pat=100 resclass=[ 1, -11, -11 ] xT=false
  D4 above=T3 pat=100 resclass=[ 1, 11, 11 ] xT=false
  D4 above=T3 pat=100 resclass=[ 1, -11, -11 ] xT=false
  D4 above=T3 pat=100 resclass=[ 1, 11, 11 ] xT=false
  D4 above=T1 pat=001 resclass=[ 30269398, 30269398, 1 ] xT=false
  D4 above=T1 pat=000 resclass=[ 30269398, -30269398, -1 ] xT=false
  D4 above=T2 pat=000 resclass=[ 30269398, -332963378, -11 ] xT=false
  D4 above=T2 pat=000 resclass=[ 30269398, 332963378, 11 ] xT=false
  D4 above=T1 pat=001 resclass=[ 30269398, 30269398, 1 ] xT=false
  D4 above=T1 pat=000 resclass=[ 30269398, -30269398, -1 ] xT=false
  D4 above=T2 pat=000 resclass=[ 30269398, -332963378, -11 ] xT=false
  D4 above=T2 pat=000 resclass=[ 30269398, 332963378, 11 ] xT=false
PART_DONE part=155
