MEMBER stv 1/4 4/3 -1/4 shape=[ 1, 1, 2, 2 ] tors=[ 4, 4 ] order4=12 norm111=0 xTpass=0
  D4 above=T2 pat=000 resclass=[ -6895, -985, 7 ] xT=false
  D4 above=T2 pat=000 resclass=[ -6895, -985, 7 ] xT=false
  D4 above=T3 pat=000 resclass=[ -703, 7, -4921 ] xT=false
  D4 above=T1 pat=000 resclass=[ 4847185, -6895, -703 ] xT=false
  D4 above=T3 pat=000 resclass=[ -703, 7, -4921 ] xT=false
  D4 above=T1 pat=000 resclass=[ 4847185, -6895, -703 ] xT=false
  D4 above=T2 pat=000 resclass=[ -6895, -985, 7 ] xT=false
  D4 above=T2 pat=000 resclass=[ -6895, -985, 7 ] xT=false
  D4 above=T3 pat=000 resclass=[ -703, 7, -4921 ] xT=false
  D4 above=T1 pat=000 resclass=[ 4847185, -6895, -703 ] xT=false
  D4 above=T3 pat=000 resclass=[ -703, 7, -4921 ] xT=false
  D4 above=T1 pat=000 resclass=[ 4847185, -6895, -703 ] xT=false
MEMBER stv 1/3 2/3 -3/2 shape=[ 1, 1, 2, 2 ] tors=[ 4, 4 ] order4=12 norm111=0 xTpass=0
  D4 above=T1 pat=000 resclass=[ -6, 6, -1 ] xT=false
  D4 above=T1 pat=000 resclass=[ -6, 6, -1 ] xT=false
  D4 above=T2 pat=000 resclass=[ 6, -30, -5 ] xT=false
  D4 above=T3 pat=000 resclass=[ -1, -5, 5 ] xT=false
  D4 above=T2 pat=000 resclass=[ 6, -30, -5 ] xT=false
  D4 above=T3 pat=000 resclass=[ -1, -5, 5 ] xT=false
  D4 above=T1 pat=000 resclass=[ -6, 6, -1 ] xT=false
  D4 above=T1 pat=000 resclass=[ -6, 6, -1 ] xT=false
  D4 above=T2 pat=000 resclass=[ 6, -30, -5 ] xT=false
  D4 above=T3 pat=000 resclass=[ -1, -5, 5 ] xT=false
  D4 above=T2 pat=000 resclass=[ 6, -30, -5 ] xT=false
  D4 above=T3 pat=000 resclass=[ -1, -5, 5 ] xT=false
MEMBER stv 1/2 1/2 -2/3 shape=[ 1, 1, 2, 2 ] tors=[ 4, 4 ] order4=12 norm111=0 xTpass=0
  D4 above=T2 pat=000 resclass=[ 170, -510, -3 ] xT=false
  D4 above=T2 pat=000 resclass=[ 170, -510, -3 ] xT=false
  D4 above=T1 pat=000 resclass=[ -34, 170, -5 ] xT=false
  D4 above=T3 pat=000 resclass=[ -5, -3, 15 ] xT=false
  D4 above=T1 pat=000 resclass=[ -34, 170, -5 ] xT=false
  D4 above=T3 pat=000 resclass=[ -5, -3, 15 ] xT=false
  D4 above=T2 pat=000 resclass=[ 170, -510, -3 ] xT=false
  D4 above=T2 pat=000 resclass=[ 170, -510, -3 ] xT=false
  D4 above=T1 pat=000 resclass=[ -34, 170, -5 ] xT=false
  D4 above=T3 pat=000 resclass=[ -5, -3, 15 ] xT=false
  D4 above=T1 pat=000 resclass=[ -34, 170, -5 ] xT=false
  D4 above=T3 pat=000 resclass=[ -5, -3, 15 ] xT=false
MEMBER stv 2/3 1/4 -4 shape=[ 1, 1, 2, 2 ] tors=[ 4, 4 ] order4=12 norm111=0 xTpass=0
  D4 above=T3 pat=000 resclass=[ -1001, -15, 15015 ] xT=false
  D4 above=T3 pat=000 resclass=[ -1001, -15, 15015 ] xT=false
  D4 above=T1 pat=000 resclass=[ -10335, 61215, -1001 ] xT=false
  D4 above=T2 pat=000 resclass=[ 61215, -4081, -15 ] xT=false
  D4 above=T1 pat=000 resclass=[ -10335, 61215, -1001 ] xT=false
  D4 above=T2 pat=000 resclass=[ 61215, -4081, -15 ] xT=false
  D4 above=T3 pat=000 resclass=[ -1001, -15, 15015 ] xT=false
  D4 above=T3 pat=000 resclass=[ -1001, -15, 15015 ] xT=false
  D4 above=T1 pat=000 resclass=[ -10335, 61215, -1001 ] xT=false
  D4 above=T2 pat=000 resclass=[ 61215, -4081, -15 ] xT=false
  D4 above=T1 pat=000 resclass=[ -10335, 61215, -1001 ] xT=false
  D4 above=T2 pat=000 resclass=[ 61215, -4081, -15 ] xT=false
MEMBER stv 2/3 4 -4/3 shape=[ 1, 1, 2, 2 ] tors=[ 4, 4 ] order4=12 norm111=0 xTpass=0
  D4 above=T3 pat=000 resclass=[ -2021, 15, -30315 ] xT=false
  D4 above=T3 pat=000 resclass=[ -2021, 15, -30315 ] xT=false
  D4 above=T2 pat=000 resclass=[ -475805, -285483, 15 ] xT=false
  D4 above=T1 pat=000 resclass=[ 961601905, -475805, -2021 ] xT=false
  D4 above=T2 pat=000 resclass=[ -475805, -285483, 15 ] xT=false
  D4 above=T1 pat=000 resclass=[ 961601905, -475805, -2021 ] xT=false
  D4 above=T3 pat=000 resclass=[ -2021, 15, -30315 ] xT=false
  D4 above=T3 pat=000 resclass=[ -2021, 15, -30315 ] xT=false
  D4 above=T2 pat=000 resclass=[ -475805, -285483, 15 ] xT=false
  D4 above=T1 pat=000 resclass=[ 961601905, -475805, -2021 ] xT=false
  D4 above=T2 pat=000 resclass=[ -475805, -285483, 15 ] xT=false
  D4 above=T1 pat=000 resclass=[ 961601905, -475805, -2021 ] xT=false
MEMBER stv 3/4 3 -1/2 shape=[ 1, 1, 2, 2 ] tors=[ 4, 4 ] order4=12 norm111=0 xTpass=0
  D4 above=T2 pat=000 resclass=[ -1081, -2162, 2 ] xT=false
  D4 above=T2 pat=000 resclass=[ -1081, -2162, 2 ] xT=false
  D4 above=T3 pat=000 resclass=[ -1015, 2, -2030 ] xT=false
  D4 above=T1 pat=000 resclass=[ 1097215, -1081, -1015 ] xT=false
  D4 above=T3 pat=000 resclass=[ -1015, 2, -2030 ] xT=false
  D4 above=T1 pat=000 resclass=[ 1097215, -1081, -1015 ] xT=false
  D4 above=T2 pat=000 resclass=[ -1081, -2162, 2 ] xT=false
  D4 above=T2 pat=000 resclass=[ -1081, -2162, 2 ] xT=false
  D4 above=T3 pat=000 resclass=[ -1015, 2, -2030 ] xT=false
  D4 above=T1 pat=000 resclass=[ 1097215, -1081, -1015 ] xT=false
  D4 above=T3 pat=000 resclass=[ -1015, 2, -2030 ] xT=false
  D4 above=T1 pat=000 resclass=[ 1097215, -1081, -1015 ] xT=false
MEMBER stv 1 3/2 -3 shape=[ 1, 1, 2, 2 ] tors=[ 4, 4 ] order4=12 norm111=0 xTpass=0
  D4 above=T3 pat=000 resclass=[ -1, 5, -5 ] xT=false
  D4 above=T3 pat=000 resclass=[ -1, 5, -5 ] xT=false
  D4 above=T1 pat=000 resclass=[ -3090, 3090, -1 ] xT=false
  D4 above=T2 pat=000 resclass=[ 3090, 618, 5 ] xT=false
  D4 above=T1 pat=000 resclass=[ -3090, 3090, -1 ] xT=false
  D4 above=T2 pat=000 resclass=[ 3090, 618, 5 ] xT=false
  D4 above=T3 pat=000 resclass=[ -1, 5, -5 ] xT=false
  D4 above=T3 pat=000 resclass=[ -1, 5, -5 ] xT=false
  D4 above=T1 pat=000 resclass=[ -3090, 3090, -1 ] xT=false
  D4 above=T2 pat=000 resclass=[ 3090, 618, 5 ] xT=false
  D4 above=T1 pat=000 resclass=[ -3090, 3090, -1 ] xT=false
  D4 above=T2 pat=000 resclass=[ 3090, 618, 5 ] xT=false
MEMBER stv 4/3 4/3 -1 shape=[ 1, 1, 2, 2 ] tors=[ 4, 4 ] order4=12 norm111=0 xTpass=0
  D4 above=T2 pat=100 resclass=[ 1, 7, 7 ] xT=false
  D4 above=T2 pat=100 resclass=[ 1, 7, 7 ] xT=false
  D4 above=T1 pat=010 resclass=[ 95, 1, 95 ] xT=false
  D4 above=T3 pat=000 resclass=[ 95, 7, 665 ] xT=false
  D4 above=T1 pat=010 resclass=[ 95, 1, 95 ] xT=false
  D4 above=T3 pat=000 resclass=[ 95, 7, 665 ] xT=false
  D4 above=T2 pat=100 resclass=[ 1, 7, 7 ] xT=false
  D4 above=T2 pat=100 resclass=[ 1, 7, 7 ] xT=false
  D4 above=T1 pat=010 resclass=[ 95, 1, 95 ] xT=false
  D4 above=T3 pat=000 resclass=[ 95, 7, 665 ] xT=false
  D4 above=T1 pat=010 resclass=[ 95, 1, 95 ] xT=false
  D4 above=T3 pat=000 resclass=[ 95, 7, 665 ] xT=false
MEMBER stv 3/2 3/4 -1/3 shape=[ 1, 1, 2, 2 ] tors=[ 4, 4 ] order4=12 norm111=0 xTpass=0
  D4 above=T2 pat=000 resclass=[ 903, -129, -7 ] xT=false
  D4 above=T2 pat=000 resclass=[ 903, -129, -7 ] xT=false
  D4 above=T3 pat=000 resclass=[ 527, -7, -3689 ] xT=false
  D4 above=T1 pat=000 resclass=[ 475881, 903, 527 ] xT=false
  D4 above=T3 pat=000 resclass=[ 527, -7, -3689 ] xT=false
  D4 above=T1 pat=000 resclass=[ 475881, 903, 527 ] xT=false
  D4 above=T2 pat=000 resclass=[ 903, -129, -7 ] xT=false
  D4 above=T2 pat=000 resclass=[ 903, -129, -7 ] xT=false
  D4 above=T3 pat=000 resclass=[ 527, -7, -3689 ] xT=false
  D4 above=T1 pat=000 resclass=[ 475881, 903, 527 ] xT=false
  D4 above=T3 pat=000 resclass=[ 527, -7, -3689 ] xT=false
  D4 above=T1 pat=000 resclass=[ 475881, 903, 527 ] xT=false
MEMBER stv 2 1/2 -2 shape=[ 1, 1, 2, 2 ] tors=[ 4, 4 ] order4=12 norm111=0 xTpass=0
  D4 above=T3 pat=000 resclass=[ 55, -3, -165 ] xT=false
  D4 above=T3 pat=000 resclass=[ 55, -3, -165 ] xT=false
  D4 above=T2 pat=000 resclass=[ 1239, -413, -3 ] xT=false
  D4 above=T1 pat=000 resclass=[ 68145, 1239, 55 ] xT=false
  D4 above=T2 pat=000 resclass=[ 1239, -413, -3 ] xT=false
  D4 above=T1 pat=000 resclass=[ 68145, 1239, 55 ] xT=false
  D4 above=T3 pat=000 resclass=[ 55, -3, -165 ] xT=false
  D4 above=T3 pat=000 resclass=[ 55, -3, -165 ] xT=false
  D4 above=T2 pat=000 resclass=[ 1239, -413, -3 ] xT=false
  D4 above=T1 pat=000 resclass=[ 68145, 1239, 55 ] xT=false
  D4 above=T2 pat=000 resclass=[ 1239, -413, -3 ] xT=false
  D4 above=T1 pat=000 resclass=[ 68145, 1239, 55 ] xT=false
MEMBER stv 3 1/3 -3/4 shape=[ 1, 1, 2, 2 ] tors=[ 4, 4 ] order4=12 norm111=0 xTpass=0
  D4 above=T2 pat=000 resclass=[ 28934, -14467, -2 ] xT=false
  D4 above=T2 pat=000 resclass=[ 28934, -14467, -2 ] xT=false
  D4 above=T3 pat=000 resclass=[ 665, -2, -1330 ] xT=false
  D4 above=T1 pat=000 resclass=[ 19241110, 28934, 665 ] xT=false
  D4 above=T3 pat=000 resclass=[ 665, -2, -1330 ] xT=false
  D4 above=T1 pat=000 resclass=[ 19241110, 28934, 665 ] xT=false
  D4 above=T2 pat=000 resclass=[ 28934, -14467, -2 ] xT=false
  D4 above=T2 pat=000 resclass=[ 28934, -14467, -2 ] xT=false
  D4 above=T3 pat=000 resclass=[ 665, -2, -1330 ] xT=false
  D4 above=T1 pat=000 resclass=[ 19241110, 28934, 665 ] xT=false
  D4 above=T3 pat=000 resclass=[ 665, -2, -1330 ] xT=false
  D4 above=T1 pat=000 resclass=[ 19241110, 28934, 665 ] xT=false
MEMBER stv 4 1/4 -1/4 shape=[ 1, 1, 2, 2 ] tors=[ 4, 4 ] order4=12 norm111=0 xTpass=0
  D4 above=T2 pat=000 resclass=[ 35, -21, -15 ] xT=false
  D4 above=T2 pat=000 resclass=[ 35, -21, -15 ] xT=false
  D4 above=T1 pat=000 resclass=[ 2765, 35, 79 ] xT=false
  D4 above=T3 pat=000 resclass=[ 79, -15, -1185 ] xT=false
  D4 above=T1 pat=000 resclass=[ 2765, 35, 79 ] xT=false
  D4 above=T3 pat=000 resclass=[ 79, -15, -1185 ] xT=false
  D4 above=T2 pat=000 resclass=[ 35, -21, -15 ] xT=false
  D4 above=T2 pat=000 resclass=[ 35, -21, -15 ] xT=false
  D4 above=T1 pat=000 resclass=[ 2765, 35, 79 ] xT=false
  D4 above=T3 pat=000 resclass=[ 79, -15, -1185 ] xT=false
  D4 above=T1 pat=000 resclass=[ 2765, 35, 79 ] xT=false
  D4 above=T3 pat=000 resclass=[ 79, -15, -1185 ] xT=false
MEMBER stv 4 3 -3/2 shape=[ 1, 1, 2, 2 ] tors=[ 4, 4 ] order4=12 norm111=0 xTpass=0
  D4 above=T2 pat=000 resclass=[ 5865, 11730, 2 ] xT=false
  D4 above=T2 pat=000 resclass=[ 5865, 11730, 2 ] xT=false
  D4 above=T1 pat=000 resclass=[ -1955, 5865, -3 ] xT=false
  D4 above=T3 pat=000 resclass=[ -3, 2, -6 ] xT=false
  D4 above=T1 pat=000 resclass=[ -1955, 5865, -3 ] xT=false
  D4 above=T3 pat=000 resclass=[ -3, 2, -6 ] xT=false
  D4 above=T2 pat=000 resclass=[ 5865, 11730, 2 ] xT=false
  D4 above=T2 pat=000 resclass=[ 5865, 11730, 2 ] xT=false
  D4 above=T1 pat=000 resclass=[ -1955, 5865, -3 ] xT=false
  D4 above=T3 pat=000 resclass=[ -3, 2, -6 ] xT=false
  D4 above=T1 pat=000 resclass=[ -1955, 5865, -3 ] xT=false
  D4 above=T3 pat=000 resclass=[ -3, 2, -6 ] xT=false
MEMBER stv 17/4 19/3 12/19 shape=[ 1, 1, 2, 2 ] tors=[ 4, 4 ] order4=12 norm111=0 xTpass=0
  D4 above=T1 pat=000 resclass=[ 31639921368652630, -791379592234, -1959055 ] xT=false
  D4 above=T1 pat=000 resclass=[ 31639921368652630, -791379592234, -1959055 ] xT=false
  D4 above=T2 pat=000 resclass=[ -791379592234, -35971799647, 22 ] xT=false
  D4 above=T3 pat=000 resclass=[ -1959055, 22, -43099210 ] xT=false
  D4 above=T2 pat=000 resclass=[ -791379592234, -35971799647, 22 ] xT=false
  D4 above=T3 pat=000 resclass=[ -1959055, 22, -43099210 ] xT=false
  D4 above=T1 pat=000 resclass=[ 31639921368652630, -791379592234, -1959055 ] xT=false
  D4 above=T1 pat=000 resclass=[ 31639921368652630, -791379592234, -1959055 ] xT=false
  D4 above=T2 pat=000 resclass=[ -791379592234, -35971799647, 22 ] xT=false
  D4 above=T3 pat=000 resclass=[ -1959055, 22, -43099210 ] xT=false
  D4 above=T2 pat=000 resclass=[ -791379592234, -35971799647, 22 ] xT=false
  D4 above=T3 pat=000 resclass=[ -1959055, 22, -43099210 ] xT=false
MEMBER stv 7/9 8/13 7 shape=[ 1, 1, 2, 2 ] tors=[ 4, 4 ] order4=12 norm111=0 xTpass=0
  D4 above=T1 pat=000 resclass=[ -1022010976410, -1582060335, 646 ] xT=false
  D4 above=T1 pat=000 resclass=[ -1022010976410, -1582060335, 646 ] xT=false
  D4 above=T2 pat=000 resclass=[ -1582060335, 738294823, -105 ] xT=false
  D4 above=T3 pat=000 resclass=[ 646, -105, -67830 ] xT=false
  D4 above=T2 pat=000 resclass=[ -1582060335, 738294823, -105 ] xT=false
  D4 above=T3 pat=000 resclass=[ 646, -105, -67830 ] xT=false
  D4 above=T1 pat=000 resclass=[ -1022010976410, -1582060335, 646 ] xT=false
  D4 above=T1 pat=000 resclass=[ -1022010976410, -1582060335, 646 ] xT=false
  D4 above=T2 pat=000 resclass=[ -1582060335, 738294823, -105 ] xT=false
  D4 above=T3 pat=000 resclass=[ 646, -105, -67830 ] xT=false
  D4 above=T2 pat=000 resclass=[ -1582060335, 738294823, -105 ] xT=false
  D4 above=T3 pat=000 resclass=[ 646, -105, -67830 ] xT=false
MEMBER stv 19/18 13/16 -1 shape=[ 1, 1, 2, 2 ] tors=[ 4, 4 ] order4=12 norm111=0 xTpass=0
  D4 above=T2 pat=000 resclass=[ 5785029069, -66494587, -87 ] xT=false
  D4 above=T2 pat=000 resclass=[ 5785029069, -66494587, -87 ] xT=false
  D4 above=T3 pat=000 resclass=[ 5301535, -87, -461233545 ] xT=false
  D4 above=T1 pat=000 resclass=[ 30669534085320915, 5785029069, 5301535 ] xT=false
  D4 above=T3 pat=000 resclass=[ 5301535, -87, -461233545 ] xT=false
  D4 above=T1 pat=000 resclass=[ 30669534085320915, 5785029069, 5301535 ] xT=false
  D4 above=T2 pat=000 resclass=[ 5785029069, -66494587, -87 ] xT=false
  D4 above=T2 pat=000 resclass=[ 5785029069, -66494587, -87 ] xT=false
  D4 above=T3 pat=000 resclass=[ 5301535, -87, -461233545 ] xT=false
  D4 above=T1 pat=000 resclass=[ 30669534085320915, 5785029069, 5301535 ] xT=false
  D4 above=T3 pat=000 resclass=[ 5301535, -87, -461233545 ] xT=false
  D4 above=T1 pat=000 resclass=[ 30669534085320915, 5785029069, 5301535 ] xT=false
PART_DONE part=156
