MEMBER stv 1/4 4/3 1/3 shape=[ 1, 1, 2, 2 ] tors=[ 4, 4 ] order4=12 norm111=0 xTpass=0
  D4 above=T1 pat=000 resclass=[ -655899, 933, -703 ] xT=false
  D4 above=T1 pat=000 resclass=[ -655899, 933, -703 ] xT=false
  D4 above=T3 pat=000 resclass=[ -703, 7, -4921 ] xT=false
  D4 above=T2 pat=000 resclass=[ 933, 6531, 7 ] xT=false
  D4 above=T3 pat=000 resclass=[ -703, 7, -4921 ] xT=false
  D4 above=T2 pat=000 resclass=[ 933, 6531, 7 ] xT=false
  D4 above=T1 pat=000 resclass=[ -655899, 933, -703 ] xT=false
  D4 above=T1 pat=000 resclass=[ -655899, 933, -703 ] xT=false
  D4 above=T3 pat=000 resclass=[ -703, 7, -4921 ] xT=false
  D4 above=T2 pat=000 resclass=[ 933, 6531, 7 ] xT=false
  D4 above=T3 pat=000 resclass=[ -703, 7, -4921 ] xT=false
  D4 above=T2 pat=000 resclass=[ 933, 6531, 7 ] xT=false
MEMBER stv 1/3 2/3 2 shape=[ 1, 1, 2, 2 ] tors=[ 4, 4 ] order4=12 norm111=0 xTpass=0
  D4 above=T1 pat=000 resclass=[ 15290, -15290, -1 ] xT=false
  D4 above=T1 pat=000 resclass=[ 15290, -15290, -1 ] xT=false
  D4 above=T3 pat=000 resclass=[ -1, -5, 5 ] xT=false
  D4 above=T2 pat=000 resclass=[ -15290, 3058, -5 ] xT=false
  D4 above=T3 pat=000 resclass=[ -1, -5, 5 ] xT=false
  D4 above=T2 pat=000 resclass=[ -15290, 3058, -5 ] xT=false
  D4 above=T1 pat=000 resclass=[ 15290, -15290, -1 ] xT=false
  D4 above=T1 pat=000 resclass=[ 15290, -15290, -1 ] xT=false
  D4 above=T3 pat=000 resclass=[ -1, -5, 5 ] xT=false
  D4 above=T2 pat=000 resclass=[ -15290, 3058, -5 ] xT=false
  D4 above=T3 pat=000 resclass=[ -1, -5, 5 ] xT=false
  D4 above=T2 pat=000 resclass=[ -15290, 3058, -5 ] xT=false
MEMBER stv 1/2 1/2 3/4 shape=[ 1, 1, 2, 2 ] tors=[ 4, 4 ] order4=12 norm111=0 xTpass=0
  D4 above=T2 pat=000 resclass=[ -1615, 4845, -3 ] xT=false
  D4 above=T2 pat=000 resclass=[ -1615, 4845, -3 ] xT=false
  D4 above=T1 pat=000 resclass=[ 323, -1615, -5 ] xT=false
  D4 above=T3 pat=000 resclass=[ -5, -3, 15 ] xT=false
  D4 above=T1 pat=000 resclass=[ 323, -1615, -5 ] xT=false
  D4 above=T3 pat=000 resclass=[ -5, -3, 15 ] xT=false
  D4 above=T2 pat=000 resclass=[ -1615, 4845, -3 ] xT=false
  D4 above=T2 pat=000 resclass=[ -1615, 4845, -3 ] xT=false
  D4 above=T1 pat=000 resclass=[ 323, -1615, -5 ] xT=false
  D4 above=T3 pat=000 resclass=[ -5, -3, 15 ] xT=false
  D4 above=T1 pat=000 resclass=[ 323, -1615, -5 ] xT=false
  D4 above=T3 pat=000 resclass=[ -5, -3, 15 ] xT=false
MEMBER stv 2/3 1/3 1/4 shape=[ 1, 1, 2, 2 ] tors=[ 4, 4 ] order4=12 norm111=0 xTpass=0
  D4 above=T2 pat=000 resclass=[ -115, 230, -2 ] xT=false
  D4 above=T2 pat=000 resclass=[ -115, 230, -2 ] xT=false
  D4 above=T1 pat=000 resclass=[ 805, -115, -7 ] xT=false
  D4 above=T3 pat=000 resclass=[ -7, -2, 14 ] xT=false
  D4 above=T1 pat=000 resclass=[ 805, -115, -7 ] xT=false
  D4 above=T3 pat=000 resclass=[ -7, -2, 14 ] xT=false
  D4 above=T2 pat=000 resclass=[ -115, 230, -2 ] xT=false
  D4 above=T2 pat=000 resclass=[ -115, 230, -2 ] xT=false
  D4 above=T1 pat=000 resclass=[ 805, -115, -7 ] xT=false
  D4 above=T3 pat=000 resclass=[ -7, -2, 14 ] xT=false
  D4 above=T1 pat=000 resclass=[ 805, -115, -7 ] xT=false
  D4 above=T3 pat=000 resclass=[ -7, -2, 14 ] xT=false
MEMBER stv 2/3 4 3/2 shape=[ 1, 1, 2, 2 ] tors=[ 4, 4 ] order4=12 norm111=0 xTpass=0
  D4 above=T1 pat=000 resclass=[ 94, -86, -2021 ] xT=false
  D4 above=T1 pat=000 resclass=[ 94, -86, -2021 ] xT=false
  D4 above=T3 pat=000 resclass=[ -2021, 15, -30315 ] xT=false
  D4 above=T2 pat=000 resclass=[ -86, -1290, 15 ] xT=false
  D4 above=T3 pat=000 resclass=[ -2021, 15, -30315 ] xT=false
  D4 above=T2 pat=000 resclass=[ -86, -1290, 15 ] xT=false
  D4 above=T1 pat=000 resclass=[ 94, -86, -2021 ] xT=false
  D4 above=T1 pat=000 resclass=[ 94, -86, -2021 ] xT=false
  D4 above=T3 pat=000 resclass=[ -2021, 15, -30315 ] xT=false
  D4 above=T2 pat=000 resclass=[ -86, -1290, 15 ] xT=false
  D4 above=T3 pat=000 resclass=[ -2021, 15, -30315 ] xT=false
  D4 above=T2 pat=000 resclass=[ -86, -1290, 15 ] xT=false
MEMBER stv 3/4 3 2/3 shape=[ 1, 1, 2, 2 ] tors=[ 4, 4 ] order4=12 norm111=0 xTpass=0
  D4 above=T3 pat=000 resclass=[ -1015, 2, -2030 ] xT=false
  D4 above=T3 pat=000 resclass=[ -1015, 2, -2030 ] xT=false
  D4 above=T2 pat=000 resclass=[ -12309, -24618, 2 ] xT=false
  D4 above=T1 pat=000 resclass=[ 12493635, -12309, -1015 ] xT=false
  D4 above=T2 pat=000 resclass=[ -12309, -24618, 2 ] xT=false
  D4 above=T1 pat=000 resclass=[ 12493635, -12309, -1015 ] xT=false
  D4 above=T3 pat=000 resclass=[ -1015, 2, -2030 ] xT=false
  D4 above=T3 pat=000 resclass=[ -1015, 2, -2030 ] xT=false
  D4 above=T2 pat=000 resclass=[ -12309, -24618, 2 ] xT=false
  D4 above=T1 pat=000 resclass=[ 12493635, -12309, -1015 ] xT=false
  D4 above=T2 pat=000 resclass=[ -12309, -24618, 2 ] xT=false
  D4 above=T1 pat=000 resclass=[ 12493635, -12309, -1015 ] xT=false
MEMBER stv 1 3/2 4 shape=[ 1, 1, 2, 2 ] tors=[ 4, 4 ] order4=12 norm111=0 xTpass=0
  D4 above=T3 pat=000 resclass=[ -1, 5, -5 ] xT=false
  D4 above=T3 pat=000 resclass=[ -1, 5, -5 ] xT=false
  D4 above=T1 pat=100 resclass=[ 1, -1, -1 ] xT=false
  D4 above=T2 pat=000 resclass=[ -1, -5, 5 ] xT=false
  D4 above=T1 pat=100 resclass=[ 1, -1, -1 ] xT=false
  D4 above=T2 pat=000 resclass=[ -1, -5, 5 ] xT=false
  D4 above=T3 pat=000 resclass=[ -1, 5, -5 ] xT=false
  D4 above=T3 pat=000 resclass=[ -1, 5, -5 ] xT=false
  D4 above=T1 pat=100 resclass=[ 1, -1, -1 ] xT=false
  D4 above=T2 pat=000 resclass=[ -1, -5, 5 ] xT=false
  D4 above=T1 pat=100 resclass=[ 1, -1, -1 ] xT=false
  D4 above=T2 pat=000 resclass=[ -1, -5, 5 ] xT=false
MEMBER stv 4/3 4/3 4/3 shape=[ 1, 1, 2, 2 ] tors=[ 4, 4 ] order4=12 norm111=0 xTpass=0
  D4 above=T3 pat=000 resclass=[ 95, 7, 665 ] xT=false
  D4 above=T3 pat=000 resclass=[ 95, 7, 665 ] xT=false
  D4 above=T1 pat=000 resclass=[ 1374555, 14469, 95 ] xT=false
  D4 above=T2 pat=000 resclass=[ 14469, 2067, 7 ] xT=false
  D4 above=T1 pat=000 resclass=[ 1374555, 14469, 95 ] xT=false
  D4 above=T2 pat=000 resclass=[ 14469, 2067, 7 ] xT=false
  D4 above=T3 pat=000 resclass=[ 95, 7, 665 ] xT=false
  D4 above=T3 pat=000 resclass=[ 95, 7, 665 ] xT=false
  D4 above=T1 pat=000 resclass=[ 1374555, 14469, 95 ] xT=false
  D4 above=T2 pat=000 resclass=[ 14469, 2067, 7 ] xT=false
  D4 above=T1 pat=000 resclass=[ 1374555, 14469, 95 ] xT=false
  D4 above=T2 pat=000 resclass=[ 14469, 2067, 7 ] xT=false
MEMBER stv 3/2 3/4 1/2 shape=[ 1, 1, 2, 2 ] tors=[ 4, 4 ] order4=12 norm111=0 xTpass=0
  D4 above=T3 pat=000 resclass=[ 527, -7, -3689 ] xT=false
  D4 above=T3 pat=000 resclass=[ 527, -7, -3689 ] xT=false
  D4 above=T1 pat=000 resclass=[ -499534, -273938, 527 ] xT=false
  D4 above=T2 pat=000 resclass=[ -273938, 39134, -7 ] xT=false
  D4 above=T1 pat=000 resclass=[ -499534, -273938, 527 ] xT=false
  D4 above=T2 pat=000 resclass=[ -273938, 39134, -7 ] xT=false
  D4 above=T3 pat=000 resclass=[ 527, -7, -3689 ] xT=false
  D4 above=T3 pat=000 resclass=[ 527, -7, -3689 ] xT=false
  D4 above=T1 pat=000 resclass=[ -499534, -273938, 527 ] xT=false
  D4 above=T2 pat=000 resclass=[ -273938, 39134, -7 ] xT=false
  D4 above=T1 pat=000 resclass=[ -499534, -273938, 527 ] xT=false
  D4 above=T2 pat=000 resclass=[ -273938, 39134, -7 ] xT=false
MEMBER stv 2 1/2 3 shape=[ 1, 1, 2, 2 ] tors=[ 4, 4 ] order4=12 norm111=0 xTpass=0
  D4 above=T2 pat=000 resclass=[ -2821, 8463, -3 ] xT=false
  D4 above=T2 pat=000 resclass=[ -2821, 8463, -3 ] xT=false
  D4 above=T1 pat=000 resclass=[ -155155, -2821, 55 ] xT=false
  D4 above=T3 pat=000 resclass=[ 55, -3, -165 ] xT=false
  D4 above=T1 pat=000 resclass=[ -155155, -2821, 55 ] xT=false
  D4 above=T3 pat=000 resclass=[ 55, -3, -165 ] xT=false
  D4 above=T2 pat=000 resclass=[ -2821, 8463, -3 ] xT=false
  D4 above=T2 pat=000 resclass=[ -2821, 8463, -3 ] xT=false
  D4 above=T1 pat=000 resclass=[ -155155, -2821, 55 ] xT=false
  D4 above=T3 pat=000 resclass=[ 55, -3, -165 ] xT=false
  D4 above=T1 pat=000 resclass=[ -155155, -2821, 55 ] xT=false
  D4 above=T3 pat=000 resclass=[ 55, -3, -165 ] xT=false
MEMBER stv 3 1/3 1 shape=[ 1, 1, 2, 2 ] tors=[ 4, 4 ] order4=12 norm111=0 xTpass=0
  D4 above=T2 pat=000 resclass=[ -4090, 2045, -2 ] xT=false
  D4 above=T2 pat=000 resclass=[ -4090, 2045, -2 ] xT=false
  D4 above=T3 pat=000 resclass=[ 665, -2, -1330 ] xT=false
  D4 above=T1 pat=000 resclass=[ -108794, -4090, 665 ] xT=false
  D4 above=T3 pat=000 resclass=[ 665, -2, -1330 ] xT=false
  D4 above=T1 pat=000 resclass=[ -108794, -4090, 665 ] xT=false
  D4 above=T2 pat=000 resclass=[ -4090, 2045, -2 ] xT=false
  D4 above=T2 pat=000 resclass=[ -4090, 2045, -2 ] xT=false
  D4 above=T3 pat=000 resclass=[ 665, -2, -1330 ] xT=false
  D4 above=T1 pat=000 resclass=[ -108794, -4090, 665 ] xT=false
  D4 above=T3 pat=000 resclass=[ 665, -2, -1330 ] xT=false
  D4 above=T1 pat=000 resclass=[ -108794, -4090, 665 ] xT=false
MEMBER stv 4 1/4 1/3 shape=[ 1, 1, 2, 2 ] tors=[ 4, 4 ] order4=12 norm111=0 xTpass=0
  D4 above=T1 pat=000 resclass=[ -36616895, -463505, 79 ] xT=false
  D4 above=T1 pat=000 resclass=[ -36616895, -463505, 79 ] xT=false
  D4 above=T3 pat=000 resclass=[ 79, -15, -1185 ] xT=false
  D4 above=T2 pat=000 resclass=[ -463505, 278103, -15 ] xT=false
  D4 above=T3 pat=000 resclass=[ 79, -15, -1185 ] xT=false
  D4 above=T2 pat=000 resclass=[ -463505, 278103, -15 ] xT=false
  D4 above=T1 pat=000 resclass=[ -36616895, -463505, 79 ] xT=false
  D4 above=T1 pat=000 resclass=[ -36616895, -463505, 79 ] xT=false
  D4 above=T3 pat=000 resclass=[ 79, -15, -1185 ] xT=false
  D4 above=T2 pat=000 resclass=[ -463505, 278103, -15 ] xT=false
  D4 above=T3 pat=000 resclass=[ 79, -15, -1185 ] xT=false
  D4 above=T2 pat=000 resclass=[ -463505, 278103, -15 ] xT=false
MEMBER stv 4 3 2 shape=[ 1, 1, 2, 2 ] tors=[ 4, 4 ] order4=12 norm111=0 xTpass=0
  D4 above=T1 pat=000 resclass=[ 1221, -407, -3 ] xT=false
  D4 above=T1 pat=000 resclass=[ 1221, -407, -3 ] xT=false
  D4 above=T2 pat=000 resclass=[ -407, -814, 2 ] xT=false
  D4 above=T3 pat=000 resclass=[ -3, 2, -6 ] xT=false
  D4 above=T2 pat=000 resclass=[ -407, -814, 2 ] xT=false
  D4 above=T3 pat=000 resclass=[ -3, 2, -6 ] xT=false
  D4 above=T1 pat=000 resclass=[ 1221, -407, -3 ] xT=false
  D4 above=T1 pat=000 resclass=[ 1221, -407, -3 ] xT=false
  D4 above=T2 pat=000 resclass=[ -407, -814, 2 ] xT=false
  D4 above=T3 pat=000 resclass=[ -3, 2, -6 ] xT=false
  D4 above=T2 pat=000 resclass=[ -407, -814, 2 ] xT=false
  D4 above=T3 pat=000 resclass=[ -3, 2, -6 ] xT=false
MEMBER stv 4/3 2/13 7/18 shape=[ 1, 1, 2, 2 ] tors=[ 4, 4 ] order4=12 norm111=0 xTpass=0
  D4 above=T1 pat=000 resclass=[ -263853829229041590, -1244881266090, 211951 ] xT=false
  D4 above=T1 pat=000 resclass=[ -263853829229041590, -1244881266090, 211951 ] xT=false
  D4 above=T3 pat=000 resclass=[ 211951, -165, -34971915 ] xT=false
  D4 above=T2 pat=000 resclass=[ -1244881266090, 7544734946, -165 ] xT=false
  D4 above=T3 pat=000 resclass=[ 211951, -165, -34971915 ] xT=false
  D4 above=T2 pat=000 resclass=[ -1244881266090, 7544734946, -165 ] xT=false
  D4 above=T1 pat=000 resclass=[ -263853829229041590, -1244881266090, 211951 ] xT=false
  D4 above=T1 pat=000 resclass=[ -263853829229041590, -1244881266090, 211951 ] xT=false
  D4 above=T3 pat=000 resclass=[ 211951, -165, -34971915 ] xT=false
  D4 above=T2 pat=000 resclass=[ -1244881266090, 7544734946, -165 ] xT=false
  D4 above=T3 pat=000 resclass=[ 211951, -165, -34971915 ] xT=false
  D4 above=T2 pat=000 resclass=[ -1244881266090, 7544734946, -165 ] xT=false
MEMBER stv 14/13 16/13 -13/5 shape=[ 1, 1, 2, 2 ] tors=[ 4, 4 ] order4=12 norm111=0 xTpass=0
  D4 above=T1 pat=000 resclass=[ 278987163, 98527065, 25555 ] xT=false
  D4 above=T1 pat=000 resclass=[ 278987163, 98527065, 25555 ] xT=false
  D4 above=T3 pat=000 resclass=[ 25555, 87, 2223285 ] xT=false
  D4 above=T2 pat=000 resclass=[ 98527065, 1132495, 87 ] xT=false
  D4 above=T3 pat=000 resclass=[ 25555, 87, 2223285 ] xT=false
  D4 above=T2 pat=000 resclass=[ 98527065, 1132495, 87 ] xT=false
  D4 above=T1 pat=000 resclass=[ 278987163, 98527065, 25555 ] xT=false
  D4 above=T1 pat=000 resclass=[ 278987163, 98527065, 25555 ] xT=false
  D4 above=T3 pat=000 resclass=[ 25555, 87, 2223285 ] xT=false
  D4 above=T2 pat=000 resclass=[ 98527065, 1132495, 87 ] xT=false
  D4 above=T3 pat=000 resclass=[ 25555, 87, 2223285 ] xT=false
  D4 above=T2 pat=000 resclass=[ 98527065, 1132495, 87 ] xT=false
MEMBER stv 1/3 2 -2/9 shape=[ 1, 1, 2, 2 ] tors=[ 4, 4 ] order4=12 norm111=0 xTpass=0
  D4 above=T1 pat=000 resclass=[ 27966, -139830, -5 ] xT=false
  D4 above=T1 pat=000 resclass=[ 27966, -139830, -5 ] xT=false
  D4 above=T3 pat=000 resclass=[ -5, 3, -15 ] xT=false
  D4 above=T2 pat=000 resclass=[ -139830, -46610, 3 ] xT=false
  D4 above=T3 pat=000 resclass=[ -5, 3, -15 ] xT=false
  D4 above=T2 pat=000 resclass=[ -139830, -46610, 3 ] xT=false
  D4 above=T1 pat=000 resclass=[ 27966, -139830, -5 ] xT=false
  D4 above=T1 pat=000 resclass=[ 27966, -139830, -5 ] xT=false
  D4 above=T3 pat=000 resclass=[ -5, 3, -15 ] xT=false
  D4 above=T2 pat=000 resclass=[ -139830, -46610, 3 ] xT=false
  D4 above=T3 pat=000 resclass=[ -5, 3, -15 ] xT=false
  D4 above=T2 pat=000 resclass=[ -139830, -46610, 3 ] xT=false
PART_DONE part=157
