MEMBER stv 1/4 4/3 -1/3 shape=[ 1, 1, 2, 2 ] tors=[ 4, 4 ] order4=12 norm111=0 xTpass=0
  D4 above=T3 pat=000 resclass=[ -703, 7, -4921 ] xT=false
  D4 above=T3 pat=000 resclass=[ -703, 7, -4921 ] xT=false
  D4 above=T1 pat=000 resclass=[ 3884927739, -5526213, -703 ] xT=false
  D4 above=T2 pat=000 resclass=[ -5526213, -789459, 7 ] xT=false
  D4 above=T1 pat=000 resclass=[ 3884927739, -5526213, -703 ] xT=false
  D4 above=T2 pat=000 resclass=[ -5526213, -789459, 7 ] xT=false
  D4 above=T3 pat=000 resclass=[ -703, 7, -4921 ] xT=false
  D4 above=T3 pat=000 resclass=[ -703, 7, -4921 ] xT=false
  D4 above=T1 pat=000 resclass=[ 3884927739, -5526213, -703 ] xT=false
  D4 above=T2 pat=000 resclass=[ -5526213, -789459, 7 ] xT=false
  D4 above=T1 pat=000 resclass=[ 3884927739, -5526213, -703 ] xT=false
  D4 above=T2 pat=000 resclass=[ -5526213, -789459, 7 ] xT=false
MEMBER stv 1/3 2/3 -2 shape=[ 1, 1, 2, 2 ] tors=[ 4, 4 ] order4=12 norm111=0 xTpass=0
  D4 above=T3 pat=000 resclass=[ -1, -5, 5 ] xT=false
  D4 above=T3 pat=000 resclass=[ -1, -5, 5 ] xT=false
  D4 above=T2 pat=000 resclass=[ 1610, -322, -5 ] xT=false
  D4 above=T1 pat=000 resclass=[ -1610, 1610, -1 ] xT=false
  D4 above=T2 pat=000 resclass=[ 1610, -322, -5 ] xT=false
  D4 above=T1 pat=000 resclass=[ -1610, 1610, -1 ] xT=false
  D4 above=T3 pat=000 resclass=[ -1, -5, 5 ] xT=false
  D4 above=T3 pat=000 resclass=[ -1, -5, 5 ] xT=false
  D4 above=T2 pat=000 resclass=[ 1610, -322, -5 ] xT=false
  D4 above=T1 pat=000 resclass=[ -1610, 1610, -1 ] xT=false
  D4 above=T2 pat=000 resclass=[ 1610, -322, -5 ] xT=false
  D4 above=T1 pat=000 resclass=[ -1610, 1610, -1 ] xT=false
MEMBER stv 1/2 1/2 -3/4 shape=[ 1, 1, 2, 2 ] tors=[ 4, 4 ] order4=12 norm111=0 xTpass=0
  D4 above=T3 pat=000 resclass=[ -5, -3, 15 ] xT=false
  D4 above=T3 pat=000 resclass=[ -5, -3, 15 ] xT=false
  D4 above=T2 pat=000 resclass=[ 559, -1677, -3 ] xT=false
  D4 above=T1 pat=000 resclass=[ -2795, 559, -5 ] xT=false
  D4 above=T2 pat=000 resclass=[ 559, -1677, -3 ] xT=false
  D4 above=T1 pat=000 resclass=[ -2795, 559, -5 ] xT=false
  D4 above=T3 pat=000 resclass=[ -5, -3, 15 ] xT=false
  D4 above=T3 pat=000 resclass=[ -5, -3, 15 ] xT=false
  D4 above=T2 pat=000 resclass=[ 559, -1677, -3 ] xT=false
  D4 above=T1 pat=000 resclass=[ -2795, 559, -5 ] xT=false
  D4 above=T2 pat=000 resclass=[ 559, -1677, -3 ] xT=false
  D4 above=T1 pat=000 resclass=[ -2795, 559, -5 ] xT=false
MEMBER stv 2/3 1/3 -1/4 shape=[ 1, 1, 2, 2 ] tors=[ 4, 4 ] order4=12 norm111=0 xTpass=0
  D4 above=T1 pat=000 resclass=[ -10, 70, -7 ] xT=false
  D4 above=T1 pat=000 resclass=[ -10, 70, -7 ] xT=false
  D4 above=T3 pat=000 resclass=[ -7, -2, 14 ] xT=false
  D4 above=T2 pat=000 resclass=[ 70, -35, -2 ] xT=false
  D4 above=T3 pat=000 resclass=[ -7, -2, 14 ] xT=false
  D4 above=T2 pat=000 resclass=[ 70, -35, -2 ] xT=false
  D4 above=T1 pat=000 resclass=[ -10, 70, -7 ] xT=false
  D4 above=T1 pat=000 resclass=[ -10, 70, -7 ] xT=false
  D4 above=T3 pat=000 resclass=[ -7, -2, 14 ] xT=false
  D4 above=T2 pat=000 resclass=[ 70, -35, -2 ] xT=false
  D4 above=T3 pat=000 resclass=[ -7, -2, 14 ] xT=false
  D4 above=T2 pat=000 resclass=[ 70, -35, -2 ] xT=false
MEMBER stv 2/3 4 -3/2 shape=[ 1, 1, 2, 2 ] tors=[ 4, 4 ] order4=12 norm111=0 xTpass=0
  D4 above=T2 pat=000 resclass=[ -10810, -6486, 15 ] xT=false
  D4 above=T2 pat=000 resclass=[ -10810, -6486, 15 ] xT=false
  D4 above=T3 pat=000 resclass=[ -2021, 15, -30315 ] xT=false
  D4 above=T1 pat=000 resclass=[ 9890, -10810, -2021 ] xT=false
  D4 above=T3 pat=000 resclass=[ -2021, 15, -30315 ] xT=false
  D4 above=T1 pat=000 resclass=[ 9890, -10810, -2021 ] xT=false
  D4 above=T2 pat=000 resclass=[ -10810, -6486, 15 ] xT=false
  D4 above=T2 pat=000 resclass=[ -10810, -6486, 15 ] xT=false
  D4 above=T3 pat=000 resclass=[ -2021, 15, -30315 ] xT=false
  D4 above=T1 pat=000 resclass=[ 9890, -10810, -2021 ] xT=false
  D4 above=T3 pat=000 resclass=[ -2021, 15, -30315 ] xT=false
  D4 above=T1 pat=000 resclass=[ 9890, -10810, -2021 ] xT=false
MEMBER stv 3/4 3 -2/3 shape=[ 1, 1, 2, 2 ] tors=[ 4, 4 ] order4=12 norm111=0 xTpass=0
  D4 above=T2 pat=000 resclass=[ -5835, -11670, 2 ] xT=false
  D4 above=T2 pat=000 resclass=[ -5835, -11670, 2 ] xT=false
  D4 above=T1 pat=000 resclass=[ 236901, -5835, -1015 ] xT=false
  D4 above=T3 pat=000 resclass=[ -1015, 2, -2030 ] xT=false
  D4 above=T1 pat=000 resclass=[ 236901, -5835, -1015 ] xT=false
  D4 above=T3 pat=000 resclass=[ -1015, 2, -2030 ] xT=false
  D4 above=T2 pat=000 resclass=[ -5835, -11670, 2 ] xT=false
  D4 above=T2 pat=000 resclass=[ -5835, -11670, 2 ] xT=false
  D4 above=T1 pat=000 resclass=[ 236901, -5835, -1015 ] xT=false
  D4 above=T3 pat=000 resclass=[ -1015, 2, -2030 ] xT=false
  D4 above=T1 pat=000 resclass=[ 236901, -5835, -1015 ] xT=false
  D4 above=T3 pat=000 resclass=[ -1015, 2, -2030 ] xT=false
MEMBER stv 1 3/2 -4 shape=[ 1, 1, 2, 2 ] tors=[ 4, 4 ] order4=12 norm111=0 xTpass=0
  D4 above=T2 pat=000 resclass=[ 55, 11, 5 ] xT=false
  D4 above=T2 pat=000 resclass=[ 55, 11, 5 ] xT=false
  D4 above=T3 pat=000 resclass=[ -1, 5, -5 ] xT=false
  D4 above=T1 pat=000 resclass=[ -55, 55, -1 ] xT=false
  D4 above=T3 pat=000 resclass=[ -1, 5, -5 ] xT=false
  D4 above=T1 pat=000 resclass=[ -55, 55, -1 ] xT=false
  D4 above=T2 pat=000 resclass=[ 55, 11, 5 ] xT=false
  D4 above=T2 pat=000 resclass=[ 55, 11, 5 ] xT=false
  D4 above=T3 pat=000 resclass=[ -1, 5, -5 ] xT=false
  D4 above=T1 pat=000 resclass=[ -55, 55, -1 ] xT=false
  D4 above=T3 pat=000 resclass=[ -1, 5, -5 ] xT=false
  D4 above=T1 pat=000 resclass=[ -55, 55, -1 ] xT=false
MEMBER stv 4/3 4/3 -4/3 shape=[ 1, 1, 2, 2 ] tors=[ 4, 4 ] order4=12 norm111=0 xTpass=0
  D4 above=T1 pat=000 resclass=[ 339549, 89355, 95 ] xT=false
  D4 above=T1 pat=000 resclass=[ 339549, 89355, 95 ] xT=false
  D4 above=T3 pat=000 resclass=[ 95, 7, 665 ] xT=false
  D4 above=T2 pat=000 resclass=[ 89355, 12765, 7 ] xT=false
  D4 above=T3 pat=000 resclass=[ 95, 7, 665 ] xT=false
  D4 above=T2 pat=000 resclass=[ 89355, 12765, 7 ] xT=false
  D4 above=T1 pat=000 resclass=[ 339549, 89355, 95 ] xT=false
  D4 above=T1 pat=000 resclass=[ 339549, 89355, 95 ] xT=false
  D4 above=T3 pat=000 resclass=[ 95, 7, 665 ] xT=false
  D4 above=T2 pat=000 resclass=[ 89355, 12765, 7 ] xT=false
  D4 above=T3 pat=000 resclass=[ 95, 7, 665 ] xT=false
  D4 above=T2 pat=000 resclass=[ 89355, 12765, 7 ] xT=false
MEMBER stv 3/2 3/4 -1/2 shape=[ 1, 1, 2, 2 ] tors=[ 4, 4 ] order4=12 norm111=0 xTpass=0
  D4 above=T3 pat=000 resclass=[ 527, -7, -3689 ] xT=false
  D4 above=T3 pat=000 resclass=[ 527, -7, -3689 ] xT=false
  D4 above=T1 pat=000 resclass=[ 937006, 1778, 527 ] xT=false
  D4 above=T2 pat=000 resclass=[ 1778, -254, -7 ] xT=false
  D4 above=T1 pat=000 resclass=[ 937006, 1778, 527 ] xT=false
  D4 above=T2 pat=000 resclass=[ 1778, -254, -7 ] xT=false
  D4 above=T3 pat=000 resclass=[ 527, -7, -3689 ] xT=false
  D4 above=T3 pat=000 resclass=[ 527, -7, -3689 ] xT=false
  D4 above=T1 pat=000 resclass=[ 937006, 1778, 527 ] xT=false
  D4 above=T2 pat=000 resclass=[ 1778, -254, -7 ] xT=false
  D4 above=T1 pat=000 resclass=[ 937006, 1778, 527 ] xT=false
  D4 above=T2 pat=000 resclass=[ 1778, -254, -7 ] xT=false
MEMBER stv 2 1/2 -3 shape=[ 1, 1, 2, 2 ] tors=[ 4, 4 ] order4=12 norm111=0 xTpass=0
  D4 above=T2 pat=000 resclass=[ 2035, -6105, -3 ] xT=false
  D4 above=T2 pat=000 resclass=[ 2035, -6105, -3 ] xT=false
  D4 above=T1 pat=000 resclass=[ 37, 2035, 55 ] xT=false
  D4 above=T3 pat=000 resclass=[ 55, -3, -165 ] xT=false
  D4 above=T1 pat=000 resclass=[ 37, 2035, 55 ] xT=false
  D4 above=T3 pat=000 resclass=[ 55, -3, -165 ] xT=false
  D4 above=T2 pat=000 resclass=[ 2035, -6105, -3 ] xT=false
  D4 above=T2 pat=000 resclass=[ 2035, -6105, -3 ] xT=false
  D4 above=T1 pat=000 resclass=[ 37, 2035, 55 ] xT=false
  D4 above=T3 pat=000 resclass=[ 55, -3, -165 ] xT=false
  D4 above=T1 pat=000 resclass=[ 37, 2035, 55 ] xT=false
  D4 above=T3 pat=000 resclass=[ 55, -3, -165 ] xT=false
MEMBER stv 3 1/3 -1 shape=[ 1, 1, 2, 2 ] tors=[ 4, 4 ] order4=12 norm111=0 xTpass=0
  D4 above=T2 pat=000 resclass=[ 41, -82, -2 ] xT=false
  D4 above=T2 pat=000 resclass=[ 41, -82, -2 ] xT=false
  D4 above=T1 pat=000 resclass=[ 27265, 41, 665 ] xT=false
  D4 above=T3 pat=000 resclass=[ 665, -2, -1330 ] xT=false
  D4 above=T1 pat=000 resclass=[ 27265, 41, 665 ] xT=false
  D4 above=T3 pat=000 resclass=[ 665, -2, -1330 ] xT=false
  D4 above=T2 pat=000 resclass=[ 41, -82, -2 ] xT=false
  D4 above=T2 pat=000 resclass=[ 41, -82, -2 ] xT=false
  D4 above=T1 pat=000 resclass=[ 27265, 41, 665 ] xT=false
  D4 above=T3 pat=000 resclass=[ 665, -2, -1330 ] xT=false
  D4 above=T1 pat=000 resclass=[ 27265, 41, 665 ] xT=false
  D4 above=T3 pat=000 resclass=[ 665, -2, -1330 ] xT=false
MEMBER stv 4 1/4 -1/3 shape=[ 1, 1, 2, 2 ] tors=[ 4, 4 ] order4=12 norm111=0 xTpass=0
  D4 above=T3 pat=000 resclass=[ 79, -15, -1185 ] xT=false
  D4 above=T3 pat=000 resclass=[ 79, -15, -1185 ] xT=false
  D4 above=T1 pat=000 resclass=[ 17166305, 217295, 79 ] xT=false
  D4 above=T2 pat=000 resclass=[ 217295, -130377, -15 ] xT=false
  D4 above=T1 pat=000 resclass=[ 17166305, 217295, 79 ] xT=false
  D4 above=T2 pat=000 resclass=[ 217295, -130377, -15 ] xT=false
  D4 above=T3 pat=000 resclass=[ 79, -15, -1185 ] xT=false
  D4 above=T3 pat=000 resclass=[ 79, -15, -1185 ] xT=false
  D4 above=T1 pat=000 resclass=[ 17166305, 217295, 79 ] xT=false
  D4 above=T2 pat=000 resclass=[ 217295, -130377, -15 ] xT=false
  D4 above=T1 pat=000 resclass=[ 17166305, 217295, 79 ] xT=false
  D4 above=T2 pat=000 resclass=[ 217295, -130377, -15 ] xT=false
MEMBER stv 4 3 -2 shape=[ 1, 1, 2, 2 ] tors=[ 4, 4 ] order4=12 norm111=0 xTpass=0
  D4 above=T3 pat=000 resclass=[ -3, 2, -6 ] xT=false
  D4 above=T3 pat=000 resclass=[ -3, 2, -6 ] xT=false
  D4 above=T2 pat=000 resclass=[ 3503, 7006, 2 ] xT=false
  D4 above=T1 pat=000 resclass=[ -10509, 3503, -3 ] xT=false
  D4 above=T2 pat=000 resclass=[ 3503, 7006, 2 ] xT=false
  D4 above=T1 pat=000 resclass=[ -10509, 3503, -3 ] xT=false
  D4 above=T3 pat=000 resclass=[ -3, 2, -6 ] xT=false
  D4 above=T3 pat=000 resclass=[ -3, 2, -6 ] xT=false
  D4 above=T2 pat=000 resclass=[ 3503, 7006, 2 ] xT=false
  D4 above=T1 pat=000 resclass=[ -10509, 3503, -3 ] xT=false
  D4 above=T2 pat=000 resclass=[ 3503, 7006, 2 ] xT=false
  D4 above=T1 pat=000 resclass=[ -10509, 3503, -3 ] xT=false
MEMBER stv 5/9 6 -4/9 shape=[ 1, 1, 2, 2 ] tors=[ 4, 4 ] order4=12 norm111=0 xTpass=0
  D4 above=T3 pat=000 resclass=[ -62, 35, -2170 ] xT=false
  D4 above=T3 pat=000 resclass=[ -62, 35, -2170 ] xT=false
  D4 above=T1 pat=000 resclass=[ 558077564170, -9001251035, -62 ] xT=false
  D4 above=T2 pat=000 resclass=[ -9001251035, -257178601, 35 ] xT=false
  D4 above=T1 pat=000 resclass=[ 558077564170, -9001251035, -62 ] xT=false
  D4 above=T2 pat=000 resclass=[ -9001251035, -257178601, 35 ] xT=false
  D4 above=T3 pat=000 resclass=[ -62, 35, -2170 ] xT=false
  D4 above=T3 pat=000 resclass=[ -62, 35, -2170 ] xT=false
  D4 above=T1 pat=000 resclass=[ 558077564170, -9001251035, -62 ] xT=false
  D4 above=T2 pat=000 resclass=[ -9001251035, -257178601, 35 ] xT=false
  D4 above=T1 pat=000 resclass=[ 558077564170, -9001251035, -62 ] xT=false
  D4 above=T2 pat=000 resclass=[ -9001251035, -257178601, 35 ] xT=false
MEMBER stv 8/13 10/7 -1/16 shape=[ 1, 1, 2, 2 ] tors=[ 4, 4 ] order4=12 norm111=0 xTpass=0
  D4 above=T2 pat=000 resclass=[ -7480561, -1320099, 51 ] xT=false
  D4 above=T2 pat=000 resclass=[ -7480561, -1320099, 51 ] xT=false
  D4 above=T3 pat=000 resclass=[ -285905, 51, -14581155 ] xT=false
  D4 above=T1 pat=000 resclass=[ 2138729792705, -7480561, -285905 ] xT=false
  D4 above=T3 pat=000 resclass=[ -285905, 51, -14581155 ] xT=false
  D4 above=T1 pat=000 resclass=[ 2138729792705, -7480561, -285905 ] xT=false
  D4 above=T2 pat=000 resclass=[ -7480561, -1320099, 51 ] xT=false
  D4 above=T2 pat=000 resclass=[ -7480561, -1320099, 51 ] xT=false
  D4 above=T3 pat=000 resclass=[ -285905, 51, -14581155 ] xT=false
  D4 above=T1 pat=000 resclass=[ 2138729792705, -7480561, -285905 ] xT=false
  D4 above=T3 pat=000 resclass=[ -285905, 51, -14581155 ] xT=false
  D4 above=T1 pat=000 resclass=[ 2138729792705, -7480561, -285905 ] xT=false
MEMBER stv 2/3 19/16 -17/14 shape=[ 1, 1, 2, 2 ] tors=[ 4, 4 ] order4=12 norm111=0 xTpass=0
  D4 above=T1 pat=000 resclass=[ -11566611894660765, -70996089435, 162919 ] xT=false
  D4 above=T1 pat=000 resclass=[ -11566611894660765, -70996089435, 162919 ] xT=false
  D4 above=T3 pat=000 resclass=[ 162919, 105, 17106495 ] xT=false
  D4 above=T2 pat=000 resclass=[ -70996089435, -33131508403, 105 ] xT=false
  D4 above=T3 pat=000 resclass=[ 162919, 105, 17106495 ] xT=false
  D4 above=T2 pat=000 resclass=[ -70996089435, -33131508403, 105 ] xT=false
  D4 above=T1 pat=000 resclass=[ -11566611894660765, -70996089435, 162919 ] xT=false
  D4 above=T1 pat=000 resclass=[ -11566611894660765, -70996089435, 162919 ] xT=false
  D4 above=T3 pat=000 resclass=[ 162919, 105, 17106495 ] xT=false
  D4 above=T2 pat=000 resclass=[ -70996089435, -33131508403, 105 ] xT=false
  D4 above=T3 pat=000 resclass=[ 162919, 105, 17106495 ] xT=false
  D4 above=T2 pat=000 resclass=[ -70996089435, -33131508403, 105 ] xT=false
PART_DONE part=158
