MEMBER stv 1/4 4/3 1/2 shape=[ 1, 1, 2, 2 ] tors=[ 4, 4 ] order4=12 norm111=0 xTpass=0
  D4 above=T1 pat=000 resclass=[ -286136466, 407022, -703 ] xT=false
  D4 above=T1 pat=000 resclass=[ -286136466, 407022, -703 ] xT=false
  D4 above=T3 pat=000 resclass=[ -703, 7, -4921 ] xT=false
  D4 above=T2 pat=000 resclass=[ 407022, 58146, 7 ] xT=false
  D4 above=T3 pat=000 resclass=[ -703, 7, -4921 ] xT=false
  D4 above=T2 pat=000 resclass=[ 407022, 58146, 7 ] xT=false
  D4 above=T1 pat=000 resclass=[ -286136466, 407022, -703 ] xT=false
  D4 above=T1 pat=000 resclass=[ -286136466, 407022, -703 ] xT=false
  D4 above=T3 pat=000 resclass=[ -703, 7, -4921 ] xT=false
  D4 above=T2 pat=000 resclass=[ 407022, 58146, 7 ] xT=false
  D4 above=T3 pat=000 resclass=[ -703, 7, -4921 ] xT=false
  D4 above=T2 pat=000 resclass=[ 407022, 58146, 7 ] xT=false
MEMBER stv 1/3 2/3 3 shape=[ 1, 1, 2, 2 ] tors=[ 4, 4 ] order4=12 norm111=0 xTpass=0
  D4 above=T1 pat=000 resclass=[ 210, -210, -1 ] xT=false
  D4 above=T1 pat=000 resclass=[ 210, -210, -1 ] xT=false
  D4 above=T3 pat=000 resclass=[ -1, -5, 5 ] xT=false
  D4 above=T2 pat=000 resclass=[ -210, 42, -5 ] xT=false
  D4 above=T3 pat=000 resclass=[ -1, -5, 5 ] xT=false
  D4 above=T2 pat=000 resclass=[ -210, 42, -5 ] xT=false
  D4 above=T1 pat=000 resclass=[ 210, -210, -1 ] xT=false
  D4 above=T1 pat=000 resclass=[ 210, -210, -1 ] xT=false
  D4 above=T3 pat=000 resclass=[ -1, -5, 5 ] xT=false
  D4 above=T2 pat=000 resclass=[ -210, 42, -5 ] xT=false
  D4 above=T3 pat=000 resclass=[ -1, -5, 5 ] xT=false
  D4 above=T2 pat=000 resclass=[ -210, 42, -5 ] xT=false
MEMBER stv 1/2 1/2 1 shape=[ 1, 1, 2, 2 ] tors=[ 4, 4 ] order4=12 norm111=0 xTpass=0
  D4 above=T2 pat=000 resclass=[ -345, 115, -3 ] xT=false
  D4 above=T2 pat=000 resclass=[ -345, 115, -3 ] xT=false
  D4 above=T1 pat=000 resclass=[ 69, -345, -5 ] xT=false
  D4 above=T3 pat=000 resclass=[ -5, -3, 15 ] xT=false
  D4 above=T1 pat=000 resclass=[ 69, -345, -5 ] xT=false
  D4 above=T3 pat=000 resclass=[ -5, -3, 15 ] xT=false
  D4 above=T2 pat=000 resclass=[ -345, 115, -3 ] xT=false
  D4 above=T2 pat=000 resclass=[ -345, 115, -3 ] xT=false
  D4 above=T1 pat=000 resclass=[ 69, -345, -5 ] xT=false
  D4 above=T3 pat=000 resclass=[ -5, -3, 15 ] xT=false
  D4 above=T1 pat=000 resclass=[ 69, -345, -5 ] xT=false
  D4 above=T3 pat=000 resclass=[ -5, -3, 15 ] xT=false
MEMBER stv 2/3 1/3 1/3 shape=[ 1, 1, 2, 2 ] tors=[ 4, 4 ] order4=12 norm111=0 xTpass=0
  D4 above=T3 pat=000 resclass=[ -7, -2, 14 ] xT=false
  D4 above=T3 pat=000 resclass=[ -7, -2, 14 ] xT=false
  D4 above=T1 pat=000 resclass=[ 7626, -53382, -7 ] xT=false
  D4 above=T2 pat=000 resclass=[ -53382, 26691, -2 ] xT=false
  D4 above=T1 pat=000 resclass=[ 7626, -53382, -7 ] xT=false
  D4 above=T2 pat=000 resclass=[ -53382, 26691, -2 ] xT=false
  D4 above=T3 pat=000 resclass=[ -7, -2, 14 ] xT=false
  D4 above=T3 pat=000 resclass=[ -7, -2, 14 ] xT=false
  D4 above=T1 pat=000 resclass=[ 7626, -53382, -7 ] xT=false
  D4 above=T2 pat=000 resclass=[ -53382, 26691, -2 ] xT=false
  D4 above=T1 pat=000 resclass=[ 7626, -53382, -7 ] xT=false
  D4 above=T2 pat=000 resclass=[ -53382, 26691, -2 ] xT=false
MEMBER stv 2/3 4 2 shape=[ 1, 1, 2, 2 ] tors=[ 4, 4 ] order4=12 norm111=0 xTpass=0
  D4 above=T3 pat=000 resclass=[ -2021, 15, -30315 ] xT=false
  D4 above=T3 pat=000 resclass=[ -2021, 15, -30315 ] xT=false
  D4 above=T1 pat=000 resclass=[ 4435145130, -2194530, -2021 ] xT=false
  D4 above=T2 pat=000 resclass=[ -2194530, -146302, 15 ] xT=false
  D4 above=T1 pat=000 resclass=[ 4435145130, -2194530, -2021 ] xT=false
  D4 above=T2 pat=000 resclass=[ -2194530, -146302, 15 ] xT=false
  D4 above=T3 pat=000 resclass=[ -2021, 15, -30315 ] xT=false
  D4 above=T3 pat=000 resclass=[ -2021, 15, -30315 ] xT=false
  D4 above=T1 pat=000 resclass=[ 4435145130, -2194530, -2021 ] xT=false
  D4 above=T2 pat=000 resclass=[ -2194530, -146302, 15 ] xT=false
  D4 above=T1 pat=000 resclass=[ 4435145130, -2194530, -2021 ] xT=false
  D4 above=T2 pat=000 resclass=[ -2194530, -146302, 15 ] xT=false
MEMBER stv 3/4 3 3/4 shape=[ 1, 1, 2, 2 ] tors=[ 4, 4 ] order4=12 norm111=0 xTpass=0
  D4 above=T2 pat=000 resclass=[ -1837290, -918645, 2 ] xT=false
  D4 above=T2 pat=000 resclass=[ -1837290, -918645, 2 ] xT=false
  D4 above=T1 pat=000 resclass=[ 1522326, -1837290, -1015 ] xT=false
  D4 above=T3 pat=000 resclass=[ -1015, 2, -2030 ] xT=false
  D4 above=T1 pat=000 resclass=[ 1522326, -1837290, -1015 ] xT=false
  D4 above=T3 pat=000 resclass=[ -1015, 2, -2030 ] xT=false
  D4 above=T2 pat=000 resclass=[ -1837290, -918645, 2 ] xT=false
  D4 above=T2 pat=000 resclass=[ -1837290, -918645, 2 ] xT=false
  D4 above=T1 pat=000 resclass=[ 1522326, -1837290, -1015 ] xT=false
  D4 above=T3 pat=000 resclass=[ -1015, 2, -2030 ] xT=false
  D4 above=T1 pat=000 resclass=[ 1522326, -1837290, -1015 ] xT=false
  D4 above=T3 pat=000 resclass=[ -1015, 2, -2030 ] xT=false
MEMBER stv 1 2 1/4 shape=[ 1, 1, 2, 2 ] tors=[ 4, 4 ] order4=12 norm111=0 xTpass=0
  D4 above=T3 pat=000 resclass=[ -2, 3, -6 ] xT=false
  D4 above=T3 pat=000 resclass=[ -2, 3, -6 ] xT=false
  D4 above=T2 pat=000 resclass=[ -105, -35, 3 ] xT=false
  D4 above=T1 pat=000 resclass=[ 210, -105, -2 ] xT=false
  D4 above=T2 pat=000 resclass=[ -105, -35, 3 ] xT=false
  D4 above=T1 pat=000 resclass=[ 210, -105, -2 ] xT=false
  D4 above=T3 pat=000 resclass=[ -2, 3, -6 ] xT=false
  D4 above=T3 pat=000 resclass=[ -2, 3, -6 ] xT=false
  D4 above=T2 pat=000 resclass=[ -105, -35, 3 ] xT=false
  D4 above=T1 pat=000 resclass=[ 210, -105, -2 ] xT=false
  D4 above=T2 pat=000 resclass=[ -105, -35, 3 ] xT=false
  D4 above=T1 pat=000 resclass=[ 210, -105, -2 ] xT=false
MEMBER stv 4/3 4/3 3/2 shape=[ 1, 1, 2, 2 ] tors=[ 4, 4 ] order4=12 norm111=0 xTpass=0
  D4 above=T2 pat=000 resclass=[ 19866, 2838, 7 ] xT=false
  D4 above=T2 pat=000 resclass=[ 19866, 2838, 7 ] xT=false
  D4 above=T3 pat=000 resclass=[ 95, 7, 665 ] xT=false
  D4 above=T1 pat=000 resclass=[ 1887270, 19866, 95 ] xT=false
  D4 above=T3 pat=000 resclass=[ 95, 7, 665 ] xT=false
  D4 above=T1 pat=000 resclass=[ 1887270, 19866, 95 ] xT=false
  D4 above=T2 pat=000 resclass=[ 19866, 2838, 7 ] xT=false
  D4 above=T2 pat=000 resclass=[ 19866, 2838, 7 ] xT=false
  D4 above=T3 pat=000 resclass=[ 95, 7, 665 ] xT=false
  D4 above=T1 pat=000 resclass=[ 1887270, 19866, 95 ] xT=false
  D4 above=T3 pat=000 resclass=[ 95, 7, 665 ] xT=false
  D4 above=T1 pat=000 resclass=[ 1887270, 19866, 95 ] xT=false
MEMBER stv 3/2 3/4 2/3 shape=[ 1, 1, 2, 2 ] tors=[ 4, 4 ] order4=12 norm111=0 xTpass=0
  D4 above=T3 pat=000 resclass=[ 527, -7, -3689 ] xT=false
  D4 above=T3 pat=000 resclass=[ 527, -7, -3689 ] xT=false
  D4 above=T2 pat=000 resclass=[ -71610, 10230, -7 ] xT=false
  D4 above=T1 pat=000 resclass=[ -39270, -71610, 527 ] xT=false
  D4 above=T2 pat=000 resclass=[ -71610, 10230, -7 ] xT=false
  D4 above=T1 pat=000 resclass=[ -39270, -71610, 527 ] xT=false
  D4 above=T3 pat=000 resclass=[ 527, -7, -3689 ] xT=false
  D4 above=T3 pat=000 resclass=[ 527, -7, -3689 ] xT=false
  D4 above=T2 pat=000 resclass=[ -71610, 10230, -7 ] xT=false
  D4 above=T1 pat=000 resclass=[ -39270, -71610, 527 ] xT=false
  D4 above=T2 pat=000 resclass=[ -71610, 10230, -7 ] xT=false
  D4 above=T1 pat=000 resclass=[ -39270, -71610, 527 ] xT=false
MEMBER stv 2 1/2 4 shape=[ 1, 1, 2, 2 ] tors=[ 4, 4 ] order4=12 norm111=0 xTpass=0
  D4 above=T1 pat=000 resclass=[ -199155, -3621, 55 ] xT=false
  D4 above=T1 pat=000 resclass=[ -199155, -3621, 55 ] xT=false
  D4 above=T3 pat=000 resclass=[ 55, -3, -165 ] xT=false
  D4 above=T2 pat=000 resclass=[ -3621, 1207, -3 ] xT=false
  D4 above=T3 pat=000 resclass=[ 55, -3, -165 ] xT=false
  D4 above=T2 pat=000 resclass=[ -3621, 1207, -3 ] xT=false
  D4 above=T1 pat=000 resclass=[ -199155, -3621, 55 ] xT=false
  D4 above=T1 pat=000 resclass=[ -199155, -3621, 55 ] xT=false
  D4 above=T3 pat=000 resclass=[ 55, -3, -165 ] xT=false
  D4 above=T2 pat=000 resclass=[ -3621, 1207, -3 ] xT=false
  D4 above=T3 pat=000 resclass=[ 55, -3, -165 ] xT=false
  D4 above=T2 pat=000 resclass=[ -3621, 1207, -3 ] xT=false
MEMBER stv 3 1/3 4/3 shape=[ 1, 1, 2, 2 ] tors=[ 4, 4 ] order4=12 norm111=0 xTpass=0
  D4 above=T1 pat=000 resclass=[ -55172390, -82966, 665 ] xT=false
  D4 above=T1 pat=000 resclass=[ -55172390, -82966, 665 ] xT=false
  D4 above=T3 pat=000 resclass=[ 665, -2, -1330 ] xT=false
  D4 above=T2 pat=000 resclass=[ -82966, 41483, -2 ] xT=false
  D4 above=T3 pat=000 resclass=[ 665, -2, -1330 ] xT=false
  D4 above=T2 pat=000 resclass=[ -82966, 41483, -2 ] xT=false
  D4 above=T1 pat=000 resclass=[ -55172390, -82966, 665 ] xT=false
  D4 above=T1 pat=000 resclass=[ -55172390, -82966, 665 ] xT=false
  D4 above=T3 pat=000 resclass=[ 665, -2, -1330 ] xT=false
  D4 above=T2 pat=000 resclass=[ -82966, 41483, -2 ] xT=false
  D4 above=T3 pat=000 resclass=[ 665, -2, -1330 ] xT=false
  D4 above=T2 pat=000 resclass=[ -82966, 41483, -2 ] xT=false
MEMBER stv 4 1/4 1/2 shape=[ 1, 1, 2, 2 ] tors=[ 4, 4 ] order4=12 norm111=0 xTpass=0
  D4 above=T1 pat=000 resclass=[ -608695, -7705, 79 ] xT=false
  D4 above=T1 pat=000 resclass=[ -608695, -7705, 79 ] xT=false
  D4 above=T2 pat=000 resclass=[ -7705, 4623, -15 ] xT=false
  D4 above=T3 pat=000 resclass=[ 79, -15, -1185 ] xT=false
  D4 above=T2 pat=000 resclass=[ -7705, 4623, -15 ] xT=false
  D4 above=T3 pat=000 resclass=[ 79, -15, -1185 ] xT=false
  D4 above=T1 pat=000 resclass=[ -608695, -7705, 79 ] xT=false
  D4 above=T1 pat=000 resclass=[ -608695, -7705, 79 ] xT=false
  D4 above=T2 pat=000 resclass=[ -7705, 4623, -15 ] xT=false
  D4 above=T3 pat=000 resclass=[ 79, -15, -1185 ] xT=false
  D4 above=T2 pat=000 resclass=[ -7705, 4623, -15 ] xT=false
  D4 above=T3 pat=000 resclass=[ 79, -15, -1185 ] xT=false
MEMBER stv 4 3 3 shape=[ 1, 1, 2, 2 ] tors=[ 4, 4 ] order4=12 norm111=0 xTpass=0
  D4 above=T3 pat=000 resclass=[ -3, 2, -6 ] xT=false
  D4 above=T3 pat=000 resclass=[ -3, 2, -6 ] xT=false
  D4 above=T1 pat=000 resclass=[ 334, -1002, -3 ] xT=false
  D4 above=T2 pat=000 resclass=[ -1002, -501, 2 ] xT=false
  D4 above=T1 pat=000 resclass=[ 334, -1002, -3 ] xT=false
  D4 above=T2 pat=000 resclass=[ -1002, -501, 2 ] xT=false
  D4 above=T3 pat=000 resclass=[ -3, 2, -6 ] xT=false
  D4 above=T3 pat=000 resclass=[ -3, 2, -6 ] xT=false
  D4 above=T1 pat=000 resclass=[ 334, -1002, -3 ] xT=false
  D4 above=T2 pat=000 resclass=[ -1002, -501, 2 ] xT=false
  D4 above=T1 pat=000 resclass=[ 334, -1002, -3 ] xT=false
  D4 above=T2 pat=000 resclass=[ -1002, -501, 2 ] xT=false
MEMBER stv 5/17 1/3 19/10 shape=[ 1, 1, 2, 2 ] tors=[ 4, 4 ] order4=12 norm111=0 xTpass=0
  D4 above=T1 pat=000 resclass=[ 66658070967761, -4046995991, -16471 ] xT=false
  D4 above=T1 pat=000 resclass=[ 66658070967761, -4046995991, -16471 ] xT=false
  D4 above=T2 pat=000 resclass=[ -4046995991, 8093991982, -2 ] xT=false
  D4 above=T3 pat=000 resclass=[ -16471, -2, 32942 ] xT=false
  D4 above=T2 pat=000 resclass=[ -4046995991, 8093991982, -2 ] xT=false
  D4 above=T3 pat=000 resclass=[ -16471, -2, 32942 ] xT=false
  D4 above=T1 pat=000 resclass=[ 66658070967761, -4046995991, -16471 ] xT=false
  D4 above=T1 pat=000 resclass=[ 66658070967761, -4046995991, -16471 ] xT=false
  D4 above=T2 pat=000 resclass=[ -4046995991, 8093991982, -2 ] xT=false
  D4 above=T3 pat=000 resclass=[ -16471, -2, 32942 ] xT=false
  D4 above=T2 pat=000 resclass=[ -4046995991, 8093991982, -2 ] xT=false
  D4 above=T3 pat=000 resclass=[ -16471, -2, 32942 ] xT=false
MEMBER stv 15/11 8 2/7 shape=[ 1, 1, 2, 2 ] tors=[ 4, 4 ] order4=12 norm111=0 xTpass=0
  D4 above=T1 pat=000 resclass=[ 8426139679253, -2527715518, -13334 ] xT=false
  D4 above=T1 pat=000 resclass=[ 8426139679253, -2527715518, -13334 ] xT=false
  D4 above=T3 pat=000 resclass=[ -13334, 7, -93338 ] xT=false
  D4 above=T2 pat=000 resclass=[ -2527715518, -17694008626, 7 ] xT=false
  D4 above=T3 pat=000 resclass=[ -13334, 7, -93338 ] xT=false
  D4 above=T2 pat=000 resclass=[ -2527715518, -17694008626, 7 ] xT=false
  D4 above=T1 pat=000 resclass=[ 8426139679253, -2527715518, -13334 ] xT=false
  D4 above=T1 pat=000 resclass=[ 8426139679253, -2527715518, -13334 ] xT=false
  D4 above=T3 pat=000 resclass=[ -13334, 7, -93338 ] xT=false
  D4 above=T2 pat=000 resclass=[ -2527715518, -17694008626, 7 ] xT=false
  D4 above=T3 pat=000 resclass=[ -13334, 7, -93338 ] xT=false
  D4 above=T2 pat=000 resclass=[ -2527715518, -17694008626, 7 ] xT=false
MEMBER stv 4 2/9 -10 shape=[ 1, 1, 2, 2 ] tors=[ 4, 4 ] order4=12 norm111=0 xTpass=0
  D4 above=T2 pat=000 resclass=[ 757964130, -9843690, -77 ] xT=false
  D4 above=T2 pat=000 resclass=[ 757964130, -9843690, -77 ] xT=false
  D4 above=T1 pat=000 resclass=[ 75074073184110, 757964130, 99047 ] xT=false
  D4 above=T3 pat=000 resclass=[ 99047, -77, -7626619 ] xT=false
  D4 above=T1 pat=000 resclass=[ 75074073184110, 757964130, 99047 ] xT=false
  D4 above=T3 pat=000 resclass=[ 99047, -77, -7626619 ] xT=false
  D4 above=T2 pat=000 resclass=[ 757964130, -9843690, -77 ] xT=false
  D4 above=T2 pat=000 resclass=[ 757964130, -9843690, -77 ] xT=false
  D4 above=T1 pat=000 resclass=[ 75074073184110, 757964130, 99047 ] xT=false
  D4 above=T3 pat=000 resclass=[ 99047, -77, -7626619 ] xT=false
  D4 above=T1 pat=000 resclass=[ 75074073184110, 757964130, 99047 ] xT=false
  D4 above=T3 pat=000 resclass=[ 99047, -77, -7626619 ] xT=false
PART_DONE part=159
