MEMBER mnv -1/2 1/4 -1982464/21049 shape=[ 1, 1, 2, 2 ] tors=[ 4, 4 ] order4=12 norm111=12 xTpass=0
  D4 above=T3 pat=111 resclass=[ 1, 1, 1 ] xT=false
  D4 above=T3 pat=111 resclass=[ 1, 1, 1 ] xT=false
  D4 above=T2 pat=111 resclass=[ 1, 1, 1 ] xT=false
  D4 above=T1 pat=111 resclass=[ 1, 1, 1 ] xT=false
  D4 above=T2 pat=111 resclass=[ 1, 1, 1 ] xT=false
  D4 above=T1 pat=111 resclass=[ 1, 1, 1 ] xT=false
  D4 above=T3 pat=111 resclass=[ 1, 1, 1 ] xT=false
  D4 above=T3 pat=111 resclass=[ 1, 1, 1 ] xT=false
  D4 above=T2 pat=111 resclass=[ 1, 1, 1 ] xT=false
  D4 above=T1 pat=111 resclass=[ 1, 1, 1 ] xT=false
  D4 above=T2 pat=111 resclass=[ 1, 1, 1 ] xT=false
  D4 above=T1 pat=111 resclass=[ 1, 1, 1 ] xT=false
MEMBER stv 1/4 2 -2/3 shape=[ 1, 1, 2, 2 ] tors=[ 4, 4 ] order4=12 norm111=0 xTpass=0
  D4 above=T2 pat=000 resclass=[ -9890, -29670, 3 ] xT=false
  D4 above=T2 pat=000 resclass=[ -9890, -29670, 3 ] xT=false
  D4 above=T3 pat=000 resclass=[ -143, 3, -429 ] xT=false
  D4 above=T1 pat=000 resclass=[ 1414270, -9890, -143 ] xT=false
  D4 above=T3 pat=000 resclass=[ -143, 3, -429 ] xT=false
  D4 above=T1 pat=000 resclass=[ 1414270, -9890, -143 ] xT=false
  D4 above=T2 pat=000 resclass=[ -9890, -29670, 3 ] xT=false
  D4 above=T2 pat=000 resclass=[ -9890, -29670, 3 ] xT=false
  D4 above=T3 pat=000 resclass=[ -143, 3, -429 ] xT=false
  D4 above=T1 pat=000 resclass=[ 1414270, -9890, -143 ] xT=false
  D4 above=T3 pat=000 resclass=[ -143, 3, -429 ] xT=false
  D4 above=T1 pat=000 resclass=[ 1414270, -9890, -143 ] xT=false
MEMBER stv 1/3 4/3 -4 shape=[ 1, 1, 2, 2 ] tors=[ 4, 4 ] order4=12 norm111=0 xTpass=0
  D4 above=T2 pat=000 resclass=[ -17255, -2465, 7 ] xT=false
  D4 above=T2 pat=000 resclass=[ -17255, -2465, 7 ] xT=false
  D4 above=T3 pat=000 resclass=[ -10, 7, -70 ] xT=false
  D4 above=T1 pat=000 resclass=[ 6902, -17255, -10 ] xT=false
  D4 above=T3 pat=000 resclass=[ -10, 7, -70 ] xT=false
  D4 above=T1 pat=000 resclass=[ 6902, -17255, -10 ] xT=false
  D4 above=T2 pat=000 resclass=[ -17255, -2465, 7 ] xT=false
  D4 above=T2 pat=000 resclass=[ -17255, -2465, 7 ] xT=false
  D4 above=T3 pat=000 resclass=[ -10, 7, -70 ] xT=false
  D4 above=T1 pat=000 resclass=[ 6902, -17255, -10 ] xT=false
  D4 above=T3 pat=000 resclass=[ -10, 7, -70 ] xT=false
  D4 above=T1 pat=000 resclass=[ 6902, -17255, -10 ] xT=false
MEMBER stv 1/2 3/4 -4/3 shape=[ 1, 1, 2, 2 ] tors=[ 4, 4 ] order4=12 norm111=0 xTpass=0
  D4 above=T3 pat=000 resclass=[ 15, -7, -105 ] xT=false
  D4 above=T3 pat=000 resclass=[ 15, -7, -105 ] xT=false
  D4 above=T1 pat=000 resclass=[ 182, 2730, 15 ] xT=false
  D4 above=T2 pat=000 resclass=[ 2730, -390, -7 ] xT=false
  D4 above=T1 pat=000 resclass=[ 182, 2730, 15 ] xT=false
  D4 above=T2 pat=000 resclass=[ 2730, -390, -7 ] xT=false
  D4 above=T3 pat=000 resclass=[ 15, -7, -105 ] xT=false
  D4 above=T3 pat=000 resclass=[ 15, -7, -105 ] xT=false
  D4 above=T1 pat=000 resclass=[ 182, 2730, 15 ] xT=false
  D4 above=T2 pat=000 resclass=[ 2730, -390, -7 ] xT=false
  D4 above=T1 pat=000 resclass=[ 182, 2730, 15 ] xT=false
  D4 above=T2 pat=000 resclass=[ 2730, -390, -7 ] xT=false
MEMBER stv 2/3 2/3 -1/2 shape=[ 1, 1, 2, 2 ] tors=[ 4, 4 ] order4=12 norm111=0 xTpass=0
  D4 above=T3 pat=000 resclass=[ 11, -5, -55 ] xT=false
  D4 above=T3 pat=000 resclass=[ 11, -5, -55 ] xT=false
  D4 above=T1 pat=000 resclass=[ 40810, 3710, 11 ] xT=false
  D4 above=T2 pat=000 resclass=[ 3710, -742, -5 ] xT=false
  D4 above=T1 pat=000 resclass=[ 40810, 3710, 11 ] xT=false
  D4 above=T2 pat=000 resclass=[ 3710, -742, -5 ] xT=false
  D4 above=T3 pat=000 resclass=[ 11, -5, -55 ] xT=false
  D4 above=T3 pat=000 resclass=[ 11, -5, -55 ] xT=false
  D4 above=T1 pat=000 resclass=[ 40810, 3710, 11 ] xT=false
  D4 above=T2 pat=000 resclass=[ 3710, -742, -5 ] xT=false
  D4 above=T1 pat=000 resclass=[ 40810, 3710, 11 ] xT=false
  D4 above=T2 pat=000 resclass=[ 3710, -742, -5 ] xT=false
MEMBER stv 3/4 1/3 -3 shape=[ 1, 1, 2, 2 ] tors=[ 4, 4 ] order4=12 norm111=0 xTpass=0
  D4 above=T2 pat=000 resclass=[ 374, -187, -2 ] xT=false
  D4 above=T2 pat=000 resclass=[ 374, -187, -2 ] xT=false
  D4 above=T1 pat=000 resclass=[ -110330, 374, -295 ] xT=false
  D4 above=T3 pat=000 resclass=[ -295, -2, 590 ] xT=false
  D4 above=T1 pat=000 resclass=[ -110330, 374, -295 ] xT=false
  D4 above=T3 pat=000 resclass=[ -295, -2, 590 ] xT=false
  D4 above=T2 pat=000 resclass=[ 374, -187, -2 ] xT=false
  D4 above=T2 pat=000 resclass=[ 374, -187, -2 ] xT=false
  D4 above=T1 pat=000 resclass=[ -110330, 374, -295 ] xT=false
  D4 above=T3 pat=000 resclass=[ -295, -2, 590 ] xT=false
  D4 above=T1 pat=000 resclass=[ -110330, 374, -295 ] xT=false
  D4 above=T3 pat=000 resclass=[ -295, -2, 590 ] xT=false
MEMBER stv 1 1/4 -1 INVALID
MEMBER stv 1 4 -1/3 shape=[ 1, 1, 2, 2 ] tors=[ 4, 4 ] order4=12 norm111=0 xTpass=0
  D4 above=T2 pat=000 resclass=[ -5, -3, 15 ] xT=false
  D4 above=T2 pat=000 resclass=[ -5, -3, 15 ] xT=false
  D4 above=T3 pat=000 resclass=[ -14, 15, -210 ] xT=false
  D4 above=T1 pat=000 resclass=[ 70, -5, -14 ] xT=false
  D4 above=T3 pat=000 resclass=[ -14, 15, -210 ] xT=false
  D4 above=T1 pat=000 resclass=[ 70, -5, -14 ] xT=false
  D4 above=T2 pat=000 resclass=[ -5, -3, 15 ] xT=false
  D4 above=T2 pat=000 resclass=[ -5, -3, 15 ] xT=false
  D4 above=T3 pat=000 resclass=[ -14, 15, -210 ] xT=false
  D4 above=T1 pat=000 resclass=[ 70, -5, -14 ] xT=false
  D4 above=T3 pat=000 resclass=[ -14, 15, -210 ] xT=false
  D4 above=T1 pat=000 resclass=[ 70, -5, -14 ] xT=false
MEMBER stv 4/3 2 -2 shape=[ 1, 1, 2, 2 ] tors=[ 4, 4 ] order4=12 norm111=0 xTpass=0
  D4 above=T2 pat=000 resclass=[ 26634, 8878, 3 ] xT=false
  D4 above=T2 pat=000 resclass=[ 26634, 8878, 3 ] xT=false
  D4 above=T3 pat=000 resclass=[ -65, 3, -195 ] xT=false
  D4 above=T1 pat=000 resclass=[ -1731210, 26634, -65 ] xT=false
  D4 above=T3 pat=000 resclass=[ -65, 3, -195 ] xT=false
  D4 above=T1 pat=000 resclass=[ -1731210, 26634, -65 ] xT=false
  D4 above=T2 pat=000 resclass=[ 26634, 8878, 3 ] xT=false
  D4 above=T2 pat=000 resclass=[ 26634, 8878, 3 ] xT=false
  D4 above=T3 pat=000 resclass=[ -65, 3, -195 ] xT=false
  D4 above=T1 pat=000 resclass=[ -1731210, 26634, -65 ] xT=false
  D4 above=T3 pat=000 resclass=[ -65, 3, -195 ] xT=false
  D4 above=T1 pat=000 resclass=[ -1731210, 26634, -65 ] xT=false
MEMBER stv 3/2 3/2 -3/4 shape=[ 1, 1, 2, 2 ] tors=[ 4, 4 ] order4=12 norm111=0 xTpass=0
  D4 above=T1 pat=000 resclass=[ 1365, 15015, 11 ] xT=false
  D4 above=T1 pat=000 resclass=[ 1365, 15015, 11 ] xT=false
  D4 above=T3 pat=000 resclass=[ 11, 5, 55 ] xT=false
  D4 above=T2 pat=000 resclass=[ 15015, 3003, 5 ] xT=false
  D4 above=T3 pat=000 resclass=[ 11, 5, 55 ] xT=false
  D4 above=T2 pat=000 resclass=[ 15015, 3003, 5 ] xT=false
  D4 above=T1 pat=000 resclass=[ 1365, 15015, 11 ] xT=false
  D4 above=T1 pat=000 resclass=[ 1365, 15015, 11 ] xT=false
  D4 above=T3 pat=000 resclass=[ 11, 5, 55 ] xT=false
  D4 above=T2 pat=000 resclass=[ 15015, 3003, 5 ] xT=false
  D4 above=T3 pat=000 resclass=[ 11, 5, 55 ] xT=false
  D4 above=T2 pat=000 resclass=[ 15015, 3003, 5 ] xT=false
MEMBER stv 2 4/3 -1/4 INVALID
MEMBER stv 3 2/3 -3/2 shape=[ 1, 1, 2, 2 ] tors=[ 4, 4 ] order4=12 norm111=0 xTpass=0
  D4 above=T2 pat=000 resclass=[ 278, -1390, -5 ] xT=false
  D4 above=T2 pat=000 resclass=[ 278, -1390, -5 ] xT=false
  D4 above=T1 pat=000 resclass=[ 3058, 278, 11 ] xT=false
  D4 above=T3 pat=000 resclass=[ 11, -5, -55 ] xT=false
  D4 above=T1 pat=000 resclass=[ 3058, 278, 11 ] xT=false
  D4 above=T3 pat=000 resclass=[ 11, -5, -55 ] xT=false
  D4 above=T2 pat=000 resclass=[ 278, -1390, -5 ] xT=false
  D4 above=T2 pat=000 resclass=[ 278, -1390, -5 ] xT=false
  D4 above=T1 pat=000 resclass=[ 3058, 278, 11 ] xT=false
  D4 above=T3 pat=000 resclass=[ 11, -5, -55 ] xT=false
  D4 above=T1 pat=000 resclass=[ 3058, 278, 11 ] xT=false
  D4 above=T3 pat=000 resclass=[ 11, -5, -55 ] xT=false
MEMBER stv 4 1/2 -2/3 shape=[ 1, 1, 2, 2 ] tors=[ 4, 4 ] order4=12 norm111=0 xTpass=0
  D4 above=T3 pat=000 resclass=[ 247, -3, -741 ] xT=false
  D4 above=T3 pat=000 resclass=[ 247, -3, -741 ] xT=false
  D4 above=T2 pat=000 resclass=[ 6815, -20445, -3 ] xT=false
  D4 above=T1 pat=000 resclass=[ 1683305, 6815, 247 ] xT=false
  D4 above=T2 pat=000 resclass=[ 6815, -20445, -3 ] xT=false
  D4 above=T1 pat=000 resclass=[ 1683305, 6815, 247 ] xT=false
  D4 above=T3 pat=000 resclass=[ 247, -3, -741 ] xT=false
  D4 above=T3 pat=000 resclass=[ 247, -3, -741 ] xT=false
  D4 above=T2 pat=000 resclass=[ 6815, -20445, -3 ] xT=false
  D4 above=T1 pat=000 resclass=[ 1683305, 6815, 247 ] xT=false
  D4 above=T2 pat=000 resclass=[ 6815, -20445, -3 ] xT=false
  D4 above=T1 pat=000 resclass=[ 1683305, 6815, 247 ] xT=false
MEMBER stv 16/17 9/8 8/9 shape=[ 1, 1, 2, 2 ] tors=[ 4, 4 ] order4=12 norm111=0 xTpass=0
  D4 above=T3 pat=000 resclass=[ 19695, 17, 334815 ] xT=false
  D4 above=T3 pat=000 resclass=[ 19695, 17, 334815 ] xT=false
  D4 above=T1 pat=000 resclass=[ 123424533082929, 156669882055, 19695 ] xT=false
  D4 above=T2 pat=000 resclass=[ 156669882055, 9215875415, 17 ] xT=false
  D4 above=T1 pat=000 resclass=[ 123424533082929, 156669882055, 19695 ] xT=false
  D4 above=T2 pat=000 resclass=[ 156669882055, 9215875415, 17 ] xT=false
  D4 above=T3 pat=000 resclass=[ 19695, 17, 334815 ] xT=false
  D4 above=T3 pat=000 resclass=[ 19695, 17, 334815 ] xT=false
  D4 above=T1 pat=000 resclass=[ 123424533082929, 156669882055, 19695 ] xT=false
  D4 above=T2 pat=000 resclass=[ 156669882055, 9215875415, 17 ] xT=false
  D4 above=T1 pat=000 resclass=[ 123424533082929, 156669882055, 19695 ] xT=false
  D4 above=T2 pat=000 resclass=[ 156669882055, 9215875415, 17 ] xT=false
MEMBER stv 17/16 5/2 -5/4 shape=[ 1, 1, 2, 2 ] tors=[ 4, 4 ] order4=12 norm111=0 xTpass=0
  D4 above=T3 pat=000 resclass=[ -6767, 21, -142107 ] xT=false
  D4 above=T3 pat=000 resclass=[ -6767, 21, -142107 ] xT=false
  D4 above=T1 pat=000 resclass=[ -12437743936065, 1837999695, -6767 ] xT=false
  D4 above=T2 pat=000 resclass=[ 1837999695, 87523795, 21 ] xT=false
  D4 above=T1 pat=000 resclass=[ -12437743936065, 1837999695, -6767 ] xT=false
  D4 above=T2 pat=000 resclass=[ 1837999695, 87523795, 21 ] xT=false
  D4 above=T3 pat=000 resclass=[ -6767, 21, -142107 ] xT=false
  D4 above=T3 pat=000 resclass=[ -6767, 21, -142107 ] xT=false
  D4 above=T1 pat=000 resclass=[ -12437743936065, 1837999695, -6767 ] xT=false
  D4 above=T2 pat=000 resclass=[ 1837999695, 87523795, 21 ] xT=false
  D4 above=T1 pat=000 resclass=[ -12437743936065, 1837999695, -6767 ] xT=false
  D4 above=T2 pat=000 resclass=[ 1837999695, 87523795, 21 ] xT=false
MEMBER stv 1/3 1/17 -3/5 shape=[ 1, 1, 2, 2 ] tors=[ 4, 4 ] order4=12 norm111=0 xTpass=0
  D4 above=T3 pat=000 resclass=[ -26519, -2, 53038 ] xT=false
  D4 above=T3 pat=000 resclass=[ -26519, -2, 53038 ] xT=false
  D4 above=T2 pat=000 resclass=[ 122503710, -61251855, -2 ] xT=false
  D4 above=T1 pat=000 resclass=[ -3248675885490, 122503710, -26519 ] xT=false
  D4 above=T2 pat=000 resclass=[ 122503710, -61251855, -2 ] xT=false
  D4 above=T1 pat=000 resclass=[ -3248675885490, 122503710, -26519 ] xT=false
  D4 above=T3 pat=000 resclass=[ -26519, -2, 53038 ] xT=false
  D4 above=T3 pat=000 resclass=[ -26519, -2, 53038 ] xT=false
  D4 above=T2 pat=000 resclass=[ 122503710, -61251855, -2 ] xT=false
  D4 above=T1 pat=000 resclass=[ -3248675885490, 122503710, -26519 ] xT=false
  D4 above=T2 pat=000 resclass=[ 122503710, -61251855, -2 ] xT=false
  D4 above=T1 pat=000 resclass=[ -3248675885490, 122503710, -26519 ] xT=false
MEMBER stv 17/6 5/7 -9/4 shape=[ 1, 1, 2, 2 ] tors=[ 4, 4 ] order4=12 norm111=0 xTpass=0
  D4 above=T3 pat=000 resclass=[ 673153, -6, -4038918 ] xT=false
  D4 above=T3 pat=000 resclass=[ 673153, -6, -4038918 ] xT=false
  D4 above=T2 pat=000 resclass=[ 123227286, -20537881, -6 ] xT=false
  D4 above=T1 pat=000 resclass=[ 490833238182, 123227286, 673153 ] xT=false
  D4 above=T2 pat=000 resclass=[ 123227286, -20537881, -6 ] xT=false
  D4 above=T1 pat=000 resclass=[ 490833238182, 123227286, 673153 ] xT=false
  D4 above=T3 pat=000 resclass=[ 673153, -6, -4038918 ] xT=false
  D4 above=T3 pat=000 resclass=[ 673153, -6, -4038918 ] xT=false
  D4 above=T2 pat=000 resclass=[ 123227286, -20537881, -6 ] xT=false
  D4 above=T1 pat=000 resclass=[ 490833238182, 123227286, 673153 ] xT=false
  D4 above=T2 pat=000 resclass=[ 123227286, -20537881, -6 ] xT=false
  D4 above=T1 pat=000 resclass=[ 490833238182, 123227286, 673153 ] xT=false
PART_DONE part=16
