MEMBER stv 1/4 4/3 -1/2 shape=[ 1, 1, 2, 2 ] tors=[ 4, 4 ] order4=12 norm111=0 xTpass=0
  D4 above=T1 pat=000 resclass=[ 1312853906, -1867502, -703 ] xT=false
  D4 above=T1 pat=000 resclass=[ 1312853906, -1867502, -703 ] xT=false
  D4 above=T3 pat=000 resclass=[ -703, 7, -4921 ] xT=false
  D4 above=T2 pat=000 resclass=[ -1867502, -266786, 7 ] xT=false
  D4 above=T3 pat=000 resclass=[ -703, 7, -4921 ] xT=false
  D4 above=T2 pat=000 resclass=[ -1867502, -266786, 7 ] xT=false
  D4 above=T1 pat=000 resclass=[ 1312853906, -1867502, -703 ] xT=false
  D4 above=T1 pat=000 resclass=[ 1312853906, -1867502, -703 ] xT=false
  D4 above=T3 pat=000 resclass=[ -703, 7, -4921 ] xT=false
  D4 above=T2 pat=000 resclass=[ -1867502, -266786, 7 ] xT=false
  D4 above=T3 pat=000 resclass=[ -703, 7, -4921 ] xT=false
  D4 above=T2 pat=000 resclass=[ -1867502, -266786, 7 ] xT=false
MEMBER stv 1/3 2/3 -3 shape=[ 1, 1, 2, 2 ] tors=[ 4, 4 ] order4=12 norm111=0 xTpass=0
  D4 above=T1 pat=000 resclass=[ 15, -15, -1 ] xT=false
  D4 above=T1 pat=000 resclass=[ 15, -15, -1 ] xT=false
  D4 above=T2 pat=000 resclass=[ -15, 3, -5 ] xT=false
  D4 above=T3 pat=000 resclass=[ -1, -5, 5 ] xT=false
  D4 above=T2 pat=000 resclass=[ -15, 3, -5 ] xT=false
  D4 above=T3 pat=000 resclass=[ -1, -5, 5 ] xT=false
  D4 above=T1 pat=000 resclass=[ 15, -15, -1 ] xT=false
  D4 above=T1 pat=000 resclass=[ 15, -15, -1 ] xT=false
  D4 above=T2 pat=000 resclass=[ -15, 3, -5 ] xT=false
  D4 above=T3 pat=000 resclass=[ -1, -5, 5 ] xT=false
  D4 above=T2 pat=000 resclass=[ -15, 3, -5 ] xT=false
  D4 above=T3 pat=000 resclass=[ -1, -5, 5 ] xT=false
MEMBER stv 1/2 1/2 -1 shape=[ 1, 1, 2, 2 ] tors=[ 4, 4 ] order4=12 norm111=0 xTpass=0
  D4 above=T3 pat=000 resclass=[ -5, -3, 15 ] xT=false
  D4 above=T3 pat=000 resclass=[ -5, -3, 15 ] xT=false
  D4 above=T1 pat=010 resclass=[ -5, 1, -5 ] xT=false
  D4 above=T2 pat=100 resclass=[ 1, -3, -3 ] xT=false
  D4 above=T1 pat=010 resclass=[ -5, 1, -5 ] xT=false
  D4 above=T2 pat=100 resclass=[ 1, -3, -3 ] xT=false
  D4 above=T3 pat=000 resclass=[ -5, -3, 15 ] xT=false
  D4 above=T3 pat=000 resclass=[ -5, -3, 15 ] xT=false
  D4 above=T1 pat=010 resclass=[ -5, 1, -5 ] xT=false
  D4 above=T2 pat=100 resclass=[ 1, -3, -3 ] xT=false
  D4 above=T1 pat=010 resclass=[ -5, 1, -5 ] xT=false
  D4 above=T2 pat=100 resclass=[ 1, -3, -3 ] xT=false
MEMBER stv 2/3 1/3 -1/3 shape=[ 1, 1, 2, 2 ] tors=[ 4, 4 ] order4=12 norm111=0 xTpass=0
  D4 above=T2 pat=000 resclass=[ 27462, -13731, -2 ] xT=false
  D4 above=T2 pat=000 resclass=[ 27462, -13731, -2 ] xT=false
  D4 above=T3 pat=000 resclass=[ -7, -2, 14 ] xT=false
  D4 above=T1 pat=000 resclass=[ -192234, 27462, -7 ] xT=false
  D4 above=T3 pat=000 resclass=[ -7, -2, 14 ] xT=false
  D4 above=T1 pat=000 resclass=[ -192234, 27462, -7 ] xT=false
  D4 above=T2 pat=000 resclass=[ 27462, -13731, -2 ] xT=false
  D4 above=T2 pat=000 resclass=[ 27462, -13731, -2 ] xT=false
  D4 above=T3 pat=000 resclass=[ -7, -2, 14 ] xT=false
  D4 above=T1 pat=000 resclass=[ -192234, 27462, -7 ] xT=false
  D4 above=T3 pat=000 resclass=[ -7, -2, 14 ] xT=false
  D4 above=T1 pat=000 resclass=[ -192234, 27462, -7 ] xT=false
MEMBER stv 2/3 4 -2 shape=[ 1, 1, 2, 2 ] tors=[ 4, 4 ] order4=12 norm111=0 xTpass=0
  D4 above=T3 pat=000 resclass=[ -2021, 15, -30315 ] xT=false
  D4 above=T3 pat=000 resclass=[ -2021, 15, -30315 ] xT=false
  D4 above=T2 pat=000 resclass=[ -129630, -8642, 15 ] xT=false
  D4 above=T1 pat=000 resclass=[ 261982230, -129630, -2021 ] xT=false
  D4 above=T2 pat=000 resclass=[ -129630, -8642, 15 ] xT=false
  D4 above=T1 pat=000 resclass=[ 261982230, -129630, -2021 ] xT=false
  D4 above=T3 pat=000 resclass=[ -2021, 15, -30315 ] xT=false
  D4 above=T3 pat=000 resclass=[ -2021, 15, -30315 ] xT=false
  D4 above=T2 pat=000 resclass=[ -129630, -8642, 15 ] xT=false
  D4 above=T1 pat=000 resclass=[ 261982230, -129630, -2021 ] xT=false
  D4 above=T2 pat=000 resclass=[ -129630, -8642, 15 ] xT=false
  D4 above=T1 pat=000 resclass=[ 261982230, -129630, -2021 ] xT=false
MEMBER stv 3/4 3 -3/4 shape=[ 1, 1, 2, 2 ] tors=[ 4, 4 ] order4=12 norm111=0 xTpass=0
  D4 above=T1 pat=000 resclass=[ 16062810, -775446, -1015 ] xT=false
  D4 above=T1 pat=000 resclass=[ 16062810, -775446, -1015 ] xT=false
  D4 above=T2 pat=000 resclass=[ -775446, -387723, 2 ] xT=false
  D4 above=T3 pat=000 resclass=[ -1015, 2, -2030 ] xT=false
  D4 above=T2 pat=000 resclass=[ -775446, -387723, 2 ] xT=false
  D4 above=T3 pat=000 resclass=[ -1015, 2, -2030 ] xT=false
  D4 above=T1 pat=000 resclass=[ 16062810, -775446, -1015 ] xT=false
  D4 above=T1 pat=000 resclass=[ 16062810, -775446, -1015 ] xT=false
  D4 above=T2 pat=000 resclass=[ -775446, -387723, 2 ] xT=false
  D4 above=T3 pat=000 resclass=[ -1015, 2, -2030 ] xT=false
  D4 above=T2 pat=000 resclass=[ -775446, -387723, 2 ] xT=false
  D4 above=T3 pat=000 resclass=[ -1015, 2, -2030 ] xT=false
MEMBER stv 1 2 -1/4 shape=[ 1, 1, 2, 2 ] tors=[ 4, 4 ] order4=12 norm111=0 xTpass=0
  D4 above=T1 pat=000 resclass=[ 30, -15, -2 ] xT=false
  D4 above=T1 pat=000 resclass=[ 30, -15, -2 ] xT=false
  D4 above=T3 pat=000 resclass=[ -2, 3, -6 ] xT=false
  D4 above=T2 pat=000 resclass=[ -15, -5, 3 ] xT=false
  D4 above=T3 pat=000 resclass=[ -2, 3, -6 ] xT=false
  D4 above=T2 pat=000 resclass=[ -15, -5, 3 ] xT=false
  D4 above=T1 pat=000 resclass=[ 30, -15, -2 ] xT=false
  D4 above=T1 pat=000 resclass=[ 30, -15, -2 ] xT=false
  D4 above=T3 pat=000 resclass=[ -2, 3, -6 ] xT=false
  D4 above=T2 pat=000 resclass=[ -15, -5, 3 ] xT=false
  D4 above=T3 pat=000 resclass=[ -2, 3, -6 ] xT=false
  D4 above=T2 pat=000 resclass=[ -15, -5, 3 ] xT=false
MEMBER stv 4/3 4/3 -3/2 shape=[ 1, 1, 2, 2 ] tors=[ 4, 4 ] order4=12 norm111=0 xTpass=0
  D4 above=T2 pat=000 resclass=[ 2310, 330, 7 ] xT=false
  D4 above=T2 pat=000 resclass=[ 2310, 330, 7 ] xT=false
  D4 above=T3 pat=000 resclass=[ 95, 7, 665 ] xT=false
  D4 above=T1 pat=000 resclass=[ 8778, 2310, 95 ] xT=false
  D4 above=T3 pat=000 resclass=[ 95, 7, 665 ] xT=false
  D4 above=T1 pat=000 resclass=[ 8778, 2310, 95 ] xT=false
  D4 above=T2 pat=000 resclass=[ 2310, 330, 7 ] xT=false
  D4 above=T2 pat=000 resclass=[ 2310, 330, 7 ] xT=false
  D4 above=T3 pat=000 resclass=[ 95, 7, 665 ] xT=false
  D4 above=T1 pat=000 resclass=[ 8778, 2310, 95 ] xT=false
  D4 above=T3 pat=000 resclass=[ 95, 7, 665 ] xT=false
  D4 above=T1 pat=000 resclass=[ 8778, 2310, 95 ] xT=false
MEMBER stv 3/2 3/4 -2/3 shape=[ 1, 1, 2, 2 ] tors=[ 4, 4 ] order4=12 norm111=0 xTpass=0
  D4 above=T3 pat=000 resclass=[ 527, -7, -3689 ] xT=false
  D4 above=T3 pat=000 resclass=[ 527, -7, -3689 ] xT=false
  D4 above=T2 pat=000 resclass=[ 3570, -510, -7 ] xT=false
  D4 above=T1 pat=000 resclass=[ 6510, 3570, 527 ] xT=false
  D4 above=T2 pat=000 resclass=[ 3570, -510, -7 ] xT=false
  D4 above=T1 pat=000 resclass=[ 6510, 3570, 527 ] xT=false
  D4 above=T3 pat=000 resclass=[ 527, -7, -3689 ] xT=false
  D4 above=T3 pat=000 resclass=[ 527, -7, -3689 ] xT=false
  D4 above=T2 pat=000 resclass=[ 3570, -510, -7 ] xT=false
  D4 above=T1 pat=000 resclass=[ 6510, 3570, 527 ] xT=false
  D4 above=T2 pat=000 resclass=[ 3570, -510, -7 ] xT=false
  D4 above=T1 pat=000 resclass=[ 6510, 3570, 527 ] xT=false
MEMBER stv 2 1/2 -4 shape=[ 1, 1, 2, 2 ] tors=[ 4, 4 ] order4=12 norm111=0 xTpass=0
  D4 above=T3 pat=000 resclass=[ 55, -3, -165 ] xT=false
  D4 above=T3 pat=000 resclass=[ 55, -3, -165 ] xT=false
  D4 above=T2 pat=000 resclass=[ 35, -105, -3 ] xT=false
  D4 above=T1 pat=000 resclass=[ 77, 35, 55 ] xT=false
  D4 above=T2 pat=000 resclass=[ 35, -105, -3 ] xT=false
  D4 above=T1 pat=000 resclass=[ 77, 35, 55 ] xT=false
  D4 above=T3 pat=000 resclass=[ 55, -3, -165 ] xT=false
  D4 above=T3 pat=000 resclass=[ 55, -3, -165 ] xT=false
  D4 above=T2 pat=000 resclass=[ 35, -105, -3 ] xT=false
  D4 above=T1 pat=000 resclass=[ 77, 35, 55 ] xT=false
  D4 above=T2 pat=000 resclass=[ 35, -105, -3 ] xT=false
  D4 above=T1 pat=000 resclass=[ 77, 35, 55 ] xT=false
MEMBER stv 3 1/3 -4/3 shape=[ 1, 1, 2, 2 ] tors=[ 4, 4 ] order4=12 norm111=0 xTpass=0
  D4 above=T2 pat=000 resclass=[ 59510, -29755, -2 ] xT=false
  D4 above=T2 pat=000 resclass=[ 59510, -29755, -2 ] xT=false
  D4 above=T3 pat=000 resclass=[ 665, -2, -1330 ] xT=false
  D4 above=T1 pat=000 resclass=[ 1582966, 59510, 665 ] xT=false
  D4 above=T3 pat=000 resclass=[ 665, -2, -1330 ] xT=false
  D4 above=T1 pat=000 resclass=[ 1582966, 59510, 665 ] xT=false
  D4 above=T2 pat=000 resclass=[ 59510, -29755, -2 ] xT=false
  D4 above=T2 pat=000 resclass=[ 59510, -29755, -2 ] xT=false
  D4 above=T3 pat=000 resclass=[ 665, -2, -1330 ] xT=false
  D4 above=T1 pat=000 resclass=[ 1582966, 59510, 665 ] xT=false
  D4 above=T3 pat=000 resclass=[ 665, -2, -1330 ] xT=false
  D4 above=T1 pat=000 resclass=[ 1582966, 59510, 665 ] xT=false
MEMBER stv 4 1/4 -1/2 shape=[ 1, 1, 2, 2 ] tors=[ 4, 4 ] order4=12 norm111=0 xTpass=0
  D4 above=T2 pat=000 resclass=[ 377895, -25193, -15 ] xT=false
  D4 above=T2 pat=000 resclass=[ 377895, -25193, -15 ] xT=false
  D4 above=T3 pat=000 resclass=[ 79, -15, -1185 ] xT=false
  D4 above=T1 pat=000 resclass=[ 29853705, 377895, 79 ] xT=false
  D4 above=T3 pat=000 resclass=[ 79, -15, -1185 ] xT=false
  D4 above=T1 pat=000 resclass=[ 29853705, 377895, 79 ] xT=false
  D4 above=T2 pat=000 resclass=[ 377895, -25193, -15 ] xT=false
  D4 above=T2 pat=000 resclass=[ 377895, -25193, -15 ] xT=false
  D4 above=T3 pat=000 resclass=[ 79, -15, -1185 ] xT=false
  D4 above=T1 pat=000 resclass=[ 29853705, 377895, 79 ] xT=false
  D4 above=T3 pat=000 resclass=[ 79, -15, -1185 ] xT=false
  D4 above=T1 pat=000 resclass=[ 29853705, 377895, 79 ] xT=false
MEMBER stv 4 3 -3 shape=[ 1, 1, 2, 2 ] tors=[ 4, 4 ] order4=12 norm111=0 xTpass=0
  D4 above=T3 pat=000 resclass=[ -3, 2, -6 ] xT=false
  D4 above=T3 pat=000 resclass=[ -3, 2, -6 ] xT=false
  D4 above=T1 pat=000 resclass=[ -94, 282, -3 ] xT=false
  D4 above=T2 pat=000 resclass=[ 282, 141, 2 ] xT=false
  D4 above=T1 pat=000 resclass=[ -94, 282, -3 ] xT=false
  D4 above=T2 pat=000 resclass=[ 282, 141, 2 ] xT=false
  D4 above=T3 pat=000 resclass=[ -3, 2, -6 ] xT=false
  D4 above=T3 pat=000 resclass=[ -3, 2, -6 ] xT=false
  D4 above=T1 pat=000 resclass=[ -94, 282, -3 ] xT=false
  D4 above=T2 pat=000 resclass=[ 282, 141, 2 ] xT=false
  D4 above=T1 pat=000 resclass=[ -94, 282, -3 ] xT=false
  D4 above=T2 pat=000 resclass=[ 282, 141, 2 ] xT=false
MEMBER stv 3 6/5 -3/4 shape=[ 1, 1, 2, 2 ] tors=[ 4, 4 ] order4=12 norm111=0 xTpass=0
  D4 above=T3 pat=000 resclass=[ 86, 11, 946 ] xT=false
  D4 above=T3 pat=000 resclass=[ 86, 11, 946 ] xT=false
  D4 above=T1 pat=000 resclass=[ -860768238, -10008933, 86 ] xT=false
  D4 above=T2 pat=000 resclass=[ -10008933, -909903, 11 ] xT=false
  D4 above=T1 pat=000 resclass=[ -860768238, -10008933, 86 ] xT=false
  D4 above=T2 pat=000 resclass=[ -10008933, -909903, 11 ] xT=false
  D4 above=T3 pat=000 resclass=[ 86, 11, 946 ] xT=false
  D4 above=T3 pat=000 resclass=[ 86, 11, 946 ] xT=false
  D4 above=T1 pat=000 resclass=[ -860768238, -10008933, 86 ] xT=false
  D4 above=T2 pat=000 resclass=[ -10008933, -909903, 11 ] xT=false
  D4 above=T1 pat=000 resclass=[ -860768238, -10008933, 86 ] xT=false
  D4 above=T2 pat=000 resclass=[ -10008933, -909903, 11 ] xT=false
MEMBER stv 1/4 8/13 -15/19 shape=[ 1, 1, 2, 2 ] tors=[ 4, 4 ] order4=12 norm111=0 xTpass=0
  D4 above=T3 pat=000 resclass=[ -147839, -105, 15523095 ] xT=false
  D4 above=T3 pat=000 resclass=[ -147839, -105, 15523095 ] xT=false
  D4 above=T2 pat=000 resclass=[ 883296757, -1892778765, -105 ] xT=false
  D4 above=T1 pat=000 resclass=[ -361733266643, 883296757, -147839 ] xT=false
  D4 above=T2 pat=000 resclass=[ 883296757, -1892778765, -105 ] xT=false
  D4 above=T1 pat=000 resclass=[ -361733266643, 883296757, -147839 ] xT=false
  D4 above=T3 pat=000 resclass=[ -147839, -105, 15523095 ] xT=false
  D4 above=T3 pat=000 resclass=[ -147839, -105, 15523095 ] xT=false
  D4 above=T2 pat=000 resclass=[ 883296757, -1892778765, -105 ] xT=false
  D4 above=T1 pat=000 resclass=[ -361733266643, 883296757, -147839 ] xT=false
  D4 above=T2 pat=000 resclass=[ 883296757, -1892778765, -105 ] xT=false
  D4 above=T1 pat=000 resclass=[ -361733266643, 883296757, -147839 ] xT=false
MEMBER stv 5/8 8/7 -2/3 shape=[ 1, 1, 2, 2 ] tors=[ 4, 4 ] order4=12 norm111=0 xTpass=0
  D4 above=T3 pat=000 resclass=[ 73, 15, 1095 ] xT=false
  D4 above=T3 pat=000 resclass=[ 73, 15, 1095 ] xT=false
  D4 above=T1 pat=000 resclass=[ -12019947130, -164656810, 73 ] xT=false
  D4 above=T2 pat=000 resclass=[ -164656810, -98794086, 15 ] xT=false
  D4 above=T1 pat=000 resclass=[ -12019947130, -164656810, 73 ] xT=false
  D4 above=T2 pat=000 resclass=[ -164656810, -98794086, 15 ] xT=false
  D4 above=T3 pat=000 resclass=[ 73, 15, 1095 ] xT=false
  D4 above=T3 pat=000 resclass=[ 73, 15, 1095 ] xT=false
  D4 above=T1 pat=000 resclass=[ -12019947130, -164656810, 73 ] xT=false
  D4 above=T2 pat=000 resclass=[ -164656810, -98794086, 15 ] xT=false
  D4 above=T1 pat=000 resclass=[ -12019947130, -164656810, 73 ] xT=false
  D4 above=T2 pat=000 resclass=[ -164656810, -98794086, 15 ] xT=false
PART_DONE part=160
