MEMBER stv 1/4 4/3 2/3 shape=[ 1, 1, 2, 2 ] tors=[ 4, 4 ] order4=12 norm111=0 xTpass=0
  D4 above=T3 pat=000 resclass=[ -703, 7, -4921 ] xT=false
  D4 above=T3 pat=000 resclass=[ -703, 7, -4921 ] xT=false
  D4 above=T2 pat=000 resclass=[ 9786, 1398, 7 ] xT=false
  D4 above=T1 pat=000 resclass=[ -6879558, 9786, -703 ] xT=false
  D4 above=T2 pat=000 resclass=[ 9786, 1398, 7 ] xT=false
  D4 above=T1 pat=000 resclass=[ -6879558, 9786, -703 ] xT=false
  D4 above=T3 pat=000 resclass=[ -703, 7, -4921 ] xT=false
  D4 above=T3 pat=000 resclass=[ -703, 7, -4921 ] xT=false
  D4 above=T2 pat=000 resclass=[ 9786, 1398, 7 ] xT=false
  D4 above=T1 pat=000 resclass=[ -6879558, 9786, -703 ] xT=false
  D4 above=T2 pat=000 resclass=[ 9786, 1398, 7 ] xT=false
  D4 above=T1 pat=000 resclass=[ -6879558, 9786, -703 ] xT=false
MEMBER stv 1/3 2/3 4 shape=[ 1, 1, 2, 2 ] tors=[ 4, 4 ] order4=12 norm111=0 xTpass=0
  D4 above=T3 pat=000 resclass=[ -1, -5, 5 ] xT=false
  D4 above=T3 pat=000 resclass=[ -1, -5, 5 ] xT=false
  D4 above=T2 pat=000 resclass=[ -12805, 2561, -5 ] xT=false
  D4 above=T1 pat=000 resclass=[ 12805, -12805, -1 ] xT=false
  D4 above=T2 pat=000 resclass=[ -12805, 2561, -5 ] xT=false
  D4 above=T1 pat=000 resclass=[ 12805, -12805, -1 ] xT=false
  D4 above=T3 pat=000 resclass=[ -1, -5, 5 ] xT=false
  D4 above=T3 pat=000 resclass=[ -1, -5, 5 ] xT=false
  D4 above=T2 pat=000 resclass=[ -12805, 2561, -5 ] xT=false
  D4 above=T1 pat=000 resclass=[ 12805, -12805, -1 ] xT=false
  D4 above=T2 pat=000 resclass=[ -12805, 2561, -5 ] xT=false
  D4 above=T1 pat=000 resclass=[ 12805, -12805, -1 ] xT=false
MEMBER stv 1/2 1/2 4/3 shape=[ 1, 1, 2, 2 ] tors=[ 4, 4 ] order4=12 norm111=0 xTpass=0
  D4 above=T1 pat=000 resclass=[ 95, -19, -5 ] xT=false
  D4 above=T1 pat=000 resclass=[ 95, -19, -5 ] xT=false
  D4 above=T3 pat=000 resclass=[ -5, -3, 15 ] xT=false
  D4 above=T2 pat=000 resclass=[ -19, 57, -3 ] xT=false
  D4 above=T3 pat=000 resclass=[ -5, -3, 15 ] xT=false
  D4 above=T2 pat=000 resclass=[ -19, 57, -3 ] xT=false
  D4 above=T1 pat=000 resclass=[ 95, -19, -5 ] xT=false
  D4 above=T1 pat=000 resclass=[ 95, -19, -5 ] xT=false
  D4 above=T3 pat=000 resclass=[ -5, -3, 15 ] xT=false
  D4 above=T2 pat=000 resclass=[ -19, 57, -3 ] xT=false
  D4 above=T3 pat=000 resclass=[ -5, -3, 15 ] xT=false
  D4 above=T2 pat=000 resclass=[ -19, 57, -3 ] xT=false
MEMBER stv 2/3 1/3 1/2 shape=[ 1, 1, 2, 2 ] tors=[ 4, 4 ] order4=12 norm111=0 xTpass=0
  D4 above=T3 pat=000 resclass=[ -7, -2, 14 ] xT=false
  D4 above=T3 pat=000 resclass=[ -7, -2, 14 ] xT=false
  D4 above=T1 pat=000 resclass=[ 7931, -1133, -7 ] xT=false
  D4 above=T2 pat=000 resclass=[ -1133, 2266, -2 ] xT=false
  D4 above=T1 pat=000 resclass=[ 7931, -1133, -7 ] xT=false
  D4 above=T2 pat=000 resclass=[ -1133, 2266, -2 ] xT=false
  D4 above=T3 pat=000 resclass=[ -7, -2, 14 ] xT=false
  D4 above=T3 pat=000 resclass=[ -7, -2, 14 ] xT=false
  D4 above=T1 pat=000 resclass=[ 7931, -1133, -7 ] xT=false
  D4 above=T2 pat=000 resclass=[ -1133, 2266, -2 ] xT=false
  D4 above=T1 pat=000 resclass=[ 7931, -1133, -7 ] xT=false
  D4 above=T2 pat=000 resclass=[ -1133, 2266, -2 ] xT=false
MEMBER stv 2/3 4 3 shape=[ 1, 1, 2, 2 ] tors=[ 4, 4 ] order4=12 norm111=0 xTpass=0
  D4 above=T1 pat=000 resclass=[ 152292455, -75355, -2021 ] xT=false
  D4 above=T1 pat=000 resclass=[ 152292455, -75355, -2021 ] xT=false
  D4 above=T3 pat=000 resclass=[ -2021, 15, -30315 ] xT=false
  D4 above=T2 pat=000 resclass=[ -75355, -45213, 15 ] xT=false
  D4 above=T3 pat=000 resclass=[ -2021, 15, -30315 ] xT=false
  D4 above=T2 pat=000 resclass=[ -75355, -45213, 15 ] xT=false
  D4 above=T1 pat=000 resclass=[ 152292455, -75355, -2021 ] xT=false
  D4 above=T1 pat=000 resclass=[ 152292455, -75355, -2021 ] xT=false
  D4 above=T3 pat=000 resclass=[ -2021, 15, -30315 ] xT=false
  D4 above=T2 pat=000 resclass=[ -75355, -45213, 15 ] xT=false
  D4 above=T3 pat=000 resclass=[ -2021, 15, -30315 ] xT=false
  D4 above=T2 pat=000 resclass=[ -75355, -45213, 15 ] xT=false
MEMBER stv 3/4 3 1 shape=[ 1, 1, 2, 2 ] tors=[ 4, 4 ] order4=12 norm111=0 xTpass=0
  D4 above=T2 pat=000 resclass=[ -46, -23, 2 ] xT=false
  D4 above=T2 pat=000 resclass=[ -46, -23, 2 ] xT=false
  D4 above=T1 pat=000 resclass=[ 46690, -46, -1015 ] xT=false
  D4 above=T3 pat=000 resclass=[ -1015, 2, -2030 ] xT=false
  D4 above=T1 pat=000 resclass=[ 46690, -46, -1015 ] xT=false
  D4 above=T3 pat=000 resclass=[ -1015, 2, -2030 ] xT=false
  D4 above=T2 pat=000 resclass=[ -46, -23, 2 ] xT=false
  D4 above=T2 pat=000 resclass=[ -46, -23, 2 ] xT=false
  D4 above=T1 pat=000 resclass=[ 46690, -46, -1015 ] xT=false
  D4 above=T3 pat=000 resclass=[ -1015, 2, -2030 ] xT=false
  D4 above=T1 pat=000 resclass=[ 46690, -46, -1015 ] xT=false
  D4 above=T3 pat=000 resclass=[ -1015, 2, -2030 ] xT=false
MEMBER stv 1 2 1/3 shape=[ 1, 1, 2, 2 ] tors=[ 4, 4 ] order4=12 norm111=0 xTpass=0
  D4 above=T1 pat=100 resclass=[ 1, -2, -2 ] xT=false
  D4 above=T1 pat=100 resclass=[ 1, -2, -2 ] xT=false
  D4 above=T3 pat=000 resclass=[ -2, 3, -6 ] xT=false
  D4 above=T2 pat=000 resclass=[ -2, -6, 3 ] xT=false
  D4 above=T3 pat=000 resclass=[ -2, 3, -6 ] xT=false
  D4 above=T2 pat=000 resclass=[ -2, -6, 3 ] xT=false
  D4 above=T1 pat=100 resclass=[ 1, -2, -2 ] xT=false
  D4 above=T1 pat=100 resclass=[ 1, -2, -2 ] xT=false
  D4 above=T3 pat=000 resclass=[ -2, 3, -6 ] xT=false
  D4 above=T2 pat=000 resclass=[ -2, -6, 3 ] xT=false
  D4 above=T3 pat=000 resclass=[ -2, 3, -6 ] xT=false
  D4 above=T2 pat=000 resclass=[ -2, -6, 3 ] xT=false
MEMBER stv 4/3 4/3 2 shape=[ 1, 1, 2, 2 ] tors=[ 4, 4 ] order4=12 norm111=0 xTpass=0
  D4 above=T1 pat=000 resclass=[ 316274, 83230, 95 ] xT=false
  D4 above=T1 pat=000 resclass=[ 316274, 83230, 95 ] xT=false
  D4 above=T3 pat=000 resclass=[ 95, 7, 665 ] xT=false
  D4 above=T2 pat=000 resclass=[ 83230, 11890, 7 ] xT=false
  D4 above=T3 pat=000 resclass=[ 95, 7, 665 ] xT=false
  D4 above=T2 pat=000 resclass=[ 83230, 11890, 7 ] xT=false
  D4 above=T1 pat=000 resclass=[ 316274, 83230, 95 ] xT=false
  D4 above=T1 pat=000 resclass=[ 316274, 83230, 95 ] xT=false
  D4 above=T3 pat=000 resclass=[ 95, 7, 665 ] xT=false
  D4 above=T2 pat=000 resclass=[ 83230, 11890, 7 ] xT=false
  D4 above=T3 pat=000 resclass=[ 95, 7, 665 ] xT=false
  D4 above=T2 pat=000 resclass=[ 83230, 11890, 7 ] xT=false
MEMBER stv 3/2 3/4 3/4 shape=[ 1, 1, 2, 2 ] tors=[ 4, 4 ] order4=12 norm111=0 xTpass=0
  D4 above=T3 pat=000 resclass=[ 527, -7, -3689 ] xT=false
  D4 above=T3 pat=000 resclass=[ 527, -7, -3689 ] xT=false
  D4 above=T2 pat=000 resclass=[ -2655723, 379389, -7 ] xT=false
  D4 above=T1 pat=000 resclass=[ -4842789, -2655723, 527 ] xT=false
  D4 above=T2 pat=000 resclass=[ -2655723, 379389, -7 ] xT=false
  D4 above=T1 pat=000 resclass=[ -4842789, -2655723, 527 ] xT=false
  D4 above=T3 pat=000 resclass=[ 527, -7, -3689 ] xT=false
  D4 above=T3 pat=000 resclass=[ 527, -7, -3689 ] xT=false
  D4 above=T2 pat=000 resclass=[ -2655723, 379389, -7 ] xT=false
  D4 above=T1 pat=000 resclass=[ -4842789, -2655723, 527 ] xT=false
  D4 above=T2 pat=000 resclass=[ -2655723, 379389, -7 ] xT=false
  D4 above=T1 pat=000 resclass=[ -4842789, -2655723, 527 ] xT=false
MEMBER stv 2 2/3 1/4 shape=[ 1, 1, 2, 2 ] tors=[ 4, 4 ] order4=12 norm111=0 xTpass=0
  D4 above=T3 pat=000 resclass=[ 299, -5, -1495 ] xT=false
  D4 above=T3 pat=000 resclass=[ 299, -5, -1495 ] xT=false
  D4 above=T2 pat=000 resclass=[ -1670, 334, -5 ] xT=false
  D4 above=T1 pat=000 resclass=[ -499330, -1670, 299 ] xT=false
  D4 above=T2 pat=000 resclass=[ -1670, 334, -5 ] xT=false
  D4 above=T1 pat=000 resclass=[ -499330, -1670, 299 ] xT=false
  D4 above=T3 pat=000 resclass=[ 299, -5, -1495 ] xT=false
  D4 above=T3 pat=000 resclass=[ 299, -5, -1495 ] xT=false
  D4 above=T2 pat=000 resclass=[ -1670, 334, -5 ] xT=false
  D4 above=T1 pat=000 resclass=[ -499330, -1670, 299 ] xT=false
  D4 above=T2 pat=000 resclass=[ -1670, 334, -5 ] xT=false
  D4 above=T1 pat=000 resclass=[ -499330, -1670, 299 ] xT=false
MEMBER stv 3 1/3 3/2 shape=[ 1, 1, 2, 2 ] tors=[ 4, 4 ] order4=12 norm111=0 xTpass=0
  D4 above=T2 pat=000 resclass=[ -22939, 45878, -2 ] xT=false
  D4 above=T2 pat=000 resclass=[ -22939, 45878, -2 ] xT=false
  D4 above=T3 pat=000 resclass=[ 665, -2, -1330 ] xT=false
  D4 above=T1 pat=000 resclass=[ -311315, -22939, 665 ] xT=false
  D4 above=T3 pat=000 resclass=[ 665, -2, -1330 ] xT=false
  D4 above=T1 pat=000 resclass=[ -311315, -22939, 665 ] xT=false
  D4 above=T2 pat=000 resclass=[ -22939, 45878, -2 ] xT=false
  D4 above=T2 pat=000 resclass=[ -22939, 45878, -2 ] xT=false
  D4 above=T3 pat=000 resclass=[ 665, -2, -1330 ] xT=false
  D4 above=T1 pat=000 resclass=[ -311315, -22939, 665 ] xT=false
  D4 above=T3 pat=000 resclass=[ 665, -2, -1330 ] xT=false
  D4 above=T1 pat=000 resclass=[ -311315, -22939, 665 ] xT=false
MEMBER stv 4 1/4 2/3 shape=[ 1, 1, 2, 2 ] tors=[ 4, 4 ] order4=12 norm111=0 xTpass=0
  D4 above=T1 pat=000 resclass=[ -2485735, -31465, 79 ] xT=false
  D4 above=T1 pat=000 resclass=[ -2485735, -31465, 79 ] xT=false
  D4 above=T3 pat=000 resclass=[ 79, -15, -1185 ] xT=false
  D4 above=T2 pat=000 resclass=[ -31465, 18879, -15 ] xT=false
  D4 above=T3 pat=000 resclass=[ 79, -15, -1185 ] xT=false
  D4 above=T2 pat=000 resclass=[ -31465, 18879, -15 ] xT=false
  D4 above=T1 pat=000 resclass=[ -2485735, -31465, 79 ] xT=false
  D4 above=T1 pat=000 resclass=[ -2485735, -31465, 79 ] xT=false
  D4 above=T3 pat=000 resclass=[ 79, -15, -1185 ] xT=false
  D4 above=T2 pat=000 resclass=[ -31465, 18879, -15 ] xT=false
  D4 above=T3 pat=000 resclass=[ 79, -15, -1185 ] xT=false
  D4 above=T2 pat=000 resclass=[ -31465, 18879, -15 ] xT=false
MEMBER stv 4 3 4 shape=[ 1, 1, 2, 2 ] tors=[ 4, 4 ] order4=12 norm111=0 xTpass=0
  D4 above=T3 pat=000 resclass=[ -3, 2, -6 ] xT=false
  D4 above=T3 pat=000 resclass=[ -3, 2, -6 ] xT=false
  D4 above=T1 pat=000 resclass=[ 86970, -28990, -3 ] xT=false
  D4 above=T2 pat=000 resclass=[ -28990, -14495, 2 ] xT=false
  D4 above=T1 pat=000 resclass=[ 86970, -28990, -3 ] xT=false
  D4 above=T2 pat=000 resclass=[ -28990, -14495, 2 ] xT=false
  D4 above=T3 pat=000 resclass=[ -3, 2, -6 ] xT=false
  D4 above=T3 pat=000 resclass=[ -3, 2, -6 ] xT=false
  D4 above=T1 pat=000 resclass=[ 86970, -28990, -3 ] xT=false
  D4 above=T2 pat=000 resclass=[ -28990, -14495, 2 ] xT=false
  D4 above=T1 pat=000 resclass=[ 86970, -28990, -3 ] xT=false
  D4 above=T2 pat=000 resclass=[ -28990, -14495, 2 ] xT=false
MEMBER stv 13 10/9 -5/9 shape=[ 1, 1, 2, 2 ] tors=[ 4, 4 ] order4=12 norm111=0 xTpass=0
  D4 above=T2 pat=000 resclass=[ -75288070, -3962530, 19 ] xT=false
  D4 above=T2 pat=000 resclass=[ -75288070, -3962530, 19 ] xT=false
  D4 above=T1 pat=000 resclass=[ -10776460565, -75288070, 69278 ] xT=false
  D4 above=T3 pat=000 resclass=[ 69278, 19, 1316282 ] xT=false
  D4 above=T1 pat=000 resclass=[ -10776460565, -75288070, 69278 ] xT=false
  D4 above=T3 pat=000 resclass=[ 69278, 19, 1316282 ] xT=false
  D4 above=T2 pat=000 resclass=[ -75288070, -3962530, 19 ] xT=false
  D4 above=T2 pat=000 resclass=[ -75288070, -3962530, 19 ] xT=false
  D4 above=T1 pat=000 resclass=[ -10776460565, -75288070, 69278 ] xT=false
  D4 above=T3 pat=000 resclass=[ 69278, 19, 1316282 ] xT=false
  D4 above=T1 pat=000 resclass=[ -10776460565, -75288070, 69278 ] xT=false
  D4 above=T3 pat=000 resclass=[ 69278, 19, 1316282 ] xT=false
MEMBER stv 17/6 8/15 -11/3 shape=[ 1, 1, 2, 2 ] tors=[ 4, 4 ] order4=12 norm111=0 xTpass=0
  D4 above=T1 pat=000 resclass=[ 440221340809630242093, 289249938604473, 1521941 ] xT=false
  D4 above=T1 pat=000 resclass=[ 440221340809630242093, 289249938604473, 1521941 ] xT=false
  D4 above=T3 pat=000 resclass=[ 1521941, -161, -245032501 ] xT=false
  D4 above=T2 pat=000 resclass=[ 289249938604473, -1796583469593, -161 ] xT=false
  D4 above=T3 pat=000 resclass=[ 1521941, -161, -245032501 ] xT=false
  D4 above=T2 pat=000 resclass=[ 289249938604473, -1796583469593, -161 ] xT=false
  D4 above=T1 pat=000 resclass=[ 440221340809630242093, 289249938604473, 1521941 ] xT=false
  D4 above=T1 pat=000 resclass=[ 440221340809630242093, 289249938604473, 1521941 ] xT=false
  D4 above=T3 pat=000 resclass=[ 1521941, -161, -245032501 ] xT=false
  D4 above=T2 pat=000 resclass=[ 289249938604473, -1796583469593, -161 ] xT=false
  D4 above=T3 pat=000 resclass=[ 1521941, -161, -245032501 ] xT=false
  D4 above=T2 pat=000 resclass=[ 289249938604473, -1796583469593, -161 ] xT=false
MEMBER stv 1 14/13 7/4 shape=[ 1, 1, 2, 2 ] tors=[ 4, 4 ] order4=12 norm111=0 xTpass=0
  D4 above=T3 pat=000 resclass=[ 142, 3, 426 ] xT=false
  D4 above=T3 pat=000 resclass=[ 142, 3, 426 ] xT=false
  D4 above=T1 pat=000 resclass=[ 9090319854, 64016337, 142 ] xT=false
  D4 above=T2 pat=000 resclass=[ 64016337, 21338779, 3 ] xT=false
  D4 above=T1 pat=000 resclass=[ 9090319854, 64016337, 142 ] xT=false
  D4 above=T2 pat=000 resclass=[ 64016337, 21338779, 3 ] xT=false
  D4 above=T3 pat=000 resclass=[ 142, 3, 426 ] xT=false
  D4 above=T3 pat=000 resclass=[ 142, 3, 426 ] xT=false
  D4 above=T1 pat=000 resclass=[ 9090319854, 64016337, 142 ] xT=false
  D4 above=T2 pat=000 resclass=[ 64016337, 21338779, 3 ] xT=false
  D4 above=T1 pat=000 resclass=[ 9090319854, 64016337, 142 ] xT=false
  D4 above=T2 pat=000 resclass=[ 64016337, 21338779, 3 ] xT=false
PART_DONE part=161
