MEMBER stv 1/4 4/3 -2/3 shape=[ 1, 1, 2, 2 ] tors=[ 4, 4 ] order4=12 norm111=0 xTpass=0
  D4 above=T2 pat=000 resclass=[ -3530730, -504390, 7 ] xT=false
  D4 above=T2 pat=000 resclass=[ -3530730, -504390, 7 ] xT=false
  D4 above=T3 pat=000 resclass=[ -703, 7, -4921 ] xT=false
  D4 above=T1 pat=000 resclass=[ 2482103190, -3530730, -703 ] xT=false
  D4 above=T3 pat=000 resclass=[ -703, 7, -4921 ] xT=false
  D4 above=T1 pat=000 resclass=[ 2482103190, -3530730, -703 ] xT=false
  D4 above=T2 pat=000 resclass=[ -3530730, -504390, 7 ] xT=false
  D4 above=T2 pat=000 resclass=[ -3530730, -504390, 7 ] xT=false
  D4 above=T3 pat=000 resclass=[ -703, 7, -4921 ] xT=false
  D4 above=T1 pat=000 resclass=[ 2482103190, -3530730, -703 ] xT=false
  D4 above=T3 pat=000 resclass=[ -703, 7, -4921 ] xT=false
  D4 above=T1 pat=000 resclass=[ 2482103190, -3530730, -703 ] xT=false
MEMBER stv 1/3 2/3 -4 shape=[ 1, 1, 2, 2 ] tors=[ 4, 4 ] order4=12 norm111=0 xTpass=0
  D4 above=T1 pat=000 resclass=[ 35, -35, -1 ] xT=false
  D4 above=T1 pat=000 resclass=[ 35, -35, -1 ] xT=false
  D4 above=T2 pat=000 resclass=[ -35, 7, -5 ] xT=false
  D4 above=T3 pat=000 resclass=[ -1, -5, 5 ] xT=false
  D4 above=T2 pat=000 resclass=[ -35, 7, -5 ] xT=false
  D4 above=T3 pat=000 resclass=[ -1, -5, 5 ] xT=false
  D4 above=T1 pat=000 resclass=[ 35, -35, -1 ] xT=false
  D4 above=T1 pat=000 resclass=[ 35, -35, -1 ] xT=false
  D4 above=T2 pat=000 resclass=[ -35, 7, -5 ] xT=false
  D4 above=T3 pat=000 resclass=[ -1, -5, 5 ] xT=false
  D4 above=T2 pat=000 resclass=[ -35, 7, -5 ] xT=false
  D4 above=T3 pat=000 resclass=[ -1, -5, 5 ] xT=false
MEMBER stv 1/2 1/2 -4/3 shape=[ 1, 1, 2, 2 ] tors=[ 4, 4 ] order4=12 norm111=0 xTpass=0
  D4 above=T1 pat=000 resclass=[ -2, 10, -5 ] xT=false
  D4 above=T1 pat=000 resclass=[ -2, 10, -5 ] xT=false
  D4 above=T3 pat=000 resclass=[ -5, -3, 15 ] xT=false
  D4 above=T2 pat=000 resclass=[ 10, -30, -3 ] xT=false
  D4 above=T3 pat=000 resclass=[ -5, -3, 15 ] xT=false
  D4 above=T2 pat=000 resclass=[ 10, -30, -3 ] xT=false
  D4 above=T1 pat=000 resclass=[ -2, 10, -5 ] xT=false
  D4 above=T1 pat=000 resclass=[ -2, 10, -5 ] xT=false
  D4 above=T3 pat=000 resclass=[ -5, -3, 15 ] xT=false
  D4 above=T2 pat=000 resclass=[ 10, -30, -3 ] xT=false
  D4 above=T3 pat=000 resclass=[ -5, -3, 15 ] xT=false
  D4 above=T2 pat=000 resclass=[ 10, -30, -3 ] xT=false
MEMBER stv 2/3 1/3 -1/2 shape=[ 1, 1, 2, 2 ] tors=[ 4, 4 ] order4=12 norm111=0 xTpass=0
  D4 above=T3 pat=000 resclass=[ -7, -2, 14 ] xT=false
  D4 above=T3 pat=000 resclass=[ -7, -2, 14 ] xT=false
  D4 above=T2 pat=000 resclass=[ 413, -826, -2 ] xT=false
  D4 above=T1 pat=000 resclass=[ -59, 413, -7 ] xT=false
  D4 above=T2 pat=000 resclass=[ 413, -826, -2 ] xT=false
  D4 above=T1 pat=000 resclass=[ -59, 413, -7 ] xT=false
  D4 above=T3 pat=000 resclass=[ -7, -2, 14 ] xT=false
  D4 above=T3 pat=000 resclass=[ -7, -2, 14 ] xT=false
  D4 above=T2 pat=000 resclass=[ 413, -826, -2 ] xT=false
  D4 above=T1 pat=000 resclass=[ -59, 413, -7 ] xT=false
  D4 above=T2 pat=000 resclass=[ 413, -826, -2 ] xT=false
  D4 above=T1 pat=000 resclass=[ -59, 413, -7 ] xT=false
MEMBER stv 2/3 4 -3 shape=[ 1, 1, 2, 2 ] tors=[ 4, 4 ] order4=12 norm111=0 xTpass=0
  D4 above=T3 pat=000 resclass=[ -2021, 15, -30315 ] xT=false
  D4 above=T3 pat=000 resclass=[ -2021, 15, -30315 ] xT=false
  D4 above=T2 pat=000 resclass=[ 10795, 6477, 15 ] xT=false
  D4 above=T1 pat=000 resclass=[ -21816695, 10795, -2021 ] xT=false
  D4 above=T2 pat=000 resclass=[ 10795, 6477, 15 ] xT=false
  D4 above=T1 pat=000 resclass=[ -21816695, 10795, -2021 ] xT=false
  D4 above=T3 pat=000 resclass=[ -2021, 15, -30315 ] xT=false
  D4 above=T3 pat=000 resclass=[ -2021, 15, -30315 ] xT=false
  D4 above=T2 pat=000 resclass=[ 10795, 6477, 15 ] xT=false
  D4 above=T1 pat=000 resclass=[ -21816695, 10795, -2021 ] xT=false
  D4 above=T2 pat=000 resclass=[ 10795, 6477, 15 ] xT=false
  D4 above=T1 pat=000 resclass=[ -21816695, 10795, -2021 ] xT=false
MEMBER stv 3/4 3 -1 shape=[ 1, 1, 2, 2 ] tors=[ 4, 4 ] order4=12 norm111=0 xTpass=0
  D4 above=T3 pat=000 resclass=[ -1015, 2, -2030 ] xT=false
  D4 above=T3 pat=000 resclass=[ -1015, 2, -2030 ] xT=false
  D4 above=T2 pat=000 resclass=[ -16226, -8113, 2 ] xT=false
  D4 above=T1 pat=000 resclass=[ 336110, -16226, -1015 ] xT=false
  D4 above=T2 pat=000 resclass=[ -16226, -8113, 2 ] xT=false
  D4 above=T1 pat=000 resclass=[ 336110, -16226, -1015 ] xT=false
  D4 above=T3 pat=000 resclass=[ -1015, 2, -2030 ] xT=false
  D4 above=T3 pat=000 resclass=[ -1015, 2, -2030 ] xT=false
  D4 above=T2 pat=000 resclass=[ -16226, -8113, 2 ] xT=false
  D4 above=T1 pat=000 resclass=[ 336110, -16226, -1015 ] xT=false
  D4 above=T2 pat=000 resclass=[ -16226, -8113, 2 ] xT=false
  D4 above=T1 pat=000 resclass=[ 336110, -16226, -1015 ] xT=false
MEMBER stv 1 2 -1/3 shape=[ 1, 1, 2, 2 ] tors=[ 4, 4 ] order4=12 norm111=0 xTpass=0
  D4 above=T1 pat=000 resclass=[ 14, -7, -2 ] xT=false
  D4 above=T1 pat=000 resclass=[ 14, -7, -2 ] xT=false
  D4 above=T2 pat=000 resclass=[ -7, -21, 3 ] xT=false
  D4 above=T3 pat=000 resclass=[ -2, 3, -6 ] xT=false
  D4 above=T2 pat=000 resclass=[ -7, -21, 3 ] xT=false
  D4 above=T3 pat=000 resclass=[ -2, 3, -6 ] xT=false
  D4 above=T1 pat=000 resclass=[ 14, -7, -2 ] xT=false
  D4 above=T1 pat=000 resclass=[ 14, -7, -2 ] xT=false
  D4 above=T2 pat=000 resclass=[ -7, -21, 3 ] xT=false
  D4 above=T3 pat=000 resclass=[ -2, 3, -6 ] xT=false
  D4 above=T2 pat=000 resclass=[ -7, -21, 3 ] xT=false
  D4 above=T3 pat=000 resclass=[ -2, 3, -6 ] xT=false
MEMBER stv 4/3 4/3 -2 shape=[ 1, 1, 2, 2 ] tors=[ 4, 4 ] order4=12 norm111=0 xTpass=0
  D4 above=T2 pat=000 resclass=[ 5474, 782, 7 ] xT=false
  D4 above=T2 pat=000 resclass=[ 5474, 782, 7 ] xT=false
  D4 above=T3 pat=000 resclass=[ 95, 7, 665 ] xT=false
  D4 above=T1 pat=000 resclass=[ 520030, 5474, 95 ] xT=false
  D4 above=T3 pat=000 resclass=[ 95, 7, 665 ] xT=false
  D4 above=T1 pat=000 resclass=[ 520030, 5474, 95 ] xT=false
  D4 above=T2 pat=000 resclass=[ 5474, 782, 7 ] xT=false
  D4 above=T2 pat=000 resclass=[ 5474, 782, 7 ] xT=false
  D4 above=T3 pat=000 resclass=[ 95, 7, 665 ] xT=false
  D4 above=T1 pat=000 resclass=[ 520030, 5474, 95 ] xT=false
  D4 above=T3 pat=000 resclass=[ 95, 7, 665 ] xT=false
  D4 above=T1 pat=000 resclass=[ 520030, 5474, 95 ] xT=false
MEMBER stv 3/2 3/4 -3/4 shape=[ 1, 1, 2, 2 ] tors=[ 4, 4 ] order4=12 norm111=0 xTpass=0
  D4 above=T3 pat=000 resclass=[ 527, -7, -3689 ] xT=false
  D4 above=T3 pat=000 resclass=[ 527, -7, -3689 ] xT=false
  D4 above=T2 pat=000 resclass=[ 206283, -29469, -7 ] xT=false
  D4 above=T1 pat=000 resclass=[ 108711141, 206283, 527 ] xT=false
  D4 above=T2 pat=000 resclass=[ 206283, -29469, -7 ] xT=false
  D4 above=T1 pat=000 resclass=[ 108711141, 206283, 527 ] xT=false
  D4 above=T3 pat=000 resclass=[ 527, -7, -3689 ] xT=false
  D4 above=T3 pat=000 resclass=[ 527, -7, -3689 ] xT=false
  D4 above=T2 pat=000 resclass=[ 206283, -29469, -7 ] xT=false
  D4 above=T1 pat=000 resclass=[ 108711141, 206283, 527 ] xT=false
  D4 above=T2 pat=000 resclass=[ 206283, -29469, -7 ] xT=false
  D4 above=T1 pat=000 resclass=[ 108711141, 206283, 527 ] xT=false
MEMBER stv 2 2/3 -1/4 INVALID
MEMBER stv 3 1/3 -3/2 shape=[ 1, 1, 2, 2 ] tors=[ 4, 4 ] order4=12 norm111=0 xTpass=0
  D4 above=T1 pat=000 resclass=[ 454195, 683, 665 ] xT=false
  D4 above=T1 pat=000 resclass=[ 454195, 683, 665 ] xT=false
  D4 above=T2 pat=000 resclass=[ 683, -1366, -2 ] xT=false
  D4 above=T3 pat=000 resclass=[ 665, -2, -1330 ] xT=false
  D4 above=T2 pat=000 resclass=[ 683, -1366, -2 ] xT=false
  D4 above=T3 pat=000 resclass=[ 665, -2, -1330 ] xT=false
  D4 above=T1 pat=000 resclass=[ 454195, 683, 665 ] xT=false
  D4 above=T1 pat=000 resclass=[ 454195, 683, 665 ] xT=false
  D4 above=T2 pat=000 resclass=[ 683, -1366, -2 ] xT=false
  D4 above=T3 pat=000 resclass=[ 665, -2, -1330 ] xT=false
  D4 above=T2 pat=000 resclass=[ 683, -1366, -2 ] xT=false
  D4 above=T3 pat=000 resclass=[ 665, -2, -1330 ] xT=false
MEMBER stv 4 1/4 -2/3 shape=[ 1, 1, 2, 2 ] tors=[ 4, 4 ] order4=12 norm111=0 xTpass=0
  D4 above=T3 pat=000 resclass=[ 79, -15, -1185 ] xT=false
  D4 above=T3 pat=000 resclass=[ 79, -15, -1185 ] xT=false
  D4 above=T1 pat=000 resclass=[ 42692785, 540415, 79 ] xT=false
  D4 above=T2 pat=000 resclass=[ 540415, -324249, -15 ] xT=false
  D4 above=T1 pat=000 resclass=[ 42692785, 540415, 79 ] xT=false
  D4 above=T2 pat=000 resclass=[ 540415, -324249, -15 ] xT=false
  D4 above=T3 pat=000 resclass=[ 79, -15, -1185 ] xT=false
  D4 above=T3 pat=000 resclass=[ 79, -15, -1185 ] xT=false
  D4 above=T1 pat=000 resclass=[ 42692785, 540415, 79 ] xT=false
  D4 above=T2 pat=000 resclass=[ 540415, -324249, -15 ] xT=false
  D4 above=T1 pat=000 resclass=[ 42692785, 540415, 79 ] xT=false
  D4 above=T2 pat=000 resclass=[ 540415, -324249, -15 ] xT=false
MEMBER stv 4 3 -4 shape=[ 1, 1, 2, 2 ] tors=[ 4, 4 ] order4=12 norm111=0 xTpass=0
  D4 above=T3 pat=000 resclass=[ -3, 2, -6 ] xT=false
  D4 above=T3 pat=000 resclass=[ -3, 2, -6 ] xT=false
  D4 above=T2 pat=000 resclass=[ 14, 7, 2 ] xT=false
  D4 above=T1 pat=000 resclass=[ -42, 14, -3 ] xT=false
  D4 above=T2 pat=000 resclass=[ 14, 7, 2 ] xT=false
  D4 above=T1 pat=000 resclass=[ -42, 14, -3 ] xT=false
  D4 above=T3 pat=000 resclass=[ -3, 2, -6 ] xT=false
  D4 above=T3 pat=000 resclass=[ -3, 2, -6 ] xT=false
  D4 above=T2 pat=000 resclass=[ 14, 7, 2 ] xT=false
  D4 above=T1 pat=000 resclass=[ -42, 14, -3 ] xT=false
  D4 above=T2 pat=000 resclass=[ 14, 7, 2 ] xT=false
  D4 above=T1 pat=000 resclass=[ -42, 14, -3 ] xT=false
MEMBER stv 10/13 1/2 -14/15 shape=[ 1, 1, 2, 2 ] tors=[ 4, 4 ] order4=12 norm111=0 xTpass=0
  D4 above=T2 pat=000 resclass=[ 8788759, -26366277, -3 ] xT=false
  D4 above=T2 pat=000 resclass=[ 8788759, -26366277, -3 ] xT=false
  D4 above=T1 pat=000 resclass=[ 694311961, 8788759, 79 ] xT=false
  D4 above=T3 pat=000 resclass=[ 79, -3, -237 ] xT=false
  D4 above=T1 pat=000 resclass=[ 694311961, 8788759, 79 ] xT=false
  D4 above=T3 pat=000 resclass=[ 79, -3, -237 ] xT=false
  D4 above=T2 pat=000 resclass=[ 8788759, -26366277, -3 ] xT=false
  D4 above=T2 pat=000 resclass=[ 8788759, -26366277, -3 ] xT=false
  D4 above=T1 pat=000 resclass=[ 694311961, 8788759, 79 ] xT=false
  D4 above=T3 pat=000 resclass=[ 79, -3, -237 ] xT=false
  D4 above=T1 pat=000 resclass=[ 694311961, 8788759, 79 ] xT=false
  D4 above=T3 pat=000 resclass=[ 79, -3, -237 ] xT=false
MEMBER stv 6 13/18 -9/10 shape=[ 1, 1, 2, 2 ] tors=[ 4, 4 ] order4=12 norm111=0 xTpass=0
  D4 above=T1 pat=000 resclass=[ 67414978676594767, 17952859097, 3755111 ] xT=false
  D4 above=T1 pat=000 resclass=[ 67414978676594767, 17952859097, 3755111 ] xT=false
  D4 above=T2 pat=000 resclass=[ 17952859097, -2895622435, -155 ] xT=false
  D4 above=T3 pat=000 resclass=[ 3755111, -155, -582042205 ] xT=false
  D4 above=T2 pat=000 resclass=[ 17952859097, -2895622435, -155 ] xT=false
  D4 above=T3 pat=000 resclass=[ 3755111, -155, -582042205 ] xT=false
  D4 above=T1 pat=000 resclass=[ 67414978676594767, 17952859097, 3755111 ] xT=false
  D4 above=T1 pat=000 resclass=[ 67414978676594767, 17952859097, 3755111 ] xT=false
  D4 above=T2 pat=000 resclass=[ 17952859097, -2895622435, -155 ] xT=false
  D4 above=T3 pat=000 resclass=[ 3755111, -155, -582042205 ] xT=false
  D4 above=T2 pat=000 resclass=[ 17952859097, -2895622435, -155 ] xT=false
  D4 above=T3 pat=000 resclass=[ 3755111, -155, -582042205 ] xT=false
MEMBER stv 13/8 13/18 3/19 shape=[ 1, 1, 2, 2 ] tors=[ 4, 4 ] order4=12 norm111=0 xTpass=0
  D4 above=T1 pat=000 resclass=[ -19902178296232295315, -19652415744535, 1012709 ] xT=false
  D4 above=T1 pat=000 resclass=[ -19902178296232295315, -19652415744535, 1012709 ] xT=false
  D4 above=T2 pat=000 resclass=[ -19652415744535, 126789778997, -155 ] xT=false
  D4 above=T3 pat=000 resclass=[ 1012709, -155, -156969895 ] xT=false
  D4 above=T2 pat=000 resclass=[ -19652415744535, 126789778997, -155 ] xT=false
  D4 above=T3 pat=000 resclass=[ 1012709, -155, -156969895 ] xT=false
  D4 above=T1 pat=000 resclass=[ -19902178296232295315, -19652415744535, 1012709 ] xT=false
  D4 above=T1 pat=000 resclass=[ -19902178296232295315, -19652415744535, 1012709 ] xT=false
  D4 above=T2 pat=000 resclass=[ -19652415744535, 126789778997, -155 ] xT=false
  D4 above=T3 pat=000 resclass=[ 1012709, -155, -156969895 ] xT=false
  D4 above=T2 pat=000 resclass=[ -19652415744535, 126789778997, -155 ] xT=false
  D4 above=T3 pat=000 resclass=[ 1012709, -155, -156969895 ] xT=false
PART_DONE part=162
