MEMBER stv 1/4 4/3 3/4 shape=[ 1, 1, 2, 2 ] tors=[ 4, 4 ] order4=12 norm111=0 xTpass=0
  D4 above=T2 pat=000 resclass=[ 7973, 1139, 7 ] xT=false
  D4 above=T2 pat=000 resclass=[ 7973, 1139, 7 ] xT=false
  D4 above=T1 pat=000 resclass=[ -5605019, 7973, -703 ] xT=false
  D4 above=T3 pat=000 resclass=[ -703, 7, -4921 ] xT=false
  D4 above=T1 pat=000 resclass=[ -5605019, 7973, -703 ] xT=false
  D4 above=T3 pat=000 resclass=[ -703, 7, -4921 ] xT=false
  D4 above=T2 pat=000 resclass=[ 7973, 1139, 7 ] xT=false
  D4 above=T2 pat=000 resclass=[ 7973, 1139, 7 ] xT=false
  D4 above=T1 pat=000 resclass=[ -5605019, 7973, -703 ] xT=false
  D4 above=T3 pat=000 resclass=[ -703, 7, -4921 ] xT=false
  D4 above=T1 pat=000 resclass=[ -5605019, 7973, -703 ] xT=false
  D4 above=T3 pat=000 resclass=[ -703, 7, -4921 ] xT=false
MEMBER stv 1/3 3/4 1/4 shape=[ 1, 1, 2, 2 ] tors=[ 4, 4 ] order4=12 norm111=0 xTpass=0
  D4 above=T2 pat=000 resclass=[ -2600101, 371443, -7 ] xT=false
  D4 above=T2 pat=000 resclass=[ -2600101, 371443, -7 ] xT=false
  D4 above=T3 pat=000 resclass=[ -185, -7, 1295 ] xT=false
  D4 above=T1 pat=000 resclass=[ 351365, -2600101, -185 ] xT=false
  D4 above=T3 pat=000 resclass=[ -185, -7, 1295 ] xT=false
  D4 above=T1 pat=000 resclass=[ 351365, -2600101, -185 ] xT=false
  D4 above=T2 pat=000 resclass=[ -2600101, 371443, -7 ] xT=false
  D4 above=T2 pat=000 resclass=[ -2600101, 371443, -7 ] xT=false
  D4 above=T3 pat=000 resclass=[ -185, -7, 1295 ] xT=false
  D4 above=T1 pat=000 resclass=[ 351365, -2600101, -185 ] xT=false
  D4 above=T3 pat=000 resclass=[ -185, -7, 1295 ] xT=false
  D4 above=T1 pat=000 resclass=[ 351365, -2600101, -185 ] xT=false
MEMBER stv 1/2 1/2 3/2 shape=[ 1, 1, 2, 2 ] tors=[ 4, 4 ] order4=12 norm111=0 xTpass=0
  D4 above=T2 pat=000 resclass=[ -1166, 3498, -3 ] xT=false
  D4 above=T2 pat=000 resclass=[ -1166, 3498, -3 ] xT=false
  D4 above=T3 pat=000 resclass=[ -5, -3, 15 ] xT=false
  D4 above=T1 pat=000 resclass=[ 5830, -1166, -5 ] xT=false
  D4 above=T3 pat=000 resclass=[ -5, -3, 15 ] xT=false
  D4 above=T1 pat=000 resclass=[ 5830, -1166, -5 ] xT=false
  D4 above=T2 pat=000 resclass=[ -1166, 3498, -3 ] xT=false
  D4 above=T2 pat=000 resclass=[ -1166, 3498, -3 ] xT=false
  D4 above=T3 pat=000 resclass=[ -5, -3, 15 ] xT=false
  D4 above=T1 pat=000 resclass=[ 5830, -1166, -5 ] xT=false
  D4 above=T3 pat=000 resclass=[ -5, -3, 15 ] xT=false
  D4 above=T1 pat=000 resclass=[ 5830, -1166, -5 ] xT=false
MEMBER stv 2/3 1/3 2/3 shape=[ 1, 1, 2, 2 ] tors=[ 4, 4 ] order4=12 norm111=0 xTpass=0
  D4 above=T2 pat=000 resclass=[ -34755, 69510, -2 ] xT=false
  D4 above=T2 pat=000 resclass=[ -34755, 69510, -2 ] xT=false
  D4 above=T3 pat=000 resclass=[ -7, -2, 14 ] xT=false
  D4 above=T1 pat=000 resclass=[ 4965, -34755, -7 ] xT=false
  D4 above=T3 pat=000 resclass=[ -7, -2, 14 ] xT=false
  D4 above=T1 pat=000 resclass=[ 4965, -34755, -7 ] xT=false
  D4 above=T2 pat=000 resclass=[ -34755, 69510, -2 ] xT=false
  D4 above=T2 pat=000 resclass=[ -34755, 69510, -2 ] xT=false
  D4 above=T3 pat=000 resclass=[ -7, -2, 14 ] xT=false
  D4 above=T1 pat=000 resclass=[ 4965, -34755, -7 ] xT=false
  D4 above=T3 pat=000 resclass=[ -7, -2, 14 ] xT=false
  D4 above=T1 pat=000 resclass=[ 4965, -34755, -7 ] xT=false
MEMBER stv 2/3 4 4 shape=[ 1, 1, 2, 2 ] tors=[ 4, 4 ] order4=12 norm111=0 xTpass=0
  D4 above=T3 pat=000 resclass=[ -2021, 15, -30315 ] xT=false
  D4 above=T3 pat=000 resclass=[ -2021, 15, -30315 ] xT=false
  D4 above=T1 pat=000 resclass=[ 10446549, -5169, -2021 ] xT=false
  D4 above=T2 pat=000 resclass=[ -5169, -8615, 15 ] xT=false
  D4 above=T1 pat=000 resclass=[ 10446549, -5169, -2021 ] xT=false
  D4 above=T2 pat=000 resclass=[ -5169, -8615, 15 ] xT=false
  D4 above=T3 pat=000 resclass=[ -2021, 15, -30315 ] xT=false
  D4 above=T3 pat=000 resclass=[ -2021, 15, -30315 ] xT=false
  D4 above=T1 pat=000 resclass=[ 10446549, -5169, -2021 ] xT=false
  D4 above=T2 pat=000 resclass=[ -5169, -8615, 15 ] xT=false
  D4 above=T1 pat=000 resclass=[ 10446549, -5169, -2021 ] xT=false
  D4 above=T2 pat=000 resclass=[ -5169, -8615, 15 ] xT=false
MEMBER stv 3/4 3 4/3 shape=[ 1, 1, 2, 2 ] tors=[ 4, 4 ] order4=12 norm111=0 xTpass=0
  D4 above=T3 pat=000 resclass=[ -1015, 2, -2030 ] xT=false
  D4 above=T3 pat=000 resclass=[ -1015, 2, -2030 ] xT=false
  D4 above=T2 pat=000 resclass=[ -15834, -7917, 2 ] xT=false
  D4 above=T1 pat=000 resclass=[ 390, -15834, -1015 ] xT=false
  D4 above=T2 pat=000 resclass=[ -15834, -7917, 2 ] xT=false
  D4 above=T1 pat=000 resclass=[ 390, -15834, -1015 ] xT=false
  D4 above=T3 pat=000 resclass=[ -1015, 2, -2030 ] xT=false
  D4 above=T3 pat=000 resclass=[ -1015, 2, -2030 ] xT=false
  D4 above=T2 pat=000 resclass=[ -15834, -7917, 2 ] xT=false
  D4 above=T1 pat=000 resclass=[ 390, -15834, -1015 ] xT=false
  D4 above=T2 pat=000 resclass=[ -15834, -7917, 2 ] xT=false
  D4 above=T1 pat=000 resclass=[ 390, -15834, -1015 ] xT=false
MEMBER stv 1 2 1/2 shape=[ 1, 1, 2, 2 ] tors=[ 4, 4 ] order4=12 norm111=0 xTpass=0
  D4 above=T1 pat=100 resclass=[ 1, -2, -2 ] xT=false
  D4 above=T1 pat=100 resclass=[ 1, -2, -2 ] xT=false
  D4 above=T2 pat=000 resclass=[ -2, -6, 3 ] xT=false
  D4 above=T3 pat=000 resclass=[ -2, 3, -6 ] xT=false
  D4 above=T2 pat=000 resclass=[ -2, -6, 3 ] xT=false
  D4 above=T3 pat=000 resclass=[ -2, 3, -6 ] xT=false
  D4 above=T1 pat=100 resclass=[ 1, -2, -2 ] xT=false
  D4 above=T1 pat=100 resclass=[ 1, -2, -2 ] xT=false
  D4 above=T2 pat=000 resclass=[ -2, -6, 3 ] xT=false
  D4 above=T3 pat=000 resclass=[ -2, 3, -6 ] xT=false
  D4 above=T2 pat=000 resclass=[ -2, -6, 3 ] xT=false
  D4 above=T3 pat=000 resclass=[ -2, 3, -6 ] xT=false
MEMBER stv 4/3 4/3 3 shape=[ 1, 1, 2, 2 ] tors=[ 4, 4 ] order4=12 norm111=0 xTpass=0
  D4 above=T1 pat=000 resclass=[ 6195, 23541, 95 ] xT=false
  D4 above=T1 pat=000 resclass=[ 6195, 23541, 95 ] xT=false
  D4 above=T2 pat=000 resclass=[ 23541, 3363, 7 ] xT=false
  D4 above=T3 pat=000 resclass=[ 95, 7, 665 ] xT=false
  D4 above=T2 pat=000 resclass=[ 23541, 3363, 7 ] xT=false
  D4 above=T3 pat=000 resclass=[ 95, 7, 665 ] xT=false
  D4 above=T1 pat=000 resclass=[ 6195, 23541, 95 ] xT=false
  D4 above=T1 pat=000 resclass=[ 6195, 23541, 95 ] xT=false
  D4 above=T2 pat=000 resclass=[ 23541, 3363, 7 ] xT=false
  D4 above=T3 pat=000 resclass=[ 95, 7, 665 ] xT=false
  D4 above=T2 pat=000 resclass=[ 23541, 3363, 7 ] xT=false
  D4 above=T3 pat=000 resclass=[ 95, 7, 665 ] xT=false
MEMBER stv 3/2 3/4 1 shape=[ 1, 1, 2, 2 ] tors=[ 4, 4 ] order4=12 norm111=0 xTpass=0
  D4 above=T3 pat=000 resclass=[ 527, -7, -3689 ] xT=false
  D4 above=T3 pat=000 resclass=[ 527, -7, -3689 ] xT=false
  D4 above=T2 pat=000 resclass=[ -81445, 11635, -7 ] xT=false
  D4 above=T1 pat=000 resclass=[ -42921515, -81445, 527 ] xT=false
  D4 above=T2 pat=000 resclass=[ -81445, 11635, -7 ] xT=false
  D4 above=T1 pat=000 resclass=[ -42921515, -81445, 527 ] xT=false
  D4 above=T3 pat=000 resclass=[ 527, -7, -3689 ] xT=false
  D4 above=T3 pat=000 resclass=[ 527, -7, -3689 ] xT=false
  D4 above=T2 pat=000 resclass=[ -81445, 11635, -7 ] xT=false
  D4 above=T1 pat=000 resclass=[ -42921515, -81445, 527 ] xT=false
  D4 above=T2 pat=000 resclass=[ -81445, 11635, -7 ] xT=false
  D4 above=T1 pat=000 resclass=[ -42921515, -81445, 527 ] xT=false
MEMBER stv 2 2/3 1/3 shape=[ 1, 1, 2, 2 ] tors=[ 4, 4 ] order4=12 norm111=0 xTpass=0
  D4 above=T2 pat=000 resclass=[ -61635, 12327, -5 ] xT=false
  D4 above=T2 pat=000 resclass=[ -61635, 12327, -5 ] xT=false
  D4 above=T1 pat=000 resclass=[ -18428865, -61635, 299 ] xT=false
  D4 above=T3 pat=000 resclass=[ 299, -5, -1495 ] xT=false
  D4 above=T1 pat=000 resclass=[ -18428865, -61635, 299 ] xT=false
  D4 above=T3 pat=000 resclass=[ 299, -5, -1495 ] xT=false
  D4 above=T2 pat=000 resclass=[ -61635, 12327, -5 ] xT=false
  D4 above=T2 pat=000 resclass=[ -61635, 12327, -5 ] xT=false
  D4 above=T1 pat=000 resclass=[ -18428865, -61635, 299 ] xT=false
  D4 above=T3 pat=000 resclass=[ 299, -5, -1495 ] xT=false
  D4 above=T1 pat=000 resclass=[ -18428865, -61635, 299 ] xT=false
  D4 above=T3 pat=000 resclass=[ 299, -5, -1495 ] xT=false
MEMBER stv 3 1/3 2 shape=[ 1, 1, 2, 2 ] tors=[ 4, 4 ] order4=12 norm111=0 xTpass=0
  D4 above=T2 pat=000 resclass=[ -29545, 59090, -2 ] xT=false
  D4 above=T2 pat=000 resclass=[ -29545, 59090, -2 ] xT=false
  D4 above=T3 pat=000 resclass=[ 665, -2, -1330 ] xT=false
  D4 above=T1 pat=000 resclass=[ -2177, -29545, 665 ] xT=false
  D4 above=T3 pat=000 resclass=[ 665, -2, -1330 ] xT=false
  D4 above=T1 pat=000 resclass=[ -2177, -29545, 665 ] xT=false
  D4 above=T2 pat=000 resclass=[ -29545, 59090, -2 ] xT=false
  D4 above=T2 pat=000 resclass=[ -29545, 59090, -2 ] xT=false
  D4 above=T3 pat=000 resclass=[ 665, -2, -1330 ] xT=false
  D4 above=T1 pat=000 resclass=[ -2177, -29545, 665 ] xT=false
  D4 above=T3 pat=000 resclass=[ 665, -2, -1330 ] xT=false
  D4 above=T1 pat=000 resclass=[ -2177, -29545, 665 ] xT=false
MEMBER stv 4 1/4 3/4 shape=[ 1, 1, 2, 2 ] tors=[ 4, 4 ] order4=12 norm111=0 xTpass=0
  D4 above=T2 pat=000 resclass=[ -2405, 1443, -15 ] xT=false
  D4 above=T2 pat=000 resclass=[ -2405, 1443, -15 ] xT=false
  D4 above=T1 pat=000 resclass=[ -189995, -2405, 79 ] xT=false
  D4 above=T3 pat=000 resclass=[ 79, -15, -1185 ] xT=false
  D4 above=T1 pat=000 resclass=[ -189995, -2405, 79 ] xT=false
  D4 above=T3 pat=000 resclass=[ 79, -15, -1185 ] xT=false
  D4 above=T2 pat=000 resclass=[ -2405, 1443, -15 ] xT=false
  D4 above=T2 pat=000 resclass=[ -2405, 1443, -15 ] xT=false
  D4 above=T1 pat=000 resclass=[ -189995, -2405, 79 ] xT=false
  D4 above=T3 pat=000 resclass=[ 79, -15, -1185 ] xT=false
  D4 above=T1 pat=000 resclass=[ -189995, -2405, 79 ] xT=false
  D4 above=T3 pat=000 resclass=[ 79, -15, -1185 ] xT=false
MEMBER stv 4 4 1/4 shape=[ 1, 1, 2, 2 ] tors=[ 4, 4 ] order4=12 norm111=0 xTpass=0
  D4 above=T3 pat=000 resclass=[ -209, 15, -3135 ] xT=false
  D4 above=T3 pat=000 resclass=[ -209, 15, -3135 ] xT=false
  D4 above=T2 pat=000 resclass=[ -165, -11, 15 ] xT=false
  D4 above=T1 pat=000 resclass=[ 285, -165, -209 ] xT=false
  D4 above=T2 pat=000 resclass=[ -165, -11, 15 ] xT=false
  D4 above=T1 pat=000 resclass=[ 285, -165, -209 ] xT=false
  D4 above=T3 pat=000 resclass=[ -209, 15, -3135 ] xT=false
  D4 above=T3 pat=000 resclass=[ -209, 15, -3135 ] xT=false
  D4 above=T2 pat=000 resclass=[ -165, -11, 15 ] xT=false
  D4 above=T1 pat=000 resclass=[ 285, -165, -209 ] xT=false
  D4 above=T2 pat=000 resclass=[ -165, -11, 15 ] xT=false
  D4 above=T1 pat=000 resclass=[ 285, -165, -209 ] xT=false
MEMBER stv 3/2 1/2 13/12 shape=[ 1, 1, 2, 2 ] tors=[ 4, 4 ] order4=12 norm111=0 xTpass=0
  D4 above=T2 pat=000 resclass=[ -166595, 499785, -3 ] xT=false
  D4 above=T2 pat=000 resclass=[ -166595, 499785, -3 ] xT=false
  D4 above=T3 pat=000 resclass=[ 3, -3, -1 ] xT=false
  D4 above=T1 pat=000 resclass=[ -499785, -166595, 3 ] xT=false
  D4 above=T3 pat=000 resclass=[ 3, -3, -1 ] xT=false
  D4 above=T1 pat=000 resclass=[ -499785, -166595, 3 ] xT=false
  D4 above=T2 pat=000 resclass=[ -166595, 499785, -3 ] xT=false
  D4 above=T2 pat=000 resclass=[ -166595, 499785, -3 ] xT=false
  D4 above=T3 pat=000 resclass=[ 3, -3, -1 ] xT=false
  D4 above=T1 pat=000 resclass=[ -499785, -166595, 3 ] xT=false
  D4 above=T3 pat=000 resclass=[ 3, -3, -1 ] xT=false
  D4 above=T1 pat=000 resclass=[ -499785, -166595, 3 ] xT=false
MEMBER stv 3/4 8 -2/13 shape=[ 1, 1, 2, 2 ] tors=[ 4, 4 ] order4=12 norm111=0 xTpass=0
  D4 above=T2 pat=000 resclass=[ -397670, -56810, 7 ] xT=false
  D4 above=T2 pat=000 resclass=[ -397670, -56810, 7 ] xT=false
  D4 above=T1 pat=000 resclass=[ 112222474, -397670, -7055 ] xT=false
  D4 above=T3 pat=000 resclass=[ -7055, 7, -49385 ] xT=false
  D4 above=T1 pat=000 resclass=[ 112222474, -397670, -7055 ] xT=false
  D4 above=T3 pat=000 resclass=[ -7055, 7, -49385 ] xT=false
  D4 above=T2 pat=000 resclass=[ -397670, -56810, 7 ] xT=false
  D4 above=T2 pat=000 resclass=[ -397670, -56810, 7 ] xT=false
  D4 above=T1 pat=000 resclass=[ 112222474, -397670, -7055 ] xT=false
  D4 above=T3 pat=000 resclass=[ -7055, 7, -49385 ] xT=false
  D4 above=T1 pat=000 resclass=[ 112222474, -397670, -7055 ] xT=false
  D4 above=T3 pat=000 resclass=[ -7055, 7, -49385 ] xT=false
MEMBER stv 18/11 7/15 2 shape=[ 1, 1, 2, 2 ] tors=[ 4, 4 ] order4=12 norm111=0 xTpass=0
  D4 above=T2 pat=000 resclass=[ -693936315094, 63085119554, -11 ] xT=false
  D4 above=T2 pat=000 resclass=[ -693936315094, 63085119554, -11 ] xT=false
  D4 above=T3 pat=000 resclass=[ 3163601, -11, -34799611 ] xT=false
  D4 above=T1 pat=000 resclass=[ -2195337620367693494, -693936315094, 3163601 ] xT=false
  D4 above=T3 pat=000 resclass=[ 3163601, -11, -34799611 ] xT=false
  D4 above=T1 pat=000 resclass=[ -2195337620367693494, -693936315094, 3163601 ] xT=false
  D4 above=T2 pat=000 resclass=[ -693936315094, 63085119554, -11 ] xT=false
  D4 above=T2 pat=000 resclass=[ -693936315094, 63085119554, -11 ] xT=false
  D4 above=T3 pat=000 resclass=[ 3163601, -11, -34799611 ] xT=false
  D4 above=T1 pat=000 resclass=[ -2195337620367693494, -693936315094, 3163601 ] xT=false
  D4 above=T3 pat=000 resclass=[ 3163601, -11, -34799611 ] xT=false
  D4 above=T1 pat=000 resclass=[ -2195337620367693494, -693936315094, 3163601 ] xT=false
PART_DONE part=163
