MEMBER stv 1/4 4/3 -3/4 shape=[ 1, 1, 2, 2 ] tors=[ 4, 4 ] order4=12 norm111=0 xTpass=0
  D4 above=T3 pat=000 resclass=[ -703, 7, -4921 ] xT=false
  D4 above=T3 pat=000 resclass=[ -703, 7, -4921 ] xT=false
  D4 above=T1 pat=000 resclass=[ 2859619, -1468453, -703 ] xT=false
  D4 above=T2 pat=000 resclass=[ -1468453, -209779, 7 ] xT=false
  D4 above=T1 pat=000 resclass=[ 2859619, -1468453, -703 ] xT=false
  D4 above=T2 pat=000 resclass=[ -1468453, -209779, 7 ] xT=false
  D4 above=T3 pat=000 resclass=[ -703, 7, -4921 ] xT=false
  D4 above=T3 pat=000 resclass=[ -703, 7, -4921 ] xT=false
  D4 above=T1 pat=000 resclass=[ 2859619, -1468453, -703 ] xT=false
  D4 above=T2 pat=000 resclass=[ -1468453, -209779, 7 ] xT=false
  D4 above=T1 pat=000 resclass=[ 2859619, -1468453, -703 ] xT=false
  D4 above=T2 pat=000 resclass=[ -1468453, -209779, 7 ] xT=false
MEMBER stv 1/3 3/4 -1/4 shape=[ 1, 1, 2, 2 ] tors=[ 4, 4 ] order4=12 norm111=0 xTpass=0
  D4 above=T1 pat=000 resclass=[ -310541, 41965, -185 ] xT=false
  D4 above=T1 pat=000 resclass=[ -310541, 41965, -185 ] xT=false
  D4 above=T3 pat=000 resclass=[ -185, -7, 1295 ] xT=false
  D4 above=T2 pat=000 resclass=[ 41965, -5995, -7 ] xT=false
  D4 above=T3 pat=000 resclass=[ -185, -7, 1295 ] xT=false
  D4 above=T2 pat=000 resclass=[ 41965, -5995, -7 ] xT=false
  D4 above=T1 pat=000 resclass=[ -310541, 41965, -185 ] xT=false
  D4 above=T1 pat=000 resclass=[ -310541, 41965, -185 ] xT=false
  D4 above=T3 pat=000 resclass=[ -185, -7, 1295 ] xT=false
  D4 above=T2 pat=000 resclass=[ 41965, -5995, -7 ] xT=false
  D4 above=T3 pat=000 resclass=[ -185, -7, 1295 ] xT=false
  D4 above=T2 pat=000 resclass=[ 41965, -5995, -7 ] xT=false
MEMBER stv 1/2 1/2 -3/2 shape=[ 1, 1, 2, 2 ] tors=[ 4, 4 ] order4=12 norm111=0 xTpass=0
  D4 above=T1 pat=000 resclass=[ -22, 110, -5 ] xT=false
  D4 above=T1 pat=000 resclass=[ -22, 110, -5 ] xT=false
  D4 above=T3 pat=000 resclass=[ -5, -3, 15 ] xT=false
  D4 above=T2 pat=000 resclass=[ 110, -330, -3 ] xT=false
  D4 above=T3 pat=000 resclass=[ -5, -3, 15 ] xT=false
  D4 above=T2 pat=000 resclass=[ 110, -330, -3 ] xT=false
  D4 above=T1 pat=000 resclass=[ -22, 110, -5 ] xT=false
  D4 above=T1 pat=000 resclass=[ -22, 110, -5 ] xT=false
  D4 above=T3 pat=000 resclass=[ -5, -3, 15 ] xT=false
  D4 above=T2 pat=000 resclass=[ 110, -330, -3 ] xT=false
  D4 above=T3 pat=000 resclass=[ -5, -3, 15 ] xT=false
  D4 above=T2 pat=000 resclass=[ 110, -330, -3 ] xT=false
MEMBER stv 2/3 1/3 -2/3 shape=[ 1, 1, 2, 2 ] tors=[ 4, 4 ] order4=12 norm111=0 xTpass=0
  D4 above=T2 pat=000 resclass=[ 8835, -17670, -2 ] xT=false
  D4 above=T2 pat=000 resclass=[ 8835, -17670, -2 ] xT=false
  D4 above=T3 pat=000 resclass=[ -7, -2, 14 ] xT=false
  D4 above=T1 pat=000 resclass=[ -61845, 8835, -7 ] xT=false
  D4 above=T3 pat=000 resclass=[ -7, -2, 14 ] xT=false
  D4 above=T1 pat=000 resclass=[ -61845, 8835, -7 ] xT=false
  D4 above=T2 pat=000 resclass=[ 8835, -17670, -2 ] xT=false
  D4 above=T2 pat=000 resclass=[ 8835, -17670, -2 ] xT=false
  D4 above=T3 pat=000 resclass=[ -7, -2, 14 ] xT=false
  D4 above=T1 pat=000 resclass=[ -61845, 8835, -7 ] xT=false
  D4 above=T3 pat=000 resclass=[ -7, -2, 14 ] xT=false
  D4 above=T1 pat=000 resclass=[ -61845, 8835, -7 ] xT=false
MEMBER stv 2/3 4 -4 shape=[ 1, 1, 2, 2 ] tors=[ 4, 4 ] order4=12 norm111=0 xTpass=0
  D4 above=T2 pat=000 resclass=[ 906465, 60431, 15 ] xT=false
  D4 above=T2 pat=000 resclass=[ 906465, 60431, 15 ] xT=false
  D4 above=T1 pat=000 resclass=[ -1831965765, 906465, -2021 ] xT=false
  D4 above=T3 pat=000 resclass=[ -2021, 15, -30315 ] xT=false
  D4 above=T1 pat=000 resclass=[ -1831965765, 906465, -2021 ] xT=false
  D4 above=T3 pat=000 resclass=[ -2021, 15, -30315 ] xT=false
  D4 above=T2 pat=000 resclass=[ 906465, 60431, 15 ] xT=false
  D4 above=T2 pat=000 resclass=[ 906465, 60431, 15 ] xT=false
  D4 above=T1 pat=000 resclass=[ -1831965765, 906465, -2021 ] xT=false
  D4 above=T3 pat=000 resclass=[ -2021, 15, -30315 ] xT=false
  D4 above=T1 pat=000 resclass=[ -1831965765, 906465, -2021 ] xT=false
  D4 above=T3 pat=000 resclass=[ -2021, 15, -30315 ] xT=false
MEMBER stv 3/4 3 -4/3 shape=[ 1, 1, 2, 2 ] tors=[ 4, 4 ] order4=12 norm111=0 xTpass=0
  D4 above=T1 pat=000 resclass=[ 1914, -2310, -1015 ] xT=false
  D4 above=T1 pat=000 resclass=[ 1914, -2310, -1015 ] xT=false
  D4 above=T2 pat=000 resclass=[ -2310, -1155, 2 ] xT=false
  D4 above=T3 pat=000 resclass=[ -1015, 2, -2030 ] xT=false
  D4 above=T2 pat=000 resclass=[ -2310, -1155, 2 ] xT=false
  D4 above=T3 pat=000 resclass=[ -1015, 2, -2030 ] xT=false
  D4 above=T1 pat=000 resclass=[ 1914, -2310, -1015 ] xT=false
  D4 above=T1 pat=000 resclass=[ 1914, -2310, -1015 ] xT=false
  D4 above=T2 pat=000 resclass=[ -2310, -1155, 2 ] xT=false
  D4 above=T3 pat=000 resclass=[ -1015, 2, -2030 ] xT=false
  D4 above=T2 pat=000 resclass=[ -2310, -1155, 2 ] xT=false
  D4 above=T3 pat=000 resclass=[ -1015, 2, -2030 ] xT=false
MEMBER stv 1 2 -1/2 shape=[ 1, 1, 2, 2 ] tors=[ 4, 4 ] order4=12 norm111=0 xTpass=0
  D4 above=T3 pat=000 resclass=[ -2, 3, -6 ] xT=false
  D4 above=T3 pat=000 resclass=[ -2, 3, -6 ] xT=false
  D4 above=T2 pat=000 resclass=[ -78, -26, 3 ] xT=false
  D4 above=T1 pat=000 resclass=[ 39, -78, -2 ] xT=false
  D4 above=T2 pat=000 resclass=[ -78, -26, 3 ] xT=false
  D4 above=T1 pat=000 resclass=[ 39, -78, -2 ] xT=false
  D4 above=T3 pat=000 resclass=[ -2, 3, -6 ] xT=false
  D4 above=T3 pat=000 resclass=[ -2, 3, -6 ] xT=false
  D4 above=T2 pat=000 resclass=[ -78, -26, 3 ] xT=false
  D4 above=T1 pat=000 resclass=[ 39, -78, -2 ] xT=false
  D4 above=T2 pat=000 resclass=[ -78, -26, 3 ] xT=false
  D4 above=T1 pat=000 resclass=[ 39, -78, -2 ] xT=false
MEMBER stv 4/3 4/3 -3 shape=[ 1, 1, 2, 2 ] tors=[ 4, 4 ] order4=12 norm111=0 xTpass=0
  D4 above=T2 pat=000 resclass=[ -1365, -195, 7 ] xT=false
  D4 above=T2 pat=000 resclass=[ -1365, -195, 7 ] xT=false
  D4 above=T1 pat=000 resclass=[ -5187, -1365, 95 ] xT=false
  D4 above=T3 pat=000 resclass=[ 95, 7, 665 ] xT=false
  D4 above=T1 pat=000 resclass=[ -5187, -1365, 95 ] xT=false
  D4 above=T3 pat=000 resclass=[ 95, 7, 665 ] xT=false
  D4 above=T2 pat=000 resclass=[ -1365, -195, 7 ] xT=false
  D4 above=T2 pat=000 resclass=[ -1365, -195, 7 ] xT=false
  D4 above=T1 pat=000 resclass=[ -5187, -1365, 95 ] xT=false
  D4 above=T3 pat=000 resclass=[ 95, 7, 665 ] xT=false
  D4 above=T1 pat=000 resclass=[ -5187, -1365, 95 ] xT=false
  D4 above=T3 pat=000 resclass=[ 95, 7, 665 ] xT=false
MEMBER stv 3/2 3/4 -1 shape=[ 1, 1, 2, 2 ] tors=[ 4, 4 ] order4=12 norm111=0 xTpass=0
  D4 above=T1 pat=000 resclass=[ 7064435, 13405, 527 ] xT=false
  D4 above=T1 pat=000 resclass=[ 7064435, 13405, 527 ] xT=false
  D4 above=T2 pat=000 resclass=[ 13405, -1915, -7 ] xT=false
  D4 above=T3 pat=000 resclass=[ 527, -7, -3689 ] xT=false
  D4 above=T2 pat=000 resclass=[ 13405, -1915, -7 ] xT=false
  D4 above=T3 pat=000 resclass=[ 527, -7, -3689 ] xT=false
  D4 above=T1 pat=000 resclass=[ 7064435, 13405, 527 ] xT=false
  D4 above=T1 pat=000 resclass=[ 7064435, 13405, 527 ] xT=false
  D4 above=T2 pat=000 resclass=[ 13405, -1915, -7 ] xT=false
  D4 above=T3 pat=000 resclass=[ 527, -7, -3689 ] xT=false
  D4 above=T2 pat=000 resclass=[ 13405, -1915, -7 ] xT=false
  D4 above=T3 pat=000 resclass=[ 527, -7, -3689 ] xT=false
MEMBER stv 2 2/3 -1/3 shape=[ 1, 1, 2, 2 ] tors=[ 4, 4 ] order4=12 norm111=0 xTpass=0
  D4 above=T3 pat=000 resclass=[ 299, -5, -1495 ] xT=false
  D4 above=T3 pat=000 resclass=[ 299, -5, -1495 ] xT=false
  D4 above=T1 pat=000 resclass=[ 452985, 1515, 299 ] xT=false
  D4 above=T2 pat=000 resclass=[ 1515, -303, -5 ] xT=false
  D4 above=T1 pat=000 resclass=[ 452985, 1515, 299 ] xT=false
  D4 above=T2 pat=000 resclass=[ 1515, -303, -5 ] xT=false
  D4 above=T3 pat=000 resclass=[ 299, -5, -1495 ] xT=false
  D4 above=T3 pat=000 resclass=[ 299, -5, -1495 ] xT=false
  D4 above=T1 pat=000 resclass=[ 452985, 1515, 299 ] xT=false
  D4 above=T2 pat=000 resclass=[ 1515, -303, -5 ] xT=false
  D4 above=T1 pat=000 resclass=[ 452985, 1515, 299 ] xT=false
  D4 above=T2 pat=000 resclass=[ 1515, -303, -5 ] xT=false
MEMBER stv 3 1/3 -2 shape=[ 1, 1, 2, 2 ] tors=[ 4, 4 ] order4=12 norm111=0 xTpass=0
  D4 above=T1 pat=000 resclass=[ 321385, 23681, 665 ] xT=false
  D4 above=T1 pat=000 resclass=[ 321385, 23681, 665 ] xT=false
  D4 above=T3 pat=000 resclass=[ 665, -2, -1330 ] xT=false
  D4 above=T2 pat=000 resclass=[ 23681, -47362, -2 ] xT=false
  D4 above=T3 pat=000 resclass=[ 665, -2, -1330 ] xT=false
  D4 above=T2 pat=000 resclass=[ 23681, -47362, -2 ] xT=false
  D4 above=T1 pat=000 resclass=[ 321385, 23681, 665 ] xT=false
  D4 above=T1 pat=000 resclass=[ 321385, 23681, 665 ] xT=false
  D4 above=T3 pat=000 resclass=[ 665, -2, -1330 ] xT=false
  D4 above=T2 pat=000 resclass=[ 23681, -47362, -2 ] xT=false
  D4 above=T3 pat=000 resclass=[ 665, -2, -1330 ] xT=false
  D4 above=T2 pat=000 resclass=[ 23681, -47362, -2 ] xT=false
MEMBER stv 4 1/4 -3/4 shape=[ 1, 1, 2, 2 ] tors=[ 4, 4 ] order4=12 norm111=0 xTpass=0
  D4 above=T1 pat=000 resclass=[ 49137605, 621995, 79 ] xT=false
  D4 above=T1 pat=000 resclass=[ 49137605, 621995, 79 ] xT=false
  D4 above=T2 pat=000 resclass=[ 621995, -373197, -15 ] xT=false
  D4 above=T3 pat=000 resclass=[ 79, -15, -1185 ] xT=false
  D4 above=T2 pat=000 resclass=[ 621995, -373197, -15 ] xT=false
  D4 above=T3 pat=000 resclass=[ 79, -15, -1185 ] xT=false
  D4 above=T1 pat=000 resclass=[ 49137605, 621995, 79 ] xT=false
  D4 above=T1 pat=000 resclass=[ 49137605, 621995, 79 ] xT=false
  D4 above=T2 pat=000 resclass=[ 621995, -373197, -15 ] xT=false
  D4 above=T3 pat=000 resclass=[ 79, -15, -1185 ] xT=false
  D4 above=T2 pat=000 resclass=[ 621995, -373197, -15 ] xT=false
  D4 above=T3 pat=000 resclass=[ 79, -15, -1185 ] xT=false
MEMBER stv 4 4 -1/4 shape=[ 1, 1, 2, 2 ] tors=[ 4, 4 ] order4=12 norm111=0 xTpass=0
  D4 above=T3 pat=000 resclass=[ -209, 15, -3135 ] xT=false
  D4 above=T3 pat=000 resclass=[ -209, 15, -3135 ] xT=false
  D4 above=T2 pat=000 resclass=[ 285, 19, 15 ] xT=false
  D4 above=T1 pat=000 resclass=[ -165, 285, -209 ] xT=false
  D4 above=T2 pat=000 resclass=[ 285, 19, 15 ] xT=false
  D4 above=T1 pat=000 resclass=[ -165, 285, -209 ] xT=false
  D4 above=T3 pat=000 resclass=[ -209, 15, -3135 ] xT=false
  D4 above=T3 pat=000 resclass=[ -209, 15, -3135 ] xT=false
  D4 above=T2 pat=000 resclass=[ 285, 19, 15 ] xT=false
  D4 above=T1 pat=000 resclass=[ -165, 285, -209 ] xT=false
  D4 above=T2 pat=000 resclass=[ 285, 19, 15 ] xT=false
  D4 above=T1 pat=000 resclass=[ -165, 285, -209 ] xT=false
MEMBER stv 8 9/4 1 shape=[ 1, 1, 2, 2 ] tors=[ 4, 4 ] order4=12 norm111=0 xTpass=0
  D4 above=T3 pat=000 resclass=[ 1351, 65, 87815 ] xT=false
  D4 above=T3 pat=000 resclass=[ 1351, 65, 87815 ] xT=false
  D4 above=T1 pat=000 resclass=[ 12545, 455, 1351 ] xT=false
  D4 above=T2 pat=000 resclass=[ 455, 7, 65 ] xT=false
  D4 above=T1 pat=000 resclass=[ 12545, 455, 1351 ] xT=false
  D4 above=T2 pat=000 resclass=[ 455, 7, 65 ] xT=false
  D4 above=T3 pat=000 resclass=[ 1351, 65, 87815 ] xT=false
  D4 above=T3 pat=000 resclass=[ 1351, 65, 87815 ] xT=false
  D4 above=T1 pat=000 resclass=[ 12545, 455, 1351 ] xT=false
  D4 above=T2 pat=000 resclass=[ 455, 7, 65 ] xT=false
  D4 above=T1 pat=000 resclass=[ 12545, 455, 1351 ] xT=false
  D4 above=T2 pat=000 resclass=[ 455, 7, 65 ] xT=false
MEMBER stv 1/15 8/15 -7/3 shape=[ 1, 1, 2, 2 ] tors=[ 4, 4 ] order4=12 norm111=0 xTpass=0
  D4 above=T3 pat=000 resclass=[ -1606, -161, 258566 ] xT=false
  D4 above=T3 pat=000 resclass=[ -1606, -161, 258566 ] xT=false
  D4 above=T1 pat=000 resclass=[ -361661546334, 225193989, -1606 ] xT=false
  D4 above=T2 pat=000 resclass=[ 225193989, -68537301, -161 ] xT=false
  D4 above=T1 pat=000 resclass=[ -361661546334, 225193989, -1606 ] xT=false
  D4 above=T2 pat=000 resclass=[ 225193989, -68537301, -161 ] xT=false
  D4 above=T3 pat=000 resclass=[ -1606, -161, 258566 ] xT=false
  D4 above=T3 pat=000 resclass=[ -1606, -161, 258566 ] xT=false
  D4 above=T1 pat=000 resclass=[ -361661546334, 225193989, -1606 ] xT=false
  D4 above=T2 pat=000 resclass=[ 225193989, -68537301, -161 ] xT=false
  D4 above=T1 pat=000 resclass=[ -361661546334, 225193989, -1606 ] xT=false
  D4 above=T2 pat=000 resclass=[ 225193989, -68537301, -161 ] xT=false
MEMBER stv 2/3 13/6 -19/3 shape=[ 1, 1, 2, 2 ] tors=[ 4, 4 ] order4=12 norm111=0 xTpass=0
  D4 above=T2 pat=000 resclass=[ 180003, 23940399, 133 ] xT=false
  D4 above=T2 pat=000 resclass=[ 180003, 23940399, 133 ] xT=false
  D4 above=T1 pat=000 resclass=[ -3080391339, 180003, -17113 ] xT=false
  D4 above=T3 pat=000 resclass=[ -17113, 133, -2276029 ] xT=false
  D4 above=T1 pat=000 resclass=[ -3080391339, 180003, -17113 ] xT=false
  D4 above=T3 pat=000 resclass=[ -17113, 133, -2276029 ] xT=false
  D4 above=T2 pat=000 resclass=[ 180003, 23940399, 133 ] xT=false
  D4 above=T2 pat=000 resclass=[ 180003, 23940399, 133 ] xT=false
  D4 above=T1 pat=000 resclass=[ -3080391339, 180003, -17113 ] xT=false
  D4 above=T3 pat=000 resclass=[ -17113, 133, -2276029 ] xT=false
  D4 above=T1 pat=000 resclass=[ -3080391339, 180003, -17113 ] xT=false
  D4 above=T3 pat=000 resclass=[ -17113, 133, -2276029 ] xT=false
PART_DONE part=164
