MEMBER stv 1/4 4/3 1 shape=[ 1, 1, 2, 2 ] tors=[ 4, 4 ] order4=12 norm111=0 xTpass=0
  D4 above=T3 pat=000 resclass=[ -703, 7, -4921 ] xT=false
  D4 above=T3 pat=000 resclass=[ -703, 7, -4921 ] xT=false
  D4 above=T1 pat=000 resclass=[ 34717655, -49385, -703 ] xT=false
  D4 above=T2 pat=000 resclass=[ -49385, -7055, 7 ] xT=false
  D4 above=T1 pat=000 resclass=[ 34717655, -49385, -703 ] xT=false
  D4 above=T2 pat=000 resclass=[ -49385, -7055, 7 ] xT=false
  D4 above=T3 pat=000 resclass=[ -703, 7, -4921 ] xT=false
  D4 above=T3 pat=000 resclass=[ -703, 7, -4921 ] xT=false
  D4 above=T1 pat=000 resclass=[ 34717655, -49385, -703 ] xT=false
  D4 above=T2 pat=000 resclass=[ -49385, -7055, 7 ] xT=false
  D4 above=T1 pat=000 resclass=[ 34717655, -49385, -703 ] xT=false
  D4 above=T2 pat=000 resclass=[ -49385, -7055, 7 ] xT=false
MEMBER stv 1/3 3/4 1/3 shape=[ 1, 1, 2, 2 ] tors=[ 4, 4 ] order4=12 norm111=0 xTpass=0
  D4 above=T3 pat=000 resclass=[ -185, -7, 1295 ] xT=false
  D4 above=T3 pat=000 resclass=[ -185, -7, 1295 ] xT=false
  D4 above=T1 pat=000 resclass=[ 171717, -23205, -185 ] xT=false
  D4 above=T2 pat=000 resclass=[ -23205, 3315, -7 ] xT=false
  D4 above=T1 pat=000 resclass=[ 171717, -23205, -185 ] xT=false
  D4 above=T2 pat=000 resclass=[ -23205, 3315, -7 ] xT=false
  D4 above=T3 pat=000 resclass=[ -185, -7, 1295 ] xT=false
  D4 above=T3 pat=000 resclass=[ -185, -7, 1295 ] xT=false
  D4 above=T1 pat=000 resclass=[ 171717, -23205, -185 ] xT=false
  D4 above=T2 pat=000 resclass=[ -23205, 3315, -7 ] xT=false
  D4 above=T1 pat=000 resclass=[ 171717, -23205, -185 ] xT=false
  D4 above=T2 pat=000 resclass=[ -23205, 3315, -7 ] xT=false
MEMBER stv 1/2 1/2 2 shape=[ 1, 1, 2, 2 ] tors=[ 4, 4 ] order4=12 norm111=0 xTpass=0
  D4 above=T2 pat=000 resclass=[ -30, 10, -3 ] xT=false
  D4 above=T2 pat=000 resclass=[ -30, 10, -3 ] xT=false
  D4 above=T3 pat=000 resclass=[ -5, -3, 15 ] xT=false
  D4 above=T1 pat=000 resclass=[ 6, -30, -5 ] xT=false
  D4 above=T3 pat=000 resclass=[ -5, -3, 15 ] xT=false
  D4 above=T1 pat=000 resclass=[ 6, -30, -5 ] xT=false
  D4 above=T2 pat=000 resclass=[ -30, 10, -3 ] xT=false
  D4 above=T2 pat=000 resclass=[ -30, 10, -3 ] xT=false
  D4 above=T3 pat=000 resclass=[ -5, -3, 15 ] xT=false
  D4 above=T1 pat=000 resclass=[ 6, -30, -5 ] xT=false
  D4 above=T3 pat=000 resclass=[ -5, -3, 15 ] xT=false
  D4 above=T1 pat=000 resclass=[ 6, -30, -5 ] xT=false
MEMBER stv 2/3 1/3 3/4 shape=[ 1, 1, 2, 2 ] tors=[ 4, 4 ] order4=12 norm111=0 xTpass=0
  D4 above=T1 pat=000 resclass=[ 399, -57, -7 ] xT=false
  D4 above=T1 pat=000 resclass=[ 399, -57, -7 ] xT=false
  D4 above=T2 pat=000 resclass=[ -57, 114, -2 ] xT=false
  D4 above=T3 pat=000 resclass=[ -7, -2, 14 ] xT=false
  D4 above=T2 pat=000 resclass=[ -57, 114, -2 ] xT=false
  D4 above=T3 pat=000 resclass=[ -7, -2, 14 ] xT=false
  D4 above=T1 pat=000 resclass=[ 399, -57, -7 ] xT=false
  D4 above=T1 pat=000 resclass=[ 399, -57, -7 ] xT=false
  D4 above=T2 pat=000 resclass=[ -57, 114, -2 ] xT=false
  D4 above=T3 pat=000 resclass=[ -7, -2, 14 ] xT=false
  D4 above=T2 pat=000 resclass=[ -57, 114, -2 ] xT=false
  D4 above=T3 pat=000 resclass=[ -7, -2, 14 ] xT=false
MEMBER stv 3/4 1/4 1/4 shape=[ 1, 1, 2, 2 ] tors=[ 4, 4 ] order4=12 norm111=0 xTpass=0
  D4 above=T2 pat=000 resclass=[ -7665, 511, -15 ] xT=false
  D4 above=T2 pat=000 resclass=[ -7665, 511, -15 ] xT=false
  D4 above=T3 pat=000 resclass=[ -1, -15, 15 ] xT=false
  D4 above=T1 pat=000 resclass=[ 7665, -7665, -1 ] xT=false
  D4 above=T3 pat=000 resclass=[ -1, -15, 15 ] xT=false
  D4 above=T1 pat=000 resclass=[ 7665, -7665, -1 ] xT=false
  D4 above=T2 pat=000 resclass=[ -7665, 511, -15 ] xT=false
  D4 above=T2 pat=000 resclass=[ -7665, 511, -15 ] xT=false
  D4 above=T3 pat=000 resclass=[ -1, -15, 15 ] xT=false
  D4 above=T1 pat=000 resclass=[ 7665, -7665, -1 ] xT=false
  D4 above=T3 pat=000 resclass=[ -1, -15, 15 ] xT=false
  D4 above=T1 pat=000 resclass=[ 7665, -7665, -1 ] xT=false
MEMBER stv 3/4 3 3/2 shape=[ 1, 1, 2, 2 ] tors=[ 4, 4 ] order4=12 norm111=0 xTpass=0
  D4 above=T2 pat=000 resclass=[ -601269, -1202538, 2 ] xT=false
  D4 above=T2 pat=000 resclass=[ -601269, -1202538, 2 ] xT=false
  D4 above=T3 pat=000 resclass=[ -1015, 2, -2030 ] xT=false
  D4 above=T1 pat=000 resclass=[ 610288035, -601269, -1015 ] xT=false
  D4 above=T3 pat=000 resclass=[ -1015, 2, -2030 ] xT=false
  D4 above=T1 pat=000 resclass=[ 610288035, -601269, -1015 ] xT=false
  D4 above=T2 pat=000 resclass=[ -601269, -1202538, 2 ] xT=false
  D4 above=T2 pat=000 resclass=[ -601269, -1202538, 2 ] xT=false
  D4 above=T3 pat=000 resclass=[ -1015, 2, -2030 ] xT=false
  D4 above=T1 pat=000 resclass=[ 610288035, -601269, -1015 ] xT=false
  D4 above=T3 pat=000 resclass=[ -1015, 2, -2030 ] xT=false
  D4 above=T1 pat=000 resclass=[ 610288035, -601269, -1015 ] xT=false
MEMBER stv 1 2 2/3 shape=[ 1, 1, 2, 2 ] tors=[ 4, 4 ] order4=12 norm111=0 xTpass=0
  D4 above=T3 pat=000 resclass=[ -2, 3, -6 ] xT=false
  D4 above=T3 pat=000 resclass=[ -2, 3, -6 ] xT=false
  D4 above=T1 pat=000 resclass=[ 95, -190, -2 ] xT=false
  D4 above=T2 pat=000 resclass=[ -190, -570, 3 ] xT=false
  D4 above=T1 pat=000 resclass=[ 95, -190, -2 ] xT=false
  D4 above=T2 pat=000 resclass=[ -190, -570, 3 ] xT=false
  D4 above=T3 pat=000 resclass=[ -2, 3, -6 ] xT=false
  D4 above=T3 pat=000 resclass=[ -2, 3, -6 ] xT=false
  D4 above=T1 pat=000 resclass=[ 95, -190, -2 ] xT=false
  D4 above=T2 pat=000 resclass=[ -190, -570, 3 ] xT=false
  D4 above=T1 pat=000 resclass=[ 95, -190, -2 ] xT=false
  D4 above=T2 pat=000 resclass=[ -190, -570, 3 ] xT=false
MEMBER stv 4/3 4/3 4 shape=[ 1, 1, 2, 2 ] tors=[ 4, 4 ] order4=12 norm111=0 xTpass=0
  D4 above=T3 pat=000 resclass=[ 95, 7, 665 ] xT=false
  D4 above=T3 pat=000 resclass=[ 95, 7, 665 ] xT=false
  D4 above=T2 pat=000 resclass=[ 106799, 15257, 7 ] xT=false
  D4 above=T1 pat=000 resclass=[ 28105, 106799, 95 ] xT=false
  D4 above=T2 pat=000 resclass=[ 106799, 15257, 7 ] xT=false
  D4 above=T1 pat=000 resclass=[ 28105, 106799, 95 ] xT=false
  D4 above=T3 pat=000 resclass=[ 95, 7, 665 ] xT=false
  D4 above=T3 pat=000 resclass=[ 95, 7, 665 ] xT=false
  D4 above=T2 pat=000 resclass=[ 106799, 15257, 7 ] xT=false
  D4 above=T1 pat=000 resclass=[ 28105, 106799, 95 ] xT=false
  D4 above=T2 pat=000 resclass=[ 106799, 15257, 7 ] xT=false
  D4 above=T1 pat=000 resclass=[ 28105, 106799, 95 ] xT=false
MEMBER stv 3/2 3/4 4/3 shape=[ 1, 1, 2, 2 ] tors=[ 4, 4 ] order4=12 norm111=0 xTpass=0
  D4 above=T1 pat=000 resclass=[ -3065559, -5817, 527 ] xT=false
  D4 above=T1 pat=000 resclass=[ -3065559, -5817, 527 ] xT=false
  D4 above=T2 pat=000 resclass=[ -5817, 831, -7 ] xT=false
  D4 above=T3 pat=000 resclass=[ 527, -7, -3689 ] xT=false
  D4 above=T2 pat=000 resclass=[ -5817, 831, -7 ] xT=false
  D4 above=T3 pat=000 resclass=[ 527, -7, -3689 ] xT=false
  D4 above=T1 pat=000 resclass=[ -3065559, -5817, 527 ] xT=false
  D4 above=T1 pat=000 resclass=[ -3065559, -5817, 527 ] xT=false
  D4 above=T2 pat=000 resclass=[ -5817, 831, -7 ] xT=false
  D4 above=T3 pat=000 resclass=[ 527, -7, -3689 ] xT=false
  D4 above=T2 pat=000 resclass=[ -5817, 831, -7 ] xT=false
  D4 above=T3 pat=000 resclass=[ 527, -7, -3689 ] xT=false
MEMBER stv 2 2/3 1/2 shape=[ 1, 1, 2, 2 ] tors=[ 4, 4 ] order4=12 norm111=0 xTpass=0
  D4 above=T3 pat=000 resclass=[ 299, -5, -1495 ] xT=false
  D4 above=T3 pat=000 resclass=[ 299, -5, -1495 ] xT=false
  D4 above=T1 pat=000 resclass=[ -4290, -7590, 299 ] xT=false
  D4 above=T2 pat=000 resclass=[ -7590, 1518, -5 ] xT=false
  D4 above=T1 pat=000 resclass=[ -4290, -7590, 299 ] xT=false
  D4 above=T2 pat=000 resclass=[ -7590, 1518, -5 ] xT=false
  D4 above=T3 pat=000 resclass=[ 299, -5, -1495 ] xT=false
  D4 above=T3 pat=000 resclass=[ 299, -5, -1495 ] xT=false
  D4 above=T1 pat=000 resclass=[ -4290, -7590, 299 ] xT=false
  D4 above=T2 pat=000 resclass=[ -7590, 1518, -5 ] xT=false
  D4 above=T1 pat=000 resclass=[ -4290, -7590, 299 ] xT=false
  D4 above=T2 pat=000 resclass=[ -7590, 1518, -5 ] xT=false
MEMBER stv 3 1/3 3 shape=[ 1, 1, 2, 2 ] tors=[ 4, 4 ] order4=12 norm111=0 xTpass=0
  D4 above=T1 pat=000 resclass=[ -36290, -2674, 665 ] xT=false
  D4 above=T1 pat=000 resclass=[ -36290, -2674, 665 ] xT=false
  D4 above=T2 pat=000 resclass=[ -2674, 1337, -2 ] xT=false
  D4 above=T3 pat=000 resclass=[ 665, -2, -1330 ] xT=false
  D4 above=T2 pat=000 resclass=[ -2674, 1337, -2 ] xT=false
  D4 above=T3 pat=000 resclass=[ 665, -2, -1330 ] xT=false
  D4 above=T1 pat=000 resclass=[ -36290, -2674, 665 ] xT=false
  D4 above=T1 pat=000 resclass=[ -36290, -2674, 665 ] xT=false
  D4 above=T2 pat=000 resclass=[ -2674, 1337, -2 ] xT=false
  D4 above=T3 pat=000 resclass=[ 665, -2, -1330 ] xT=false
  D4 above=T2 pat=000 resclass=[ -2674, 1337, -2 ] xT=false
  D4 above=T3 pat=000 resclass=[ 665, -2, -1330 ] xT=false
MEMBER stv 4 1/4 1 shape=[ 1, 1, 2, 2 ] tors=[ 4, 4 ] order4=12 norm111=0 xTpass=0
  D4 above=T2 pat=000 resclass=[ -1113585, 74239, -15 ] xT=false
  D4 above=T2 pat=000 resclass=[ -1113585, 74239, -15 ] xT=false
  D4 above=T1 pat=000 resclass=[ -87973215, -1113585, 79 ] xT=false
  D4 above=T3 pat=000 resclass=[ 79, -15, -1185 ] xT=false
  D4 above=T1 pat=000 resclass=[ -87973215, -1113585, 79 ] xT=false
  D4 above=T3 pat=000 resclass=[ 79, -15, -1185 ] xT=false
  D4 above=T2 pat=000 resclass=[ -1113585, 74239, -15 ] xT=false
  D4 above=T2 pat=000 resclass=[ -1113585, 74239, -15 ] xT=false
  D4 above=T1 pat=000 resclass=[ -87973215, -1113585, 79 ] xT=false
  D4 above=T3 pat=000 resclass=[ 79, -15, -1185 ] xT=false
  D4 above=T1 pat=000 resclass=[ -87973215, -1113585, 79 ] xT=false
  D4 above=T3 pat=000 resclass=[ 79, -15, -1185 ] xT=false
MEMBER stv 4 4 1/3 shape=[ 1, 1, 2, 2 ] tors=[ 4, 4 ] order4=12 norm111=0 xTpass=0
  D4 above=T3 pat=000 resclass=[ -209, 15, -3135 ] xT=false
  D4 above=T3 pat=000 resclass=[ -209, 15, -3135 ] xT=false
  D4 above=T2 pat=000 resclass=[ -20995, -12597, 15 ] xT=false
  D4 above=T1 pat=000 resclass=[ 12155, -20995, -209 ] xT=false
  D4 above=T2 pat=000 resclass=[ -20995, -12597, 15 ] xT=false
  D4 above=T1 pat=000 resclass=[ 12155, -20995, -209 ] xT=false
  D4 above=T3 pat=000 resclass=[ -209, 15, -3135 ] xT=false
  D4 above=T3 pat=000 resclass=[ -209, 15, -3135 ] xT=false
  D4 above=T2 pat=000 resclass=[ -20995, -12597, 15 ] xT=false
  D4 above=T1 pat=000 resclass=[ 12155, -20995, -209 ] xT=false
  D4 above=T2 pat=000 resclass=[ -20995, -12597, 15 ] xT=false
  D4 above=T1 pat=000 resclass=[ 12155, -20995, -209 ] xT=false
MEMBER stv 5/7 16/3 2 shape=[ 1, 1, 2, 2 ] tors=[ 4, 4 ] order4=12 norm111=0 xTpass=0
  D4 above=T2 pat=000 resclass=[ -33629488178, -136151774, 247 ] xT=false
  D4 above=T2 pat=000 resclass=[ -33629488178, -136151774, 247 ] xT=false
  D4 above=T3 pat=000 resclass=[ -746854, 247, -184472938 ] xT=false
  D4 above=T1 pat=000 resclass=[ 6279079440923003, -33629488178, -746854 ] xT=false
  D4 above=T3 pat=000 resclass=[ -746854, 247, -184472938 ] xT=false
  D4 above=T1 pat=000 resclass=[ 6279079440923003, -33629488178, -746854 ] xT=false
  D4 above=T2 pat=000 resclass=[ -33629488178, -136151774, 247 ] xT=false
  D4 above=T2 pat=000 resclass=[ -33629488178, -136151774, 247 ] xT=false
  D4 above=T3 pat=000 resclass=[ -746854, 247, -184472938 ] xT=false
  D4 above=T1 pat=000 resclass=[ 6279079440923003, -33629488178, -746854 ] xT=false
  D4 above=T3 pat=000 resclass=[ -746854, 247, -184472938 ] xT=false
  D4 above=T1 pat=000 resclass=[ 6279079440923003, -33629488178, -746854 ] xT=false
MEMBER stv 4 5/3 6/7 shape=[ 1, 1, 2, 2 ] tors=[ 4, 4 ] order4=12 norm111=0 xTpass=0
  D4 above=T2 pat=001 resclass=[ 58298, 58298, 1 ] xT=false
  D4 above=T2 pat=001 resclass=[ 58298, 58298, 1 ] xT=false
  D4 above=T1 pat=000 resclass=[ 3789370, 58298, 65 ] xT=false
  D4 above=T3 pat=010 resclass=[ 65, 1, 65 ] xT=false
  D4 above=T1 pat=000 resclass=[ 3789370, 58298, 65 ] xT=false
  D4 above=T3 pat=010 resclass=[ 65, 1, 65 ] xT=false
  D4 above=T2 pat=001 resclass=[ 58298, 58298, 1 ] xT=false
  D4 above=T2 pat=001 resclass=[ 58298, 58298, 1 ] xT=false
  D4 above=T1 pat=000 resclass=[ 3789370, 58298, 65 ] xT=false
  D4 above=T3 pat=010 resclass=[ 65, 1, 65 ] xT=false
  D4 above=T1 pat=000 resclass=[ 3789370, 58298, 65 ] xT=false
  D4 above=T3 pat=010 resclass=[ 65, 1, 65 ] xT=false
MEMBER stv 1/3 8/7 8/5 shape=[ 1, 1, 2, 2 ] tors=[ 4, 4 ] order4=12 norm111=0 xTpass=0
  D4 above=T3 pat=000 resclass=[ 94, 15, 1410 ] xT=false
  D4 above=T3 pat=000 resclass=[ 94, 15, 1410 ] xT=false
  D4 above=T1 pat=000 resclass=[ 434427909, 18486294, 94 ] xT=false
  D4 above=T2 pat=000 resclass=[ 18486294, 30810490, 15 ] xT=false
  D4 above=T1 pat=000 resclass=[ 434427909, 18486294, 94 ] xT=false
  D4 above=T2 pat=000 resclass=[ 18486294, 30810490, 15 ] xT=false
  D4 above=T3 pat=000 resclass=[ 94, 15, 1410 ] xT=false
  D4 above=T3 pat=000 resclass=[ 94, 15, 1410 ] xT=false
  D4 above=T1 pat=000 resclass=[ 434427909, 18486294, 94 ] xT=false
  D4 above=T2 pat=000 resclass=[ 18486294, 30810490, 15 ] xT=false
  D4 above=T1 pat=000 resclass=[ 434427909, 18486294, 94 ] xT=false
  D4 above=T2 pat=000 resclass=[ 18486294, 30810490, 15 ] xT=false
PART_DONE part=165
