MEMBER stv 1/4 4/3 -1 shape=[ 1, 1, 2, 2 ] tors=[ 4, 4 ] order4=12 norm111=0 xTpass=0
  D4 above=T1 pat=000 resclass=[ 221961705, -315735, -703 ] xT=false
  D4 above=T1 pat=000 resclass=[ 221961705, -315735, -703 ] xT=false
  D4 above=T3 pat=000 resclass=[ -703, 7, -4921 ] xT=false
  D4 above=T2 pat=000 resclass=[ -315735, -45105, 7 ] xT=false
  D4 above=T3 pat=000 resclass=[ -703, 7, -4921 ] xT=false
  D4 above=T2 pat=000 resclass=[ -315735, -45105, 7 ] xT=false
  D4 above=T1 pat=000 resclass=[ 221961705, -315735, -703 ] xT=false
  D4 above=T1 pat=000 resclass=[ 221961705, -315735, -703 ] xT=false
  D4 above=T3 pat=000 resclass=[ -703, 7, -4921 ] xT=false
  D4 above=T2 pat=000 resclass=[ -315735, -45105, 7 ] xT=false
  D4 above=T3 pat=000 resclass=[ -703, 7, -4921 ] xT=false
  D4 above=T2 pat=000 resclass=[ -315735, -45105, 7 ] xT=false
MEMBER stv 1/3 3/4 -1/3 shape=[ 1, 1, 2, 2 ] tors=[ 4, 4 ] order4=12 norm111=0 xTpass=0
  D4 above=T2 pat=000 resclass=[ 3324594, -474942, -7 ] xT=false
  D4 above=T2 pat=000 resclass=[ 3324594, -474942, -7 ] xT=false
  D4 above=T3 pat=000 resclass=[ -185, -7, 1295 ] xT=false
  D4 above=T1 pat=000 resclass=[ -615049890, 3324594, -185 ] xT=false
  D4 above=T3 pat=000 resclass=[ -185, -7, 1295 ] xT=false
  D4 above=T1 pat=000 resclass=[ -615049890, 3324594, -185 ] xT=false
  D4 above=T2 pat=000 resclass=[ 3324594, -474942, -7 ] xT=false
  D4 above=T2 pat=000 resclass=[ 3324594, -474942, -7 ] xT=false
  D4 above=T3 pat=000 resclass=[ -185, -7, 1295 ] xT=false
  D4 above=T1 pat=000 resclass=[ -615049890, 3324594, -185 ] xT=false
  D4 above=T3 pat=000 resclass=[ -185, -7, 1295 ] xT=false
  D4 above=T1 pat=000 resclass=[ -615049890, 3324594, -185 ] xT=false
MEMBER stv 1/2 1/2 -2 shape=[ 1, 1, 2, 2 ] tors=[ 4, 4 ] order4=12 norm111=0 xTpass=0
  D4 above=T3 pat=000 resclass=[ -5, -3, 15 ] xT=false
  D4 above=T3 pat=000 resclass=[ -5, -3, 15 ] xT=false
  D4 above=T1 pat=000 resclass=[ -30, 6, -5 ] xT=false
  D4 above=T2 pat=000 resclass=[ 6, -2, -3 ] xT=false
  D4 above=T1 pat=000 resclass=[ -30, 6, -5 ] xT=false
  D4 above=T2 pat=000 resclass=[ 6, -2, -3 ] xT=false
  D4 above=T3 pat=000 resclass=[ -5, -3, 15 ] xT=false
  D4 above=T3 pat=000 resclass=[ -5, -3, 15 ] xT=false
  D4 above=T1 pat=000 resclass=[ -30, 6, -5 ] xT=false
  D4 above=T2 pat=000 resclass=[ 6, -2, -3 ] xT=false
  D4 above=T1 pat=000 resclass=[ -30, 6, -5 ] xT=false
  D4 above=T2 pat=000 resclass=[ 6, -2, -3 ] xT=false
MEMBER stv 2/3 1/3 -3/4 shape=[ 1, 1, 2, 2 ] tors=[ 4, 4 ] order4=12 norm111=0 xTpass=0
  D4 above=T3 pat=000 resclass=[ -7, -2, 14 ] xT=false
  D4 above=T3 pat=000 resclass=[ -7, -2, 14 ] xT=false
  D4 above=T2 pat=000 resclass=[ 3, -6, -2 ] xT=false
  D4 above=T1 pat=000 resclass=[ -21, 3, -7 ] xT=false
  D4 above=T2 pat=000 resclass=[ 3, -6, -2 ] xT=false
  D4 above=T1 pat=000 resclass=[ -21, 3, -7 ] xT=false
  D4 above=T3 pat=000 resclass=[ -7, -2, 14 ] xT=false
  D4 above=T3 pat=000 resclass=[ -7, -2, 14 ] xT=false
  D4 above=T2 pat=000 resclass=[ 3, -6, -2 ] xT=false
  D4 above=T1 pat=000 resclass=[ -21, 3, -7 ] xT=false
  D4 above=T2 pat=000 resclass=[ 3, -6, -2 ] xT=false
  D4 above=T1 pat=000 resclass=[ -21, 3, -7 ] xT=false
MEMBER stv 3/4 1/4 -1/4 shape=[ 1, 1, 2, 2 ] tors=[ 4, 4 ] order4=12 norm111=0 xTpass=0
  D4 above=T3 pat=000 resclass=[ -1, -15, 15 ] xT=false
  D4 above=T3 pat=000 resclass=[ -1, -15, 15 ] xT=false
  D4 above=T1 pat=000 resclass=[ -28545, 28545, -1 ] xT=false
  D4 above=T2 pat=000 resclass=[ 28545, -1903, -15 ] xT=false
  D4 above=T1 pat=000 resclass=[ -28545, 28545, -1 ] xT=false
  D4 above=T2 pat=000 resclass=[ 28545, -1903, -15 ] xT=false
  D4 above=T3 pat=000 resclass=[ -1, -15, 15 ] xT=false
  D4 above=T3 pat=000 resclass=[ -1, -15, 15 ] xT=false
  D4 above=T1 pat=000 resclass=[ -28545, 28545, -1 ] xT=false
  D4 above=T2 pat=000 resclass=[ 28545, -1903, -15 ] xT=false
  D4 above=T1 pat=000 resclass=[ -28545, 28545, -1 ] xT=false
  D4 above=T2 pat=000 resclass=[ 28545, -1903, -15 ] xT=false
MEMBER stv 3/4 3 -3/2 shape=[ 1, 1, 2, 2 ] tors=[ 4, 4 ] order4=12 norm111=0 xTpass=0
  D4 above=T2 pat=000 resclass=[ -51915, -103830, 2 ] xT=false
  D4 above=T2 pat=000 resclass=[ -51915, -103830, 2 ] xT=false
  D4 above=T3 pat=000 resclass=[ -1015, 2, -2030 ] xT=false
  D4 above=T1 pat=000 resclass=[ 2107749, -51915, -1015 ] xT=false
  D4 above=T3 pat=000 resclass=[ -1015, 2, -2030 ] xT=false
  D4 above=T1 pat=000 resclass=[ 2107749, -51915, -1015 ] xT=false
  D4 above=T2 pat=000 resclass=[ -51915, -103830, 2 ] xT=false
  D4 above=T2 pat=000 resclass=[ -51915, -103830, 2 ] xT=false
  D4 above=T3 pat=000 resclass=[ -1015, 2, -2030 ] xT=false
  D4 above=T1 pat=000 resclass=[ 2107749, -51915, -1015 ] xT=false
  D4 above=T3 pat=000 resclass=[ -1015, 2, -2030 ] xT=false
  D4 above=T1 pat=000 resclass=[ 2107749, -51915, -1015 ] xT=false
MEMBER stv 1 2 -2/3 shape=[ 1, 1, 2, 2 ] tors=[ 4, 4 ] order4=12 norm111=0 xTpass=0
  D4 above=T1 pat=100 resclass=[ 1, -2, -2 ] xT=false
  D4 above=T1 pat=100 resclass=[ 1, -2, -2 ] xT=false
  D4 above=T2 pat=000 resclass=[ -2, -6, 3 ] xT=false
  D4 above=T3 pat=000 resclass=[ -2, 3, -6 ] xT=false
  D4 above=T2 pat=000 resclass=[ -2, -6, 3 ] xT=false
  D4 above=T3 pat=000 resclass=[ -2, 3, -6 ] xT=false
  D4 above=T1 pat=100 resclass=[ 1, -2, -2 ] xT=false
  D4 above=T1 pat=100 resclass=[ 1, -2, -2 ] xT=false
  D4 above=T2 pat=000 resclass=[ -2, -6, 3 ] xT=false
  D4 above=T3 pat=000 resclass=[ -2, 3, -6 ] xT=false
  D4 above=T2 pat=000 resclass=[ -2, -6, 3 ] xT=false
  D4 above=T3 pat=000 resclass=[ -2, 3, -6 ] xT=false
MEMBER stv 4/3 4/3 -4 shape=[ 1, 1, 2, 2 ] tors=[ 4, 4 ] order4=12 norm111=0 xTpass=0
  D4 above=T1 pat=000 resclass=[ -68761, -18095, 95 ] xT=false
  D4 above=T1 pat=000 resclass=[ -68761, -18095, 95 ] xT=false
  D4 above=T3 pat=000 resclass=[ 95, 7, 665 ] xT=false
  D4 above=T2 pat=000 resclass=[ -18095, -2585, 7 ] xT=false
  D4 above=T3 pat=000 resclass=[ 95, 7, 665 ] xT=false
  D4 above=T2 pat=000 resclass=[ -18095, -2585, 7 ] xT=false
  D4 above=T1 pat=000 resclass=[ -68761, -18095, 95 ] xT=false
  D4 above=T1 pat=000 resclass=[ -68761, -18095, 95 ] xT=false
  D4 above=T3 pat=000 resclass=[ 95, 7, 665 ] xT=false
  D4 above=T2 pat=000 resclass=[ -18095, -2585, 7 ] xT=false
  D4 above=T3 pat=000 resclass=[ 95, 7, 665 ] xT=false
  D4 above=T2 pat=000 resclass=[ -18095, -2585, 7 ] xT=false
MEMBER stv 3/2 3/4 -4/3 shape=[ 1, 1, 2, 2 ] tors=[ 4, 4 ] order4=12 norm111=0 xTpass=0
  D4 above=T3 pat=000 resclass=[ 527, -7, -3689 ] xT=false
  D4 above=T3 pat=000 resclass=[ 527, -7, -3689 ] xT=false
  D4 above=T1 pat=000 resclass=[ 3297966, 6258, 527 ] xT=false
  D4 above=T2 pat=000 resclass=[ 6258, -894, -7 ] xT=false
  D4 above=T1 pat=000 resclass=[ 3297966, 6258, 527 ] xT=false
  D4 above=T2 pat=000 resclass=[ 6258, -894, -7 ] xT=false
  D4 above=T3 pat=000 resclass=[ 527, -7, -3689 ] xT=false
  D4 above=T3 pat=000 resclass=[ 527, -7, -3689 ] xT=false
  D4 above=T1 pat=000 resclass=[ 3297966, 6258, 527 ] xT=false
  D4 above=T2 pat=000 resclass=[ 6258, -894, -7 ] xT=false
  D4 above=T1 pat=000 resclass=[ 3297966, 6258, 527 ] xT=false
  D4 above=T2 pat=000 resclass=[ 6258, -894, -7 ] xT=false
MEMBER stv 2 2/3 -1/2 shape=[ 1, 1, 2, 2 ] tors=[ 4, 4 ] order4=12 norm111=0 xTpass=0
  D4 above=T3 pat=000 resclass=[ 299, -5, -1495 ] xT=false
  D4 above=T3 pat=000 resclass=[ 299, -5, -1495 ] xT=false
  D4 above=T1 pat=000 resclass=[ 1610, 910, 299 ] xT=false
  D4 above=T2 pat=000 resclass=[ 910, -182, -5 ] xT=false
  D4 above=T1 pat=000 resclass=[ 1610, 910, 299 ] xT=false
  D4 above=T2 pat=000 resclass=[ 910, -182, -5 ] xT=false
  D4 above=T3 pat=000 resclass=[ 299, -5, -1495 ] xT=false
  D4 above=T3 pat=000 resclass=[ 299, -5, -1495 ] xT=false
  D4 above=T1 pat=000 resclass=[ 1610, 910, 299 ] xT=false
  D4 above=T2 pat=000 resclass=[ 910, -182, -5 ] xT=false
  D4 above=T1 pat=000 resclass=[ 1610, 910, 299 ] xT=false
  D4 above=T2 pat=000 resclass=[ 910, -182, -5 ] xT=false
MEMBER stv 3 1/3 -3 shape=[ 1, 1, 2, 2 ] tors=[ 4, 4 ] order4=12 norm111=0 xTpass=0
  D4 above=T2 pat=000 resclass=[ 9230, -4615, -2 ] xT=false
  D4 above=T2 pat=000 resclass=[ 9230, -4615, -2 ] xT=false
  D4 above=T1 pat=000 resclass=[ 245518, 9230, 665 ] xT=false
  D4 above=T3 pat=000 resclass=[ 665, -2, -1330 ] xT=false
  D4 above=T1 pat=000 resclass=[ 245518, 9230, 665 ] xT=false
  D4 above=T3 pat=000 resclass=[ 665, -2, -1330 ] xT=false
  D4 above=T2 pat=000 resclass=[ 9230, -4615, -2 ] xT=false
  D4 above=T2 pat=000 resclass=[ 9230, -4615, -2 ] xT=false
  D4 above=T1 pat=000 resclass=[ 245518, 9230, 665 ] xT=false
  D4 above=T3 pat=000 resclass=[ 665, -2, -1330 ] xT=false
  D4 above=T1 pat=000 resclass=[ 245518, 9230, 665 ] xT=false
  D4 above=T3 pat=000 resclass=[ 665, -2, -1330 ] xT=false
MEMBER stv 4 1/4 -1 shape=[ 1, 1, 2, 2 ] tors=[ 4, 4 ] order4=12 norm111=0 xTpass=0
  D4 above=T2 pat=000 resclass=[ 3855, -257, -15 ] xT=false
  D4 above=T2 pat=000 resclass=[ 3855, -257, -15 ] xT=false
  D4 above=T1 pat=000 resclass=[ 304545, 3855, 79 ] xT=false
  D4 above=T3 pat=000 resclass=[ 79, -15, -1185 ] xT=false
  D4 above=T1 pat=000 resclass=[ 304545, 3855, 79 ] xT=false
  D4 above=T3 pat=000 resclass=[ 79, -15, -1185 ] xT=false
  D4 above=T2 pat=000 resclass=[ 3855, -257, -15 ] xT=false
  D4 above=T2 pat=000 resclass=[ 3855, -257, -15 ] xT=false
  D4 above=T1 pat=000 resclass=[ 304545, 3855, 79 ] xT=false
  D4 above=T3 pat=000 resclass=[ 79, -15, -1185 ] xT=false
  D4 above=T1 pat=000 resclass=[ 304545, 3855, 79 ] xT=false
  D4 above=T3 pat=000 resclass=[ 79, -15, -1185 ] xT=false
MEMBER stv 4 4 -1/3 shape=[ 1, 1, 2, 2 ] tors=[ 4, 4 ] order4=12 norm111=0 xTpass=0
  D4 above=T3 pat=000 resclass=[ -209, 15, -3135 ] xT=false
  D4 above=T3 pat=000 resclass=[ -209, 15, -3135 ] xT=false
  D4 above=T2 pat=000 resclass=[ 14755, 8853, 15 ] xT=false
  D4 above=T1 pat=000 resclass=[ -3083795, 14755, -209 ] xT=false
  D4 above=T2 pat=000 resclass=[ 14755, 8853, 15 ] xT=false
  D4 above=T1 pat=000 resclass=[ -3083795, 14755, -209 ] xT=false
  D4 above=T3 pat=000 resclass=[ -209, 15, -3135 ] xT=false
  D4 above=T3 pat=000 resclass=[ -209, 15, -3135 ] xT=false
  D4 above=T2 pat=000 resclass=[ 14755, 8853, 15 ] xT=false
  D4 above=T1 pat=000 resclass=[ -3083795, 14755, -209 ] xT=false
  D4 above=T2 pat=000 resclass=[ 14755, 8853, 15 ] xT=false
  D4 above=T1 pat=000 resclass=[ -3083795, 14755, -209 ] xT=false
MEMBER stv 3 10/7 3/8 shape=[ 1, 1, 2, 2 ] tors=[ 4, 4 ] order4=12 norm111=0 xTpass=0
  D4 above=T2 pat=000 resclass=[ 3271786, 577374, 51 ] xT=false
  D4 above=T2 pat=000 resclass=[ 3271786, 577374, 51 ] xT=false
  D4 above=T3 pat=000 resclass=[ 33, 51, 187 ] xT=false
  D4 above=T1 pat=000 resclass=[ 107968938, 3271786, 33 ] xT=false
  D4 above=T3 pat=000 resclass=[ 33, 51, 187 ] xT=false
  D4 above=T1 pat=000 resclass=[ 107968938, 3271786, 33 ] xT=false
  D4 above=T2 pat=000 resclass=[ 3271786, 577374, 51 ] xT=false
  D4 above=T2 pat=000 resclass=[ 3271786, 577374, 51 ] xT=false
  D4 above=T3 pat=000 resclass=[ 33, 51, 187 ] xT=false
  D4 above=T1 pat=000 resclass=[ 107968938, 3271786, 33 ] xT=false
  D4 above=T3 pat=000 resclass=[ 33, 51, 187 ] xT=false
  D4 above=T1 pat=000 resclass=[ 107968938, 3271786, 33 ] xT=false
MEMBER stv 14/3 9/11 7/11 shape=[ 1, 1, 2, 2 ] tors=[ 4, 4 ] order4=12 norm111=0 xTpass=0
  D4 above=T2 pat=000 resclass=[ -24625413582770, 2462541358277, -10 ] xT=false
  D4 above=T2 pat=000 resclass=[ -24625413582770, 2462541358277, -10 ] xT=false
  D4 above=T1 pat=000 resclass=[ -17577841844103470930, -24625413582770, 713809 ] xT=false
  D4 above=T3 pat=000 resclass=[ 713809, -10, -7138090 ] xT=false
  D4 above=T1 pat=000 resclass=[ -17577841844103470930, -24625413582770, 713809 ] xT=false
  D4 above=T3 pat=000 resclass=[ 713809, -10, -7138090 ] xT=false
  D4 above=T2 pat=000 resclass=[ -24625413582770, 2462541358277, -10 ] xT=false
  D4 above=T2 pat=000 resclass=[ -24625413582770, 2462541358277, -10 ] xT=false
  D4 above=T1 pat=000 resclass=[ -17577841844103470930, -24625413582770, 713809 ] xT=false
  D4 above=T3 pat=000 resclass=[ 713809, -10, -7138090 ] xT=false
  D4 above=T1 pat=000 resclass=[ -17577841844103470930, -24625413582770, 713809 ] xT=false
  D4 above=T3 pat=000 resclass=[ 713809, -10, -7138090 ] xT=false
MEMBER stv 9/7 19/15 13/5 shape=[ 1, 1, 2, 2 ] tors=[ 4, 4 ] order4=12 norm111=0 xTpass=0
  D4 above=T1 pat=000 resclass=[ 466794116277158890, 24696392645210, 3194321 ] xT=false
  D4 above=T1 pat=000 resclass=[ 466794116277158890, 24696392645210, 3194321 ] xT=false
  D4 above=T3 pat=000 resclass=[ 3194321, 34, 108606914 ] xT=false
  D4 above=T2 pat=000 resclass=[ 24696392645210, 726364489565, 34 ] xT=false
  D4 above=T3 pat=000 resclass=[ 3194321, 34, 108606914 ] xT=false
  D4 above=T2 pat=000 resclass=[ 24696392645210, 726364489565, 34 ] xT=false
  D4 above=T1 pat=000 resclass=[ 466794116277158890, 24696392645210, 3194321 ] xT=false
  D4 above=T1 pat=000 resclass=[ 466794116277158890, 24696392645210, 3194321 ] xT=false
  D4 above=T3 pat=000 resclass=[ 3194321, 34, 108606914 ] xT=false
  D4 above=T2 pat=000 resclass=[ 24696392645210, 726364489565, 34 ] xT=false
  D4 above=T3 pat=000 resclass=[ 3194321, 34, 108606914 ] xT=false
  D4 above=T2 pat=000 resclass=[ 24696392645210, 726364489565, 34 ] xT=false
PART_DONE part=166
