MEMBER stv 1/4 4/3 4/3 shape=[ 1, 1, 2, 2 ] tors=[ 4, 4 ] order4=12 norm111=0 xTpass=0
  D4 above=T2 pat=000 resclass=[ -201747, -28821, 7 ] xT=false
  D4 above=T2 pat=000 resclass=[ -201747, -28821, 7 ] xT=false
  D4 above=T1 pat=000 resclass=[ 141828141, -201747, -703 ] xT=false
  D4 above=T3 pat=000 resclass=[ -703, 7, -4921 ] xT=false
  D4 above=T1 pat=000 resclass=[ 141828141, -201747, -703 ] xT=false
  D4 above=T3 pat=000 resclass=[ -703, 7, -4921 ] xT=false
  D4 above=T2 pat=000 resclass=[ -201747, -28821, 7 ] xT=false
  D4 above=T2 pat=000 resclass=[ -201747, -28821, 7 ] xT=false
  D4 above=T1 pat=000 resclass=[ 141828141, -201747, -703 ] xT=false
  D4 above=T3 pat=000 resclass=[ -703, 7, -4921 ] xT=false
  D4 above=T1 pat=000 resclass=[ 141828141, -201747, -703 ] xT=false
  D4 above=T3 pat=000 resclass=[ -703, 7, -4921 ] xT=false
MEMBER stv 1/3 3/4 1/2 shape=[ 1, 1, 2, 2 ] tors=[ 4, 4 ] order4=12 norm111=0 xTpass=0
  D4 above=T2 pat=000 resclass=[ -1444646, 206378, -7 ] xT=false
  D4 above=T2 pat=000 resclass=[ -1444646, 206378, -7 ] xT=false
  D4 above=T3 pat=000 resclass=[ -185, -7, 1295 ] xT=false
  D4 above=T1 pat=000 resclass=[ 267259510, -1444646, -185 ] xT=false
  D4 above=T3 pat=000 resclass=[ -185, -7, 1295 ] xT=false
  D4 above=T1 pat=000 resclass=[ 267259510, -1444646, -185 ] xT=false
  D4 above=T2 pat=000 resclass=[ -1444646, 206378, -7 ] xT=false
  D4 above=T2 pat=000 resclass=[ -1444646, 206378, -7 ] xT=false
  D4 above=T3 pat=000 resclass=[ -185, -7, 1295 ] xT=false
  D4 above=T1 pat=000 resclass=[ 267259510, -1444646, -185 ] xT=false
  D4 above=T3 pat=000 resclass=[ -185, -7, 1295 ] xT=false
  D4 above=T1 pat=000 resclass=[ 267259510, -1444646, -185 ] xT=false
MEMBER stv 1/2 1/2 3 shape=[ 1, 1, 2, 2 ] tors=[ 4, 4 ] order4=12 norm111=0 xTpass=0
  D4 above=T3 pat=000 resclass=[ -5, -3, 15 ] xT=false
  D4 above=T3 pat=000 resclass=[ -5, -3, 15 ] xT=false
  D4 above=T1 pat=000 resclass=[ 1295, -259, -5 ] xT=false
  D4 above=T2 pat=000 resclass=[ -259, 777, -3 ] xT=false
  D4 above=T1 pat=000 resclass=[ 1295, -259, -5 ] xT=false
  D4 above=T2 pat=000 resclass=[ -259, 777, -3 ] xT=false
  D4 above=T3 pat=000 resclass=[ -5, -3, 15 ] xT=false
  D4 above=T3 pat=000 resclass=[ -5, -3, 15 ] xT=false
  D4 above=T1 pat=000 resclass=[ 1295, -259, -5 ] xT=false
  D4 above=T2 pat=000 resclass=[ -259, 777, -3 ] xT=false
  D4 above=T1 pat=000 resclass=[ 1295, -259, -5 ] xT=false
  D4 above=T2 pat=000 resclass=[ -259, 777, -3 ] xT=false
MEMBER stv 2/3 1/3 1 shape=[ 1, 1, 2, 2 ] tors=[ 4, 4 ] order4=12 norm111=0 xTpass=0
  D4 above=T1 pat=000 resclass=[ 910, -130, -7 ] xT=false
  D4 above=T1 pat=000 resclass=[ 910, -130, -7 ] xT=false
  D4 above=T3 pat=000 resclass=[ -7, -2, 14 ] xT=false
  D4 above=T2 pat=000 resclass=[ -130, 65, -2 ] xT=false
  D4 above=T3 pat=000 resclass=[ -7, -2, 14 ] xT=false
  D4 above=T2 pat=000 resclass=[ -130, 65, -2 ] xT=false
  D4 above=T1 pat=000 resclass=[ 910, -130, -7 ] xT=false
  D4 above=T1 pat=000 resclass=[ 910, -130, -7 ] xT=false
  D4 above=T3 pat=000 resclass=[ -7, -2, 14 ] xT=false
  D4 above=T2 pat=000 resclass=[ -130, 65, -2 ] xT=false
  D4 above=T3 pat=000 resclass=[ -7, -2, 14 ] xT=false
  D4 above=T2 pat=000 resclass=[ -130, 65, -2 ] xT=false
MEMBER stv 3/4 1/4 1/3 shape=[ 1, 1, 2, 2 ] tors=[ 4, 4 ] order4=12 norm111=0 xTpass=0
  D4 above=T2 pat=000 resclass=[ -29355, 1957, -15 ] xT=false
  D4 above=T2 pat=000 resclass=[ -29355, 1957, -15 ] xT=false
  D4 above=T1 pat=000 resclass=[ 29355, -29355, -1 ] xT=false
  D4 above=T3 pat=000 resclass=[ -1, -15, 15 ] xT=false
  D4 above=T1 pat=000 resclass=[ 29355, -29355, -1 ] xT=false
  D4 above=T3 pat=000 resclass=[ -1, -15, 15 ] xT=false
  D4 above=T2 pat=000 resclass=[ -29355, 1957, -15 ] xT=false
  D4 above=T2 pat=000 resclass=[ -29355, 1957, -15 ] xT=false
  D4 above=T1 pat=000 resclass=[ 29355, -29355, -1 ] xT=false
  D4 above=T3 pat=000 resclass=[ -1, -15, 15 ] xT=false
  D4 above=T1 pat=000 resclass=[ 29355, -29355, -1 ] xT=false
  D4 above=T3 pat=000 resclass=[ -1, -15, 15 ] xT=false
MEMBER stv 3/4 3 2 shape=[ 1, 1, 2, 2 ] tors=[ 4, 4 ] order4=12 norm111=0 xTpass=0
  D4 above=T1 pat=000 resclass=[ 783377, -19295, -1015 ] xT=false
  D4 above=T1 pat=000 resclass=[ 783377, -19295, -1015 ] xT=false
  D4 above=T3 pat=000 resclass=[ -1015, 2, -2030 ] xT=false
  D4 above=T2 pat=000 resclass=[ -19295, -38590, 2 ] xT=false
  D4 above=T3 pat=000 resclass=[ -1015, 2, -2030 ] xT=false
  D4 above=T2 pat=000 resclass=[ -19295, -38590, 2 ] xT=false
  D4 above=T1 pat=000 resclass=[ 783377, -19295, -1015 ] xT=false
  D4 above=T1 pat=000 resclass=[ 783377, -19295, -1015 ] xT=false
  D4 above=T3 pat=000 resclass=[ -1015, 2, -2030 ] xT=false
  D4 above=T2 pat=000 resclass=[ -19295, -38590, 2 ] xT=false
  D4 above=T3 pat=000 resclass=[ -1015, 2, -2030 ] xT=false
  D4 above=T2 pat=000 resclass=[ -19295, -38590, 2 ] xT=false
MEMBER stv 1 2 3/4 shape=[ 1, 1, 2, 2 ] tors=[ 4, 4 ] order4=12 norm111=0 xTpass=0
  D4 above=T1 pat=000 resclass=[ 406, -203, -2 ] xT=false
  D4 above=T1 pat=000 resclass=[ 406, -203, -2 ] xT=false
  D4 above=T2 pat=000 resclass=[ -203, -609, 3 ] xT=false
  D4 above=T3 pat=000 resclass=[ -2, 3, -6 ] xT=false
  D4 above=T2 pat=000 resclass=[ -203, -609, 3 ] xT=false
  D4 above=T3 pat=000 resclass=[ -2, 3, -6 ] xT=false
  D4 above=T1 pat=000 resclass=[ 406, -203, -2 ] xT=false
  D4 above=T1 pat=000 resclass=[ 406, -203, -2 ] xT=false
  D4 above=T2 pat=000 resclass=[ -203, -609, 3 ] xT=false
  D4 above=T3 pat=000 resclass=[ -2, 3, -6 ] xT=false
  D4 above=T2 pat=000 resclass=[ -203, -609, 3 ] xT=false
  D4 above=T3 pat=000 resclass=[ -2, 3, -6 ] xT=false
MEMBER stv 4/3 3/2 1/4 shape=[ 1, 1, 2, 2 ] tors=[ 4, 4 ] order4=12 norm111=0 xTpass=0
  D4 above=T1 pat=000 resclass=[ 860405, 27755, 31 ] xT=false
  D4 above=T1 pat=000 resclass=[ 860405, 27755, 31 ] xT=false
  D4 above=T3 pat=000 resclass=[ 31, 5, 155 ] xT=false
  D4 above=T2 pat=000 resclass=[ 27755, 5551, 5 ] xT=false
  D4 above=T3 pat=000 resclass=[ 31, 5, 155 ] xT=false
  D4 above=T2 pat=000 resclass=[ 27755, 5551, 5 ] xT=false
  D4 above=T1 pat=000 resclass=[ 860405, 27755, 31 ] xT=false
  D4 above=T1 pat=000 resclass=[ 860405, 27755, 31 ] xT=false
  D4 above=T3 pat=000 resclass=[ 31, 5, 155 ] xT=false
  D4 above=T2 pat=000 resclass=[ 27755, 5551, 5 ] xT=false
  D4 above=T3 pat=000 resclass=[ 31, 5, 155 ] xT=false
  D4 above=T2 pat=000 resclass=[ 27755, 5551, 5 ] xT=false
MEMBER stv 3/2 3/4 3/2 shape=[ 1, 1, 2, 2 ] tors=[ 4, 4 ] order4=12 norm111=0 xTpass=0
  D4 above=T1 pat=000 resclass=[ -38402490, -72870, 527 ] xT=false
  D4 above=T1 pat=000 resclass=[ -38402490, -72870, 527 ] xT=false
  D4 above=T2 pat=000 resclass=[ -72870, 10410, -7 ] xT=false
  D4 above=T3 pat=000 resclass=[ 527, -7, -3689 ] xT=false
  D4 above=T2 pat=000 resclass=[ -72870, 10410, -7 ] xT=false
  D4 above=T3 pat=000 resclass=[ 527, -7, -3689 ] xT=false
  D4 above=T1 pat=000 resclass=[ -38402490, -72870, 527 ] xT=false
  D4 above=T1 pat=000 resclass=[ -38402490, -72870, 527 ] xT=false
  D4 above=T2 pat=000 resclass=[ -72870, 10410, -7 ] xT=false
  D4 above=T3 pat=000 resclass=[ 527, -7, -3689 ] xT=false
  D4 above=T2 pat=000 resclass=[ -72870, 10410, -7 ] xT=false
  D4 above=T3 pat=000 resclass=[ 527, -7, -3689 ] xT=false
MEMBER stv 2 2/3 2/3 shape=[ 1, 1, 2, 2 ] tors=[ 4, 4 ] order4=12 norm111=0 xTpass=0
  D4 above=T1 pat=000 resclass=[ -1874730, -6270, 299 ] xT=false
  D4 above=T1 pat=000 resclass=[ -1874730, -6270, 299 ] xT=false
  D4 above=T3 pat=000 resclass=[ 299, -5, -1495 ] xT=false
  D4 above=T2 pat=000 resclass=[ -6270, 1254, -5 ] xT=false
  D4 above=T3 pat=000 resclass=[ 299, -5, -1495 ] xT=false
  D4 above=T2 pat=000 resclass=[ -6270, 1254, -5 ] xT=false
  D4 above=T1 pat=000 resclass=[ -1874730, -6270, 299 ] xT=false
  D4 above=T1 pat=000 resclass=[ -1874730, -6270, 299 ] xT=false
  D4 above=T3 pat=000 resclass=[ 299, -5, -1495 ] xT=false
  D4 above=T2 pat=000 resclass=[ -6270, 1254, -5 ] xT=false
  D4 above=T3 pat=000 resclass=[ 299, -5, -1495 ] xT=false
  D4 above=T2 pat=000 resclass=[ -6270, 1254, -5 ] xT=false
MEMBER stv 3 1/3 4 shape=[ 1, 1, 2, 2 ] tors=[ 4, 4 ] order4=12 norm111=0 xTpass=0
  D4 above=T1 pat=000 resclass=[ -149057090, -224146, 665 ] xT=false
  D4 above=T1 pat=000 resclass=[ -149057090, -224146, 665 ] xT=false
  D4 above=T2 pat=000 resclass=[ -224146, 112073, -2 ] xT=false
  D4 above=T3 pat=000 resclass=[ 665, -2, -1330 ] xT=false
  D4 above=T2 pat=000 resclass=[ -224146, 112073, -2 ] xT=false
  D4 above=T3 pat=000 resclass=[ 665, -2, -1330 ] xT=false
  D4 above=T1 pat=000 resclass=[ -149057090, -224146, 665 ] xT=false
  D4 above=T1 pat=000 resclass=[ -149057090, -224146, 665 ] xT=false
  D4 above=T2 pat=000 resclass=[ -224146, 112073, -2 ] xT=false
  D4 above=T3 pat=000 resclass=[ 665, -2, -1330 ] xT=false
  D4 above=T2 pat=000 resclass=[ -224146, 112073, -2 ] xT=false
  D4 above=T3 pat=000 resclass=[ 665, -2, -1330 ] xT=false
MEMBER stv 4 1/4 4/3 shape=[ 1, 1, 2, 2 ] tors=[ 4, 4 ] order4=12 norm111=0 xTpass=0
  D4 above=T3 pat=000 resclass=[ 79, -15, -1185 ] xT=false
  D4 above=T3 pat=000 resclass=[ 79, -15, -1185 ] xT=false
  D4 above=T1 pat=000 resclass=[ -113878895, -1441505, 79 ] xT=false
  D4 above=T2 pat=000 resclass=[ -1441505, 864903, -15 ] xT=false
  D4 above=T1 pat=000 resclass=[ -113878895, -1441505, 79 ] xT=false
  D4 above=T2 pat=000 resclass=[ -1441505, 864903, -15 ] xT=false
  D4 above=T3 pat=000 resclass=[ 79, -15, -1185 ] xT=false
  D4 above=T3 pat=000 resclass=[ 79, -15, -1185 ] xT=false
  D4 above=T1 pat=000 resclass=[ -113878895, -1441505, 79 ] xT=false
  D4 above=T2 pat=000 resclass=[ -1441505, 864903, -15 ] xT=false
  D4 above=T1 pat=000 resclass=[ -113878895, -1441505, 79 ] xT=false
  D4 above=T2 pat=000 resclass=[ -1441505, 864903, -15 ] xT=false
MEMBER stv 4 4 1/2 shape=[ 1, 1, 2, 2 ] tors=[ 4, 4 ] order4=12 norm111=0 xTpass=0
  D4 above=T2 pat=000 resclass=[ -370, -222, 15 ] xT=false
  D4 above=T2 pat=000 resclass=[ -370, -222, 15 ] xT=false
  D4 above=T1 pat=000 resclass=[ 77330, -370, -209 ] xT=false
  D4 above=T3 pat=000 resclass=[ -209, 15, -3135 ] xT=false
  D4 above=T1 pat=000 resclass=[ 77330, -370, -209 ] xT=false
  D4 above=T3 pat=000 resclass=[ -209, 15, -3135 ] xT=false
  D4 above=T2 pat=000 resclass=[ -370, -222, 15 ] xT=false
  D4 above=T2 pat=000 resclass=[ -370, -222, 15 ] xT=false
  D4 above=T1 pat=000 resclass=[ 77330, -370, -209 ] xT=false
  D4 above=T3 pat=000 resclass=[ -209, 15, -3135 ] xT=false
  D4 above=T1 pat=000 resclass=[ 77330, -370, -209 ] xT=false
  D4 above=T3 pat=000 resclass=[ -209, 15, -3135 ] xT=false
MEMBER stv 8 6 -5/4 shape=[ 1, 1, 2, 2 ] tors=[ 4, 4 ] order4=12 norm111=0 xTpass=0
  D4 above=T2 pat=000 resclass=[ 206822, 147730, 35 ] xT=false
  D4 above=T2 pat=000 resclass=[ 206822, 147730, 35 ] xT=false
  D4 above=T3 pat=000 resclass=[ -129, 35, -4515 ] xT=false
  D4 above=T1 pat=000 resclass=[ -26680038, 206822, -129 ] xT=false
  D4 above=T3 pat=000 resclass=[ -129, 35, -4515 ] xT=false
  D4 above=T1 pat=000 resclass=[ -26680038, 206822, -129 ] xT=false
  D4 above=T2 pat=000 resclass=[ 206822, 147730, 35 ] xT=false
  D4 above=T2 pat=000 resclass=[ 206822, 147730, 35 ] xT=false
  D4 above=T3 pat=000 resclass=[ -129, 35, -4515 ] xT=false
  D4 above=T1 pat=000 resclass=[ -26680038, 206822, -129 ] xT=false
  D4 above=T3 pat=000 resclass=[ -129, 35, -4515 ] xT=false
  D4 above=T1 pat=000 resclass=[ -26680038, 206822, -129 ] xT=false
MEMBER stv 3/10 1/4 19/14 shape=[ 1, 1, 2, 2 ] tors=[ 4, 4 ] order4=12 norm111=0 xTpass=0
  D4 above=T2 pat=000 resclass=[ -674900516010, 44993367734, -15 ] xT=false
  D4 above=T2 pat=000 resclass=[ -674900516010, 44993367734, -15 ] xT=false
  D4 above=T3 pat=000 resclass=[ -561, -15, 935 ] xT=false
  D4 above=T1 pat=000 resclass=[ 42068798831290, -674900516010, -561 ] xT=false
  D4 above=T3 pat=000 resclass=[ -561, -15, 935 ] xT=false
  D4 above=T1 pat=000 resclass=[ 42068798831290, -674900516010, -561 ] xT=false
  D4 above=T2 pat=000 resclass=[ -674900516010, 44993367734, -15 ] xT=false
  D4 above=T2 pat=000 resclass=[ -674900516010, 44993367734, -15 ] xT=false
  D4 above=T3 pat=000 resclass=[ -561, -15, 935 ] xT=false
  D4 above=T1 pat=000 resclass=[ 42068798831290, -674900516010, -561 ] xT=false
  D4 above=T3 pat=000 resclass=[ -561, -15, 935 ] xT=false
  D4 above=T1 pat=000 resclass=[ 42068798831290, -674900516010, -561 ] xT=false
MEMBER stv 9/8 11/4 -20/3 shape=[ 1, 1, 2, 2 ] tors=[ 4, 4 ] order4=12 norm111=0 xTpass=0
  D4 above=T1 pat=000 resclass=[ -418388887, 351883, -1189 ] xT=false
  D4 above=T1 pat=000 resclass=[ -418388887, 351883, -1189 ] xT=false
  D4 above=T2 pat=000 resclass=[ 351883, 754035, 105 ] xT=false
  D4 above=T3 pat=000 resclass=[ -1189, 105, -124845 ] xT=false
  D4 above=T2 pat=000 resclass=[ 351883, 754035, 105 ] xT=false
  D4 above=T3 pat=000 resclass=[ -1189, 105, -124845 ] xT=false
  D4 above=T1 pat=000 resclass=[ -418388887, 351883, -1189 ] xT=false
  D4 above=T1 pat=000 resclass=[ -418388887, 351883, -1189 ] xT=false
  D4 above=T2 pat=000 resclass=[ 351883, 754035, 105 ] xT=false
  D4 above=T3 pat=000 resclass=[ -1189, 105, -124845 ] xT=false
  D4 above=T2 pat=000 resclass=[ 351883, 754035, 105 ] xT=false
  D4 above=T3 pat=000 resclass=[ -1189, 105, -124845 ] xT=false
PART_DONE part=167
