MEMBER stv 1/4 4/3 -4/3 shape=[ 1, 1, 2, 2 ] tors=[ 4, 4 ] order4=12 norm111=0 xTpass=0
  D4 above=T3 pat=000 resclass=[ -703, 7, -4921 ] xT=false
  D4 above=T3 pat=000 resclass=[ -703, 7, -4921 ] xT=false
  D4 above=T2 pat=000 resclass=[ -619773, -88539, 7 ] xT=false
  D4 above=T1 pat=000 resclass=[ 435700419, -619773, -703 ] xT=false
  D4 above=T2 pat=000 resclass=[ -619773, -88539, 7 ] xT=false
  D4 above=T1 pat=000 resclass=[ 435700419, -619773, -703 ] xT=false
  D4 above=T3 pat=000 resclass=[ -703, 7, -4921 ] xT=false
  D4 above=T3 pat=000 resclass=[ -703, 7, -4921 ] xT=false
  D4 above=T2 pat=000 resclass=[ -619773, -88539, 7 ] xT=false
  D4 above=T1 pat=000 resclass=[ 435700419, -619773, -703 ] xT=false
  D4 above=T2 pat=000 resclass=[ -619773, -88539, 7 ] xT=false
  D4 above=T1 pat=000 resclass=[ 435700419, -619773, -703 ] xT=false
MEMBER stv 1/3 3/4 -1/2 shape=[ 1, 1, 2, 2 ] tors=[ 4, 4 ] order4=12 norm111=0 xTpass=0
  D4 above=T1 pat=000 resclass=[ -6666142, 900830, -185 ] xT=false
  D4 above=T1 pat=000 resclass=[ -6666142, 900830, -185 ] xT=false
  D4 above=T2 pat=000 resclass=[ 900830, -128690, -7 ] xT=false
  D4 above=T3 pat=000 resclass=[ -185, -7, 1295 ] xT=false
  D4 above=T2 pat=000 resclass=[ 900830, -128690, -7 ] xT=false
  D4 above=T3 pat=000 resclass=[ -185, -7, 1295 ] xT=false
  D4 above=T1 pat=000 resclass=[ -6666142, 900830, -185 ] xT=false
  D4 above=T1 pat=000 resclass=[ -6666142, 900830, -185 ] xT=false
  D4 above=T2 pat=000 resclass=[ 900830, -128690, -7 ] xT=false
  D4 above=T3 pat=000 resclass=[ -185, -7, 1295 ] xT=false
  D4 above=T2 pat=000 resclass=[ 900830, -128690, -7 ] xT=false
  D4 above=T3 pat=000 resclass=[ -185, -7, 1295 ] xT=false
MEMBER stv 1/2 1/2 -3 shape=[ 1, 1, 2, 2 ] tors=[ 4, 4 ] order4=12 norm111=0 xTpass=0
  D4 above=T1 pat=100 resclass=[ 1, -5, -5 ] xT=false
  D4 above=T1 pat=100 resclass=[ 1, -5, -5 ] xT=false
  D4 above=T3 pat=000 resclass=[ -5, -3, 15 ] xT=false
  D4 above=T2 pat=000 resclass=[ -5, 15, -3 ] xT=false
  D4 above=T3 pat=000 resclass=[ -5, -3, 15 ] xT=false
  D4 above=T2 pat=000 resclass=[ -5, 15, -3 ] xT=false
  D4 above=T1 pat=100 resclass=[ 1, -5, -5 ] xT=false
  D4 above=T1 pat=100 resclass=[ 1, -5, -5 ] xT=false
  D4 above=T3 pat=000 resclass=[ -5, -3, 15 ] xT=false
  D4 above=T2 pat=000 resclass=[ -5, 15, -3 ] xT=false
  D4 above=T3 pat=000 resclass=[ -5, -3, 15 ] xT=false
  D4 above=T2 pat=000 resclass=[ -5, 15, -3 ] xT=false
MEMBER stv 2/3 1/3 -1 shape=[ 1, 1, 2, 2 ] tors=[ 4, 4 ] order4=12 norm111=0 xTpass=0
  D4 above=T3 pat=000 resclass=[ -7, -2, 14 ] xT=false
  D4 above=T3 pat=000 resclass=[ -7, -2, 14 ] xT=false
  D4 above=T1 pat=000 resclass=[ -2590, 370, -7 ] xT=false
  D4 above=T2 pat=000 resclass=[ 370, -185, -2 ] xT=false
  D4 above=T1 pat=000 resclass=[ -2590, 370, -7 ] xT=false
  D4 above=T2 pat=000 resclass=[ 370, -185, -2 ] xT=false
  D4 above=T3 pat=000 resclass=[ -7, -2, 14 ] xT=false
  D4 above=T3 pat=000 resclass=[ -7, -2, 14 ] xT=false
  D4 above=T1 pat=000 resclass=[ -2590, 370, -7 ] xT=false
  D4 above=T2 pat=000 resclass=[ 370, -185, -2 ] xT=false
  D4 above=T1 pat=000 resclass=[ -2590, 370, -7 ] xT=false
  D4 above=T2 pat=000 resclass=[ 370, -185, -2 ] xT=false
MEMBER stv 3/4 1/4 -1/3 shape=[ 1, 1, 2, 2 ] tors=[ 4, 4 ] order4=12 norm111=0 xTpass=0
  D4 above=T3 pat=000 resclass=[ -1, -15, 15 ] xT=false
  D4 above=T3 pat=000 resclass=[ -1, -15, 15 ] xT=false
  D4 above=T2 pat=000 resclass=[ 13195, -7917, -15 ] xT=false
  D4 above=T1 pat=000 resclass=[ -13195, 13195, -1 ] xT=false
  D4 above=T2 pat=000 resclass=[ 13195, -7917, -15 ] xT=false
  D4 above=T1 pat=000 resclass=[ -13195, 13195, -1 ] xT=false
  D4 above=T3 pat=000 resclass=[ -1, -15, 15 ] xT=false
  D4 above=T3 pat=000 resclass=[ -1, -15, 15 ] xT=false
  D4 above=T2 pat=000 resclass=[ 13195, -7917, -15 ] xT=false
  D4 above=T1 pat=000 resclass=[ -13195, 13195, -1 ] xT=false
  D4 above=T2 pat=000 resclass=[ 13195, -7917, -15 ] xT=false
  D4 above=T1 pat=000 resclass=[ -13195, 13195, -1 ] xT=false
MEMBER stv 3/4 3 -2 shape=[ 1, 1, 2, 2 ] tors=[ 4, 4 ] order4=12 norm111=0 xTpass=0
  D4 above=T1 pat=000 resclass=[ -1168265, 1151, -1015 ] xT=false
  D4 above=T1 pat=000 resclass=[ -1168265, 1151, -1015 ] xT=false
  D4 above=T2 pat=000 resclass=[ 1151, 2302, 2 ] xT=false
  D4 above=T3 pat=000 resclass=[ -1015, 2, -2030 ] xT=false
  D4 above=T2 pat=000 resclass=[ 1151, 2302, 2 ] xT=false
  D4 above=T3 pat=000 resclass=[ -1015, 2, -2030 ] xT=false
  D4 above=T1 pat=000 resclass=[ -1168265, 1151, -1015 ] xT=false
  D4 above=T1 pat=000 resclass=[ -1168265, 1151, -1015 ] xT=false
  D4 above=T2 pat=000 resclass=[ 1151, 2302, 2 ] xT=false
  D4 above=T3 pat=000 resclass=[ -1015, 2, -2030 ] xT=false
  D4 above=T2 pat=000 resclass=[ 1151, 2302, 2 ] xT=false
  D4 above=T3 pat=000 resclass=[ -1015, 2, -2030 ] xT=false
MEMBER stv 1 2 -3/4 shape=[ 1, 1, 2, 2 ] tors=[ 4, 4 ] order4=12 norm111=0 xTpass=0
  D4 above=T1 pat=000 resclass=[ 74, -37, -2 ] xT=false
  D4 above=T1 pat=000 resclass=[ 74, -37, -2 ] xT=false
  D4 above=T2 pat=000 resclass=[ -37, -111, 3 ] xT=false
  D4 above=T3 pat=000 resclass=[ -2, 3, -6 ] xT=false
  D4 above=T2 pat=000 resclass=[ -37, -111, 3 ] xT=false
  D4 above=T3 pat=000 resclass=[ -2, 3, -6 ] xT=false
  D4 above=T1 pat=000 resclass=[ 74, -37, -2 ] xT=false
  D4 above=T1 pat=000 resclass=[ 74, -37, -2 ] xT=false
  D4 above=T2 pat=000 resclass=[ -37, -111, 3 ] xT=false
  D4 above=T3 pat=000 resclass=[ -2, 3, -6 ] xT=false
  D4 above=T2 pat=000 resclass=[ -37, -111, 3 ] xT=false
  D4 above=T3 pat=000 resclass=[ -2, 3, -6 ] xT=false
MEMBER stv 4/3 3/2 -1/4 shape=[ 1, 1, 2, 2 ] tors=[ 4, 4 ] order4=12 norm111=0 xTpass=0
  D4 above=T2 pat=000 resclass=[ -29, -145, 5 ] xT=false
  D4 above=T2 pat=000 resclass=[ -29, -145, 5 ] xT=false
  D4 above=T1 pat=000 resclass=[ -899, -29, 31 ] xT=false
  D4 above=T3 pat=000 resclass=[ 31, 5, 155 ] xT=false
  D4 above=T1 pat=000 resclass=[ -899, -29, 31 ] xT=false
  D4 above=T3 pat=000 resclass=[ 31, 5, 155 ] xT=false
  D4 above=T2 pat=000 resclass=[ -29, -145, 5 ] xT=false
  D4 above=T2 pat=000 resclass=[ -29, -145, 5 ] xT=false
  D4 above=T1 pat=000 resclass=[ -899, -29, 31 ] xT=false
  D4 above=T3 pat=000 resclass=[ 31, 5, 155 ] xT=false
  D4 above=T1 pat=000 resclass=[ -899, -29, 31 ] xT=false
  D4 above=T3 pat=000 resclass=[ 31, 5, 155 ] xT=false
MEMBER stv 3/2 3/4 -3/2 shape=[ 1, 1, 2, 2 ] tors=[ 4, 4 ] order4=12 norm111=0 xTpass=0
  D4 above=T1 pat=000 resclass=[ 590867130, 1121190, 527 ] xT=false
  D4 above=T1 pat=000 resclass=[ 590867130, 1121190, 527 ] xT=false
  D4 above=T2 pat=000 resclass=[ 1121190, -160170, -7 ] xT=false
  D4 above=T3 pat=000 resclass=[ 527, -7, -3689 ] xT=false
  D4 above=T2 pat=000 resclass=[ 1121190, -160170, -7 ] xT=false
  D4 above=T3 pat=000 resclass=[ 527, -7, -3689 ] xT=false
  D4 above=T1 pat=000 resclass=[ 590867130, 1121190, 527 ] xT=false
  D4 above=T1 pat=000 resclass=[ 590867130, 1121190, 527 ] xT=false
  D4 above=T2 pat=000 resclass=[ 1121190, -160170, -7 ] xT=false
  D4 above=T3 pat=000 resclass=[ 527, -7, -3689 ] xT=false
  D4 above=T2 pat=000 resclass=[ 1121190, -160170, -7 ] xT=false
  D4 above=T3 pat=000 resclass=[ 527, -7, -3689 ] xT=false
MEMBER stv 2 2/3 -2/3 shape=[ 1, 1, 2, 2 ] tors=[ 4, 4 ] order4=12 norm111=0 xTpass=0
  D4 above=T1 pat=000 resclass=[ 798330, 2670, 299 ] xT=false
  D4 above=T1 pat=000 resclass=[ 798330, 2670, 299 ] xT=false
  D4 above=T2 pat=000 resclass=[ 2670, -534, -5 ] xT=false
  D4 above=T3 pat=000 resclass=[ 299, -5, -1495 ] xT=false
  D4 above=T2 pat=000 resclass=[ 2670, -534, -5 ] xT=false
  D4 above=T3 pat=000 resclass=[ 299, -5, -1495 ] xT=false
  D4 above=T1 pat=000 resclass=[ 798330, 2670, 299 ] xT=false
  D4 above=T1 pat=000 resclass=[ 798330, 2670, 299 ] xT=false
  D4 above=T2 pat=000 resclass=[ 2670, -534, -5 ] xT=false
  D4 above=T3 pat=000 resclass=[ 299, -5, -1495 ] xT=false
  D4 above=T2 pat=000 resclass=[ 2670, -534, -5 ] xT=false
  D4 above=T3 pat=000 resclass=[ 299, -5, -1495 ] xT=false
MEMBER stv 3 1/3 -4 shape=[ 1, 1, 2, 2 ] tors=[ 4, 4 ] order4=12 norm111=0 xTpass=0
  D4 above=T2 pat=000 resclass=[ 200690, -100345, -2 ] xT=false
  D4 above=T2 pat=000 resclass=[ 200690, -100345, -2 ] xT=false
  D4 above=T3 pat=000 resclass=[ 665, -2, -1330 ] xT=false
  D4 above=T1 pat=000 resclass=[ 108946, 200690, 665 ] xT=false
  D4 above=T3 pat=000 resclass=[ 665, -2, -1330 ] xT=false
  D4 above=T1 pat=000 resclass=[ 108946, 200690, 665 ] xT=false
  D4 above=T2 pat=000 resclass=[ 200690, -100345, -2 ] xT=false
  D4 above=T2 pat=000 resclass=[ 200690, -100345, -2 ] xT=false
  D4 above=T3 pat=000 resclass=[ 665, -2, -1330 ] xT=false
  D4 above=T1 pat=000 resclass=[ 108946, 200690, 665 ] xT=false
  D4 above=T3 pat=000 resclass=[ 665, -2, -1330 ] xT=false
  D4 above=T1 pat=000 resclass=[ 108946, 200690, 665 ] xT=false
MEMBER stv 4 1/4 -4/3 shape=[ 1, 1, 2, 2 ] tors=[ 4, 4 ] order4=12 norm111=0 xTpass=0
  D4 above=T3 pat=000 resclass=[ 79, -15, -1185 ] xT=false
  D4 above=T3 pat=000 resclass=[ 79, -15, -1185 ] xT=false
  D4 above=T1 pat=000 resclass=[ 94428305, 1195295, 79 ] xT=false
  D4 above=T2 pat=000 resclass=[ 1195295, -717177, -15 ] xT=false
  D4 above=T1 pat=000 resclass=[ 94428305, 1195295, 79 ] xT=false
  D4 above=T2 pat=000 resclass=[ 1195295, -717177, -15 ] xT=false
  D4 above=T3 pat=000 resclass=[ 79, -15, -1185 ] xT=false
  D4 above=T3 pat=000 resclass=[ 79, -15, -1185 ] xT=false
  D4 above=T1 pat=000 resclass=[ 94428305, 1195295, 79 ] xT=false
  D4 above=T2 pat=000 resclass=[ 1195295, -717177, -15 ] xT=false
  D4 above=T1 pat=000 resclass=[ 94428305, 1195295, 79 ] xT=false
  D4 above=T2 pat=000 resclass=[ 1195295, -717177, -15 ] xT=false
MEMBER stv 4 4 -1/2 shape=[ 1, 1, 2, 2 ] tors=[ 4, 4 ] order4=12 norm111=0 xTpass=0
  D4 above=T2 pat=000 resclass=[ 23730, 1582, 15 ] xT=false
  D4 above=T2 pat=000 resclass=[ 23730, 1582, 15 ] xT=false
  D4 above=T3 pat=000 resclass=[ -209, 15, -3135 ] xT=false
  D4 above=T1 pat=000 resclass=[ -4959570, 23730, -209 ] xT=false
  D4 above=T3 pat=000 resclass=[ -209, 15, -3135 ] xT=false
  D4 above=T1 pat=000 resclass=[ -4959570, 23730, -209 ] xT=false
  D4 above=T2 pat=000 resclass=[ 23730, 1582, 15 ] xT=false
  D4 above=T2 pat=000 resclass=[ 23730, 1582, 15 ] xT=false
  D4 above=T3 pat=000 resclass=[ -209, 15, -3135 ] xT=false
  D4 above=T1 pat=000 resclass=[ -4959570, 23730, -209 ] xT=false
  D4 above=T3 pat=000 resclass=[ -209, 15, -3135 ] xT=false
  D4 above=T1 pat=000 resclass=[ -4959570, 23730, -209 ] xT=false
MEMBER stv 9/10 3/4 19/9 shape=[ 1, 1, 2, 2 ] tors=[ 4, 4 ] order4=12 norm111=0 xTpass=0
  D4 above=T2 pat=000 resclass=[ -744972767, 106424681, -7 ] xT=false
  D4 above=T2 pat=000 resclass=[ -744972767, 106424681, -7 ] xT=false
  D4 above=T1 pat=000 resclass=[ -2949347184553, -744972767, 3959 ] xT=false
  D4 above=T3 pat=000 resclass=[ 3959, -7, -27713 ] xT=false
  D4 above=T1 pat=000 resclass=[ -2949347184553, -744972767, 3959 ] xT=false
  D4 above=T3 pat=000 resclass=[ 3959, -7, -27713 ] xT=false
  D4 above=T2 pat=000 resclass=[ -744972767, 106424681, -7 ] xT=false
  D4 above=T2 pat=000 resclass=[ -744972767, 106424681, -7 ] xT=false
  D4 above=T1 pat=000 resclass=[ -2949347184553, -744972767, 3959 ] xT=false
  D4 above=T3 pat=000 resclass=[ 3959, -7, -27713 ] xT=false
  D4 above=T1 pat=000 resclass=[ -2949347184553, -744972767, 3959 ] xT=false
  D4 above=T3 pat=000 resclass=[ 3959, -7, -27713 ] xT=false
MEMBER stv 11/17 4/5 -5/6 shape=[ 1, 1, 2, 2 ] tors=[ 4, 4 ] order4=12 norm111=0 xTpass=0
  D4 above=T3 pat=000 resclass=[ 13054, -1, -13054 ] xT=false
  D4 above=T3 pat=000 resclass=[ 13054, -1, -13054 ] xT=false
  D4 above=T1 pat=000 resclass=[ 2199840388041, 674073966, 13054 ] xT=false
  D4 above=T2 pat=000 resclass=[ 674073966, -674073966, -1 ] xT=false
  D4 above=T1 pat=000 resclass=[ 2199840388041, 674073966, 13054 ] xT=false
  D4 above=T2 pat=000 resclass=[ 674073966, -674073966, -1 ] xT=false
  D4 above=T3 pat=000 resclass=[ 13054, -1, -13054 ] xT=false
  D4 above=T3 pat=000 resclass=[ 13054, -1, -13054 ] xT=false
  D4 above=T1 pat=000 resclass=[ 2199840388041, 674073966, 13054 ] xT=false
  D4 above=T2 pat=000 resclass=[ 674073966, -674073966, -1 ] xT=false
  D4 above=T1 pat=000 resclass=[ 2199840388041, 674073966, 13054 ] xT=false
  D4 above=T2 pat=000 resclass=[ 674073966, -674073966, -1 ] xT=false
MEMBER stv 15/13 5/14 -5/18 shape=[ 1, 1, 2, 2 ] tors=[ 4, 4 ] order4=12 norm111=0 xTpass=0
  D4 above=T3 pat=000 resclass=[ 411319, -19, -7815061 ] xT=false
  D4 above=T3 pat=000 resclass=[ 411319, -19, -7815061 ] xT=false
  D4 above=T2 pat=000 resclass=[ 314906499510, -16574026290, -19 ] xT=false
  D4 above=T1 pat=000 resclass=[ 129527026471953690, 314906499510, 411319 ] xT=false
  D4 above=T2 pat=000 resclass=[ 314906499510, -16574026290, -19 ] xT=false
  D4 above=T1 pat=000 resclass=[ 129527026471953690, 314906499510, 411319 ] xT=false
  D4 above=T3 pat=000 resclass=[ 411319, -19, -7815061 ] xT=false
  D4 above=T3 pat=000 resclass=[ 411319, -19, -7815061 ] xT=false
  D4 above=T2 pat=000 resclass=[ 314906499510, -16574026290, -19 ] xT=false
  D4 above=T1 pat=000 resclass=[ 129527026471953690, 314906499510, 411319 ] xT=false
  D4 above=T2 pat=000 resclass=[ 314906499510, -16574026290, -19 ] xT=false
  D4 above=T1 pat=000 resclass=[ 129527026471953690, 314906499510, 411319 ] xT=false
PART_DONE part=168
