MEMBER stv 1/4 4/3 3/2 shape=[ 1, 1, 2, 2 ] tors=[ 4, 4 ] order4=12 norm111=0 xTpass=0
  D4 above=T3 pat=000 resclass=[ -703, 7, -4921 ] xT=false
  D4 above=T3 pat=000 resclass=[ -703, 7, -4921 ] xT=false
  D4 above=T2 pat=000 resclass=[ -70, -10, 7 ] xT=false
  D4 above=T1 pat=000 resclass=[ 49210, -70, -703 ] xT=false
  D4 above=T2 pat=000 resclass=[ -70, -10, 7 ] xT=false
  D4 above=T1 pat=000 resclass=[ 49210, -70, -703 ] xT=false
  D4 above=T3 pat=000 resclass=[ -703, 7, -4921 ] xT=false
  D4 above=T3 pat=000 resclass=[ -703, 7, -4921 ] xT=false
  D4 above=T2 pat=000 resclass=[ -70, -10, 7 ] xT=false
  D4 above=T1 pat=000 resclass=[ 49210, -70, -703 ] xT=false
  D4 above=T2 pat=000 resclass=[ -70, -10, 7 ] xT=false
  D4 above=T1 pat=000 resclass=[ 49210, -70, -703 ] xT=false
MEMBER stv 1/3 3/4 2/3 shape=[ 1, 1, 2, 2 ] tors=[ 4, 4 ] order4=12 norm111=0 xTpass=0
  D4 above=T1 pat=000 resclass=[ 482093535, -2605911, -185 ] xT=false
  D4 above=T1 pat=000 resclass=[ 482093535, -2605911, -185 ] xT=false
  D4 above=T2 pat=000 resclass=[ -2605911, 372273, -7 ] xT=false
  D4 above=T3 pat=000 resclass=[ -185, -7, 1295 ] xT=false
  D4 above=T2 pat=000 resclass=[ -2605911, 372273, -7 ] xT=false
  D4 above=T3 pat=000 resclass=[ -185, -7, 1295 ] xT=false
  D4 above=T1 pat=000 resclass=[ 482093535, -2605911, -185 ] xT=false
  D4 above=T1 pat=000 resclass=[ 482093535, -2605911, -185 ] xT=false
  D4 above=T2 pat=000 resclass=[ -2605911, 372273, -7 ] xT=false
  D4 above=T3 pat=000 resclass=[ -185, -7, 1295 ] xT=false
  D4 above=T2 pat=000 resclass=[ -2605911, 372273, -7 ] xT=false
  D4 above=T3 pat=000 resclass=[ -185, -7, 1295 ] xT=false
MEMBER stv 1/2 1/2 4 shape=[ 1, 1, 2, 2 ] tors=[ 4, 4 ] order4=12 norm111=0 xTpass=0
  D4 above=T1 pat=000 resclass=[ 330, -66, -5 ] xT=false
  D4 above=T1 pat=000 resclass=[ 330, -66, -5 ] xT=false
  D4 above=T2 pat=000 resclass=[ -66, 22, -3 ] xT=false
  D4 above=T3 pat=000 resclass=[ -5, -3, 15 ] xT=false
  D4 above=T2 pat=000 resclass=[ -66, 22, -3 ] xT=false
  D4 above=T3 pat=000 resclass=[ -5, -3, 15 ] xT=false
  D4 above=T1 pat=000 resclass=[ 330, -66, -5 ] xT=false
  D4 above=T1 pat=000 resclass=[ 330, -66, -5 ] xT=false
  D4 above=T2 pat=000 resclass=[ -66, 22, -3 ] xT=false
  D4 above=T3 pat=000 resclass=[ -5, -3, 15 ] xT=false
  D4 above=T2 pat=000 resclass=[ -66, 22, -3 ] xT=false
  D4 above=T3 pat=000 resclass=[ -5, -3, 15 ] xT=false
MEMBER stv 2/3 1/3 4/3 shape=[ 1, 1, 2, 2 ] tors=[ 4, 4 ] order4=12 norm111=0 xTpass=0
  D4 above=T2 pat=000 resclass=[ -108102, 54051, -2 ] xT=false
  D4 above=T2 pat=000 resclass=[ -108102, 54051, -2 ] xT=false
  D4 above=T3 pat=000 resclass=[ -7, -2, 14 ] xT=false
  D4 above=T1 pat=000 resclass=[ 756714, -108102, -7 ] xT=false
  D4 above=T3 pat=000 resclass=[ -7, -2, 14 ] xT=false
  D4 above=T1 pat=000 resclass=[ 756714, -108102, -7 ] xT=false
  D4 above=T2 pat=000 resclass=[ -108102, 54051, -2 ] xT=false
  D4 above=T2 pat=000 resclass=[ -108102, 54051, -2 ] xT=false
  D4 above=T3 pat=000 resclass=[ -7, -2, 14 ] xT=false
  D4 above=T1 pat=000 resclass=[ 756714, -108102, -7 ] xT=false
  D4 above=T3 pat=000 resclass=[ -7, -2, 14 ] xT=false
  D4 above=T1 pat=000 resclass=[ 756714, -108102, -7 ] xT=false
MEMBER stv 3/4 1/4 1/2 shape=[ 1, 1, 2, 2 ] tors=[ 4, 4 ] order4=12 norm111=0 xTpass=0
  D4 above=T2 pat=000 resclass=[ -825330, 55022, -15 ] xT=false
  D4 above=T2 pat=000 resclass=[ -825330, 55022, -15 ] xT=false
  D4 above=T1 pat=000 resclass=[ 825330, -825330, -1 ] xT=false
  D4 above=T3 pat=000 resclass=[ -1, -15, 15 ] xT=false
  D4 above=T1 pat=000 resclass=[ 825330, -825330, -1 ] xT=false
  D4 above=T3 pat=000 resclass=[ -1, -15, 15 ] xT=false
  D4 above=T2 pat=000 resclass=[ -825330, 55022, -15 ] xT=false
  D4 above=T2 pat=000 resclass=[ -825330, 55022, -15 ] xT=false
  D4 above=T1 pat=000 resclass=[ 825330, -825330, -1 ] xT=false
  D4 above=T3 pat=000 resclass=[ -1, -15, 15 ] xT=false
  D4 above=T1 pat=000 resclass=[ 825330, -825330, -1 ] xT=false
  D4 above=T3 pat=000 resclass=[ -1, -15, 15 ] xT=false
MEMBER stv 3/4 3 3 shape=[ 1, 1, 2, 2 ] tors=[ 4, 4 ] order4=12 norm111=0 xTpass=0
  D4 above=T1 pat=000 resclass=[ 893762310, -880554, -1015 ] xT=false
  D4 above=T1 pat=000 resclass=[ 893762310, -880554, -1015 ] xT=false
  D4 above=T3 pat=000 resclass=[ -1015, 2, -2030 ] xT=false
  D4 above=T2 pat=000 resclass=[ -880554, -440277, 2 ] xT=false
  D4 above=T3 pat=000 resclass=[ -1015, 2, -2030 ] xT=false
  D4 above=T2 pat=000 resclass=[ -880554, -440277, 2 ] xT=false
  D4 above=T1 pat=000 resclass=[ 893762310, -880554, -1015 ] xT=false
  D4 above=T1 pat=000 resclass=[ 893762310, -880554, -1015 ] xT=false
  D4 above=T3 pat=000 resclass=[ -1015, 2, -2030 ] xT=false
  D4 above=T2 pat=000 resclass=[ -880554, -440277, 2 ] xT=false
  D4 above=T3 pat=000 resclass=[ -1015, 2, -2030 ] xT=false
  D4 above=T2 pat=000 resclass=[ -880554, -440277, 2 ] xT=false
MEMBER stv 1 2 1 shape=[ 1, 1, 2, 2 ] tors=[ 4, 4 ] order4=12 norm111=0 xTpass=0
  D4 above=T2 pat=000 resclass=[ -15, -5, 3 ] xT=false
  D4 above=T2 pat=000 resclass=[ -15, -5, 3 ] xT=false
  D4 above=T3 pat=000 resclass=[ -2, 3, -6 ] xT=false
  D4 above=T1 pat=000 resclass=[ 30, -15, -2 ] xT=false
  D4 above=T3 pat=000 resclass=[ -2, 3, -6 ] xT=false
  D4 above=T1 pat=000 resclass=[ 30, -15, -2 ] xT=false
  D4 above=T2 pat=000 resclass=[ -15, -5, 3 ] xT=false
  D4 above=T2 pat=000 resclass=[ -15, -5, 3 ] xT=false
  D4 above=T3 pat=000 resclass=[ -2, 3, -6 ] xT=false
  D4 above=T1 pat=000 resclass=[ 30, -15, -2 ] xT=false
  D4 above=T3 pat=000 resclass=[ -2, 3, -6 ] xT=false
  D4 above=T1 pat=000 resclass=[ 30, -15, -2 ] xT=false
MEMBER stv 4/3 3/2 1/3 shape=[ 1, 1, 2, 2 ] tors=[ 4, 4 ] order4=12 norm111=0 xTpass=0
  D4 above=T3 pat=000 resclass=[ 31, 5, 155 ] xT=false
  D4 above=T3 pat=000 resclass=[ 31, 5, 155 ] xT=false
  D4 above=T1 pat=000 resclass=[ 5658585, 182535, 31 ] xT=false
  D4 above=T2 pat=000 resclass=[ 182535, 36507, 5 ] xT=false
  D4 above=T1 pat=000 resclass=[ 5658585, 182535, 31 ] xT=false
  D4 above=T2 pat=000 resclass=[ 182535, 36507, 5 ] xT=false
  D4 above=T3 pat=000 resclass=[ 31, 5, 155 ] xT=false
  D4 above=T3 pat=000 resclass=[ 31, 5, 155 ] xT=false
  D4 above=T1 pat=000 resclass=[ 5658585, 182535, 31 ] xT=false
  D4 above=T2 pat=000 resclass=[ 182535, 36507, 5 ] xT=false
  D4 above=T1 pat=000 resclass=[ 5658585, 182535, 31 ] xT=false
  D4 above=T2 pat=000 resclass=[ 182535, 36507, 5 ] xT=false
MEMBER stv 3/2 3/4 2 shape=[ 1, 1, 2, 2 ] tors=[ 4, 4 ] order4=12 norm111=0 xTpass=0
  D4 above=T3 pat=000 resclass=[ 527, -7, -3689 ] xT=false
  D4 above=T3 pat=000 resclass=[ 527, -7, -3689 ] xT=false
  D4 above=T2 pat=000 resclass=[ -118118, 16874, -7 ] xT=false
  D4 above=T1 pat=000 resclass=[ -62248186, -118118, 527 ] xT=false
  D4 above=T2 pat=000 resclass=[ -118118, 16874, -7 ] xT=false
  D4 above=T1 pat=000 resclass=[ -62248186, -118118, 527 ] xT=false
  D4 above=T3 pat=000 resclass=[ 527, -7, -3689 ] xT=false
  D4 above=T3 pat=000 resclass=[ 527, -7, -3689 ] xT=false
  D4 above=T2 pat=000 resclass=[ -118118, 16874, -7 ] xT=false
  D4 above=T1 pat=000 resclass=[ -62248186, -118118, 527 ] xT=false
  D4 above=T2 pat=000 resclass=[ -118118, 16874, -7 ] xT=false
  D4 above=T1 pat=000 resclass=[ -62248186, -118118, 527 ] xT=false
MEMBER stv 2 2/3 3/4 shape=[ 1, 1, 2, 2 ] tors=[ 4, 4 ] order4=12 norm111=0 xTpass=0
  D4 above=T3 pat=000 resclass=[ 299, -5, -1495 ] xT=false
  D4 above=T3 pat=000 resclass=[ 299, -5, -1495 ] xT=false
  D4 above=T1 pat=000 resclass=[ -168935, -565, 299 ] xT=false
  D4 above=T2 pat=000 resclass=[ -565, 113, -5 ] xT=false
  D4 above=T1 pat=000 resclass=[ -168935, -565, 299 ] xT=false
  D4 above=T2 pat=000 resclass=[ -565, 113, -5 ] xT=false
  D4 above=T3 pat=000 resclass=[ 299, -5, -1495 ] xT=false
  D4 above=T3 pat=000 resclass=[ 299, -5, -1495 ] xT=false
  D4 above=T1 pat=000 resclass=[ -168935, -565, 299 ] xT=false
  D4 above=T2 pat=000 resclass=[ -565, 113, -5 ] xT=false
  D4 above=T1 pat=000 resclass=[ -168935, -565, 299 ] xT=false
  D4 above=T2 pat=000 resclass=[ -565, 113, -5 ] xT=false
MEMBER stv 3 1/2 1/4 shape=[ 1, 1, 1, 1, 2 ] tors=[ 2, 4, 4 ] order4=24 norm111=0 xTpass=0
  D4 above=T3 pat=000 resclass=[ 15, -3, -5 ] xT=false
  D4 above=T3 pat=000 resclass=[ 15, 3, 5 ] xT=false
  D4 above=T3 pat=000 resclass=[ 15, -3, -5 ] xT=false
  D4 above=T3 pat=000 resclass=[ 15, 3, 5 ] xT=false
  D4 above=T2 pat=000 resclass=[ -8229, 2743, -3 ] xT=false
  D4 above=T2 pat=000 resclass=[ -8229, -2743, 3 ] xT=false
  D4 above=T1 pat=000 resclass=[ -13715, -8229, 15 ] xT=false
  D4 above=T1 pat=000 resclass=[ -13715, 8229, -15 ] xT=false
  D4 above=T2 pat=000 resclass=[ -8229, 2743, -3 ] xT=false
  D4 above=T2 pat=000 resclass=[ -8229, -2743, 3 ] xT=false
  D4 above=T1 pat=000 resclass=[ -13715, -8229, 15 ] xT=false
  D4 above=T1 pat=000 resclass=[ -13715, 8229, -15 ] xT=false
  D4 above=T3 pat=000 resclass=[ 15, -3, -5 ] xT=false
  D4 above=T3 pat=000 resclass=[ 15, 3, 5 ] xT=false
  D4 above=T3 pat=000 resclass=[ 15, -3, -5 ] xT=false
  D4 above=T3 pat=000 resclass=[ 15, 3, 5 ] xT=false
  D4 above=T2 pat=000 resclass=[ -8229, 2743, -3 ] xT=false
  D4 above=T2 pat=000 resclass=[ -8229, -2743, 3 ] xT=false
  D4 above=T1 pat=000 resclass=[ -13715, -8229, 15 ] xT=false
  D4 above=T1 pat=000 resclass=[ -13715, 8229, -15 ] xT=false
  D4 above=T2 pat=000 resclass=[ -8229, 2743, -3 ] xT=false
  D4 above=T2 pat=000 resclass=[ -8229, -2743, 3 ] xT=false
  D4 above=T1 pat=000 resclass=[ -13715, -8229, 15 ] xT=false
  D4 above=T1 pat=000 resclass=[ -13715, 8229, -15 ] xT=false
MEMBER stv 4 1/4 3/2 shape=[ 1, 1, 2, 2 ] tors=[ 4, 4 ] order4=12 norm111=0 xTpass=0
  D4 above=T1 pat=000 resclass=[ -202951, -2569, 79 ] xT=false
  D4 above=T1 pat=000 resclass=[ -202951, -2569, 79 ] xT=false
  D4 above=T2 pat=000 resclass=[ -2569, 38535, -15 ] xT=false
  D4 above=T3 pat=000 resclass=[ 79, -15, -1185 ] xT=false
  D4 above=T2 pat=000 resclass=[ -2569, 38535, -15 ] xT=false
  D4 above=T3 pat=000 resclass=[ 79, -15, -1185 ] xT=false
  D4 above=T1 pat=000 resclass=[ -202951, -2569, 79 ] xT=false
  D4 above=T1 pat=000 resclass=[ -202951, -2569, 79 ] xT=false
  D4 above=T2 pat=000 resclass=[ -2569, 38535, -15 ] xT=false
  D4 above=T3 pat=000 resclass=[ 79, -15, -1185 ] xT=false
  D4 above=T2 pat=000 resclass=[ -2569, 38535, -15 ] xT=false
  D4 above=T3 pat=000 resclass=[ 79, -15, -1185 ] xT=false
MEMBER stv 4 4 2/3 shape=[ 1, 1, 2, 2 ] tors=[ 4, 4 ] order4=12 norm111=0 xTpass=0
  D4 above=T2 pat=000 resclass=[ -6230, -3738, 15 ] xT=false
  D4 above=T2 pat=000 resclass=[ -6230, -3738, 15 ] xT=false
  D4 above=T1 pat=000 resclass=[ 1302070, -6230, -209 ] xT=false
  D4 above=T3 pat=000 resclass=[ -209, 15, -3135 ] xT=false
  D4 above=T1 pat=000 resclass=[ 1302070, -6230, -209 ] xT=false
  D4 above=T3 pat=000 resclass=[ -209, 15, -3135 ] xT=false
  D4 above=T2 pat=000 resclass=[ -6230, -3738, 15 ] xT=false
  D4 above=T2 pat=000 resclass=[ -6230, -3738, 15 ] xT=false
  D4 above=T1 pat=000 resclass=[ 1302070, -6230, -209 ] xT=false
  D4 above=T3 pat=000 resclass=[ -209, 15, -3135 ] xT=false
  D4 above=T1 pat=000 resclass=[ 1302070, -6230, -209 ] xT=false
  D4 above=T3 pat=000 resclass=[ -209, 15, -3135 ] xT=false
MEMBER stv 14/15 17/8 -13/12 shape=[ 1, 1, 2, 2 ] tors=[ 4, 4 ] order4=12 norm111=0 xTpass=0
  D4 above=T3 pat=010 resclass=[ -10587809, 1, -10587809 ] xT=false
  D4 above=T3 pat=010 resclass=[ -10587809, 1, -10587809 ] xT=false
  D4 above=T1 pat=000 resclass=[ 2994193237771476546, -282796302594, -10587809 ] xT=false
  D4 above=T2 pat=001 resclass=[ -282796302594, -282796302594, 1 ] xT=false
  D4 above=T1 pat=000 resclass=[ 2994193237771476546, -282796302594, -10587809 ] xT=false
  D4 above=T2 pat=001 resclass=[ -282796302594, -282796302594, 1 ] xT=false
  D4 above=T3 pat=010 resclass=[ -10587809, 1, -10587809 ] xT=false
  D4 above=T3 pat=010 resclass=[ -10587809, 1, -10587809 ] xT=false
  D4 above=T1 pat=000 resclass=[ 2994193237771476546, -282796302594, -10587809 ] xT=false
  D4 above=T2 pat=001 resclass=[ -282796302594, -282796302594, 1 ] xT=false
  D4 above=T1 pat=000 resclass=[ 2994193237771476546, -282796302594, -10587809 ] xT=false
  D4 above=T2 pat=001 resclass=[ -282796302594, -282796302594, 1 ] xT=false
MEMBER stv 3/4 3/8 -5/2 shape=[ 1, 1, 2, 2 ] tors=[ 4, 4 ] order4=12 norm111=0 xTpass=0
  D4 above=T3 pat=000 resclass=[ -721, -55, 39655 ] xT=false
  D4 above=T3 pat=000 resclass=[ -721, -55, 39655 ] xT=false
  D4 above=T2 pat=000 resclass=[ 1659658, -754390, -55 ] xT=false
  D4 above=T1 pat=000 resclass=[ -24420682, 1659658, -721 ] xT=false
  D4 above=T2 pat=000 resclass=[ 1659658, -754390, -55 ] xT=false
  D4 above=T1 pat=000 resclass=[ -24420682, 1659658, -721 ] xT=false
  D4 above=T3 pat=000 resclass=[ -721, -55, 39655 ] xT=false
  D4 above=T3 pat=000 resclass=[ -721, -55, 39655 ] xT=false
  D4 above=T2 pat=000 resclass=[ 1659658, -754390, -55 ] xT=false
  D4 above=T1 pat=000 resclass=[ -24420682, 1659658, -721 ] xT=false
  D4 above=T2 pat=000 resclass=[ 1659658, -754390, -55 ] xT=false
  D4 above=T1 pat=000 resclass=[ -24420682, 1659658, -721 ] xT=false
MEMBER stv 19/13 16/13 1/2 shape=[ 1, 1, 2, 2 ] tors=[ 4, 4 ] order4=12 norm111=0 xTpass=0
  D4 above=T3 pat=000 resclass=[ 835, 87, 72645 ] xT=false
  D4 above=T3 pat=000 resclass=[ 835, 87, 72645 ] xT=false
  D4 above=T2 pat=000 resclass=[ 143937614, 14890098, 87 ] xT=false
  D4 above=T1 pat=000 resclass=[ 120187907690, 143937614, 835 ] xT=false
  D4 above=T2 pat=000 resclass=[ 143937614, 14890098, 87 ] xT=false
  D4 above=T1 pat=000 resclass=[ 120187907690, 143937614, 835 ] xT=false
  D4 above=T3 pat=000 resclass=[ 835, 87, 72645 ] xT=false
  D4 above=T3 pat=000 resclass=[ 835, 87, 72645 ] xT=false
  D4 above=T2 pat=000 resclass=[ 143937614, 14890098, 87 ] xT=false
  D4 above=T1 pat=000 resclass=[ 120187907690, 143937614, 835 ] xT=false
  D4 above=T2 pat=000 resclass=[ 143937614, 14890098, 87 ] xT=false
  D4 above=T1 pat=000 resclass=[ 120187907690, 143937614, 835 ] xT=false
PART_DONE part=169
