MEMBER mnv -1/2 -1/4 65536/21049 shape=[ 1, 1, 2, 2 ] tors=[ 4, 4 ] order4=12 norm111=12 xTpass=0
  D4 above=T1 pat=111 resclass=[ 1, 1, 1 ] xT=false
  D4 above=T1 pat=111 resclass=[ 1, 1, 1 ] xT=false
  D4 above=T2 pat=111 resclass=[ 1, 1, 1 ] xT=false
  D4 above=T3 pat=111 resclass=[ 1, 1, 1 ] xT=false
  D4 above=T2 pat=111 resclass=[ 1, 1, 1 ] xT=false
  D4 above=T3 pat=111 resclass=[ 1, 1, 1 ] xT=false
  D4 above=T1 pat=111 resclass=[ 1, 1, 1 ] xT=false
  D4 above=T1 pat=111 resclass=[ 1, 1, 1 ] xT=false
  D4 above=T2 pat=111 resclass=[ 1, 1, 1 ] xT=false
  D4 above=T3 pat=111 resclass=[ 1, 1, 1 ] xT=false
  D4 above=T2 pat=111 resclass=[ 1, 1, 1 ] xT=false
  D4 above=T3 pat=111 resclass=[ 1, 1, 1 ] xT=false
MEMBER stv 1/4 2 3/4 shape=[ 1, 1, 2, 2 ] tors=[ 4, 4 ] order4=12 norm111=0 xTpass=0
  D4 above=T3 pat=000 resclass=[ -143, 3, -429 ] xT=false
  D4 above=T3 pat=000 resclass=[ -143, 3, -429 ] xT=false
  D4 above=T1 pat=000 resclass=[ 4876729, -34103, -143 ] xT=false
  D4 above=T2 pat=000 resclass=[ -34103, -102309, 3 ] xT=false
  D4 above=T1 pat=000 resclass=[ 4876729, -34103, -143 ] xT=false
  D4 above=T2 pat=000 resclass=[ -34103, -102309, 3 ] xT=false
  D4 above=T3 pat=000 resclass=[ -143, 3, -429 ] xT=false
  D4 above=T3 pat=000 resclass=[ -143, 3, -429 ] xT=false
  D4 above=T1 pat=000 resclass=[ 4876729, -34103, -143 ] xT=false
  D4 above=T2 pat=000 resclass=[ -34103, -102309, 3 ] xT=false
  D4 above=T1 pat=000 resclass=[ 4876729, -34103, -143 ] xT=false
  D4 above=T2 pat=000 resclass=[ -34103, -102309, 3 ] xT=false
MEMBER stv 1/3 3/2 1/4 shape=[ 1, 1, 2, 2 ] tors=[ 4, 4 ] order4=12 norm111=0 xTpass=0
  D4 above=T3 pat=000 resclass=[ -209, 5, -1045 ] xT=false
  D4 above=T3 pat=000 resclass=[ -209, 5, -1045 ] xT=false
  D4 above=T1 pat=000 resclass=[ -59755, 34595, -209 ] xT=false
  D4 above=T2 pat=000 resclass=[ 34595, 6919, 5 ] xT=false
  D4 above=T1 pat=000 resclass=[ -59755, 34595, -209 ] xT=false
  D4 above=T2 pat=000 resclass=[ 34595, 6919, 5 ] xT=false
  D4 above=T3 pat=000 resclass=[ -209, 5, -1045 ] xT=false
  D4 above=T3 pat=000 resclass=[ -209, 5, -1045 ] xT=false
  D4 above=T1 pat=000 resclass=[ -59755, 34595, -209 ] xT=false
  D4 above=T2 pat=000 resclass=[ 34595, 6919, 5 ] xT=false
  D4 above=T1 pat=000 resclass=[ -59755, 34595, -209 ] xT=false
  D4 above=T2 pat=000 resclass=[ 34595, 6919, 5 ] xT=false
MEMBER stv 1/2 3/4 3/2 shape=[ 1, 1, 2, 2 ] tors=[ 4, 4 ] order4=12 norm111=0 xTpass=0
  D4 above=T1 pat=000 resclass=[ -687610, -412566, 15 ] xT=false
  D4 above=T1 pat=000 resclass=[ -687610, -412566, 15 ] xT=false
  D4 above=T2 pat=000 resclass=[ -412566, 58938, -7 ] xT=false
  D4 above=T3 pat=000 resclass=[ 15, -7, -105 ] xT=false
  D4 above=T2 pat=000 resclass=[ -412566, 58938, -7 ] xT=false
  D4 above=T3 pat=000 resclass=[ 15, -7, -105 ] xT=false
  D4 above=T1 pat=000 resclass=[ -687610, -412566, 15 ] xT=false
  D4 above=T1 pat=000 resclass=[ -687610, -412566, 15 ] xT=false
  D4 above=T2 pat=000 resclass=[ -412566, 58938, -7 ] xT=false
  D4 above=T3 pat=000 resclass=[ 15, -7, -105 ] xT=false
  D4 above=T2 pat=000 resclass=[ -412566, 58938, -7 ] xT=false
  D4 above=T3 pat=000 resclass=[ 15, -7, -105 ] xT=false
MEMBER stv 2/3 2/3 2/3 shape=[ 1, 1, 2, 2 ] tors=[ 4, 4 ] order4=12 norm111=0 xTpass=0
  D4 above=T3 pat=000 resclass=[ 11, -5, -55 ] xT=false
  D4 above=T3 pat=000 resclass=[ 11, -5, -55 ] xT=false
  D4 above=T1 pat=000 resclass=[ -164010, -14910, 11 ] xT=false
  D4 above=T2 pat=000 resclass=[ -14910, 2982, -5 ] xT=false
  D4 above=T1 pat=000 resclass=[ -164010, -14910, 11 ] xT=false
  D4 above=T2 pat=000 resclass=[ -14910, 2982, -5 ] xT=false
  D4 above=T3 pat=000 resclass=[ 11, -5, -55 ] xT=false
  D4 above=T3 pat=000 resclass=[ 11, -5, -55 ] xT=false
  D4 above=T1 pat=000 resclass=[ -164010, -14910, 11 ] xT=false
  D4 above=T2 pat=000 resclass=[ -14910, 2982, -5 ] xT=false
  D4 above=T1 pat=000 resclass=[ -164010, -14910, 11 ] xT=false
  D4 above=T2 pat=000 resclass=[ -14910, 2982, -5 ] xT=false
MEMBER stv 3/4 1/3 4 shape=[ 1, 1, 2, 2 ] tors=[ 4, 4 ] order4=12 norm111=0 xTpass=0
  D4 above=T2 pat=000 resclass=[ -30706, 15353, -2 ] xT=false
  D4 above=T2 pat=000 resclass=[ -30706, 15353, -2 ] xT=false
  D4 above=T1 pat=000 resclass=[ 9058270, -30706, -295 ] xT=false
  D4 above=T3 pat=000 resclass=[ -295, -2, 590 ] xT=false
  D4 above=T1 pat=000 resclass=[ 9058270, -30706, -295 ] xT=false
  D4 above=T3 pat=000 resclass=[ -295, -2, 590 ] xT=false
  D4 above=T2 pat=000 resclass=[ -30706, 15353, -2 ] xT=false
  D4 above=T2 pat=000 resclass=[ -30706, 15353, -2 ] xT=false
  D4 above=T1 pat=000 resclass=[ 9058270, -30706, -295 ] xT=false
  D4 above=T3 pat=000 resclass=[ -295, -2, 590 ] xT=false
  D4 above=T1 pat=000 resclass=[ 9058270, -30706, -295 ] xT=false
  D4 above=T3 pat=000 resclass=[ -295, -2, 590 ] xT=false
MEMBER stv 1 1/4 4/3 shape=[ 1, 1, 2, 2 ] tors=[ 4, 4 ] order4=12 norm111=0 xTpass=0
  D4 above=T2 pat=000 resclass=[ -16205, 9723, -15 ] xT=false
  D4 above=T2 pat=000 resclass=[ -16205, 9723, -15 ] xT=false
  D4 above=T3 pat=000 resclass=[ 31, -15, -465 ] xT=false
  D4 above=T1 pat=000 resclass=[ -502355, -16205, 31 ] xT=false
  D4 above=T3 pat=000 resclass=[ 31, -15, -465 ] xT=false
  D4 above=T1 pat=000 resclass=[ -502355, -16205, 31 ] xT=false
  D4 above=T2 pat=000 resclass=[ -16205, 9723, -15 ] xT=false
  D4 above=T2 pat=000 resclass=[ -16205, 9723, -15 ] xT=false
  D4 above=T3 pat=000 resclass=[ 31, -15, -465 ] xT=false
  D4 above=T1 pat=000 resclass=[ -502355, -16205, 31 ] xT=false
  D4 above=T3 pat=000 resclass=[ 31, -15, -465 ] xT=false
  D4 above=T1 pat=000 resclass=[ -502355, -16205, 31 ] xT=false
MEMBER stv 1 4 1/2 shape=[ 1, 1, 2, 2 ] tors=[ 4, 4 ] order4=12 norm111=0 xTpass=0
  D4 above=T1 pat=000 resclass=[ 8295, -2370, -14 ] xT=false
  D4 above=T1 pat=000 resclass=[ 8295, -2370, -14 ] xT=false
  D4 above=T3 pat=000 resclass=[ -14, 15, -210 ] xT=false
  D4 above=T2 pat=000 resclass=[ -2370, -158, 15 ] xT=false
  D4 above=T3 pat=000 resclass=[ -14, 15, -210 ] xT=false
  D4 above=T2 pat=000 resclass=[ -2370, -158, 15 ] xT=false
  D4 above=T1 pat=000 resclass=[ 8295, -2370, -14 ] xT=false
  D4 above=T1 pat=000 resclass=[ 8295, -2370, -14 ] xT=false
  D4 above=T3 pat=000 resclass=[ -14, 15, -210 ] xT=false
  D4 above=T2 pat=000 resclass=[ -2370, -158, 15 ] xT=false
  D4 above=T3 pat=000 resclass=[ -14, 15, -210 ] xT=false
  D4 above=T2 pat=000 resclass=[ -2370, -158, 15 ] xT=false
MEMBER stv 4/3 2 3 shape=[ 1, 1, 2, 2 ] tors=[ 4, 4 ] order4=12 norm111=0 xTpass=0
  D4 above=T1 pat=000 resclass=[ 109915, -1691, -65 ] xT=false
  D4 above=T1 pat=000 resclass=[ 109915, -1691, -65 ] xT=false
  D4 above=T2 pat=000 resclass=[ -1691, -5073, 3 ] xT=false
  D4 above=T3 pat=000 resclass=[ -65, 3, -195 ] xT=false
  D4 above=T2 pat=000 resclass=[ -1691, -5073, 3 ] xT=false
  D4 above=T3 pat=000 resclass=[ -65, 3, -195 ] xT=false
  D4 above=T1 pat=000 resclass=[ 109915, -1691, -65 ] xT=false
  D4 above=T1 pat=000 resclass=[ 109915, -1691, -65 ] xT=false
  D4 above=T2 pat=000 resclass=[ -1691, -5073, 3 ] xT=false
  D4 above=T3 pat=000 resclass=[ -65, 3, -195 ] xT=false
  D4 above=T2 pat=000 resclass=[ -1691, -5073, 3 ] xT=false
  D4 above=T3 pat=000 resclass=[ -65, 3, -195 ] xT=false
MEMBER stv 3/2 3/2 1 shape=[ 1, 1, 2, 2 ] tors=[ 4, 4 ] order4=12 norm111=0 xTpass=0
  D4 above=T2 pat=000 resclass=[ 455, 91, 5 ] xT=false
  D4 above=T2 pat=000 resclass=[ 455, 91, 5 ] xT=false
  D4 above=T3 pat=000 resclass=[ 11, 5, 55 ] xT=false
  D4 above=T1 pat=000 resclass=[ 5005, 455, 11 ] xT=false
  D4 above=T3 pat=000 resclass=[ 11, 5, 55 ] xT=false
  D4 above=T1 pat=000 resclass=[ 5005, 455, 11 ] xT=false
  D4 above=T2 pat=000 resclass=[ 455, 91, 5 ] xT=false
  D4 above=T2 pat=000 resclass=[ 455, 91, 5 ] xT=false
  D4 above=T3 pat=000 resclass=[ 11, 5, 55 ] xT=false
  D4 above=T1 pat=000 resclass=[ 5005, 455, 11 ] xT=false
  D4 above=T3 pat=000 resclass=[ 11, 5, 55 ] xT=false
  D4 above=T1 pat=000 resclass=[ 5005, 455, 11 ] xT=false
MEMBER stv 2 4/3 1/3 shape=[ 1, 1, 2, 2 ] tors=[ 4, 4 ] order4=12 norm111=0 xTpass=0
  D4 above=T1 pat=000 resclass=[ 15015, 1365, 11 ] xT=false
  D4 above=T1 pat=000 resclass=[ 15015, 1365, 11 ] xT=false
  D4 above=T2 pat=000 resclass=[ 1365, 195, 7 ] xT=false
  D4 above=T3 pat=000 resclass=[ 11, 7, 77 ] xT=false
  D4 above=T2 pat=000 resclass=[ 1365, 195, 7 ] xT=false
  D4 above=T3 pat=000 resclass=[ 11, 7, 77 ] xT=false
  D4 above=T1 pat=000 resclass=[ 15015, 1365, 11 ] xT=false
  D4 above=T1 pat=000 resclass=[ 15015, 1365, 11 ] xT=false
  D4 above=T2 pat=000 resclass=[ 1365, 195, 7 ] xT=false
  D4 above=T3 pat=000 resclass=[ 11, 7, 77 ] xT=false
  D4 above=T2 pat=000 resclass=[ 1365, 195, 7 ] xT=false
  D4 above=T3 pat=000 resclass=[ 11, 7, 77 ] xT=false
MEMBER stv 3 2/3 2 shape=[ 1, 1, 2, 2 ] tors=[ 4, 4 ] order4=12 norm111=0 xTpass=0
  D4 above=T1 pat=000 resclass=[ -3300110, -300010, 11 ] xT=false
  D4 above=T1 pat=000 resclass=[ -3300110, -300010, 11 ] xT=false
  D4 above=T2 pat=000 resclass=[ -300010, 60002, -5 ] xT=false
  D4 above=T3 pat=000 resclass=[ 11, -5, -55 ] xT=false
  D4 above=T2 pat=000 resclass=[ -300010, 60002, -5 ] xT=false
  D4 above=T3 pat=000 resclass=[ 11, -5, -55 ] xT=false
  D4 above=T1 pat=000 resclass=[ -3300110, -300010, 11 ] xT=false
  D4 above=T1 pat=000 resclass=[ -3300110, -300010, 11 ] xT=false
  D4 above=T2 pat=000 resclass=[ -300010, 60002, -5 ] xT=false
  D4 above=T3 pat=000 resclass=[ 11, -5, -55 ] xT=false
  D4 above=T2 pat=000 resclass=[ -300010, 60002, -5 ] xT=false
  D4 above=T3 pat=000 resclass=[ 11, -5, -55 ] xT=false
MEMBER stv 4 1/2 3/4 shape=[ 1, 1, 2, 2 ] tors=[ 4, 4 ] order4=12 norm111=0 xTpass=0
  D4 above=T3 pat=000 resclass=[ 247, -3, -741 ] xT=false
  D4 above=T3 pat=000 resclass=[ 247, -3, -741 ] xT=false
  D4 above=T1 pat=000 resclass=[ -19, -13, 247 ] xT=false
  D4 above=T2 pat=000 resclass=[ -13, 39, -3 ] xT=false
  D4 above=T1 pat=000 resclass=[ -19, -13, 247 ] xT=false
  D4 above=T2 pat=000 resclass=[ -13, 39, -3 ] xT=false
  D4 above=T3 pat=000 resclass=[ 247, -3, -741 ] xT=false
  D4 above=T3 pat=000 resclass=[ 247, -3, -741 ] xT=false
  D4 above=T1 pat=000 resclass=[ -19, -13, 247 ] xT=false
  D4 above=T2 pat=000 resclass=[ -13, 39, -3 ] xT=false
  D4 above=T1 pat=000 resclass=[ -19, -13, 247 ] xT=false
  D4 above=T2 pat=000 resclass=[ -13, 39, -3 ] xT=false
MEMBER stv 4 11/7 7/5 shape=[ 1, 1, 2, 2 ] tors=[ 4, 4 ] order4=12 norm111=0 xTpass=0
  D4 above=T3 pat=000 resclass=[ 2077, 2, 4154 ] xT=false
  D4 above=T3 pat=000 resclass=[ 2077, 2, 4154 ] xT=false
  D4 above=T1 pat=000 resclass=[ 942604910, 453830, 2077 ] xT=false
  D4 above=T2 pat=000 resclass=[ 453830, 226915, 2 ] xT=false
  D4 above=T1 pat=000 resclass=[ 942604910, 453830, 2077 ] xT=false
  D4 above=T2 pat=000 resclass=[ 453830, 226915, 2 ] xT=false
  D4 above=T3 pat=000 resclass=[ 2077, 2, 4154 ] xT=false
  D4 above=T3 pat=000 resclass=[ 2077, 2, 4154 ] xT=false
  D4 above=T1 pat=000 resclass=[ 942604910, 453830, 2077 ] xT=false
  D4 above=T2 pat=000 resclass=[ 453830, 226915, 2 ] xT=false
  D4 above=T1 pat=000 resclass=[ 942604910, 453830, 2077 ] xT=false
  D4 above=T2 pat=000 resclass=[ 453830, 226915, 2 ] xT=false
MEMBER stv 7/5 2/5 -4/19 shape=[ 1, 1, 2, 2 ] tors=[ 4, 4 ] order4=12 norm111=0 xTpass=0
  D4 above=T3 pat=100 resclass=[ 1, -21, -21 ] xT=false
  D4 above=T3 pat=100 resclass=[ 1, -21, -21 ] xT=false
  D4 above=T1 pat=001 resclass=[ 9124199, 9124199, 1 ] xT=false
  D4 above=T2 pat=000 resclass=[ 9124199, -3910371, -21 ] xT=false
  D4 above=T1 pat=001 resclass=[ 9124199, 9124199, 1 ] xT=false
  D4 above=T2 pat=000 resclass=[ 9124199, -3910371, -21 ] xT=false
  D4 above=T3 pat=100 resclass=[ 1, -21, -21 ] xT=false
  D4 above=T3 pat=100 resclass=[ 1, -21, -21 ] xT=false
  D4 above=T1 pat=001 resclass=[ 9124199, 9124199, 1 ] xT=false
  D4 above=T2 pat=000 resclass=[ 9124199, -3910371, -21 ] xT=false
  D4 above=T1 pat=001 resclass=[ 9124199, 9124199, 1 ] xT=false
  D4 above=T2 pat=000 resclass=[ 9124199, -3910371, -21 ] xT=false
MEMBER stv 1/2 7/2 17/7 shape=[ 1, 1, 2, 2 ] tors=[ 4, 4 ] order4=12 norm111=0 xTpass=0
  D4 above=T2 pat=000 resclass=[ -493255, -98651, 5 ] xT=false
  D4 above=T2 pat=000 resclass=[ -493255, -98651, 5 ] xT=false
  D4 above=T3 pat=000 resclass=[ -2021, 5, -10105 ] xT=false
  D4 above=T1 pat=000 resclass=[ 996868355, -493255, -2021 ] xT=false
  D4 above=T3 pat=000 resclass=[ -2021, 5, -10105 ] xT=false
  D4 above=T1 pat=000 resclass=[ 996868355, -493255, -2021 ] xT=false
  D4 above=T2 pat=000 resclass=[ -493255, -98651, 5 ] xT=false
  D4 above=T2 pat=000 resclass=[ -493255, -98651, 5 ] xT=false
  D4 above=T3 pat=000 resclass=[ -2021, 5, -10105 ] xT=false
  D4 above=T1 pat=000 resclass=[ 996868355, -493255, -2021 ] xT=false
  D4 above=T3 pat=000 resclass=[ -2021, 5, -10105 ] xT=false
  D4 above=T1 pat=000 resclass=[ 996868355, -493255, -2021 ] xT=false
MEMBER stv 18/19 3/2 1/5 shape=[ 1, 1, 2, 2 ] tors=[ 4, 4 ] order4=12 norm111=0 xTpass=0
  D4 above=T3 pat=000 resclass=[ -3841, 5, -19205 ] xT=false
  D4 above=T3 pat=000 resclass=[ -3841, 5, -19205 ] xT=false
  D4 above=T2 pat=000 resclass=[ 37936651, 189683255, 5 ] xT=false
  D4 above=T1 pat=000 resclass=[ -145714676491, 37936651, -3841 ] xT=false
  D4 above=T2 pat=000 resclass=[ 37936651, 189683255, 5 ] xT=false
  D4 above=T1 pat=000 resclass=[ -145714676491, 37936651, -3841 ] xT=false
  D4 above=T3 pat=000 resclass=[ -3841, 5, -19205 ] xT=false
  D4 above=T3 pat=000 resclass=[ -3841, 5, -19205 ] xT=false
  D4 above=T2 pat=000 resclass=[ 37936651, 189683255, 5 ] xT=false
  D4 above=T1 pat=000 resclass=[ -145714676491, 37936651, -3841 ] xT=false
  D4 above=T2 pat=000 resclass=[ 37936651, 189683255, 5 ] xT=false
  D4 above=T1 pat=000 resclass=[ -145714676491, 37936651, -3841 ] xT=false
PART_DONE part=17
