MEMBER stv 1/4 4/3 -3/2 shape=[ 1, 1, 2, 2 ] tors=[ 4, 4 ] order4=12 norm111=0 xTpass=0
  D4 above=T1 pat=000 resclass=[ 29398054, -41818, -703 ] xT=false
  D4 above=T1 pat=000 resclass=[ 29398054, -41818, -703 ] xT=false
  D4 above=T3 pat=000 resclass=[ -703, 7, -4921 ] xT=false
  D4 above=T2 pat=000 resclass=[ -41818, -5974, 7 ] xT=false
  D4 above=T3 pat=000 resclass=[ -703, 7, -4921 ] xT=false
  D4 above=T2 pat=000 resclass=[ -41818, -5974, 7 ] xT=false
  D4 above=T1 pat=000 resclass=[ 29398054, -41818, -703 ] xT=false
  D4 above=T1 pat=000 resclass=[ 29398054, -41818, -703 ] xT=false
  D4 above=T3 pat=000 resclass=[ -703, 7, -4921 ] xT=false
  D4 above=T2 pat=000 resclass=[ -41818, -5974, 7 ] xT=false
  D4 above=T3 pat=000 resclass=[ -703, 7, -4921 ] xT=false
  D4 above=T2 pat=000 resclass=[ -41818, -5974, 7 ] xT=false
MEMBER stv 1/3 3/4 -2/3 shape=[ 1, 1, 2, 2 ] tors=[ 4, 4 ] order4=12 norm111=0 xTpass=0
  D4 above=T1 pat=000 resclass=[ -10229205, 55293, -185 ] xT=false
  D4 above=T1 pat=000 resclass=[ -10229205, 55293, -185 ] xT=false
  D4 above=T2 pat=000 resclass=[ 55293, -7899, -7 ] xT=false
  D4 above=T3 pat=000 resclass=[ -185, -7, 1295 ] xT=false
  D4 above=T2 pat=000 resclass=[ 55293, -7899, -7 ] xT=false
  D4 above=T3 pat=000 resclass=[ -185, -7, 1295 ] xT=false
  D4 above=T1 pat=000 resclass=[ -10229205, 55293, -185 ] xT=false
  D4 above=T1 pat=000 resclass=[ -10229205, 55293, -185 ] xT=false
  D4 above=T2 pat=000 resclass=[ 55293, -7899, -7 ] xT=false
  D4 above=T3 pat=000 resclass=[ -185, -7, 1295 ] xT=false
  D4 above=T2 pat=000 resclass=[ 55293, -7899, -7 ] xT=false
  D4 above=T3 pat=000 resclass=[ -185, -7, 1295 ] xT=false
MEMBER stv 1/2 1/2 -4 INVALID
MEMBER stv 2/3 1/3 -4/3 shape=[ 1, 1, 2, 2 ] tors=[ 4, 4 ] order4=12 norm111=0 xTpass=0
  D4 above=T2 pat=000 resclass=[ 4422, -2211, -2 ] xT=false
  D4 above=T2 pat=000 resclass=[ 4422, -2211, -2 ] xT=false
  D4 above=T1 pat=000 resclass=[ -30954, 4422, -7 ] xT=false
  D4 above=T3 pat=000 resclass=[ -7, -2, 14 ] xT=false
  D4 above=T1 pat=000 resclass=[ -30954, 4422, -7 ] xT=false
  D4 above=T3 pat=000 resclass=[ -7, -2, 14 ] xT=false
  D4 above=T2 pat=000 resclass=[ 4422, -2211, -2 ] xT=false
  D4 above=T2 pat=000 resclass=[ 4422, -2211, -2 ] xT=false
  D4 above=T1 pat=000 resclass=[ -30954, 4422, -7 ] xT=false
  D4 above=T3 pat=000 resclass=[ -7, -2, 14 ] xT=false
  D4 above=T1 pat=000 resclass=[ -30954, 4422, -7 ] xT=false
  D4 above=T3 pat=000 resclass=[ -7, -2, 14 ] xT=false
MEMBER stv 3/4 1/4 -1/2 shape=[ 1, 1, 2, 2 ] tors=[ 4, 4 ] order4=12 norm111=0 xTpass=0
  D4 above=T3 pat=000 resclass=[ -1, -15, 15 ] xT=false
  D4 above=T3 pat=000 resclass=[ -1, -15, 15 ] xT=false
  D4 above=T2 pat=000 resclass=[ 243570, -16238, -15 ] xT=false
  D4 above=T1 pat=000 resclass=[ -243570, 243570, -1 ] xT=false
  D4 above=T2 pat=000 resclass=[ 243570, -16238, -15 ] xT=false
  D4 above=T1 pat=000 resclass=[ -243570, 243570, -1 ] xT=false
  D4 above=T3 pat=000 resclass=[ -1, -15, 15 ] xT=false
  D4 above=T3 pat=000 resclass=[ -1, -15, 15 ] xT=false
  D4 above=T2 pat=000 resclass=[ 243570, -16238, -15 ] xT=false
  D4 above=T1 pat=000 resclass=[ -243570, 243570, -1 ] xT=false
  D4 above=T2 pat=000 resclass=[ 243570, -16238, -15 ] xT=false
  D4 above=T1 pat=000 resclass=[ -243570, 243570, -1 ] xT=false
MEMBER stv 3/4 3 -3 shape=[ 1, 1, 2, 2 ] tors=[ 4, 4 ] order4=12 norm111=0 xTpass=0
  D4 above=T3 pat=000 resclass=[ -1015, 2, -2030 ] xT=false
  D4 above=T3 pat=000 resclass=[ -1015, 2, -2030 ] xT=false
  D4 above=T2 pat=000 resclass=[ 227370, 113685, 2 ] xT=false
  D4 above=T1 pat=000 resclass=[ -9231222, 227370, -1015 ] xT=false
  D4 above=T2 pat=000 resclass=[ 227370, 113685, 2 ] xT=false
  D4 above=T1 pat=000 resclass=[ -9231222, 227370, -1015 ] xT=false
  D4 above=T3 pat=000 resclass=[ -1015, 2, -2030 ] xT=false
  D4 above=T3 pat=000 resclass=[ -1015, 2, -2030 ] xT=false
  D4 above=T2 pat=000 resclass=[ 227370, 113685, 2 ] xT=false
  D4 above=T1 pat=000 resclass=[ -9231222, 227370, -1015 ] xT=false
  D4 above=T2 pat=000 resclass=[ 227370, 113685, 2 ] xT=false
  D4 above=T1 pat=000 resclass=[ -9231222, 227370, -1015 ] xT=false
MEMBER stv 1 2 -1 INVALID
MEMBER stv 4/3 3/2 -1/3 shape=[ 1, 1, 2, 2 ] tors=[ 4, 4 ] order4=12 norm111=0 xTpass=0
  D4 above=T1 pat=000 resclass=[ -2971815, -95865, 31 ] xT=false
  D4 above=T1 pat=000 resclass=[ -2971815, -95865, 31 ] xT=false
  D4 above=T3 pat=000 resclass=[ 31, 5, 155 ] xT=false
  D4 above=T2 pat=000 resclass=[ -95865, -19173, 5 ] xT=false
  D4 above=T3 pat=000 resclass=[ 31, 5, 155 ] xT=false
  D4 above=T2 pat=000 resclass=[ -95865, -19173, 5 ] xT=false
  D4 above=T1 pat=000 resclass=[ -2971815, -95865, 31 ] xT=false
  D4 above=T1 pat=000 resclass=[ -2971815, -95865, 31 ] xT=false
  D4 above=T3 pat=000 resclass=[ 31, 5, 155 ] xT=false
  D4 above=T2 pat=000 resclass=[ -95865, -19173, 5 ] xT=false
  D4 above=T3 pat=000 resclass=[ 31, 5, 155 ] xT=false
  D4 above=T2 pat=000 resclass=[ -95865, -19173, 5 ] xT=false
MEMBER stv 3/2 3/4 -2 shape=[ 1, 1, 2, 2 ] tors=[ 4, 4 ] order4=12 norm111=0 xTpass=0
  D4 above=T3 pat=000 resclass=[ 527, -7, -3689 ] xT=false
  D4 above=T3 pat=000 resclass=[ 527, -7, -3689 ] xT=false
  D4 above=T1 pat=000 resclass=[ 538594, 1022, 527 ] xT=false
  D4 above=T2 pat=000 resclass=[ 1022, -146, -7 ] xT=false
  D4 above=T1 pat=000 resclass=[ 538594, 1022, 527 ] xT=false
  D4 above=T2 pat=000 resclass=[ 1022, -146, -7 ] xT=false
  D4 above=T3 pat=000 resclass=[ 527, -7, -3689 ] xT=false
  D4 above=T3 pat=000 resclass=[ 527, -7, -3689 ] xT=false
  D4 above=T1 pat=000 resclass=[ 538594, 1022, 527 ] xT=false
  D4 above=T2 pat=000 resclass=[ 1022, -146, -7 ] xT=false
  D4 above=T1 pat=000 resclass=[ 538594, 1022, 527 ] xT=false
  D4 above=T2 pat=000 resclass=[ 1022, -146, -7 ] xT=false
MEMBER stv 2 2/3 -3/4 shape=[ 1, 1, 2, 2 ] tors=[ 4, 4 ] order4=12 norm111=0 xTpass=0
  D4 above=T1 pat=000 resclass=[ 176410, 590, 299 ] xT=false
  D4 above=T1 pat=000 resclass=[ 176410, 590, 299 ] xT=false
  D4 above=T3 pat=000 resclass=[ 299, -5, -1495 ] xT=false
  D4 above=T2 pat=000 resclass=[ 590, -118, -5 ] xT=false
  D4 above=T3 pat=000 resclass=[ 299, -5, -1495 ] xT=false
  D4 above=T2 pat=000 resclass=[ 590, -118, -5 ] xT=false
  D4 above=T1 pat=000 resclass=[ 176410, 590, 299 ] xT=false
  D4 above=T1 pat=000 resclass=[ 176410, 590, 299 ] xT=false
  D4 above=T3 pat=000 resclass=[ 299, -5, -1495 ] xT=false
  D4 above=T2 pat=000 resclass=[ 590, -118, -5 ] xT=false
  D4 above=T3 pat=000 resclass=[ 299, -5, -1495 ] xT=false
  D4 above=T2 pat=000 resclass=[ 590, -118, -5 ] xT=false
MEMBER stv 3 1/2 -1/4 shape=[ 1, 1, 1, 1, 2 ] tors=[ 2, 4, 4 ] order4=24 norm111=0 xTpass=0
  D4 above=T1 pat=000 resclass=[ 83, 1245, 15 ] xT=false
  D4 above=T1 pat=000 resclass=[ 83, -1245, -15 ] xT=false
  D4 above=T1 pat=000 resclass=[ 83, 1245, 15 ] xT=false
  D4 above=T1 pat=000 resclass=[ 83, -1245, -15 ] xT=false
  D4 above=T3 pat=000 resclass=[ 15, 3, 5 ] xT=false
  D4 above=T3 pat=000 resclass=[ 15, -3, -5 ] xT=false
  D4 above=T2 pat=000 resclass=[ 1245, 415, 3 ] xT=false
  D4 above=T2 pat=000 resclass=[ 1245, -415, -3 ] xT=false
  D4 above=T3 pat=000 resclass=[ 15, 3, 5 ] xT=false
  D4 above=T3 pat=000 resclass=[ 15, -3, -5 ] xT=false
  D4 above=T2 pat=000 resclass=[ 1245, 415, 3 ] xT=false
  D4 above=T2 pat=000 resclass=[ 1245, -415, -3 ] xT=false
  D4 above=T1 pat=000 resclass=[ 83, 1245, 15 ] xT=false
  D4 above=T1 pat=000 resclass=[ 83, -1245, -15 ] xT=false
  D4 above=T1 pat=000 resclass=[ 83, 1245, 15 ] xT=false
  D4 above=T1 pat=000 resclass=[ 83, -1245, -15 ] xT=false
  D4 above=T3 pat=000 resclass=[ 15, 3, 5 ] xT=false
  D4 above=T3 pat=000 resclass=[ 15, -3, -5 ] xT=false
  D4 above=T2 pat=000 resclass=[ 1245, 415, 3 ] xT=false
  D4 above=T2 pat=000 resclass=[ 1245, -415, -3 ] xT=false
  D4 above=T3 pat=000 resclass=[ 15, 3, 5 ] xT=false
  D4 above=T3 pat=000 resclass=[ 15, -3, -5 ] xT=false
  D4 above=T2 pat=000 resclass=[ 1245, 415, 3 ] xT=false
  D4 above=T2 pat=000 resclass=[ 1245, -415, -3 ] xT=false
MEMBER stv 4 1/4 -3/2 shape=[ 1, 1, 2, 2 ] tors=[ 4, 4 ] order4=12 norm111=0 xTpass=0
  D4 above=T1 pat=000 resclass=[ 107393785, 1359415, 79 ] xT=false
  D4 above=T1 pat=000 resclass=[ 107393785, 1359415, 79 ] xT=false
  D4 above=T3 pat=000 resclass=[ 79, -15, -1185 ] xT=false
  D4 above=T2 pat=000 resclass=[ 1359415, -815649, -15 ] xT=false
  D4 above=T3 pat=000 resclass=[ 79, -15, -1185 ] xT=false
  D4 above=T2 pat=000 resclass=[ 1359415, -815649, -15 ] xT=false
  D4 above=T1 pat=000 resclass=[ 107393785, 1359415, 79 ] xT=false
  D4 above=T1 pat=000 resclass=[ 107393785, 1359415, 79 ] xT=false
  D4 above=T3 pat=000 resclass=[ 79, -15, -1185 ] xT=false
  D4 above=T2 pat=000 resclass=[ 1359415, -815649, -15 ] xT=false
  D4 above=T3 pat=000 resclass=[ 79, -15, -1185 ] xT=false
  D4 above=T2 pat=000 resclass=[ 1359415, -815649, -15 ] xT=false
MEMBER stv 4 4 -2/3 shape=[ 1, 1, 2, 2 ] tors=[ 4, 4 ] order4=12 norm111=0 xTpass=0
  D4 above=T2 pat=000 resclass=[ 130790, 78474, 15 ] xT=false
  D4 above=T2 pat=000 resclass=[ 130790, 78474, 15 ] xT=false
  D4 above=T1 pat=000 resclass=[ -225910, 130790, -209 ] xT=false
  D4 above=T3 pat=000 resclass=[ -209, 15, -3135 ] xT=false
  D4 above=T1 pat=000 resclass=[ -225910, 130790, -209 ] xT=false
  D4 above=T3 pat=000 resclass=[ -209, 15, -3135 ] xT=false
  D4 above=T2 pat=000 resclass=[ 130790, 78474, 15 ] xT=false
  D4 above=T2 pat=000 resclass=[ 130790, 78474, 15 ] xT=false
  D4 above=T1 pat=000 resclass=[ -225910, 130790, -209 ] xT=false
  D4 above=T3 pat=000 resclass=[ -209, 15, -3135 ] xT=false
  D4 above=T1 pat=000 resclass=[ -225910, 130790, -209 ] xT=false
  D4 above=T3 pat=000 resclass=[ -209, 15, -3135 ] xT=false
MEMBER stv 17/3 10/3 19/10 shape=[ 1, 1, 2, 2 ] tors=[ 4, 4 ] order4=12 norm111=0 xTpass=0
  D4 above=T1 pat=000 resclass=[ 168088215203818, -11837198253790, -355 ] xT=false
  D4 above=T1 pat=000 resclass=[ 168088215203818, -11837198253790, -355 ] xT=false
  D4 above=T3 pat=000 resclass=[ -355, 91, -32305 ] xT=false
  D4 above=T2 pat=000 resclass=[ -11837198253790, -130079101690, 91 ] xT=false
  D4 above=T3 pat=000 resclass=[ -355, 91, -32305 ] xT=false
  D4 above=T2 pat=000 resclass=[ -11837198253790, -130079101690, 91 ] xT=false
  D4 above=T1 pat=000 resclass=[ 168088215203818, -11837198253790, -355 ] xT=false
  D4 above=T1 pat=000 resclass=[ 168088215203818, -11837198253790, -355 ] xT=false
  D4 above=T3 pat=000 resclass=[ -355, 91, -32305 ] xT=false
  D4 above=T2 pat=000 resclass=[ -11837198253790, -130079101690, 91 ] xT=false
  D4 above=T3 pat=000 resclass=[ -355, 91, -32305 ] xT=false
  D4 above=T2 pat=000 resclass=[ -11837198253790, -130079101690, 91 ] xT=false
MEMBER stv 1/4 9/20 5/6 shape=[ 1, 1, 2, 2 ] tors=[ 4, 4 ] order4=12 norm111=0 xTpass=0
  D4 above=T1 pat=000 resclass=[ 449062718785934, -44044468446, -91761 ] xT=false
  D4 above=T1 pat=000 resclass=[ 449062718785934, -44044468446, -91761 ] xT=false
  D4 above=T3 pat=000 resclass=[ -91761, -319, 29271759 ] xT=false
  D4 above=T2 pat=000 resclass=[ -44044468446, 138070434, -319 ] xT=false
  D4 above=T3 pat=000 resclass=[ -91761, -319, 29271759 ] xT=false
  D4 above=T2 pat=000 resclass=[ -44044468446, 138070434, -319 ] xT=false
  D4 above=T1 pat=000 resclass=[ 449062718785934, -44044468446, -91761 ] xT=false
  D4 above=T1 pat=000 resclass=[ 449062718785934, -44044468446, -91761 ] xT=false
  D4 above=T3 pat=000 resclass=[ -91761, -319, 29271759 ] xT=false
  D4 above=T2 pat=000 resclass=[ -44044468446, 138070434, -319 ] xT=false
  D4 above=T3 pat=000 resclass=[ -91761, -319, 29271759 ] xT=false
  D4 above=T2 pat=000 resclass=[ -44044468446, 138070434, -319 ] xT=false
MEMBER stv 1/10 2 1/7 shape=[ 1, 1, 2, 2 ] tors=[ 4, 4 ] order4=12 norm111=0 xTpass=0
  D4 above=T2 pat=000 resclass=[ -7345779, -2448593, 3 ] xT=false
  D4 above=T2 pat=000 resclass=[ -7345779, -2448593, 3 ] xT=false
  D4 above=T1 pat=000 resclass=[ 6603855321, -7345779, -899 ] xT=false
  D4 above=T3 pat=000 resclass=[ -899, 3, -2697 ] xT=false
  D4 above=T1 pat=000 resclass=[ 6603855321, -7345779, -899 ] xT=false
  D4 above=T3 pat=000 resclass=[ -899, 3, -2697 ] xT=false
  D4 above=T2 pat=000 resclass=[ -7345779, -2448593, 3 ] xT=false
  D4 above=T2 pat=000 resclass=[ -7345779, -2448593, 3 ] xT=false
  D4 above=T1 pat=000 resclass=[ 6603855321, -7345779, -899 ] xT=false
  D4 above=T3 pat=000 resclass=[ -899, 3, -2697 ] xT=false
  D4 above=T1 pat=000 resclass=[ 6603855321, -7345779, -899 ] xT=false
  D4 above=T3 pat=000 resclass=[ -899, 3, -2697 ] xT=false
PART_DONE part=170
