MEMBER stv 1/4 4/3 2 shape=[ 1, 1, 2, 2 ] tors=[ 4, 4 ] order4=12 norm111=0 xTpass=0
  D4 above=T2 pat=000 resclass=[ -14882, -2126, 7 ] xT=false
  D4 above=T2 pat=000 resclass=[ -14882, -2126, 7 ] xT=false
  D4 above=T1 pat=000 resclass=[ 10462046, -14882, -703 ] xT=false
  D4 above=T3 pat=000 resclass=[ -703, 7, -4921 ] xT=false
  D4 above=T1 pat=000 resclass=[ 10462046, -14882, -703 ] xT=false
  D4 above=T3 pat=000 resclass=[ -703, 7, -4921 ] xT=false
  D4 above=T2 pat=000 resclass=[ -14882, -2126, 7 ] xT=false
  D4 above=T2 pat=000 resclass=[ -14882, -2126, 7 ] xT=false
  D4 above=T1 pat=000 resclass=[ 10462046, -14882, -703 ] xT=false
  D4 above=T3 pat=000 resclass=[ -703, 7, -4921 ] xT=false
  D4 above=T1 pat=000 resclass=[ 10462046, -14882, -703 ] xT=false
  D4 above=T3 pat=000 resclass=[ -703, 7, -4921 ] xT=false
MEMBER stv 1/3 3/4 3/4 shape=[ 1, 1, 2, 2 ] tors=[ 4, 4 ] order4=12 norm111=0 xTpass=0
  D4 above=T3 pat=000 resclass=[ -185, -7, 1295 ] xT=false
  D4 above=T3 pat=000 resclass=[ -185, -7, 1295 ] xT=false
  D4 above=T1 pat=000 resclass=[ 7868679, -1063335, -185 ] xT=false
  D4 above=T2 pat=000 resclass=[ -1063335, 151905, -7 ] xT=false
  D4 above=T1 pat=000 resclass=[ 7868679, -1063335, -185 ] xT=false
  D4 above=T2 pat=000 resclass=[ -1063335, 151905, -7 ] xT=false
  D4 above=T3 pat=000 resclass=[ -185, -7, 1295 ] xT=false
  D4 above=T3 pat=000 resclass=[ -185, -7, 1295 ] xT=false
  D4 above=T1 pat=000 resclass=[ 7868679, -1063335, -185 ] xT=false
  D4 above=T2 pat=000 resclass=[ -1063335, 151905, -7 ] xT=false
  D4 above=T1 pat=000 resclass=[ 7868679, -1063335, -185 ] xT=false
  D4 above=T2 pat=000 resclass=[ -1063335, 151905, -7 ] xT=false
MEMBER stv 1/2 2/3 1/4 shape=[ 1, 1, 2, 2 ] tors=[ 4, 4 ] order4=12 norm111=0 xTpass=0
  D4 above=T1 pat=000 resclass=[ 2353055, -123845, -19 ] xT=false
  D4 above=T1 pat=000 resclass=[ 2353055, -123845, -19 ] xT=false
  D4 above=T3 pat=000 resclass=[ -19, -5, 95 ] xT=false
  D4 above=T2 pat=000 resclass=[ -123845, 24769, -5 ] xT=false
  D4 above=T3 pat=000 resclass=[ -19, -5, 95 ] xT=false
  D4 above=T2 pat=000 resclass=[ -123845, 24769, -5 ] xT=false
  D4 above=T1 pat=000 resclass=[ 2353055, -123845, -19 ] xT=false
  D4 above=T1 pat=000 resclass=[ 2353055, -123845, -19 ] xT=false
  D4 above=T3 pat=000 resclass=[ -19, -5, 95 ] xT=false
  D4 above=T2 pat=000 resclass=[ -123845, 24769, -5 ] xT=false
  D4 above=T3 pat=000 resclass=[ -19, -5, 95 ] xT=false
  D4 above=T2 pat=000 resclass=[ -123845, 24769, -5 ] xT=false
MEMBER stv 2/3 1/3 3/2 shape=[ 1, 1, 2, 2 ] tors=[ 4, 4 ] order4=12 norm111=0 xTpass=0
  D4 above=T1 pat=000 resclass=[ 105, -15, -7 ] xT=false
  D4 above=T1 pat=000 resclass=[ 105, -15, -7 ] xT=false
  D4 above=T3 pat=000 resclass=[ -7, -2, 14 ] xT=false
  D4 above=T2 pat=000 resclass=[ -15, 30, -2 ] xT=false
  D4 above=T3 pat=000 resclass=[ -7, -2, 14 ] xT=false
  D4 above=T2 pat=000 resclass=[ -15, 30, -2 ] xT=false
  D4 above=T1 pat=000 resclass=[ 105, -15, -7 ] xT=false
  D4 above=T1 pat=000 resclass=[ 105, -15, -7 ] xT=false
  D4 above=T3 pat=000 resclass=[ -7, -2, 14 ] xT=false
  D4 above=T2 pat=000 resclass=[ -15, 30, -2 ] xT=false
  D4 above=T3 pat=000 resclass=[ -7, -2, 14 ] xT=false
  D4 above=T2 pat=000 resclass=[ -15, 30, -2 ] xT=false
MEMBER stv 3/4 1/4 2/3 shape=[ 1, 1, 2, 2 ] tors=[ 4, 4 ] order4=12 norm111=0 xTpass=0
  D4 above=T3 pat=000 resclass=[ -1, -15, 15 ] xT=false
  D4 above=T3 pat=000 resclass=[ -1, -15, 15 ] xT=false
  D4 above=T2 pat=000 resclass=[ -19910, 11946, -15 ] xT=false
  D4 above=T1 pat=000 resclass=[ 19910, -19910, -1 ] xT=false
  D4 above=T2 pat=000 resclass=[ -19910, 11946, -15 ] xT=false
  D4 above=T1 pat=000 resclass=[ 19910, -19910, -1 ] xT=false
  D4 above=T3 pat=000 resclass=[ -1, -15, 15 ] xT=false
  D4 above=T3 pat=000 resclass=[ -1, -15, 15 ] xT=false
  D4 above=T2 pat=000 resclass=[ -19910, 11946, -15 ] xT=false
  D4 above=T1 pat=000 resclass=[ 19910, -19910, -1 ] xT=false
  D4 above=T2 pat=000 resclass=[ -19910, 11946, -15 ] xT=false
  D4 above=T1 pat=000 resclass=[ 19910, -19910, -1 ] xT=false
MEMBER stv 3/4 3 4 shape=[ 1, 1, 2, 2 ] tors=[ 4, 4 ] order4=12 norm111=0 xTpass=0
  D4 above=T1 pat=000 resclass=[ 30058210, -29614, -1015 ] xT=false
  D4 above=T1 pat=000 resclass=[ 30058210, -29614, -1015 ] xT=false
  D4 above=T3 pat=000 resclass=[ -1015, 2, -2030 ] xT=false
  D4 above=T2 pat=000 resclass=[ -29614, -14807, 2 ] xT=false
  D4 above=T3 pat=000 resclass=[ -1015, 2, -2030 ] xT=false
  D4 above=T2 pat=000 resclass=[ -29614, -14807, 2 ] xT=false
  D4 above=T1 pat=000 resclass=[ 30058210, -29614, -1015 ] xT=false
  D4 above=T1 pat=000 resclass=[ 30058210, -29614, -1015 ] xT=false
  D4 above=T3 pat=000 resclass=[ -1015, 2, -2030 ] xT=false
  D4 above=T2 pat=000 resclass=[ -29614, -14807, 2 ] xT=false
  D4 above=T3 pat=000 resclass=[ -1015, 2, -2030 ] xT=false
  D4 above=T2 pat=000 resclass=[ -29614, -14807, 2 ] xT=false
MEMBER stv 1 2 4/3 shape=[ 1, 1, 2, 2 ] tors=[ 4, 4 ] order4=12 norm111=0 xTpass=0
  D4 above=T3 pat=000 resclass=[ -2, 3, -6 ] xT=false
  D4 above=T3 pat=000 resclass=[ -2, 3, -6 ] xT=false
  D4 above=T1 pat=000 resclass=[ 574, -287, -2 ] xT=false
  D4 above=T2 pat=000 resclass=[ -287, -861, 3 ] xT=false
  D4 above=T1 pat=000 resclass=[ 574, -287, -2 ] xT=false
  D4 above=T2 pat=000 resclass=[ -287, -861, 3 ] xT=false
  D4 above=T3 pat=000 resclass=[ -2, 3, -6 ] xT=false
  D4 above=T3 pat=000 resclass=[ -2, 3, -6 ] xT=false
  D4 above=T1 pat=000 resclass=[ 574, -287, -2 ] xT=false
  D4 above=T2 pat=000 resclass=[ -287, -861, 3 ] xT=false
  D4 above=T1 pat=000 resclass=[ 574, -287, -2 ] xT=false
  D4 above=T2 pat=000 resclass=[ -287, -861, 3 ] xT=false
MEMBER stv 4/3 3/2 1/2 shape=[ 1, 1, 2, 2 ] tors=[ 4, 4 ] order4=12 norm111=0 xTpass=0
  D4 above=T1 pat=000 resclass=[ 366265, 11815, 31 ] xT=false
  D4 above=T1 pat=000 resclass=[ 366265, 11815, 31 ] xT=false
  D4 above=T2 pat=000 resclass=[ 11815, 2363, 5 ] xT=false
  D4 above=T3 pat=000 resclass=[ 31, 5, 155 ] xT=false
  D4 above=T2 pat=000 resclass=[ 11815, 2363, 5 ] xT=false
  D4 above=T3 pat=000 resclass=[ 31, 5, 155 ] xT=false
  D4 above=T1 pat=000 resclass=[ 366265, 11815, 31 ] xT=false
  D4 above=T1 pat=000 resclass=[ 366265, 11815, 31 ] xT=false
  D4 above=T2 pat=000 resclass=[ 11815, 2363, 5 ] xT=false
  D4 above=T3 pat=000 resclass=[ 31, 5, 155 ] xT=false
  D4 above=T2 pat=000 resclass=[ 11815, 2363, 5 ] xT=false
  D4 above=T3 pat=000 resclass=[ 31, 5, 155 ] xT=false
MEMBER stv 3/2 3/4 3 shape=[ 1, 1, 2, 2 ] tors=[ 4, 4 ] order4=12 norm111=0 xTpass=0
  D4 above=T1 pat=000 resclass=[ -775761, -1414623, 527 ] xT=false
  D4 above=T1 pat=000 resclass=[ -775761, -1414623, 527 ] xT=false
  D4 above=T3 pat=000 resclass=[ 527, -7, -3689 ] xT=false
  D4 above=T2 pat=000 resclass=[ -1414623, 202089, -7 ] xT=false
  D4 above=T3 pat=000 resclass=[ 527, -7, -3689 ] xT=false
  D4 above=T2 pat=000 resclass=[ -1414623, 202089, -7 ] xT=false
  D4 above=T1 pat=000 resclass=[ -775761, -1414623, 527 ] xT=false
  D4 above=T1 pat=000 resclass=[ -775761, -1414623, 527 ] xT=false
  D4 above=T3 pat=000 resclass=[ 527, -7, -3689 ] xT=false
  D4 above=T2 pat=000 resclass=[ -1414623, 202089, -7 ] xT=false
  D4 above=T3 pat=000 resclass=[ 527, -7, -3689 ] xT=false
  D4 above=T2 pat=000 resclass=[ -1414623, 202089, -7 ] xT=false
MEMBER stv 2 2/3 1 shape=[ 1, 1, 2, 2 ] tors=[ 4, 4 ] order4=12 norm111=0 xTpass=0
  D4 above=T3 pat=000 resclass=[ 299, -5, -1495 ] xT=false
  D4 above=T3 pat=000 resclass=[ 299, -5, -1495 ] xT=false
  D4 above=T1 pat=000 resclass=[ -5083, -17, 299 ] xT=false
  D4 above=T2 pat=000 resclass=[ -17, 85, -5 ] xT=false
  D4 above=T1 pat=000 resclass=[ -5083, -17, 299 ] xT=false
  D4 above=T2 pat=000 resclass=[ -17, 85, -5 ] xT=false
  D4 above=T3 pat=000 resclass=[ 299, -5, -1495 ] xT=false
  D4 above=T3 pat=000 resclass=[ 299, -5, -1495 ] xT=false
  D4 above=T1 pat=000 resclass=[ -5083, -17, 299 ] xT=false
  D4 above=T2 pat=000 resclass=[ -17, 85, -5 ] xT=false
  D4 above=T1 pat=000 resclass=[ -5083, -17, 299 ] xT=false
  D4 above=T2 pat=000 resclass=[ -17, 85, -5 ] xT=false
MEMBER stv 3 1/2 1/3 shape=[ 1, 1, 1, 1, 2 ] tors=[ 2, 4, 4 ] order4=24 norm111=0 xTpass=0
  D4 above=T3 pat=000 resclass=[ 15, -3, -5 ] xT=false
  D4 above=T3 pat=000 resclass=[ 15, 3, 5 ] xT=false
  D4 above=T3 pat=000 resclass=[ 15, -3, -5 ] xT=false
  D4 above=T3 pat=000 resclass=[ 15, 3, 5 ] xT=false
  D4 above=T2 pat=000 resclass=[ -65, -195, 3 ] xT=false
  D4 above=T2 pat=000 resclass=[ -65, 195, -3 ] xT=false
  D4 above=T1 pat=000 resclass=[ -39, 65, -15 ] xT=false
  D4 above=T1 pat=000 resclass=[ -39, -65, 15 ] xT=false
  D4 above=T2 pat=000 resclass=[ -65, -195, 3 ] xT=false
  D4 above=T2 pat=000 resclass=[ -65, 195, -3 ] xT=false
  D4 above=T1 pat=000 resclass=[ -39, 65, -15 ] xT=false
  D4 above=T1 pat=000 resclass=[ -39, -65, 15 ] xT=false
  D4 above=T3 pat=000 resclass=[ 15, -3, -5 ] xT=false
  D4 above=T3 pat=000 resclass=[ 15, 3, 5 ] xT=false
  D4 above=T3 pat=000 resclass=[ 15, -3, -5 ] xT=false
  D4 above=T3 pat=000 resclass=[ 15, 3, 5 ] xT=false
  D4 above=T2 pat=000 resclass=[ -65, -195, 3 ] xT=false
  D4 above=T2 pat=000 resclass=[ -65, 195, -3 ] xT=false
  D4 above=T1 pat=000 resclass=[ -39, 65, -15 ] xT=false
  D4 above=T1 pat=000 resclass=[ -39, -65, 15 ] xT=false
  D4 above=T2 pat=000 resclass=[ -65, -195, 3 ] xT=false
  D4 above=T2 pat=000 resclass=[ -65, 195, -3 ] xT=false
  D4 above=T1 pat=000 resclass=[ -39, 65, -15 ] xT=false
  D4 above=T1 pat=000 resclass=[ -39, -65, 15 ] xT=false
MEMBER stv 4 1/4 2 shape=[ 1, 1, 2, 2 ] tors=[ 4, 4 ] order4=12 norm111=0 xTpass=0
  D4 above=T2 pat=000 resclass=[ -25905, 1727, -15 ] xT=false
  D4 above=T2 pat=000 resclass=[ -25905, 1727, -15 ] xT=false
  D4 above=T3 pat=000 resclass=[ 79, -15, -1185 ] xT=false
  D4 above=T1 pat=000 resclass=[ -2046495, -25905, 79 ] xT=false
  D4 above=T3 pat=000 resclass=[ 79, -15, -1185 ] xT=false
  D4 above=T1 pat=000 resclass=[ -2046495, -25905, 79 ] xT=false
  D4 above=T2 pat=000 resclass=[ -25905, 1727, -15 ] xT=false
  D4 above=T2 pat=000 resclass=[ -25905, 1727, -15 ] xT=false
  D4 above=T3 pat=000 resclass=[ 79, -15, -1185 ] xT=false
  D4 above=T1 pat=000 resclass=[ -2046495, -25905, 79 ] xT=false
  D4 above=T3 pat=000 resclass=[ 79, -15, -1185 ] xT=false
  D4 above=T1 pat=000 resclass=[ -2046495, -25905, 79 ] xT=false
MEMBER stv 4 4 3/4 shape=[ 1, 1, 2, 2 ] tors=[ 4, 4 ] order4=12 norm111=0 xTpass=0
  D4 above=T3 pat=000 resclass=[ -209, 15, -3135 ] xT=false
  D4 above=T3 pat=000 resclass=[ -209, 15, -3135 ] xT=false
  D4 above=T2 pat=000 resclass=[ -10855, -6513, 15 ] xT=false
  D4 above=T1 pat=000 resclass=[ 2268695, -10855, -209 ] xT=false
  D4 above=T2 pat=000 resclass=[ -10855, -6513, 15 ] xT=false
  D4 above=T1 pat=000 resclass=[ 2268695, -10855, -209 ] xT=false
  D4 above=T3 pat=000 resclass=[ -209, 15, -3135 ] xT=false
  D4 above=T3 pat=000 resclass=[ -209, 15, -3135 ] xT=false
  D4 above=T2 pat=000 resclass=[ -10855, -6513, 15 ] xT=false
  D4 above=T1 pat=000 resclass=[ 2268695, -10855, -209 ] xT=false
  D4 above=T2 pat=000 resclass=[ -10855, -6513, 15 ] xT=false
  D4 above=T1 pat=000 resclass=[ 2268695, -10855, -209 ] xT=false
MEMBER stv 9/7 11/12 3/4 shape=[ 1, 1, 2, 2 ] tors=[ 4, 4 ] order4=12 norm111=0 xTpass=0
  D4 above=T3 pat=000 resclass=[ 1653695, -23, -38034985 ] xT=false
  D4 above=T3 pat=000 resclass=[ 1653695, -23, -38034985 ] xT=false
  D4 above=T2 pat=000 resclass=[ -32014911295, 1391952665, -23 ] xT=false
  D4 above=T1 pat=000 resclass=[ -2117715949359401, -32014911295, 1653695 ] xT=false
  D4 above=T2 pat=000 resclass=[ -32014911295, 1391952665, -23 ] xT=false
  D4 above=T1 pat=000 resclass=[ -2117715949359401, -32014911295, 1653695 ] xT=false
  D4 above=T3 pat=000 resclass=[ 1653695, -23, -38034985 ] xT=false
  D4 above=T3 pat=000 resclass=[ 1653695, -23, -38034985 ] xT=false
  D4 above=T2 pat=000 resclass=[ -32014911295, 1391952665, -23 ] xT=false
  D4 above=T1 pat=000 resclass=[ -2117715949359401, -32014911295, 1653695 ] xT=false
  D4 above=T2 pat=000 resclass=[ -32014911295, 1391952665, -23 ] xT=false
  D4 above=T1 pat=000 resclass=[ -2117715949359401, -32014911295, 1653695 ] xT=false
MEMBER stv 7/20 1/11 -7/5 shape=[ 1, 1, 2, 2 ] tors=[ 4, 4 ] order4=12 norm111=0 xTpass=0
  D4 above=T1 pat=000 resclass=[ -8395794961332589398, 1664976390378, -5042591 ] xT=false
  D4 above=T1 pat=000 resclass=[ -8395794961332589398, 1664976390378, -5042591 ] xT=false
  D4 above=T3 pat=000 resclass=[ -5042591, -30, 151277730 ] xT=false
  D4 above=T2 pat=000 resclass=[ 1664976390378, -1387480325315, -30 ] xT=false
  D4 above=T3 pat=000 resclass=[ -5042591, -30, 151277730 ] xT=false
  D4 above=T2 pat=000 resclass=[ 1664976390378, -1387480325315, -30 ] xT=false
  D4 above=T1 pat=000 resclass=[ -8395794961332589398, 1664976390378, -5042591 ] xT=false
  D4 above=T1 pat=000 resclass=[ -8395794961332589398, 1664976390378, -5042591 ] xT=false
  D4 above=T3 pat=000 resclass=[ -5042591, -30, 151277730 ] xT=false
  D4 above=T2 pat=000 resclass=[ 1664976390378, -1387480325315, -30 ] xT=false
  D4 above=T3 pat=000 resclass=[ -5042591, -30, 151277730 ] xT=false
  D4 above=T2 pat=000 resclass=[ 1664976390378, -1387480325315, -30 ] xT=false
MEMBER stv 3/14 1/2 -10/7 shape=[ 1, 1, 2, 2 ] tors=[ 4, 4 ] order4=12 norm111=0 xTpass=0
  D4 above=T3 pat=000 resclass=[ -5, -3, 15 ] xT=false
  D4 above=T3 pat=000 resclass=[ -5, -3, 15 ] xT=false
  D4 above=T1 pat=000 resclass=[ -49240338, 246201690, -5 ] xT=false
  D4 above=T2 pat=000 resclass=[ 246201690, -82067230, -3 ] xT=false
  D4 above=T1 pat=000 resclass=[ -49240338, 246201690, -5 ] xT=false
  D4 above=T2 pat=000 resclass=[ 246201690, -82067230, -3 ] xT=false
  D4 above=T3 pat=000 resclass=[ -5, -3, 15 ] xT=false
  D4 above=T3 pat=000 resclass=[ -5, -3, 15 ] xT=false
  D4 above=T1 pat=000 resclass=[ -49240338, 246201690, -5 ] xT=false
  D4 above=T2 pat=000 resclass=[ 246201690, -82067230, -3 ] xT=false
  D4 above=T1 pat=000 resclass=[ -49240338, 246201690, -5 ] xT=false
  D4 above=T2 pat=000 resclass=[ 246201690, -82067230, -3 ] xT=false
PART_DONE part=171
