MEMBER stv 1/4 4/3 -2 shape=[ 1, 1, 2, 2 ] tors=[ 4, 4 ] order4=12 norm111=0 xTpass=0
  D4 above=T1 pat=000 resclass=[ 3316754, -4718, -703 ] xT=false
  D4 above=T1 pat=000 resclass=[ 3316754, -4718, -703 ] xT=false
  D4 above=T2 pat=000 resclass=[ -4718, -674, 7 ] xT=false
  D4 above=T3 pat=000 resclass=[ -703, 7, -4921 ] xT=false
  D4 above=T2 pat=000 resclass=[ -4718, -674, 7 ] xT=false
  D4 above=T3 pat=000 resclass=[ -703, 7, -4921 ] xT=false
  D4 above=T1 pat=000 resclass=[ 3316754, -4718, -703 ] xT=false
  D4 above=T1 pat=000 resclass=[ 3316754, -4718, -703 ] xT=false
  D4 above=T2 pat=000 resclass=[ -4718, -674, 7 ] xT=false
  D4 above=T3 pat=000 resclass=[ -703, 7, -4921 ] xT=false
  D4 above=T2 pat=000 resclass=[ -4718, -674, 7 ] xT=false
  D4 above=T3 pat=000 resclass=[ -703, 7, -4921 ] xT=false
MEMBER stv 1/3 3/4 -3/4 shape=[ 1, 1, 2, 2 ] tors=[ 4, 4 ] order4=12 norm111=0 xTpass=0
  D4 above=T1 pat=000 resclass=[ -96111015, 519519, -185 ] xT=false
  D4 above=T1 pat=000 resclass=[ -96111015, 519519, -185 ] xT=false
  D4 above=T2 pat=000 resclass=[ 519519, -74217, -7 ] xT=false
  D4 above=T3 pat=000 resclass=[ -185, -7, 1295 ] xT=false
  D4 above=T2 pat=000 resclass=[ 519519, -74217, -7 ] xT=false
  D4 above=T3 pat=000 resclass=[ -185, -7, 1295 ] xT=false
  D4 above=T1 pat=000 resclass=[ -96111015, 519519, -185 ] xT=false
  D4 above=T1 pat=000 resclass=[ -96111015, 519519, -185 ] xT=false
  D4 above=T2 pat=000 resclass=[ 519519, -74217, -7 ] xT=false
  D4 above=T3 pat=000 resclass=[ -185, -7, 1295 ] xT=false
  D4 above=T2 pat=000 resclass=[ 519519, -74217, -7 ] xT=false
  D4 above=T3 pat=000 resclass=[ -185, -7, 1295 ] xT=false
MEMBER stv 1/2 2/3 -1/4 shape=[ 1, 1, 2, 2 ] tors=[ 4, 4 ] order4=12 norm111=0 xTpass=0
  D4 above=T3 pat=000 resclass=[ -19, -5, 95 ] xT=false
  D4 above=T3 pat=000 resclass=[ -19, -5, 95 ] xT=false
  D4 above=T1 pat=000 resclass=[ -64695, 3405, -19 ] xT=false
  D4 above=T2 pat=000 resclass=[ 3405, -681, -5 ] xT=false
  D4 above=T1 pat=000 resclass=[ -64695, 3405, -19 ] xT=false
  D4 above=T2 pat=000 resclass=[ 3405, -681, -5 ] xT=false
  D4 above=T3 pat=000 resclass=[ -19, -5, 95 ] xT=false
  D4 above=T3 pat=000 resclass=[ -19, -5, 95 ] xT=false
  D4 above=T1 pat=000 resclass=[ -64695, 3405, -19 ] xT=false
  D4 above=T2 pat=000 resclass=[ 3405, -681, -5 ] xT=false
  D4 above=T1 pat=000 resclass=[ -64695, 3405, -19 ] xT=false
  D4 above=T2 pat=000 resclass=[ 3405, -681, -5 ] xT=false
MEMBER stv 2/3 1/3 -3/2 shape=[ 1, 1, 2, 2 ] tors=[ 4, 4 ] order4=12 norm111=0 xTpass=0
  D4 above=T1 pat=000 resclass=[ -105, 15, -7 ] xT=false
  D4 above=T1 pat=000 resclass=[ -105, 15, -7 ] xT=false
  D4 above=T2 pat=000 resclass=[ 15, -30, -2 ] xT=false
  D4 above=T3 pat=000 resclass=[ -7, -2, 14 ] xT=false
  D4 above=T2 pat=000 resclass=[ 15, -30, -2 ] xT=false
  D4 above=T3 pat=000 resclass=[ -7, -2, 14 ] xT=false
  D4 above=T1 pat=000 resclass=[ -105, 15, -7 ] xT=false
  D4 above=T1 pat=000 resclass=[ -105, 15, -7 ] xT=false
  D4 above=T2 pat=000 resclass=[ 15, -30, -2 ] xT=false
  D4 above=T3 pat=000 resclass=[ -7, -2, 14 ] xT=false
  D4 above=T2 pat=000 resclass=[ 15, -30, -2 ] xT=false
  D4 above=T3 pat=000 resclass=[ -7, -2, 14 ] xT=false
MEMBER stv 3/4 1/4 -2/3 shape=[ 1, 1, 2, 2 ] tors=[ 4, 4 ] order4=12 norm111=0 xTpass=0
  D4 above=T3 pat=000 resclass=[ -1, -15, 15 ] xT=false
  D4 above=T3 pat=000 resclass=[ -1, -15, 15 ] xT=false
  D4 above=T1 pat=000 resclass=[ -6, 6, -1 ] xT=false
  D4 above=T2 pat=000 resclass=[ 6, -10, -15 ] xT=false
  D4 above=T1 pat=000 resclass=[ -6, 6, -1 ] xT=false
  D4 above=T2 pat=000 resclass=[ 6, -10, -15 ] xT=false
  D4 above=T3 pat=000 resclass=[ -1, -15, 15 ] xT=false
  D4 above=T3 pat=000 resclass=[ -1, -15, 15 ] xT=false
  D4 above=T1 pat=000 resclass=[ -6, 6, -1 ] xT=false
  D4 above=T2 pat=000 resclass=[ 6, -10, -15 ] xT=false
  D4 above=T1 pat=000 resclass=[ -6, 6, -1 ] xT=false
  D4 above=T2 pat=000 resclass=[ 6, -10, -15 ] xT=false
MEMBER stv 3/4 3 -4 shape=[ 1, 1, 2, 2 ] tors=[ 4, 4 ] order4=12 norm111=0 xTpass=0
  D4 above=T1 pat=000 resclass=[ -465682, 11470, -1015 ] xT=false
  D4 above=T1 pat=000 resclass=[ -465682, 11470, -1015 ] xT=false
  D4 above=T3 pat=000 resclass=[ -1015, 2, -2030 ] xT=false
  D4 above=T2 pat=000 resclass=[ 11470, 5735, 2 ] xT=false
  D4 above=T3 pat=000 resclass=[ -1015, 2, -2030 ] xT=false
  D4 above=T2 pat=000 resclass=[ 11470, 5735, 2 ] xT=false
  D4 above=T1 pat=000 resclass=[ -465682, 11470, -1015 ] xT=false
  D4 above=T1 pat=000 resclass=[ -465682, 11470, -1015 ] xT=false
  D4 above=T3 pat=000 resclass=[ -1015, 2, -2030 ] xT=false
  D4 above=T2 pat=000 resclass=[ 11470, 5735, 2 ] xT=false
  D4 above=T3 pat=000 resclass=[ -1015, 2, -2030 ] xT=false
  D4 above=T2 pat=000 resclass=[ 11470, 5735, 2 ] xT=false
MEMBER stv 1 2 -4/3 shape=[ 1, 1, 2, 2 ] tors=[ 4, 4 ] order4=12 norm111=0 xTpass=0
  D4 above=T3 pat=000 resclass=[ -2, 3, -6 ] xT=false
  D4 above=T3 pat=000 resclass=[ -2, 3, -6 ] xT=false
  D4 above=T1 pat=000 resclass=[ -94, 47, -2 ] xT=false
  D4 above=T2 pat=000 resclass=[ 47, 141, 3 ] xT=false
  D4 above=T1 pat=000 resclass=[ -94, 47, -2 ] xT=false
  D4 above=T2 pat=000 resclass=[ 47, 141, 3 ] xT=false
  D4 above=T3 pat=000 resclass=[ -2, 3, -6 ] xT=false
  D4 above=T3 pat=000 resclass=[ -2, 3, -6 ] xT=false
  D4 above=T1 pat=000 resclass=[ -94, 47, -2 ] xT=false
  D4 above=T2 pat=000 resclass=[ 47, 141, 3 ] xT=false
  D4 above=T1 pat=000 resclass=[ -94, 47, -2 ] xT=false
  D4 above=T2 pat=000 resclass=[ 47, 141, 3 ] xT=false
MEMBER stv 4/3 3/2 -1/2 shape=[ 1, 1, 2, 2 ] tors=[ 4, 4 ] order4=12 norm111=0 xTpass=0
  D4 above=T1 pat=000 resclass=[ -67735, -2185, 31 ] xT=false
  D4 above=T1 pat=000 resclass=[ -67735, -2185, 31 ] xT=false
  D4 above=T3 pat=000 resclass=[ 31, 5, 155 ] xT=false
  D4 above=T2 pat=000 resclass=[ -2185, -437, 5 ] xT=false
  D4 above=T3 pat=000 resclass=[ 31, 5, 155 ] xT=false
  D4 above=T2 pat=000 resclass=[ -2185, -437, 5 ] xT=false
  D4 above=T1 pat=000 resclass=[ -67735, -2185, 31 ] xT=false
  D4 above=T1 pat=000 resclass=[ -67735, -2185, 31 ] xT=false
  D4 above=T3 pat=000 resclass=[ 31, 5, 155 ] xT=false
  D4 above=T2 pat=000 resclass=[ -2185, -437, 5 ] xT=false
  D4 above=T3 pat=000 resclass=[ 31, 5, 155 ] xT=false
  D4 above=T2 pat=000 resclass=[ -2185, -437, 5 ] xT=false
MEMBER stv 3/2 3/4 -3 shape=[ 1, 1, 2, 2 ] tors=[ 4, 4 ] order4=12 norm111=0 xTpass=0
  D4 above=T3 pat=000 resclass=[ 527, -7, -3689 ] xT=false
  D4 above=T3 pat=000 resclass=[ 527, -7, -3689 ] xT=false
  D4 above=T1 pat=000 resclass=[ 422792601, 802263, 527 ] xT=false
  D4 above=T2 pat=000 resclass=[ 802263, -114609, -7 ] xT=false
  D4 above=T1 pat=000 resclass=[ 422792601, 802263, 527 ] xT=false
  D4 above=T2 pat=000 resclass=[ 802263, -114609, -7 ] xT=false
  D4 above=T3 pat=000 resclass=[ 527, -7, -3689 ] xT=false
  D4 above=T3 pat=000 resclass=[ 527, -7, -3689 ] xT=false
  D4 above=T1 pat=000 resclass=[ 422792601, 802263, 527 ] xT=false
  D4 above=T2 pat=000 resclass=[ 802263, -114609, -7 ] xT=false
  D4 above=T1 pat=000 resclass=[ 422792601, 802263, 527 ] xT=false
  D4 above=T2 pat=000 resclass=[ 802263, -114609, -7 ] xT=false
MEMBER stv 2 2/3 -1 shape=[ 1, 1, 2, 2 ] tors=[ 4, 4 ] order4=12 norm111=0 xTpass=0
  D4 above=T2 pat=000 resclass=[ 3945, -789, -5 ] xT=false
  D4 above=T2 pat=000 resclass=[ 3945, -789, -5 ] xT=false
  D4 above=T1 pat=000 resclass=[ 1179555, 3945, 299 ] xT=false
  D4 above=T3 pat=000 resclass=[ 299, -5, -1495 ] xT=false
  D4 above=T1 pat=000 resclass=[ 1179555, 3945, 299 ] xT=false
  D4 above=T3 pat=000 resclass=[ 299, -5, -1495 ] xT=false
  D4 above=T2 pat=000 resclass=[ 3945, -789, -5 ] xT=false
  D4 above=T2 pat=000 resclass=[ 3945, -789, -5 ] xT=false
  D4 above=T1 pat=000 resclass=[ 1179555, 3945, 299 ] xT=false
  D4 above=T3 pat=000 resclass=[ 299, -5, -1495 ] xT=false
  D4 above=T1 pat=000 resclass=[ 1179555, 3945, 299 ] xT=false
  D4 above=T3 pat=000 resclass=[ 299, -5, -1495 ] xT=false
MEMBER stv 3 1/2 -1/3 shape=[ 1, 1, 1, 1, 2 ] tors=[ 2, 4, 4 ] order4=24 norm111=0 xTpass=0
  D4 above=T3 pat=000 resclass=[ 15, 3, 5 ] xT=false
  D4 above=T3 pat=000 resclass=[ 15, -3, -5 ] xT=false
  D4 above=T3 pat=000 resclass=[ 15, 3, 5 ] xT=false
  D4 above=T3 pat=000 resclass=[ 15, -3, -5 ] xT=false
  D4 above=T2 pat=000 resclass=[ 66, -22, -3 ] xT=false
  D4 above=T2 pat=000 resclass=[ 66, 22, 3 ] xT=false
  D4 above=T1 pat=000 resclass=[ 110, -66, -15 ] xT=false
  D4 above=T1 pat=000 resclass=[ 110, 66, 15 ] xT=false
  D4 above=T2 pat=000 resclass=[ 66, -22, -3 ] xT=false
  D4 above=T2 pat=000 resclass=[ 66, 22, 3 ] xT=false
  D4 above=T1 pat=000 resclass=[ 110, -66, -15 ] xT=false
  D4 above=T1 pat=000 resclass=[ 110, 66, 15 ] xT=false
  D4 above=T3 pat=000 resclass=[ 15, 3, 5 ] xT=false
  D4 above=T3 pat=000 resclass=[ 15, -3, -5 ] xT=false
  D4 above=T3 pat=000 resclass=[ 15, 3, 5 ] xT=false
  D4 above=T3 pat=000 resclass=[ 15, -3, -5 ] xT=false
  D4 above=T2 pat=000 resclass=[ 66, -22, -3 ] xT=false
  D4 above=T2 pat=000 resclass=[ 66, 22, 3 ] xT=false
  D4 above=T1 pat=000 resclass=[ 110, -66, -15 ] xT=false
  D4 above=T1 pat=000 resclass=[ 110, 66, 15 ] xT=false
  D4 above=T2 pat=000 resclass=[ 66, -22, -3 ] xT=false
  D4 above=T2 pat=000 resclass=[ 66, 22, 3 ] xT=false
  D4 above=T1 pat=000 resclass=[ 110, -66, -15 ] xT=false
  D4 above=T1 pat=000 resclass=[ 110, 66, 15 ] xT=false
MEMBER stv 4 1/4 -2 shape=[ 1, 1, 2, 2 ] tors=[ 4, 4 ] order4=12 norm111=0 xTpass=0
  D4 above=T2 pat=000 resclass=[ 1852095, -123473, -15 ] xT=false
  D4 above=T2 pat=000 resclass=[ 1852095, -123473, -15 ] xT=false
  D4 above=T1 pat=000 resclass=[ 146315505, 1852095, 79 ] xT=false
  D4 above=T3 pat=000 resclass=[ 79, -15, -1185 ] xT=false
  D4 above=T1 pat=000 resclass=[ 146315505, 1852095, 79 ] xT=false
  D4 above=T3 pat=000 resclass=[ 79, -15, -1185 ] xT=false
  D4 above=T2 pat=000 resclass=[ 1852095, -123473, -15 ] xT=false
  D4 above=T2 pat=000 resclass=[ 1852095, -123473, -15 ] xT=false
  D4 above=T1 pat=000 resclass=[ 146315505, 1852095, 79 ] xT=false
  D4 above=T3 pat=000 resclass=[ 79, -15, -1185 ] xT=false
  D4 above=T1 pat=000 resclass=[ 146315505, 1852095, 79 ] xT=false
  D4 above=T3 pat=000 resclass=[ 79, -15, -1185 ] xT=false
MEMBER stv 4 4 -3/4 shape=[ 1, 1, 2, 2 ] tors=[ 4, 4 ] order4=12 norm111=0 xTpass=0
  D4 above=T1 pat=000 resclass=[ -95, 55, -209 ] xT=false
  D4 above=T1 pat=000 resclass=[ -95, 55, -209 ] xT=false
  D4 above=T2 pat=000 resclass=[ 55, 33, 15 ] xT=false
  D4 above=T3 pat=000 resclass=[ -209, 15, -3135 ] xT=false
  D4 above=T2 pat=000 resclass=[ 55, 33, 15 ] xT=false
  D4 above=T3 pat=000 resclass=[ -209, 15, -3135 ] xT=false
  D4 above=T1 pat=000 resclass=[ -95, 55, -209 ] xT=false
  D4 above=T1 pat=000 resclass=[ -95, 55, -209 ] xT=false
  D4 above=T2 pat=000 resclass=[ 55, 33, 15 ] xT=false
  D4 above=T3 pat=000 resclass=[ -209, 15, -3135 ] xT=false
  D4 above=T2 pat=000 resclass=[ 55, 33, 15 ] xT=false
  D4 above=T3 pat=000 resclass=[ -209, 15, -3135 ] xT=false
MEMBER stv 1/3 13 16/15 shape=[ 1, 1, 2, 2 ] tors=[ 4, 4 ] order4=12 norm111=0 xTpass=0
  D4 above=T2 pat=000 resclass=[ -43213299290, -9259992705, 42 ] xT=false
  D4 above=T2 pat=000 resclass=[ -43213299290, -9259992705, 42 ] xT=false
  D4 above=T3 pat=000 resclass=[ -254015, 42, -10668630 ] xT=false
  D4 above=T1 pat=000 resclass=[ 439073048765974, -43213299290, -254015 ] xT=false
  D4 above=T3 pat=000 resclass=[ -254015, 42, -10668630 ] xT=false
  D4 above=T1 pat=000 resclass=[ 439073048765974, -43213299290, -254015 ] xT=false
  D4 above=T2 pat=000 resclass=[ -43213299290, -9259992705, 42 ] xT=false
  D4 above=T2 pat=000 resclass=[ -43213299290, -9259992705, 42 ] xT=false
  D4 above=T3 pat=000 resclass=[ -254015, 42, -10668630 ] xT=false
  D4 above=T1 pat=000 resclass=[ 439073048765974, -43213299290, -254015 ] xT=false
  D4 above=T3 pat=000 resclass=[ -254015, 42, -10668630 ] xT=false
  D4 above=T1 pat=000 resclass=[ 439073048765974, -43213299290, -254015 ] xT=false
MEMBER stv 5/8 9/7 -7/5 shape=[ 1, 1, 2, 2 ] tors=[ 4, 4 ] order4=12 norm111=0 xTpass=0
  D4 above=T3 pat=000 resclass=[ -5511, 2, -11022 ] xT=false
  D4 above=T3 pat=000 resclass=[ -5511, 2, -11022 ] xT=false
  D4 above=T1 pat=000 resclass=[ 68921304474, -12506134, -5511 ] xT=false
  D4 above=T2 pat=000 resclass=[ -12506134, -6253067, 2 ] xT=false
  D4 above=T1 pat=000 resclass=[ 68921304474, -12506134, -5511 ] xT=false
  D4 above=T2 pat=000 resclass=[ -12506134, -6253067, 2 ] xT=false
  D4 above=T3 pat=000 resclass=[ -5511, 2, -11022 ] xT=false
  D4 above=T3 pat=000 resclass=[ -5511, 2, -11022 ] xT=false
  D4 above=T1 pat=000 resclass=[ 68921304474, -12506134, -5511 ] xT=false
  D4 above=T2 pat=000 resclass=[ -12506134, -6253067, 2 ] xT=false
  D4 above=T1 pat=000 resclass=[ 68921304474, -12506134, -5511 ] xT=false
  D4 above=T2 pat=000 resclass=[ -12506134, -6253067, 2 ] xT=false
MEMBER stv 20/17 13/17 -5/12 shape=[ 1, 1, 2, 2 ] tors=[ 4, 4 ] order4=12 norm111=0 xTpass=0
  D4 above=T3 pat=000 resclass=[ 253, -30, -7590 ] xT=false
  D4 above=T3 pat=000 resclass=[ 253, -30, -7590 ] xT=false
  D4 above=T2 pat=000 resclass=[ 59243342, -444325065, -30 ] xT=false
  D4 above=T1 pat=000 resclass=[ 14988565526, 59243342, 253 ] xT=false
  D4 above=T2 pat=000 resclass=[ 59243342, -444325065, -30 ] xT=false
  D4 above=T1 pat=000 resclass=[ 14988565526, 59243342, 253 ] xT=false
  D4 above=T3 pat=000 resclass=[ 253, -30, -7590 ] xT=false
  D4 above=T3 pat=000 resclass=[ 253, -30, -7590 ] xT=false
  D4 above=T2 pat=000 resclass=[ 59243342, -444325065, -30 ] xT=false
  D4 above=T1 pat=000 resclass=[ 14988565526, 59243342, 253 ] xT=false
  D4 above=T2 pat=000 resclass=[ 59243342, -444325065, -30 ] xT=false
  D4 above=T1 pat=000 resclass=[ 14988565526, 59243342, 253 ] xT=false
PART_DONE part=172
