MEMBER stv 1/4 4/3 3 shape=[ 1, 1, 2, 2 ] tors=[ 4, 4 ] order4=12 norm111=0 xTpass=0
  D4 above=T1 pat=000 resclass=[ 331261, -170107, -703 ] xT=false
  D4 above=T1 pat=000 resclass=[ 331261, -170107, -703 ] xT=false
  D4 above=T3 pat=000 resclass=[ -703, 7, -4921 ] xT=false
  D4 above=T2 pat=000 resclass=[ -170107, -24301, 7 ] xT=false
  D4 above=T3 pat=000 resclass=[ -703, 7, -4921 ] xT=false
  D4 above=T2 pat=000 resclass=[ -170107, -24301, 7 ] xT=false
  D4 above=T1 pat=000 resclass=[ 331261, -170107, -703 ] xT=false
  D4 above=T1 pat=000 resclass=[ 331261, -170107, -703 ] xT=false
  D4 above=T3 pat=000 resclass=[ -703, 7, -4921 ] xT=false
  D4 above=T2 pat=000 resclass=[ -170107, -24301, 7 ] xT=false
  D4 above=T3 pat=000 resclass=[ -703, 7, -4921 ] xT=false
  D4 above=T2 pat=000 resclass=[ -170107, -24301, 7 ] xT=false
MEMBER stv 1/3 3/4 1 shape=[ 1, 1, 2, 2 ] tors=[ 4, 4 ] order4=12 norm111=0 xTpass=0
  D4 above=T3 pat=000 resclass=[ -185, -7, 1295 ] xT=false
  D4 above=T3 pat=000 resclass=[ -185, -7, 1295 ] xT=false
  D4 above=T1 pat=000 resclass=[ 1619786, -218890, -185 ] xT=false
  D4 above=T2 pat=000 resclass=[ -218890, 31270, -7 ] xT=false
  D4 above=T1 pat=000 resclass=[ 1619786, -218890, -185 ] xT=false
  D4 above=T2 pat=000 resclass=[ -218890, 31270, -7 ] xT=false
  D4 above=T3 pat=000 resclass=[ -185, -7, 1295 ] xT=false
  D4 above=T3 pat=000 resclass=[ -185, -7, 1295 ] xT=false
  D4 above=T1 pat=000 resclass=[ 1619786, -218890, -185 ] xT=false
  D4 above=T2 pat=000 resclass=[ -218890, 31270, -7 ] xT=false
  D4 above=T1 pat=000 resclass=[ 1619786, -218890, -185 ] xT=false
  D4 above=T2 pat=000 resclass=[ -218890, 31270, -7 ] xT=false
MEMBER stv 1/2 2/3 1/3 shape=[ 1, 1, 2, 2 ] tors=[ 4, 4 ] order4=12 norm111=0 xTpass=0
  D4 above=T1 pat=000 resclass=[ 4197765, -220935, -19 ] xT=false
  D4 above=T1 pat=000 resclass=[ 4197765, -220935, -19 ] xT=false
  D4 above=T2 pat=000 resclass=[ -220935, 44187, -5 ] xT=false
  D4 above=T3 pat=000 resclass=[ -19, -5, 95 ] xT=false
  D4 above=T2 pat=000 resclass=[ -220935, 44187, -5 ] xT=false
  D4 above=T3 pat=000 resclass=[ -19, -5, 95 ] xT=false
  D4 above=T1 pat=000 resclass=[ 4197765, -220935, -19 ] xT=false
  D4 above=T1 pat=000 resclass=[ 4197765, -220935, -19 ] xT=false
  D4 above=T2 pat=000 resclass=[ -220935, 44187, -5 ] xT=false
  D4 above=T3 pat=000 resclass=[ -19, -5, 95 ] xT=false
  D4 above=T2 pat=000 resclass=[ -220935, 44187, -5 ] xT=false
  D4 above=T3 pat=000 resclass=[ -19, -5, 95 ] xT=false
MEMBER stv 2/3 1/3 2 shape=[ 1, 1, 2, 2 ] tors=[ 4, 4 ] order4=12 norm111=0 xTpass=0
  D4 above=T3 pat=000 resclass=[ -7, -2, 14 ] xT=false
  D4 above=T3 pat=000 resclass=[ -7, -2, 14 ] xT=false
  D4 above=T2 pat=000 resclass=[ -17, 34, -2 ] xT=false
  D4 above=T1 pat=000 resclass=[ 119, -17, -7 ] xT=false
  D4 above=T2 pat=000 resclass=[ -17, 34, -2 ] xT=false
  D4 above=T1 pat=000 resclass=[ 119, -17, -7 ] xT=false
  D4 above=T3 pat=000 resclass=[ -7, -2, 14 ] xT=false
  D4 above=T3 pat=000 resclass=[ -7, -2, 14 ] xT=false
  D4 above=T2 pat=000 resclass=[ -17, 34, -2 ] xT=false
  D4 above=T1 pat=000 resclass=[ 119, -17, -7 ] xT=false
  D4 above=T2 pat=000 resclass=[ -17, 34, -2 ] xT=false
  D4 above=T1 pat=000 resclass=[ 119, -17, -7 ] xT=false
MEMBER stv 3/4 1/4 3/4 shape=[ 1, 1, 2, 2 ] tors=[ 4, 4 ] order4=12 norm111=0 xTpass=0
  D4 above=T1 pat=000 resclass=[ 682955, -682955, -1 ] xT=false
  D4 above=T1 pat=000 resclass=[ 682955, -682955, -1 ] xT=false
  D4 above=T3 pat=000 resclass=[ -1, -15, 15 ] xT=false
  D4 above=T2 pat=000 resclass=[ -682955, 409773, -15 ] xT=false
  D4 above=T3 pat=000 resclass=[ -1, -15, 15 ] xT=false
  D4 above=T2 pat=000 resclass=[ -682955, 409773, -15 ] xT=false
  D4 above=T1 pat=000 resclass=[ 682955, -682955, -1 ] xT=false
  D4 above=T1 pat=000 resclass=[ 682955, -682955, -1 ] xT=false
  D4 above=T3 pat=000 resclass=[ -1, -15, 15 ] xT=false
  D4 above=T2 pat=000 resclass=[ -682955, 409773, -15 ] xT=false
  D4 above=T3 pat=000 resclass=[ -1, -15, 15 ] xT=false
  D4 above=T2 pat=000 resclass=[ -682955, 409773, -15 ] xT=false
MEMBER stv 3/4 4 1/4 shape=[ 1, 1, 2, 2 ] tors=[ 4, 4 ] order4=12 norm111=0 xTpass=0
  D4 above=T3 pat=000 resclass=[ -399, 15, -665 ] xT=false
  D4 above=T3 pat=000 resclass=[ -399, 15, -665 ] xT=false
  D4 above=T1 pat=000 resclass=[ 182869015, -4124865, -399 ] xT=false
  D4 above=T2 pat=000 resclass=[ -4124865, -274991, 15 ] xT=false
  D4 above=T1 pat=000 resclass=[ 182869015, -4124865, -399 ] xT=false
  D4 above=T2 pat=000 resclass=[ -4124865, -274991, 15 ] xT=false
  D4 above=T3 pat=000 resclass=[ -399, 15, -665 ] xT=false
  D4 above=T3 pat=000 resclass=[ -399, 15, -665 ] xT=false
  D4 above=T1 pat=000 resclass=[ 182869015, -4124865, -399 ] xT=false
  D4 above=T2 pat=000 resclass=[ -4124865, -274991, 15 ] xT=false
  D4 above=T1 pat=000 resclass=[ 182869015, -4124865, -399 ] xT=false
  D4 above=T2 pat=000 resclass=[ -4124865, -274991, 15 ] xT=false
MEMBER stv 1 2 3/2 shape=[ 1, 1, 2, 2 ] tors=[ 4, 4 ] order4=12 norm111=0 xTpass=0
  D4 above=T1 pat=000 resclass=[ 155, -310, -2 ] xT=false
  D4 above=T1 pat=000 resclass=[ 155, -310, -2 ] xT=false
  D4 above=T2 pat=000 resclass=[ -310, -930, 3 ] xT=false
  D4 above=T3 pat=000 resclass=[ -2, 3, -6 ] xT=false
  D4 above=T2 pat=000 resclass=[ -310, -930, 3 ] xT=false
  D4 above=T3 pat=000 resclass=[ -2, 3, -6 ] xT=false
  D4 above=T1 pat=000 resclass=[ 155, -310, -2 ] xT=false
  D4 above=T1 pat=000 resclass=[ 155, -310, -2 ] xT=false
  D4 above=T2 pat=000 resclass=[ -310, -930, 3 ] xT=false
  D4 above=T3 pat=000 resclass=[ -2, 3, -6 ] xT=false
  D4 above=T2 pat=000 resclass=[ -310, -930, 3 ] xT=false
  D4 above=T3 pat=000 resclass=[ -2, 3, -6 ] xT=false
MEMBER stv 4/3 3/2 2/3 shape=[ 1, 1, 2, 2 ] tors=[ 4, 4 ] order4=12 norm111=0 xTpass=0
  D4 above=T1 pat=000 resclass=[ 1838145, 59295, 31 ] xT=false
  D4 above=T1 pat=000 resclass=[ 1838145, 59295, 31 ] xT=false
  D4 above=T3 pat=000 resclass=[ 31, 5, 155 ] xT=false
  D4 above=T2 pat=000 resclass=[ 59295, 11859, 5 ] xT=false
  D4 above=T3 pat=000 resclass=[ 31, 5, 155 ] xT=false
  D4 above=T2 pat=000 resclass=[ 59295, 11859, 5 ] xT=false
  D4 above=T1 pat=000 resclass=[ 1838145, 59295, 31 ] xT=false
  D4 above=T1 pat=000 resclass=[ 1838145, 59295, 31 ] xT=false
  D4 above=T3 pat=000 resclass=[ 31, 5, 155 ] xT=false
  D4 above=T2 pat=000 resclass=[ 59295, 11859, 5 ] xT=false
  D4 above=T3 pat=000 resclass=[ 31, 5, 155 ] xT=false
  D4 above=T2 pat=000 resclass=[ 59295, 11859, 5 ] xT=false
MEMBER stv 3/2 3/4 4 shape=[ 1, 1, 2, 2 ] tors=[ 4, 4 ] order4=12 norm111=0 xTpass=0
  D4 above=T1 pat=000 resclass=[ -25933670, -49210, 527 ] xT=false
  D4 above=T1 pat=000 resclass=[ -25933670, -49210, 527 ] xT=false
  D4 above=T2 pat=000 resclass=[ -49210, 7030, -7 ] xT=false
  D4 above=T3 pat=000 resclass=[ 527, -7, -3689 ] xT=false
  D4 above=T2 pat=000 resclass=[ -49210, 7030, -7 ] xT=false
  D4 above=T3 pat=000 resclass=[ 527, -7, -3689 ] xT=false
  D4 above=T1 pat=000 resclass=[ -25933670, -49210, 527 ] xT=false
  D4 above=T1 pat=000 resclass=[ -25933670, -49210, 527 ] xT=false
  D4 above=T2 pat=000 resclass=[ -49210, 7030, -7 ] xT=false
  D4 above=T3 pat=000 resclass=[ 527, -7, -3689 ] xT=false
  D4 above=T2 pat=000 resclass=[ -49210, 7030, -7 ] xT=false
  D4 above=T3 pat=000 resclass=[ 527, -7, -3689 ] xT=false
MEMBER stv 2 2/3 4/3 shape=[ 1, 1, 2, 2 ] tors=[ 4, 4 ] order4=12 norm111=0 xTpass=0
  D4 above=T2 pat=000 resclass=[ -461415, 92283, -5 ] xT=false
  D4 above=T2 pat=000 resclass=[ -461415, 92283, -5 ] xT=false
  D4 above=T1 pat=000 resclass=[ -137963085, -461415, 299 ] xT=false
  D4 above=T3 pat=000 resclass=[ 299, -5, -1495 ] xT=false
  D4 above=T1 pat=000 resclass=[ -137963085, -461415, 299 ] xT=false
  D4 above=T3 pat=000 resclass=[ 299, -5, -1495 ] xT=false
  D4 above=T2 pat=000 resclass=[ -461415, 92283, -5 ] xT=false
  D4 above=T2 pat=000 resclass=[ -461415, 92283, -5 ] xT=false
  D4 above=T1 pat=000 resclass=[ -137963085, -461415, 299 ] xT=false
  D4 above=T3 pat=000 resclass=[ 299, -5, -1495 ] xT=false
  D4 above=T1 pat=000 resclass=[ -137963085, -461415, 299 ] xT=false
  D4 above=T3 pat=000 resclass=[ 299, -5, -1495 ] xT=false
MEMBER stv 3 1/2 1/2 shape=[ 1, 1, 1, 1, 2 ] tors=[ 2, 4, 4 ] order4=24 norm111=0 xTpass=0
  D4 above=T1 pat=000 resclass=[ -19690, -11814, 15 ] xT=false
  D4 above=T1 pat=000 resclass=[ -19690, 11814, -15 ] xT=false
  D4 above=T1 pat=000 resclass=[ -19690, -11814, 15 ] xT=false
  D4 above=T1 pat=000 resclass=[ -19690, 11814, -15 ] xT=false
  D4 above=T3 pat=000 resclass=[ 15, 3, 5 ] xT=false
  D4 above=T3 pat=000 resclass=[ 15, -3, -5 ] xT=false
  D4 above=T2 pat=000 resclass=[ -11814, -3938, 3 ] xT=false
  D4 above=T2 pat=000 resclass=[ -11814, 3938, -3 ] xT=false
  D4 above=T3 pat=000 resclass=[ 15, 3, 5 ] xT=false
  D4 above=T3 pat=000 resclass=[ 15, -3, -5 ] xT=false
  D4 above=T2 pat=000 resclass=[ -11814, -3938, 3 ] xT=false
  D4 above=T2 pat=000 resclass=[ -11814, 3938, -3 ] xT=false
  D4 above=T1 pat=000 resclass=[ -19690, -11814, 15 ] xT=false
  D4 above=T1 pat=000 resclass=[ -19690, 11814, -15 ] xT=false
  D4 above=T1 pat=000 resclass=[ -19690, -11814, 15 ] xT=false
  D4 above=T1 pat=000 resclass=[ -19690, 11814, -15 ] xT=false
  D4 above=T3 pat=000 resclass=[ 15, 3, 5 ] xT=false
  D4 above=T3 pat=000 resclass=[ 15, -3, -5 ] xT=false
  D4 above=T2 pat=000 resclass=[ -11814, -3938, 3 ] xT=false
  D4 above=T2 pat=000 resclass=[ -11814, 3938, -3 ] xT=false
  D4 above=T3 pat=000 resclass=[ 15, 3, 5 ] xT=false
  D4 above=T3 pat=000 resclass=[ 15, -3, -5 ] xT=false
  D4 above=T2 pat=000 resclass=[ -11814, -3938, 3 ] xT=false
  D4 above=T2 pat=000 resclass=[ -11814, 3938, -3 ] xT=false
MEMBER stv 4 1/4 3 shape=[ 1, 1, 2, 2 ] tors=[ 4, 4 ] order4=12 norm111=0 xTpass=0
  D4 above=T3 pat=000 resclass=[ 79, -15, -1185 ] xT=false
  D4 above=T3 pat=000 resclass=[ 79, -15, -1185 ] xT=false
  D4 above=T2 pat=000 resclass=[ -62945, 37767, -15 ] xT=false
  D4 above=T1 pat=000 resclass=[ -4972655, -62945, 79 ] xT=false
  D4 above=T2 pat=000 resclass=[ -62945, 37767, -15 ] xT=false
  D4 above=T1 pat=000 resclass=[ -4972655, -62945, 79 ] xT=false
  D4 above=T3 pat=000 resclass=[ 79, -15, -1185 ] xT=false
  D4 above=T3 pat=000 resclass=[ 79, -15, -1185 ] xT=false
  D4 above=T2 pat=000 resclass=[ -62945, 37767, -15 ] xT=false
  D4 above=T1 pat=000 resclass=[ -4972655, -62945, 79 ] xT=false
  D4 above=T2 pat=000 resclass=[ -62945, 37767, -15 ] xT=false
  D4 above=T1 pat=000 resclass=[ -4972655, -62945, 79 ] xT=false
MEMBER stv 4 4 1 shape=[ 1, 1, 2, 2 ] tors=[ 4, 4 ] order4=12 norm111=0 xTpass=0
  D4 above=T2 pat=000 resclass=[ -56865, -3791, 15 ] xT=false
  D4 above=T2 pat=000 resclass=[ -56865, -3791, 15 ] xT=false
  D4 above=T1 pat=000 resclass=[ 11884785, -56865, -209 ] xT=false
  D4 above=T3 pat=000 resclass=[ -209, 15, -3135 ] xT=false
  D4 above=T1 pat=000 resclass=[ 11884785, -56865, -209 ] xT=false
  D4 above=T3 pat=000 resclass=[ -209, 15, -3135 ] xT=false
  D4 above=T2 pat=000 resclass=[ -56865, -3791, 15 ] xT=false
  D4 above=T2 pat=000 resclass=[ -56865, -3791, 15 ] xT=false
  D4 above=T1 pat=000 resclass=[ 11884785, -56865, -209 ] xT=false
  D4 above=T3 pat=000 resclass=[ -209, 15, -3135 ] xT=false
  D4 above=T1 pat=000 resclass=[ 11884785, -56865, -209 ] xT=false
  D4 above=T3 pat=000 resclass=[ -209, 15, -3135 ] xT=false
MEMBER stv 5/3 20/3 -11/20 shape=[ 1, 1, 2, 2 ] tors=[ 4, 4 ] order4=12 norm111=0 xTpass=0
  D4 above=T2 pat=000 resclass=[ 140519497855, 359384905, 391 ] xT=false
  D4 above=T2 pat=000 resclass=[ 140519497855, 359384905, 391 ] xT=false
  D4 above=T1 pat=000 resclass=[ -1340696529034555, 140519497855, -9541 ] xT=false
  D4 above=T3 pat=000 resclass=[ -9541, 391, -3730531 ] xT=false
  D4 above=T1 pat=000 resclass=[ -1340696529034555, 140519497855, -9541 ] xT=false
  D4 above=T3 pat=000 resclass=[ -9541, 391, -3730531 ] xT=false
  D4 above=T2 pat=000 resclass=[ 140519497855, 359384905, 391 ] xT=false
  D4 above=T2 pat=000 resclass=[ 140519497855, 359384905, 391 ] xT=false
  D4 above=T1 pat=000 resclass=[ -1340696529034555, 140519497855, -9541 ] xT=false
  D4 above=T3 pat=000 resclass=[ -9541, 391, -3730531 ] xT=false
  D4 above=T1 pat=000 resclass=[ -1340696529034555, 140519497855, -9541 ] xT=false
  D4 above=T3 pat=000 resclass=[ -9541, 391, -3730531 ] xT=false
MEMBER stv 13/3 11/2 -6/5 shape=[ 1, 1, 2, 2 ] tors=[ 4, 4 ] order4=12 norm111=0 xTpass=0
  D4 above=T3 pat=000 resclass=[ -713, 13, -9269 ] xT=false
  D4 above=T3 pat=000 resclass=[ -713, 13, -9269 ] xT=false
  D4 above=T1 pat=000 resclass=[ -5605858804845, 7862354565, -713 ] xT=false
  D4 above=T2 pat=000 resclass=[ 7862354565, 604796505, 13 ] xT=false
  D4 above=T1 pat=000 resclass=[ -5605858804845, 7862354565, -713 ] xT=false
  D4 above=T2 pat=000 resclass=[ 7862354565, 604796505, 13 ] xT=false
  D4 above=T3 pat=000 resclass=[ -713, 13, -9269 ] xT=false
  D4 above=T3 pat=000 resclass=[ -713, 13, -9269 ] xT=false
  D4 above=T1 pat=000 resclass=[ -5605858804845, 7862354565, -713 ] xT=false
  D4 above=T2 pat=000 resclass=[ 7862354565, 604796505, 13 ] xT=false
  D4 above=T1 pat=000 resclass=[ -5605858804845, 7862354565, -713 ] xT=false
  D4 above=T2 pat=000 resclass=[ 7862354565, 604796505, 13 ] xT=false
MEMBER stv 16/3 3 -3/4 shape=[ 1, 1, 1, 1, 2 ] tors=[ 2, 4, 4 ] order4=24 norm111=0 xTpass=0
  D4 above=T2 pat=000 resclass=[ 36966, -18483, -2 ] xT=false
  D4 above=T2 pat=000 resclass=[ 36966, 18483, 2 ] xT=false
  D4 above=T2 pat=000 resclass=[ 36966, -18483, -2 ] xT=false
  D4 above=T2 pat=000 resclass=[ 36966, 18483, 2 ] xT=false
  D4 above=T1 pat=000 resclass=[ -184830, 36966, -5 ] xT=false
  D4 above=T1 pat=000 resclass=[ -184830, -36966, 5 ] xT=false
  D4 above=T3 pat=000 resclass=[ -5, -2, 10 ] xT=false
  D4 above=T3 pat=000 resclass=[ -5, 2, -10 ] xT=false
  D4 above=T1 pat=000 resclass=[ -184830, 36966, -5 ] xT=false
  D4 above=T1 pat=000 resclass=[ -184830, -36966, 5 ] xT=false
  D4 above=T3 pat=000 resclass=[ -5, -2, 10 ] xT=false
  D4 above=T3 pat=000 resclass=[ -5, 2, -10 ] xT=false
  D4 above=T2 pat=000 resclass=[ 36966, -18483, -2 ] xT=false
  D4 above=T2 pat=000 resclass=[ 36966, 18483, 2 ] xT=false
  D4 above=T2 pat=000 resclass=[ 36966, -18483, -2 ] xT=false
  D4 above=T2 pat=000 resclass=[ 36966, 18483, 2 ] xT=false
  D4 above=T1 pat=000 resclass=[ -184830, 36966, -5 ] xT=false
  D4 above=T1 pat=000 resclass=[ -184830, -36966, 5 ] xT=false
  D4 above=T3 pat=000 resclass=[ -5, -2, 10 ] xT=false
  D4 above=T3 pat=000 resclass=[ -5, 2, -10 ] xT=false
  D4 above=T1 pat=000 resclass=[ -184830, 36966, -5 ] xT=false
  D4 above=T1 pat=000 resclass=[ -184830, -36966, 5 ] xT=false
  D4 above=T3 pat=000 resclass=[ -5, -2, 10 ] xT=false
  D4 above=T3 pat=000 resclass=[ -5, 2, -10 ] xT=false
PART_DONE part=173
