MEMBER stv 1/4 4/3 -4 shape=[ 1, 1, 2, 2 ] tors=[ 4, 4 ] order4=12 norm111=0 xTpass=0
  D4 above=T1 pat=000 resclass=[ 21945, -42735, -703 ] xT=false
  D4 above=T1 pat=000 resclass=[ 21945, -42735, -703 ] xT=false
  D4 above=T2 pat=000 resclass=[ -42735, -6105, 7 ] xT=false
  D4 above=T3 pat=000 resclass=[ -703, 7, -4921 ] xT=false
  D4 above=T2 pat=000 resclass=[ -42735, -6105, 7 ] xT=false
  D4 above=T3 pat=000 resclass=[ -703, 7, -4921 ] xT=false
  D4 above=T1 pat=000 resclass=[ 21945, -42735, -703 ] xT=false
  D4 above=T1 pat=000 resclass=[ 21945, -42735, -703 ] xT=false
  D4 above=T2 pat=000 resclass=[ -42735, -6105, 7 ] xT=false
  D4 above=T3 pat=000 resclass=[ -703, 7, -4921 ] xT=false
  D4 above=T2 pat=000 resclass=[ -42735, -6105, 7 ] xT=false
  D4 above=T3 pat=000 resclass=[ -703, 7, -4921 ] xT=false
MEMBER stv 1/3 3/4 -4/3 shape=[ 1, 1, 2, 2 ] tors=[ 4, 4 ] order4=12 norm111=0 xTpass=0
  D4 above=T3 pat=000 resclass=[ -185, -7, 1295 ] xT=false
  D4 above=T3 pat=000 resclass=[ -185, -7, 1295 ] xT=false
  D4 above=T2 pat=000 resclass=[ 437115, -62445, -7 ] xT=false
  D4 above=T1 pat=000 resclass=[ -3234651, 437115, -185 ] xT=false
  D4 above=T2 pat=000 resclass=[ 437115, -62445, -7 ] xT=false
  D4 above=T1 pat=000 resclass=[ -3234651, 437115, -185 ] xT=false
  D4 above=T3 pat=000 resclass=[ -185, -7, 1295 ] xT=false
  D4 above=T3 pat=000 resclass=[ -185, -7, 1295 ] xT=false
  D4 above=T2 pat=000 resclass=[ 437115, -62445, -7 ] xT=false
  D4 above=T1 pat=000 resclass=[ -3234651, 437115, -185 ] xT=false
  D4 above=T2 pat=000 resclass=[ 437115, -62445, -7 ] xT=false
  D4 above=T1 pat=000 resclass=[ -3234651, 437115, -185 ] xT=false
MEMBER stv 1/2 2/3 -1/2 shape=[ 1, 1, 2, 2 ] tors=[ 4, 4 ] order4=12 norm111=0 xTpass=0
  D4 above=T2 pat=000 resclass=[ 34090, -6818, -5 ] xT=false
  D4 above=T2 pat=000 resclass=[ 34090, -6818, -5 ] xT=false
  D4 above=T1 pat=000 resclass=[ -647710, 34090, -19 ] xT=false
  D4 above=T3 pat=000 resclass=[ -19, -5, 95 ] xT=false
  D4 above=T1 pat=000 resclass=[ -647710, 34090, -19 ] xT=false
  D4 above=T3 pat=000 resclass=[ -19, -5, 95 ] xT=false
  D4 above=T2 pat=000 resclass=[ 34090, -6818, -5 ] xT=false
  D4 above=T2 pat=000 resclass=[ 34090, -6818, -5 ] xT=false
  D4 above=T1 pat=000 resclass=[ -647710, 34090, -19 ] xT=false
  D4 above=T3 pat=000 resclass=[ -19, -5, 95 ] xT=false
  D4 above=T1 pat=000 resclass=[ -647710, 34090, -19 ] xT=false
  D4 above=T3 pat=000 resclass=[ -19, -5, 95 ] xT=false
MEMBER stv 2/3 1/3 -3 shape=[ 1, 1, 2, 2 ] tors=[ 4, 4 ] order4=12 norm111=0 xTpass=0
  D4 above=T3 pat=000 resclass=[ -7, -2, 14 ] xT=false
  D4 above=T3 pat=000 resclass=[ -7, -2, 14 ] xT=false
  D4 above=T1 pat=000 resclass=[ -714, 102, -7 ] xT=false
  D4 above=T2 pat=000 resclass=[ 102, -51, -2 ] xT=false
  D4 above=T1 pat=000 resclass=[ -714, 102, -7 ] xT=false
  D4 above=T2 pat=000 resclass=[ 102, -51, -2 ] xT=false
  D4 above=T3 pat=000 resclass=[ -7, -2, 14 ] xT=false
  D4 above=T3 pat=000 resclass=[ -7, -2, 14 ] xT=false
  D4 above=T1 pat=000 resclass=[ -714, 102, -7 ] xT=false
  D4 above=T2 pat=000 resclass=[ 102, -51, -2 ] xT=false
  D4 above=T1 pat=000 resclass=[ -714, 102, -7 ] xT=false
  D4 above=T2 pat=000 resclass=[ 102, -51, -2 ] xT=false
MEMBER stv 3/4 1/4 -1 shape=[ 1, 1, 2, 2 ] tors=[ 4, 4 ] order4=12 norm111=0 xTpass=0
  D4 above=T3 pat=000 resclass=[ -1, -15, 15 ] xT=false
  D4 above=T3 pat=000 resclass=[ -1, -15, 15 ] xT=false
  D4 above=T2 pat=000 resclass=[ 10185, -679, -15 ] xT=false
  D4 above=T1 pat=000 resclass=[ -10185, 10185, -1 ] xT=false
  D4 above=T2 pat=000 resclass=[ 10185, -679, -15 ] xT=false
  D4 above=T1 pat=000 resclass=[ -10185, 10185, -1 ] xT=false
  D4 above=T3 pat=000 resclass=[ -1, -15, 15 ] xT=false
  D4 above=T3 pat=000 resclass=[ -1, -15, 15 ] xT=false
  D4 above=T2 pat=000 resclass=[ 10185, -679, -15 ] xT=false
  D4 above=T1 pat=000 resclass=[ -10185, 10185, -1 ] xT=false
  D4 above=T2 pat=000 resclass=[ 10185, -679, -15 ] xT=false
  D4 above=T1 pat=000 resclass=[ -10185, 10185, -1 ] xT=false
MEMBER stv 3/4 4 -1/3 shape=[ 1, 1, 2, 2 ] tors=[ 4, 4 ] order4=12 norm111=0 xTpass=0
  D4 above=T2 pat=000 resclass=[ -84045, -5603, 15 ] xT=false
  D4 above=T2 pat=000 resclass=[ -84045, -5603, 15 ] xT=false
  D4 above=T3 pat=000 resclass=[ -399, 15, -665 ] xT=false
  D4 above=T1 pat=000 resclass=[ 3725995, -84045, -399 ] xT=false
  D4 above=T3 pat=000 resclass=[ -399, 15, -665 ] xT=false
  D4 above=T1 pat=000 resclass=[ 3725995, -84045, -399 ] xT=false
  D4 above=T2 pat=000 resclass=[ -84045, -5603, 15 ] xT=false
  D4 above=T2 pat=000 resclass=[ -84045, -5603, 15 ] xT=false
  D4 above=T3 pat=000 resclass=[ -399, 15, -665 ] xT=false
  D4 above=T1 pat=000 resclass=[ 3725995, -84045, -399 ] xT=false
  D4 above=T3 pat=000 resclass=[ -399, 15, -665 ] xT=false
  D4 above=T1 pat=000 resclass=[ 3725995, -84045, -399 ] xT=false
MEMBER stv 1 2 -2 shape=[ 1, 1, 2, 2 ] tors=[ 4, 4 ] order4=12 norm111=0 xTpass=0
  D4 above=T1 pat=000 resclass=[ -69, 138, -2 ] xT=false
  D4 above=T1 pat=000 resclass=[ -69, 138, -2 ] xT=false
  D4 above=T2 pat=000 resclass=[ 138, 46, 3 ] xT=false
  D4 above=T3 pat=000 resclass=[ -2, 3, -6 ] xT=false
  D4 above=T2 pat=000 resclass=[ 138, 46, 3 ] xT=false
  D4 above=T3 pat=000 resclass=[ -2, 3, -6 ] xT=false
  D4 above=T1 pat=000 resclass=[ -69, 138, -2 ] xT=false
  D4 above=T1 pat=000 resclass=[ -69, 138, -2 ] xT=false
  D4 above=T2 pat=000 resclass=[ 138, 46, 3 ] xT=false
  D4 above=T3 pat=000 resclass=[ -2, 3, -6 ] xT=false
  D4 above=T2 pat=000 resclass=[ 138, 46, 3 ] xT=false
  D4 above=T3 pat=000 resclass=[ -2, 3, -6 ] xT=false
MEMBER stv 4/3 3/2 -3/4 shape=[ 1, 1, 2, 2 ] tors=[ 4, 4 ] order4=12 norm111=0 xTpass=0
  D4 above=T3 pat=000 resclass=[ 31, 5, 155 ] xT=false
  D4 above=T3 pat=000 resclass=[ 31, 5, 155 ] xT=false
  D4 above=T2 pat=000 resclass=[ 5115, 1023, 5 ] xT=false
  D4 above=T1 pat=000 resclass=[ 165, 5115, 31 ] xT=false
  D4 above=T2 pat=000 resclass=[ 5115, 1023, 5 ] xT=false
  D4 above=T1 pat=000 resclass=[ 165, 5115, 31 ] xT=false
  D4 above=T3 pat=000 resclass=[ 31, 5, 155 ] xT=false
  D4 above=T3 pat=000 resclass=[ 31, 5, 155 ] xT=false
  D4 above=T2 pat=000 resclass=[ 5115, 1023, 5 ] xT=false
  D4 above=T1 pat=000 resclass=[ 165, 5115, 31 ] xT=false
  D4 above=T2 pat=000 resclass=[ 5115, 1023, 5 ] xT=false
  D4 above=T1 pat=000 resclass=[ 165, 5115, 31 ] xT=false
MEMBER stv 3/2 4/3 -1/4 shape=[ 1, 1, 2, 2 ] tors=[ 4, 4 ] order4=12 norm111=0 xTpass=0
  D4 above=T1 pat=000 resclass=[ -540995, -1015, 533 ] xT=false
  D4 above=T1 pat=000 resclass=[ -540995, -1015, 533 ] xT=false
  D4 above=T2 pat=000 resclass=[ -1015, -145, 7 ] xT=false
  D4 above=T3 pat=000 resclass=[ 533, 7, 3731 ] xT=false
  D4 above=T2 pat=000 resclass=[ -1015, -145, 7 ] xT=false
  D4 above=T3 pat=000 resclass=[ 533, 7, 3731 ] xT=false
  D4 above=T1 pat=000 resclass=[ -540995, -1015, 533 ] xT=false
  D4 above=T1 pat=000 resclass=[ -540995, -1015, 533 ] xT=false
  D4 above=T2 pat=000 resclass=[ -1015, -145, 7 ] xT=false
  D4 above=T3 pat=000 resclass=[ 533, 7, 3731 ] xT=false
  D4 above=T2 pat=000 resclass=[ -1015, -145, 7 ] xT=false
  D4 above=T3 pat=000 resclass=[ 533, 7, 3731 ] xT=false
MEMBER stv 2 2/3 -3/2 shape=[ 1, 1, 2, 2 ] tors=[ 4, 4 ] order4=12 norm111=0 xTpass=0
  D4 above=T2 pat=000 resclass=[ 290, -58, -5 ] xT=false
  D4 above=T2 pat=000 resclass=[ 290, -58, -5 ] xT=false
  D4 above=T3 pat=000 resclass=[ 299, -5, -1495 ] xT=false
  D4 above=T1 pat=000 resclass=[ 86710, 290, 299 ] xT=false
  D4 above=T3 pat=000 resclass=[ 299, -5, -1495 ] xT=false
  D4 above=T1 pat=000 resclass=[ 86710, 290, 299 ] xT=false
  D4 above=T2 pat=000 resclass=[ 290, -58, -5 ] xT=false
  D4 above=T2 pat=000 resclass=[ 290, -58, -5 ] xT=false
  D4 above=T3 pat=000 resclass=[ 299, -5, -1495 ] xT=false
  D4 above=T1 pat=000 resclass=[ 86710, 290, 299 ] xT=false
  D4 above=T3 pat=000 resclass=[ 299, -5, -1495 ] xT=false
  D4 above=T1 pat=000 resclass=[ 86710, 290, 299 ] xT=false
MEMBER stv 3 1/2 -2/3 shape=[ 1, 1, 1, 1, 2 ] tors=[ 2, 4, 4 ] order4=24 norm111=0 xTpass=0
  D4 above=T1 pat=000 resclass=[ 123, -205, -15 ] xT=false
  D4 above=T1 pat=000 resclass=[ 123, 205, 15 ] xT=false
  D4 above=T1 pat=000 resclass=[ 123, -205, -15 ] xT=false
  D4 above=T1 pat=000 resclass=[ 123, 205, 15 ] xT=false
  D4 above=T3 pat=000 resclass=[ 15, -3, -5 ] xT=false
  D4 above=T3 pat=000 resclass=[ 15, 3, 5 ] xT=false
  D4 above=T2 pat=000 resclass=[ 205, 615, 3 ] xT=false
  D4 above=T2 pat=000 resclass=[ 205, -615, -3 ] xT=false
  D4 above=T3 pat=000 resclass=[ 15, -3, -5 ] xT=false
  D4 above=T3 pat=000 resclass=[ 15, 3, 5 ] xT=false
  D4 above=T2 pat=000 resclass=[ 205, 615, 3 ] xT=false
  D4 above=T2 pat=000 resclass=[ 205, -615, -3 ] xT=false
  D4 above=T1 pat=000 resclass=[ 123, -205, -15 ] xT=false
  D4 above=T1 pat=000 resclass=[ 123, 205, 15 ] xT=false
  D4 above=T1 pat=000 resclass=[ 123, -205, -15 ] xT=false
  D4 above=T1 pat=000 resclass=[ 123, 205, 15 ] xT=false
  D4 above=T3 pat=000 resclass=[ 15, -3, -5 ] xT=false
  D4 above=T3 pat=000 resclass=[ 15, 3, 5 ] xT=false
  D4 above=T2 pat=000 resclass=[ 205, 615, 3 ] xT=false
  D4 above=T2 pat=000 resclass=[ 205, -615, -3 ] xT=false
  D4 above=T3 pat=000 resclass=[ 15, -3, -5 ] xT=false
  D4 above=T3 pat=000 resclass=[ 15, 3, 5 ] xT=false
  D4 above=T2 pat=000 resclass=[ 205, 615, 3 ] xT=false
  D4 above=T2 pat=000 resclass=[ 205, -615, -3 ] xT=false
MEMBER stv 4 1/4 -4 shape=[ 1, 1, 2, 2 ] tors=[ 4, 4 ] order4=12 norm111=0 xTpass=0
  D4 above=T2 pat=000 resclass=[ 47215, -28329, -15 ] xT=false
  D4 above=T2 pat=000 resclass=[ 47215, -28329, -15 ] xT=false
  D4 above=T1 pat=000 resclass=[ 3729985, 47215, 79 ] xT=false
  D4 above=T3 pat=000 resclass=[ 79, -15, -1185 ] xT=false
  D4 above=T1 pat=000 resclass=[ 3729985, 47215, 79 ] xT=false
  D4 above=T3 pat=000 resclass=[ 79, -15, -1185 ] xT=false
  D4 above=T2 pat=000 resclass=[ 47215, -28329, -15 ] xT=false
  D4 above=T2 pat=000 resclass=[ 47215, -28329, -15 ] xT=false
  D4 above=T1 pat=000 resclass=[ 3729985, 47215, 79 ] xT=false
  D4 above=T3 pat=000 resclass=[ 79, -15, -1185 ] xT=false
  D4 above=T1 pat=000 resclass=[ 3729985, 47215, 79 ] xT=false
  D4 above=T3 pat=000 resclass=[ 79, -15, -1185 ] xT=false
MEMBER stv 4 4 -4/3 shape=[ 1, 1, 2, 2 ] tors=[ 4, 4 ] order4=12 norm111=0 xTpass=0
  D4 above=T3 pat=000 resclass=[ -209, 15, -3135 ] xT=false
  D4 above=T3 pat=000 resclass=[ -209, 15, -3135 ] xT=false
  D4 above=T1 pat=000 resclass=[ -57306755, 274195, -209 ] xT=false
  D4 above=T2 pat=000 resclass=[ 274195, 164517, 15 ] xT=false
  D4 above=T1 pat=000 resclass=[ -57306755, 274195, -209 ] xT=false
  D4 above=T2 pat=000 resclass=[ 274195, 164517, 15 ] xT=false
  D4 above=T3 pat=000 resclass=[ -209, 15, -3135 ] xT=false
  D4 above=T3 pat=000 resclass=[ -209, 15, -3135 ] xT=false
  D4 above=T1 pat=000 resclass=[ -57306755, 274195, -209 ] xT=false
  D4 above=T2 pat=000 resclass=[ 274195, 164517, 15 ] xT=false
  D4 above=T1 pat=000 resclass=[ -57306755, 274195, -209 ] xT=false
  D4 above=T2 pat=000 resclass=[ 274195, 164517, 15 ] xT=false
MEMBER stv 1/7 11/3 -2/5 shape=[ 1, 1, 2, 2 ] tors=[ 4, 4 ] order4=12 norm111=0 xTpass=0
  D4 above=T3 pat=000 resclass=[ -24583, 7, -172081 ] xT=false
  D4 above=T3 pat=000 resclass=[ -24583, 7, -172081 ] xT=false
  D4 above=T2 pat=000 resclass=[ -283033590, -40433370, 7 ] xT=false
  D4 above=T1 pat=000 resclass=[ 6957814742970, -283033590, -24583 ] xT=false
  D4 above=T2 pat=000 resclass=[ -283033590, -40433370, 7 ] xT=false
  D4 above=T1 pat=000 resclass=[ 6957814742970, -283033590, -24583 ] xT=false
  D4 above=T3 pat=000 resclass=[ -24583, 7, -172081 ] xT=false
  D4 above=T3 pat=000 resclass=[ -24583, 7, -172081 ] xT=false
  D4 above=T2 pat=000 resclass=[ -283033590, -40433370, 7 ] xT=false
  D4 above=T1 pat=000 resclass=[ 6957814742970, -283033590, -24583 ] xT=false
  D4 above=T2 pat=000 resclass=[ -283033590, -40433370, 7 ] xT=false
  D4 above=T1 pat=000 resclass=[ 6957814742970, -283033590, -24583 ] xT=false
MEMBER stv 17/12 7/9 11/4 shape=[ 1, 1, 2, 2 ] tors=[ 4, 4 ] order4=12 norm111=0 xTpass=0
  D4 above=T1 pat=000 resclass=[ -48367113354896710, -248933917430, 194297 ] xT=false
  D4 above=T1 pat=000 resclass=[ -48367113354896710, -248933917430, 194297 ] xT=false
  D4 above=T2 pat=000 resclass=[ -248933917430, 124466958715, -2 ] xT=false
  D4 above=T3 pat=000 resclass=[ 194297, -2, -388594 ] xT=false
  D4 above=T2 pat=000 resclass=[ -248933917430, 124466958715, -2 ] xT=false
  D4 above=T3 pat=000 resclass=[ 194297, -2, -388594 ] xT=false
  D4 above=T1 pat=000 resclass=[ -48367113354896710, -248933917430, 194297 ] xT=false
  D4 above=T1 pat=000 resclass=[ -48367113354896710, -248933917430, 194297 ] xT=false
  D4 above=T2 pat=000 resclass=[ -248933917430, 124466958715, -2 ] xT=false
  D4 above=T3 pat=000 resclass=[ 194297, -2, -388594 ] xT=false
  D4 above=T2 pat=000 resclass=[ -248933917430, 124466958715, -2 ] xT=false
  D4 above=T3 pat=000 resclass=[ 194297, -2, -388594 ] xT=false
MEMBER stv 3/19 2 8/19 shape=[ 1, 1, 2, 2 ] tors=[ 4, 4 ] order4=12 norm111=0 xTpass=0
  D4 above=T2 pat=000 resclass=[ -876258606, -292086202, 3 ] xT=false
  D4 above=T2 pat=000 resclass=[ -876258606, -292086202, 3 ] xT=false
  D4 above=T3 pat=000 resclass=[ -10, 3, -30 ] xT=false
  D4 above=T1 pat=000 resclass=[ 2190646515, -876258606, -10 ] xT=false
  D4 above=T3 pat=000 resclass=[ -10, 3, -30 ] xT=false
  D4 above=T1 pat=000 resclass=[ 2190646515, -876258606, -10 ] xT=false
  D4 above=T2 pat=000 resclass=[ -876258606, -292086202, 3 ] xT=false
  D4 above=T2 pat=000 resclass=[ -876258606, -292086202, 3 ] xT=false
  D4 above=T3 pat=000 resclass=[ -10, 3, -30 ] xT=false
  D4 above=T1 pat=000 resclass=[ 2190646515, -876258606, -10 ] xT=false
  D4 above=T3 pat=000 resclass=[ -10, 3, -30 ] xT=false
  D4 above=T1 pat=000 resclass=[ 2190646515, -876258606, -10 ] xT=false
PART_DONE part=176
