MEMBER stv 1/4 3/2 1/4 shape=[ 1, 1, 2, 2 ] tors=[ 4, 4 ] order4=12 norm111=0 xTpass=0
  D4 above=T2 pat=000 resclass=[ 65, 13, 5 ] xT=false
  D4 above=T2 pat=000 resclass=[ 65, 13, 5 ] xT=false
  D4 above=T3 pat=000 resclass=[ -6, 5, -30 ] xT=false
  D4 above=T1 pat=000 resclass=[ -390, 65, -6 ] xT=false
  D4 above=T3 pat=000 resclass=[ -6, 5, -30 ] xT=false
  D4 above=T1 pat=000 resclass=[ -390, 65, -6 ] xT=false
  D4 above=T2 pat=000 resclass=[ 65, 13, 5 ] xT=false
  D4 above=T2 pat=000 resclass=[ 65, 13, 5 ] xT=false
  D4 above=T3 pat=000 resclass=[ -6, 5, -30 ] xT=false
  D4 above=T1 pat=000 resclass=[ -390, 65, -6 ] xT=false
  D4 above=T3 pat=000 resclass=[ -6, 5, -30 ] xT=false
  D4 above=T1 pat=000 resclass=[ -390, 65, -6 ] xT=false
MEMBER stv 1/3 3/4 3/2 shape=[ 1, 1, 2, 2 ] tors=[ 4, 4 ] order4=12 norm111=0 xTpass=0
  D4 above=T3 pat=000 resclass=[ -185, -7, 1295 ] xT=false
  D4 above=T3 pat=000 resclass=[ -185, -7, 1295 ] xT=false
  D4 above=T2 pat=000 resclass=[ -14154, 2022, -7 ] xT=false
  D4 above=T1 pat=000 resclass=[ 2618490, -14154, -185 ] xT=false
  D4 above=T2 pat=000 resclass=[ -14154, 2022, -7 ] xT=false
  D4 above=T1 pat=000 resclass=[ 2618490, -14154, -185 ] xT=false
  D4 above=T3 pat=000 resclass=[ -185, -7, 1295 ] xT=false
  D4 above=T3 pat=000 resclass=[ -185, -7, 1295 ] xT=false
  D4 above=T2 pat=000 resclass=[ -14154, 2022, -7 ] xT=false
  D4 above=T1 pat=000 resclass=[ 2618490, -14154, -185 ] xT=false
  D4 above=T2 pat=000 resclass=[ -14154, 2022, -7 ] xT=false
  D4 above=T1 pat=000 resclass=[ 2618490, -14154, -185 ] xT=false
MEMBER stv 1/2 2/3 2/3 shape=[ 1, 1, 2, 2 ] tors=[ 4, 4 ] order4=12 norm111=0 xTpass=0
  D4 above=T3 pat=000 resclass=[ -19, -5, 95 ] xT=false
  D4 above=T3 pat=000 resclass=[ -19, -5, 95 ] xT=false
  D4 above=T2 pat=000 resclass=[ -135870, 27174, -5 ] xT=false
  D4 above=T1 pat=000 resclass=[ 2581530, -135870, -19 ] xT=false
  D4 above=T2 pat=000 resclass=[ -135870, 27174, -5 ] xT=false
  D4 above=T1 pat=000 resclass=[ 2581530, -135870, -19 ] xT=false
  D4 above=T3 pat=000 resclass=[ -19, -5, 95 ] xT=false
  D4 above=T3 pat=000 resclass=[ -19, -5, 95 ] xT=false
  D4 above=T2 pat=000 resclass=[ -135870, 27174, -5 ] xT=false
  D4 above=T1 pat=000 resclass=[ 2581530, -135870, -19 ] xT=false
  D4 above=T2 pat=000 resclass=[ -135870, 27174, -5 ] xT=false
  D4 above=T1 pat=000 resclass=[ 2581530, -135870, -19 ] xT=false
MEMBER stv 2/3 1/3 4 shape=[ 1, 1, 2, 2 ] tors=[ 4, 4 ] order4=12 norm111=0 xTpass=0
  D4 above=T1 pat=000 resclass=[ 3598, -514, -7 ] xT=false
  D4 above=T1 pat=000 resclass=[ 3598, -514, -7 ] xT=false
  D4 above=T3 pat=000 resclass=[ -7, -2, 14 ] xT=false
  D4 above=T2 pat=000 resclass=[ -514, 257, -2 ] xT=false
  D4 above=T3 pat=000 resclass=[ -7, -2, 14 ] xT=false
  D4 above=T2 pat=000 resclass=[ -514, 257, -2 ] xT=false
  D4 above=T1 pat=000 resclass=[ 3598, -514, -7 ] xT=false
  D4 above=T1 pat=000 resclass=[ 3598, -514, -7 ] xT=false
  D4 above=T3 pat=000 resclass=[ -7, -2, 14 ] xT=false
  D4 above=T2 pat=000 resclass=[ -514, 257, -2 ] xT=false
  D4 above=T3 pat=000 resclass=[ -7, -2, 14 ] xT=false
  D4 above=T2 pat=000 resclass=[ -514, 257, -2 ] xT=false
MEMBER stv 3/4 1/4 4/3 shape=[ 1, 1, 2, 2 ] tors=[ 4, 4 ] order4=12 norm111=0 xTpass=0
  D4 above=T3 pat=000 resclass=[ -1, -15, 15 ] xT=false
  D4 above=T3 pat=000 resclass=[ -1, -15, 15 ] xT=false
  D4 above=T1 pat=000 resclass=[ 455, -455, -1 ] xT=false
  D4 above=T2 pat=000 resclass=[ -455, 273, -15 ] xT=false
  D4 above=T1 pat=000 resclass=[ 455, -455, -1 ] xT=false
  D4 above=T2 pat=000 resclass=[ -455, 273, -15 ] xT=false
  D4 above=T3 pat=000 resclass=[ -1, -15, 15 ] xT=false
  D4 above=T3 pat=000 resclass=[ -1, -15, 15 ] xT=false
  D4 above=T1 pat=000 resclass=[ 455, -455, -1 ] xT=false
  D4 above=T2 pat=000 resclass=[ -455, 273, -15 ] xT=false
  D4 above=T1 pat=000 resclass=[ 455, -455, -1 ] xT=false
  D4 above=T2 pat=000 resclass=[ -455, 273, -15 ] xT=false
MEMBER stv 3/4 4 1/2 shape=[ 1, 1, 2, 2 ] tors=[ 4, 4 ] order4=12 norm111=0 xTpass=0
  D4 above=T1 pat=000 resclass=[ 207159470, -4672770, -399 ] xT=false
  D4 above=T1 pat=000 resclass=[ 207159470, -4672770, -399 ] xT=false
  D4 above=T2 pat=000 resclass=[ -4672770, -311518, 15 ] xT=false
  D4 above=T3 pat=000 resclass=[ -399, 15, -665 ] xT=false
  D4 above=T2 pat=000 resclass=[ -4672770, -311518, 15 ] xT=false
  D4 above=T3 pat=000 resclass=[ -399, 15, -665 ] xT=false
  D4 above=T1 pat=000 resclass=[ 207159470, -4672770, -399 ] xT=false
  D4 above=T1 pat=000 resclass=[ 207159470, -4672770, -399 ] xT=false
  D4 above=T2 pat=000 resclass=[ -4672770, -311518, 15 ] xT=false
  D4 above=T3 pat=000 resclass=[ -399, 15, -665 ] xT=false
  D4 above=T2 pat=000 resclass=[ -4672770, -311518, 15 ] xT=false
  D4 above=T3 pat=000 resclass=[ -399, 15, -665 ] xT=false
MEMBER stv 1 2 3 shape=[ 1, 1, 2, 2 ] tors=[ 4, 4 ] order4=12 norm111=0 xTpass=0
  D4 above=T1 pat=100 resclass=[ 1, -2, -2 ] xT=false
  D4 above=T1 pat=100 resclass=[ 1, -2, -2 ] xT=false
  D4 above=T3 pat=000 resclass=[ -2, 3, -6 ] xT=false
  D4 above=T2 pat=000 resclass=[ -2, -6, 3 ] xT=false
  D4 above=T3 pat=000 resclass=[ -2, 3, -6 ] xT=false
  D4 above=T2 pat=000 resclass=[ -2, -6, 3 ] xT=false
  D4 above=T1 pat=100 resclass=[ 1, -2, -2 ] xT=false
  D4 above=T1 pat=100 resclass=[ 1, -2, -2 ] xT=false
  D4 above=T3 pat=000 resclass=[ -2, 3, -6 ] xT=false
  D4 above=T2 pat=000 resclass=[ -2, -6, 3 ] xT=false
  D4 above=T3 pat=000 resclass=[ -2, 3, -6 ] xT=false
  D4 above=T2 pat=000 resclass=[ -2, -6, 3 ] xT=false
MEMBER stv 4/3 3/2 1 shape=[ 1, 1, 2, 2 ] tors=[ 4, 4 ] order4=12 norm111=0 xTpass=0
  D4 above=T1 pat=000 resclass=[ -31, -1, 31 ] xT=false
  D4 above=T1 pat=000 resclass=[ -31, -1, 31 ] xT=false
  D4 above=T3 pat=000 resclass=[ 31, 5, 155 ] xT=false
  D4 above=T2 pat=000 resclass=[ -1, -5, 5 ] xT=false
  D4 above=T3 pat=000 resclass=[ 31, 5, 155 ] xT=false
  D4 above=T2 pat=000 resclass=[ -1, -5, 5 ] xT=false
  D4 above=T1 pat=000 resclass=[ -31, -1, 31 ] xT=false
  D4 above=T1 pat=000 resclass=[ -31, -1, 31 ] xT=false
  D4 above=T3 pat=000 resclass=[ 31, 5, 155 ] xT=false
  D4 above=T2 pat=000 resclass=[ -1, -5, 5 ] xT=false
  D4 above=T3 pat=000 resclass=[ 31, 5, 155 ] xT=false
  D4 above=T2 pat=000 resclass=[ -1, -5, 5 ] xT=false
MEMBER stv 3/2 4/3 1/3 shape=[ 1, 1, 2, 2 ] tors=[ 4, 4 ] order4=12 norm111=0 xTpass=0
  D4 above=T3 pat=000 resclass=[ 533, 7, 3731 ] xT=false
  D4 above=T3 pat=000 resclass=[ 533, 7, 3731 ] xT=false
  D4 above=T1 pat=000 resclass=[ 667849, 1253, 533 ] xT=false
  D4 above=T2 pat=000 resclass=[ 1253, 179, 7 ] xT=false
  D4 above=T1 pat=000 resclass=[ 667849, 1253, 533 ] xT=false
  D4 above=T2 pat=000 resclass=[ 1253, 179, 7 ] xT=false
  D4 above=T3 pat=000 resclass=[ 533, 7, 3731 ] xT=false
  D4 above=T3 pat=000 resclass=[ 533, 7, 3731 ] xT=false
  D4 above=T1 pat=000 resclass=[ 667849, 1253, 533 ] xT=false
  D4 above=T2 pat=000 resclass=[ 1253, 179, 7 ] xT=false
  D4 above=T1 pat=000 resclass=[ 667849, 1253, 533 ] xT=false
  D4 above=T2 pat=000 resclass=[ 1253, 179, 7 ] xT=false
MEMBER stv 2 2/3 2 shape=[ 1, 1, 2, 2 ] tors=[ 4, 4 ] order4=12 norm111=0 xTpass=0
  D4 above=T1 pat=000 resclass=[ -2299310, -7690, 299 ] xT=false
  D4 above=T1 pat=000 resclass=[ -2299310, -7690, 299 ] xT=false
  D4 above=T3 pat=000 resclass=[ 299, -5, -1495 ] xT=false
  D4 above=T2 pat=000 resclass=[ -7690, 1538, -5 ] xT=false
  D4 above=T3 pat=000 resclass=[ 299, -5, -1495 ] xT=false
  D4 above=T2 pat=000 resclass=[ -7690, 1538, -5 ] xT=false
  D4 above=T1 pat=000 resclass=[ -2299310, -7690, 299 ] xT=false
  D4 above=T1 pat=000 resclass=[ -2299310, -7690, 299 ] xT=false
  D4 above=T3 pat=000 resclass=[ 299, -5, -1495 ] xT=false
  D4 above=T2 pat=000 resclass=[ -7690, 1538, -5 ] xT=false
  D4 above=T3 pat=000 resclass=[ 299, -5, -1495 ] xT=false
  D4 above=T2 pat=000 resclass=[ -7690, 1538, -5 ] xT=false
MEMBER stv 3 1/2 3/4 shape=[ 1, 1, 1, 1, 2 ] tors=[ 2, 4, 4 ] order4=24 norm111=0 xTpass=0
  D4 above=T3 pat=000 resclass=[ 15, -3, -5 ] xT=false
  D4 above=T3 pat=000 resclass=[ 15, 3, 5 ] xT=false
  D4 above=T3 pat=000 resclass=[ 15, -3, -5 ] xT=false
  D4 above=T3 pat=000 resclass=[ 15, 3, 5 ] xT=false
  D4 above=T1 pat=000 resclass=[ -9393, -15655, 15 ] xT=false
  D4 above=T1 pat=000 resclass=[ -9393, 15655, -15 ] xT=false
  D4 above=T2 pat=000 resclass=[ -15655, 46965, -3 ] xT=false
  D4 above=T2 pat=000 resclass=[ -15655, -46965, 3 ] xT=false
  D4 above=T1 pat=000 resclass=[ -9393, -15655, 15 ] xT=false
  D4 above=T1 pat=000 resclass=[ -9393, 15655, -15 ] xT=false
  D4 above=T2 pat=000 resclass=[ -15655, 46965, -3 ] xT=false
  D4 above=T2 pat=000 resclass=[ -15655, -46965, 3 ] xT=false
  D4 above=T3 pat=000 resclass=[ 15, -3, -5 ] xT=false
  D4 above=T3 pat=000 resclass=[ 15, 3, 5 ] xT=false
  D4 above=T3 pat=000 resclass=[ 15, -3, -5 ] xT=false
  D4 above=T3 pat=000 resclass=[ 15, 3, 5 ] xT=false
  D4 above=T1 pat=000 resclass=[ -9393, -15655, 15 ] xT=false
  D4 above=T1 pat=000 resclass=[ -9393, 15655, -15 ] xT=false
  D4 above=T2 pat=000 resclass=[ -15655, 46965, -3 ] xT=false
  D4 above=T2 pat=000 resclass=[ -15655, -46965, 3 ] xT=false
  D4 above=T1 pat=000 resclass=[ -9393, -15655, 15 ] xT=false
  D4 above=T1 pat=000 resclass=[ -9393, 15655, -15 ] xT=false
  D4 above=T2 pat=000 resclass=[ -15655, 46965, -3 ] xT=false
  D4 above=T2 pat=000 resclass=[ -15655, -46965, 3 ] xT=false
MEMBER stv 4 1/3 1/4 shape=[ 1, 1, 2, 2 ] tors=[ 4, 4 ] order4=12 norm111=0 xTpass=0
  D4 above=T2 pat=000 resclass=[ -4070, 2035, -2 ] xT=false
  D4 above=T2 pat=000 resclass=[ -4070, 2035, -2 ] xT=false
  D4 above=T1 pat=000 resclass=[ -2590, -4070, 77 ] xT=false
  D4 above=T3 pat=000 resclass=[ 77, -2, -154 ] xT=false
  D4 above=T1 pat=000 resclass=[ -2590, -4070, 77 ] xT=false
  D4 above=T3 pat=000 resclass=[ 77, -2, -154 ] xT=false
  D4 above=T2 pat=000 resclass=[ -4070, 2035, -2 ] xT=false
  D4 above=T2 pat=000 resclass=[ -4070, 2035, -2 ] xT=false
  D4 above=T1 pat=000 resclass=[ -2590, -4070, 77 ] xT=false
  D4 above=T3 pat=000 resclass=[ 77, -2, -154 ] xT=false
  D4 above=T1 pat=000 resclass=[ -2590, -4070, 77 ] xT=false
  D4 above=T3 pat=000 resclass=[ 77, -2, -154 ] xT=false
MEMBER stv 4 4 3/2 shape=[ 1, 1, 2, 2 ] tors=[ 4, 4 ] order4=12 norm111=0 xTpass=0
  D4 above=T1 pat=000 resclass=[ 28006, -134, -209 ] xT=false
  D4 above=T1 pat=000 resclass=[ 28006, -134, -209 ] xT=false
  D4 above=T3 pat=000 resclass=[ -209, 15, -3135 ] xT=false
  D4 above=T2 pat=000 resclass=[ -134, -2010, 15 ] xT=false
  D4 above=T3 pat=000 resclass=[ -209, 15, -3135 ] xT=false
  D4 above=T2 pat=000 resclass=[ -134, -2010, 15 ] xT=false
  D4 above=T1 pat=000 resclass=[ 28006, -134, -209 ] xT=false
  D4 above=T1 pat=000 resclass=[ 28006, -134, -209 ] xT=false
  D4 above=T3 pat=000 resclass=[ -209, 15, -3135 ] xT=false
  D4 above=T2 pat=000 resclass=[ -134, -2010, 15 ] xT=false
  D4 above=T3 pat=000 resclass=[ -209, 15, -3135 ] xT=false
  D4 above=T2 pat=000 resclass=[ -134, -2010, 15 ] xT=false
MEMBER stv 5/6 9 -17/18 shape=[ 1, 1, 2, 2 ] tors=[ 4, 4 ] order4=12 norm111=0 xTpass=0
  D4 above=T2 pat=000 resclass=[ -150350415530, -30070083106, 5 ] xT=false
  D4 above=T2 pat=000 resclass=[ -150350415530, -30070083106, 5 ] xT=false
  D4 above=T1 pat=000 resclass=[ 55419163164358, -150350415530, -9215 ] xT=false
  D4 above=T3 pat=000 resclass=[ -9215, 5, -1843 ] xT=false
  D4 above=T1 pat=000 resclass=[ 55419163164358, -150350415530, -9215 ] xT=false
  D4 above=T3 pat=000 resclass=[ -9215, 5, -1843 ] xT=false
  D4 above=T2 pat=000 resclass=[ -150350415530, -30070083106, 5 ] xT=false
  D4 above=T2 pat=000 resclass=[ -150350415530, -30070083106, 5 ] xT=false
  D4 above=T1 pat=000 resclass=[ 55419163164358, -150350415530, -9215 ] xT=false
  D4 above=T3 pat=000 resclass=[ -9215, 5, -1843 ] xT=false
  D4 above=T1 pat=000 resclass=[ 55419163164358, -150350415530, -9215 ] xT=false
  D4 above=T3 pat=000 resclass=[ -9215, 5, -1843 ] xT=false
MEMBER stv 9/8 11/14 13/12 shape=[ 1, 1, 2, 2 ] tors=[ 4, 4 ] order4=12 norm111=0 xTpass=0
  D4 above=T3 pat=000 resclass=[ 19109, -3, -57327 ] xT=false
  D4 above=T3 pat=000 resclass=[ 19109, -3, -57327 ] xT=false
  D4 above=T2 pat=000 resclass=[ -12741652937, 38224958811, -3 ] xT=false
  D4 above=T1 pat=000 resclass=[ -243480245973133, -12741652937, 19109 ] xT=false
  D4 above=T2 pat=000 resclass=[ -12741652937, 38224958811, -3 ] xT=false
  D4 above=T1 pat=000 resclass=[ -243480245973133, -12741652937, 19109 ] xT=false
  D4 above=T3 pat=000 resclass=[ 19109, -3, -57327 ] xT=false
  D4 above=T3 pat=000 resclass=[ 19109, -3, -57327 ] xT=false
  D4 above=T2 pat=000 resclass=[ -12741652937, 38224958811, -3 ] xT=false
  D4 above=T1 pat=000 resclass=[ -243480245973133, -12741652937, 19109 ] xT=false
  D4 above=T2 pat=000 resclass=[ -12741652937, 38224958811, -3 ] xT=false
  D4 above=T1 pat=000 resclass=[ -243480245973133, -12741652937, 19109 ] xT=false
MEMBER stv 11/7 6 11/10 shape=[ 1, 1, 2, 2 ] tors=[ 4, 4 ] order4=12 norm111=0 xTpass=0
  D4 above=T2 pat=000 resclass=[ -21104808494, -15074863210, 35 ] xT=false
  D4 above=T2 pat=000 resclass=[ -21104808494, -15074863210, 35 ] xT=false
  D4 above=T3 pat=000 resclass=[ -26, 35, -910 ] xT=false
  D4 above=T1 pat=000 resclass=[ 137181255211, -21104808494, -26 ] xT=false
  D4 above=T3 pat=000 resclass=[ -26, 35, -910 ] xT=false
  D4 above=T1 pat=000 resclass=[ 137181255211, -21104808494, -26 ] xT=false
  D4 above=T2 pat=000 resclass=[ -21104808494, -15074863210, 35 ] xT=false
  D4 above=T2 pat=000 resclass=[ -21104808494, -15074863210, 35 ] xT=false
  D4 above=T3 pat=000 resclass=[ -26, 35, -910 ] xT=false
  D4 above=T1 pat=000 resclass=[ 137181255211, -21104808494, -26 ] xT=false
  D4 above=T3 pat=000 resclass=[ -26, 35, -910 ] xT=false
  D4 above=T1 pat=000 resclass=[ 137181255211, -21104808494, -26 ] xT=false
PART_DONE part=177
