MEMBER stv 1/4 3/2 -1/4 shape=[ 1, 1, 2, 2 ] tors=[ 4, 4 ] order4=12 norm111=0 xTpass=0
  D4 above=T2 pat=000 resclass=[ -105, -21, 5 ] xT=false
  D4 above=T2 pat=000 resclass=[ -105, -21, 5 ] xT=false
  D4 above=T1 pat=000 resclass=[ 70, -105, -6 ] xT=false
  D4 above=T3 pat=000 resclass=[ -6, 5, -30 ] xT=false
  D4 above=T1 pat=000 resclass=[ 70, -105, -6 ] xT=false
  D4 above=T3 pat=000 resclass=[ -6, 5, -30 ] xT=false
  D4 above=T2 pat=000 resclass=[ -105, -21, 5 ] xT=false
  D4 above=T2 pat=000 resclass=[ -105, -21, 5 ] xT=false
  D4 above=T1 pat=000 resclass=[ 70, -105, -6 ] xT=false
  D4 above=T3 pat=000 resclass=[ -6, 5, -30 ] xT=false
  D4 above=T1 pat=000 resclass=[ 70, -105, -6 ] xT=false
  D4 above=T3 pat=000 resclass=[ -6, 5, -30 ] xT=false
MEMBER stv 1/3 3/4 -3/2 shape=[ 1, 1, 2, 2 ] tors=[ 4, 4 ] order4=12 norm111=0 xTpass=0
  D4 above=T3 pat=000 resclass=[ -185, -7, 1295 ] xT=false
  D4 above=T3 pat=000 resclass=[ -185, -7, 1295 ] xT=false
  D4 above=T1 pat=000 resclass=[ -1108002, 149730, -185 ] xT=false
  D4 above=T2 pat=000 resclass=[ 149730, -21390, -7 ] xT=false
  D4 above=T1 pat=000 resclass=[ -1108002, 149730, -185 ] xT=false
  D4 above=T2 pat=000 resclass=[ 149730, -21390, -7 ] xT=false
  D4 above=T3 pat=000 resclass=[ -185, -7, 1295 ] xT=false
  D4 above=T3 pat=000 resclass=[ -185, -7, 1295 ] xT=false
  D4 above=T1 pat=000 resclass=[ -1108002, 149730, -185 ] xT=false
  D4 above=T2 pat=000 resclass=[ 149730, -21390, -7 ] xT=false
  D4 above=T1 pat=000 resclass=[ -1108002, 149730, -185 ] xT=false
  D4 above=T2 pat=000 resclass=[ 149730, -21390, -7 ] xT=false
MEMBER stv 1/2 2/3 -2/3 shape=[ 1, 1, 2, 2 ] tors=[ 4, 4 ] order4=12 norm111=0 xTpass=0
  D4 above=T1 pat=000 resclass=[ -1482, 78, -19 ] xT=false
  D4 above=T1 pat=000 resclass=[ -1482, 78, -19 ] xT=false
  D4 above=T3 pat=000 resclass=[ -19, -5, 95 ] xT=false
  D4 above=T2 pat=000 resclass=[ 78, -390, -5 ] xT=false
  D4 above=T3 pat=000 resclass=[ -19, -5, 95 ] xT=false
  D4 above=T2 pat=000 resclass=[ 78, -390, -5 ] xT=false
  D4 above=T1 pat=000 resclass=[ -1482, 78, -19 ] xT=false
  D4 above=T1 pat=000 resclass=[ -1482, 78, -19 ] xT=false
  D4 above=T3 pat=000 resclass=[ -19, -5, 95 ] xT=false
  D4 above=T2 pat=000 resclass=[ 78, -390, -5 ] xT=false
  D4 above=T3 pat=000 resclass=[ -19, -5, 95 ] xT=false
  D4 above=T2 pat=000 resclass=[ 78, -390, -5 ] xT=false
MEMBER stv 2/3 1/3 -4 shape=[ 1, 1, 2, 2 ] tors=[ 4, 4 ] order4=12 norm111=0 xTpass=0
  D4 above=T3 pat=000 resclass=[ -7, -2, 14 ] xT=false
  D4 above=T3 pat=000 resclass=[ -7, -2, 14 ] xT=false
  D4 above=T1 pat=000 resclass=[ -190, 1330, -7 ] xT=false
  D4 above=T2 pat=000 resclass=[ 1330, -665, -2 ] xT=false
  D4 above=T1 pat=000 resclass=[ -190, 1330, -7 ] xT=false
  D4 above=T2 pat=000 resclass=[ 1330, -665, -2 ] xT=false
  D4 above=T3 pat=000 resclass=[ -7, -2, 14 ] xT=false
  D4 above=T3 pat=000 resclass=[ -7, -2, 14 ] xT=false
  D4 above=T1 pat=000 resclass=[ -190, 1330, -7 ] xT=false
  D4 above=T2 pat=000 resclass=[ 1330, -665, -2 ] xT=false
  D4 above=T1 pat=000 resclass=[ -190, 1330, -7 ] xT=false
  D4 above=T2 pat=000 resclass=[ 1330, -665, -2 ] xT=false
MEMBER stv 3/4 1/4 -4/3 shape=[ 1, 1, 2, 2 ] tors=[ 4, 4 ] order4=12 norm111=0 xTpass=0
  D4 above=T1 pat=000 resclass=[ -55, 55, -1 ] xT=false
  D4 above=T1 pat=000 resclass=[ -55, 55, -1 ] xT=false
  D4 above=T3 pat=000 resclass=[ -1, -15, 15 ] xT=false
  D4 above=T2 pat=000 resclass=[ 55, -33, -15 ] xT=false
  D4 above=T3 pat=000 resclass=[ -1, -15, 15 ] xT=false
  D4 above=T2 pat=000 resclass=[ 55, -33, -15 ] xT=false
  D4 above=T1 pat=000 resclass=[ -55, 55, -1 ] xT=false
  D4 above=T1 pat=000 resclass=[ -55, 55, -1 ] xT=false
  D4 above=T3 pat=000 resclass=[ -1, -15, 15 ] xT=false
  D4 above=T2 pat=000 resclass=[ 55, -33, -15 ] xT=false
  D4 above=T3 pat=000 resclass=[ -1, -15, 15 ] xT=false
  D4 above=T2 pat=000 resclass=[ 55, -33, -15 ] xT=false
MEMBER stv 3/4 4 -1/2 shape=[ 1, 1, 2, 2 ] tors=[ 4, 4 ] order4=12 norm111=0 xTpass=0
  D4 above=T1 pat=000 resclass=[ 118169170, -2665470, -399 ] xT=false
  D4 above=T1 pat=000 resclass=[ 118169170, -2665470, -399 ] xT=false
  D4 above=T3 pat=000 resclass=[ -399, 15, -665 ] xT=false
  D4 above=T2 pat=000 resclass=[ -2665470, -177698, 15 ] xT=false
  D4 above=T3 pat=000 resclass=[ -399, 15, -665 ] xT=false
  D4 above=T2 pat=000 resclass=[ -2665470, -177698, 15 ] xT=false
  D4 above=T1 pat=000 resclass=[ 118169170, -2665470, -399 ] xT=false
  D4 above=T1 pat=000 resclass=[ 118169170, -2665470, -399 ] xT=false
  D4 above=T3 pat=000 resclass=[ -399, 15, -665 ] xT=false
  D4 above=T2 pat=000 resclass=[ -2665470, -177698, 15 ] xT=false
  D4 above=T3 pat=000 resclass=[ -399, 15, -665 ] xT=false
  D4 above=T2 pat=000 resclass=[ -2665470, -177698, 15 ] xT=false
MEMBER stv 1 2 -3 shape=[ 1, 1, 2, 2 ] tors=[ 4, 4 ] order4=12 norm111=0 xTpass=0
  D4 above=T3 pat=000 resclass=[ -2, 3, -6 ] xT=false
  D4 above=T3 pat=000 resclass=[ -2, 3, -6 ] xT=false
  D4 above=T2 pat=000 resclass=[ 17, 51, 3 ] xT=false
  D4 above=T1 pat=000 resclass=[ -34, 17, -2 ] xT=false
  D4 above=T2 pat=000 resclass=[ 17, 51, 3 ] xT=false
  D4 above=T1 pat=000 resclass=[ -34, 17, -2 ] xT=false
  D4 above=T3 pat=000 resclass=[ -2, 3, -6 ] xT=false
  D4 above=T3 pat=000 resclass=[ -2, 3, -6 ] xT=false
  D4 above=T2 pat=000 resclass=[ 17, 51, 3 ] xT=false
  D4 above=T1 pat=000 resclass=[ -34, 17, -2 ] xT=false
  D4 above=T2 pat=000 resclass=[ 17, 51, 3 ] xT=false
  D4 above=T1 pat=000 resclass=[ -34, 17, -2 ] xT=false
MEMBER stv 4/3 3/2 -1 shape=[ 1, 1, 2, 2 ] tors=[ 4, 4 ] order4=12 norm111=0 xTpass=0
  D4 above=T3 pat=000 resclass=[ 31, 5, 155 ] xT=false
  D4 above=T3 pat=000 resclass=[ 31, 5, 155 ] xT=false
  D4 above=T2 pat=000 resclass=[ 10255, 2051, 5 ] xT=false
  D4 above=T1 pat=000 resclass=[ 317905, 10255, 31 ] xT=false
  D4 above=T2 pat=000 resclass=[ 10255, 2051, 5 ] xT=false
  D4 above=T1 pat=000 resclass=[ 317905, 10255, 31 ] xT=false
  D4 above=T3 pat=000 resclass=[ 31, 5, 155 ] xT=false
  D4 above=T3 pat=000 resclass=[ 31, 5, 155 ] xT=false
  D4 above=T2 pat=000 resclass=[ 10255, 2051, 5 ] xT=false
  D4 above=T1 pat=000 resclass=[ 317905, 10255, 31 ] xT=false
  D4 above=T2 pat=000 resclass=[ 10255, 2051, 5 ] xT=false
  D4 above=T1 pat=000 resclass=[ 317905, 10255, 31 ] xT=false
MEMBER stv 3/2 4/3 -1/3 shape=[ 1, 1, 2, 2 ] tors=[ 4, 4 ] order4=12 norm111=0 xTpass=0
  D4 above=T1 pat=000 resclass=[ -2578121, -4837, 533 ] xT=false
  D4 above=T1 pat=000 resclass=[ -2578121, -4837, 533 ] xT=false
  D4 above=T3 pat=000 resclass=[ 533, 7, 3731 ] xT=false
  D4 above=T2 pat=000 resclass=[ -4837, -691, 7 ] xT=false
  D4 above=T3 pat=000 resclass=[ 533, 7, 3731 ] xT=false
  D4 above=T2 pat=000 resclass=[ -4837, -691, 7 ] xT=false
  D4 above=T1 pat=000 resclass=[ -2578121, -4837, 533 ] xT=false
  D4 above=T1 pat=000 resclass=[ -2578121, -4837, 533 ] xT=false
  D4 above=T3 pat=000 resclass=[ 533, 7, 3731 ] xT=false
  D4 above=T2 pat=000 resclass=[ -4837, -691, 7 ] xT=false
  D4 above=T3 pat=000 resclass=[ 533, 7, 3731 ] xT=false
  D4 above=T2 pat=000 resclass=[ -4837, -691, 7 ] xT=false
MEMBER stv 2 2/3 -2 shape=[ 1, 1, 2, 2 ] tors=[ 4, 4 ] order4=12 norm111=0 xTpass=0
  D4 above=T1 pat=000 resclass=[ 12704510, 42490, 299 ] xT=false
  D4 above=T1 pat=000 resclass=[ 12704510, 42490, 299 ] xT=false
  D4 above=T2 pat=000 resclass=[ 42490, -8498, -5 ] xT=false
  D4 above=T3 pat=000 resclass=[ 299, -5, -1495 ] xT=false
  D4 above=T2 pat=000 resclass=[ 42490, -8498, -5 ] xT=false
  D4 above=T3 pat=000 resclass=[ 299, -5, -1495 ] xT=false
  D4 above=T1 pat=000 resclass=[ 12704510, 42490, 299 ] xT=false
  D4 above=T1 pat=000 resclass=[ 12704510, 42490, 299 ] xT=false
  D4 above=T2 pat=000 resclass=[ 42490, -8498, -5 ] xT=false
  D4 above=T3 pat=000 resclass=[ 299, -5, -1495 ] xT=false
  D4 above=T2 pat=000 resclass=[ 42490, -8498, -5 ] xT=false
  D4 above=T3 pat=000 resclass=[ 299, -5, -1495 ] xT=false
MEMBER stv 3 1/2 -3/4 shape=[ 1, 1, 1, 1, 2 ] tors=[ 2, 4, 4 ] order4=24 norm111=0 xTpass=0
  D4 above=T1 pat=000 resclass=[ 130065, 8671, 15 ] xT=false
  D4 above=T1 pat=000 resclass=[ 130065, -8671, -15 ] xT=false
  D4 above=T1 pat=000 resclass=[ 130065, 8671, 15 ] xT=false
  D4 above=T1 pat=000 resclass=[ 130065, -8671, -15 ] xT=false
  D4 above=T2 pat=000 resclass=[ 8671, -26013, -3 ] xT=false
  D4 above=T2 pat=000 resclass=[ 8671, 26013, 3 ] xT=false
  D4 above=T3 pat=000 resclass=[ 15, -3, -5 ] xT=false
  D4 above=T3 pat=000 resclass=[ 15, 3, 5 ] xT=false
  D4 above=T2 pat=000 resclass=[ 8671, -26013, -3 ] xT=false
  D4 above=T2 pat=000 resclass=[ 8671, 26013, 3 ] xT=false
  D4 above=T3 pat=000 resclass=[ 15, -3, -5 ] xT=false
  D4 above=T3 pat=000 resclass=[ 15, 3, 5 ] xT=false
  D4 above=T1 pat=000 resclass=[ 130065, 8671, 15 ] xT=false
  D4 above=T1 pat=000 resclass=[ 130065, -8671, -15 ] xT=false
  D4 above=T1 pat=000 resclass=[ 130065, 8671, 15 ] xT=false
  D4 above=T1 pat=000 resclass=[ 130065, -8671, -15 ] xT=false
  D4 above=T2 pat=000 resclass=[ 8671, -26013, -3 ] xT=false
  D4 above=T2 pat=000 resclass=[ 8671, 26013, 3 ] xT=false
  D4 above=T3 pat=000 resclass=[ 15, -3, -5 ] xT=false
  D4 above=T3 pat=000 resclass=[ 15, 3, 5 ] xT=false
  D4 above=T2 pat=000 resclass=[ 8671, -26013, -3 ] xT=false
  D4 above=T2 pat=000 resclass=[ 8671, 26013, 3 ] xT=false
  D4 above=T3 pat=000 resclass=[ 15, -3, -5 ] xT=false
  D4 above=T3 pat=000 resclass=[ 15, 3, 5 ] xT=false
MEMBER stv 4 1/3 -1/4 shape=[ 1, 1, 2, 2 ] tors=[ 4, 4 ] order4=12 norm111=0 xTpass=0
  D4 above=T3 pat=000 resclass=[ 77, -2, -154 ] xT=false
  D4 above=T3 pat=000 resclass=[ 77, -2, -154 ] xT=false
  D4 above=T2 pat=000 resclass=[ 30, -15, -2 ] xT=false
  D4 above=T1 pat=000 resclass=[ 2310, 30, 77 ] xT=false
  D4 above=T2 pat=000 resclass=[ 30, -15, -2 ] xT=false
  D4 above=T1 pat=000 resclass=[ 2310, 30, 77 ] xT=false
  D4 above=T3 pat=000 resclass=[ 77, -2, -154 ] xT=false
  D4 above=T3 pat=000 resclass=[ 77, -2, -154 ] xT=false
  D4 above=T2 pat=000 resclass=[ 30, -15, -2 ] xT=false
  D4 above=T1 pat=000 resclass=[ 2310, 30, 77 ] xT=false
  D4 above=T2 pat=000 resclass=[ 30, -15, -2 ] xT=false
  D4 above=T1 pat=000 resclass=[ 2310, 30, 77 ] xT=false
MEMBER stv 4 4 -3/2 shape=[ 1, 1, 2, 2 ] tors=[ 4, 4 ] order4=12 norm111=0 xTpass=0
  D4 above=T1 pat=000 resclass=[ -16199590, 77510, -209 ] xT=false
  D4 above=T1 pat=000 resclass=[ -16199590, 77510, -209 ] xT=false
  D4 above=T2 pat=000 resclass=[ 77510, 46506, 15 ] xT=false
  D4 above=T3 pat=000 resclass=[ -209, 15, -3135 ] xT=false
  D4 above=T2 pat=000 resclass=[ 77510, 46506, 15 ] xT=false
  D4 above=T3 pat=000 resclass=[ -209, 15, -3135 ] xT=false
  D4 above=T1 pat=000 resclass=[ -16199590, 77510, -209 ] xT=false
  D4 above=T1 pat=000 resclass=[ -16199590, 77510, -209 ] xT=false
  D4 above=T2 pat=000 resclass=[ 77510, 46506, 15 ] xT=false
  D4 above=T3 pat=000 resclass=[ -209, 15, -3135 ] xT=false
  D4 above=T2 pat=000 resclass=[ 77510, 46506, 15 ] xT=false
  D4 above=T3 pat=000 resclass=[ -209, 15, -3135 ] xT=false
MEMBER stv 17/18 6/5 1 shape=[ 1, 1, 2, 2 ] tors=[ 4, 4 ] order4=12 norm111=0 xTpass=0
  D4 above=T3 pat=000 resclass=[ 141421, 11, 1555631 ] xT=false
  D4 above=T3 pat=000 resclass=[ 141421, 11, 1555631 ] xT=false
  D4 above=T2 pat=000 resclass=[ 1718258003, 156205273, 11 ] xT=false
  D4 above=T1 pat=000 resclass=[ 4959138062087, 1718258003, 141421 ] xT=false
  D4 above=T2 pat=000 resclass=[ 1718258003, 156205273, 11 ] xT=false
  D4 above=T1 pat=000 resclass=[ 4959138062087, 1718258003, 141421 ] xT=false
  D4 above=T3 pat=000 resclass=[ 141421, 11, 1555631 ] xT=false
  D4 above=T3 pat=000 resclass=[ 141421, 11, 1555631 ] xT=false
  D4 above=T2 pat=000 resclass=[ 1718258003, 156205273, 11 ] xT=false
  D4 above=T1 pat=000 resclass=[ 4959138062087, 1718258003, 141421 ] xT=false
  D4 above=T2 pat=000 resclass=[ 1718258003, 156205273, 11 ] xT=false
  D4 above=T1 pat=000 resclass=[ 4959138062087, 1718258003, 141421 ] xT=false
MEMBER stv 13/7 7/12 3 shape=[ 1, 1, 2, 2 ] tors=[ 4, 4 ] order4=12 norm111=0 xTpass=0
  D4 above=T3 pat=000 resclass=[ 3062159, -95, -290905105 ] xT=false
  D4 above=T3 pat=000 resclass=[ 3062159, -95, -290905105 ] xT=false
  D4 above=T2 pat=000 resclass=[ -53759760235, 565892213, -95 ] xT=false
  D4 above=T1 pat=000 resclass=[ -164620933641447365, -53759760235, 3062159 ] xT=false
  D4 above=T2 pat=000 resclass=[ -53759760235, 565892213, -95 ] xT=false
  D4 above=T1 pat=000 resclass=[ -164620933641447365, -53759760235, 3062159 ] xT=false
  D4 above=T3 pat=000 resclass=[ 3062159, -95, -290905105 ] xT=false
  D4 above=T3 pat=000 resclass=[ 3062159, -95, -290905105 ] xT=false
  D4 above=T2 pat=000 resclass=[ -53759760235, 565892213, -95 ] xT=false
  D4 above=T1 pat=000 resclass=[ -164620933641447365, -53759760235, 3062159 ] xT=false
  D4 above=T2 pat=000 resclass=[ -53759760235, 565892213, -95 ] xT=false
  D4 above=T1 pat=000 resclass=[ -164620933641447365, -53759760235, 3062159 ] xT=false
MEMBER stv 13/15 4/3 1/4 shape=[ 1, 1, 2, 2 ] tors=[ 4, 4 ] order4=12 norm111=0 xTpass=0
  D4 above=T3 pat=000 resclass=[ 74, 7, 518 ] xT=false
  D4 above=T3 pat=000 resclass=[ 74, 7, 518 ] xT=false
  D4 above=T2 pat=000 resclass=[ 51041543, 7291649, 7 ] xT=false
  D4 above=T1 pat=000 resclass=[ 3777074182, 51041543, 74 ] xT=false
  D4 above=T2 pat=000 resclass=[ 51041543, 7291649, 7 ] xT=false
  D4 above=T1 pat=000 resclass=[ 3777074182, 51041543, 74 ] xT=false
  D4 above=T3 pat=000 resclass=[ 74, 7, 518 ] xT=false
  D4 above=T3 pat=000 resclass=[ 74, 7, 518 ] xT=false
  D4 above=T2 pat=000 resclass=[ 51041543, 7291649, 7 ] xT=false
  D4 above=T1 pat=000 resclass=[ 3777074182, 51041543, 74 ] xT=false
  D4 above=T2 pat=000 resclass=[ 51041543, 7291649, 7 ] xT=false
  D4 above=T1 pat=000 resclass=[ 3777074182, 51041543, 74 ] xT=false
PART_DONE part=178
