MEMBER stv 1/4 3/2 1/3 shape=[ 1, 1, 2, 2 ] tors=[ 4, 4 ] order4=12 norm111=0 xTpass=0
  D4 above=T3 pat=000 resclass=[ -6, 5, -30 ] xT=false
  D4 above=T3 pat=000 resclass=[ -6, 5, -30 ] xT=false
  D4 above=T1 pat=000 resclass=[ -10, 15, -6 ] xT=false
  D4 above=T2 pat=000 resclass=[ 15, 3, 5 ] xT=false
  D4 above=T1 pat=000 resclass=[ -10, 15, -6 ] xT=false
  D4 above=T2 pat=000 resclass=[ 15, 3, 5 ] xT=false
  D4 above=T3 pat=000 resclass=[ -6, 5, -30 ] xT=false
  D4 above=T3 pat=000 resclass=[ -6, 5, -30 ] xT=false
  D4 above=T1 pat=000 resclass=[ -10, 15, -6 ] xT=false
  D4 above=T2 pat=000 resclass=[ 15, 3, 5 ] xT=false
  D4 above=T1 pat=000 resclass=[ -10, 15, -6 ] xT=false
  D4 above=T2 pat=000 resclass=[ 15, 3, 5 ] xT=false
MEMBER stv 1/3 3/4 2 shape=[ 1, 1, 2, 2 ] tors=[ 4, 4 ] order4=12 norm111=0 xTpass=0
  D4 above=T2 pat=000 resclass=[ -6083, 869, -7 ] xT=false
  D4 above=T2 pat=000 resclass=[ -6083, 869, -7 ] xT=false
  D4 above=T1 pat=000 resclass=[ 1125355, -6083, -185 ] xT=false
  D4 above=T3 pat=000 resclass=[ -185, -7, 1295 ] xT=false
  D4 above=T1 pat=000 resclass=[ 1125355, -6083, -185 ] xT=false
  D4 above=T3 pat=000 resclass=[ -185, -7, 1295 ] xT=false
  D4 above=T2 pat=000 resclass=[ -6083, 869, -7 ] xT=false
  D4 above=T2 pat=000 resclass=[ -6083, 869, -7 ] xT=false
  D4 above=T1 pat=000 resclass=[ 1125355, -6083, -185 ] xT=false
  D4 above=T3 pat=000 resclass=[ -185, -7, 1295 ] xT=false
  D4 above=T1 pat=000 resclass=[ 1125355, -6083, -185 ] xT=false
  D4 above=T3 pat=000 resclass=[ -185, -7, 1295 ] xT=false
MEMBER stv 1/2 2/3 3/4 shape=[ 1, 1, 2, 2 ] tors=[ 4, 4 ] order4=12 norm111=0 xTpass=0
  D4 above=T3 pat=000 resclass=[ -19, -5, 95 ] xT=false
  D4 above=T3 pat=000 resclass=[ -19, -5, 95 ] xT=false
  D4 above=T1 pat=000 resclass=[ 2965, -56335, -19 ] xT=false
  D4 above=T2 pat=000 resclass=[ -56335, 11267, -5 ] xT=false
  D4 above=T1 pat=000 resclass=[ 2965, -56335, -19 ] xT=false
  D4 above=T2 pat=000 resclass=[ -56335, 11267, -5 ] xT=false
  D4 above=T3 pat=000 resclass=[ -19, -5, 95 ] xT=false
  D4 above=T3 pat=000 resclass=[ -19, -5, 95 ] xT=false
  D4 above=T1 pat=000 resclass=[ 2965, -56335, -19 ] xT=false
  D4 above=T2 pat=000 resclass=[ -56335, 11267, -5 ] xT=false
  D4 above=T1 pat=000 resclass=[ 2965, -56335, -19 ] xT=false
  D4 above=T2 pat=000 resclass=[ -56335, 11267, -5 ] xT=false
MEMBER stv 2/3 1/2 1/4 shape=[ 1, 1, 2, 2 ] tors=[ 4, 4 ] order4=12 norm111=0 xTpass=0
  D4 above=T3 pat=000 resclass=[ -17, -3, 51 ] xT=false
  D4 above=T3 pat=000 resclass=[ -17, -3, 51 ] xT=false
  D4 above=T1 pat=000 resclass=[ 340170, -20010, -17 ] xT=false
  D4 above=T2 pat=000 resclass=[ -20010, 6670, -3 ] xT=false
  D4 above=T1 pat=000 resclass=[ 340170, -20010, -17 ] xT=false
  D4 above=T2 pat=000 resclass=[ -20010, 6670, -3 ] xT=false
  D4 above=T3 pat=000 resclass=[ -17, -3, 51 ] xT=false
  D4 above=T3 pat=000 resclass=[ -17, -3, 51 ] xT=false
  D4 above=T1 pat=000 resclass=[ 340170, -20010, -17 ] xT=false
  D4 above=T2 pat=000 resclass=[ -20010, 6670, -3 ] xT=false
  D4 above=T1 pat=000 resclass=[ 340170, -20010, -17 ] xT=false
  D4 above=T2 pat=000 resclass=[ -20010, 6670, -3 ] xT=false
MEMBER stv 3/4 1/4 3/2 shape=[ 1, 1, 2, 2 ] tors=[ 4, 4 ] order4=12 norm111=0 xTpass=0
  D4 above=T3 pat=000 resclass=[ -1, -15, 15 ] xT=false
  D4 above=T3 pat=000 resclass=[ -1, -15, 15 ] xT=false
  D4 above=T1 pat=000 resclass=[ 583510, -583510, -1 ] xT=false
  D4 above=T2 pat=000 resclass=[ -583510, 350106, -15 ] xT=false
  D4 above=T1 pat=000 resclass=[ 583510, -583510, -1 ] xT=false
  D4 above=T2 pat=000 resclass=[ -583510, 350106, -15 ] xT=false
  D4 above=T3 pat=000 resclass=[ -1, -15, 15 ] xT=false
  D4 above=T3 pat=000 resclass=[ -1, -15, 15 ] xT=false
  D4 above=T1 pat=000 resclass=[ 583510, -583510, -1 ] xT=false
  D4 above=T2 pat=000 resclass=[ -583510, 350106, -15 ] xT=false
  D4 above=T1 pat=000 resclass=[ 583510, -583510, -1 ] xT=false
  D4 above=T2 pat=000 resclass=[ -583510, 350106, -15 ] xT=false
MEMBER stv 3/4 4 2/3 shape=[ 1, 1, 2, 2 ] tors=[ 4, 4 ] order4=12 norm111=0 xTpass=0
  D4 above=T1 pat=000 resclass=[ 687610, -15510, -399 ] xT=false
  D4 above=T1 pat=000 resclass=[ 687610, -15510, -399 ] xT=false
  D4 above=T2 pat=000 resclass=[ -15510, -1034, 15 ] xT=false
  D4 above=T3 pat=000 resclass=[ -399, 15, -665 ] xT=false
  D4 above=T2 pat=000 resclass=[ -15510, -1034, 15 ] xT=false
  D4 above=T3 pat=000 resclass=[ -399, 15, -665 ] xT=false
  D4 above=T1 pat=000 resclass=[ 687610, -15510, -399 ] xT=false
  D4 above=T1 pat=000 resclass=[ 687610, -15510, -399 ] xT=false
  D4 above=T2 pat=000 resclass=[ -15510, -1034, 15 ] xT=false
  D4 above=T3 pat=000 resclass=[ -399, 15, -665 ] xT=false
  D4 above=T2 pat=000 resclass=[ -15510, -1034, 15 ] xT=false
  D4 above=T3 pat=000 resclass=[ -399, 15, -665 ] xT=false
MEMBER stv 1 2 4 shape=[ 1, 1, 2, 2 ] tors=[ 4, 4 ] order4=12 norm111=0 xTpass=0
  D4 above=T3 pat=000 resclass=[ -2, 3, -6 ] xT=false
  D4 above=T3 pat=000 resclass=[ -2, 3, -6 ] xT=false
  D4 above=T1 pat=000 resclass=[ 1290, -645, -2 ] xT=false
  D4 above=T2 pat=000 resclass=[ -645, -215, 3 ] xT=false
  D4 above=T1 pat=000 resclass=[ 1290, -645, -2 ] xT=false
  D4 above=T2 pat=000 resclass=[ -645, -215, 3 ] xT=false
  D4 above=T3 pat=000 resclass=[ -2, 3, -6 ] xT=false
  D4 above=T3 pat=000 resclass=[ -2, 3, -6 ] xT=false
  D4 above=T1 pat=000 resclass=[ 1290, -645, -2 ] xT=false
  D4 above=T2 pat=000 resclass=[ -645, -215, 3 ] xT=false
  D4 above=T1 pat=000 resclass=[ 1290, -645, -2 ] xT=false
  D4 above=T2 pat=000 resclass=[ -645, -215, 3 ] xT=false
MEMBER stv 4/3 3/2 4/3 shape=[ 1, 1, 2, 2 ] tors=[ 4, 4 ] order4=12 norm111=0 xTpass=0
  D4 above=T3 pat=000 resclass=[ 31, 5, 155 ] xT=false
  D4 above=T3 pat=000 resclass=[ 31, 5, 155 ] xT=false
  D4 above=T2 pat=000 resclass=[ -55965, -11193, 5 ] xT=false
  D4 above=T1 pat=000 resclass=[ -1734915, -55965, 31 ] xT=false
  D4 above=T2 pat=000 resclass=[ -55965, -11193, 5 ] xT=false
  D4 above=T1 pat=000 resclass=[ -1734915, -55965, 31 ] xT=false
  D4 above=T3 pat=000 resclass=[ 31, 5, 155 ] xT=false
  D4 above=T3 pat=000 resclass=[ 31, 5, 155 ] xT=false
  D4 above=T2 pat=000 resclass=[ -55965, -11193, 5 ] xT=false
  D4 above=T1 pat=000 resclass=[ -1734915, -55965, 31 ] xT=false
  D4 above=T2 pat=000 resclass=[ -55965, -11193, 5 ] xT=false
  D4 above=T1 pat=000 resclass=[ -1734915, -55965, 31 ] xT=false
MEMBER stv 3/2 4/3 1/2 shape=[ 1, 1, 2, 2 ] tors=[ 4, 4 ] order4=12 norm111=0 xTpass=0
  D4 above=T1 pat=000 resclass=[ 117847366, 221102, 533 ] xT=false
  D4 above=T1 pat=000 resclass=[ 117847366, 221102, 533 ] xT=false
  D4 above=T3 pat=000 resclass=[ 533, 7, 3731 ] xT=false
  D4 above=T2 pat=000 resclass=[ 221102, 31586, 7 ] xT=false
  D4 above=T3 pat=000 resclass=[ 533, 7, 3731 ] xT=false
  D4 above=T2 pat=000 resclass=[ 221102, 31586, 7 ] xT=false
  D4 above=T1 pat=000 resclass=[ 117847366, 221102, 533 ] xT=false
  D4 above=T1 pat=000 resclass=[ 117847366, 221102, 533 ] xT=false
  D4 above=T3 pat=000 resclass=[ 533, 7, 3731 ] xT=false
  D4 above=T2 pat=000 resclass=[ 221102, 31586, 7 ] xT=false
  D4 above=T3 pat=000 resclass=[ 533, 7, 3731 ] xT=false
  D4 above=T2 pat=000 resclass=[ 221102, 31586, 7 ] xT=false
MEMBER stv 2 2/3 3 shape=[ 1, 1, 2, 2 ] tors=[ 4, 4 ] order4=12 norm111=0 xTpass=0
  D4 above=T3 pat=000 resclass=[ 299, -5, -1495 ] xT=false
  D4 above=T3 pat=000 resclass=[ 299, -5, -1495 ] xT=false
  D4 above=T2 pat=000 resclass=[ -24115, 4823, -5 ] xT=false
  D4 above=T1 pat=000 resclass=[ -42665, -24115, 299 ] xT=false
  D4 above=T2 pat=000 resclass=[ -24115, 4823, -5 ] xT=false
  D4 above=T1 pat=000 resclass=[ -42665, -24115, 299 ] xT=false
  D4 above=T3 pat=000 resclass=[ 299, -5, -1495 ] xT=false
  D4 above=T3 pat=000 resclass=[ 299, -5, -1495 ] xT=false
  D4 above=T2 pat=000 resclass=[ -24115, 4823, -5 ] xT=false
  D4 above=T1 pat=000 resclass=[ -42665, -24115, 299 ] xT=false
  D4 above=T2 pat=000 resclass=[ -24115, 4823, -5 ] xT=false
  D4 above=T1 pat=000 resclass=[ -42665, -24115, 299 ] xT=false
MEMBER stv 3 1/2 1 shape=[ 1, 1, 1, 1, 2 ] tors=[ 2, 4, 4 ] order4=24 norm111=0 xTpass=0
  D4 above=T3 pat=000 resclass=[ 15, 3, 5 ] xT=false
  D4 above=T3 pat=000 resclass=[ 15, -3, -5 ] xT=false
  D4 above=T3 pat=000 resclass=[ 15, 3, 5 ] xT=false
  D4 above=T3 pat=000 resclass=[ 15, -3, -5 ] xT=false
  D4 above=T2 pat=000 resclass=[ -4890, 1630, -3 ] xT=false
  D4 above=T2 pat=000 resclass=[ -4890, -1630, 3 ] xT=false
  D4 above=T1 pat=000 resclass=[ -326, 4890, -15 ] xT=false
  D4 above=T1 pat=000 resclass=[ -326, -4890, 15 ] xT=false
  D4 above=T2 pat=000 resclass=[ -4890, 1630, -3 ] xT=false
  D4 above=T2 pat=000 resclass=[ -4890, -1630, 3 ] xT=false
  D4 above=T1 pat=000 resclass=[ -326, 4890, -15 ] xT=false
  D4 above=T1 pat=000 resclass=[ -326, -4890, 15 ] xT=false
  D4 above=T3 pat=000 resclass=[ 15, 3, 5 ] xT=false
  D4 above=T3 pat=000 resclass=[ 15, -3, -5 ] xT=false
  D4 above=T3 pat=000 resclass=[ 15, 3, 5 ] xT=false
  D4 above=T3 pat=000 resclass=[ 15, -3, -5 ] xT=false
  D4 above=T2 pat=000 resclass=[ -4890, 1630, -3 ] xT=false
  D4 above=T2 pat=000 resclass=[ -4890, -1630, 3 ] xT=false
  D4 above=T1 pat=000 resclass=[ -326, 4890, -15 ] xT=false
  D4 above=T1 pat=000 resclass=[ -326, -4890, 15 ] xT=false
  D4 above=T2 pat=000 resclass=[ -4890, 1630, -3 ] xT=false
  D4 above=T2 pat=000 resclass=[ -4890, -1630, 3 ] xT=false
  D4 above=T1 pat=000 resclass=[ -326, 4890, -15 ] xT=false
  D4 above=T1 pat=000 resclass=[ -326, -4890, 15 ] xT=false
MEMBER stv 4 1/3 1/3 shape=[ 1, 1, 2, 2 ] tors=[ 4, 4 ] order4=12 norm111=0 xTpass=0
  D4 above=T3 pat=000 resclass=[ 77, -2, -154 ] xT=false
  D4 above=T3 pat=000 resclass=[ 77, -2, -154 ] xT=false
  D4 above=T2 pat=000 resclass=[ -176358, 88179, -2 ] xT=false
  D4 above=T1 pat=000 resclass=[ -277134, -176358, 77 ] xT=false
  D4 above=T2 pat=000 resclass=[ -176358, 88179, -2 ] xT=false
  D4 above=T1 pat=000 resclass=[ -277134, -176358, 77 ] xT=false
  D4 above=T3 pat=000 resclass=[ 77, -2, -154 ] xT=false
  D4 above=T3 pat=000 resclass=[ 77, -2, -154 ] xT=false
  D4 above=T2 pat=000 resclass=[ -176358, 88179, -2 ] xT=false
  D4 above=T1 pat=000 resclass=[ -277134, -176358, 77 ] xT=false
  D4 above=T2 pat=000 resclass=[ -176358, 88179, -2 ] xT=false
  D4 above=T1 pat=000 resclass=[ -277134, -176358, 77 ] xT=false
MEMBER stv 4 4 2 shape=[ 1, 1, 2, 2 ] tors=[ 4, 4 ] order4=12 norm111=0 xTpass=0
  D4 above=T3 pat=000 resclass=[ -209, 15, -3135 ] xT=false
  D4 above=T3 pat=000 resclass=[ -209, 15, -3135 ] xT=false
  D4 above=T1 pat=000 resclass=[ 84930, -49170, -209 ] xT=false
  D4 above=T2 pat=000 resclass=[ -49170, -3278, 15 ] xT=false
  D4 above=T1 pat=000 resclass=[ 84930, -49170, -209 ] xT=false
  D4 above=T2 pat=000 resclass=[ -49170, -3278, 15 ] xT=false
  D4 above=T3 pat=000 resclass=[ -209, 15, -3135 ] xT=false
  D4 above=T3 pat=000 resclass=[ -209, 15, -3135 ] xT=false
  D4 above=T1 pat=000 resclass=[ 84930, -49170, -209 ] xT=false
  D4 above=T2 pat=000 resclass=[ -49170, -3278, 15 ] xT=false
  D4 above=T1 pat=000 resclass=[ 84930, -49170, -209 ] xT=false
  D4 above=T2 pat=000 resclass=[ -49170, -3278, 15 ] xT=false
MEMBER stv 17/14 13/14 -8/9 shape=[ 1, 1, 2, 2 ] tors=[ 4, 4 ] order4=12 norm111=0 xTpass=0
  D4 above=T3 pat=000 resclass=[ 55915, -3, -167745 ] xT=false
  D4 above=T3 pat=000 resclass=[ 55915, -3, -167745 ] xT=false
  D4 above=T2 pat=000 resclass=[ 7393479, -2464493, -3 ] xT=false
  D4 above=T1 pat=000 resclass=[ 413406378285, 7393479, 55915 ] xT=false
  D4 above=T2 pat=000 resclass=[ 7393479, -2464493, -3 ] xT=false
  D4 above=T1 pat=000 resclass=[ 413406378285, 7393479, 55915 ] xT=false
  D4 above=T3 pat=000 resclass=[ 55915, -3, -167745 ] xT=false
  D4 above=T3 pat=000 resclass=[ 55915, -3, -167745 ] xT=false
  D4 above=T2 pat=000 resclass=[ 7393479, -2464493, -3 ] xT=false
  D4 above=T1 pat=000 resclass=[ 413406378285, 7393479, 55915 ] xT=false
  D4 above=T2 pat=000 resclass=[ 7393479, -2464493, -3 ] xT=false
  D4 above=T1 pat=000 resclass=[ 413406378285, 7393479, 55915 ] xT=false
MEMBER stv 2/9 13/17 -5/3 shape=[ 1, 1, 2, 2 ] tors=[ 4, 4 ] order4=12 norm111=0 xTpass=0
  D4 above=T2 pat=000 resclass=[ 4643655218, -34827414135, -30 ] xT=false
  D4 above=T2 pat=000 resclass=[ 4643655218, -34827414135, -30 ] xT=false
  D4 above=T1 pat=000 resclass=[ -966247134106222, 4643655218, -208079 ] xT=false
  D4 above=T3 pat=000 resclass=[ -208079, -30, 6242370 ] xT=false
  D4 above=T1 pat=000 resclass=[ -966247134106222, 4643655218, -208079 ] xT=false
  D4 above=T3 pat=000 resclass=[ -208079, -30, 6242370 ] xT=false
  D4 above=T2 pat=000 resclass=[ 4643655218, -34827414135, -30 ] xT=false
  D4 above=T2 pat=000 resclass=[ 4643655218, -34827414135, -30 ] xT=false
  D4 above=T1 pat=000 resclass=[ -966247134106222, 4643655218, -208079 ] xT=false
  D4 above=T3 pat=000 resclass=[ -208079, -30, 6242370 ] xT=false
  D4 above=T1 pat=000 resclass=[ -966247134106222, 4643655218, -208079 ] xT=false
  D4 above=T3 pat=000 resclass=[ -208079, -30, 6242370 ] xT=false
MEMBER stv 17/12 6/5 -1 shape=[ 1, 1, 2, 2 ] tors=[ 4, 4 ] order4=12 norm111=0 xTpass=0
  D4 above=T2 pat=000 resclass=[ -53593595, -4872145, 11 ] xT=false
  D4 above=T2 pat=000 resclass=[ -53593595, -4872145, 11 ] xT=false
  D4 above=T1 pat=000 resclass=[ -8746528297595, -53593595, 163201 ] xT=false
  D4 above=T3 pat=000 resclass=[ 163201, 11, 1795211 ] xT=false
  D4 above=T1 pat=000 resclass=[ -8746528297595, -53593595, 163201 ] xT=false
  D4 above=T3 pat=000 resclass=[ 163201, 11, 1795211 ] xT=false
  D4 above=T2 pat=000 resclass=[ -53593595, -4872145, 11 ] xT=false
  D4 above=T2 pat=000 resclass=[ -53593595, -4872145, 11 ] xT=false
  D4 above=T1 pat=000 resclass=[ -8746528297595, -53593595, 163201 ] xT=false
  D4 above=T3 pat=000 resclass=[ 163201, 11, 1795211 ] xT=false
  D4 above=T1 pat=000 resclass=[ -8746528297595, -53593595, 163201 ] xT=false
  D4 above=T3 pat=000 resclass=[ 163201, 11, 1795211 ] xT=false
PART_DONE part=179
