MEMBER mnv -1/2 -1/4 -4096/2231 shape=[ 1, 1, 2, 2 ] tors=[ 4, 4 ] order4=12 norm111=12 xTpass=0
  D4 above=T1 pat=111 resclass=[ 1, 1, 1 ] xT=false
  D4 above=T1 pat=111 resclass=[ 1, 1, 1 ] xT=false
  D4 above=T2 pat=111 resclass=[ 1, 1, 1 ] xT=false
  D4 above=T3 pat=111 resclass=[ 1, 1, 1 ] xT=false
  D4 above=T2 pat=111 resclass=[ 1, 1, 1 ] xT=false
  D4 above=T3 pat=111 resclass=[ 1, 1, 1 ] xT=false
  D4 above=T1 pat=111 resclass=[ 1, 1, 1 ] xT=false
  D4 above=T1 pat=111 resclass=[ 1, 1, 1 ] xT=false
  D4 above=T2 pat=111 resclass=[ 1, 1, 1 ] xT=false
  D4 above=T3 pat=111 resclass=[ 1, 1, 1 ] xT=false
  D4 above=T2 pat=111 resclass=[ 1, 1, 1 ] xT=false
  D4 above=T3 pat=111 resclass=[ 1, 1, 1 ] xT=false
MEMBER stv 1/4 2 -3/4 shape=[ 1, 1, 2, 2 ] tors=[ 4, 4 ] order4=12 norm111=0 xTpass=0
  D4 above=T2 pat=000 resclass=[ -793, -2379, 3 ] xT=false
  D4 above=T2 pat=000 resclass=[ -793, -2379, 3 ] xT=false
  D4 above=T3 pat=000 resclass=[ -143, 3, -429 ] xT=false
  D4 above=T1 pat=000 resclass=[ 671, -793, -143 ] xT=false
  D4 above=T3 pat=000 resclass=[ -143, 3, -429 ] xT=false
  D4 above=T1 pat=000 resclass=[ 671, -793, -143 ] xT=false
  D4 above=T2 pat=000 resclass=[ -793, -2379, 3 ] xT=false
  D4 above=T2 pat=000 resclass=[ -793, -2379, 3 ] xT=false
  D4 above=T3 pat=000 resclass=[ -143, 3, -429 ] xT=false
  D4 above=T1 pat=000 resclass=[ 671, -793, -143 ] xT=false
  D4 above=T3 pat=000 resclass=[ -143, 3, -429 ] xT=false
  D4 above=T1 pat=000 resclass=[ 671, -793, -143 ] xT=false
MEMBER stv 1/3 3/2 -1/4 shape=[ 1, 1, 2, 2 ] tors=[ 4, 4 ] order4=12 norm111=0 xTpass=0
  D4 above=T3 pat=000 resclass=[ -209, 5, -1045 ] xT=false
  D4 above=T3 pat=000 resclass=[ -209, 5, -1045 ] xT=false
  D4 above=T1 pat=000 resclass=[ 1411795, -6755, -209 ] xT=false
  D4 above=T2 pat=000 resclass=[ -6755, -1351, 5 ] xT=false
  D4 above=T1 pat=000 resclass=[ 1411795, -6755, -209 ] xT=false
  D4 above=T2 pat=000 resclass=[ -6755, -1351, 5 ] xT=false
  D4 above=T3 pat=000 resclass=[ -209, 5, -1045 ] xT=false
  D4 above=T3 pat=000 resclass=[ -209, 5, -1045 ] xT=false
  D4 above=T1 pat=000 resclass=[ 1411795, -6755, -209 ] xT=false
  D4 above=T2 pat=000 resclass=[ -6755, -1351, 5 ] xT=false
  D4 above=T1 pat=000 resclass=[ 1411795, -6755, -209 ] xT=false
  D4 above=T2 pat=000 resclass=[ -6755, -1351, 5 ] xT=false
MEMBER stv 1/2 3/4 -3/2 shape=[ 1, 1, 2, 2 ] tors=[ 4, 4 ] order4=12 norm111=0 xTpass=0
  D4 above=T3 pat=000 resclass=[ 15, -7, -105 ] xT=false
  D4 above=T3 pat=000 resclass=[ 15, -7, -105 ] xT=false
  D4 above=T1 pat=000 resclass=[ 1834, 27510, 15 ] xT=false
  D4 above=T2 pat=000 resclass=[ 27510, -3930, -7 ] xT=false
  D4 above=T1 pat=000 resclass=[ 1834, 27510, 15 ] xT=false
  D4 above=T2 pat=000 resclass=[ 27510, -3930, -7 ] xT=false
  D4 above=T3 pat=000 resclass=[ 15, -7, -105 ] xT=false
  D4 above=T3 pat=000 resclass=[ 15, -7, -105 ] xT=false
  D4 above=T1 pat=000 resclass=[ 1834, 27510, 15 ] xT=false
  D4 above=T2 pat=000 resclass=[ 27510, -3930, -7 ] xT=false
  D4 above=T1 pat=000 resclass=[ 1834, 27510, 15 ] xT=false
  D4 above=T2 pat=000 resclass=[ 27510, -3930, -7 ] xT=false
MEMBER stv 2/3 2/3 -2/3 shape=[ 1, 1, 2, 2 ] tors=[ 4, 4 ] order4=12 norm111=0 xTpass=0
  D4 above=T3 pat=000 resclass=[ 11, -5, -55 ] xT=false
  D4 above=T3 pat=000 resclass=[ 11, -5, -55 ] xT=false
  D4 above=T2 pat=000 resclass=[ 74670, -14934, -5 ] xT=false
  D4 above=T1 pat=000 resclass=[ 821370, 74670, 11 ] xT=false
  D4 above=T2 pat=000 resclass=[ 74670, -14934, -5 ] xT=false
  D4 above=T1 pat=000 resclass=[ 821370, 74670, 11 ] xT=false
  D4 above=T3 pat=000 resclass=[ 11, -5, -55 ] xT=false
  D4 above=T3 pat=000 resclass=[ 11, -5, -55 ] xT=false
  D4 above=T2 pat=000 resclass=[ 74670, -14934, -5 ] xT=false
  D4 above=T1 pat=000 resclass=[ 821370, 74670, 11 ] xT=false
  D4 above=T2 pat=000 resclass=[ 74670, -14934, -5 ] xT=false
  D4 above=T1 pat=000 resclass=[ 821370, 74670, 11 ] xT=false
MEMBER stv 3/4 1/3 -4 shape=[ 1, 1, 2, 2 ] tors=[ 4, 4 ] order4=12 norm111=0 xTpass=0
  D4 above=T3 pat=000 resclass=[ -295, -2, 590 ] xT=false
  D4 above=T3 pat=000 resclass=[ -295, -2, 590 ] xT=false
  D4 above=T1 pat=000 resclass=[ -62894, 5330, -295 ] xT=false
  D4 above=T2 pat=000 resclass=[ 5330, -2665, -2 ] xT=false
  D4 above=T1 pat=000 resclass=[ -62894, 5330, -295 ] xT=false
  D4 above=T2 pat=000 resclass=[ 5330, -2665, -2 ] xT=false
  D4 above=T3 pat=000 resclass=[ -295, -2, 590 ] xT=false
  D4 above=T3 pat=000 resclass=[ -295, -2, 590 ] xT=false
  D4 above=T1 pat=000 resclass=[ -62894, 5330, -295 ] xT=false
  D4 above=T2 pat=000 resclass=[ 5330, -2665, -2 ] xT=false
  D4 above=T1 pat=000 resclass=[ -62894, 5330, -295 ] xT=false
  D4 above=T2 pat=000 resclass=[ 5330, -2665, -2 ] xT=false
MEMBER stv 1 1/4 -4/3 shape=[ 1, 1, 2, 2 ] tors=[ 4, 4 ] order4=12 norm111=0 xTpass=0
  D4 above=T2 pat=000 resclass=[ 395, -237, -15 ] xT=false
  D4 above=T2 pat=000 resclass=[ 395, -237, -15 ] xT=false
  D4 above=T3 pat=000 resclass=[ 31, -15, -465 ] xT=false
  D4 above=T1 pat=000 resclass=[ 12245, 395, 31 ] xT=false
  D4 above=T3 pat=000 resclass=[ 31, -15, -465 ] xT=false
  D4 above=T1 pat=000 resclass=[ 12245, 395, 31 ] xT=false
  D4 above=T2 pat=000 resclass=[ 395, -237, -15 ] xT=false
  D4 above=T2 pat=000 resclass=[ 395, -237, -15 ] xT=false
  D4 above=T3 pat=000 resclass=[ 31, -15, -465 ] xT=false
  D4 above=T1 pat=000 resclass=[ 12245, 395, 31 ] xT=false
  D4 above=T3 pat=000 resclass=[ 31, -15, -465 ] xT=false
  D4 above=T1 pat=000 resclass=[ 12245, 395, 31 ] xT=false
MEMBER stv 1 4 -1/2 shape=[ 1, 1, 2, 2 ] tors=[ 4, 4 ] order4=12 norm111=0 xTpass=0
  D4 above=T1 pat=000 resclass=[ 25305, -7230, -14 ] xT=false
  D4 above=T1 pat=000 resclass=[ 25305, -7230, -14 ] xT=false
  D4 above=T2 pat=000 resclass=[ -7230, -482, 15 ] xT=false
  D4 above=T3 pat=000 resclass=[ -14, 15, -210 ] xT=false
  D4 above=T2 pat=000 resclass=[ -7230, -482, 15 ] xT=false
  D4 above=T3 pat=000 resclass=[ -14, 15, -210 ] xT=false
  D4 above=T1 pat=000 resclass=[ 25305, -7230, -14 ] xT=false
  D4 above=T1 pat=000 resclass=[ 25305, -7230, -14 ] xT=false
  D4 above=T2 pat=000 resclass=[ -7230, -482, 15 ] xT=false
  D4 above=T3 pat=000 resclass=[ -14, 15, -210 ] xT=false
  D4 above=T2 pat=000 resclass=[ -7230, -482, 15 ] xT=false
  D4 above=T3 pat=000 resclass=[ -14, 15, -210 ] xT=false
MEMBER stv 4/3 2 -3 shape=[ 1, 1, 2, 2 ] tors=[ 4, 4 ] order4=12 norm111=0 xTpass=0
  D4 above=T2 pat=000 resclass=[ 1235, 3705, 3 ] xT=false
  D4 above=T2 pat=000 resclass=[ 1235, 3705, 3 ] xT=false
  D4 above=T1 pat=000 resclass=[ -19, 1235, -65 ] xT=false
  D4 above=T3 pat=000 resclass=[ -65, 3, -195 ] xT=false
  D4 above=T1 pat=000 resclass=[ -19, 1235, -65 ] xT=false
  D4 above=T3 pat=000 resclass=[ -65, 3, -195 ] xT=false
  D4 above=T2 pat=000 resclass=[ 1235, 3705, 3 ] xT=false
  D4 above=T2 pat=000 resclass=[ 1235, 3705, 3 ] xT=false
  D4 above=T1 pat=000 resclass=[ -19, 1235, -65 ] xT=false
  D4 above=T3 pat=000 resclass=[ -65, 3, -195 ] xT=false
  D4 above=T1 pat=000 resclass=[ -19, 1235, -65 ] xT=false
  D4 above=T3 pat=000 resclass=[ -65, 3, -195 ] xT=false
MEMBER stv 3/2 3/2 -1 shape=[ 1, 1, 2, 2 ] tors=[ 4, 4 ] order4=12 norm111=0 xTpass=0
  D4 above=T1 pat=010 resclass=[ 11, 1, 11 ] xT=false
  D4 above=T1 pat=010 resclass=[ 11, 1, 11 ] xT=false
  D4 above=T2 pat=100 resclass=[ 1, 5, 5 ] xT=false
  D4 above=T3 pat=000 resclass=[ 11, 5, 55 ] xT=false
  D4 above=T2 pat=100 resclass=[ 1, 5, 5 ] xT=false
  D4 above=T3 pat=000 resclass=[ 11, 5, 55 ] xT=false
  D4 above=T1 pat=010 resclass=[ 11, 1, 11 ] xT=false
  D4 above=T1 pat=010 resclass=[ 11, 1, 11 ] xT=false
  D4 above=T2 pat=100 resclass=[ 1, 5, 5 ] xT=false
  D4 above=T3 pat=000 resclass=[ 11, 5, 55 ] xT=false
  D4 above=T2 pat=100 resclass=[ 1, 5, 5 ] xT=false
  D4 above=T3 pat=000 resclass=[ 11, 5, 55 ] xT=false
MEMBER stv 2 4/3 -1/3 shape=[ 1, 1, 2, 2 ] tors=[ 4, 4 ] order4=12 norm111=0 xTpass=0
  D4 above=T3 pat=000 resclass=[ 11, 7, 77 ] xT=false
  D4 above=T3 pat=000 resclass=[ 11, 7, 77 ] xT=false
  D4 above=T1 pat=000 resclass=[ 7161, 651, 11 ] xT=false
  D4 above=T2 pat=000 resclass=[ 651, 93, 7 ] xT=false
  D4 above=T1 pat=000 resclass=[ 7161, 651, 11 ] xT=false
  D4 above=T2 pat=000 resclass=[ 651, 93, 7 ] xT=false
  D4 above=T3 pat=000 resclass=[ 11, 7, 77 ] xT=false
  D4 above=T3 pat=000 resclass=[ 11, 7, 77 ] xT=false
  D4 above=T1 pat=000 resclass=[ 7161, 651, 11 ] xT=false
  D4 above=T2 pat=000 resclass=[ 651, 93, 7 ] xT=false
  D4 above=T1 pat=000 resclass=[ 7161, 651, 11 ] xT=false
  D4 above=T2 pat=000 resclass=[ 651, 93, 7 ] xT=false
MEMBER stv 3 2/3 -2 shape=[ 1, 1, 2, 2 ] tors=[ 4, 4 ] order4=12 norm111=0 xTpass=0
  D4 above=T3 pat=000 resclass=[ 11, -5, -55 ] xT=false
  D4 above=T3 pat=000 resclass=[ 11, -5, -55 ] xT=false
  D4 above=T2 pat=000 resclass=[ 240890, -48178, -5 ] xT=false
  D4 above=T1 pat=000 resclass=[ 2649790, 240890, 11 ] xT=false
  D4 above=T2 pat=000 resclass=[ 240890, -48178, -5 ] xT=false
  D4 above=T1 pat=000 resclass=[ 2649790, 240890, 11 ] xT=false
  D4 above=T3 pat=000 resclass=[ 11, -5, -55 ] xT=false
  D4 above=T3 pat=000 resclass=[ 11, -5, -55 ] xT=false
  D4 above=T2 pat=000 resclass=[ 240890, -48178, -5 ] xT=false
  D4 above=T1 pat=000 resclass=[ 2649790, 240890, 11 ] xT=false
  D4 above=T2 pat=000 resclass=[ 240890, -48178, -5 ] xT=false
  D4 above=T1 pat=000 resclass=[ 2649790, 240890, 11 ] xT=false
MEMBER stv 4 1/2 -3/4 shape=[ 1, 1, 2, 2 ] tors=[ 4, 4 ] order4=12 norm111=0 xTpass=0
  D4 above=T2 pat=000 resclass=[ 7843, -23529, -3 ] xT=false
  D4 above=T2 pat=000 resclass=[ 7843, -23529, -3 ] xT=false
  D4 above=T3 pat=000 resclass=[ 247, -3, -741 ] xT=false
  D4 above=T1 pat=000 resclass=[ 1937221, 7843, 247 ] xT=false
  D4 above=T3 pat=000 resclass=[ 247, -3, -741 ] xT=false
  D4 above=T1 pat=000 resclass=[ 1937221, 7843, 247 ] xT=false
  D4 above=T2 pat=000 resclass=[ 7843, -23529, -3 ] xT=false
  D4 above=T2 pat=000 resclass=[ 7843, -23529, -3 ] xT=false
  D4 above=T3 pat=000 resclass=[ 247, -3, -741 ] xT=false
  D4 above=T1 pat=000 resclass=[ 1937221, 7843, 247 ] xT=false
  D4 above=T3 pat=000 resclass=[ 247, -3, -741 ] xT=false
  D4 above=T1 pat=000 resclass=[ 1937221, 7843, 247 ] xT=false
MEMBER stv 19/13 20/7 -18/19 shape=[ 1, 1, 2, 2 ] tors=[ 4, 4 ] order4=12 norm111=0 xTpass=0
  D4 above=T2 pat=000 resclass=[ 5656748397222, 145044830698, 39 ] xT=false
  D4 above=T2 pat=000 resclass=[ 5656748397222, 145044830698, 39 ] xT=false
  D4 above=T1 pat=000 resclass=[ -1763686470653662659, 5656748397222, -1247138 ] xT=false
  D4 above=T3 pat=000 resclass=[ -1247138, 39, -48638382 ] xT=false
  D4 above=T1 pat=000 resclass=[ -1763686470653662659, 5656748397222, -1247138 ] xT=false
  D4 above=T3 pat=000 resclass=[ -1247138, 39, -48638382 ] xT=false
  D4 above=T2 pat=000 resclass=[ 5656748397222, 145044830698, 39 ] xT=false
  D4 above=T2 pat=000 resclass=[ 5656748397222, 145044830698, 39 ] xT=false
  D4 above=T1 pat=000 resclass=[ -1763686470653662659, 5656748397222, -1247138 ] xT=false
  D4 above=T3 pat=000 resclass=[ -1247138, 39, -48638382 ] xT=false
  D4 above=T1 pat=000 resclass=[ -1763686470653662659, 5656748397222, -1247138 ] xT=false
  D4 above=T3 pat=000 resclass=[ -1247138, 39, -48638382 ] xT=false
MEMBER stv 5/9 6 7/4 shape=[ 1, 1, 2, 2 ] tors=[ 4, 4 ] order4=12 norm111=0 xTpass=0
  D4 above=T1 pat=000 resclass=[ 110436439490, -1781232895, -62 ] xT=false
  D4 above=T1 pat=000 resclass=[ 110436439490, -1781232895, -62 ] xT=false
  D4 above=T2 pat=000 resclass=[ -1781232895, -2493726053, 35 ] xT=false
  D4 above=T3 pat=000 resclass=[ -62, 35, -2170 ] xT=false
  D4 above=T2 pat=000 resclass=[ -1781232895, -2493726053, 35 ] xT=false
  D4 above=T3 pat=000 resclass=[ -62, 35, -2170 ] xT=false
  D4 above=T1 pat=000 resclass=[ 110436439490, -1781232895, -62 ] xT=false
  D4 above=T1 pat=000 resclass=[ 110436439490, -1781232895, -62 ] xT=false
  D4 above=T2 pat=000 resclass=[ -1781232895, -2493726053, 35 ] xT=false
  D4 above=T3 pat=000 resclass=[ -62, 35, -2170 ] xT=false
  D4 above=T2 pat=000 resclass=[ -1781232895, -2493726053, 35 ] xT=false
  D4 above=T3 pat=000 resclass=[ -62, 35, -2170 ] xT=false
MEMBER stv 15/16 8/19 -4/3 shape=[ 1, 1, 2, 2 ] tors=[ 4, 4 ] order4=12 norm111=0 xTpass=0
  D4 above=T3 pat=000 resclass=[ 748969, -33, -24715977 ] xT=false
  D4 above=T3 pat=000 resclass=[ 748969, -33, -24715977 ] xT=false
  D4 above=T1 pat=000 resclass=[ 2288509981043, 3055547, 748969 ] xT=false
  D4 above=T2 pat=000 resclass=[ 3055547, -833331, -33 ] xT=false
  D4 above=T1 pat=000 resclass=[ 2288509981043, 3055547, 748969 ] xT=false
  D4 above=T2 pat=000 resclass=[ 3055547, -833331, -33 ] xT=false
  D4 above=T3 pat=000 resclass=[ 748969, -33, -24715977 ] xT=false
  D4 above=T3 pat=000 resclass=[ 748969, -33, -24715977 ] xT=false
  D4 above=T1 pat=000 resclass=[ 2288509981043, 3055547, 748969 ] xT=false
  D4 above=T2 pat=000 resclass=[ 3055547, -833331, -33 ] xT=false
  D4 above=T1 pat=000 resclass=[ 2288509981043, 3055547, 748969 ] xT=false
  D4 above=T2 pat=000 resclass=[ 3055547, -833331, -33 ] xT=false
MEMBER stv 12/13 5/6 3/7 shape=[ 1, 1, 2, 2 ] tors=[ 4, 4 ] order4=12 norm111=0 xTpass=0
  D4 above=T3 pat=000 resclass=[ 23, -11, -253 ] xT=false
  D4 above=T3 pat=000 resclass=[ 23, -11, -253 ] xT=false
  D4 above=T1 pat=000 resclass=[ -85136243423, -3701575801, 23 ] xT=false
  D4 above=T2 pat=000 resclass=[ -3701575801, 336506891, -11 ] xT=false
  D4 above=T1 pat=000 resclass=[ -85136243423, -3701575801, 23 ] xT=false
  D4 above=T2 pat=000 resclass=[ -3701575801, 336506891, -11 ] xT=false
  D4 above=T3 pat=000 resclass=[ 23, -11, -253 ] xT=false
  D4 above=T3 pat=000 resclass=[ 23, -11, -253 ] xT=false
  D4 above=T1 pat=000 resclass=[ -85136243423, -3701575801, 23 ] xT=false
  D4 above=T2 pat=000 resclass=[ -3701575801, 336506891, -11 ] xT=false
  D4 above=T1 pat=000 resclass=[ -85136243423, -3701575801, 23 ] xT=false
  D4 above=T2 pat=000 resclass=[ -3701575801, 336506891, -11 ] xT=false
PART_DONE part=18
