MEMBER stv 1/4 3/2 -1/3 shape=[ 1, 1, 2, 2 ] tors=[ 4, 4 ] order4=12 norm111=0 xTpass=0
  D4 above=T3 pat=000 resclass=[ -6, 5, -30 ] xT=false
  D4 above=T3 pat=000 resclass=[ -6, 5, -30 ] xT=false
  D4 above=T2 pat=000 resclass=[ -16215, -3243, 5 ] xT=false
  D4 above=T1 pat=000 resclass=[ 10810, -16215, -6 ] xT=false
  D4 above=T2 pat=000 resclass=[ -16215, -3243, 5 ] xT=false
  D4 above=T1 pat=000 resclass=[ 10810, -16215, -6 ] xT=false
  D4 above=T3 pat=000 resclass=[ -6, 5, -30 ] xT=false
  D4 above=T3 pat=000 resclass=[ -6, 5, -30 ] xT=false
  D4 above=T2 pat=000 resclass=[ -16215, -3243, 5 ] xT=false
  D4 above=T1 pat=000 resclass=[ 10810, -16215, -6 ] xT=false
  D4 above=T2 pat=000 resclass=[ -16215, -3243, 5 ] xT=false
  D4 above=T1 pat=000 resclass=[ 10810, -16215, -6 ] xT=false
MEMBER stv 1/3 3/4 -2 shape=[ 1, 1, 2, 2 ] tors=[ 4, 4 ] order4=12 norm111=0 xTpass=0
  D4 above=T3 pat=000 resclass=[ -185, -7, 1295 ] xT=false
  D4 above=T3 pat=000 resclass=[ -185, -7, 1295 ] xT=false
  D4 above=T1 pat=000 resclass=[ -60865, 329, -185 ] xT=false
  D4 above=T2 pat=000 resclass=[ 329, -47, -7 ] xT=false
  D4 above=T1 pat=000 resclass=[ -60865, 329, -185 ] xT=false
  D4 above=T2 pat=000 resclass=[ 329, -47, -7 ] xT=false
  D4 above=T3 pat=000 resclass=[ -185, -7, 1295 ] xT=false
  D4 above=T3 pat=000 resclass=[ -185, -7, 1295 ] xT=false
  D4 above=T1 pat=000 resclass=[ -60865, 329, -185 ] xT=false
  D4 above=T2 pat=000 resclass=[ 329, -47, -7 ] xT=false
  D4 above=T1 pat=000 resclass=[ -60865, 329, -185 ] xT=false
  D4 above=T2 pat=000 resclass=[ 329, -47, -7 ] xT=false
MEMBER stv 1/2 2/3 -3/4 shape=[ 1, 1, 2, 2 ] tors=[ 4, 4 ] order4=12 norm111=0 xTpass=0
  D4 above=T3 pat=000 resclass=[ -19, -5, 95 ] xT=false
  D4 above=T3 pat=000 resclass=[ -19, -5, 95 ] xT=false
  D4 above=T1 pat=000 resclass=[ -334685, 17615, -19 ] xT=false
  D4 above=T2 pat=000 resclass=[ 17615, -3523, -5 ] xT=false
  D4 above=T1 pat=000 resclass=[ -334685, 17615, -19 ] xT=false
  D4 above=T2 pat=000 resclass=[ 17615, -3523, -5 ] xT=false
  D4 above=T3 pat=000 resclass=[ -19, -5, 95 ] xT=false
  D4 above=T3 pat=000 resclass=[ -19, -5, 95 ] xT=false
  D4 above=T1 pat=000 resclass=[ -334685, 17615, -19 ] xT=false
  D4 above=T2 pat=000 resclass=[ 17615, -3523, -5 ] xT=false
  D4 above=T1 pat=000 resclass=[ -334685, 17615, -19 ] xT=false
  D4 above=T2 pat=000 resclass=[ 17615, -3523, -5 ] xT=false
MEMBER stv 2/3 1/2 -1/4 shape=[ 1, 1, 2, 2 ] tors=[ 4, 4 ] order4=12 norm111=0 xTpass=0
  D4 above=T2 pat=000 resclass=[ 2910, -970, -3 ] xT=false
  D4 above=T2 pat=000 resclass=[ 2910, -970, -3 ] xT=false
  D4 above=T1 pat=000 resclass=[ -49470, 2910, -17 ] xT=false
  D4 above=T3 pat=000 resclass=[ -17, -3, 51 ] xT=false
  D4 above=T1 pat=000 resclass=[ -49470, 2910, -17 ] xT=false
  D4 above=T3 pat=000 resclass=[ -17, -3, 51 ] xT=false
  D4 above=T2 pat=000 resclass=[ 2910, -970, -3 ] xT=false
  D4 above=T2 pat=000 resclass=[ 2910, -970, -3 ] xT=false
  D4 above=T1 pat=000 resclass=[ -49470, 2910, -17 ] xT=false
  D4 above=T3 pat=000 resclass=[ -17, -3, 51 ] xT=false
  D4 above=T1 pat=000 resclass=[ -49470, 2910, -17 ] xT=false
  D4 above=T3 pat=000 resclass=[ -17, -3, 51 ] xT=false
MEMBER stv 3/4 1/4 -3/2 shape=[ 1, 1, 2, 2 ] tors=[ 4, 4 ] order4=12 norm111=0 xTpass=0
  D4 above=T2 pat=000 resclass=[ 70, -42, -15 ] xT=false
  D4 above=T2 pat=000 resclass=[ 70, -42, -15 ] xT=false
  D4 above=T1 pat=000 resclass=[ -70, 70, -1 ] xT=false
  D4 above=T3 pat=000 resclass=[ -1, -15, 15 ] xT=false
  D4 above=T1 pat=000 resclass=[ -70, 70, -1 ] xT=false
  D4 above=T3 pat=000 resclass=[ -1, -15, 15 ] xT=false
  D4 above=T2 pat=000 resclass=[ 70, -42, -15 ] xT=false
  D4 above=T2 pat=000 resclass=[ 70, -42, -15 ] xT=false
  D4 above=T1 pat=000 resclass=[ -70, 70, -1 ] xT=false
  D4 above=T3 pat=000 resclass=[ -1, -15, 15 ] xT=false
  D4 above=T1 pat=000 resclass=[ -70, 70, -1 ] xT=false
  D4 above=T3 pat=000 resclass=[ -1, -15, 15 ] xT=false
MEMBER stv 3/4 4 -2/3 shape=[ 1, 1, 2, 2 ] tors=[ 4, 4 ] order4=12 norm111=0 xTpass=0
  D4 above=T1 pat=000 resclass=[ 1025430, -2570, -399 ] xT=false
  D4 above=T1 pat=000 resclass=[ 1025430, -2570, -399 ] xT=false
  D4 above=T3 pat=000 resclass=[ -399, 15, -665 ] xT=false
  D4 above=T2 pat=000 resclass=[ -2570, -1542, 15 ] xT=false
  D4 above=T3 pat=000 resclass=[ -399, 15, -665 ] xT=false
  D4 above=T2 pat=000 resclass=[ -2570, -1542, 15 ] xT=false
  D4 above=T1 pat=000 resclass=[ 1025430, -2570, -399 ] xT=false
  D4 above=T1 pat=000 resclass=[ 1025430, -2570, -399 ] xT=false
  D4 above=T3 pat=000 resclass=[ -399, 15, -665 ] xT=false
  D4 above=T2 pat=000 resclass=[ -2570, -1542, 15 ] xT=false
  D4 above=T3 pat=000 resclass=[ -399, 15, -665 ] xT=false
  D4 above=T2 pat=000 resclass=[ -2570, -1542, 15 ] xT=false
MEMBER stv 1 2 -4 shape=[ 1, 1, 2, 2 ] tors=[ 4, 4 ] order4=12 norm111=0 xTpass=0
  D4 above=T3 pat=000 resclass=[ -2, 3, -6 ] xT=false
  D4 above=T3 pat=000 resclass=[ -2, 3, -6 ] xT=false
  D4 above=T2 pat=000 resclass=[ 5, 15, 3 ] xT=false
  D4 above=T1 pat=000 resclass=[ -10, 5, -2 ] xT=false
  D4 above=T2 pat=000 resclass=[ 5, 15, 3 ] xT=false
  D4 above=T1 pat=000 resclass=[ -10, 5, -2 ] xT=false
  D4 above=T3 pat=000 resclass=[ -2, 3, -6 ] xT=false
  D4 above=T3 pat=000 resclass=[ -2, 3, -6 ] xT=false
  D4 above=T2 pat=000 resclass=[ 5, 15, 3 ] xT=false
  D4 above=T1 pat=000 resclass=[ -10, 5, -2 ] xT=false
  D4 above=T2 pat=000 resclass=[ 5, 15, 3 ] xT=false
  D4 above=T1 pat=000 resclass=[ -10, 5, -2 ] xT=false
MEMBER stv 4/3 3/2 -4/3 shape=[ 1, 1, 2, 2 ] tors=[ 4, 4 ] order4=12 norm111=0 xTpass=0
  D4 above=T1 pat=000 resclass=[ 4421685, 142635, 31 ] xT=false
  D4 above=T1 pat=000 resclass=[ 4421685, 142635, 31 ] xT=false
  D4 above=T2 pat=000 resclass=[ 142635, 28527, 5 ] xT=false
  D4 above=T3 pat=000 resclass=[ 31, 5, 155 ] xT=false
  D4 above=T2 pat=000 resclass=[ 142635, 28527, 5 ] xT=false
  D4 above=T3 pat=000 resclass=[ 31, 5, 155 ] xT=false
  D4 above=T1 pat=000 resclass=[ 4421685, 142635, 31 ] xT=false
  D4 above=T1 pat=000 resclass=[ 4421685, 142635, 31 ] xT=false
  D4 above=T2 pat=000 resclass=[ 142635, 28527, 5 ] xT=false
  D4 above=T3 pat=000 resclass=[ 31, 5, 155 ] xT=false
  D4 above=T2 pat=000 resclass=[ 142635, 28527, 5 ] xT=false
  D4 above=T3 pat=000 resclass=[ 31, 5, 155 ] xT=false
MEMBER stv 3/2 4/3 -1/2 shape=[ 1, 1, 2, 2 ] tors=[ 4, 4 ] order4=12 norm111=0 xTpass=0
  D4 above=T2 pat=000 resclass=[ 5138, 734, 7 ] xT=false
  D4 above=T2 pat=000 resclass=[ 5138, 734, 7 ] xT=false
  D4 above=T1 pat=000 resclass=[ 2738554, 5138, 533 ] xT=false
  D4 above=T3 pat=000 resclass=[ 533, 7, 3731 ] xT=false
  D4 above=T1 pat=000 resclass=[ 2738554, 5138, 533 ] xT=false
  D4 above=T3 pat=000 resclass=[ 533, 7, 3731 ] xT=false
  D4 above=T2 pat=000 resclass=[ 5138, 734, 7 ] xT=false
  D4 above=T2 pat=000 resclass=[ 5138, 734, 7 ] xT=false
  D4 above=T1 pat=000 resclass=[ 2738554, 5138, 533 ] xT=false
  D4 above=T3 pat=000 resclass=[ 533, 7, 3731 ] xT=false
  D4 above=T1 pat=000 resclass=[ 2738554, 5138, 533 ] xT=false
  D4 above=T3 pat=000 resclass=[ 533, 7, 3731 ] xT=false
MEMBER stv 2 2/3 -3 shape=[ 1, 1, 2, 2 ] tors=[ 4, 4 ] order4=12 norm111=0 xTpass=0
  D4 above=T2 pat=000 resclass=[ 17435, -3487, -5 ] xT=false
  D4 above=T2 pat=000 resclass=[ 17435, -3487, -5 ] xT=false
  D4 above=T3 pat=000 resclass=[ 299, -5, -1495 ] xT=false
  D4 above=T1 pat=000 resclass=[ 5213065, 17435, 299 ] xT=false
  D4 above=T3 pat=000 resclass=[ 299, -5, -1495 ] xT=false
  D4 above=T1 pat=000 resclass=[ 5213065, 17435, 299 ] xT=false
  D4 above=T2 pat=000 resclass=[ 17435, -3487, -5 ] xT=false
  D4 above=T2 pat=000 resclass=[ 17435, -3487, -5 ] xT=false
  D4 above=T3 pat=000 resclass=[ 299, -5, -1495 ] xT=false
  D4 above=T1 pat=000 resclass=[ 5213065, 17435, 299 ] xT=false
  D4 above=T3 pat=000 resclass=[ 299, -5, -1495 ] xT=false
  D4 above=T1 pat=000 resclass=[ 5213065, 17435, 299 ] xT=false
MEMBER stv 3 1/2 -1 shape=[ 1, 1, 1, 1, 2 ] tors=[ 2, 4, 4 ] order4=24 norm111=0 xTpass=0
  D4 above=T2 pat=000 resclass=[ 786, -262, -3 ] xT=false
  D4 above=T2 pat=000 resclass=[ 786, 262, 3 ] xT=false
  D4 above=T2 pat=000 resclass=[ 786, -262, -3 ] xT=false
  D4 above=T2 pat=000 resclass=[ 786, 262, 3 ] xT=false
  D4 above=T3 pat=000 resclass=[ 15, 3, 5 ] xT=false
  D4 above=T3 pat=000 resclass=[ 15, -3, -5 ] xT=false
  D4 above=T1 pat=000 resclass=[ 1310, -786, -15 ] xT=false
  D4 above=T1 pat=000 resclass=[ 1310, 786, 15 ] xT=false
  D4 above=T3 pat=000 resclass=[ 15, 3, 5 ] xT=false
  D4 above=T3 pat=000 resclass=[ 15, -3, -5 ] xT=false
  D4 above=T1 pat=000 resclass=[ 1310, -786, -15 ] xT=false
  D4 above=T1 pat=000 resclass=[ 1310, 786, 15 ] xT=false
  D4 above=T2 pat=000 resclass=[ 786, -262, -3 ] xT=false
  D4 above=T2 pat=000 resclass=[ 786, 262, 3 ] xT=false
  D4 above=T2 pat=000 resclass=[ 786, -262, -3 ] xT=false
  D4 above=T2 pat=000 resclass=[ 786, 262, 3 ] xT=false
  D4 above=T3 pat=000 resclass=[ 15, 3, 5 ] xT=false
  D4 above=T3 pat=000 resclass=[ 15, -3, -5 ] xT=false
  D4 above=T1 pat=000 resclass=[ 1310, -786, -15 ] xT=false
  D4 above=T1 pat=000 resclass=[ 1310, 786, 15 ] xT=false
  D4 above=T3 pat=000 resclass=[ 15, 3, 5 ] xT=false
  D4 above=T3 pat=000 resclass=[ 15, -3, -5 ] xT=false
  D4 above=T1 pat=000 resclass=[ 1310, -786, -15 ] xT=false
  D4 above=T1 pat=000 resclass=[ 1310, 786, 15 ] xT=false
MEMBER stv 4 1/3 -1/3 shape=[ 1, 1, 2, 2 ] tors=[ 4, 4 ] order4=12 norm111=0 xTpass=0
  D4 above=T1 pat=000 resclass=[ 6372366, 82758, 77 ] xT=false
  D4 above=T1 pat=000 resclass=[ 6372366, 82758, 77 ] xT=false
  D4 above=T2 pat=000 resclass=[ 82758, -41379, -2 ] xT=false
  D4 above=T3 pat=000 resclass=[ 77, -2, -154 ] xT=false
  D4 above=T2 pat=000 resclass=[ 82758, -41379, -2 ] xT=false
  D4 above=T3 pat=000 resclass=[ 77, -2, -154 ] xT=false
  D4 above=T1 pat=000 resclass=[ 6372366, 82758, 77 ] xT=false
  D4 above=T1 pat=000 resclass=[ 6372366, 82758, 77 ] xT=false
  D4 above=T2 pat=000 resclass=[ 82758, -41379, -2 ] xT=false
  D4 above=T3 pat=000 resclass=[ 77, -2, -154 ] xT=false
  D4 above=T2 pat=000 resclass=[ 82758, -41379, -2 ] xT=false
  D4 above=T3 pat=000 resclass=[ 77, -2, -154 ] xT=false
MEMBER stv 4 4 -2 shape=[ 1, 1, 2, 2 ] tors=[ 4, 4 ] order4=12 norm111=0 xTpass=0
  D4 above=T3 pat=000 resclass=[ -209, 15, -3135 ] xT=false
  D4 above=T3 pat=000 resclass=[ -209, 15, -3135 ] xT=false
  D4 above=T2 pat=000 resclass=[ 417570, 27838, 15 ] xT=false
  D4 above=T1 pat=000 resclass=[ -87272130, 417570, -209 ] xT=false
  D4 above=T2 pat=000 resclass=[ 417570, 27838, 15 ] xT=false
  D4 above=T1 pat=000 resclass=[ -87272130, 417570, -209 ] xT=false
  D4 above=T3 pat=000 resclass=[ -209, 15, -3135 ] xT=false
  D4 above=T3 pat=000 resclass=[ -209, 15, -3135 ] xT=false
  D4 above=T2 pat=000 resclass=[ 417570, 27838, 15 ] xT=false
  D4 above=T1 pat=000 resclass=[ -87272130, 417570, -209 ] xT=false
  D4 above=T2 pat=000 resclass=[ 417570, 27838, 15 ] xT=false
  D4 above=T1 pat=000 resclass=[ -87272130, 417570, -209 ] xT=false
MEMBER stv 2/15 5/4 -4/3 shape=[ 1, 1, 2, 2 ] tors=[ 4, 4 ] order4=12 norm111=0 xTpass=0
  D4 above=T3 pat=010 resclass=[ -17201, 1, -17201 ] xT=false
  D4 above=T3 pat=010 resclass=[ -17201, 1, -17201 ] xT=false
  D4 above=T1 pat=000 resclass=[ 3155825791977, -183467577, -17201 ] xT=false
  D4 above=T2 pat=001 resclass=[ -183467577, -183467577, 1 ] xT=false
  D4 above=T1 pat=000 resclass=[ 3155825791977, -183467577, -17201 ] xT=false
  D4 above=T2 pat=001 resclass=[ -183467577, -183467577, 1 ] xT=false
  D4 above=T3 pat=010 resclass=[ -17201, 1, -17201 ] xT=false
  D4 above=T3 pat=010 resclass=[ -17201, 1, -17201 ] xT=false
  D4 above=T1 pat=000 resclass=[ 3155825791977, -183467577, -17201 ] xT=false
  D4 above=T2 pat=001 resclass=[ -183467577, -183467577, 1 ] xT=false
  D4 above=T1 pat=000 resclass=[ 3155825791977, -183467577, -17201 ] xT=false
  D4 above=T2 pat=001 resclass=[ -183467577, -183467577, 1 ] xT=false
MEMBER stv 1/18 11/20 -1/9 shape=[ 1, 1, 2, 2 ] tors=[ 4, 4 ] order4=12 norm111=0 xTpass=0
  D4 above=T2 pat=000 resclass=[ 85036841365, -2743123915, -31 ] xT=false
  D4 above=T2 pat=000 resclass=[ 85036841365, -2743123915, -31 ] xT=false
  D4 above=T3 pat=000 resclass=[ -6265121, -31, 194218751 ] xT=false
  D4 above=T1 pat=000 resclass=[ -532766100609530165, 85036841365, -6265121 ] xT=false
  D4 above=T3 pat=000 resclass=[ -6265121, -31, 194218751 ] xT=false
  D4 above=T1 pat=000 resclass=[ -532766100609530165, 85036841365, -6265121 ] xT=false
  D4 above=T2 pat=000 resclass=[ 85036841365, -2743123915, -31 ] xT=false
  D4 above=T2 pat=000 resclass=[ 85036841365, -2743123915, -31 ] xT=false
  D4 above=T3 pat=000 resclass=[ -6265121, -31, 194218751 ] xT=false
  D4 above=T1 pat=000 resclass=[ -532766100609530165, 85036841365, -6265121 ] xT=false
  D4 above=T3 pat=000 resclass=[ -6265121, -31, 194218751 ] xT=false
  D4 above=T1 pat=000 resclass=[ -532766100609530165, 85036841365, -6265121 ] xT=false
MEMBER stv 2/3 5 -13/20 shape=[ 1, 1, 2, 2 ] tors=[ 4, 4 ] order4=12 norm111=0 xTpass=0
  D4 above=T1 pat=000 resclass=[ 177595782, -3428490, -1295 ] xT=false
  D4 above=T1 pat=000 resclass=[ 177595782, -3428490, -1295 ] xT=false
  D4 above=T3 pat=000 resclass=[ -1295, 6, -7770 ] xT=false
  D4 above=T2 pat=000 resclass=[ -3428490, -571415, 6 ] xT=false
  D4 above=T3 pat=000 resclass=[ -1295, 6, -7770 ] xT=false
  D4 above=T2 pat=000 resclass=[ -3428490, -571415, 6 ] xT=false
  D4 above=T1 pat=000 resclass=[ 177595782, -3428490, -1295 ] xT=false
  D4 above=T1 pat=000 resclass=[ 177595782, -3428490, -1295 ] xT=false
  D4 above=T3 pat=000 resclass=[ -1295, 6, -7770 ] xT=false
  D4 above=T2 pat=000 resclass=[ -3428490, -571415, 6 ] xT=false
  D4 above=T3 pat=000 resclass=[ -1295, 6, -7770 ] xT=false
  D4 above=T2 pat=000 resclass=[ -3428490, -571415, 6 ] xT=false
PART_DONE part=180
