MEMBER stv 1/4 3/2 1/2 shape=[ 1, 1, 2, 2 ] tors=[ 4, 4 ] order4=12 norm111=0 xTpass=0
  D4 above=T2 pat=000 resclass=[ -110, -22, 5 ] xT=false
  D4 above=T2 pat=000 resclass=[ -110, -22, 5 ] xT=false
  D4 above=T1 pat=000 resclass=[ 165, -110, -6 ] xT=false
  D4 above=T3 pat=000 resclass=[ -6, 5, -30 ] xT=false
  D4 above=T1 pat=000 resclass=[ 165, -110, -6 ] xT=false
  D4 above=T3 pat=000 resclass=[ -6, 5, -30 ] xT=false
  D4 above=T2 pat=000 resclass=[ -110, -22, 5 ] xT=false
  D4 above=T2 pat=000 resclass=[ -110, -22, 5 ] xT=false
  D4 above=T1 pat=000 resclass=[ 165, -110, -6 ] xT=false
  D4 above=T3 pat=000 resclass=[ -6, 5, -30 ] xT=false
  D4 above=T1 pat=000 resclass=[ 165, -110, -6 ] xT=false
  D4 above=T3 pat=000 resclass=[ -6, 5, -30 ] xT=false
MEMBER stv 1/3 3/4 3 shape=[ 1, 1, 2, 2 ] tors=[ 4, 4 ] order4=12 norm111=0 xTpass=0
  D4 above=T3 pat=000 resclass=[ -185, -7, 1295 ] xT=false
  D4 above=T3 pat=000 resclass=[ -185, -7, 1295 ] xT=false
  D4 above=T1 pat=000 resclass=[ 4515, -33411, -185 ] xT=false
  D4 above=T2 pat=000 resclass=[ -33411, 4773, -7 ] xT=false
  D4 above=T1 pat=000 resclass=[ 4515, -33411, -185 ] xT=false
  D4 above=T2 pat=000 resclass=[ -33411, 4773, -7 ] xT=false
  D4 above=T3 pat=000 resclass=[ -185, -7, 1295 ] xT=false
  D4 above=T3 pat=000 resclass=[ -185, -7, 1295 ] xT=false
  D4 above=T1 pat=000 resclass=[ 4515, -33411, -185 ] xT=false
  D4 above=T2 pat=000 resclass=[ -33411, 4773, -7 ] xT=false
  D4 above=T1 pat=000 resclass=[ 4515, -33411, -185 ] xT=false
  D4 above=T2 pat=000 resclass=[ -33411, 4773, -7 ] xT=false
MEMBER stv 1/2 2/3 1 shape=[ 1, 1, 2, 2 ] tors=[ 4, 4 ] order4=12 norm111=0 xTpass=0
  D4 above=T1 pat=000 resclass=[ 9215, -485, -19 ] xT=false
  D4 above=T1 pat=000 resclass=[ 9215, -485, -19 ] xT=false
  D4 above=T3 pat=000 resclass=[ -19, -5, 95 ] xT=false
  D4 above=T2 pat=000 resclass=[ -485, 97, -5 ] xT=false
  D4 above=T3 pat=000 resclass=[ -19, -5, 95 ] xT=false
  D4 above=T2 pat=000 resclass=[ -485, 97, -5 ] xT=false
  D4 above=T1 pat=000 resclass=[ 9215, -485, -19 ] xT=false
  D4 above=T1 pat=000 resclass=[ 9215, -485, -19 ] xT=false
  D4 above=T3 pat=000 resclass=[ -19, -5, 95 ] xT=false
  D4 above=T2 pat=000 resclass=[ -485, 97, -5 ] xT=false
  D4 above=T3 pat=000 resclass=[ -19, -5, 95 ] xT=false
  D4 above=T2 pat=000 resclass=[ -485, 97, -5 ] xT=false
MEMBER stv 2/3 1/2 1/3 shape=[ 1, 1, 2, 2 ] tors=[ 4, 4 ] order4=12 norm111=0 xTpass=0
  D4 above=T1 pat=000 resclass=[ 275621, -16213, -17 ] xT=false
  D4 above=T1 pat=000 resclass=[ 275621, -16213, -17 ] xT=false
  D4 above=T3 pat=000 resclass=[ -17, -3, 51 ] xT=false
  D4 above=T2 pat=000 resclass=[ -16213, 48639, -3 ] xT=false
  D4 above=T3 pat=000 resclass=[ -17, -3, 51 ] xT=false
  D4 above=T2 pat=000 resclass=[ -16213, 48639, -3 ] xT=false
  D4 above=T1 pat=000 resclass=[ 275621, -16213, -17 ] xT=false
  D4 above=T1 pat=000 resclass=[ 275621, -16213, -17 ] xT=false
  D4 above=T3 pat=000 resclass=[ -17, -3, 51 ] xT=false
  D4 above=T2 pat=000 resclass=[ -16213, 48639, -3 ] xT=false
  D4 above=T3 pat=000 resclass=[ -17, -3, 51 ] xT=false
  D4 above=T2 pat=000 resclass=[ -16213, 48639, -3 ] xT=false
MEMBER stv 3/4 1/4 2 shape=[ 1, 1, 2, 2 ] tors=[ 4, 4 ] order4=12 norm111=0 xTpass=0
  D4 above=T2 pat=000 resclass=[ -146370, 9758, -15 ] xT=false
  D4 above=T2 pat=000 resclass=[ -146370, 9758, -15 ] xT=false
  D4 above=T3 pat=000 resclass=[ -1, -15, 15 ] xT=false
  D4 above=T1 pat=000 resclass=[ 146370, -146370, -1 ] xT=false
  D4 above=T3 pat=000 resclass=[ -1, -15, 15 ] xT=false
  D4 above=T1 pat=000 resclass=[ 146370, -146370, -1 ] xT=false
  D4 above=T2 pat=000 resclass=[ -146370, 9758, -15 ] xT=false
  D4 above=T2 pat=000 resclass=[ -146370, 9758, -15 ] xT=false
  D4 above=T3 pat=000 resclass=[ -1, -15, 15 ] xT=false
  D4 above=T1 pat=000 resclass=[ 146370, -146370, -1 ] xT=false
  D4 above=T3 pat=000 resclass=[ -1, -15, 15 ] xT=false
  D4 above=T1 pat=000 resclass=[ 146370, -146370, -1 ] xT=false
MEMBER stv 3/4 4 3/4 shape=[ 1, 1, 2, 2 ] tors=[ 4, 4 ] order4=12 norm111=0 xTpass=0
  D4 above=T3 pat=000 resclass=[ -399, 15, -665 ] xT=false
  D4 above=T3 pat=000 resclass=[ -399, 15, -665 ] xT=false
  D4 above=T1 pat=000 resclass=[ 42344445, -5200195, -399 ] xT=false
  D4 above=T2 pat=000 resclass=[ -5200195, -3120117, 15 ] xT=false
  D4 above=T1 pat=000 resclass=[ 42344445, -5200195, -399 ] xT=false
  D4 above=T2 pat=000 resclass=[ -5200195, -3120117, 15 ] xT=false
  D4 above=T3 pat=000 resclass=[ -399, 15, -665 ] xT=false
  D4 above=T3 pat=000 resclass=[ -399, 15, -665 ] xT=false
  D4 above=T1 pat=000 resclass=[ 42344445, -5200195, -399 ] xT=false
  D4 above=T2 pat=000 resclass=[ -5200195, -3120117, 15 ] xT=false
  D4 above=T1 pat=000 resclass=[ 42344445, -5200195, -399 ] xT=false
  D4 above=T2 pat=000 resclass=[ -5200195, -3120117, 15 ] xT=false
MEMBER stv 1 3 1/4 shape=[ 1, 1, 2, 2 ] tors=[ 4, 4 ] order4=12 norm111=0 xTpass=0
  D4 above=T3 pat=000 resclass=[ -7, 2, -14 ] xT=false
  D4 above=T3 pat=000 resclass=[ -7, 2, -14 ] xT=false
  D4 above=T1 pat=000 resclass=[ 4690, -670, -7 ] xT=false
  D4 above=T2 pat=000 resclass=[ -670, -335, 2 ] xT=false
  D4 above=T1 pat=000 resclass=[ 4690, -670, -7 ] xT=false
  D4 above=T2 pat=000 resclass=[ -670, -335, 2 ] xT=false
  D4 above=T3 pat=000 resclass=[ -7, 2, -14 ] xT=false
  D4 above=T3 pat=000 resclass=[ -7, 2, -14 ] xT=false
  D4 above=T1 pat=000 resclass=[ 4690, -670, -7 ] xT=false
  D4 above=T2 pat=000 resclass=[ -670, -335, 2 ] xT=false
  D4 above=T1 pat=000 resclass=[ 4690, -670, -7 ] xT=false
  D4 above=T2 pat=000 resclass=[ -670, -335, 2 ] xT=false
MEMBER stv 4/3 3/2 3/2 shape=[ 1, 1, 2, 2 ] tors=[ 4, 4 ] order4=12 norm111=0 xTpass=0
  D4 above=T2 pat=000 resclass=[ -8745, -1749, 5 ] xT=false
  D4 above=T2 pat=000 resclass=[ -8745, -1749, 5 ] xT=false
  D4 above=T1 pat=000 resclass=[ -271095, -8745, 31 ] xT=false
  D4 above=T3 pat=000 resclass=[ 31, 5, 155 ] xT=false
  D4 above=T1 pat=000 resclass=[ -271095, -8745, 31 ] xT=false
  D4 above=T3 pat=000 resclass=[ 31, 5, 155 ] xT=false
  D4 above=T2 pat=000 resclass=[ -8745, -1749, 5 ] xT=false
  D4 above=T2 pat=000 resclass=[ -8745, -1749, 5 ] xT=false
  D4 above=T1 pat=000 resclass=[ -271095, -8745, 31 ] xT=false
  D4 above=T3 pat=000 resclass=[ 31, 5, 155 ] xT=false
  D4 above=T1 pat=000 resclass=[ -271095, -8745, 31 ] xT=false
  D4 above=T3 pat=000 resclass=[ 31, 5, 155 ] xT=false
MEMBER stv 3/2 4/3 2/3 shape=[ 1, 1, 2, 2 ] tors=[ 4, 4 ] order4=12 norm111=0 xTpass=0
  D4 above=T2 pat=000 resclass=[ 53690, 7670, 7 ] xT=false
  D4 above=T2 pat=000 resclass=[ 53690, 7670, 7 ] xT=false
  D4 above=T1 pat=000 resclass=[ 169330, 53690, 533 ] xT=false
  D4 above=T3 pat=000 resclass=[ 533, 7, 3731 ] xT=false
  D4 above=T1 pat=000 resclass=[ 169330, 53690, 533 ] xT=false
  D4 above=T3 pat=000 resclass=[ 533, 7, 3731 ] xT=false
  D4 above=T2 pat=000 resclass=[ 53690, 7670, 7 ] xT=false
  D4 above=T2 pat=000 resclass=[ 53690, 7670, 7 ] xT=false
  D4 above=T1 pat=000 resclass=[ 169330, 53690, 533 ] xT=false
  D4 above=T3 pat=000 resclass=[ 533, 7, 3731 ] xT=false
  D4 above=T1 pat=000 resclass=[ 169330, 53690, 533 ] xT=false
  D4 above=T3 pat=000 resclass=[ 533, 7, 3731 ] xT=false
MEMBER stv 2 2/3 4 shape=[ 1, 1, 2, 2 ] tors=[ 4, 4 ] order4=12 norm111=0 xTpass=0
  D4 above=T1 pat=000 resclass=[ -37029655, -123845, 299 ] xT=false
  D4 above=T1 pat=000 resclass=[ -37029655, -123845, 299 ] xT=false
  D4 above=T2 pat=000 resclass=[ -123845, 24769, -5 ] xT=false
  D4 above=T3 pat=000 resclass=[ 299, -5, -1495 ] xT=false
  D4 above=T2 pat=000 resclass=[ -123845, 24769, -5 ] xT=false
  D4 above=T3 pat=000 resclass=[ 299, -5, -1495 ] xT=false
  D4 above=T1 pat=000 resclass=[ -37029655, -123845, 299 ] xT=false
  D4 above=T1 pat=000 resclass=[ -37029655, -123845, 299 ] xT=false
  D4 above=T2 pat=000 resclass=[ -123845, 24769, -5 ] xT=false
  D4 above=T3 pat=000 resclass=[ 299, -5, -1495 ] xT=false
  D4 above=T2 pat=000 resclass=[ -123845, 24769, -5 ] xT=false
  D4 above=T3 pat=000 resclass=[ 299, -5, -1495 ] xT=false
MEMBER stv 3 1/2 4/3 shape=[ 1, 1, 1, 1, 2 ] tors=[ 2, 4, 4 ] order4=24 norm111=0 xTpass=0
  D4 above=T1 pat=000 resclass=[ -10335, -689, 15 ] xT=false
  D4 above=T1 pat=000 resclass=[ -10335, 689, -15 ] xT=false
  D4 above=T1 pat=000 resclass=[ -10335, -689, 15 ] xT=false
  D4 above=T1 pat=000 resclass=[ -10335, 689, -15 ] xT=false
  D4 above=T2 pat=000 resclass=[ -689, -2067, 3 ] xT=false
  D4 above=T2 pat=000 resclass=[ -689, 2067, -3 ] xT=false
  D4 above=T3 pat=000 resclass=[ 15, 3, 5 ] xT=false
  D4 above=T3 pat=000 resclass=[ 15, -3, -5 ] xT=false
  D4 above=T2 pat=000 resclass=[ -689, -2067, 3 ] xT=false
  D4 above=T2 pat=000 resclass=[ -689, 2067, -3 ] xT=false
  D4 above=T3 pat=000 resclass=[ 15, 3, 5 ] xT=false
  D4 above=T3 pat=000 resclass=[ 15, -3, -5 ] xT=false
  D4 above=T1 pat=000 resclass=[ -10335, -689, 15 ] xT=false
  D4 above=T1 pat=000 resclass=[ -10335, 689, -15 ] xT=false
  D4 above=T1 pat=000 resclass=[ -10335, -689, 15 ] xT=false
  D4 above=T1 pat=000 resclass=[ -10335, 689, -15 ] xT=false
  D4 above=T2 pat=000 resclass=[ -689, -2067, 3 ] xT=false
  D4 above=T2 pat=000 resclass=[ -689, 2067, -3 ] xT=false
  D4 above=T3 pat=000 resclass=[ 15, 3, 5 ] xT=false
  D4 above=T3 pat=000 resclass=[ 15, -3, -5 ] xT=false
  D4 above=T2 pat=000 resclass=[ -689, -2067, 3 ] xT=false
  D4 above=T2 pat=000 resclass=[ -689, 2067, -3 ] xT=false
  D4 above=T3 pat=000 resclass=[ 15, 3, 5 ] xT=false
  D4 above=T3 pat=000 resclass=[ 15, -3, -5 ] xT=false
MEMBER stv 4 1/3 1/2 shape=[ 1, 1, 2, 2 ] tors=[ 4, 4 ] order4=12 norm111=0 xTpass=0
  D4 above=T1 pat=000 resclass=[ -56441, -733, 77 ] xT=false
  D4 above=T1 pat=000 resclass=[ -56441, -733, 77 ] xT=false
  D4 above=T3 pat=000 resclass=[ 77, -2, -154 ] xT=false
  D4 above=T2 pat=000 resclass=[ -733, 1466, -2 ] xT=false
  D4 above=T3 pat=000 resclass=[ 77, -2, -154 ] xT=false
  D4 above=T2 pat=000 resclass=[ -733, 1466, -2 ] xT=false
  D4 above=T1 pat=000 resclass=[ -56441, -733, 77 ] xT=false
  D4 above=T1 pat=000 resclass=[ -56441, -733, 77 ] xT=false
  D4 above=T3 pat=000 resclass=[ 77, -2, -154 ] xT=false
  D4 above=T2 pat=000 resclass=[ -733, 1466, -2 ] xT=false
  D4 above=T3 pat=000 resclass=[ 77, -2, -154 ] xT=false
  D4 above=T2 pat=000 resclass=[ -733, 1466, -2 ] xT=false
MEMBER stv 4 4 3 shape=[ 1, 1, 2, 2 ] tors=[ 4, 4 ] order4=12 norm111=0 xTpass=0
  D4 above=T3 pat=000 resclass=[ -209, 15, -3135 ] xT=false
  D4 above=T3 pat=000 resclass=[ -209, 15, -3135 ] xT=false
  D4 above=T2 pat=000 resclass=[ -3355, -2013, 15 ] xT=false
  D4 above=T1 pat=000 resclass=[ 5795, -3355, -209 ] xT=false
  D4 above=T2 pat=000 resclass=[ -3355, -2013, 15 ] xT=false
  D4 above=T1 pat=000 resclass=[ 5795, -3355, -209 ] xT=false
  D4 above=T3 pat=000 resclass=[ -209, 15, -3135 ] xT=false
  D4 above=T3 pat=000 resclass=[ -209, 15, -3135 ] xT=false
  D4 above=T2 pat=000 resclass=[ -3355, -2013, 15 ] xT=false
  D4 above=T1 pat=000 resclass=[ 5795, -3355, -209 ] xT=false
  D4 above=T2 pat=000 resclass=[ -3355, -2013, 15 ] xT=false
  D4 above=T1 pat=000 resclass=[ 5795, -3355, -209 ] xT=false
MEMBER stv 3/4 5 -4 shape=[ 1, 1, 2, 2 ] tors=[ 4, 4 ] order4=12 norm111=0 xTpass=0
  D4 above=T2 pat=000 resclass=[ 11514, 1919, 6 ] xT=false
  D4 above=T2 pat=000 resclass=[ 11514, 1919, 6 ] xT=false
  D4 above=T1 pat=000 resclass=[ -1308758, 11514, -1023 ] xT=false
  D4 above=T3 pat=000 resclass=[ -1023, 6, -682 ] xT=false
  D4 above=T1 pat=000 resclass=[ -1308758, 11514, -1023 ] xT=false
  D4 above=T3 pat=000 resclass=[ -1023, 6, -682 ] xT=false
  D4 above=T2 pat=000 resclass=[ 11514, 1919, 6 ] xT=false
  D4 above=T2 pat=000 resclass=[ 11514, 1919, 6 ] xT=false
  D4 above=T1 pat=000 resclass=[ -1308758, 11514, -1023 ] xT=false
  D4 above=T3 pat=000 resclass=[ -1023, 6, -682 ] xT=false
  D4 above=T1 pat=000 resclass=[ -1308758, 11514, -1023 ] xT=false
  D4 above=T3 pat=000 resclass=[ -1023, 6, -682 ] xT=false
MEMBER stv 8/9 1/4 -8/5 shape=[ 1, 1, 2, 2 ] tors=[ 4, 4 ] order4=12 norm111=0 xTpass=0
  D4 above=T2 pat=000 resclass=[ 1489119, -2481865, -15 ] xT=false
  D4 above=T2 pat=000 resclass=[ 1489119, -2481865, -15 ] xT=false
  D4 above=T1 pat=000 resclass=[ -2741468079, 1489119, -1841 ] xT=false
  D4 above=T3 pat=000 resclass=[ -1841, -15, 27615 ] xT=false
  D4 above=T1 pat=000 resclass=[ -2741468079, 1489119, -1841 ] xT=false
  D4 above=T3 pat=000 resclass=[ -1841, -15, 27615 ] xT=false
  D4 above=T2 pat=000 resclass=[ 1489119, -2481865, -15 ] xT=false
  D4 above=T2 pat=000 resclass=[ 1489119, -2481865, -15 ] xT=false
  D4 above=T1 pat=000 resclass=[ -2741468079, 1489119, -1841 ] xT=false
  D4 above=T3 pat=000 resclass=[ -1841, -15, 27615 ] xT=false
  D4 above=T1 pat=000 resclass=[ -2741468079, 1489119, -1841 ] xT=false
  D4 above=T3 pat=000 resclass=[ -1841, -15, 27615 ] xT=false
MEMBER stv 12/5 1/6 -6/19 shape=[ 1, 1, 2, 2 ] tors=[ 4, 4 ] order4=12 norm111=0 xTpass=0
  D4 above=T2 pat=000 resclass=[ 21962097815, -627488509, -35 ] xT=false
  D4 above=T2 pat=000 resclass=[ 21962097815, -627488509, -35 ] xT=false
  D4 above=T3 pat=000 resclass=[ 155999, -35, -5459965 ] xT=false
  D4 above=T1 pat=000 resclass=[ 3426065297042185, 21962097815, 155999 ] xT=false
  D4 above=T3 pat=000 resclass=[ 155999, -35, -5459965 ] xT=false
  D4 above=T1 pat=000 resclass=[ 3426065297042185, 21962097815, 155999 ] xT=false
  D4 above=T2 pat=000 resclass=[ 21962097815, -627488509, -35 ] xT=false
  D4 above=T2 pat=000 resclass=[ 21962097815, -627488509, -35 ] xT=false
  D4 above=T3 pat=000 resclass=[ 155999, -35, -5459965 ] xT=false
  D4 above=T1 pat=000 resclass=[ 3426065297042185, 21962097815, 155999 ] xT=false
  D4 above=T3 pat=000 resclass=[ 155999, -35, -5459965 ] xT=false
  D4 above=T1 pat=000 resclass=[ 3426065297042185, 21962097815, 155999 ] xT=false
PART_DONE part=181
