MEMBER stv 1/4 3/2 -1/2 shape=[ 1, 1, 2, 2 ] tors=[ 4, 4 ] order4=12 norm111=0 xTpass=0
  D4 above=T2 pat=000 resclass=[ -5890, -1178, 5 ] xT=false
  D4 above=T2 pat=000 resclass=[ -5890, -1178, 5 ] xT=false
  D4 above=T3 pat=000 resclass=[ -6, 5, -30 ] xT=false
  D4 above=T1 pat=000 resclass=[ 8835, -5890, -6 ] xT=false
  D4 above=T3 pat=000 resclass=[ -6, 5, -30 ] xT=false
  D4 above=T1 pat=000 resclass=[ 8835, -5890, -6 ] xT=false
  D4 above=T2 pat=000 resclass=[ -5890, -1178, 5 ] xT=false
  D4 above=T2 pat=000 resclass=[ -5890, -1178, 5 ] xT=false
  D4 above=T3 pat=000 resclass=[ -6, 5, -30 ] xT=false
  D4 above=T1 pat=000 resclass=[ 8835, -5890, -6 ] xT=false
  D4 above=T3 pat=000 resclass=[ -6, 5, -30 ] xT=false
  D4 above=T1 pat=000 resclass=[ 8835, -5890, -6 ] xT=false
MEMBER stv 1/3 3/4 -3 shape=[ 1, 1, 2, 2 ] tors=[ 4, 4 ] order4=12 norm111=0 xTpass=0
  D4 above=T2 pat=000 resclass=[ -2310, 330, -7 ] xT=false
  D4 above=T2 pat=000 resclass=[ -2310, 330, -7 ] xT=false
  D4 above=T3 pat=000 resclass=[ -185, -7, 1295 ] xT=false
  D4 above=T1 pat=000 resclass=[ 17094, -2310, -185 ] xT=false
  D4 above=T3 pat=000 resclass=[ -185, -7, 1295 ] xT=false
  D4 above=T1 pat=000 resclass=[ 17094, -2310, -185 ] xT=false
  D4 above=T2 pat=000 resclass=[ -2310, 330, -7 ] xT=false
  D4 above=T2 pat=000 resclass=[ -2310, 330, -7 ] xT=false
  D4 above=T3 pat=000 resclass=[ -185, -7, 1295 ] xT=false
  D4 above=T1 pat=000 resclass=[ 17094, -2310, -185 ] xT=false
  D4 above=T3 pat=000 resclass=[ -185, -7, 1295 ] xT=false
  D4 above=T1 pat=000 resclass=[ 17094, -2310, -185 ] xT=false
MEMBER stv 1/2 2/3 -1 shape=[ 1, 1, 2, 2 ] tors=[ 4, 4 ] order4=12 norm111=0 xTpass=0
  D4 above=T2 pat=000 resclass=[ 2445, -489, -5 ] xT=false
  D4 above=T2 pat=000 resclass=[ 2445, -489, -5 ] xT=false
  D4 above=T3 pat=000 resclass=[ -19, -5, 95 ] xT=false
  D4 above=T1 pat=000 resclass=[ -46455, 2445, -19 ] xT=false
  D4 above=T3 pat=000 resclass=[ -19, -5, 95 ] xT=false
  D4 above=T1 pat=000 resclass=[ -46455, 2445, -19 ] xT=false
  D4 above=T2 pat=000 resclass=[ 2445, -489, -5 ] xT=false
  D4 above=T2 pat=000 resclass=[ 2445, -489, -5 ] xT=false
  D4 above=T3 pat=000 resclass=[ -19, -5, 95 ] xT=false
  D4 above=T1 pat=000 resclass=[ -46455, 2445, -19 ] xT=false
  D4 above=T3 pat=000 resclass=[ -19, -5, 95 ] xT=false
  D4 above=T1 pat=000 resclass=[ -46455, 2445, -19 ] xT=false
MEMBER stv 2/3 1/2 -1/3 shape=[ 1, 1, 2, 2 ] tors=[ 4, 4 ] order4=12 norm111=0 xTpass=0
  D4 above=T2 pat=000 resclass=[ 7843, -23529, -3 ] xT=false
  D4 above=T2 pat=000 resclass=[ 7843, -23529, -3 ] xT=false
  D4 above=T1 pat=000 resclass=[ -133331, 7843, -17 ] xT=false
  D4 above=T3 pat=000 resclass=[ -17, -3, 51 ] xT=false
  D4 above=T1 pat=000 resclass=[ -133331, 7843, -17 ] xT=false
  D4 above=T3 pat=000 resclass=[ -17, -3, 51 ] xT=false
  D4 above=T2 pat=000 resclass=[ 7843, -23529, -3 ] xT=false
  D4 above=T2 pat=000 resclass=[ 7843, -23529, -3 ] xT=false
  D4 above=T1 pat=000 resclass=[ -133331, 7843, -17 ] xT=false
  D4 above=T3 pat=000 resclass=[ -17, -3, 51 ] xT=false
  D4 above=T1 pat=000 resclass=[ -133331, 7843, -17 ] xT=false
  D4 above=T3 pat=000 resclass=[ -17, -3, 51 ] xT=false
MEMBER stv 3/4 1/4 -2 shape=[ 1, 1, 2, 2 ] tors=[ 4, 4 ] order4=12 norm111=0 xTpass=0
  D4 above=T3 pat=000 resclass=[ -1, -15, 15 ] xT=false
  D4 above=T3 pat=000 resclass=[ -1, -15, 15 ] xT=false
  D4 above=T1 pat=000 resclass=[ -930, 930, -1 ] xT=false
  D4 above=T2 pat=000 resclass=[ 930, -62, -15 ] xT=false
  D4 above=T1 pat=000 resclass=[ -930, 930, -1 ] xT=false
  D4 above=T2 pat=000 resclass=[ 930, -62, -15 ] xT=false
  D4 above=T3 pat=000 resclass=[ -1, -15, 15 ] xT=false
  D4 above=T3 pat=000 resclass=[ -1, -15, 15 ] xT=false
  D4 above=T1 pat=000 resclass=[ -930, 930, -1 ] xT=false
  D4 above=T2 pat=000 resclass=[ 930, -62, -15 ] xT=false
  D4 above=T1 pat=000 resclass=[ -930, 930, -1 ] xT=false
  D4 above=T2 pat=000 resclass=[ 930, -62, -15 ] xT=false
MEMBER stv 3/4 4 -3/4 shape=[ 1, 1, 2, 2 ] tors=[ 4, 4 ] order4=12 norm111=0 xTpass=0
  D4 above=T1 pat=000 resclass=[ 17409795, -2138045, -399 ] xT=false
  D4 above=T1 pat=000 resclass=[ 17409795, -2138045, -399 ] xT=false
  D4 above=T2 pat=000 resclass=[ -2138045, -1282827, 15 ] xT=false
  D4 above=T3 pat=000 resclass=[ -399, 15, -665 ] xT=false
  D4 above=T2 pat=000 resclass=[ -2138045, -1282827, 15 ] xT=false
  D4 above=T3 pat=000 resclass=[ -399, 15, -665 ] xT=false
  D4 above=T1 pat=000 resclass=[ 17409795, -2138045, -399 ] xT=false
  D4 above=T1 pat=000 resclass=[ 17409795, -2138045, -399 ] xT=false
  D4 above=T2 pat=000 resclass=[ -2138045, -1282827, 15 ] xT=false
  D4 above=T3 pat=000 resclass=[ -399, 15, -665 ] xT=false
  D4 above=T2 pat=000 resclass=[ -2138045, -1282827, 15 ] xT=false
  D4 above=T3 pat=000 resclass=[ -399, 15, -665 ] xT=false
MEMBER stv 1 3 -1/4 shape=[ 1, 1, 2, 2 ] tors=[ 4, 4 ] order4=12 norm111=0 xTpass=0
  D4 above=T1 pat=000 resclass=[ 14, -2, -7 ] xT=false
  D4 above=T1 pat=000 resclass=[ 14, -2, -7 ] xT=false
  D4 above=T3 pat=000 resclass=[ -7, 2, -14 ] xT=false
  D4 above=T2 pat=000 resclass=[ -2, -1, 2 ] xT=false
  D4 above=T3 pat=000 resclass=[ -7, 2, -14 ] xT=false
  D4 above=T2 pat=000 resclass=[ -2, -1, 2 ] xT=false
  D4 above=T1 pat=000 resclass=[ 14, -2, -7 ] xT=false
  D4 above=T1 pat=000 resclass=[ 14, -2, -7 ] xT=false
  D4 above=T3 pat=000 resclass=[ -7, 2, -14 ] xT=false
  D4 above=T2 pat=000 resclass=[ -2, -1, 2 ] xT=false
  D4 above=T3 pat=000 resclass=[ -7, 2, -14 ] xT=false
  D4 above=T2 pat=000 resclass=[ -2, -1, 2 ] xT=false
MEMBER stv 4/3 3/2 -3/2 shape=[ 1, 1, 2, 2 ] tors=[ 4, 4 ] order4=12 norm111=0 xTpass=0
  D4 above=T1 pat=000 resclass=[ 465, 15, 31 ] xT=false
  D4 above=T1 pat=000 resclass=[ 465, 15, 31 ] xT=false
  D4 above=T2 pat=000 resclass=[ 15, 3, 5 ] xT=false
  D4 above=T3 pat=000 resclass=[ 31, 5, 155 ] xT=false
  D4 above=T2 pat=000 resclass=[ 15, 3, 5 ] xT=false
  D4 above=T3 pat=000 resclass=[ 31, 5, 155 ] xT=false
  D4 above=T1 pat=000 resclass=[ 465, 15, 31 ] xT=false
  D4 above=T1 pat=000 resclass=[ 465, 15, 31 ] xT=false
  D4 above=T2 pat=000 resclass=[ 15, 3, 5 ] xT=false
  D4 above=T3 pat=000 resclass=[ 31, 5, 155 ] xT=false
  D4 above=T2 pat=000 resclass=[ 15, 3, 5 ] xT=false
  D4 above=T3 pat=000 resclass=[ 31, 5, 155 ] xT=false
MEMBER stv 3/2 4/3 -2/3 shape=[ 1, 1, 2, 2 ] tors=[ 4, 4 ] order4=12 norm111=0 xTpass=0
  D4 above=T1 pat=000 resclass=[ 910, 2870, 533 ] xT=false
  D4 above=T1 pat=000 resclass=[ 910, 2870, 533 ] xT=false
  D4 above=T2 pat=000 resclass=[ 2870, 410, 7 ] xT=false
  D4 above=T3 pat=000 resclass=[ 533, 7, 3731 ] xT=false
  D4 above=T2 pat=000 resclass=[ 2870, 410, 7 ] xT=false
  D4 above=T3 pat=000 resclass=[ 533, 7, 3731 ] xT=false
  D4 above=T1 pat=000 resclass=[ 910, 2870, 533 ] xT=false
  D4 above=T1 pat=000 resclass=[ 910, 2870, 533 ] xT=false
  D4 above=T2 pat=000 resclass=[ 2870, 410, 7 ] xT=false
  D4 above=T3 pat=000 resclass=[ 533, 7, 3731 ] xT=false
  D4 above=T2 pat=000 resclass=[ 2870, 410, 7 ] xT=false
  D4 above=T3 pat=000 resclass=[ 533, 7, 3731 ] xT=false
MEMBER stv 2 2/3 -4 shape=[ 1, 1, 2, 2 ] tors=[ 4, 4 ] order4=12 norm111=0 xTpass=0
  D4 above=T2 pat=000 resclass=[ 3885, -777, -5 ] xT=false
  D4 above=T2 pat=000 resclass=[ 3885, -777, -5 ] xT=false
  D4 above=T1 pat=000 resclass=[ 1161615, 3885, 299 ] xT=false
  D4 above=T3 pat=000 resclass=[ 299, -5, -1495 ] xT=false
  D4 above=T1 pat=000 resclass=[ 1161615, 3885, 299 ] xT=false
  D4 above=T3 pat=000 resclass=[ 299, -5, -1495 ] xT=false
  D4 above=T2 pat=000 resclass=[ 3885, -777, -5 ] xT=false
  D4 above=T2 pat=000 resclass=[ 3885, -777, -5 ] xT=false
  D4 above=T1 pat=000 resclass=[ 1161615, 3885, 299 ] xT=false
  D4 above=T3 pat=000 resclass=[ 299, -5, -1495 ] xT=false
  D4 above=T1 pat=000 resclass=[ 1161615, 3885, 299 ] xT=false
  D4 above=T3 pat=000 resclass=[ 299, -5, -1495 ] xT=false
MEMBER stv 3 1/2 -4/3 shape=[ 1, 1, 1, 1, 2 ] tors=[ 2, 4, 4 ] order4=24 norm111=0 xTpass=0
  D4 above=T3 pat=000 resclass=[ 15, 3, 5 ] xT=false
  D4 above=T3 pat=000 resclass=[ 15, -3, -5 ] xT=false
  D4 above=T3 pat=000 resclass=[ 15, 3, 5 ] xT=false
  D4 above=T3 pat=000 resclass=[ 15, -3, -5 ] xT=false
  D4 above=T2 pat=000 resclass=[ 55, -165, -3 ] xT=false
  D4 above=T2 pat=000 resclass=[ 55, 165, 3 ] xT=false
  D4 above=T1 pat=000 resclass=[ 33, -55, -15 ] xT=false
  D4 above=T1 pat=000 resclass=[ 33, 55, 15 ] xT=false
  D4 above=T2 pat=000 resclass=[ 55, -165, -3 ] xT=false
  D4 above=T2 pat=000 resclass=[ 55, 165, 3 ] xT=false
  D4 above=T1 pat=000 resclass=[ 33, -55, -15 ] xT=false
  D4 above=T1 pat=000 resclass=[ 33, 55, 15 ] xT=false
  D4 above=T3 pat=000 resclass=[ 15, 3, 5 ] xT=false
  D4 above=T3 pat=000 resclass=[ 15, -3, -5 ] xT=false
  D4 above=T3 pat=000 resclass=[ 15, 3, 5 ] xT=false
  D4 above=T3 pat=000 resclass=[ 15, -3, -5 ] xT=false
  D4 above=T2 pat=000 resclass=[ 55, -165, -3 ] xT=false
  D4 above=T2 pat=000 resclass=[ 55, 165, 3 ] xT=false
  D4 above=T1 pat=000 resclass=[ 33, -55, -15 ] xT=false
  D4 above=T1 pat=000 resclass=[ 33, 55, 15 ] xT=false
  D4 above=T2 pat=000 resclass=[ 55, -165, -3 ] xT=false
  D4 above=T2 pat=000 resclass=[ 55, 165, 3 ] xT=false
  D4 above=T1 pat=000 resclass=[ 33, -55, -15 ] xT=false
  D4 above=T1 pat=000 resclass=[ 33, 55, 15 ] xT=false
MEMBER stv 4 1/3 -1/2 shape=[ 1, 1, 2, 2 ] tors=[ 4, 4 ] order4=12 norm111=0 xTpass=0
  D4 above=T3 pat=000 resclass=[ 77, -2, -154 ] xT=false
  D4 above=T3 pat=000 resclass=[ 77, -2, -154 ] xT=false
  D4 above=T2 pat=000 resclass=[ 3997, -7994, -2 ] xT=false
  D4 above=T1 pat=000 resclass=[ 6281, 3997, 77 ] xT=false
  D4 above=T2 pat=000 resclass=[ 3997, -7994, -2 ] xT=false
  D4 above=T1 pat=000 resclass=[ 6281, 3997, 77 ] xT=false
  D4 above=T3 pat=000 resclass=[ 77, -2, -154 ] xT=false
  D4 above=T3 pat=000 resclass=[ 77, -2, -154 ] xT=false
  D4 above=T2 pat=000 resclass=[ 3997, -7994, -2 ] xT=false
  D4 above=T1 pat=000 resclass=[ 6281, 3997, 77 ] xT=false
  D4 above=T2 pat=000 resclass=[ 3997, -7994, -2 ] xT=false
  D4 above=T1 pat=000 resclass=[ 6281, 3997, 77 ] xT=false
MEMBER stv 4 4 -3 shape=[ 1, 1, 2, 2 ] tors=[ 4, 4 ] order4=12 norm111=0 xTpass=0
  D4 above=T1 pat=000 resclass=[ -33054395, 158155, -209 ] xT=false
  D4 above=T1 pat=000 resclass=[ -33054395, 158155, -209 ] xT=false
  D4 above=T3 pat=000 resclass=[ -209, 15, -3135 ] xT=false
  D4 above=T2 pat=000 resclass=[ 158155, 94893, 15 ] xT=false
  D4 above=T3 pat=000 resclass=[ -209, 15, -3135 ] xT=false
  D4 above=T2 pat=000 resclass=[ 158155, 94893, 15 ] xT=false
  D4 above=T1 pat=000 resclass=[ -33054395, 158155, -209 ] xT=false
  D4 above=T1 pat=000 resclass=[ -33054395, 158155, -209 ] xT=false
  D4 above=T3 pat=000 resclass=[ -209, 15, -3135 ] xT=false
  D4 above=T2 pat=000 resclass=[ 158155, 94893, 15 ] xT=false
  D4 above=T3 pat=000 resclass=[ -209, 15, -3135 ] xT=false
  D4 above=T2 pat=000 resclass=[ 158155, 94893, 15 ] xT=false
MEMBER stv 8 13/2 1 shape=[ 1, 1, 2, 2 ] tors=[ 4, 4 ] order4=12 norm111=0 xTpass=0
  D4 above=T2 pat=000 resclass=[ -68145, -413, 165 ] xT=false
  D4 above=T2 pat=000 resclass=[ -68145, -413, 165 ] xT=false
  D4 above=T1 pat=000 resclass=[ 36438105, -68145, -26201 ] xT=false
  D4 above=T3 pat=000 resclass=[ -26201, 165, -4323165 ] xT=false
  D4 above=T1 pat=000 resclass=[ 36438105, -68145, -26201 ] xT=false
  D4 above=T3 pat=000 resclass=[ -26201, 165, -4323165 ] xT=false
  D4 above=T2 pat=000 resclass=[ -68145, -413, 165 ] xT=false
  D4 above=T2 pat=000 resclass=[ -68145, -413, 165 ] xT=false
  D4 above=T1 pat=000 resclass=[ 36438105, -68145, -26201 ] xT=false
  D4 above=T3 pat=000 resclass=[ -26201, 165, -4323165 ] xT=false
  D4 above=T1 pat=000 resclass=[ 36438105, -68145, -26201 ] xT=false
  D4 above=T3 pat=000 resclass=[ -26201, 165, -4323165 ] xT=false
MEMBER stv 2/7 15/11 18/17 shape=[ 1, 1, 2, 2 ] tors=[ 4, 4 ] order4=12 norm111=0 xTpass=0
  D4 above=T3 pat=000 resclass=[ -1455, 26, -37830 ] xT=false
  D4 above=T3 pat=000 resclass=[ -1455, 26, -37830 ] xT=false
  D4 above=T1 pat=000 resclass=[ 86006559910245, -59111037739, -1455 ] xT=false
  D4 above=T2 pat=000 resclass=[ -59111037739, -9094005806, 26 ] xT=false
  D4 above=T1 pat=000 resclass=[ 86006559910245, -59111037739, -1455 ] xT=false
  D4 above=T2 pat=000 resclass=[ -59111037739, -9094005806, 26 ] xT=false
  D4 above=T3 pat=000 resclass=[ -1455, 26, -37830 ] xT=false
  D4 above=T3 pat=000 resclass=[ -1455, 26, -37830 ] xT=false
  D4 above=T1 pat=000 resclass=[ 86006559910245, -59111037739, -1455 ] xT=false
  D4 above=T2 pat=000 resclass=[ -59111037739, -9094005806, 26 ] xT=false
  D4 above=T1 pat=000 resclass=[ 86006559910245, -59111037739, -1455 ] xT=false
  D4 above=T2 pat=000 resclass=[ -59111037739, -9094005806, 26 ] xT=false
MEMBER stv 12/13 5/13 12/11 shape=[ 1, 1, 2, 2 ] tors=[ 4, 4 ] order4=12 norm111=0 xTpass=0
  D4 above=T3 pat=100 resclass=[ 1, -1, -1 ] xT=false
  D4 above=T3 pat=100 resclass=[ 1, -1, -1 ] xT=false
  D4 above=T2 pat=000 resclass=[ -76870482513, 76870482513, -1 ] xT=false
  D4 above=T1 pat=001 resclass=[ -76870482513, -76870482513, 1 ] xT=false
  D4 above=T2 pat=000 resclass=[ -76870482513, 76870482513, -1 ] xT=false
  D4 above=T1 pat=001 resclass=[ -76870482513, -76870482513, 1 ] xT=false
  D4 above=T3 pat=100 resclass=[ 1, -1, -1 ] xT=false
  D4 above=T3 pat=100 resclass=[ 1, -1, -1 ] xT=false
  D4 above=T2 pat=000 resclass=[ -76870482513, 76870482513, -1 ] xT=false
  D4 above=T1 pat=001 resclass=[ -76870482513, -76870482513, 1 ] xT=false
  D4 above=T2 pat=000 resclass=[ -76870482513, 76870482513, -1 ] xT=false
  D4 above=T1 pat=001 resclass=[ -76870482513, -76870482513, 1 ] xT=false
PART_DONE part=182
