MEMBER stv 1/4 3/2 2/3 shape=[ 1, 1, 2, 2 ] tors=[ 4, 4 ] order4=12 norm111=0 xTpass=0
  D4 above=T3 pat=000 resclass=[ -6, 5, -30 ] xT=false
  D4 above=T3 pat=000 resclass=[ -6, 5, -30 ] xT=false
  D4 above=T1 pat=100 resclass=[ 1, -6, -6 ] xT=false
  D4 above=T2 pat=000 resclass=[ -6, -30, 5 ] xT=false
  D4 above=T1 pat=100 resclass=[ 1, -6, -6 ] xT=false
  D4 above=T2 pat=000 resclass=[ -6, -30, 5 ] xT=false
  D4 above=T3 pat=000 resclass=[ -6, 5, -30 ] xT=false
  D4 above=T3 pat=000 resclass=[ -6, 5, -30 ] xT=false
  D4 above=T1 pat=100 resclass=[ 1, -6, -6 ] xT=false
  D4 above=T2 pat=000 resclass=[ -6, -30, 5 ] xT=false
  D4 above=T1 pat=100 resclass=[ 1, -6, -6 ] xT=false
  D4 above=T2 pat=000 resclass=[ -6, -30, 5 ] xT=false
MEMBER stv 1/3 3/4 4 shape=[ 1, 1, 2, 2 ] tors=[ 4, 4 ] order4=12 norm111=0 xTpass=0
  D4 above=T2 pat=000 resclass=[ -127309, 18187, -7 ] xT=false
  D4 above=T2 pat=000 resclass=[ -127309, 18187, -7 ] xT=false
  D4 above=T3 pat=000 resclass=[ -185, -7, 1295 ] xT=false
  D4 above=T1 pat=000 resclass=[ 23552165, -127309, -185 ] xT=false
  D4 above=T3 pat=000 resclass=[ -185, -7, 1295 ] xT=false
  D4 above=T1 pat=000 resclass=[ 23552165, -127309, -185 ] xT=false
  D4 above=T2 pat=000 resclass=[ -127309, 18187, -7 ] xT=false
  D4 above=T2 pat=000 resclass=[ -127309, 18187, -7 ] xT=false
  D4 above=T3 pat=000 resclass=[ -185, -7, 1295 ] xT=false
  D4 above=T1 pat=000 resclass=[ 23552165, -127309, -185 ] xT=false
  D4 above=T3 pat=000 resclass=[ -185, -7, 1295 ] xT=false
  D4 above=T1 pat=000 resclass=[ 23552165, -127309, -185 ] xT=false
MEMBER stv 1/2 2/3 4/3 shape=[ 1, 1, 2, 2 ] tors=[ 4, 4 ] order4=12 norm111=0 xTpass=0
  D4 above=T2 pat=000 resclass=[ -1515, 303, -5 ] xT=false
  D4 above=T2 pat=000 resclass=[ -1515, 303, -5 ] xT=false
  D4 above=T1 pat=000 resclass=[ 28785, -1515, -19 ] xT=false
  D4 above=T3 pat=000 resclass=[ -19, -5, 95 ] xT=false
  D4 above=T1 pat=000 resclass=[ 28785, -1515, -19 ] xT=false
  D4 above=T3 pat=000 resclass=[ -19, -5, 95 ] xT=false
  D4 above=T2 pat=000 resclass=[ -1515, 303, -5 ] xT=false
  D4 above=T2 pat=000 resclass=[ -1515, 303, -5 ] xT=false
  D4 above=T1 pat=000 resclass=[ 28785, -1515, -19 ] xT=false
  D4 above=T3 pat=000 resclass=[ -19, -5, 95 ] xT=false
  D4 above=T1 pat=000 resclass=[ 28785, -1515, -19 ] xT=false
  D4 above=T3 pat=000 resclass=[ -19, -5, 95 ] xT=false
MEMBER stv 2/3 1/2 1/2 shape=[ 1, 1, 2, 2 ] tors=[ 4, 4 ] order4=12 norm111=0 xTpass=0
  D4 above=T1 pat=000 resclass=[ 212619, -12507, -17 ] xT=false
  D4 above=T1 pat=000 resclass=[ 212619, -12507, -17 ] xT=false
  D4 above=T3 pat=000 resclass=[ -17, -3, 51 ] xT=false
  D4 above=T2 pat=000 resclass=[ -12507, 4169, -3 ] xT=false
  D4 above=T3 pat=000 resclass=[ -17, -3, 51 ] xT=false
  D4 above=T2 pat=000 resclass=[ -12507, 4169, -3 ] xT=false
  D4 above=T1 pat=000 resclass=[ 212619, -12507, -17 ] xT=false
  D4 above=T1 pat=000 resclass=[ 212619, -12507, -17 ] xT=false
  D4 above=T3 pat=000 resclass=[ -17, -3, 51 ] xT=false
  D4 above=T2 pat=000 resclass=[ -12507, 4169, -3 ] xT=false
  D4 above=T3 pat=000 resclass=[ -17, -3, 51 ] xT=false
  D4 above=T2 pat=000 resclass=[ -12507, 4169, -3 ] xT=false
MEMBER stv 3/4 1/4 3 shape=[ 1, 1, 2, 2 ] tors=[ 4, 4 ] order4=12 norm111=0 xTpass=0
  D4 above=T3 pat=000 resclass=[ -1, -15, 15 ] xT=false
  D4 above=T3 pat=000 resclass=[ -1, -15, 15 ] xT=false
  D4 above=T2 pat=000 resclass=[ -157595, 94557, -15 ] xT=false
  D4 above=T1 pat=000 resclass=[ 157595, -157595, -1 ] xT=false
  D4 above=T2 pat=000 resclass=[ -157595, 94557, -15 ] xT=false
  D4 above=T1 pat=000 resclass=[ 157595, -157595, -1 ] xT=false
  D4 above=T3 pat=000 resclass=[ -1, -15, 15 ] xT=false
  D4 above=T3 pat=000 resclass=[ -1, -15, 15 ] xT=false
  D4 above=T2 pat=000 resclass=[ -157595, 94557, -15 ] xT=false
  D4 above=T1 pat=000 resclass=[ 157595, -157595, -1 ] xT=false
  D4 above=T2 pat=000 resclass=[ -157595, 94557, -15 ] xT=false
  D4 above=T1 pat=000 resclass=[ 157595, -157595, -1 ] xT=false
MEMBER stv 3/4 4 1 shape=[ 1, 1, 2, 2 ] tors=[ 4, 4 ] order4=12 norm111=0 xTpass=0
  D4 above=T1 pat=000 resclass=[ 2071, -2289, -399 ] xT=false
  D4 above=T1 pat=000 resclass=[ 2071, -2289, -399 ] xT=false
  D4 above=T3 pat=000 resclass=[ -399, 15, -665 ] xT=false
  D4 above=T2 pat=000 resclass=[ -2289, -3815, 15 ] xT=false
  D4 above=T3 pat=000 resclass=[ -399, 15, -665 ] xT=false
  D4 above=T2 pat=000 resclass=[ -2289, -3815, 15 ] xT=false
  D4 above=T1 pat=000 resclass=[ 2071, -2289, -399 ] xT=false
  D4 above=T1 pat=000 resclass=[ 2071, -2289, -399 ] xT=false
  D4 above=T3 pat=000 resclass=[ -399, 15, -665 ] xT=false
  D4 above=T2 pat=000 resclass=[ -2289, -3815, 15 ] xT=false
  D4 above=T3 pat=000 resclass=[ -399, 15, -665 ] xT=false
  D4 above=T2 pat=000 resclass=[ -2289, -3815, 15 ] xT=false
MEMBER stv 1 3 1/3 shape=[ 1, 1, 2, 2 ] tors=[ 4, 4 ] order4=12 norm111=0 xTpass=0
  D4 above=T2 pat=000 resclass=[ -102, -51, 2 ] xT=false
  D4 above=T2 pat=000 resclass=[ -102, -51, 2 ] xT=false
  D4 above=T3 pat=000 resclass=[ -7, 2, -14 ] xT=false
  D4 above=T1 pat=000 resclass=[ 714, -102, -7 ] xT=false
  D4 above=T3 pat=000 resclass=[ -7, 2, -14 ] xT=false
  D4 above=T1 pat=000 resclass=[ 714, -102, -7 ] xT=false
  D4 above=T2 pat=000 resclass=[ -102, -51, 2 ] xT=false
  D4 above=T2 pat=000 resclass=[ -102, -51, 2 ] xT=false
  D4 above=T3 pat=000 resclass=[ -7, 2, -14 ] xT=false
  D4 above=T1 pat=000 resclass=[ 714, -102, -7 ] xT=false
  D4 above=T3 pat=000 resclass=[ -7, 2, -14 ] xT=false
  D4 above=T1 pat=000 resclass=[ 714, -102, -7 ] xT=false
MEMBER stv 4/3 3/2 2 shape=[ 1, 1, 2, 2 ] tors=[ 4, 4 ] order4=12 norm111=0 xTpass=0
  D4 above=T2 pat=000 resclass=[ -15785, -3157, 5 ] xT=false
  D4 above=T2 pat=000 resclass=[ -15785, -3157, 5 ] xT=false
  D4 above=T1 pat=000 resclass=[ -489335, -15785, 31 ] xT=false
  D4 above=T3 pat=000 resclass=[ 31, 5, 155 ] xT=false
  D4 above=T1 pat=000 resclass=[ -489335, -15785, 31 ] xT=false
  D4 above=T3 pat=000 resclass=[ 31, 5, 155 ] xT=false
  D4 above=T2 pat=000 resclass=[ -15785, -3157, 5 ] xT=false
  D4 above=T2 pat=000 resclass=[ -15785, -3157, 5 ] xT=false
  D4 above=T1 pat=000 resclass=[ -489335, -15785, 31 ] xT=false
  D4 above=T3 pat=000 resclass=[ 31, 5, 155 ] xT=false
  D4 above=T1 pat=000 resclass=[ -489335, -15785, 31 ] xT=false
  D4 above=T3 pat=000 resclass=[ 31, 5, 155 ] xT=false
MEMBER stv 3/2 4/3 3/4 shape=[ 1, 1, 2, 2 ] tors=[ 4, 4 ] order4=12 norm111=0 xTpass=0
  D4 above=T1 pat=000 resclass=[ 114388729, 214613, 533 ] xT=false
  D4 above=T1 pat=000 resclass=[ 114388729, 214613, 533 ] xT=false
  D4 above=T2 pat=000 resclass=[ 214613, 30659, 7 ] xT=false
  D4 above=T3 pat=000 resclass=[ 533, 7, 3731 ] xT=false
  D4 above=T2 pat=000 resclass=[ 214613, 30659, 7 ] xT=false
  D4 above=T3 pat=000 resclass=[ 533, 7, 3731 ] xT=false
  D4 above=T1 pat=000 resclass=[ 114388729, 214613, 533 ] xT=false
  D4 above=T1 pat=000 resclass=[ 114388729, 214613, 533 ] xT=false
  D4 above=T2 pat=000 resclass=[ 214613, 30659, 7 ] xT=false
  D4 above=T3 pat=000 resclass=[ 533, 7, 3731 ] xT=false
  D4 above=T2 pat=000 resclass=[ 214613, 30659, 7 ] xT=false
  D4 above=T3 pat=000 resclass=[ 533, 7, 3731 ] xT=false
MEMBER stv 2 3/4 1/4 shape=[ 1, 1, 2, 2 ] tors=[ 4, 4 ] order4=12 norm111=0 xTpass=0
  D4 above=T1 pat=000 resclass=[ -1152606, -29554, 39 ] xT=false
  D4 above=T1 pat=000 resclass=[ -1152606, -29554, 39 ] xT=false
  D4 above=T3 pat=000 resclass=[ 39, -7, -273 ] xT=false
  D4 above=T2 pat=000 resclass=[ -29554, 4222, -7 ] xT=false
  D4 above=T3 pat=000 resclass=[ 39, -7, -273 ] xT=false
  D4 above=T2 pat=000 resclass=[ -29554, 4222, -7 ] xT=false
  D4 above=T1 pat=000 resclass=[ -1152606, -29554, 39 ] xT=false
  D4 above=T1 pat=000 resclass=[ -1152606, -29554, 39 ] xT=false
  D4 above=T3 pat=000 resclass=[ 39, -7, -273 ] xT=false
  D4 above=T2 pat=000 resclass=[ -29554, 4222, -7 ] xT=false
  D4 above=T3 pat=000 resclass=[ 39, -7, -273 ] xT=false
  D4 above=T2 pat=000 resclass=[ -29554, 4222, -7 ] xT=false
MEMBER stv 3 1/2 3/2 shape=[ 1, 1, 1, 1, 2 ] tors=[ 2, 4, 4 ] order4=24 norm111=0 xTpass=0
  D4 above=T2 pat=000 resclass=[ -27434, 82302, -3 ] xT=false
  D4 above=T2 pat=000 resclass=[ -27434, -82302, 3 ] xT=false
  D4 above=T2 pat=000 resclass=[ -27434, 82302, -3 ] xT=false
  D4 above=T2 pat=000 resclass=[ -27434, -82302, 3 ] xT=false
  D4 above=T3 pat=000 resclass=[ 15, -3, -5 ] xT=false
  D4 above=T3 pat=000 resclass=[ 15, 3, 5 ] xT=false
  D4 above=T1 pat=000 resclass=[ -411510, -27434, 15 ] xT=false
  D4 above=T1 pat=000 resclass=[ -411510, 27434, -15 ] xT=false
  D4 above=T3 pat=000 resclass=[ 15, -3, -5 ] xT=false
  D4 above=T3 pat=000 resclass=[ 15, 3, 5 ] xT=false
  D4 above=T1 pat=000 resclass=[ -411510, -27434, 15 ] xT=false
  D4 above=T1 pat=000 resclass=[ -411510, 27434, -15 ] xT=false
  D4 above=T2 pat=000 resclass=[ -27434, 82302, -3 ] xT=false
  D4 above=T2 pat=000 resclass=[ -27434, -82302, 3 ] xT=false
  D4 above=T2 pat=000 resclass=[ -27434, 82302, -3 ] xT=false
  D4 above=T2 pat=000 resclass=[ -27434, -82302, 3 ] xT=false
  D4 above=T3 pat=000 resclass=[ 15, -3, -5 ] xT=false
  D4 above=T3 pat=000 resclass=[ 15, 3, 5 ] xT=false
  D4 above=T1 pat=000 resclass=[ -411510, -27434, 15 ] xT=false
  D4 above=T1 pat=000 resclass=[ -411510, 27434, -15 ] xT=false
  D4 above=T3 pat=000 resclass=[ 15, -3, -5 ] xT=false
  D4 above=T3 pat=000 resclass=[ 15, 3, 5 ] xT=false
  D4 above=T1 pat=000 resclass=[ -411510, -27434, 15 ] xT=false
  D4 above=T1 pat=000 resclass=[ -411510, 27434, -15 ] xT=false
MEMBER stv 4 1/3 2/3 shape=[ 1, 1, 2, 2 ] tors=[ 4, 4 ] order4=12 norm111=0 xTpass=0
  D4 above=T2 pat=000 resclass=[ -299355, 598710, -2 ] xT=false
  D4 above=T2 pat=000 resclass=[ -299355, 598710, -2 ] xT=false
  D4 above=T1 pat=000 resclass=[ -470415, -299355, 77 ] xT=false
  D4 above=T3 pat=000 resclass=[ 77, -2, -154 ] xT=false
  D4 above=T1 pat=000 resclass=[ -470415, -299355, 77 ] xT=false
  D4 above=T3 pat=000 resclass=[ 77, -2, -154 ] xT=false
  D4 above=T2 pat=000 resclass=[ -299355, 598710, -2 ] xT=false
  D4 above=T2 pat=000 resclass=[ -299355, 598710, -2 ] xT=false
  D4 above=T1 pat=000 resclass=[ -470415, -299355, 77 ] xT=false
  D4 above=T3 pat=000 resclass=[ 77, -2, -154 ] xT=false
  D4 above=T1 pat=000 resclass=[ -470415, -299355, 77 ] xT=false
  D4 above=T3 pat=000 resclass=[ 77, -2, -154 ] xT=false
MEMBER stv 4 4 4 shape=[ 1, 1, 2, 2 ] tors=[ 4, 4 ] order4=12 norm111=0 xTpass=0
  D4 above=T2 pat=000 resclass=[ -34905, -2327, 15 ] xT=false
  D4 above=T2 pat=000 resclass=[ -34905, -2327, 15 ] xT=false
  D4 above=T1 pat=000 resclass=[ 7295145, -34905, -209 ] xT=false
  D4 above=T3 pat=000 resclass=[ -209, 15, -3135 ] xT=false
  D4 above=T1 pat=000 resclass=[ 7295145, -34905, -209 ] xT=false
  D4 above=T3 pat=000 resclass=[ -209, 15, -3135 ] xT=false
  D4 above=T2 pat=000 resclass=[ -34905, -2327, 15 ] xT=false
  D4 above=T2 pat=000 resclass=[ -34905, -2327, 15 ] xT=false
  D4 above=T1 pat=000 resclass=[ 7295145, -34905, -209 ] xT=false
  D4 above=T3 pat=000 resclass=[ -209, 15, -3135 ] xT=false
  D4 above=T1 pat=000 resclass=[ 7295145, -34905, -209 ] xT=false
  D4 above=T3 pat=000 resclass=[ -209, 15, -3135 ] xT=false
MEMBER stv 5/17 1/6 -12/13 shape=[ 1, 1, 2, 2 ] tors=[ 4, 4 ] order4=12 norm111=0 xTpass=0
  D4 above=T3 pat=000 resclass=[ -12865, -35, 18011 ] xT=false
  D4 above=T3 pat=000 resclass=[ -12865, -35, 18011 ] xT=false
  D4 above=T2 pat=000 resclass=[ 571354482335, -16324413781, -35 ] xT=false
  D4 above=T1 pat=000 resclass=[ -294019016609591, 571354482335, -12865 ] xT=false
  D4 above=T2 pat=000 resclass=[ 571354482335, -16324413781, -35 ] xT=false
  D4 above=T1 pat=000 resclass=[ -294019016609591, 571354482335, -12865 ] xT=false
  D4 above=T3 pat=000 resclass=[ -12865, -35, 18011 ] xT=false
  D4 above=T3 pat=000 resclass=[ -12865, -35, 18011 ] xT=false
  D4 above=T2 pat=000 resclass=[ 571354482335, -16324413781, -35 ] xT=false
  D4 above=T1 pat=000 resclass=[ -294019016609591, 571354482335, -12865 ] xT=false
  D4 above=T2 pat=000 resclass=[ 571354482335, -16324413781, -35 ] xT=false
  D4 above=T1 pat=000 resclass=[ -294019016609591, 571354482335, -12865 ] xT=false
MEMBER stv 16/17 9/17 -1 shape=[ 1, 1, 2, 2 ] tors=[ 4, 4 ] order4=12 norm111=0 xTpass=0
  D4 above=T1 pat=000 resclass=[ -10454730, -348491, 30 ] xT=false
  D4 above=T1 pat=000 resclass=[ -10454730, -348491, 30 ] xT=false
  D4 above=T3 pat=000 resclass=[ 30, -13, -390 ] xT=false
  D4 above=T2 pat=000 resclass=[ -348491, 26807, -13 ] xT=false
  D4 above=T3 pat=000 resclass=[ 30, -13, -390 ] xT=false
  D4 above=T2 pat=000 resclass=[ -348491, 26807, -13 ] xT=false
  D4 above=T1 pat=000 resclass=[ -10454730, -348491, 30 ] xT=false
  D4 above=T1 pat=000 resclass=[ -10454730, -348491, 30 ] xT=false
  D4 above=T3 pat=000 resclass=[ 30, -13, -390 ] xT=false
  D4 above=T2 pat=000 resclass=[ -348491, 26807, -13 ] xT=false
  D4 above=T3 pat=000 resclass=[ 30, -13, -390 ] xT=false
  D4 above=T2 pat=000 resclass=[ -348491, 26807, -13 ] xT=false
MEMBER stv 9/2 4/3 -15/4 shape=[ 1, 1, 2, 2 ] tors=[ 4, 4 ] order4=12 norm111=0 xTpass=0
  D4 above=T3 pat=000 resclass=[ 6365, 7, 44555 ] xT=false
  D4 above=T3 pat=000 resclass=[ 6365, 7, 44555 ] xT=false
  D4 above=T1 pat=000 resclass=[ -321949680437, -1264531345, 6365 ] xT=false
  D4 above=T2 pat=000 resclass=[ -1264531345, -180647335, 7 ] xT=false
  D4 above=T1 pat=000 resclass=[ -321949680437, -1264531345, 6365 ] xT=false
  D4 above=T2 pat=000 resclass=[ -1264531345, -180647335, 7 ] xT=false
  D4 above=T3 pat=000 resclass=[ 6365, 7, 44555 ] xT=false
  D4 above=T3 pat=000 resclass=[ 6365, 7, 44555 ] xT=false
  D4 above=T1 pat=000 resclass=[ -321949680437, -1264531345, 6365 ] xT=false
  D4 above=T2 pat=000 resclass=[ -1264531345, -180647335, 7 ] xT=false
  D4 above=T1 pat=000 resclass=[ -321949680437, -1264531345, 6365 ] xT=false
  D4 above=T2 pat=000 resclass=[ -1264531345, -180647335, 7 ] xT=false
PART_DONE part=183
