MEMBER stv 1/4 3/2 -2/3 shape=[ 1, 1, 2, 2 ] tors=[ 4, 4 ] order4=12 norm111=0 xTpass=0
  D4 above=T1 pat=000 resclass=[ 1955, -11730, -6 ] xT=false
  D4 above=T1 pat=000 resclass=[ 1955, -11730, -6 ] xT=false
  D4 above=T3 pat=000 resclass=[ -6, 5, -30 ] xT=false
  D4 above=T2 pat=000 resclass=[ -11730, -2346, 5 ] xT=false
  D4 above=T3 pat=000 resclass=[ -6, 5, -30 ] xT=false
  D4 above=T2 pat=000 resclass=[ -11730, -2346, 5 ] xT=false
  D4 above=T1 pat=000 resclass=[ 1955, -11730, -6 ] xT=false
  D4 above=T1 pat=000 resclass=[ 1955, -11730, -6 ] xT=false
  D4 above=T3 pat=000 resclass=[ -6, 5, -30 ] xT=false
  D4 above=T2 pat=000 resclass=[ -11730, -2346, 5 ] xT=false
  D4 above=T3 pat=000 resclass=[ -6, 5, -30 ] xT=false
  D4 above=T2 pat=000 resclass=[ -11730, -2346, 5 ] xT=false
MEMBER stv 1/3 3/4 -4 shape=[ 1, 1, 2, 2 ] tors=[ 4, 4 ] order4=12 norm111=0 xTpass=0
  D4 above=T3 pat=000 resclass=[ -185, -7, 1295 ] xT=false
  D4 above=T3 pat=000 resclass=[ -185, -7, 1295 ] xT=false
  D4 above=T2 pat=000 resclass=[ -8645, 1235, -7 ] xT=false
  D4 above=T1 pat=000 resclass=[ 63973, -8645, -185 ] xT=false
  D4 above=T2 pat=000 resclass=[ -8645, 1235, -7 ] xT=false
  D4 above=T1 pat=000 resclass=[ 63973, -8645, -185 ] xT=false
  D4 above=T3 pat=000 resclass=[ -185, -7, 1295 ] xT=false
  D4 above=T3 pat=000 resclass=[ -185, -7, 1295 ] xT=false
  D4 above=T2 pat=000 resclass=[ -8645, 1235, -7 ] xT=false
  D4 above=T1 pat=000 resclass=[ 63973, -8645, -185 ] xT=false
  D4 above=T2 pat=000 resclass=[ -8645, 1235, -7 ] xT=false
  D4 above=T1 pat=000 resclass=[ 63973, -8645, -185 ] xT=false
MEMBER stv 1/2 2/3 -4/3 shape=[ 1, 1, 2, 2 ] tors=[ 4, 4 ] order4=12 norm111=0 xTpass=0
  D4 above=T1 pat=000 resclass=[ -11685, 615, -19 ] xT=false
  D4 above=T1 pat=000 resclass=[ -11685, 615, -19 ] xT=false
  D4 above=T2 pat=000 resclass=[ 615, -123, -5 ] xT=false
  D4 above=T3 pat=000 resclass=[ -19, -5, 95 ] xT=false
  D4 above=T2 pat=000 resclass=[ 615, -123, -5 ] xT=false
  D4 above=T3 pat=000 resclass=[ -19, -5, 95 ] xT=false
  D4 above=T1 pat=000 resclass=[ -11685, 615, -19 ] xT=false
  D4 above=T1 pat=000 resclass=[ -11685, 615, -19 ] xT=false
  D4 above=T2 pat=000 resclass=[ 615, -123, -5 ] xT=false
  D4 above=T3 pat=000 resclass=[ -19, -5, 95 ] xT=false
  D4 above=T2 pat=000 resclass=[ 615, -123, -5 ] xT=false
  D4 above=T3 pat=000 resclass=[ -19, -5, 95 ] xT=false
MEMBER stv 2/3 1/2 -1/2 shape=[ 1, 1, 2, 2 ] tors=[ 4, 4 ] order4=12 norm111=0 xTpass=0
  D4 above=T3 pat=000 resclass=[ -17, -3, 51 ] xT=false
  D4 above=T3 pat=000 resclass=[ -17, -3, 51 ] xT=false
  D4 above=T2 pat=000 resclass=[ 4137, -1379, -3 ] xT=false
  D4 above=T1 pat=000 resclass=[ -70329, 4137, -17 ] xT=false
  D4 above=T2 pat=000 resclass=[ 4137, -1379, -3 ] xT=false
  D4 above=T1 pat=000 resclass=[ -70329, 4137, -17 ] xT=false
  D4 above=T3 pat=000 resclass=[ -17, -3, 51 ] xT=false
  D4 above=T3 pat=000 resclass=[ -17, -3, 51 ] xT=false
  D4 above=T2 pat=000 resclass=[ 4137, -1379, -3 ] xT=false
  D4 above=T1 pat=000 resclass=[ -70329, 4137, -17 ] xT=false
  D4 above=T2 pat=000 resclass=[ 4137, -1379, -3 ] xT=false
  D4 above=T1 pat=000 resclass=[ -70329, 4137, -17 ] xT=false
MEMBER stv 3/4 1/4 -3 shape=[ 1, 1, 2, 2 ] tors=[ 4, 4 ] order4=12 norm111=0 xTpass=0
  D4 above=T2 pat=000 resclass=[ 12155, -7293, -15 ] xT=false
  D4 above=T2 pat=000 resclass=[ 12155, -7293, -15 ] xT=false
  D4 above=T3 pat=000 resclass=[ -1, -15, 15 ] xT=false
  D4 above=T1 pat=000 resclass=[ -12155, 12155, -1 ] xT=false
  D4 above=T3 pat=000 resclass=[ -1, -15, 15 ] xT=false
  D4 above=T1 pat=000 resclass=[ -12155, 12155, -1 ] xT=false
  D4 above=T2 pat=000 resclass=[ 12155, -7293, -15 ] xT=false
  D4 above=T2 pat=000 resclass=[ 12155, -7293, -15 ] xT=false
  D4 above=T3 pat=000 resclass=[ -1, -15, 15 ] xT=false
  D4 above=T1 pat=000 resclass=[ -12155, 12155, -1 ] xT=false
  D4 above=T3 pat=000 resclass=[ -1, -15, 15 ] xT=false
  D4 above=T1 pat=000 resclass=[ -12155, 12155, -1 ] xT=false
MEMBER stv 3/4 4 -1 shape=[ 1, 1, 2, 2 ] tors=[ 4, 4 ] order4=12 norm111=0 xTpass=0
  D4 above=T3 pat=000 resclass=[ -399, 15, -665 ] xT=false
  D4 above=T3 pat=000 resclass=[ -399, 15, -665 ] xT=false
  D4 above=T1 pat=000 resclass=[ 365465, -403935, -399 ] xT=false
  D4 above=T2 pat=000 resclass=[ -403935, -26929, 15 ] xT=false
  D4 above=T1 pat=000 resclass=[ 365465, -403935, -399 ] xT=false
  D4 above=T2 pat=000 resclass=[ -403935, -26929, 15 ] xT=false
  D4 above=T3 pat=000 resclass=[ -399, 15, -665 ] xT=false
  D4 above=T3 pat=000 resclass=[ -399, 15, -665 ] xT=false
  D4 above=T1 pat=000 resclass=[ 365465, -403935, -399 ] xT=false
  D4 above=T2 pat=000 resclass=[ -403935, -26929, 15 ] xT=false
  D4 above=T1 pat=000 resclass=[ 365465, -403935, -399 ] xT=false
  D4 above=T2 pat=000 resclass=[ -403935, -26929, 15 ] xT=false
MEMBER stv 1 3 -1/3 shape=[ 1, 1, 2, 2 ] tors=[ 4, 4 ] order4=12 norm111=0 xTpass=0
  D4 above=T1 pat=000 resclass=[ 1554, -222, -7 ] xT=false
  D4 above=T1 pat=000 resclass=[ 1554, -222, -7 ] xT=false
  D4 above=T3 pat=000 resclass=[ -7, 2, -14 ] xT=false
  D4 above=T2 pat=000 resclass=[ -222, -111, 2 ] xT=false
  D4 above=T3 pat=000 resclass=[ -7, 2, -14 ] xT=false
  D4 above=T2 pat=000 resclass=[ -222, -111, 2 ] xT=false
  D4 above=T1 pat=000 resclass=[ 1554, -222, -7 ] xT=false
  D4 above=T1 pat=000 resclass=[ 1554, -222, -7 ] xT=false
  D4 above=T3 pat=000 resclass=[ -7, 2, -14 ] xT=false
  D4 above=T2 pat=000 resclass=[ -222, -111, 2 ] xT=false
  D4 above=T3 pat=000 resclass=[ -7, 2, -14 ] xT=false
  D4 above=T2 pat=000 resclass=[ -222, -111, 2 ] xT=false
MEMBER stv 4/3 3/2 -2 shape=[ 1, 1, 2, 2 ] tors=[ 4, 4 ] order4=12 norm111=0 xTpass=0
  D4 above=T3 pat=000 resclass=[ 31, 5, 155 ] xT=false
  D4 above=T3 pat=000 resclass=[ 31, 5, 155 ] xT=false
  D4 above=T1 pat=000 resclass=[ 787865, 25415, 31 ] xT=false
  D4 above=T2 pat=000 resclass=[ 25415, 5083, 5 ] xT=false
  D4 above=T1 pat=000 resclass=[ 787865, 25415, 31 ] xT=false
  D4 above=T2 pat=000 resclass=[ 25415, 5083, 5 ] xT=false
  D4 above=T3 pat=000 resclass=[ 31, 5, 155 ] xT=false
  D4 above=T3 pat=000 resclass=[ 31, 5, 155 ] xT=false
  D4 above=T1 pat=000 resclass=[ 787865, 25415, 31 ] xT=false
  D4 above=T2 pat=000 resclass=[ 25415, 5083, 5 ] xT=false
  D4 above=T1 pat=000 resclass=[ 787865, 25415, 31 ] xT=false
  D4 above=T2 pat=000 resclass=[ 25415, 5083, 5 ] xT=false
MEMBER stv 3/2 4/3 -3/4 shape=[ 1, 1, 2, 2 ] tors=[ 4, 4 ] order4=12 norm111=0 xTpass=0
  D4 above=T3 pat=000 resclass=[ 533, 7, 3731 ] xT=false
  D4 above=T3 pat=000 resclass=[ 533, 7, 3731 ] xT=false
  D4 above=T2 pat=000 resclass=[ 11627, 1661, 7 ] xT=false
  D4 above=T1 pat=000 resclass=[ 6197191, 11627, 533 ] xT=false
  D4 above=T2 pat=000 resclass=[ 11627, 1661, 7 ] xT=false
  D4 above=T1 pat=000 resclass=[ 6197191, 11627, 533 ] xT=false
  D4 above=T3 pat=000 resclass=[ 533, 7, 3731 ] xT=false
  D4 above=T3 pat=000 resclass=[ 533, 7, 3731 ] xT=false
  D4 above=T2 pat=000 resclass=[ 11627, 1661, 7 ] xT=false
  D4 above=T1 pat=000 resclass=[ 6197191, 11627, 533 ] xT=false
  D4 above=T2 pat=000 resclass=[ 11627, 1661, 7 ] xT=false
  D4 above=T1 pat=000 resclass=[ 6197191, 11627, 533 ] xT=false
MEMBER stv 2 3/4 -1/4 INVALID
MEMBER stv 3 1/2 -3/2 shape=[ 1, 1, 1, 1, 2 ] tors=[ 2, 4, 4 ] order4=24 norm111=0 xTpass=0
  D4 above=T3 pat=000 resclass=[ 15, -3, -5 ] xT=false
  D4 above=T3 pat=000 resclass=[ 15, 3, 5 ] xT=false
  D4 above=T3 pat=000 resclass=[ 15, -3, -5 ] xT=false
  D4 above=T3 pat=000 resclass=[ 15, 3, 5 ] xT=false
  D4 above=T1 pat=000 resclass=[ 12270, 818, 15 ] xT=false
  D4 above=T1 pat=000 resclass=[ 12270, -818, -15 ] xT=false
  D4 above=T2 pat=000 resclass=[ 818, -2454, -3 ] xT=false
  D4 above=T2 pat=000 resclass=[ 818, 2454, 3 ] xT=false
  D4 above=T1 pat=000 resclass=[ 12270, 818, 15 ] xT=false
  D4 above=T1 pat=000 resclass=[ 12270, -818, -15 ] xT=false
  D4 above=T2 pat=000 resclass=[ 818, -2454, -3 ] xT=false
  D4 above=T2 pat=000 resclass=[ 818, 2454, 3 ] xT=false
  D4 above=T3 pat=000 resclass=[ 15, -3, -5 ] xT=false
  D4 above=T3 pat=000 resclass=[ 15, 3, 5 ] xT=false
  D4 above=T3 pat=000 resclass=[ 15, -3, -5 ] xT=false
  D4 above=T3 pat=000 resclass=[ 15, 3, 5 ] xT=false
  D4 above=T1 pat=000 resclass=[ 12270, 818, 15 ] xT=false
  D4 above=T1 pat=000 resclass=[ 12270, -818, -15 ] xT=false
  D4 above=T2 pat=000 resclass=[ 818, -2454, -3 ] xT=false
  D4 above=T2 pat=000 resclass=[ 818, 2454, 3 ] xT=false
  D4 above=T1 pat=000 resclass=[ 12270, 818, 15 ] xT=false
  D4 above=T1 pat=000 resclass=[ 12270, -818, -15 ] xT=false
  D4 above=T2 pat=000 resclass=[ 818, -2454, -3 ] xT=false
  D4 above=T2 pat=000 resclass=[ 818, 2454, 3 ] xT=false
MEMBER stv 4 1/3 -2/3 shape=[ 1, 1, 2, 2 ] tors=[ 4, 4 ] order4=12 norm111=0 xTpass=0
  D4 above=T3 pat=000 resclass=[ 77, -2, -154 ] xT=false
  D4 above=T3 pat=000 resclass=[ 77, -2, -154 ] xT=false
  D4 above=T2 pat=000 resclass=[ 205755, -411510, -2 ] xT=false
  D4 above=T1 pat=000 resclass=[ 130935, 205755, 77 ] xT=false
  D4 above=T2 pat=000 resclass=[ 205755, -411510, -2 ] xT=false
  D4 above=T1 pat=000 resclass=[ 130935, 205755, 77 ] xT=false
  D4 above=T3 pat=000 resclass=[ 77, -2, -154 ] xT=false
  D4 above=T3 pat=000 resclass=[ 77, -2, -154 ] xT=false
  D4 above=T2 pat=000 resclass=[ 205755, -411510, -2 ] xT=false
  D4 above=T1 pat=000 resclass=[ 130935, 205755, 77 ] xT=false
  D4 above=T2 pat=000 resclass=[ 205755, -411510, -2 ] xT=false
  D4 above=T1 pat=000 resclass=[ 130935, 205755, 77 ] xT=false
MEMBER stv 4 4 -4 shape=[ 1, 1, 2, 2 ] tors=[ 4, 4 ] order4=12 norm111=0 xTpass=0
  D4 above=T1 pat=000 resclass=[ -2187185, 10465, -209 ] xT=false
  D4 above=T1 pat=000 resclass=[ -2187185, 10465, -209 ] xT=false
  D4 above=T2 pat=000 resclass=[ 10465, 6279, 15 ] xT=false
  D4 above=T3 pat=000 resclass=[ -209, 15, -3135 ] xT=false
  D4 above=T2 pat=000 resclass=[ 10465, 6279, 15 ] xT=false
  D4 above=T3 pat=000 resclass=[ -209, 15, -3135 ] xT=false
  D4 above=T1 pat=000 resclass=[ -2187185, 10465, -209 ] xT=false
  D4 above=T1 pat=000 resclass=[ -2187185, 10465, -209 ] xT=false
  D4 above=T2 pat=000 resclass=[ 10465, 6279, 15 ] xT=false
  D4 above=T3 pat=000 resclass=[ -209, 15, -3135 ] xT=false
  D4 above=T2 pat=000 resclass=[ 10465, 6279, 15 ] xT=false
  D4 above=T3 pat=000 resclass=[ -209, 15, -3135 ] xT=false
MEMBER stv 2 10/3 -13/5 shape=[ 1, 1, 2, 2 ] tors=[ 4, 4 ] order4=12 norm111=0 xTpass=0
  D4 above=T2 pat=000 resclass=[ 188340985, 349776115, 91 ] xT=false
  D4 above=T2 pat=000 resclass=[ 188340985, 349776115, 91 ] xT=false
  D4 above=T1 pat=000 resclass=[ -1498629217645, 188340985, -7957 ] xT=false
  D4 above=T3 pat=000 resclass=[ -7957, 91, -724087 ] xT=false
  D4 above=T1 pat=000 resclass=[ -1498629217645, 188340985, -7957 ] xT=false
  D4 above=T3 pat=000 resclass=[ -7957, 91, -724087 ] xT=false
  D4 above=T2 pat=000 resclass=[ 188340985, 349776115, 91 ] xT=false
  D4 above=T2 pat=000 resclass=[ 188340985, 349776115, 91 ] xT=false
  D4 above=T1 pat=000 resclass=[ -1498629217645, 188340985, -7957 ] xT=false
  D4 above=T3 pat=000 resclass=[ -7957, 91, -724087 ] xT=false
  D4 above=T1 pat=000 resclass=[ -1498629217645, 188340985, -7957 ] xT=false
  D4 above=T3 pat=000 resclass=[ -7957, 91, -724087 ] xT=false
MEMBER stv 4 13/4 9/16 shape=[ 1, 1, 2, 2 ] tors=[ 4, 4 ] order4=12 norm111=0 xTpass=0
  D4 above=T2 pat=000 resclass=[ -32598010, -1917530, 17 ] xT=false
  D4 above=T2 pat=000 resclass=[ -32598010, -1917530, 17 ] xT=false
  D4 above=T1 pat=000 resclass=[ 629565367130, -32598010, -19313 ] xT=false
  D4 above=T3 pat=000 resclass=[ -19313, 17, -328321 ] xT=false
  D4 above=T1 pat=000 resclass=[ 629565367130, -32598010, -19313 ] xT=false
  D4 above=T3 pat=000 resclass=[ -19313, 17, -328321 ] xT=false
  D4 above=T2 pat=000 resclass=[ -32598010, -1917530, 17 ] xT=false
  D4 above=T2 pat=000 resclass=[ -32598010, -1917530, 17 ] xT=false
  D4 above=T1 pat=000 resclass=[ 629565367130, -32598010, -19313 ] xT=false
  D4 above=T3 pat=000 resclass=[ -19313, 17, -328321 ] xT=false
  D4 above=T1 pat=000 resclass=[ 629565367130, -32598010, -19313 ] xT=false
  D4 above=T3 pat=000 resclass=[ -19313, 17, -328321 ] xT=false
MEMBER stv 2/15 14 -6 shape=[ 1, 1, 2, 2 ] tors=[ 4, 4 ] order4=12 norm111=0 xTpass=0
  D4 above=T1 pat=000 resclass=[ 1281665166596836970, -149803873570, -8555621 ] xT=false
  D4 above=T1 pat=000 resclass=[ 1281665166596836970, -149803873570, -8555621 ] xT=false
  D4 above=T3 pat=000 resclass=[ -8555621, 195, -1668346095 ] xT=false
  D4 above=T2 pat=000 resclass=[ -149803873570, -6914024934, 195 ] xT=false
  D4 above=T3 pat=000 resclass=[ -8555621, 195, -1668346095 ] xT=false
  D4 above=T2 pat=000 resclass=[ -149803873570, -6914024934, 195 ] xT=false
  D4 above=T1 pat=000 resclass=[ 1281665166596836970, -149803873570, -8555621 ] xT=false
  D4 above=T1 pat=000 resclass=[ 1281665166596836970, -149803873570, -8555621 ] xT=false
  D4 above=T3 pat=000 resclass=[ -8555621, 195, -1668346095 ] xT=false
  D4 above=T2 pat=000 resclass=[ -149803873570, -6914024934, 195 ] xT=false
  D4 above=T3 pat=000 resclass=[ -8555621, 195, -1668346095 ] xT=false
  D4 above=T2 pat=000 resclass=[ -149803873570, -6914024934, 195 ] xT=false
PART_DONE part=184
