MEMBER stv 1/4 3/2 3/4 shape=[ 1, 1, 2, 2 ] tors=[ 4, 4 ] order4=12 norm111=0 xTpass=0
  D4 above=T2 pat=000 resclass=[ -17085, -3417, 5 ] xT=false
  D4 above=T2 pat=000 resclass=[ -17085, -3417, 5 ] xT=false
  D4 above=T1 pat=000 resclass=[ 11390, -17085, -6 ] xT=false
  D4 above=T3 pat=000 resclass=[ -6, 5, -30 ] xT=false
  D4 above=T1 pat=000 resclass=[ 11390, -17085, -6 ] xT=false
  D4 above=T3 pat=000 resclass=[ -6, 5, -30 ] xT=false
  D4 above=T2 pat=000 resclass=[ -17085, -3417, 5 ] xT=false
  D4 above=T2 pat=000 resclass=[ -17085, -3417, 5 ] xT=false
  D4 above=T1 pat=000 resclass=[ 11390, -17085, -6 ] xT=false
  D4 above=T3 pat=000 resclass=[ -6, 5, -30 ] xT=false
  D4 above=T1 pat=000 resclass=[ 11390, -17085, -6 ] xT=false
  D4 above=T3 pat=000 resclass=[ -6, 5, -30 ] xT=false
MEMBER stv 1/3 4/3 1/4 shape=[ 1, 1, 2, 2 ] tors=[ 4, 4 ] order4=12 norm111=0 xTpass=0
  D4 above=T3 pat=000 resclass=[ -10, 7, -70 ] xT=false
  D4 above=T3 pat=000 resclass=[ -10, 7, -70 ] xT=false
  D4 above=T1 pat=000 resclass=[ -572390, 57239, -10 ] xT=false
  D4 above=T2 pat=000 resclass=[ 57239, 8177, 7 ] xT=false
  D4 above=T1 pat=000 resclass=[ -572390, 57239, -10 ] xT=false
  D4 above=T2 pat=000 resclass=[ 57239, 8177, 7 ] xT=false
  D4 above=T3 pat=000 resclass=[ -10, 7, -70 ] xT=false
  D4 above=T3 pat=000 resclass=[ -10, 7, -70 ] xT=false
  D4 above=T1 pat=000 resclass=[ -572390, 57239, -10 ] xT=false
  D4 above=T2 pat=000 resclass=[ 57239, 8177, 7 ] xT=false
  D4 above=T1 pat=000 resclass=[ -572390, 57239, -10 ] xT=false
  D4 above=T2 pat=000 resclass=[ 57239, 8177, 7 ] xT=false
MEMBER stv 1/2 2/3 3/2 shape=[ 1, 1, 2, 2 ] tors=[ 4, 4 ] order4=12 norm111=0 xTpass=0
  D4 above=T1 pat=000 resclass=[ 787930, -41470, -19 ] xT=false
  D4 above=T1 pat=000 resclass=[ 787930, -41470, -19 ] xT=false
  D4 above=T3 pat=000 resclass=[ -19, -5, 95 ] xT=false
  D4 above=T2 pat=000 resclass=[ -41470, 8294, -5 ] xT=false
  D4 above=T3 pat=000 resclass=[ -19, -5, 95 ] xT=false
  D4 above=T2 pat=000 resclass=[ -41470, 8294, -5 ] xT=false
  D4 above=T1 pat=000 resclass=[ 787930, -41470, -19 ] xT=false
  D4 above=T1 pat=000 resclass=[ 787930, -41470, -19 ] xT=false
  D4 above=T3 pat=000 resclass=[ -19, -5, 95 ] xT=false
  D4 above=T2 pat=000 resclass=[ -41470, 8294, -5 ] xT=false
  D4 above=T3 pat=000 resclass=[ -19, -5, 95 ] xT=false
  D4 above=T2 pat=000 resclass=[ -41470, 8294, -5 ] xT=false
MEMBER stv 2/3 1/2 2/3 shape=[ 1, 1, 2, 2 ] tors=[ 4, 4 ] order4=12 norm111=0 xTpass=0
  D4 above=T1 pat=000 resclass=[ 182665, -10745, -17 ] xT=false
  D4 above=T1 pat=000 resclass=[ 182665, -10745, -17 ] xT=false
  D4 above=T3 pat=000 resclass=[ -17, -3, 51 ] xT=false
  D4 above=T2 pat=000 resclass=[ -10745, 32235, -3 ] xT=false
  D4 above=T3 pat=000 resclass=[ -17, -3, 51 ] xT=false
  D4 above=T2 pat=000 resclass=[ -10745, 32235, -3 ] xT=false
  D4 above=T1 pat=000 resclass=[ 182665, -10745, -17 ] xT=false
  D4 above=T1 pat=000 resclass=[ 182665, -10745, -17 ] xT=false
  D4 above=T3 pat=000 resclass=[ -17, -3, 51 ] xT=false
  D4 above=T2 pat=000 resclass=[ -10745, 32235, -3 ] xT=false
  D4 above=T3 pat=000 resclass=[ -17, -3, 51 ] xT=false
  D4 above=T2 pat=000 resclass=[ -10745, 32235, -3 ] xT=false
MEMBER stv 3/4 1/4 4 shape=[ 1, 1, 2, 2 ] tors=[ 4, 4 ] order4=12 norm111=0 xTpass=0
  D4 above=T1 pat=000 resclass=[ 43485, -43485, -1 ] xT=false
  D4 above=T1 pat=000 resclass=[ 43485, -43485, -1 ] xT=false
  D4 above=T2 pat=000 resclass=[ -43485, 2899, -15 ] xT=false
  D4 above=T3 pat=000 resclass=[ -1, -15, 15 ] xT=false
  D4 above=T2 pat=000 resclass=[ -43485, 2899, -15 ] xT=false
  D4 above=T3 pat=000 resclass=[ -1, -15, 15 ] xT=false
  D4 above=T1 pat=000 resclass=[ 43485, -43485, -1 ] xT=false
  D4 above=T1 pat=000 resclass=[ 43485, -43485, -1 ] xT=false
  D4 above=T2 pat=000 resclass=[ -43485, 2899, -15 ] xT=false
  D4 above=T3 pat=000 resclass=[ -1, -15, 15 ] xT=false
  D4 above=T2 pat=000 resclass=[ -43485, 2899, -15 ] xT=false
  D4 above=T3 pat=000 resclass=[ -1, -15, 15 ] xT=false
MEMBER stv 3/4 4 4/3 shape=[ 1, 1, 2, 2 ] tors=[ 4, 4 ] order4=12 norm111=0 xTpass=0
  D4 above=T1 pat=000 resclass=[ 1005, -44555, -399 ] xT=false
  D4 above=T1 pat=000 resclass=[ 1005, -44555, -399 ] xT=false
  D4 above=T3 pat=000 resclass=[ -399, 15, -665 ] xT=false
  D4 above=T2 pat=000 resclass=[ -44555, -26733, 15 ] xT=false
  D4 above=T3 pat=000 resclass=[ -399, 15, -665 ] xT=false
  D4 above=T2 pat=000 resclass=[ -44555, -26733, 15 ] xT=false
  D4 above=T1 pat=000 resclass=[ 1005, -44555, -399 ] xT=false
  D4 above=T1 pat=000 resclass=[ 1005, -44555, -399 ] xT=false
  D4 above=T3 pat=000 resclass=[ -399, 15, -665 ] xT=false
  D4 above=T2 pat=000 resclass=[ -44555, -26733, 15 ] xT=false
  D4 above=T3 pat=000 resclass=[ -399, 15, -665 ] xT=false
  D4 above=T2 pat=000 resclass=[ -44555, -26733, 15 ] xT=false
MEMBER stv 1 3 1/2 shape=[ 1, 1, 2, 2 ] tors=[ 4, 4 ] order4=12 norm111=0 xTpass=0
  D4 above=T3 pat=000 resclass=[ -7, 2, -14 ] xT=false
  D4 above=T3 pat=000 resclass=[ -7, 2, -14 ] xT=false
  D4 above=T2 pat=000 resclass=[ -23, -46, 2 ] xT=false
  D4 above=T1 pat=000 resclass=[ 161, -23, -7 ] xT=false
  D4 above=T2 pat=000 resclass=[ -23, -46, 2 ] xT=false
  D4 above=T1 pat=000 resclass=[ 161, -23, -7 ] xT=false
  D4 above=T3 pat=000 resclass=[ -7, 2, -14 ] xT=false
  D4 above=T3 pat=000 resclass=[ -7, 2, -14 ] xT=false
  D4 above=T2 pat=000 resclass=[ -23, -46, 2 ] xT=false
  D4 above=T1 pat=000 resclass=[ 161, -23, -7 ] xT=false
  D4 above=T2 pat=000 resclass=[ -23, -46, 2 ] xT=false
  D4 above=T1 pat=000 resclass=[ 161, -23, -7 ] xT=false
MEMBER stv 4/3 3/2 3 shape=[ 1, 1, 2, 2 ] tors=[ 4, 4 ] order4=12 norm111=0 xTpass=0
  D4 above=T3 pat=000 resclass=[ 31, 5, 155 ] xT=false
  D4 above=T3 pat=000 resclass=[ 31, 5, 155 ] xT=false
  D4 above=T2 pat=000 resclass=[ -28785, -5757, 5 ] xT=false
  D4 above=T1 pat=000 resclass=[ -892335, -28785, 31 ] xT=false
  D4 above=T2 pat=000 resclass=[ -28785, -5757, 5 ] xT=false
  D4 above=T1 pat=000 resclass=[ -892335, -28785, 31 ] xT=false
  D4 above=T3 pat=000 resclass=[ 31, 5, 155 ] xT=false
  D4 above=T3 pat=000 resclass=[ 31, 5, 155 ] xT=false
  D4 above=T2 pat=000 resclass=[ -28785, -5757, 5 ] xT=false
  D4 above=T1 pat=000 resclass=[ -892335, -28785, 31 ] xT=false
  D4 above=T2 pat=000 resclass=[ -28785, -5757, 5 ] xT=false
  D4 above=T1 pat=000 resclass=[ -892335, -28785, 31 ] xT=false
MEMBER stv 3/2 4/3 1 shape=[ 1, 1, 2, 2 ] tors=[ 4, 4 ] order4=12 norm111=0 xTpass=0
  D4 above=T1 pat=000 resclass=[ 1435, 455, 533 ] xT=false
  D4 above=T1 pat=000 resclass=[ 1435, 455, 533 ] xT=false
  D4 above=T2 pat=000 resclass=[ 455, 65, 7 ] xT=false
  D4 above=T3 pat=000 resclass=[ 533, 7, 3731 ] xT=false
  D4 above=T2 pat=000 resclass=[ 455, 65, 7 ] xT=false
  D4 above=T3 pat=000 resclass=[ 533, 7, 3731 ] xT=false
  D4 above=T1 pat=000 resclass=[ 1435, 455, 533 ] xT=false
  D4 above=T1 pat=000 resclass=[ 1435, 455, 533 ] xT=false
  D4 above=T2 pat=000 resclass=[ 455, 65, 7 ] xT=false
  D4 above=T3 pat=000 resclass=[ 533, 7, 3731 ] xT=false
  D4 above=T2 pat=000 resclass=[ 455, 65, 7 ] xT=false
  D4 above=T3 pat=000 resclass=[ 533, 7, 3731 ] xT=false
MEMBER stv 2 3/4 1/3 shape=[ 1, 1, 2, 2 ] tors=[ 4, 4 ] order4=12 norm111=0 xTpass=0
  D4 above=T3 pat=000 resclass=[ 39, -7, -273 ] xT=false
  D4 above=T3 pat=000 resclass=[ 39, -7, -273 ] xT=false
  D4 above=T2 pat=000 resclass=[ -5565, 795, -7 ] xT=false
  D4 above=T1 pat=000 resclass=[ -24115, -5565, 39 ] xT=false
  D4 above=T2 pat=000 resclass=[ -5565, 795, -7 ] xT=false
  D4 above=T1 pat=000 resclass=[ -24115, -5565, 39 ] xT=false
  D4 above=T3 pat=000 resclass=[ 39, -7, -273 ] xT=false
  D4 above=T3 pat=000 resclass=[ 39, -7, -273 ] xT=false
  D4 above=T2 pat=000 resclass=[ -5565, 795, -7 ] xT=false
  D4 above=T1 pat=000 resclass=[ -24115, -5565, 39 ] xT=false
  D4 above=T2 pat=000 resclass=[ -5565, 795, -7 ] xT=false
  D4 above=T1 pat=000 resclass=[ -24115, -5565, 39 ] xT=false
MEMBER stv 3 1/2 2 shape=[ 1, 1, 1, 1, 2 ] tors=[ 2, 4, 4 ] order4=24 norm111=0 xTpass=0
  D4 above=T1 pat=000 resclass=[ -589, 8835, -15 ] xT=false
  D4 above=T1 pat=000 resclass=[ -589, -8835, 15 ] xT=false
  D4 above=T1 pat=000 resclass=[ -589, 8835, -15 ] xT=false
  D4 above=T1 pat=000 resclass=[ -589, -8835, 15 ] xT=false
  D4 above=T3 pat=000 resclass=[ 15, 3, 5 ] xT=false
  D4 above=T3 pat=000 resclass=[ 15, -3, -5 ] xT=false
  D4 above=T2 pat=000 resclass=[ -8835, 2945, -3 ] xT=false
  D4 above=T2 pat=000 resclass=[ -8835, -2945, 3 ] xT=false
  D4 above=T3 pat=000 resclass=[ 15, 3, 5 ] xT=false
  D4 above=T3 pat=000 resclass=[ 15, -3, -5 ] xT=false
  D4 above=T2 pat=000 resclass=[ -8835, 2945, -3 ] xT=false
  D4 above=T2 pat=000 resclass=[ -8835, -2945, 3 ] xT=false
  D4 above=T1 pat=000 resclass=[ -589, 8835, -15 ] xT=false
  D4 above=T1 pat=000 resclass=[ -589, -8835, 15 ] xT=false
  D4 above=T1 pat=000 resclass=[ -589, 8835, -15 ] xT=false
  D4 above=T1 pat=000 resclass=[ -589, -8835, 15 ] xT=false
  D4 above=T3 pat=000 resclass=[ 15, 3, 5 ] xT=false
  D4 above=T3 pat=000 resclass=[ 15, -3, -5 ] xT=false
  D4 above=T2 pat=000 resclass=[ -8835, 2945, -3 ] xT=false
  D4 above=T2 pat=000 resclass=[ -8835, -2945, 3 ] xT=false
  D4 above=T3 pat=000 resclass=[ 15, 3, 5 ] xT=false
  D4 above=T3 pat=000 resclass=[ 15, -3, -5 ] xT=false
  D4 above=T2 pat=000 resclass=[ -8835, 2945, -3 ] xT=false
  D4 above=T2 pat=000 resclass=[ -8835, -2945, 3 ] xT=false
MEMBER stv 4 1/3 3/4 shape=[ 1, 1, 2, 2 ] tors=[ 4, 4 ] order4=12 norm111=0 xTpass=0
  D4 above=T3 pat=000 resclass=[ 77, -2, -154 ] xT=false
  D4 above=T3 pat=000 resclass=[ 77, -2, -154 ] xT=false
  D4 above=T2 pat=000 resclass=[ -9178, 4589, -2 ] xT=false
  D4 above=T1 pat=000 resclass=[ -706706, -9178, 77 ] xT=false
  D4 above=T2 pat=000 resclass=[ -9178, 4589, -2 ] xT=false
  D4 above=T1 pat=000 resclass=[ -706706, -9178, 77 ] xT=false
  D4 above=T3 pat=000 resclass=[ 77, -2, -154 ] xT=false
  D4 above=T3 pat=000 resclass=[ 77, -2, -154 ] xT=false
  D4 above=T2 pat=000 resclass=[ -9178, 4589, -2 ] xT=false
  D4 above=T1 pat=000 resclass=[ -706706, -9178, 77 ] xT=false
  D4 above=T2 pat=000 resclass=[ -9178, 4589, -2 ] xT=false
  D4 above=T1 pat=000 resclass=[ -706706, -9178, 77 ] xT=false
MEMBER stv 9/20 5 7/5 shape=[ 1, 1, 2, 2 ] tors=[ 4, 4 ] order4=12 norm111=0 xTpass=0
  D4 above=T2 pat=000 resclass=[ -904253807310, -150708967885, 6 ] xT=false
  D4 above=T2 pat=000 resclass=[ -904253807310, -150708967885, 6 ] xT=false
  D4 above=T1 pat=000 resclass=[ 870968391090, -904253807310, -25591 ] xT=false
  D4 above=T3 pat=000 resclass=[ -25591, 6, -153546 ] xT=false
  D4 above=T1 pat=000 resclass=[ 870968391090, -904253807310, -25591 ] xT=false
  D4 above=T3 pat=000 resclass=[ -25591, 6, -153546 ] xT=false
  D4 above=T2 pat=000 resclass=[ -904253807310, -150708967885, 6 ] xT=false
  D4 above=T2 pat=000 resclass=[ -904253807310, -150708967885, 6 ] xT=false
  D4 above=T1 pat=000 resclass=[ 870968391090, -904253807310, -25591 ] xT=false
  D4 above=T3 pat=000 resclass=[ -25591, 6, -153546 ] xT=false
  D4 above=T1 pat=000 resclass=[ 870968391090, -904253807310, -25591 ] xT=false
  D4 above=T3 pat=000 resclass=[ -25591, 6, -153546 ] xT=false
MEMBER stv 5/11 14/15 1/4 shape=[ 1, 1, 2, 2 ] tors=[ 4, 4 ] order4=12 norm111=0 xTpass=0
  D4 above=T3 pat=000 resclass=[ 806, -29, -23374 ] xT=false
  D4 above=T3 pat=000 resclass=[ 806, -29, -23374 ] xT=false
  D4 above=T1 pat=000 resclass=[ -314755394288374, -390515377529, 806 ] xT=false
  D4 above=T2 pat=000 resclass=[ -390515377529, 13466047501, -29 ] xT=false
  D4 above=T1 pat=000 resclass=[ -314755394288374, -390515377529, 806 ] xT=false
  D4 above=T2 pat=000 resclass=[ -390515377529, 13466047501, -29 ] xT=false
  D4 above=T3 pat=000 resclass=[ 806, -29, -23374 ] xT=false
  D4 above=T3 pat=000 resclass=[ 806, -29, -23374 ] xT=false
  D4 above=T1 pat=000 resclass=[ -314755394288374, -390515377529, 806 ] xT=false
  D4 above=T2 pat=000 resclass=[ -390515377529, 13466047501, -29 ] xT=false
  D4 above=T1 pat=000 resclass=[ -314755394288374, -390515377529, 806 ] xT=false
  D4 above=T2 pat=000 resclass=[ -390515377529, 13466047501, -29 ] xT=false
MEMBER stv 1 9/20 11/10 shape=[ 1, 1, 2, 2 ] tors=[ 4, 4 ] order4=12 norm111=0 xTpass=0
  D4 above=T3 pat=000 resclass=[ 719, -319, -229361 ] xT=false
  D4 above=T3 pat=000 resclass=[ 719, -319, -229361 ] xT=false
  D4 above=T2 pat=000 resclass=[ -2465928290, 935352110, -319 ] xT=false
  D4 above=T1 pat=000 resclass=[ -1773002440510, -2465928290, 719 ] xT=false
  D4 above=T2 pat=000 resclass=[ -2465928290, 935352110, -319 ] xT=false
  D4 above=T1 pat=000 resclass=[ -1773002440510, -2465928290, 719 ] xT=false
  D4 above=T3 pat=000 resclass=[ 719, -319, -229361 ] xT=false
  D4 above=T3 pat=000 resclass=[ 719, -319, -229361 ] xT=false
  D4 above=T2 pat=000 resclass=[ -2465928290, 935352110, -319 ] xT=false
  D4 above=T1 pat=000 resclass=[ -1773002440510, -2465928290, 719 ] xT=false
  D4 above=T2 pat=000 resclass=[ -2465928290, 935352110, -319 ] xT=false
  D4 above=T1 pat=000 resclass=[ -1773002440510, -2465928290, 719 ] xT=false
MEMBER stv 1/5 2 -4/5 shape=[ 1, 1, 2, 2 ] tors=[ 4, 4 ] order4=12 norm111=0 xTpass=0
  D4 above=T1 pat=000 resclass=[ 277410, -19815, -14 ] xT=false
  D4 above=T1 pat=000 resclass=[ 277410, -19815, -14 ] xT=false
  D4 above=T3 pat=000 resclass=[ -14, 3, -42 ] xT=false
  D4 above=T2 pat=000 resclass=[ -19815, -6605, 3 ] xT=false
  D4 above=T3 pat=000 resclass=[ -14, 3, -42 ] xT=false
  D4 above=T2 pat=000 resclass=[ -19815, -6605, 3 ] xT=false
  D4 above=T1 pat=000 resclass=[ 277410, -19815, -14 ] xT=false
  D4 above=T1 pat=000 resclass=[ 277410, -19815, -14 ] xT=false
  D4 above=T3 pat=000 resclass=[ -14, 3, -42 ] xT=false
  D4 above=T2 pat=000 resclass=[ -19815, -6605, 3 ] xT=false
  D4 above=T3 pat=000 resclass=[ -14, 3, -42 ] xT=false
  D4 above=T2 pat=000 resclass=[ -19815, -6605, 3 ] xT=false
PART_DONE part=185
