MEMBER stv 1/4 3/2 -3/4 shape=[ 1, 1, 2, 2 ] tors=[ 4, 4 ] order4=12 norm111=0 xTpass=0
  D4 above=T3 pat=000 resclass=[ -6, 5, -30 ] xT=false
  D4 above=T3 pat=000 resclass=[ -6, 5, -30 ] xT=false
  D4 above=T1 pat=000 resclass=[ 610, -915, -6 ] xT=false
  D4 above=T2 pat=000 resclass=[ -915, -183, 5 ] xT=false
  D4 above=T1 pat=000 resclass=[ 610, -915, -6 ] xT=false
  D4 above=T2 pat=000 resclass=[ -915, -183, 5 ] xT=false
  D4 above=T3 pat=000 resclass=[ -6, 5, -30 ] xT=false
  D4 above=T3 pat=000 resclass=[ -6, 5, -30 ] xT=false
  D4 above=T1 pat=000 resclass=[ 610, -915, -6 ] xT=false
  D4 above=T2 pat=000 resclass=[ -915, -183, 5 ] xT=false
  D4 above=T1 pat=000 resclass=[ 610, -915, -6 ] xT=false
  D4 above=T2 pat=000 resclass=[ -915, -183, 5 ] xT=false
MEMBER stv 1/3 4/3 -1/4 shape=[ 1, 1, 2, 2 ] tors=[ 4, 4 ] order4=12 norm111=0 xTpass=0
  D4 above=T2 pat=000 resclass=[ -2135, -305, 7 ] xT=false
  D4 above=T2 pat=000 resclass=[ -2135, -305, 7 ] xT=false
  D4 above=T1 pat=000 resclass=[ 854, -2135, -10 ] xT=false
  D4 above=T3 pat=000 resclass=[ -10, 7, -70 ] xT=false
  D4 above=T1 pat=000 resclass=[ 854, -2135, -10 ] xT=false
  D4 above=T3 pat=000 resclass=[ -10, 7, -70 ] xT=false
  D4 above=T2 pat=000 resclass=[ -2135, -305, 7 ] xT=false
  D4 above=T2 pat=000 resclass=[ -2135, -305, 7 ] xT=false
  D4 above=T1 pat=000 resclass=[ 854, -2135, -10 ] xT=false
  D4 above=T3 pat=000 resclass=[ -10, 7, -70 ] xT=false
  D4 above=T1 pat=000 resclass=[ 854, -2135, -10 ] xT=false
  D4 above=T3 pat=000 resclass=[ -10, 7, -70 ] xT=false
MEMBER stv 1/2 2/3 -3/2 shape=[ 1, 1, 2, 2 ] tors=[ 4, 4 ] order4=12 norm111=0 xTpass=0
  D4 above=T1 pat=000 resclass=[ -2090, 110, -19 ] xT=false
  D4 above=T1 pat=000 resclass=[ -2090, 110, -19 ] xT=false
  D4 above=T2 pat=000 resclass=[ 110, -22, -5 ] xT=false
  D4 above=T3 pat=000 resclass=[ -19, -5, 95 ] xT=false
  D4 above=T2 pat=000 resclass=[ 110, -22, -5 ] xT=false
  D4 above=T3 pat=000 resclass=[ -19, -5, 95 ] xT=false
  D4 above=T1 pat=000 resclass=[ -2090, 110, -19 ] xT=false
  D4 above=T1 pat=000 resclass=[ -2090, 110, -19 ] xT=false
  D4 above=T2 pat=000 resclass=[ 110, -22, -5 ] xT=false
  D4 above=T3 pat=000 resclass=[ -19, -5, 95 ] xT=false
  D4 above=T2 pat=000 resclass=[ 110, -22, -5 ] xT=false
  D4 above=T3 pat=000 resclass=[ -19, -5, 95 ] xT=false
MEMBER stv 2/3 1/2 -2/3 shape=[ 1, 1, 2, 2 ] tors=[ 4, 4 ] order4=12 norm111=0 xTpass=0
  D4 above=T2 pat=000 resclass=[ 95, -285, -3 ] xT=false
  D4 above=T2 pat=000 resclass=[ 95, -285, -3 ] xT=false
  D4 above=T3 pat=000 resclass=[ -17, -3, 51 ] xT=false
  D4 above=T1 pat=000 resclass=[ -1615, 95, -17 ] xT=false
  D4 above=T3 pat=000 resclass=[ -17, -3, 51 ] xT=false
  D4 above=T1 pat=000 resclass=[ -1615, 95, -17 ] xT=false
  D4 above=T2 pat=000 resclass=[ 95, -285, -3 ] xT=false
  D4 above=T2 pat=000 resclass=[ 95, -285, -3 ] xT=false
  D4 above=T3 pat=000 resclass=[ -17, -3, 51 ] xT=false
  D4 above=T1 pat=000 resclass=[ -1615, 95, -17 ] xT=false
  D4 above=T3 pat=000 resclass=[ -17, -3, 51 ] xT=false
  D4 above=T1 pat=000 resclass=[ -1615, 95, -17 ] xT=false
MEMBER stv 3/4 1/4 -4 shape=[ 1, 1, 2, 2 ] tors=[ 4, 4 ] order4=12 norm111=0 xTpass=0
  D4 above=T1 pat=000 resclass=[ -285, 285, -1 ] xT=false
  D4 above=T1 pat=000 resclass=[ -285, 285, -1 ] xT=false
  D4 above=T2 pat=000 resclass=[ 285, -19, -15 ] xT=false
  D4 above=T3 pat=000 resclass=[ -1, -15, 15 ] xT=false
  D4 above=T2 pat=000 resclass=[ 285, -19, -15 ] xT=false
  D4 above=T3 pat=000 resclass=[ -1, -15, 15 ] xT=false
  D4 above=T1 pat=000 resclass=[ -285, 285, -1 ] xT=false
  D4 above=T1 pat=000 resclass=[ -285, 285, -1 ] xT=false
  D4 above=T2 pat=000 resclass=[ 285, -19, -15 ] xT=false
  D4 above=T3 pat=000 resclass=[ -1, -15, 15 ] xT=false
  D4 above=T2 pat=000 resclass=[ 285, -19, -15 ] xT=false
  D4 above=T3 pat=000 resclass=[ -1, -15, 15 ] xT=false
MEMBER stv 3/4 4 -4/3 shape=[ 1, 1, 2, 2 ] tors=[ 4, 4 ] order4=12 norm111=0 xTpass=0
  D4 above=T3 pat=000 resclass=[ -399, 15, -665 ] xT=false
  D4 above=T3 pat=000 resclass=[ -399, 15, -665 ] xT=false
  D4 above=T2 pat=000 resclass=[ -6405, -427, 15 ] xT=false
  D4 above=T1 pat=000 resclass=[ 5795, -6405, -399 ] xT=false
  D4 above=T2 pat=000 resclass=[ -6405, -427, 15 ] xT=false
  D4 above=T1 pat=000 resclass=[ 5795, -6405, -399 ] xT=false
  D4 above=T3 pat=000 resclass=[ -399, 15, -665 ] xT=false
  D4 above=T3 pat=000 resclass=[ -399, 15, -665 ] xT=false
  D4 above=T2 pat=000 resclass=[ -6405, -427, 15 ] xT=false
  D4 above=T1 pat=000 resclass=[ 5795, -6405, -399 ] xT=false
  D4 above=T2 pat=000 resclass=[ -6405, -427, 15 ] xT=false
  D4 above=T1 pat=000 resclass=[ 5795, -6405, -399 ] xT=false
MEMBER stv 1 3 -1/2 shape=[ 1, 1, 2, 2 ] tors=[ 4, 4 ] order4=12 norm111=0 xTpass=0
  D4 above=T1 pat=000 resclass=[ 511, -73, -7 ] xT=false
  D4 above=T1 pat=000 resclass=[ 511, -73, -7 ] xT=false
  D4 above=T2 pat=000 resclass=[ -73, -146, 2 ] xT=false
  D4 above=T3 pat=000 resclass=[ -7, 2, -14 ] xT=false
  D4 above=T2 pat=000 resclass=[ -73, -146, 2 ] xT=false
  D4 above=T3 pat=000 resclass=[ -7, 2, -14 ] xT=false
  D4 above=T1 pat=000 resclass=[ 511, -73, -7 ] xT=false
  D4 above=T1 pat=000 resclass=[ 511, -73, -7 ] xT=false
  D4 above=T2 pat=000 resclass=[ -73, -146, 2 ] xT=false
  D4 above=T3 pat=000 resclass=[ -7, 2, -14 ] xT=false
  D4 above=T2 pat=000 resclass=[ -73, -146, 2 ] xT=false
  D4 above=T3 pat=000 resclass=[ -7, 2, -14 ] xT=false
MEMBER stv 4/3 3/2 -3 shape=[ 1, 1, 2, 2 ] tors=[ 4, 4 ] order4=12 norm111=0 xTpass=0
  D4 above=T1 pat=000 resclass=[ 1190865, 38415, 31 ] xT=false
  D4 above=T1 pat=000 resclass=[ 1190865, 38415, 31 ] xT=false
  D4 above=T2 pat=000 resclass=[ 38415, 7683, 5 ] xT=false
  D4 above=T3 pat=000 resclass=[ 31, 5, 155 ] xT=false
  D4 above=T2 pat=000 resclass=[ 38415, 7683, 5 ] xT=false
  D4 above=T3 pat=000 resclass=[ 31, 5, 155 ] xT=false
  D4 above=T1 pat=000 resclass=[ 1190865, 38415, 31 ] xT=false
  D4 above=T1 pat=000 resclass=[ 1190865, 38415, 31 ] xT=false
  D4 above=T2 pat=000 resclass=[ 38415, 7683, 5 ] xT=false
  D4 above=T3 pat=000 resclass=[ 31, 5, 155 ] xT=false
  D4 above=T2 pat=000 resclass=[ 38415, 7683, 5 ] xT=false
  D4 above=T3 pat=000 resclass=[ 31, 5, 155 ] xT=false
MEMBER stv 3/2 4/3 -1 shape=[ 1, 1, 2, 2 ] tors=[ 4, 4 ] order4=12 norm111=0 xTpass=0
  D4 above=T3 pat=000 resclass=[ 533, 7, 3731 ] xT=false
  D4 above=T3 pat=000 resclass=[ 533, 7, 3731 ] xT=false
  D4 above=T2 pat=000 resclass=[ 1505, 215, 7 ] xT=false
  D4 above=T1 pat=000 resclass=[ 802165, 1505, 533 ] xT=false
  D4 above=T2 pat=000 resclass=[ 1505, 215, 7 ] xT=false
  D4 above=T1 pat=000 resclass=[ 802165, 1505, 533 ] xT=false
  D4 above=T3 pat=000 resclass=[ 533, 7, 3731 ] xT=false
  D4 above=T3 pat=000 resclass=[ 533, 7, 3731 ] xT=false
  D4 above=T2 pat=000 resclass=[ 1505, 215, 7 ] xT=false
  D4 above=T1 pat=000 resclass=[ 802165, 1505, 533 ] xT=false
  D4 above=T2 pat=000 resclass=[ 1505, 215, 7 ] xT=false
  D4 above=T1 pat=000 resclass=[ 802165, 1505, 533 ] xT=false
MEMBER stv 2 3/4 -1/3 shape=[ 1, 1, 2, 2 ] tors=[ 4, 4 ] order4=12 norm111=0 xTpass=0
  D4 above=T2 pat=000 resclass=[ 6699, -957, -7 ] xT=false
  D4 above=T2 pat=000 resclass=[ 6699, -957, -7 ] xT=false
  D4 above=T3 pat=000 resclass=[ 39, -7, -273 ] xT=false
  D4 above=T1 pat=000 resclass=[ 29029, 6699, 39 ] xT=false
  D4 above=T3 pat=000 resclass=[ 39, -7, -273 ] xT=false
  D4 above=T1 pat=000 resclass=[ 29029, 6699, 39 ] xT=false
  D4 above=T2 pat=000 resclass=[ 6699, -957, -7 ] xT=false
  D4 above=T2 pat=000 resclass=[ 6699, -957, -7 ] xT=false
  D4 above=T3 pat=000 resclass=[ 39, -7, -273 ] xT=false
  D4 above=T1 pat=000 resclass=[ 29029, 6699, 39 ] xT=false
  D4 above=T3 pat=000 resclass=[ 39, -7, -273 ] xT=false
  D4 above=T1 pat=000 resclass=[ 29029, 6699, 39 ] xT=false
MEMBER stv 3 1/2 -2 shape=[ 1, 1, 1, 1, 2 ] tors=[ 2, 4, 4 ] order4=24 norm111=0 xTpass=0
  D4 above=T3 pat=000 resclass=[ 15, -3, -5 ] xT=false
  D4 above=T3 pat=000 resclass=[ 15, 3, 5 ] xT=false
  D4 above=T3 pat=000 resclass=[ 15, -3, -5 ] xT=false
  D4 above=T3 pat=000 resclass=[ 15, 3, 5 ] xT=false
  D4 above=T2 pat=000 resclass=[ 7089, -2363, -3 ] xT=false
  D4 above=T2 pat=000 resclass=[ 7089, 2363, 3 ] xT=false
  D4 above=T1 pat=000 resclass=[ 11815, 7089, 15 ] xT=false
  D4 above=T1 pat=000 resclass=[ 11815, -7089, -15 ] xT=false
  D4 above=T2 pat=000 resclass=[ 7089, -2363, -3 ] xT=false
  D4 above=T2 pat=000 resclass=[ 7089, 2363, 3 ] xT=false
  D4 above=T1 pat=000 resclass=[ 11815, 7089, 15 ] xT=false
  D4 above=T1 pat=000 resclass=[ 11815, -7089, -15 ] xT=false
  D4 above=T3 pat=000 resclass=[ 15, -3, -5 ] xT=false
  D4 above=T3 pat=000 resclass=[ 15, 3, 5 ] xT=false
  D4 above=T3 pat=000 resclass=[ 15, -3, -5 ] xT=false
  D4 above=T3 pat=000 resclass=[ 15, 3, 5 ] xT=false
  D4 above=T2 pat=000 resclass=[ 7089, -2363, -3 ] xT=false
  D4 above=T2 pat=000 resclass=[ 7089, 2363, 3 ] xT=false
  D4 above=T1 pat=000 resclass=[ 11815, 7089, 15 ] xT=false
  D4 above=T1 pat=000 resclass=[ 11815, -7089, -15 ] xT=false
  D4 above=T2 pat=000 resclass=[ 7089, -2363, -3 ] xT=false
  D4 above=T2 pat=000 resclass=[ 7089, 2363, 3 ] xT=false
  D4 above=T1 pat=000 resclass=[ 11815, 7089, 15 ] xT=false
  D4 above=T1 pat=000 resclass=[ 11815, -7089, -15 ] xT=false
MEMBER stv 4 1/3 -3/4 shape=[ 1, 1, 2, 2 ] tors=[ 4, 4 ] order4=12 norm111=0 xTpass=0
  D4 above=T3 pat=000 resclass=[ 77, -2, -154 ] xT=false
  D4 above=T3 pat=000 resclass=[ 77, -2, -154 ] xT=false
  D4 above=T2 pat=000 resclass=[ 6578, -3289, -2 ] xT=false
  D4 above=T1 pat=000 resclass=[ 4186, 6578, 77 ] xT=false
  D4 above=T2 pat=000 resclass=[ 6578, -3289, -2 ] xT=false
  D4 above=T1 pat=000 resclass=[ 4186, 6578, 77 ] xT=false
  D4 above=T3 pat=000 resclass=[ 77, -2, -154 ] xT=false
  D4 above=T3 pat=000 resclass=[ 77, -2, -154 ] xT=false
  D4 above=T2 pat=000 resclass=[ 6578, -3289, -2 ] xT=false
  D4 above=T1 pat=000 resclass=[ 4186, 6578, 77 ] xT=false
  D4 above=T2 pat=000 resclass=[ 6578, -3289, -2 ] xT=false
  D4 above=T1 pat=000 resclass=[ 4186, 6578, 77 ] xT=false
MEMBER stv 5/3 6/5 -17/10 shape=[ 1, 1, 2, 2 ] tors=[ 4, 4 ] order4=12 norm111=0 xTpass=0
  D4 above=T1 pat=000 resclass=[ -6402957979, -3728304646, 3634 ] xT=false
  D4 above=T1 pat=000 resclass=[ -6402957979, -3728304646, 3634 ] xT=false
  D4 above=T3 pat=000 resclass=[ 3634, 11, 39974 ] xT=false
  D4 above=T2 pat=000 resclass=[ -3728304646, -338936786, 11 ] xT=false
  D4 above=T3 pat=000 resclass=[ 3634, 11, 39974 ] xT=false
  D4 above=T2 pat=000 resclass=[ -3728304646, -338936786, 11 ] xT=false
  D4 above=T1 pat=000 resclass=[ -6402957979, -3728304646, 3634 ] xT=false
  D4 above=T1 pat=000 resclass=[ -6402957979, -3728304646, 3634 ] xT=false
  D4 above=T3 pat=000 resclass=[ 3634, 11, 39974 ] xT=false
  D4 above=T2 pat=000 resclass=[ -3728304646, -338936786, 11 ] xT=false
  D4 above=T3 pat=000 resclass=[ 3634, 11, 39974 ] xT=false
  D4 above=T2 pat=000 resclass=[ -3728304646, -338936786, 11 ] xT=false
MEMBER stv 1 9/13 -11 shape=[ 1, 1, 2, 2 ] tors=[ 4, 4 ] order4=12 norm111=0 xTpass=0
  D4 above=T1 pat=000 resclass=[ 467763130, 1820090, 257 ] xT=false
  D4 above=T1 pat=000 resclass=[ 467763130, 1820090, 257 ] xT=false
  D4 above=T2 pat=000 resclass=[ 1820090, -10010495, -22 ] xT=false
  D4 above=T3 pat=000 resclass=[ 257, -22, -5654 ] xT=false
  D4 above=T2 pat=000 resclass=[ 1820090, -10010495, -22 ] xT=false
  D4 above=T3 pat=000 resclass=[ 257, -22, -5654 ] xT=false
  D4 above=T1 pat=000 resclass=[ 467763130, 1820090, 257 ] xT=false
  D4 above=T1 pat=000 resclass=[ 467763130, 1820090, 257 ] xT=false
  D4 above=T2 pat=000 resclass=[ 1820090, -10010495, -22 ] xT=false
  D4 above=T3 pat=000 resclass=[ 257, -22, -5654 ] xT=false
  D4 above=T2 pat=000 resclass=[ 1820090, -10010495, -22 ] xT=false
  D4 above=T3 pat=000 resclass=[ 257, -22, -5654 ] xT=false
MEMBER stv 18/19 1/5 5/8 shape=[ 1, 1, 2, 2 ] tors=[ 4, 4 ] order4=12 norm111=0 xTpass=0
  D4 above=T3 pat=000 resclass=[ -151, -6, 906 ] xT=false
  D4 above=T3 pat=000 resclass=[ -151, -6, 906 ] xT=false
  D4 above=T2 pat=000 resclass=[ -9869829, 6579886, -6 ] xT=false
  D4 above=T1 pat=000 resclass=[ 1490344179, -9869829, -151 ] xT=false
  D4 above=T2 pat=000 resclass=[ -9869829, 6579886, -6 ] xT=false
  D4 above=T1 pat=000 resclass=[ 1490344179, -9869829, -151 ] xT=false
  D4 above=T3 pat=000 resclass=[ -151, -6, 906 ] xT=false
  D4 above=T3 pat=000 resclass=[ -151, -6, 906 ] xT=false
  D4 above=T2 pat=000 resclass=[ -9869829, 6579886, -6 ] xT=false
  D4 above=T1 pat=000 resclass=[ 1490344179, -9869829, -151 ] xT=false
  D4 above=T2 pat=000 resclass=[ -9869829, 6579886, -6 ] xT=false
  D4 above=T1 pat=000 resclass=[ 1490344179, -9869829, -151 ] xT=false
MEMBER stv 10 11/4 -7 shape=[ 1, 1, 2, 2 ] tors=[ 4, 4 ] order4=12 norm111=0 xTpass=0
  D4 above=T3 pat=000 resclass=[ 583, 105, 61215 ] xT=false
  D4 above=T3 pat=000 resclass=[ 583, 105, 61215 ] xT=false
  D4 above=T2 pat=000 resclass=[ -11651165, -48934893, 105 ] xT=false
  D4 above=T1 pat=000 resclass=[ -6792629195, -11651165, 583 ] xT=false
  D4 above=T2 pat=000 resclass=[ -11651165, -48934893, 105 ] xT=false
  D4 above=T1 pat=000 resclass=[ -6792629195, -11651165, 583 ] xT=false
  D4 above=T3 pat=000 resclass=[ 583, 105, 61215 ] xT=false
  D4 above=T3 pat=000 resclass=[ 583, 105, 61215 ] xT=false
  D4 above=T2 pat=000 resclass=[ -11651165, -48934893, 105 ] xT=false
  D4 above=T1 pat=000 resclass=[ -6792629195, -11651165, 583 ] xT=false
  D4 above=T2 pat=000 resclass=[ -11651165, -48934893, 105 ] xT=false
  D4 above=T1 pat=000 resclass=[ -6792629195, -11651165, 583 ] xT=false
PART_DONE part=186
