MEMBER stv 1/4 3/2 1 shape=[ 1, 1, 2, 2 ] tors=[ 4, 4 ] order4=12 norm111=0 xTpass=0
  D4 above=T3 pat=000 resclass=[ -6, 5, -30 ] xT=false
  D4 above=T3 pat=000 resclass=[ -6, 5, -30 ] xT=false
  D4 above=T2 pat=000 resclass=[ -595, -119, 5 ] xT=false
  D4 above=T1 pat=000 resclass=[ 3570, -595, -6 ] xT=false
  D4 above=T2 pat=000 resclass=[ -595, -119, 5 ] xT=false
  D4 above=T1 pat=000 resclass=[ 3570, -595, -6 ] xT=false
  D4 above=T3 pat=000 resclass=[ -6, 5, -30 ] xT=false
  D4 above=T3 pat=000 resclass=[ -6, 5, -30 ] xT=false
  D4 above=T2 pat=000 resclass=[ -595, -119, 5 ] xT=false
  D4 above=T1 pat=000 resclass=[ 3570, -595, -6 ] xT=false
  D4 above=T2 pat=000 resclass=[ -595, -119, 5 ] xT=false
  D4 above=T1 pat=000 resclass=[ 3570, -595, -6 ] xT=false
MEMBER stv 1/3 4/3 1/3 shape=[ 1, 1, 2, 2 ] tors=[ 4, 4 ] order4=12 norm111=0 xTpass=0
  D4 above=T1 pat=000 resclass=[ -42, 105, -10 ] xT=false
  D4 above=T1 pat=000 resclass=[ -42, 105, -10 ] xT=false
  D4 above=T2 pat=000 resclass=[ 105, 15, 7 ] xT=false
  D4 above=T3 pat=000 resclass=[ -10, 7, -70 ] xT=false
  D4 above=T2 pat=000 resclass=[ 105, 15, 7 ] xT=false
  D4 above=T3 pat=000 resclass=[ -10, 7, -70 ] xT=false
  D4 above=T1 pat=000 resclass=[ -42, 105, -10 ] xT=false
  D4 above=T1 pat=000 resclass=[ -42, 105, -10 ] xT=false
  D4 above=T2 pat=000 resclass=[ 105, 15, 7 ] xT=false
  D4 above=T3 pat=000 resclass=[ -10, 7, -70 ] xT=false
  D4 above=T2 pat=000 resclass=[ 105, 15, 7 ] xT=false
  D4 above=T3 pat=000 resclass=[ -10, 7, -70 ] xT=false
MEMBER stv 1/2 2/3 2 shape=[ 1, 1, 2, 2 ] tors=[ 4, 4 ] order4=12 norm111=0 xTpass=0
  D4 above=T3 pat=000 resclass=[ -19, -5, 95 ] xT=false
  D4 above=T3 pat=000 resclass=[ -19, -5, 95 ] xT=false
  D4 above=T1 pat=000 resclass=[ 510, -9690, -19 ] xT=false
  D4 above=T2 pat=000 resclass=[ -9690, 1938, -5 ] xT=false
  D4 above=T1 pat=000 resclass=[ 510, -9690, -19 ] xT=false
  D4 above=T2 pat=000 resclass=[ -9690, 1938, -5 ] xT=false
  D4 above=T3 pat=000 resclass=[ -19, -5, 95 ] xT=false
  D4 above=T3 pat=000 resclass=[ -19, -5, 95 ] xT=false
  D4 above=T1 pat=000 resclass=[ 510, -9690, -19 ] xT=false
  D4 above=T2 pat=000 resclass=[ -9690, 1938, -5 ] xT=false
  D4 above=T1 pat=000 resclass=[ 510, -9690, -19 ] xT=false
  D4 above=T2 pat=000 resclass=[ -9690, 1938, -5 ] xT=false
MEMBER stv 2/3 1/2 3/4 shape=[ 1, 1, 2, 2 ] tors=[ 4, 4 ] order4=12 norm111=0 xTpass=0
  D4 above=T2 pat=000 resclass=[ -283, 849, -3 ] xT=false
  D4 above=T2 pat=000 resclass=[ -283, 849, -3 ] xT=false
  D4 above=T1 pat=000 resclass=[ 4811, -283, -17 ] xT=false
  D4 above=T3 pat=000 resclass=[ -17, -3, 51 ] xT=false
  D4 above=T1 pat=000 resclass=[ 4811, -283, -17 ] xT=false
  D4 above=T3 pat=000 resclass=[ -17, -3, 51 ] xT=false
  D4 above=T2 pat=000 resclass=[ -283, 849, -3 ] xT=false
  D4 above=T2 pat=000 resclass=[ -283, 849, -3 ] xT=false
  D4 above=T1 pat=000 resclass=[ 4811, -283, -17 ] xT=false
  D4 above=T3 pat=000 resclass=[ -17, -3, 51 ] xT=false
  D4 above=T1 pat=000 resclass=[ 4811, -283, -17 ] xT=false
  D4 above=T3 pat=000 resclass=[ -17, -3, 51 ] xT=false
MEMBER stv 3/4 1/3 1/4 shape=[ 1, 1, 2, 2 ] tors=[ 4, 4 ] order4=12 norm111=0 xTpass=0
  D4 above=T1 pat=000 resclass=[ 260185870, -881986, -295 ] xT=false
  D4 above=T1 pat=000 resclass=[ 260185870, -881986, -295 ] xT=false
  D4 above=T2 pat=000 resclass=[ -881986, 440993, -2 ] xT=false
  D4 above=T3 pat=000 resclass=[ -295, -2, 590 ] xT=false
  D4 above=T2 pat=000 resclass=[ -881986, 440993, -2 ] xT=false
  D4 above=T3 pat=000 resclass=[ -295, -2, 590 ] xT=false
  D4 above=T1 pat=000 resclass=[ 260185870, -881986, -295 ] xT=false
  D4 above=T1 pat=000 resclass=[ 260185870, -881986, -295 ] xT=false
  D4 above=T2 pat=000 resclass=[ -881986, 440993, -2 ] xT=false
  D4 above=T3 pat=000 resclass=[ -295, -2, 590 ] xT=false
  D4 above=T2 pat=000 resclass=[ -881986, 440993, -2 ] xT=false
  D4 above=T3 pat=000 resclass=[ -295, -2, 590 ] xT=false
MEMBER stv 3/4 4 3/2 shape=[ 1, 1, 2, 2 ] tors=[ 4, 4 ] order4=12 norm111=0 xTpass=0
  D4 above=T3 pat=000 resclass=[ -399, 15, -665 ] xT=false
  D4 above=T3 pat=000 resclass=[ -399, 15, -665 ] xT=false
  D4 above=T2 pat=000 resclass=[ -6761990, -4057194, 15 ] xT=false
  D4 above=T1 pat=000 resclass=[ 2698034010, -6761990, -399 ] xT=false
  D4 above=T2 pat=000 resclass=[ -6761990, -4057194, 15 ] xT=false
  D4 above=T1 pat=000 resclass=[ 2698034010, -6761990, -399 ] xT=false
  D4 above=T3 pat=000 resclass=[ -399, 15, -665 ] xT=false
  D4 above=T3 pat=000 resclass=[ -399, 15, -665 ] xT=false
  D4 above=T2 pat=000 resclass=[ -6761990, -4057194, 15 ] xT=false
  D4 above=T1 pat=000 resclass=[ 2698034010, -6761990, -399 ] xT=false
  D4 above=T2 pat=000 resclass=[ -6761990, -4057194, 15 ] xT=false
  D4 above=T1 pat=000 resclass=[ 2698034010, -6761990, -399 ] xT=false
MEMBER stv 1 3 2/3 shape=[ 1, 1, 2, 2 ] tors=[ 4, 4 ] order4=12 norm111=0 xTpass=0
  D4 above=T3 pat=000 resclass=[ -7, 2, -14 ] xT=false
  D4 above=T3 pat=000 resclass=[ -7, 2, -14 ] xT=false
  D4 above=T1 pat=000 resclass=[ 14595, -2085, -7 ] xT=false
  D4 above=T2 pat=000 resclass=[ -2085, -4170, 2 ] xT=false
  D4 above=T1 pat=000 resclass=[ 14595, -2085, -7 ] xT=false
  D4 above=T2 pat=000 resclass=[ -2085, -4170, 2 ] xT=false
  D4 above=T3 pat=000 resclass=[ -7, 2, -14 ] xT=false
  D4 above=T3 pat=000 resclass=[ -7, 2, -14 ] xT=false
  D4 above=T1 pat=000 resclass=[ 14595, -2085, -7 ] xT=false
  D4 above=T2 pat=000 resclass=[ -2085, -4170, 2 ] xT=false
  D4 above=T1 pat=000 resclass=[ 14595, -2085, -7 ] xT=false
  D4 above=T2 pat=000 resclass=[ -2085, -4170, 2 ] xT=false
MEMBER stv 4/3 3/2 4 shape=[ 1, 1, 2, 2 ] tors=[ 4, 4 ] order4=12 norm111=0 xTpass=0
  D4 above=T3 pat=000 resclass=[ 31, 5, 155 ] xT=false
  D4 above=T3 pat=000 resclass=[ 31, 5, 155 ] xT=false
  D4 above=T1 pat=000 resclass=[ -1278595, -41245, 31 ] xT=false
  D4 above=T2 pat=000 resclass=[ -41245, -8249, 5 ] xT=false
  D4 above=T1 pat=000 resclass=[ -1278595, -41245, 31 ] xT=false
  D4 above=T2 pat=000 resclass=[ -41245, -8249, 5 ] xT=false
  D4 above=T3 pat=000 resclass=[ 31, 5, 155 ] xT=false
  D4 above=T3 pat=000 resclass=[ 31, 5, 155 ] xT=false
  D4 above=T1 pat=000 resclass=[ -1278595, -41245, 31 ] xT=false
  D4 above=T2 pat=000 resclass=[ -41245, -8249, 5 ] xT=false
  D4 above=T1 pat=000 resclass=[ -1278595, -41245, 31 ] xT=false
  D4 above=T2 pat=000 resclass=[ -41245, -8249, 5 ] xT=false
MEMBER stv 3/2 4/3 4/3 shape=[ 1, 1, 2, 2 ] tors=[ 4, 4 ] order4=12 norm111=0 xTpass=0
  D4 above=T1 pat=000 resclass=[ 488761, 917, 533 ] xT=false
  D4 above=T1 pat=000 resclass=[ 488761, 917, 533 ] xT=false
  D4 above=T2 pat=000 resclass=[ 917, 131, 7 ] xT=false
  D4 above=T3 pat=000 resclass=[ 533, 7, 3731 ] xT=false
  D4 above=T2 pat=000 resclass=[ 917, 131, 7 ] xT=false
  D4 above=T3 pat=000 resclass=[ 533, 7, 3731 ] xT=false
  D4 above=T1 pat=000 resclass=[ 488761, 917, 533 ] xT=false
  D4 above=T1 pat=000 resclass=[ 488761, 917, 533 ] xT=false
  D4 above=T2 pat=000 resclass=[ 917, 131, 7 ] xT=false
  D4 above=T3 pat=000 resclass=[ 533, 7, 3731 ] xT=false
  D4 above=T2 pat=000 resclass=[ 917, 131, 7 ] xT=false
  D4 above=T3 pat=000 resclass=[ 533, 7, 3731 ] xT=false
MEMBER stv 2 3/4 1/2 shape=[ 1, 1, 2, 2 ] tors=[ 4, 4 ] order4=12 norm111=0 xTpass=0
  D4 above=T1 pat=000 resclass=[ -861, -3731, 39 ] xT=false
  D4 above=T1 pat=000 resclass=[ -861, -3731, 39 ] xT=false
  D4 above=T2 pat=000 resclass=[ -3731, 533, -7 ] xT=false
  D4 above=T3 pat=000 resclass=[ 39, -7, -273 ] xT=false
  D4 above=T2 pat=000 resclass=[ -3731, 533, -7 ] xT=false
  D4 above=T3 pat=000 resclass=[ 39, -7, -273 ] xT=false
  D4 above=T1 pat=000 resclass=[ -861, -3731, 39 ] xT=false
  D4 above=T1 pat=000 resclass=[ -861, -3731, 39 ] xT=false
  D4 above=T2 pat=000 resclass=[ -3731, 533, -7 ] xT=false
  D4 above=T3 pat=000 resclass=[ 39, -7, -273 ] xT=false
  D4 above=T2 pat=000 resclass=[ -3731, 533, -7 ] xT=false
  D4 above=T3 pat=000 resclass=[ 39, -7, -273 ] xT=false
MEMBER stv 3 1/2 3 shape=[ 1, 1, 1, 1, 2 ] tors=[ 2, 4, 4 ] order4=24 norm111=0 xTpass=0
  D4 above=T3 pat=000 resclass=[ 15, 3, 5 ] xT=false
  D4 above=T3 pat=000 resclass=[ 15, -3, -5 ] xT=false
  D4 above=T3 pat=000 resclass=[ 15, 3, 5 ] xT=false
  D4 above=T3 pat=000 resclass=[ 15, -3, -5 ] xT=false
  D4 above=T2 pat=000 resclass=[ -3199, 9597, -3 ] xT=false
  D4 above=T2 pat=000 resclass=[ -3199, -9597, 3 ] xT=false
  D4 above=T1 pat=000 resclass=[ -47985, 3199, -15 ] xT=false
  D4 above=T1 pat=000 resclass=[ -47985, -3199, 15 ] xT=false
  D4 above=T2 pat=000 resclass=[ -3199, 9597, -3 ] xT=false
  D4 above=T2 pat=000 resclass=[ -3199, -9597, 3 ] xT=false
  D4 above=T1 pat=000 resclass=[ -47985, 3199, -15 ] xT=false
  D4 above=T1 pat=000 resclass=[ -47985, -3199, 15 ] xT=false
  D4 above=T3 pat=000 resclass=[ 15, 3, 5 ] xT=false
  D4 above=T3 pat=000 resclass=[ 15, -3, -5 ] xT=false
  D4 above=T3 pat=000 resclass=[ 15, 3, 5 ] xT=false
  D4 above=T3 pat=000 resclass=[ 15, -3, -5 ] xT=false
  D4 above=T2 pat=000 resclass=[ -3199, 9597, -3 ] xT=false
  D4 above=T2 pat=000 resclass=[ -3199, -9597, 3 ] xT=false
  D4 above=T1 pat=000 resclass=[ -47985, 3199, -15 ] xT=false
  D4 above=T1 pat=000 resclass=[ -47985, -3199, 15 ] xT=false
  D4 above=T2 pat=000 resclass=[ -3199, 9597, -3 ] xT=false
  D4 above=T2 pat=000 resclass=[ -3199, -9597, 3 ] xT=false
  D4 above=T1 pat=000 resclass=[ -47985, 3199, -15 ] xT=false
  D4 above=T1 pat=000 resclass=[ -47985, -3199, 15 ] xT=false
MEMBER stv 4 1/3 1 shape=[ 1, 1, 2, 2 ] tors=[ 4, 4 ] order4=12 norm111=0 xTpass=0
  D4 above=T2 pat=000 resclass=[ -47090, 23545, -2 ] xT=false
  D4 above=T2 pat=000 resclass=[ -47090, 23545, -2 ] xT=false
  D4 above=T3 pat=000 resclass=[ 77, -2, -154 ] xT=false
  D4 above=T1 pat=000 resclass=[ -3625930, -47090, 77 ] xT=false
  D4 above=T3 pat=000 resclass=[ 77, -2, -154 ] xT=false
  D4 above=T1 pat=000 resclass=[ -3625930, -47090, 77 ] xT=false
  D4 above=T2 pat=000 resclass=[ -47090, 23545, -2 ] xT=false
  D4 above=T2 pat=000 resclass=[ -47090, 23545, -2 ] xT=false
  D4 above=T3 pat=000 resclass=[ 77, -2, -154 ] xT=false
  D4 above=T1 pat=000 resclass=[ -3625930, -47090, 77 ] xT=false
  D4 above=T3 pat=000 resclass=[ 77, -2, -154 ] xT=false
  D4 above=T1 pat=000 resclass=[ -3625930, -47090, 77 ] xT=false
MEMBER stv 1/9 7/19 5/4 shape=[ 1, 1, 2, 2 ] tors=[ 4, 4 ] order4=12 norm111=0 xTpass=0
  D4 above=T3 pat=000 resclass=[ -7754543, -78, 604854354 ] xT=false
  D4 above=T3 pat=000 resclass=[ -7754543, -78, 604854354 ] xT=false
  D4 above=T2 pat=000 resclass=[ -128486096310, 1647257645, -78 ] xT=false
  D4 above=T1 pat=000 resclass=[ 996350958738036330, -128486096310, -7754543 ] xT=false
  D4 above=T2 pat=000 resclass=[ -128486096310, 1647257645, -78 ] xT=false
  D4 above=T1 pat=000 resclass=[ 996350958738036330, -128486096310, -7754543 ] xT=false
  D4 above=T3 pat=000 resclass=[ -7754543, -78, 604854354 ] xT=false
  D4 above=T3 pat=000 resclass=[ -7754543, -78, 604854354 ] xT=false
  D4 above=T2 pat=000 resclass=[ -128486096310, 1647257645, -78 ] xT=false
  D4 above=T1 pat=000 resclass=[ 996350958738036330, -128486096310, -7754543 ] xT=false
  D4 above=T2 pat=000 resclass=[ -128486096310, 1647257645, -78 ] xT=false
  D4 above=T1 pat=000 resclass=[ 996350958738036330, -128486096310, -7754543 ] xT=false
MEMBER stv 17/7 1/12 -5/3 shape=[ 1, 1, 2, 2 ] tors=[ 4, 4 ] order4=12 norm111=0 xTpass=0
  D4 above=T2 pat=000 resclass=[ 620127852630, -4336558410, -143 ] xT=false
  D4 above=T2 pat=000 resclass=[ 620127852630, -4336558410, -143 ] xT=false
  D4 above=T3 pat=000 resclass=[ 4990703, -143, -713670529 ] xT=false
  D4 above=T1 pat=000 resclass=[ 3094873934504098890, 620127852630, 4990703 ] xT=false
  D4 above=T3 pat=000 resclass=[ 4990703, -143, -713670529 ] xT=false
  D4 above=T1 pat=000 resclass=[ 3094873934504098890, 620127852630, 4990703 ] xT=false
  D4 above=T2 pat=000 resclass=[ 620127852630, -4336558410, -143 ] xT=false
  D4 above=T2 pat=000 resclass=[ 620127852630, -4336558410, -143 ] xT=false
  D4 above=T3 pat=000 resclass=[ 4990703, -143, -713670529 ] xT=false
  D4 above=T1 pat=000 resclass=[ 3094873934504098890, 620127852630, 4990703 ] xT=false
  D4 above=T3 pat=000 resclass=[ 4990703, -143, -713670529 ] xT=false
  D4 above=T1 pat=000 resclass=[ 3094873934504098890, 620127852630, 4990703 ] xT=false
MEMBER stv 4/19 1/6 -3/5 shape=[ 1, 1, 2, 2 ] tors=[ 4, 4 ] order4=12 norm111=0 xTpass=0
  D4 above=T1 pat=000 resclass=[ -78963283058471, 187343639, -421489 ] xT=false
  D4 above=T1 pat=000 resclass=[ -78963283058471, 187343639, -421489 ] xT=false
  D4 above=T3 pat=000 resclass=[ -421489, -35, 14752115 ] xT=false
  D4 above=T2 pat=000 resclass=[ 187343639, -133816885, -35 ] xT=false
  D4 above=T3 pat=000 resclass=[ -421489, -35, 14752115 ] xT=false
  D4 above=T2 pat=000 resclass=[ 187343639, -133816885, -35 ] xT=false
  D4 above=T1 pat=000 resclass=[ -78963283058471, 187343639, -421489 ] xT=false
  D4 above=T1 pat=000 resclass=[ -78963283058471, 187343639, -421489 ] xT=false
  D4 above=T3 pat=000 resclass=[ -421489, -35, 14752115 ] xT=false
  D4 above=T2 pat=000 resclass=[ 187343639, -133816885, -35 ] xT=false
  D4 above=T3 pat=000 resclass=[ -421489, -35, 14752115 ] xT=false
  D4 above=T2 pat=000 resclass=[ 187343639, -133816885, -35 ] xT=false
MEMBER stv 17/4 5 20/3 shape=[ 1, 1, 2, 2 ] tors=[ 4, 4 ] order4=12 norm111=0 xTpass=0
  D4 above=T1 pat=000 resclass=[ 6053679989770, -678131510, -8927 ] xT=false
  D4 above=T1 pat=000 resclass=[ 6053679989770, -678131510, -8927 ] xT=false
  D4 above=T3 pat=000 resclass=[ -8927, 6, -53562 ] xT=false
  D4 above=T2 pat=000 resclass=[ -678131510, -1017197265, 6 ] xT=false
  D4 above=T3 pat=000 resclass=[ -8927, 6, -53562 ] xT=false
  D4 above=T2 pat=000 resclass=[ -678131510, -1017197265, 6 ] xT=false
  D4 above=T1 pat=000 resclass=[ 6053679989770, -678131510, -8927 ] xT=false
  D4 above=T1 pat=000 resclass=[ 6053679989770, -678131510, -8927 ] xT=false
  D4 above=T3 pat=000 resclass=[ -8927, 6, -53562 ] xT=false
  D4 above=T2 pat=000 resclass=[ -678131510, -1017197265, 6 ] xT=false
  D4 above=T3 pat=000 resclass=[ -8927, 6, -53562 ] xT=false
  D4 above=T2 pat=000 resclass=[ -678131510, -1017197265, 6 ] xT=false
PART_DONE part=187
