MEMBER stv 1/4 3/2 -1 shape=[ 1, 1, 2, 2 ] tors=[ 4, 4 ] order4=12 norm111=0 xTpass=0
  D4 above=T1 pat=000 resclass=[ 30, -5, -6 ] xT=false
  D4 above=T1 pat=000 resclass=[ 30, -5, -6 ] xT=false
  D4 above=T3 pat=000 resclass=[ -6, 5, -30 ] xT=false
  D4 above=T2 pat=000 resclass=[ -5, -1, 5 ] xT=false
  D4 above=T3 pat=000 resclass=[ -6, 5, -30 ] xT=false
  D4 above=T2 pat=000 resclass=[ -5, -1, 5 ] xT=false
  D4 above=T1 pat=000 resclass=[ 30, -5, -6 ] xT=false
  D4 above=T1 pat=000 resclass=[ 30, -5, -6 ] xT=false
  D4 above=T3 pat=000 resclass=[ -6, 5, -30 ] xT=false
  D4 above=T2 pat=000 resclass=[ -5, -1, 5 ] xT=false
  D4 above=T3 pat=000 resclass=[ -6, 5, -30 ] xT=false
  D4 above=T2 pat=000 resclass=[ -5, -1, 5 ] xT=false
MEMBER stv 1/3 4/3 -1/3 shape=[ 1, 1, 2, 2 ] tors=[ 4, 4 ] order4=12 norm111=0 xTpass=0
  D4 above=T2 pat=000 resclass=[ -47229, -6747, 7 ] xT=false
  D4 above=T2 pat=000 resclass=[ -47229, -6747, 7 ] xT=false
  D4 above=T3 pat=000 resclass=[ -10, 7, -70 ] xT=false
  D4 above=T1 pat=000 resclass=[ 472290, -47229, -10 ] xT=false
  D4 above=T3 pat=000 resclass=[ -10, 7, -70 ] xT=false
  D4 above=T1 pat=000 resclass=[ 472290, -47229, -10 ] xT=false
  D4 above=T2 pat=000 resclass=[ -47229, -6747, 7 ] xT=false
  D4 above=T2 pat=000 resclass=[ -47229, -6747, 7 ] xT=false
  D4 above=T3 pat=000 resclass=[ -10, 7, -70 ] xT=false
  D4 above=T1 pat=000 resclass=[ 472290, -47229, -10 ] xT=false
  D4 above=T3 pat=000 resclass=[ -10, 7, -70 ] xT=false
  D4 above=T1 pat=000 resclass=[ 472290, -47229, -10 ] xT=false
MEMBER stv 1/2 2/3 -2 shape=[ 1, 1, 2, 2 ] tors=[ 4, 4 ] order4=12 norm111=0 xTpass=0
  D4 above=T2 pat=000 resclass=[ 10, -2, -5 ] xT=false
  D4 above=T2 pat=000 resclass=[ 10, -2, -5 ] xT=false
  D4 above=T3 pat=000 resclass=[ -19, -5, 95 ] xT=false
  D4 above=T1 pat=000 resclass=[ -190, 10, -19 ] xT=false
  D4 above=T3 pat=000 resclass=[ -19, -5, 95 ] xT=false
  D4 above=T1 pat=000 resclass=[ -190, 10, -19 ] xT=false
  D4 above=T2 pat=000 resclass=[ 10, -2, -5 ] xT=false
  D4 above=T2 pat=000 resclass=[ 10, -2, -5 ] xT=false
  D4 above=T3 pat=000 resclass=[ -19, -5, 95 ] xT=false
  D4 above=T1 pat=000 resclass=[ -190, 10, -19 ] xT=false
  D4 above=T3 pat=000 resclass=[ -19, -5, 95 ] xT=false
  D4 above=T1 pat=000 resclass=[ -190, 10, -19 ] xT=false
MEMBER stv 2/3 1/2 -3/4 shape=[ 1, 1, 2, 2 ] tors=[ 4, 4 ] order4=12 norm111=0 xTpass=0
  D4 above=T2 pat=000 resclass=[ 202, -606, -3 ] xT=false
  D4 above=T2 pat=000 resclass=[ 202, -606, -3 ] xT=false
  D4 above=T3 pat=000 resclass=[ -17, -3, 51 ] xT=false
  D4 above=T1 pat=000 resclass=[ -3434, 202, -17 ] xT=false
  D4 above=T3 pat=000 resclass=[ -17, -3, 51 ] xT=false
  D4 above=T1 pat=000 resclass=[ -3434, 202, -17 ] xT=false
  D4 above=T2 pat=000 resclass=[ 202, -606, -3 ] xT=false
  D4 above=T2 pat=000 resclass=[ 202, -606, -3 ] xT=false
  D4 above=T3 pat=000 resclass=[ -17, -3, 51 ] xT=false
  D4 above=T1 pat=000 resclass=[ -3434, 202, -17 ] xT=false
  D4 above=T3 pat=000 resclass=[ -17, -3, 51 ] xT=false
  D4 above=T1 pat=000 resclass=[ -3434, 202, -17 ] xT=false
MEMBER stv 3/4 1/3 -1/4 shape=[ 1, 1, 2, 2 ] tors=[ 4, 4 ] order4=12 norm111=0 xTpass=0
  D4 above=T1 pat=000 resclass=[ -5616446, 475970, -295 ] xT=false
  D4 above=T1 pat=000 resclass=[ -5616446, 475970, -295 ] xT=false
  D4 above=T2 pat=000 resclass=[ 475970, -237985, -2 ] xT=false
  D4 above=T3 pat=000 resclass=[ -295, -2, 590 ] xT=false
  D4 above=T2 pat=000 resclass=[ 475970, -237985, -2 ] xT=false
  D4 above=T3 pat=000 resclass=[ -295, -2, 590 ] xT=false
  D4 above=T1 pat=000 resclass=[ -5616446, 475970, -295 ] xT=false
  D4 above=T1 pat=000 resclass=[ -5616446, 475970, -295 ] xT=false
  D4 above=T2 pat=000 resclass=[ 475970, -237985, -2 ] xT=false
  D4 above=T3 pat=000 resclass=[ -295, -2, 590 ] xT=false
  D4 above=T2 pat=000 resclass=[ 475970, -237985, -2 ] xT=false
  D4 above=T3 pat=000 resclass=[ -295, -2, 590 ] xT=false
MEMBER stv 3/4 4 -3/2 shape=[ 1, 1, 2, 2 ] tors=[ 4, 4 ] order4=12 norm111=0 xTpass=0
  D4 above=T3 pat=000 resclass=[ -399, 15, -665 ] xT=false
  D4 above=T3 pat=000 resclass=[ -399, 15, -665 ] xT=false
  D4 above=T1 pat=000 resclass=[ 367878, -922, -399 ] xT=false
  D4 above=T2 pat=000 resclass=[ -922, -13830, 15 ] xT=false
  D4 above=T1 pat=000 resclass=[ 367878, -922, -399 ] xT=false
  D4 above=T2 pat=000 resclass=[ -922, -13830, 15 ] xT=false
  D4 above=T3 pat=000 resclass=[ -399, 15, -665 ] xT=false
  D4 above=T3 pat=000 resclass=[ -399, 15, -665 ] xT=false
  D4 above=T1 pat=000 resclass=[ 367878, -922, -399 ] xT=false
  D4 above=T2 pat=000 resclass=[ -922, -13830, 15 ] xT=false
  D4 above=T1 pat=000 resclass=[ 367878, -922, -399 ] xT=false
  D4 above=T2 pat=000 resclass=[ -922, -13830, 15 ] xT=false
MEMBER stv 1 3 -2/3 shape=[ 1, 1, 2, 2 ] tors=[ 4, 4 ] order4=12 norm111=0 xTpass=0
  D4 above=T1 pat=000 resclass=[ 3045, -435, -7 ] xT=false
  D4 above=T1 pat=000 resclass=[ 3045, -435, -7 ] xT=false
  D4 above=T2 pat=000 resclass=[ -435, -870, 2 ] xT=false
  D4 above=T3 pat=000 resclass=[ -7, 2, -14 ] xT=false
  D4 above=T2 pat=000 resclass=[ -435, -870, 2 ] xT=false
  D4 above=T3 pat=000 resclass=[ -7, 2, -14 ] xT=false
  D4 above=T1 pat=000 resclass=[ 3045, -435, -7 ] xT=false
  D4 above=T1 pat=000 resclass=[ 3045, -435, -7 ] xT=false
  D4 above=T2 pat=000 resclass=[ -435, -870, 2 ] xT=false
  D4 above=T3 pat=000 resclass=[ -7, 2, -14 ] xT=false
  D4 above=T2 pat=000 resclass=[ -435, -870, 2 ] xT=false
  D4 above=T3 pat=000 resclass=[ -7, 2, -14 ] xT=false
MEMBER stv 4/3 3/2 -4 shape=[ 1, 1, 2, 2 ] tors=[ 4, 4 ] order4=12 norm111=0 xTpass=0
  D4 above=T2 pat=000 resclass=[ 2035, 407, 5 ] xT=false
  D4 above=T2 pat=000 resclass=[ 2035, 407, 5 ] xT=false
  D4 above=T1 pat=000 resclass=[ 63085, 2035, 31 ] xT=false
  D4 above=T3 pat=000 resclass=[ 31, 5, 155 ] xT=false
  D4 above=T1 pat=000 resclass=[ 63085, 2035, 31 ] xT=false
  D4 above=T3 pat=000 resclass=[ 31, 5, 155 ] xT=false
  D4 above=T2 pat=000 resclass=[ 2035, 407, 5 ] xT=false
  D4 above=T2 pat=000 resclass=[ 2035, 407, 5 ] xT=false
  D4 above=T1 pat=000 resclass=[ 63085, 2035, 31 ] xT=false
  D4 above=T3 pat=000 resclass=[ 31, 5, 155 ] xT=false
  D4 above=T1 pat=000 resclass=[ 63085, 2035, 31 ] xT=false
  D4 above=T3 pat=000 resclass=[ 31, 5, 155 ] xT=false
MEMBER stv 3/2 4/3 -4/3 shape=[ 1, 1, 2, 2 ] tors=[ 4, 4 ] order4=12 norm111=0 xTpass=0
  D4 above=T3 pat=000 resclass=[ 533, 7, 3731 ] xT=false
  D4 above=T3 pat=000 resclass=[ 533, 7, 3731 ] xT=false
  D4 above=T1 pat=000 resclass=[ -70889, -133, 533 ] xT=false
  D4 above=T2 pat=000 resclass=[ -133, -19, 7 ] xT=false
  D4 above=T1 pat=000 resclass=[ -70889, -133, 533 ] xT=false
  D4 above=T2 pat=000 resclass=[ -133, -19, 7 ] xT=false
  D4 above=T3 pat=000 resclass=[ 533, 7, 3731 ] xT=false
  D4 above=T3 pat=000 resclass=[ 533, 7, 3731 ] xT=false
  D4 above=T1 pat=000 resclass=[ -70889, -133, 533 ] xT=false
  D4 above=T2 pat=000 resclass=[ -133, -19, 7 ] xT=false
  D4 above=T1 pat=000 resclass=[ -70889, -133, 533 ] xT=false
  D4 above=T2 pat=000 resclass=[ -133, -19, 7 ] xT=false
MEMBER stv 2 3/4 -1/2 shape=[ 1, 1, 2, 2 ] tors=[ 4, 4 ] order4=12 norm111=0 xTpass=0
  D4 above=T2 pat=000 resclass=[ 161, -23, -7 ] xT=false
  D4 above=T2 pat=000 resclass=[ 161, -23, -7 ] xT=false
  D4 above=T3 pat=000 resclass=[ 39, -7, -273 ] xT=false
  D4 above=T1 pat=000 resclass=[ 6279, 161, 39 ] xT=false
  D4 above=T3 pat=000 resclass=[ 39, -7, -273 ] xT=false
  D4 above=T1 pat=000 resclass=[ 6279, 161, 39 ] xT=false
  D4 above=T2 pat=000 resclass=[ 161, -23, -7 ] xT=false
  D4 above=T2 pat=000 resclass=[ 161, -23, -7 ] xT=false
  D4 above=T3 pat=000 resclass=[ 39, -7, -273 ] xT=false
  D4 above=T1 pat=000 resclass=[ 6279, 161, 39 ] xT=false
  D4 above=T3 pat=000 resclass=[ 39, -7, -273 ] xT=false
  D4 above=T1 pat=000 resclass=[ 6279, 161, 39 ] xT=false
MEMBER stv 3 1/2 -3 shape=[ 1, 1, 1, 1, 2 ] tors=[ 2, 4, 4 ] order4=24 norm111=0 xTpass=0
  D4 above=T2 pat=000 resclass=[ 442, -1326, -3 ] xT=false
  D4 above=T2 pat=000 resclass=[ 442, 1326, 3 ] xT=false
  D4 above=T2 pat=000 resclass=[ 442, -1326, -3 ] xT=false
  D4 above=T2 pat=000 resclass=[ 442, 1326, 3 ] xT=false
  D4 above=T1 pat=000 resclass=[ 6630, 442, 15 ] xT=false
  D4 above=T1 pat=000 resclass=[ 6630, -442, -15 ] xT=false
  D4 above=T3 pat=000 resclass=[ 15, -3, -5 ] xT=false
  D4 above=T3 pat=000 resclass=[ 15, 3, 5 ] xT=false
  D4 above=T1 pat=000 resclass=[ 6630, 442, 15 ] xT=false
  D4 above=T1 pat=000 resclass=[ 6630, -442, -15 ] xT=false
  D4 above=T3 pat=000 resclass=[ 15, -3, -5 ] xT=false
  D4 above=T3 pat=000 resclass=[ 15, 3, 5 ] xT=false
  D4 above=T2 pat=000 resclass=[ 442, -1326, -3 ] xT=false
  D4 above=T2 pat=000 resclass=[ 442, 1326, 3 ] xT=false
  D4 above=T2 pat=000 resclass=[ 442, -1326, -3 ] xT=false
  D4 above=T2 pat=000 resclass=[ 442, 1326, 3 ] xT=false
  D4 above=T1 pat=000 resclass=[ 6630, 442, 15 ] xT=false
  D4 above=T1 pat=000 resclass=[ 6630, -442, -15 ] xT=false
  D4 above=T3 pat=000 resclass=[ 15, -3, -5 ] xT=false
  D4 above=T3 pat=000 resclass=[ 15, 3, 5 ] xT=false
  D4 above=T1 pat=000 resclass=[ 6630, 442, 15 ] xT=false
  D4 above=T1 pat=000 resclass=[ 6630, -442, -15 ] xT=false
  D4 above=T3 pat=000 resclass=[ 15, -3, -5 ] xT=false
  D4 above=T3 pat=000 resclass=[ 15, 3, 5 ] xT=false
MEMBER stv 4 1/3 -1 shape=[ 1, 1, 2, 2 ] tors=[ 4, 4 ] order4=12 norm111=0 xTpass=0
  D4 above=T3 pat=000 resclass=[ 77, -2, -154 ] xT=false
  D4 above=T3 pat=000 resclass=[ 77, -2, -154 ] xT=false
  D4 above=T1 pat=000 resclass=[ 2825130, 36690, 77 ] xT=false
  D4 above=T2 pat=000 resclass=[ 36690, -18345, -2 ] xT=false
  D4 above=T1 pat=000 resclass=[ 2825130, 36690, 77 ] xT=false
  D4 above=T2 pat=000 resclass=[ 36690, -18345, -2 ] xT=false
  D4 above=T3 pat=000 resclass=[ 77, -2, -154 ] xT=false
  D4 above=T3 pat=000 resclass=[ 77, -2, -154 ] xT=false
  D4 above=T1 pat=000 resclass=[ 2825130, 36690, 77 ] xT=false
  D4 above=T2 pat=000 resclass=[ 36690, -18345, -2 ] xT=false
  D4 above=T1 pat=000 resclass=[ 2825130, 36690, 77 ] xT=false
  D4 above=T2 pat=000 resclass=[ 36690, -18345, -2 ] xT=false
MEMBER stv 13/3 9/19 20/9 shape=[ 1, 1, 2, 2 ] tors=[ 4, 4 ] order4=12 norm111=0 xTpass=0
  D4 above=T3 pat=000 resclass=[ 21318649, -70, -1492305430 ] xT=false
  D4 above=T3 pat=000 resclass=[ 21318649, -70, -1492305430 ] xT=false
  D4 above=T2 pat=000 resclass=[ -22052548302974, 7875910108205, -70 ] xT=false
  D4 above=T1 pat=000 resclass=[ -470130536826648362126, -22052548302974, 21318649 ] xT=false
  D4 above=T2 pat=000 resclass=[ -22052548302974, 7875910108205, -70 ] xT=false
  D4 above=T1 pat=000 resclass=[ -470130536826648362126, -22052548302974, 21318649 ] xT=false
  D4 above=T3 pat=000 resclass=[ 21318649, -70, -1492305430 ] xT=false
  D4 above=T3 pat=000 resclass=[ 21318649, -70, -1492305430 ] xT=false
  D4 above=T2 pat=000 resclass=[ -22052548302974, 7875910108205, -70 ] xT=false
  D4 above=T1 pat=000 resclass=[ -470130536826648362126, -22052548302974, 21318649 ] xT=false
  D4 above=T2 pat=000 resclass=[ -22052548302974, 7875910108205, -70 ] xT=false
  D4 above=T1 pat=000 resclass=[ -470130536826648362126, -22052548302974, 21318649 ] xT=false
MEMBER stv 1/2 3/20 19/17 shape=[ 1, 1, 2, 2 ] tors=[ 4, 4 ] order4=12 norm111=0 xTpass=0
  D4 above=T2 pat=000 resclass=[ -14983123151, 11074482329, -391 ] xT=false
  D4 above=T2 pat=000 resclass=[ -14983123151, 11074482329, -391 ] xT=false
  D4 above=T1 pat=000 resclass=[ 1691309924408031, -14983123151, -112881 ] xT=false
  D4 above=T3 pat=000 resclass=[ -112881, -391, 44136471 ] xT=false
  D4 above=T1 pat=000 resclass=[ 1691309924408031, -14983123151, -112881 ] xT=false
  D4 above=T3 pat=000 resclass=[ -112881, -391, 44136471 ] xT=false
  D4 above=T2 pat=000 resclass=[ -14983123151, 11074482329, -391 ] xT=false
  D4 above=T2 pat=000 resclass=[ -14983123151, 11074482329, -391 ] xT=false
  D4 above=T1 pat=000 resclass=[ 1691309924408031, -14983123151, -112881 ] xT=false
  D4 above=T3 pat=000 resclass=[ -112881, -391, 44136471 ] xT=false
  D4 above=T1 pat=000 resclass=[ 1691309924408031, -14983123151, -112881 ] xT=false
  D4 above=T3 pat=000 resclass=[ -112881, -391, 44136471 ] xT=false
MEMBER stv 2 12/13 10/3 shape=[ 1, 1, 2, 2 ] tors=[ 4, 4 ] order4=12 norm111=0 xTpass=0
  D4 above=T2 pat=000 resclass=[ -1630718670, 1630718670, -1 ] xT=false
  D4 above=T2 pat=000 resclass=[ -1630718670, 1630718670, -1 ] xT=false
  D4 above=T1 pat=000 resclass=[ -170138314570, -1630718670, 939 ] xT=false
  D4 above=T3 pat=000 resclass=[ 939, -1, -939 ] xT=false
  D4 above=T1 pat=000 resclass=[ -170138314570, -1630718670, 939 ] xT=false
  D4 above=T3 pat=000 resclass=[ 939, -1, -939 ] xT=false
  D4 above=T2 pat=000 resclass=[ -1630718670, 1630718670, -1 ] xT=false
  D4 above=T2 pat=000 resclass=[ -1630718670, 1630718670, -1 ] xT=false
  D4 above=T1 pat=000 resclass=[ -170138314570, -1630718670, 939 ] xT=false
  D4 above=T3 pat=000 resclass=[ 939, -1, -939 ] xT=false
  D4 above=T1 pat=000 resclass=[ -170138314570, -1630718670, 939 ] xT=false
  D4 above=T3 pat=000 resclass=[ 939, -1, -939 ] xT=false
MEMBER stv 11 17/5 -17/18 shape=[ 1, 1, 2, 2 ] tors=[ 4, 4 ] order4=12 norm111=0 xTpass=0
  D4 above=T1 pat=001 resclass=[ 25916866503, 25916866503, 1 ] xT=false
  D4 above=T1 pat=001 resclass=[ 25916866503, 25916866503, 1 ] xT=false
  D4 above=T2 pat=000 resclass=[ 25916866503, 1570719182, 66 ] xT=false
  D4 above=T3 pat=100 resclass=[ 1, 66, 66 ] xT=false
  D4 above=T2 pat=000 resclass=[ 25916866503, 1570719182, 66 ] xT=false
  D4 above=T3 pat=100 resclass=[ 1, 66, 66 ] xT=false
  D4 above=T1 pat=001 resclass=[ 25916866503, 25916866503, 1 ] xT=false
  D4 above=T1 pat=001 resclass=[ 25916866503, 25916866503, 1 ] xT=false
  D4 above=T2 pat=000 resclass=[ 25916866503, 1570719182, 66 ] xT=false
  D4 above=T3 pat=100 resclass=[ 1, 66, 66 ] xT=false
  D4 above=T2 pat=000 resclass=[ 25916866503, 1570719182, 66 ] xT=false
  D4 above=T3 pat=100 resclass=[ 1, 66, 66 ] xT=false
PART_DONE part=188
