MEMBER stv 1/4 3/2 4/3 shape=[ 1, 1, 2, 2 ] tors=[ 4, 4 ] order4=12 norm111=0 xTpass=0
  D4 above=T2 pat=000 resclass=[ -390, -78, 5 ] xT=false
  D4 above=T2 pat=000 resclass=[ -390, -78, 5 ] xT=false
  D4 above=T1 pat=000 resclass=[ 65, -390, -6 ] xT=false
  D4 above=T3 pat=000 resclass=[ -6, 5, -30 ] xT=false
  D4 above=T1 pat=000 resclass=[ 65, -390, -6 ] xT=false
  D4 above=T3 pat=000 resclass=[ -6, 5, -30 ] xT=false
  D4 above=T2 pat=000 resclass=[ -390, -78, 5 ] xT=false
  D4 above=T2 pat=000 resclass=[ -390, -78, 5 ] xT=false
  D4 above=T1 pat=000 resclass=[ 65, -390, -6 ] xT=false
  D4 above=T3 pat=000 resclass=[ -6, 5, -30 ] xT=false
  D4 above=T1 pat=000 resclass=[ 65, -390, -6 ] xT=false
  D4 above=T3 pat=000 resclass=[ -6, 5, -30 ] xT=false
MEMBER stv 1/3 4/3 1/2 shape=[ 1, 1, 2, 2 ] tors=[ 4, 4 ] order4=12 norm111=0 xTpass=0
  D4 above=T2 pat=000 resclass=[ 15694, 2242, 7 ] xT=false
  D4 above=T2 pat=000 resclass=[ 15694, 2242, 7 ] xT=false
  D4 above=T1 pat=000 resclass=[ -39235, 15694, -10 ] xT=false
  D4 above=T3 pat=000 resclass=[ -10, 7, -70 ] xT=false
  D4 above=T1 pat=000 resclass=[ -39235, 15694, -10 ] xT=false
  D4 above=T3 pat=000 resclass=[ -10, 7, -70 ] xT=false
  D4 above=T2 pat=000 resclass=[ 15694, 2242, 7 ] xT=false
  D4 above=T2 pat=000 resclass=[ 15694, 2242, 7 ] xT=false
  D4 above=T1 pat=000 resclass=[ -39235, 15694, -10 ] xT=false
  D4 above=T3 pat=000 resclass=[ -10, 7, -70 ] xT=false
  D4 above=T1 pat=000 resclass=[ -39235, 15694, -10 ] xT=false
  D4 above=T3 pat=000 resclass=[ -10, 7, -70 ] xT=false
MEMBER stv 1/2 2/3 3 shape=[ 1, 1, 2, 2 ] tors=[ 4, 4 ] order4=12 norm111=0 xTpass=0
  D4 above=T2 pat=000 resclass=[ -9415, 1883, -5 ] xT=false
  D4 above=T2 pat=000 resclass=[ -9415, 1883, -5 ] xT=false
  D4 above=T1 pat=000 resclass=[ 178885, -9415, -19 ] xT=false
  D4 above=T3 pat=000 resclass=[ -19, -5, 95 ] xT=false
  D4 above=T1 pat=000 resclass=[ 178885, -9415, -19 ] xT=false
  D4 above=T3 pat=000 resclass=[ -19, -5, 95 ] xT=false
  D4 above=T2 pat=000 resclass=[ -9415, 1883, -5 ] xT=false
  D4 above=T2 pat=000 resclass=[ -9415, 1883, -5 ] xT=false
  D4 above=T1 pat=000 resclass=[ 178885, -9415, -19 ] xT=false
  D4 above=T3 pat=000 resclass=[ -19, -5, 95 ] xT=false
  D4 above=T1 pat=000 resclass=[ 178885, -9415, -19 ] xT=false
  D4 above=T3 pat=000 resclass=[ -19, -5, 95 ] xT=false
MEMBER stv 2/3 1/2 1 shape=[ 1, 1, 2, 2 ] tors=[ 4, 4 ] order4=12 norm111=0 xTpass=0
  D4 above=T1 pat=000 resclass=[ 155805, -9165, -17 ] xT=false
  D4 above=T1 pat=000 resclass=[ 155805, -9165, -17 ] xT=false
  D4 above=T3 pat=000 resclass=[ -17, -3, 51 ] xT=false
  D4 above=T2 pat=000 resclass=[ -9165, 3055, -3 ] xT=false
  D4 above=T3 pat=000 resclass=[ -17, -3, 51 ] xT=false
  D4 above=T2 pat=000 resclass=[ -9165, 3055, -3 ] xT=false
  D4 above=T1 pat=000 resclass=[ 155805, -9165, -17 ] xT=false
  D4 above=T1 pat=000 resclass=[ 155805, -9165, -17 ] xT=false
  D4 above=T3 pat=000 resclass=[ -17, -3, 51 ] xT=false
  D4 above=T2 pat=000 resclass=[ -9165, 3055, -3 ] xT=false
  D4 above=T3 pat=000 resclass=[ -17, -3, 51 ] xT=false
  D4 above=T2 pat=000 resclass=[ -9165, 3055, -3 ] xT=false
MEMBER stv 3/4 1/3 1/3 shape=[ 1, 1, 2, 2 ] tors=[ 4, 4 ] order4=12 norm111=0 xTpass=0
  D4 above=T3 pat=000 resclass=[ -295, -2, 590 ] xT=false
  D4 above=T3 pat=000 resclass=[ -295, -2, 590 ] xT=false
  D4 above=T1 pat=000 resclass=[ 2127658, -180310, -295 ] xT=false
  D4 above=T2 pat=000 resclass=[ -180310, 90155, -2 ] xT=false
  D4 above=T1 pat=000 resclass=[ 2127658, -180310, -295 ] xT=false
  D4 above=T2 pat=000 resclass=[ -180310, 90155, -2 ] xT=false
  D4 above=T3 pat=000 resclass=[ -295, -2, 590 ] xT=false
  D4 above=T3 pat=000 resclass=[ -295, -2, 590 ] xT=false
  D4 above=T1 pat=000 resclass=[ 2127658, -180310, -295 ] xT=false
  D4 above=T2 pat=000 resclass=[ -180310, 90155, -2 ] xT=false
  D4 above=T1 pat=000 resclass=[ 2127658, -180310, -295 ] xT=false
  D4 above=T2 pat=000 resclass=[ -180310, 90155, -2 ] xT=false
MEMBER stv 3/4 4 2 shape=[ 1, 1, 2, 2 ] tors=[ 4, 4 ] order4=12 norm111=0 xTpass=0
  D4 above=T3 pat=000 resclass=[ -399, 15, -665 ] xT=false
  D4 above=T3 pat=000 resclass=[ -399, 15, -665 ] xT=false
  D4 above=T2 pat=000 resclass=[ -1949730, -129982, 15 ] xT=false
  D4 above=T1 pat=000 resclass=[ 86438030, -1949730, -399 ] xT=false
  D4 above=T2 pat=000 resclass=[ -1949730, -129982, 15 ] xT=false
  D4 above=T1 pat=000 resclass=[ 86438030, -1949730, -399 ] xT=false
  D4 above=T3 pat=000 resclass=[ -399, 15, -665 ] xT=false
  D4 above=T3 pat=000 resclass=[ -399, 15, -665 ] xT=false
  D4 above=T2 pat=000 resclass=[ -1949730, -129982, 15 ] xT=false
  D4 above=T1 pat=000 resclass=[ 86438030, -1949730, -399 ] xT=false
  D4 above=T2 pat=000 resclass=[ -1949730, -129982, 15 ] xT=false
  D4 above=T1 pat=000 resclass=[ 86438030, -1949730, -399 ] xT=false
MEMBER stv 1 3 3/4 shape=[ 1, 1, 2, 2 ] tors=[ 4, 4 ] order4=12 norm111=0 xTpass=0
  D4 above=T3 pat=000 resclass=[ -7, 2, -14 ] xT=false
  D4 above=T3 pat=000 resclass=[ -7, 2, -14 ] xT=false
  D4 above=T1 pat=000 resclass=[ 1254, -8778, -7 ] xT=false
  D4 above=T2 pat=000 resclass=[ -8778, -4389, 2 ] xT=false
  D4 above=T1 pat=000 resclass=[ 1254, -8778, -7 ] xT=false
  D4 above=T2 pat=000 resclass=[ -8778, -4389, 2 ] xT=false
  D4 above=T3 pat=000 resclass=[ -7, 2, -14 ] xT=false
  D4 above=T3 pat=000 resclass=[ -7, 2, -14 ] xT=false
  D4 above=T1 pat=000 resclass=[ 1254, -8778, -7 ] xT=false
  D4 above=T2 pat=000 resclass=[ -8778, -4389, 2 ] xT=false
  D4 above=T1 pat=000 resclass=[ 1254, -8778, -7 ] xT=false
  D4 above=T2 pat=000 resclass=[ -8778, -4389, 2 ] xT=false
MEMBER stv 4/3 2 1/4 shape=[ 1, 1, 2, 2 ] tors=[ 4, 4 ] order4=12 norm111=0 xTpass=0
  D4 above=T2 pat=000 resclass=[ -546, -182, 3 ] xT=false
  D4 above=T2 pat=000 resclass=[ -546, -182, 3 ] xT=false
  D4 above=T3 pat=000 resclass=[ -65, 3, -195 ] xT=false
  D4 above=T1 pat=000 resclass=[ 210, -546, -65 ] xT=false
  D4 above=T3 pat=000 resclass=[ -65, 3, -195 ] xT=false
  D4 above=T1 pat=000 resclass=[ 210, -546, -65 ] xT=false
  D4 above=T2 pat=000 resclass=[ -546, -182, 3 ] xT=false
  D4 above=T2 pat=000 resclass=[ -546, -182, 3 ] xT=false
  D4 above=T3 pat=000 resclass=[ -65, 3, -195 ] xT=false
  D4 above=T1 pat=000 resclass=[ 210, -546, -65 ] xT=false
  D4 above=T3 pat=000 resclass=[ -65, 3, -195 ] xT=false
  D4 above=T1 pat=000 resclass=[ 210, -546, -65 ] xT=false
MEMBER stv 3/2 4/3 3/2 shape=[ 1, 1, 2, 2 ] tors=[ 4, 4 ] order4=12 norm111=0 xTpass=0
  D4 above=T3 pat=000 resclass=[ 533, 7, 3731 ] xT=false
  D4 above=T3 pat=000 resclass=[ 533, 7, 3731 ] xT=false
  D4 above=T1 pat=000 resclass=[ 2649010, 4970, 533 ] xT=false
  D4 above=T2 pat=000 resclass=[ 4970, 710, 7 ] xT=false
  D4 above=T1 pat=000 resclass=[ 2649010, 4970, 533 ] xT=false
  D4 above=T2 pat=000 resclass=[ 4970, 710, 7 ] xT=false
  D4 above=T3 pat=000 resclass=[ 533, 7, 3731 ] xT=false
  D4 above=T3 pat=000 resclass=[ 533, 7, 3731 ] xT=false
  D4 above=T1 pat=000 resclass=[ 2649010, 4970, 533 ] xT=false
  D4 above=T2 pat=000 resclass=[ 4970, 710, 7 ] xT=false
  D4 above=T1 pat=000 resclass=[ 2649010, 4970, 533 ] xT=false
  D4 above=T2 pat=000 resclass=[ 4970, 710, 7 ] xT=false
MEMBER stv 2 3/4 2/3 shape=[ 1, 1, 2, 2 ] tors=[ 4, 4 ] order4=12 norm111=0 xTpass=0
  D4 above=T1 pat=000 resclass=[ -1472471, -339801, 39 ] xT=false
  D4 above=T1 pat=000 resclass=[ -1472471, -339801, 39 ] xT=false
  D4 above=T3 pat=000 resclass=[ 39, -7, -273 ] xT=false
  D4 above=T2 pat=000 resclass=[ -339801, 48543, -7 ] xT=false
  D4 above=T3 pat=000 resclass=[ 39, -7, -273 ] xT=false
  D4 above=T2 pat=000 resclass=[ -339801, 48543, -7 ] xT=false
  D4 above=T1 pat=000 resclass=[ -1472471, -339801, 39 ] xT=false
  D4 above=T1 pat=000 resclass=[ -1472471, -339801, 39 ] xT=false
  D4 above=T3 pat=000 resclass=[ 39, -7, -273 ] xT=false
  D4 above=T2 pat=000 resclass=[ -339801, 48543, -7 ] xT=false
  D4 above=T3 pat=000 resclass=[ 39, -7, -273 ] xT=false
  D4 above=T2 pat=000 resclass=[ -339801, 48543, -7 ] xT=false
MEMBER stv 3 1/2 4 shape=[ 1, 1, 1, 1, 2 ] tors=[ 2, 4, 4 ] order4=24 norm111=0 xTpass=0
  D4 above=T2 pat=000 resclass=[ -16761, -5587, 3 ] xT=false
  D4 above=T2 pat=000 resclass=[ -16761, 5587, -3 ] xT=false
  D4 above=T2 pat=000 resclass=[ -16761, -5587, 3 ] xT=false
  D4 above=T2 pat=000 resclass=[ -16761, 5587, -3 ] xT=false
  D4 above=T1 pat=000 resclass=[ -27935, -16761, 15 ] xT=false
  D4 above=T1 pat=000 resclass=[ -27935, 16761, -15 ] xT=false
  D4 above=T3 pat=000 resclass=[ 15, 3, 5 ] xT=false
  D4 above=T3 pat=000 resclass=[ 15, -3, -5 ] xT=false
  D4 above=T1 pat=000 resclass=[ -27935, -16761, 15 ] xT=false
  D4 above=T1 pat=000 resclass=[ -27935, 16761, -15 ] xT=false
  D4 above=T3 pat=000 resclass=[ 15, 3, 5 ] xT=false
  D4 above=T3 pat=000 resclass=[ 15, -3, -5 ] xT=false
  D4 above=T2 pat=000 resclass=[ -16761, -5587, 3 ] xT=false
  D4 above=T2 pat=000 resclass=[ -16761, 5587, -3 ] xT=false
  D4 above=T2 pat=000 resclass=[ -16761, -5587, 3 ] xT=false
  D4 above=T2 pat=000 resclass=[ -16761, 5587, -3 ] xT=false
  D4 above=T1 pat=000 resclass=[ -27935, -16761, 15 ] xT=false
  D4 above=T1 pat=000 resclass=[ -27935, 16761, -15 ] xT=false
  D4 above=T3 pat=000 resclass=[ 15, 3, 5 ] xT=false
  D4 above=T3 pat=000 resclass=[ 15, -3, -5 ] xT=false
  D4 above=T1 pat=000 resclass=[ -27935, -16761, 15 ] xT=false
  D4 above=T1 pat=000 resclass=[ -27935, 16761, -15 ] xT=false
  D4 above=T3 pat=000 resclass=[ 15, 3, 5 ] xT=false
  D4 above=T3 pat=000 resclass=[ 15, -3, -5 ] xT=false
MEMBER stv 4 1/3 4/3 shape=[ 1, 1, 2, 2 ] tors=[ 4, 4 ] order4=12 norm111=0 xTpass=0
  D4 above=T3 pat=000 resclass=[ 77, -2, -154 ] xT=false
  D4 above=T3 pat=000 resclass=[ 77, -2, -154 ] xT=false
  D4 above=T1 pat=000 resclass=[ -168977886, -2194518, 77 ] xT=false
  D4 above=T2 pat=000 resclass=[ -2194518, 1097259, -2 ] xT=false
  D4 above=T1 pat=000 resclass=[ -168977886, -2194518, 77 ] xT=false
  D4 above=T2 pat=000 resclass=[ -2194518, 1097259, -2 ] xT=false
  D4 above=T3 pat=000 resclass=[ 77, -2, -154 ] xT=false
  D4 above=T3 pat=000 resclass=[ 77, -2, -154 ] xT=false
  D4 above=T1 pat=000 resclass=[ -168977886, -2194518, 77 ] xT=false
  D4 above=T2 pat=000 resclass=[ -2194518, 1097259, -2 ] xT=false
  D4 above=T1 pat=000 resclass=[ -168977886, -2194518, 77 ] xT=false
  D4 above=T2 pat=000 resclass=[ -2194518, 1097259, -2 ] xT=false
MEMBER stv 14/11 1/14 -4/3 shape=[ 1, 1, 2, 2 ] tors=[ 4, 4 ] order4=12 norm111=0 xTpass=0
  D4 above=T2 pat=000 resclass=[ 111290143835, -5136468177, -195 ] xT=false
  D4 above=T2 pat=000 resclass=[ 111290143835, -5136468177, -195 ] xT=false
  D4 above=T3 pat=000 resclass=[ 2928511, -195, -571059645 ] xT=false
  D4 above=T1 pat=000 resclass=[ 325914410412379685, 111290143835, 2928511 ] xT=false
  D4 above=T3 pat=000 resclass=[ 2928511, -195, -571059645 ] xT=false
  D4 above=T1 pat=000 resclass=[ 325914410412379685, 111290143835, 2928511 ] xT=false
  D4 above=T2 pat=000 resclass=[ 111290143835, -5136468177, -195 ] xT=false
  D4 above=T2 pat=000 resclass=[ 111290143835, -5136468177, -195 ] xT=false
  D4 above=T3 pat=000 resclass=[ 2928511, -195, -571059645 ] xT=false
  D4 above=T1 pat=000 resclass=[ 325914410412379685, 111290143835, 2928511 ] xT=false
  D4 above=T3 pat=000 resclass=[ 2928511, -195, -571059645 ] xT=false
  D4 above=T1 pat=000 resclass=[ 325914410412379685, 111290143835, 2928511 ] xT=false
MEMBER stv 15/16 19/2 -3/2 shape=[ 1, 1, 2, 2 ] tors=[ 4, 4 ] order4=12 norm111=0 xTpass=0
  D4 above=T2 pat=000 resclass=[ 239977084802, 6049842474, 357 ] xT=false
  D4 above=T2 pat=000 resclass=[ 239977084802, 6049842474, 357 ] xT=false
  D4 above=T3 pat=000 resclass=[ -226551, 357, -8986523 ] xT=false
  D4 above=T1 pat=000 resclass=[ -321698512064958, 239977084802, -226551 ] xT=false
  D4 above=T3 pat=000 resclass=[ -226551, 357, -8986523 ] xT=false
  D4 above=T1 pat=000 resclass=[ -321698512064958, 239977084802, -226551 ] xT=false
  D4 above=T2 pat=000 resclass=[ 239977084802, 6049842474, 357 ] xT=false
  D4 above=T2 pat=000 resclass=[ 239977084802, 6049842474, 357 ] xT=false
  D4 above=T3 pat=000 resclass=[ -226551, 357, -8986523 ] xT=false
  D4 above=T1 pat=000 resclass=[ -321698512064958, 239977084802, -226551 ] xT=false
  D4 above=T3 pat=000 resclass=[ -226551, 357, -8986523 ] xT=false
  D4 above=T1 pat=000 resclass=[ -321698512064958, 239977084802, -226551 ] xT=false
MEMBER stv 2/5 9/16 5/12 shape=[ 1, 1, 2, 2 ] tors=[ 4, 4 ] order4=12 norm111=0 xTpass=0
  D4 above=T2 pat=000 resclass=[ -477611295, 68230185, -7 ] xT=false
  D4 above=T2 pat=000 resclass=[ -477611295, 68230185, -7 ] xT=false
  D4 above=T3 pat=000 resclass=[ -4161, -7, 29127 ] xT=false
  D4 above=T1 pat=000 resclass=[ 220815622055, -477611295, -4161 ] xT=false
  D4 above=T3 pat=000 resclass=[ -4161, -7, 29127 ] xT=false
  D4 above=T1 pat=000 resclass=[ 220815622055, -477611295, -4161 ] xT=false
  D4 above=T2 pat=000 resclass=[ -477611295, 68230185, -7 ] xT=false
  D4 above=T2 pat=000 resclass=[ -477611295, 68230185, -7 ] xT=false
  D4 above=T3 pat=000 resclass=[ -4161, -7, 29127 ] xT=false
  D4 above=T1 pat=000 resclass=[ 220815622055, -477611295, -4161 ] xT=false
  D4 above=T3 pat=000 resclass=[ -4161, -7, 29127 ] xT=false
  D4 above=T1 pat=000 resclass=[ 220815622055, -477611295, -4161 ] xT=false
MEMBER stv 1/2 8/13 7/6 shape=[ 1, 1, 2, 2 ] tors=[ 4, 4 ] order4=12 norm111=0 xTpass=0
  D4 above=T2 pat=000 resclass=[ -332800810, 1397763402, -105 ] xT=false
  D4 above=T2 pat=000 resclass=[ -332800810, 1397763402, -105 ] xT=false
  D4 above=T1 pat=000 resclass=[ 5171391786590, -332800810, -15539 ] xT=false
  D4 above=T3 pat=000 resclass=[ -15539, -105, 1631595 ] xT=false
  D4 above=T1 pat=000 resclass=[ 5171391786590, -332800810, -15539 ] xT=false
  D4 above=T3 pat=000 resclass=[ -15539, -105, 1631595 ] xT=false
  D4 above=T2 pat=000 resclass=[ -332800810, 1397763402, -105 ] xT=false
  D4 above=T2 pat=000 resclass=[ -332800810, 1397763402, -105 ] xT=false
  D4 above=T1 pat=000 resclass=[ 5171391786590, -332800810, -15539 ] xT=false
  D4 above=T3 pat=000 resclass=[ -15539, -105, 1631595 ] xT=false
  D4 above=T1 pat=000 resclass=[ 5171391786590, -332800810, -15539 ] xT=false
  D4 above=T3 pat=000 resclass=[ -15539, -105, 1631595 ] xT=false
PART_DONE part=189
