MEMBER mnv -1/2 -1/4 16384/269951 shape=[ 1, 1, 2, 2 ] tors=[ 4, 4 ] order4=12 norm111=12 xTpass=0
  D4 above=T1 pat=111 resclass=[ 1, 1, 1 ] xT=false
  D4 above=T1 pat=111 resclass=[ 1, 1, 1 ] xT=false
  D4 above=T2 pat=111 resclass=[ 1, 1, 1 ] xT=false
  D4 above=T3 pat=111 resclass=[ 1, 1, 1 ] xT=false
  D4 above=T2 pat=111 resclass=[ 1, 1, 1 ] xT=false
  D4 above=T3 pat=111 resclass=[ 1, 1, 1 ] xT=false
  D4 above=T1 pat=111 resclass=[ 1, 1, 1 ] xT=false
  D4 above=T1 pat=111 resclass=[ 1, 1, 1 ] xT=false
  D4 above=T2 pat=111 resclass=[ 1, 1, 1 ] xT=false
  D4 above=T3 pat=111 resclass=[ 1, 1, 1 ] xT=false
  D4 above=T2 pat=111 resclass=[ 1, 1, 1 ] xT=false
  D4 above=T3 pat=111 resclass=[ 1, 1, 1 ] xT=false
MEMBER stv 1/4 2 1 shape=[ 1, 1, 2, 2 ] tors=[ 4, 4 ] order4=12 norm111=0 xTpass=0
  D4 above=T1 pat=000 resclass=[ 51051, -357, -143 ] xT=false
  D4 above=T1 pat=000 resclass=[ 51051, -357, -143 ] xT=false
  D4 above=T2 pat=000 resclass=[ -357, -119, 3 ] xT=false
  D4 above=T3 pat=000 resclass=[ -143, 3, -429 ] xT=false
  D4 above=T2 pat=000 resclass=[ -357, -119, 3 ] xT=false
  D4 above=T3 pat=000 resclass=[ -143, 3, -429 ] xT=false
  D4 above=T1 pat=000 resclass=[ 51051, -357, -143 ] xT=false
  D4 above=T1 pat=000 resclass=[ 51051, -357, -143 ] xT=false
  D4 above=T2 pat=000 resclass=[ -357, -119, 3 ] xT=false
  D4 above=T3 pat=000 resclass=[ -143, 3, -429 ] xT=false
  D4 above=T2 pat=000 resclass=[ -357, -119, 3 ] xT=false
  D4 above=T3 pat=000 resclass=[ -143, 3, -429 ] xT=false
MEMBER stv 1/3 3/2 1/3 shape=[ 1, 1, 2, 2 ] tors=[ 4, 4 ] order4=12 norm111=0 xTpass=0
  D4 above=T3 pat=000 resclass=[ -209, 5, -1045 ] xT=false
  D4 above=T3 pat=000 resclass=[ -209, 5, -1045 ] xT=false
  D4 above=T1 pat=000 resclass=[ -943635, 4515, -209 ] xT=false
  D4 above=T2 pat=000 resclass=[ 4515, 903, 5 ] xT=false
  D4 above=T1 pat=000 resclass=[ -943635, 4515, -209 ] xT=false
  D4 above=T2 pat=000 resclass=[ 4515, 903, 5 ] xT=false
  D4 above=T3 pat=000 resclass=[ -209, 5, -1045 ] xT=false
  D4 above=T3 pat=000 resclass=[ -209, 5, -1045 ] xT=false
  D4 above=T1 pat=000 resclass=[ -943635, 4515, -209 ] xT=false
  D4 above=T2 pat=000 resclass=[ 4515, 903, 5 ] xT=false
  D4 above=T1 pat=000 resclass=[ -943635, 4515, -209 ] xT=false
  D4 above=T2 pat=000 resclass=[ 4515, 903, 5 ] xT=false
MEMBER stv 1/2 3/4 2 shape=[ 1, 1, 2, 2 ] tors=[ 4, 4 ] order4=12 norm111=0 xTpass=0
  D4 above=T3 pat=000 resclass=[ 15, -7, -105 ] xT=false
  D4 above=T3 pat=000 resclass=[ 15, -7, -105 ] xT=false
  D4 above=T1 pat=000 resclass=[ -714, -1190, 15 ] xT=false
  D4 above=T2 pat=000 resclass=[ -1190, 170, -7 ] xT=false
  D4 above=T1 pat=000 resclass=[ -714, -1190, 15 ] xT=false
  D4 above=T2 pat=000 resclass=[ -1190, 170, -7 ] xT=false
  D4 above=T3 pat=000 resclass=[ 15, -7, -105 ] xT=false
  D4 above=T3 pat=000 resclass=[ 15, -7, -105 ] xT=false
  D4 above=T1 pat=000 resclass=[ -714, -1190, 15 ] xT=false
  D4 above=T2 pat=000 resclass=[ -1190, 170, -7 ] xT=false
  D4 above=T1 pat=000 resclass=[ -714, -1190, 15 ] xT=false
  D4 above=T2 pat=000 resclass=[ -1190, 170, -7 ] xT=false
MEMBER stv 2/3 2/3 3/4 shape=[ 1, 1, 2, 2 ] tors=[ 4, 4 ] order4=12 norm111=0 xTpass=0
  D4 above=T3 pat=000 resclass=[ 11, -5, -55 ] xT=false
  D4 above=T3 pat=000 resclass=[ 11, -5, -55 ] xT=false
  D4 above=T2 pat=000 resclass=[ -615, 123, -5 ] xT=false
  D4 above=T1 pat=000 resclass=[ -6765, -615, 11 ] xT=false
  D4 above=T2 pat=000 resclass=[ -615, 123, -5 ] xT=false
  D4 above=T1 pat=000 resclass=[ -6765, -615, 11 ] xT=false
  D4 above=T3 pat=000 resclass=[ 11, -5, -55 ] xT=false
  D4 above=T3 pat=000 resclass=[ 11, -5, -55 ] xT=false
  D4 above=T2 pat=000 resclass=[ -615, 123, -5 ] xT=false
  D4 above=T1 pat=000 resclass=[ -6765, -615, 11 ] xT=false
  D4 above=T2 pat=000 resclass=[ -615, 123, -5 ] xT=false
  D4 above=T1 pat=000 resclass=[ -6765, -615, 11 ] xT=false
MEMBER stv 3/4 1/2 1/4 INVALID
MEMBER stv 1 1/4 3/2 shape=[ 1, 1, 2, 2 ] tors=[ 4, 4 ] order4=12 norm111=0 xTpass=0
  D4 above=T2 pat=000 resclass=[ -106, 1590, -15 ] xT=false
  D4 above=T2 pat=000 resclass=[ -106, 1590, -15 ] xT=false
  D4 above=T3 pat=000 resclass=[ 31, -15, -465 ] xT=false
  D4 above=T1 pat=000 resclass=[ -3286, -106, 31 ] xT=false
  D4 above=T3 pat=000 resclass=[ 31, -15, -465 ] xT=false
  D4 above=T1 pat=000 resclass=[ -3286, -106, 31 ] xT=false
  D4 above=T2 pat=000 resclass=[ -106, 1590, -15 ] xT=false
  D4 above=T2 pat=000 resclass=[ -106, 1590, -15 ] xT=false
  D4 above=T3 pat=000 resclass=[ 31, -15, -465 ] xT=false
  D4 above=T1 pat=000 resclass=[ -3286, -106, 31 ] xT=false
  D4 above=T3 pat=000 resclass=[ 31, -15, -465 ] xT=false
  D4 above=T1 pat=000 resclass=[ -3286, -106, 31 ] xT=false
MEMBER stv 1 4 2/3 shape=[ 1, 1, 2, 2 ] tors=[ 4, 4 ] order4=12 norm111=0 xTpass=0
  D4 above=T2 pat=000 resclass=[ -38, -570, 15 ] xT=false
  D4 above=T2 pat=000 resclass=[ -38, -570, 15 ] xT=false
  D4 above=T1 pat=000 resclass=[ 133, -38, -14 ] xT=false
  D4 above=T3 pat=000 resclass=[ -14, 15, -210 ] xT=false
  D4 above=T1 pat=000 resclass=[ 133, -38, -14 ] xT=false
  D4 above=T3 pat=000 resclass=[ -14, 15, -210 ] xT=false
  D4 above=T2 pat=000 resclass=[ -38, -570, 15 ] xT=false
  D4 above=T2 pat=000 resclass=[ -38, -570, 15 ] xT=false
  D4 above=T1 pat=000 resclass=[ 133, -38, -14 ] xT=false
  D4 above=T3 pat=000 resclass=[ -14, 15, -210 ] xT=false
  D4 above=T1 pat=000 resclass=[ 133, -38, -14 ] xT=false
  D4 above=T3 pat=000 resclass=[ -14, 15, -210 ] xT=false
MEMBER stv 4/3 2 4 shape=[ 1, 1, 2, 2 ] tors=[ 4, 4 ] order4=12 norm111=0 xTpass=0
  D4 above=T3 pat=000 resclass=[ -65, 3, -195 ] xT=false
  D4 above=T3 pat=000 resclass=[ -65, 3, -195 ] xT=false
  D4 above=T2 pat=000 resclass=[ -78621, -26207, 3 ] xT=false
  D4 above=T1 pat=000 resclass=[ 5110365, -78621, -65 ] xT=false
  D4 above=T2 pat=000 resclass=[ -78621, -26207, 3 ] xT=false
  D4 above=T1 pat=000 resclass=[ 5110365, -78621, -65 ] xT=false
  D4 above=T3 pat=000 resclass=[ -65, 3, -195 ] xT=false
  D4 above=T3 pat=000 resclass=[ -65, 3, -195 ] xT=false
  D4 above=T2 pat=000 resclass=[ -78621, -26207, 3 ] xT=false
  D4 above=T1 pat=000 resclass=[ 5110365, -78621, -65 ] xT=false
  D4 above=T2 pat=000 resclass=[ -78621, -26207, 3 ] xT=false
  D4 above=T1 pat=000 resclass=[ 5110365, -78621, -65 ] xT=false
MEMBER stv 3/2 3/2 4/3 shape=[ 1, 1, 2, 2 ] tors=[ 4, 4 ] order4=12 norm111=0 xTpass=0
  D4 above=T2 pat=000 resclass=[ 15, 3, 5 ] xT=false
  D4 above=T2 pat=000 resclass=[ 15, 3, 5 ] xT=false
  D4 above=T3 pat=000 resclass=[ 11, 5, 55 ] xT=false
  D4 above=T1 pat=000 resclass=[ 165, 15, 11 ] xT=false
  D4 above=T3 pat=000 resclass=[ 11, 5, 55 ] xT=false
  D4 above=T1 pat=000 resclass=[ 165, 15, 11 ] xT=false
  D4 above=T2 pat=000 resclass=[ 15, 3, 5 ] xT=false
  D4 above=T2 pat=000 resclass=[ 15, 3, 5 ] xT=false
  D4 above=T3 pat=000 resclass=[ 11, 5, 55 ] xT=false
  D4 above=T1 pat=000 resclass=[ 165, 15, 11 ] xT=false
  D4 above=T3 pat=000 resclass=[ 11, 5, 55 ] xT=false
  D4 above=T1 pat=000 resclass=[ 165, 15, 11 ] xT=false
MEMBER stv 2 4/3 1/2 shape=[ 1, 1, 2, 2 ] tors=[ 4, 4 ] order4=12 norm111=0 xTpass=0
  D4 above=T2 pat=000 resclass=[ 7854, 1122, 7 ] xT=false
  D4 above=T2 pat=000 resclass=[ 7854, 1122, 7 ] xT=false
  D4 above=T3 pat=000 resclass=[ 11, 7, 77 ] xT=false
  D4 above=T1 pat=000 resclass=[ 714, 7854, 11 ] xT=false
  D4 above=T3 pat=000 resclass=[ 11, 7, 77 ] xT=false
  D4 above=T1 pat=000 resclass=[ 714, 7854, 11 ] xT=false
  D4 above=T2 pat=000 resclass=[ 7854, 1122, 7 ] xT=false
  D4 above=T2 pat=000 resclass=[ 7854, 1122, 7 ] xT=false
  D4 above=T3 pat=000 resclass=[ 11, 7, 77 ] xT=false
  D4 above=T1 pat=000 resclass=[ 714, 7854, 11 ] xT=false
  D4 above=T3 pat=000 resclass=[ 11, 7, 77 ] xT=false
  D4 above=T1 pat=000 resclass=[ 714, 7854, 11 ] xT=false
MEMBER stv 3 2/3 3 shape=[ 1, 1, 2, 2 ] tors=[ 4, 4 ] order4=12 norm111=0 xTpass=0
  D4 above=T1 pat=000 resclass=[ -74690, -6790, 11 ] xT=false
  D4 above=T1 pat=000 resclass=[ -74690, -6790, 11 ] xT=false
  D4 above=T3 pat=000 resclass=[ 11, -5, -55 ] xT=false
  D4 above=T2 pat=000 resclass=[ -6790, 1358, -5 ] xT=false
  D4 above=T3 pat=000 resclass=[ 11, -5, -55 ] xT=false
  D4 above=T2 pat=000 resclass=[ -6790, 1358, -5 ] xT=false
  D4 above=T1 pat=000 resclass=[ -74690, -6790, 11 ] xT=false
  D4 above=T1 pat=000 resclass=[ -74690, -6790, 11 ] xT=false
  D4 above=T3 pat=000 resclass=[ 11, -5, -55 ] xT=false
  D4 above=T2 pat=000 resclass=[ -6790, 1358, -5 ] xT=false
  D4 above=T3 pat=000 resclass=[ 11, -5, -55 ] xT=false
  D4 above=T2 pat=000 resclass=[ -6790, 1358, -5 ] xT=false
MEMBER stv 4 1/2 1 shape=[ 1, 1, 2, 2 ] tors=[ 4, 4 ] order4=12 norm111=0 xTpass=0
  D4 above=T3 pat=000 resclass=[ 247, -3, -741 ] xT=false
  D4 above=T3 pat=000 resclass=[ 247, -3, -741 ] xT=false
  D4 above=T1 pat=000 resclass=[ -138567, -561, 247 ] xT=false
  D4 above=T2 pat=000 resclass=[ -561, 187, -3 ] xT=false
  D4 above=T1 pat=000 resclass=[ -138567, -561, 247 ] xT=false
  D4 above=T2 pat=000 resclass=[ -561, 187, -3 ] xT=false
  D4 above=T3 pat=000 resclass=[ 247, -3, -741 ] xT=false
  D4 above=T3 pat=000 resclass=[ 247, -3, -741 ] xT=false
  D4 above=T1 pat=000 resclass=[ -138567, -561, 247 ] xT=false
  D4 above=T2 pat=000 resclass=[ -561, 187, -3 ] xT=false
  D4 above=T1 pat=000 resclass=[ -138567, -561, 247 ] xT=false
  D4 above=T2 pat=000 resclass=[ -561, 187, -3 ] xT=false
MEMBER stv 19/4 17/10 4 shape=[ 1, 1, 2, 2 ] tors=[ 4, 4 ] order4=12 norm111=0 xTpass=0
  D4 above=T2 pat=000 resclass=[ 20779815, 989515, 21 ] xT=false
  D4 above=T2 pat=000 resclass=[ 20779815, 989515, 21 ] xT=false
  D4 above=T3 pat=000 resclass=[ 11869, 21, 249249 ] xT=false
  D4 above=T1 pat=000 resclass=[ 246635624235, 20779815, 11869 ] xT=false
  D4 above=T3 pat=000 resclass=[ 11869, 21, 249249 ] xT=false
  D4 above=T1 pat=000 resclass=[ 246635624235, 20779815, 11869 ] xT=false
  D4 above=T2 pat=000 resclass=[ 20779815, 989515, 21 ] xT=false
  D4 above=T2 pat=000 resclass=[ 20779815, 989515, 21 ] xT=false
  D4 above=T3 pat=000 resclass=[ 11869, 21, 249249 ] xT=false
  D4 above=T1 pat=000 resclass=[ 246635624235, 20779815, 11869 ] xT=false
  D4 above=T3 pat=000 resclass=[ 11869, 21, 249249 ] xT=false
  D4 above=T1 pat=000 resclass=[ 246635624235, 20779815, 11869 ] xT=false
MEMBER stv 1 19/6 -17/15 shape=[ 1, 1, 2, 2 ] tors=[ 4, 4 ] order4=12 norm111=0 xTpass=0
  D4 above=T1 pat=000 resclass=[ -13206515790, 13206515790, -1 ] xT=false
  D4 above=T1 pat=000 resclass=[ -13206515790, 13206515790, -1 ] xT=false
  D4 above=T2 pat=000 resclass=[ 13206515790, 1015885830, 13 ] xT=false
  D4 above=T3 pat=000 resclass=[ -1, 13, -13 ] xT=false
  D4 above=T2 pat=000 resclass=[ 13206515790, 1015885830, 13 ] xT=false
  D4 above=T3 pat=000 resclass=[ -1, 13, -13 ] xT=false
  D4 above=T1 pat=000 resclass=[ -13206515790, 13206515790, -1 ] xT=false
  D4 above=T1 pat=000 resclass=[ -13206515790, 13206515790, -1 ] xT=false
  D4 above=T2 pat=000 resclass=[ 13206515790, 1015885830, 13 ] xT=false
  D4 above=T3 pat=000 resclass=[ -1, 13, -13 ] xT=false
  D4 above=T2 pat=000 resclass=[ 13206515790, 1015885830, 13 ] xT=false
  D4 above=T3 pat=000 resclass=[ -1, 13, -13 ] xT=false
MEMBER stv 5/4 17/5 1/2 shape=[ 1, 1, 2, 2 ] tors=[ 4, 4 ] order4=12 norm111=0 xTpass=0
  D4 above=T3 pat=000 resclass=[ -22439, 66, -1480974 ] xT=false
  D4 above=T3 pat=000 resclass=[ -22439, 66, -1480974 ] xT=false
  D4 above=T2 pat=000 resclass=[ -3057879, -185326, 66 ] xT=false
  D4 above=T1 pat=000 resclass=[ 190071321, -3057879, -22439 ] xT=false
  D4 above=T2 pat=000 resclass=[ -3057879, -185326, 66 ] xT=false
  D4 above=T1 pat=000 resclass=[ 190071321, -3057879, -22439 ] xT=false
  D4 above=T3 pat=000 resclass=[ -22439, 66, -1480974 ] xT=false
  D4 above=T3 pat=000 resclass=[ -22439, 66, -1480974 ] xT=false
  D4 above=T2 pat=000 resclass=[ -3057879, -185326, 66 ] xT=false
  D4 above=T1 pat=000 resclass=[ 190071321, -3057879, -22439 ] xT=false
  D4 above=T2 pat=000 resclass=[ -3057879, -185326, 66 ] xT=false
  D4 above=T1 pat=000 resclass=[ 190071321, -3057879, -22439 ] xT=false
MEMBER stv 8/9 8 1/3 shape=[ 1, 1, 2, 2 ] tors=[ 4, 4 ] order4=12 norm111=0 xTpass=0
  D4 above=T3 pat=000 resclass=[ -12857, 7, -89999 ] xT=false
  D4 above=T3 pat=000 resclass=[ -12857, 7, -89999 ] xT=false
  D4 above=T1 pat=000 resclass=[ 27045463141515, -2103559395, -12857 ] xT=false
  D4 above=T2 pat=000 resclass=[ -2103559395, -300508485, 7 ] xT=false
  D4 above=T1 pat=000 resclass=[ 27045463141515, -2103559395, -12857 ] xT=false
  D4 above=T2 pat=000 resclass=[ -2103559395, -300508485, 7 ] xT=false
  D4 above=T3 pat=000 resclass=[ -12857, 7, -89999 ] xT=false
  D4 above=T3 pat=000 resclass=[ -12857, 7, -89999 ] xT=false
  D4 above=T1 pat=000 resclass=[ 27045463141515, -2103559395, -12857 ] xT=false
  D4 above=T2 pat=000 resclass=[ -2103559395, -300508485, 7 ] xT=false
  D4 above=T1 pat=000 resclass=[ 27045463141515, -2103559395, -12857 ] xT=false
  D4 above=T2 pat=000 resclass=[ -2103559395, -300508485, 7 ] xT=false
PART_DONE part=19
