MEMBER mnv 2 1 2 shape=[ 1, 1, 2, 2 ] tors=[ 4, 4 ] order4=12 norm111=4 xTpass=0
  D4 above=T1 pat=001 resclass=[ 774207218, 774207218, 1 ] xT=false
  D4 above=T1 pat=001 resclass=[ 774207218, 774207218, 1 ] xT=false
  D4 above=T3 pat=111 resclass=[ 1, 1, 1 ] xT=false
  D4 above=T2 pat=001 resclass=[ 774207218, 774207218, 1 ] xT=false
  D4 above=T3 pat=111 resclass=[ 1, 1, 1 ] xT=false
  D4 above=T2 pat=001 resclass=[ 774207218, 774207218, 1 ] xT=false
  D4 above=T1 pat=001 resclass=[ 774207218, 774207218, 1 ] xT=false
  D4 above=T1 pat=001 resclass=[ 774207218, 774207218, 1 ] xT=false
  D4 above=T3 pat=111 resclass=[ 1, 1, 1 ] xT=false
  D4 above=T2 pat=001 resclass=[ 774207218, 774207218, 1 ] xT=false
  D4 above=T3 pat=111 resclass=[ 1, 1, 1 ] xT=false
  D4 above=T2 pat=001 resclass=[ 774207218, 774207218, 1 ] xT=false
MEMBER stv 1/4 3/2 -3/2 shape=[ 1, 1, 2, 2 ] tors=[ 4, 4 ] order4=12 norm111=0 xTpass=0
  D4 above=T1 pat=000 resclass=[ 5945, -35670, -6 ] xT=false
  D4 above=T1 pat=000 resclass=[ 5945, -35670, -6 ] xT=false
  D4 above=T2 pat=000 resclass=[ -35670, -7134, 5 ] xT=false
  D4 above=T3 pat=000 resclass=[ -6, 5, -30 ] xT=false
  D4 above=T2 pat=000 resclass=[ -35670, -7134, 5 ] xT=false
  D4 above=T3 pat=000 resclass=[ -6, 5, -30 ] xT=false
  D4 above=T1 pat=000 resclass=[ 5945, -35670, -6 ] xT=false
  D4 above=T1 pat=000 resclass=[ 5945, -35670, -6 ] xT=false
  D4 above=T2 pat=000 resclass=[ -35670, -7134, 5 ] xT=false
  D4 above=T3 pat=000 resclass=[ -6, 5, -30 ] xT=false
  D4 above=T2 pat=000 resclass=[ -35670, -7134, 5 ] xT=false
  D4 above=T3 pat=000 resclass=[ -6, 5, -30 ] xT=false
MEMBER stv 1/3 4/3 -2/3 shape=[ 1, 1, 2, 2 ] tors=[ 4, 4 ] order4=12 norm111=0 xTpass=0
  D4 above=T2 pat=000 resclass=[ -18858, -2694, 7 ] xT=false
  D4 above=T2 pat=000 resclass=[ -18858, -2694, 7 ] xT=false
  D4 above=T3 pat=000 resclass=[ -10, 7, -70 ] xT=false
  D4 above=T1 pat=000 resclass=[ 47145, -18858, -10 ] xT=false
  D4 above=T3 pat=000 resclass=[ -10, 7, -70 ] xT=false
  D4 above=T1 pat=000 resclass=[ 47145, -18858, -10 ] xT=false
  D4 above=T2 pat=000 resclass=[ -18858, -2694, 7 ] xT=false
  D4 above=T2 pat=000 resclass=[ -18858, -2694, 7 ] xT=false
  D4 above=T3 pat=000 resclass=[ -10, 7, -70 ] xT=false
  D4 above=T1 pat=000 resclass=[ 47145, -18858, -10 ] xT=false
  D4 above=T3 pat=000 resclass=[ -10, 7, -70 ] xT=false
  D4 above=T1 pat=000 resclass=[ 47145, -18858, -10 ] xT=false
MEMBER stv 1/2 2/3 -4 INVALID
MEMBER stv 2/3 1/2 -4/3 shape=[ 1, 1, 2, 2 ] tors=[ 4, 4 ] order4=12 norm111=0 xTpass=0
  D4 above=T1 pat=000 resclass=[ -11, 187, -17 ] xT=false
  D4 above=T1 pat=000 resclass=[ -11, 187, -17 ] xT=false
  D4 above=T3 pat=000 resclass=[ -17, -3, 51 ] xT=false
  D4 above=T2 pat=000 resclass=[ 187, -561, -3 ] xT=false
  D4 above=T3 pat=000 resclass=[ -17, -3, 51 ] xT=false
  D4 above=T2 pat=000 resclass=[ 187, -561, -3 ] xT=false
  D4 above=T1 pat=000 resclass=[ -11, 187, -17 ] xT=false
  D4 above=T1 pat=000 resclass=[ -11, 187, -17 ] xT=false
  D4 above=T3 pat=000 resclass=[ -17, -3, 51 ] xT=false
  D4 above=T2 pat=000 resclass=[ 187, -561, -3 ] xT=false
  D4 above=T3 pat=000 resclass=[ -17, -3, 51 ] xT=false
  D4 above=T2 pat=000 resclass=[ 187, -561, -3 ] xT=false
MEMBER stv 3/4 1/3 -1/2 shape=[ 1, 1, 2, 2 ] tors=[ 4, 4 ] order4=12 norm111=0 xTpass=0
  D4 above=T1 pat=000 resclass=[ -470879, 39905, -295 ] xT=false
  D4 above=T1 pat=000 resclass=[ -470879, 39905, -295 ] xT=false
  D4 above=T3 pat=000 resclass=[ -295, -2, 590 ] xT=false
  D4 above=T2 pat=000 resclass=[ 39905, -79810, -2 ] xT=false
  D4 above=T3 pat=000 resclass=[ -295, -2, 590 ] xT=false
  D4 above=T2 pat=000 resclass=[ 39905, -79810, -2 ] xT=false
  D4 above=T1 pat=000 resclass=[ -470879, 39905, -295 ] xT=false
  D4 above=T1 pat=000 resclass=[ -470879, 39905, -295 ] xT=false
  D4 above=T3 pat=000 resclass=[ -295, -2, 590 ] xT=false
  D4 above=T2 pat=000 resclass=[ 39905, -79810, -2 ] xT=false
  D4 above=T3 pat=000 resclass=[ -295, -2, 590 ] xT=false
  D4 above=T2 pat=000 resclass=[ 39905, -79810, -2 ] xT=false
MEMBER stv 3/4 4 -3 shape=[ 1, 1, 2, 2 ] tors=[ 4, 4 ] order4=12 norm111=0 xTpass=0
  D4 above=T2 pat=000 resclass=[ 632995, 379797, 15 ] xT=false
  D4 above=T2 pat=000 resclass=[ 632995, 379797, 15 ] xT=false
  D4 above=T3 pat=000 resclass=[ -399, 15, -665 ] xT=false
  D4 above=T1 pat=000 resclass=[ -252565005, 632995, -399 ] xT=false
  D4 above=T3 pat=000 resclass=[ -399, 15, -665 ] xT=false
  D4 above=T1 pat=000 resclass=[ -252565005, 632995, -399 ] xT=false
  D4 above=T2 pat=000 resclass=[ 632995, 379797, 15 ] xT=false
  D4 above=T2 pat=000 resclass=[ 632995, 379797, 15 ] xT=false
  D4 above=T3 pat=000 resclass=[ -399, 15, -665 ] xT=false
  D4 above=T1 pat=000 resclass=[ -252565005, 632995, -399 ] xT=false
  D4 above=T3 pat=000 resclass=[ -399, 15, -665 ] xT=false
  D4 above=T1 pat=000 resclass=[ -252565005, 632995, -399 ] xT=false
MEMBER stv 1 3 -1 INVALID
MEMBER stv 4/3 2 -1/3 shape=[ 1, 1, 2, 2 ] tors=[ 4, 4 ] order4=12 norm111=0 xTpass=0
  D4 above=T1 pat=000 resclass=[ 85085, -1309, -65 ] xT=false
  D4 above=T1 pat=000 resclass=[ 85085, -1309, -65 ] xT=false
  D4 above=T3 pat=000 resclass=[ -65, 3, -195 ] xT=false
  D4 above=T2 pat=000 resclass=[ -1309, -3927, 3 ] xT=false
  D4 above=T3 pat=000 resclass=[ -65, 3, -195 ] xT=false
  D4 above=T2 pat=000 resclass=[ -1309, -3927, 3 ] xT=false
  D4 above=T1 pat=000 resclass=[ 85085, -1309, -65 ] xT=false
  D4 above=T1 pat=000 resclass=[ 85085, -1309, -65 ] xT=false
  D4 above=T3 pat=000 resclass=[ -65, 3, -195 ] xT=false
  D4 above=T2 pat=000 resclass=[ -1309, -3927, 3 ] xT=false
  D4 above=T3 pat=000 resclass=[ -65, 3, -195 ] xT=false
  D4 above=T2 pat=000 resclass=[ -1309, -3927, 3 ] xT=false
MEMBER stv 3/2 4/3 -2 shape=[ 1, 1, 2, 2 ] tors=[ 4, 4 ] order4=12 norm111=0 xTpass=0
  D4 above=T2 pat=000 resclass=[ -238, -34, 7 ] xT=false
  D4 above=T2 pat=000 resclass=[ -238, -34, 7 ] xT=false
  D4 above=T3 pat=000 resclass=[ 533, 7, 3731 ] xT=false
  D4 above=T1 pat=000 resclass=[ -126854, -238, 533 ] xT=false
  D4 above=T3 pat=000 resclass=[ 533, 7, 3731 ] xT=false
  D4 above=T1 pat=000 resclass=[ -126854, -238, 533 ] xT=false
  D4 above=T2 pat=000 resclass=[ -238, -34, 7 ] xT=false
  D4 above=T2 pat=000 resclass=[ -238, -34, 7 ] xT=false
  D4 above=T3 pat=000 resclass=[ 533, 7, 3731 ] xT=false
  D4 above=T1 pat=000 resclass=[ -126854, -238, 533 ] xT=false
  D4 above=T3 pat=000 resclass=[ 533, 7, 3731 ] xT=false
  D4 above=T1 pat=000 resclass=[ -126854, -238, 533 ] xT=false
MEMBER stv 2 3/4 -3/4 shape=[ 1, 1, 2, 2 ] tors=[ 4, 4 ] order4=12 norm111=0 xTpass=0
  D4 above=T1 pat=000 resclass=[ 407134, 93954, 39 ] xT=false
  D4 above=T1 pat=000 resclass=[ 407134, 93954, 39 ] xT=false
  D4 above=T2 pat=000 resclass=[ 93954, -13422, -7 ] xT=false
  D4 above=T3 pat=000 resclass=[ 39, -7, -273 ] xT=false
  D4 above=T2 pat=000 resclass=[ 93954, -13422, -7 ] xT=false
  D4 above=T3 pat=000 resclass=[ 39, -7, -273 ] xT=false
  D4 above=T1 pat=000 resclass=[ 407134, 93954, 39 ] xT=false
  D4 above=T1 pat=000 resclass=[ 407134, 93954, 39 ] xT=false
  D4 above=T2 pat=000 resclass=[ 93954, -13422, -7 ] xT=false
  D4 above=T3 pat=000 resclass=[ 39, -7, -273 ] xT=false
  D4 above=T2 pat=000 resclass=[ 93954, -13422, -7 ] xT=false
  D4 above=T3 pat=000 resclass=[ 39, -7, -273 ] xT=false
MEMBER stv 3 2/3 -1/4 shape=[ 1, 1, 2, 2 ] tors=[ 4, 4 ] order4=12 norm111=0 xTpass=0
  D4 above=T1 pat=000 resclass=[ 187, 17, 11 ] xT=false
  D4 above=T1 pat=000 resclass=[ 187, 17, 11 ] xT=false
  D4 above=T2 pat=000 resclass=[ 17, -85, -5 ] xT=false
  D4 above=T3 pat=000 resclass=[ 11, -5, -55 ] xT=false
  D4 above=T2 pat=000 resclass=[ 17, -85, -5 ] xT=false
  D4 above=T3 pat=000 resclass=[ 11, -5, -55 ] xT=false
  D4 above=T1 pat=000 resclass=[ 187, 17, 11 ] xT=false
  D4 above=T1 pat=000 resclass=[ 187, 17, 11 ] xT=false
  D4 above=T2 pat=000 resclass=[ 17, -85, -5 ] xT=false
  D4 above=T3 pat=000 resclass=[ 11, -5, -55 ] xT=false
  D4 above=T2 pat=000 resclass=[ 17, -85, -5 ] xT=false
  D4 above=T3 pat=000 resclass=[ 11, -5, -55 ] xT=false
MEMBER stv 4 1/3 -3/2 shape=[ 1, 1, 2, 2 ] tors=[ 4, 4 ] order4=12 norm111=0 xTpass=0
  D4 above=T3 pat=000 resclass=[ 77, -2, -154 ] xT=false
  D4 above=T3 pat=000 resclass=[ 77, -2, -154 ] xT=false
  D4 above=T2 pat=000 resclass=[ 23, -46, -2 ] xT=false
  D4 above=T1 pat=000 resclass=[ 1771, 23, 77 ] xT=false
  D4 above=T2 pat=000 resclass=[ 23, -46, -2 ] xT=false
  D4 above=T1 pat=000 resclass=[ 1771, 23, 77 ] xT=false
  D4 above=T3 pat=000 resclass=[ 77, -2, -154 ] xT=false
  D4 above=T3 pat=000 resclass=[ 77, -2, -154 ] xT=false
  D4 above=T2 pat=000 resclass=[ 23, -46, -2 ] xT=false
  D4 above=T1 pat=000 resclass=[ 1771, 23, 77 ] xT=false
  D4 above=T2 pat=000 resclass=[ 23, -46, -2 ] xT=false
  D4 above=T1 pat=000 resclass=[ 1771, 23, 77 ] xT=false
MEMBER stv 4/5 3/10 13/5 shape=[ 1, 1, 2, 2 ] tors=[ 4, 4 ] order4=12 norm111=0 xTpass=0
  D4 above=T3 pat=000 resclass=[ -209, -91, 19019 ] xT=false
  D4 above=T3 pat=000 resclass=[ -209, -91, 19019 ] xT=false
  D4 above=T2 pat=000 resclass=[ -20697985, 38439115, -91 ] xT=false
  D4 above=T1 pat=000 resclass=[ 35751065, -20697985, -209 ] xT=false
  D4 above=T2 pat=000 resclass=[ -20697985, 38439115, -91 ] xT=false
  D4 above=T1 pat=000 resclass=[ 35751065, -20697985, -209 ] xT=false
  D4 above=T3 pat=000 resclass=[ -209, -91, 19019 ] xT=false
  D4 above=T3 pat=000 resclass=[ -209, -91, 19019 ] xT=false
  D4 above=T2 pat=000 resclass=[ -20697985, 38439115, -91 ] xT=false
  D4 above=T1 pat=000 resclass=[ 35751065, -20697985, -209 ] xT=false
  D4 above=T2 pat=000 resclass=[ -20697985, 38439115, -91 ] xT=false
  D4 above=T1 pat=000 resclass=[ 35751065, -20697985, -209 ] xT=false
MEMBER stv 2/7 3/14 -8/3 shape=[ 1, 1, 2, 2 ] tors=[ 4, 4 ] order4=12 norm111=0 xTpass=0
  D4 above=T3 pat=000 resclass=[ -393, -187, 73491 ] xT=false
  D4 above=T3 pat=000 resclass=[ -393, -187, 73491 ] xT=false
  D4 above=T1 pat=000 resclass=[ -27008064985, 618505305, -393 ] xT=false
  D4 above=T2 pat=000 resclass=[ 618505305, -3307515, -187 ] xT=false
  D4 above=T1 pat=000 resclass=[ -27008064985, 618505305, -393 ] xT=false
  D4 above=T2 pat=000 resclass=[ 618505305, -3307515, -187 ] xT=false
  D4 above=T3 pat=000 resclass=[ -393, -187, 73491 ] xT=false
  D4 above=T3 pat=000 resclass=[ -393, -187, 73491 ] xT=false
  D4 above=T1 pat=000 resclass=[ -27008064985, 618505305, -393 ] xT=false
  D4 above=T2 pat=000 resclass=[ 618505305, -3307515, -187 ] xT=false
  D4 above=T1 pat=000 resclass=[ -27008064985, 618505305, -393 ] xT=false
  D4 above=T2 pat=000 resclass=[ 618505305, -3307515, -187 ] xT=false
MEMBER stv 17/6 13/7 3/8 shape=[ 1, 1, 2, 2 ] tors=[ 4, 4 ] order4=12 norm111=0 xTpass=0
  D4 above=T3 pat=000 resclass=[ 175489, 30, 5264670 ] xT=false
  D4 above=T3 pat=000 resclass=[ 175489, 30, 5264670 ] xT=false
  D4 above=T2 pat=000 resclass=[ 14961485, 17953782, 30 ] xT=false
  D4 above=T1 pat=000 resclass=[ 2625576041165, 14961485, 175489 ] xT=false
  D4 above=T2 pat=000 resclass=[ 14961485, 17953782, 30 ] xT=false
  D4 above=T1 pat=000 resclass=[ 2625576041165, 14961485, 175489 ] xT=false
  D4 above=T3 pat=000 resclass=[ 175489, 30, 5264670 ] xT=false
  D4 above=T3 pat=000 resclass=[ 175489, 30, 5264670 ] xT=false
  D4 above=T2 pat=000 resclass=[ 14961485, 17953782, 30 ] xT=false
  D4 above=T1 pat=000 resclass=[ 2625576041165, 14961485, 175489 ] xT=false
  D4 above=T2 pat=000 resclass=[ 14961485, 17953782, 30 ] xT=false
  D4 above=T1 pat=000 resclass=[ 2625576041165, 14961485, 175489 ] xT=false
MEMBER stv 5/8 19/2 3/2 shape=[ 1, 1, 2, 2 ] tors=[ 4, 4 ] order4=12 norm111=0 xTpass=0
  D4 above=T1 pat=000 resclass=[ 777233828056126, -1524672506, -509771 ] xT=false
  D4 above=T1 pat=000 resclass=[ 777233828056126, -1524672506, -509771 ] xT=false
  D4 above=T2 pat=000 resclass=[ -1524672506, -38437122, 357 ] xT=false
  D4 above=T3 pat=000 resclass=[ -509771, 357, -181988247 ] xT=false
  D4 above=T2 pat=000 resclass=[ -1524672506, -38437122, 357 ] xT=false
  D4 above=T3 pat=000 resclass=[ -509771, 357, -181988247 ] xT=false
  D4 above=T1 pat=000 resclass=[ 777233828056126, -1524672506, -509771 ] xT=false
  D4 above=T1 pat=000 resclass=[ 777233828056126, -1524672506, -509771 ] xT=false
  D4 above=T2 pat=000 resclass=[ -1524672506, -38437122, 357 ] xT=false
  D4 above=T3 pat=000 resclass=[ -509771, 357, -181988247 ] xT=false
  D4 above=T2 pat=000 resclass=[ -1524672506, -38437122, 357 ] xT=false
  D4 above=T3 pat=000 resclass=[ -509771, 357, -181988247 ] xT=false
PART_DONE part=2
