MEMBER mnv -1/2 -1/4 -1982464/21049 shape=[ 1, 1, 2, 2 ] tors=[ 4, 4 ] order4=12 norm111=12 xTpass=0
  D4 above=T3 pat=111 resclass=[ 1, 1, 1 ] xT=false
  D4 above=T3 pat=111 resclass=[ 1, 1, 1 ] xT=false
  D4 above=T2 pat=111 resclass=[ 1, 1, 1 ] xT=false
  D4 above=T1 pat=111 resclass=[ 1, 1, 1 ] xT=false
  D4 above=T2 pat=111 resclass=[ 1, 1, 1 ] xT=false
  D4 above=T1 pat=111 resclass=[ 1, 1, 1 ] xT=false
  D4 above=T3 pat=111 resclass=[ 1, 1, 1 ] xT=false
  D4 above=T3 pat=111 resclass=[ 1, 1, 1 ] xT=false
  D4 above=T2 pat=111 resclass=[ 1, 1, 1 ] xT=false
  D4 above=T1 pat=111 resclass=[ 1, 1, 1 ] xT=false
  D4 above=T2 pat=111 resclass=[ 1, 1, 1 ] xT=false
  D4 above=T1 pat=111 resclass=[ 1, 1, 1 ] xT=false
MEMBER stv 1/4 2 -1 shape=[ 1, 1, 2, 2 ] tors=[ 4, 4 ] order4=12 norm111=0 xTpass=0
  D4 above=T2 pat=000 resclass=[ -115, -345, 3 ] xT=false
  D4 above=T2 pat=000 resclass=[ -115, -345, 3 ] xT=false
  D4 above=T1 pat=000 resclass=[ 16445, -115, -143 ] xT=false
  D4 above=T3 pat=000 resclass=[ -143, 3, -429 ] xT=false
  D4 above=T1 pat=000 resclass=[ 16445, -115, -143 ] xT=false
  D4 above=T3 pat=000 resclass=[ -143, 3, -429 ] xT=false
  D4 above=T2 pat=000 resclass=[ -115, -345, 3 ] xT=false
  D4 above=T2 pat=000 resclass=[ -115, -345, 3 ] xT=false
  D4 above=T1 pat=000 resclass=[ 16445, -115, -143 ] xT=false
  D4 above=T3 pat=000 resclass=[ -143, 3, -429 ] xT=false
  D4 above=T1 pat=000 resclass=[ 16445, -115, -143 ] xT=false
  D4 above=T3 pat=000 resclass=[ -143, 3, -429 ] xT=false
MEMBER stv 1/3 3/2 -1/3 shape=[ 1, 1, 2, 2 ] tors=[ 4, 4 ] order4=12 norm111=0 xTpass=0
  D4 above=T2 pat=000 resclass=[ -320190, -64038, 5 ] xT=false
  D4 above=T2 pat=000 resclass=[ -320190, -64038, 5 ] xT=false
  D4 above=T3 pat=000 resclass=[ -209, 5, -1045 ] xT=false
  D4 above=T1 pat=000 resclass=[ 66919710, -320190, -209 ] xT=false
  D4 above=T3 pat=000 resclass=[ -209, 5, -1045 ] xT=false
  D4 above=T1 pat=000 resclass=[ 66919710, -320190, -209 ] xT=false
  D4 above=T2 pat=000 resclass=[ -320190, -64038, 5 ] xT=false
  D4 above=T2 pat=000 resclass=[ -320190, -64038, 5 ] xT=false
  D4 above=T3 pat=000 resclass=[ -209, 5, -1045 ] xT=false
  D4 above=T1 pat=000 resclass=[ 66919710, -320190, -209 ] xT=false
  D4 above=T3 pat=000 resclass=[ -209, 5, -1045 ] xT=false
  D4 above=T1 pat=000 resclass=[ 66919710, -320190, -209 ] xT=false
MEMBER stv 1/2 3/4 -2 shape=[ 1, 1, 2, 2 ] tors=[ 4, 4 ] order4=12 norm111=0 xTpass=0
  D4 above=T1 pat=000 resclass=[ 210, 14, 15 ] xT=false
  D4 above=T1 pat=000 resclass=[ 210, 14, 15 ] xT=false
  D4 above=T3 pat=000 resclass=[ 15, -7, -105 ] xT=false
  D4 above=T2 pat=000 resclass=[ 14, -2, -7 ] xT=false
  D4 above=T3 pat=000 resclass=[ 15, -7, -105 ] xT=false
  D4 above=T2 pat=000 resclass=[ 14, -2, -7 ] xT=false
  D4 above=T1 pat=000 resclass=[ 210, 14, 15 ] xT=false
  D4 above=T1 pat=000 resclass=[ 210, 14, 15 ] xT=false
  D4 above=T3 pat=000 resclass=[ 15, -7, -105 ] xT=false
  D4 above=T2 pat=000 resclass=[ 14, -2, -7 ] xT=false
  D4 above=T3 pat=000 resclass=[ 15, -7, -105 ] xT=false
  D4 above=T2 pat=000 resclass=[ 14, -2, -7 ] xT=false
MEMBER stv 2/3 2/3 -3/4 shape=[ 1, 1, 2, 2 ] tors=[ 4, 4 ] order4=12 norm111=0 xTpass=0
  D4 above=T2 pat=000 resclass=[ 390, -78, -5 ] xT=false
  D4 above=T2 pat=000 resclass=[ 390, -78, -5 ] xT=false
  D4 above=T3 pat=000 resclass=[ 11, -5, -55 ] xT=false
  D4 above=T1 pat=000 resclass=[ 4290, 390, 11 ] xT=false
  D4 above=T3 pat=000 resclass=[ 11, -5, -55 ] xT=false
  D4 above=T1 pat=000 resclass=[ 4290, 390, 11 ] xT=false
  D4 above=T2 pat=000 resclass=[ 390, -78, -5 ] xT=false
  D4 above=T2 pat=000 resclass=[ 390, -78, -5 ] xT=false
  D4 above=T3 pat=000 resclass=[ 11, -5, -55 ] xT=false
  D4 above=T1 pat=000 resclass=[ 4290, 390, 11 ] xT=false
  D4 above=T3 pat=000 resclass=[ 11, -5, -55 ] xT=false
  D4 above=T1 pat=000 resclass=[ 4290, 390, 11 ] xT=false
MEMBER stv 3/4 1/2 -1/4 INVALID
MEMBER stv 1 1/4 -3/2 shape=[ 1, 1, 2, 2 ] tors=[ 4, 4 ] order4=12 norm111=0 xTpass=0
  D4 above=T1 pat=000 resclass=[ 93310, 3010, 31 ] xT=false
  D4 above=T1 pat=000 resclass=[ 93310, 3010, 31 ] xT=false
  D4 above=T2 pat=000 resclass=[ 3010, -1806, -15 ] xT=false
  D4 above=T3 pat=000 resclass=[ 31, -15, -465 ] xT=false
  D4 above=T2 pat=000 resclass=[ 3010, -1806, -15 ] xT=false
  D4 above=T3 pat=000 resclass=[ 31, -15, -465 ] xT=false
  D4 above=T1 pat=000 resclass=[ 93310, 3010, 31 ] xT=false
  D4 above=T1 pat=000 resclass=[ 93310, 3010, 31 ] xT=false
  D4 above=T2 pat=000 resclass=[ 3010, -1806, -15 ] xT=false
  D4 above=T3 pat=000 resclass=[ 31, -15, -465 ] xT=false
  D4 above=T2 pat=000 resclass=[ 3010, -1806, -15 ] xT=false
  D4 above=T3 pat=000 resclass=[ 31, -15, -465 ] xT=false
MEMBER stv 1 4 -2/3 shape=[ 1, 1, 2, 2 ] tors=[ 4, 4 ] order4=12 norm111=0 xTpass=0
  D4 above=T1 pat=000 resclass=[ 16835, -4810, -14 ] xT=false
  D4 above=T1 pat=000 resclass=[ 16835, -4810, -14 ] xT=false
  D4 above=T2 pat=000 resclass=[ -4810, -2886, 15 ] xT=false
  D4 above=T3 pat=000 resclass=[ -14, 15, -210 ] xT=false
  D4 above=T2 pat=000 resclass=[ -4810, -2886, 15 ] xT=false
  D4 above=T3 pat=000 resclass=[ -14, 15, -210 ] xT=false
  D4 above=T1 pat=000 resclass=[ 16835, -4810, -14 ] xT=false
  D4 above=T1 pat=000 resclass=[ 16835, -4810, -14 ] xT=false
  D4 above=T2 pat=000 resclass=[ -4810, -2886, 15 ] xT=false
  D4 above=T3 pat=000 resclass=[ -14, 15, -210 ] xT=false
  D4 above=T2 pat=000 resclass=[ -4810, -2886, 15 ] xT=false
  D4 above=T3 pat=000 resclass=[ -14, 15, -210 ] xT=false
MEMBER stv 4/3 2 -4 shape=[ 1, 1, 2, 2 ] tors=[ 4, 4 ] order4=12 norm111=0 xTpass=0
  D4 above=T3 pat=000 resclass=[ -65, 3, -195 ] xT=false
  D4 above=T3 pat=000 resclass=[ -65, 3, -195 ] xT=false
  D4 above=T2 pat=000 resclass=[ 62205, 20735, 3 ] xT=false
  D4 above=T1 pat=000 resclass=[ -957, 62205, -65 ] xT=false
  D4 above=T2 pat=000 resclass=[ 62205, 20735, 3 ] xT=false
  D4 above=T1 pat=000 resclass=[ -957, 62205, -65 ] xT=false
  D4 above=T3 pat=000 resclass=[ -65, 3, -195 ] xT=false
  D4 above=T3 pat=000 resclass=[ -65, 3, -195 ] xT=false
  D4 above=T2 pat=000 resclass=[ 62205, 20735, 3 ] xT=false
  D4 above=T1 pat=000 resclass=[ -957, 62205, -65 ] xT=false
  D4 above=T2 pat=000 resclass=[ 62205, 20735, 3 ] xT=false
  D4 above=T1 pat=000 resclass=[ -957, 62205, -65 ] xT=false
MEMBER stv 3/2 3/2 -4/3 shape=[ 1, 1, 2, 2 ] tors=[ 4, 4 ] order4=12 norm111=0 xTpass=0
  D4 above=T3 pat=000 resclass=[ 11, 5, 55 ] xT=false
  D4 above=T3 pat=000 resclass=[ 11, 5, 55 ] xT=false
  D4 above=T1 pat=000 resclass=[ 2310, 210, 11 ] xT=false
  D4 above=T2 pat=000 resclass=[ 210, 42, 5 ] xT=false
  D4 above=T1 pat=000 resclass=[ 2310, 210, 11 ] xT=false
  D4 above=T2 pat=000 resclass=[ 210, 42, 5 ] xT=false
  D4 above=T3 pat=000 resclass=[ 11, 5, 55 ] xT=false
  D4 above=T3 pat=000 resclass=[ 11, 5, 55 ] xT=false
  D4 above=T1 pat=000 resclass=[ 2310, 210, 11 ] xT=false
  D4 above=T2 pat=000 resclass=[ 210, 42, 5 ] xT=false
  D4 above=T1 pat=000 resclass=[ 2310, 210, 11 ] xT=false
  D4 above=T2 pat=000 resclass=[ 210, 42, 5 ] xT=false
MEMBER stv 2 4/3 -1/2 shape=[ 1, 1, 2, 2 ] tors=[ 4, 4 ] order4=12 norm111=0 xTpass=0
  D4 above=T3 pat=000 resclass=[ 11, 7, 77 ] xT=false
  D4 above=T3 pat=000 resclass=[ 11, 7, 77 ] xT=false
  D4 above=T2 pat=000 resclass=[ -14, -2, 7 ] xT=false
  D4 above=T1 pat=000 resclass=[ -154, -14, 11 ] xT=false
  D4 above=T2 pat=000 resclass=[ -14, -2, 7 ] xT=false
  D4 above=T1 pat=000 resclass=[ -154, -14, 11 ] xT=false
  D4 above=T3 pat=000 resclass=[ 11, 7, 77 ] xT=false
  D4 above=T3 pat=000 resclass=[ 11, 7, 77 ] xT=false
  D4 above=T2 pat=000 resclass=[ -14, -2, 7 ] xT=false
  D4 above=T1 pat=000 resclass=[ -154, -14, 11 ] xT=false
  D4 above=T2 pat=000 resclass=[ -14, -2, 7 ] xT=false
  D4 above=T1 pat=000 resclass=[ -154, -14, 11 ] xT=false
MEMBER stv 3 2/3 -3 shape=[ 1, 1, 2, 2 ] tors=[ 4, 4 ] order4=12 norm111=0 xTpass=0
  D4 above=T3 pat=000 resclass=[ 11, -5, -55 ] xT=false
  D4 above=T3 pat=000 resclass=[ 11, -5, -55 ] xT=false
  D4 above=T2 pat=000 resclass=[ 65, -13, -5 ] xT=false
  D4 above=T1 pat=000 resclass=[ 715, 65, 11 ] xT=false
  D4 above=T2 pat=000 resclass=[ 65, -13, -5 ] xT=false
  D4 above=T1 pat=000 resclass=[ 715, 65, 11 ] xT=false
  D4 above=T3 pat=000 resclass=[ 11, -5, -55 ] xT=false
  D4 above=T3 pat=000 resclass=[ 11, -5, -55 ] xT=false
  D4 above=T2 pat=000 resclass=[ 65, -13, -5 ] xT=false
  D4 above=T1 pat=000 resclass=[ 715, 65, 11 ] xT=false
  D4 above=T2 pat=000 resclass=[ 65, -13, -5 ] xT=false
  D4 above=T1 pat=000 resclass=[ 715, 65, 11 ] xT=false
MEMBER stv 4 1/2 -1 shape=[ 1, 1, 2, 2 ] tors=[ 4, 4 ] order4=12 norm111=0 xTpass=0
  D4 above=T1 pat=000 resclass=[ 3705, 15, 247 ] xT=false
  D4 above=T1 pat=000 resclass=[ 3705, 15, 247 ] xT=false
  D4 above=T2 pat=000 resclass=[ 15, -5, -3 ] xT=false
  D4 above=T3 pat=000 resclass=[ 247, -3, -741 ] xT=false
  D4 above=T2 pat=000 resclass=[ 15, -5, -3 ] xT=false
  D4 above=T3 pat=000 resclass=[ 247, -3, -741 ] xT=false
  D4 above=T1 pat=000 resclass=[ 3705, 15, 247 ] xT=false
  D4 above=T1 pat=000 resclass=[ 3705, 15, 247 ] xT=false
  D4 above=T2 pat=000 resclass=[ 15, -5, -3 ] xT=false
  D4 above=T3 pat=000 resclass=[ 247, -3, -741 ] xT=false
  D4 above=T2 pat=000 resclass=[ 15, -5, -3 ] xT=false
  D4 above=T3 pat=000 resclass=[ 247, -3, -741 ] xT=false
MEMBER stv 2/7 20/9 5/6 shape=[ 1, 1, 2, 2 ] tors=[ 4, 4 ] order4=12 norm111=0 xTpass=0
  D4 above=T3 pat=000 resclass=[ -4960045, 319, -1582254355 ] xT=false
  D4 above=T3 pat=000 resclass=[ -4960045, 319, -1582254355 ] xT=false
  D4 above=T1 pat=000 resclass=[ 4352487262310204886, -21937740798270, -4960045 ] xT=false
  D4 above=T2 pat=000 resclass=[ -21937740798270, -68770347330, 319 ] xT=false
  D4 above=T1 pat=000 resclass=[ 4352487262310204886, -21937740798270, -4960045 ] xT=false
  D4 above=T2 pat=000 resclass=[ -21937740798270, -68770347330, 319 ] xT=false
  D4 above=T3 pat=000 resclass=[ -4960045, 319, -1582254355 ] xT=false
  D4 above=T3 pat=000 resclass=[ -4960045, 319, -1582254355 ] xT=false
  D4 above=T1 pat=000 resclass=[ 4352487262310204886, -21937740798270, -4960045 ] xT=false
  D4 above=T2 pat=000 resclass=[ -21937740798270, -68770347330, 319 ] xT=false
  D4 above=T1 pat=000 resclass=[ 4352487262310204886, -21937740798270, -4960045 ] xT=false
  D4 above=T2 pat=000 resclass=[ -21937740798270, -68770347330, 319 ] xT=false
MEMBER stv 9/8 8/5 -4/5 shape=[ 1, 1, 2, 2 ] tors=[ 4, 4 ] order4=12 norm111=0 xTpass=0
  D4 above=T3 pat=000 resclass=[ -5191, 39, -202449 ] xT=false
  D4 above=T3 pat=000 resclass=[ -5191, 39, -202449 ] xT=false
  D4 above=T2 pat=000 resclass=[ 31028205, 795595, 39 ] xT=false
  D4 above=T1 pat=000 resclass=[ -161067412155, 31028205, -5191 ] xT=false
  D4 above=T2 pat=000 resclass=[ 31028205, 795595, 39 ] xT=false
  D4 above=T1 pat=000 resclass=[ -161067412155, 31028205, -5191 ] xT=false
  D4 above=T3 pat=000 resclass=[ -5191, 39, -202449 ] xT=false
  D4 above=T3 pat=000 resclass=[ -5191, 39, -202449 ] xT=false
  D4 above=T2 pat=000 resclass=[ 31028205, 795595, 39 ] xT=false
  D4 above=T1 pat=000 resclass=[ -161067412155, 31028205, -5191 ] xT=false
  D4 above=T2 pat=000 resclass=[ 31028205, 795595, 39 ] xT=false
  D4 above=T1 pat=000 resclass=[ -161067412155, 31028205, -5191 ] xT=false
MEMBER stv 3/10 11/19 -1 shape=[ 1, 1, 2, 2 ] tors=[ 4, 4 ] order4=12 norm111=0 xTpass=0
  D4 above=T2 pat=000 resclass=[ 12223863015, -814924201, -15 ] xT=false
  D4 above=T2 pat=000 resclass=[ 12223863015, -814924201, -15 ] xT=false
  D4 above=T3 pat=000 resclass=[ -56631, -15, 94385 ] xT=false
  D4 above=T1 pat=000 resclass=[ -76916620711385, 12223863015, -56631 ] xT=false
  D4 above=T3 pat=000 resclass=[ -56631, -15, 94385 ] xT=false
  D4 above=T1 pat=000 resclass=[ -76916620711385, 12223863015, -56631 ] xT=false
  D4 above=T2 pat=000 resclass=[ 12223863015, -814924201, -15 ] xT=false
  D4 above=T2 pat=000 resclass=[ 12223863015, -814924201, -15 ] xT=false
  D4 above=T3 pat=000 resclass=[ -56631, -15, 94385 ] xT=false
  D4 above=T1 pat=000 resclass=[ -76916620711385, 12223863015, -56631 ] xT=false
  D4 above=T3 pat=000 resclass=[ -56631, -15, 94385 ] xT=false
  D4 above=T1 pat=000 resclass=[ -76916620711385, 12223863015, -56631 ] xT=false
MEMBER stv 20/19 3 3/8 shape=[ 1, 1, 2, 2 ] tors=[ 4, 4 ] order4=12 norm111=0 xTpass=0
  D4 above=T1 pat=000 resclass=[ 558092227, -3539697, -1419 ] xT=false
  D4 above=T1 pat=000 resclass=[ 558092227, -3539697, -1419 ] xT=false
  D4 above=T2 pat=000 resclass=[ -3539697, -7079394, 2 ] xT=false
  D4 above=T3 pat=000 resclass=[ -1419, 2, -2838 ] xT=false
  D4 above=T2 pat=000 resclass=[ -3539697, -7079394, 2 ] xT=false
  D4 above=T3 pat=000 resclass=[ -1419, 2, -2838 ] xT=false
  D4 above=T1 pat=000 resclass=[ 558092227, -3539697, -1419 ] xT=false
  D4 above=T1 pat=000 resclass=[ 558092227, -3539697, -1419 ] xT=false
  D4 above=T2 pat=000 resclass=[ -3539697, -7079394, 2 ] xT=false
  D4 above=T3 pat=000 resclass=[ -1419, 2, -2838 ] xT=false
  D4 above=T2 pat=000 resclass=[ -3539697, -7079394, 2 ] xT=false
  D4 above=T3 pat=000 resclass=[ -1419, 2, -2838 ] xT=false
PART_DONE part=20
