MEMBER mnv 1/2 -1/4 65536/21049 shape=[ 1, 1, 2, 2 ] tors=[ 4, 4 ] order4=12 norm111=12 xTpass=0
  D4 above=T3 pat=111 resclass=[ 1, 1, 1 ] xT=false
  D4 above=T3 pat=111 resclass=[ 1, 1, 1 ] xT=false
  D4 above=T2 pat=111 resclass=[ 1, 1, 1 ] xT=false
  D4 above=T1 pat=111 resclass=[ 1, 1, 1 ] xT=false
  D4 above=T2 pat=111 resclass=[ 1, 1, 1 ] xT=false
  D4 above=T1 pat=111 resclass=[ 1, 1, 1 ] xT=false
  D4 above=T3 pat=111 resclass=[ 1, 1, 1 ] xT=false
  D4 above=T3 pat=111 resclass=[ 1, 1, 1 ] xT=false
  D4 above=T2 pat=111 resclass=[ 1, 1, 1 ] xT=false
  D4 above=T1 pat=111 resclass=[ 1, 1, 1 ] xT=false
  D4 above=T2 pat=111 resclass=[ 1, 1, 1 ] xT=false
  D4 above=T1 pat=111 resclass=[ 1, 1, 1 ] xT=false
MEMBER stv 1/4 2 4/3 shape=[ 1, 1, 2, 2 ] tors=[ 4, 4 ] order4=12 norm111=0 xTpass=0
  D4 above=T2 pat=000 resclass=[ -2327, -6981, 3 ] xT=false
  D4 above=T2 pat=000 resclass=[ -2327, -6981, 3 ] xT=false
  D4 above=T1 pat=000 resclass=[ 1969, -2327, -143 ] xT=false
  D4 above=T3 pat=000 resclass=[ -143, 3, -429 ] xT=false
  D4 above=T1 pat=000 resclass=[ 1969, -2327, -143 ] xT=false
  D4 above=T3 pat=000 resclass=[ -143, 3, -429 ] xT=false
  D4 above=T2 pat=000 resclass=[ -2327, -6981, 3 ] xT=false
  D4 above=T2 pat=000 resclass=[ -2327, -6981, 3 ] xT=false
  D4 above=T1 pat=000 resclass=[ 1969, -2327, -143 ] xT=false
  D4 above=T3 pat=000 resclass=[ -143, 3, -429 ] xT=false
  D4 above=T1 pat=000 resclass=[ 1969, -2327, -143 ] xT=false
  D4 above=T3 pat=000 resclass=[ -143, 3, -429 ] xT=false
MEMBER stv 1/3 3/2 1/2 shape=[ 1, 1, 2, 2 ] tors=[ 4, 4 ] order4=12 norm111=0 xTpass=0
  D4 above=T3 pat=000 resclass=[ -209, 5, -1045 ] xT=false
  D4 above=T3 pat=000 resclass=[ -209, 5, -1045 ] xT=false
  D4 above=T1 pat=000 resclass=[ 11110, -19190, -209 ] xT=false
  D4 above=T2 pat=000 resclass=[ -19190, -3838, 5 ] xT=false
  D4 above=T1 pat=000 resclass=[ 11110, -19190, -209 ] xT=false
  D4 above=T2 pat=000 resclass=[ -19190, -3838, 5 ] xT=false
  D4 above=T3 pat=000 resclass=[ -209, 5, -1045 ] xT=false
  D4 above=T3 pat=000 resclass=[ -209, 5, -1045 ] xT=false
  D4 above=T1 pat=000 resclass=[ 11110, -19190, -209 ] xT=false
  D4 above=T2 pat=000 resclass=[ -19190, -3838, 5 ] xT=false
  D4 above=T1 pat=000 resclass=[ 11110, -19190, -209 ] xT=false
  D4 above=T2 pat=000 resclass=[ -19190, -3838, 5 ] xT=false
MEMBER stv 1/2 3/4 3 shape=[ 1, 1, 2, 2 ] tors=[ 4, 4 ] order4=12 norm111=0 xTpass=0
  D4 above=T1 pat=000 resclass=[ -65, -39, 15 ] xT=false
  D4 above=T1 pat=000 resclass=[ -65, -39, 15 ] xT=false
  D4 above=T2 pat=000 resclass=[ -39, 273, -7 ] xT=false
  D4 above=T3 pat=000 resclass=[ 15, -7, -105 ] xT=false
  D4 above=T2 pat=000 resclass=[ -39, 273, -7 ] xT=false
  D4 above=T3 pat=000 resclass=[ 15, -7, -105 ] xT=false
  D4 above=T1 pat=000 resclass=[ -65, -39, 15 ] xT=false
  D4 above=T1 pat=000 resclass=[ -65, -39, 15 ] xT=false
  D4 above=T2 pat=000 resclass=[ -39, 273, -7 ] xT=false
  D4 above=T3 pat=000 resclass=[ 15, -7, -105 ] xT=false
  D4 above=T2 pat=000 resclass=[ -39, 273, -7 ] xT=false
  D4 above=T3 pat=000 resclass=[ 15, -7, -105 ] xT=false
MEMBER stv 2/3 2/3 1 shape=[ 1, 1, 2, 2 ] tors=[ 4, 4 ] order4=12 norm111=0 xTpass=0
  D4 above=T2 pat=000 resclass=[ -8905, 1781, -5 ] xT=false
  D4 above=T2 pat=000 resclass=[ -8905, 1781, -5 ] xT=false
  D4 above=T1 pat=000 resclass=[ -97955, -8905, 11 ] xT=false
  D4 above=T3 pat=000 resclass=[ 11, -5, -55 ] xT=false
  D4 above=T1 pat=000 resclass=[ -97955, -8905, 11 ] xT=false
  D4 above=T3 pat=000 resclass=[ 11, -5, -55 ] xT=false
  D4 above=T2 pat=000 resclass=[ -8905, 1781, -5 ] xT=false
  D4 above=T2 pat=000 resclass=[ -8905, 1781, -5 ] xT=false
  D4 above=T1 pat=000 resclass=[ -97955, -8905, 11 ] xT=false
  D4 above=T3 pat=000 resclass=[ 11, -5, -55 ] xT=false
  D4 above=T1 pat=000 resclass=[ -97955, -8905, 11 ] xT=false
  D4 above=T3 pat=000 resclass=[ 11, -5, -55 ] xT=false
MEMBER stv 3/4 1/2 1/3 INVALID
MEMBER stv 1 1/4 2 shape=[ 1, 1, 2, 2 ] tors=[ 4, 4 ] order4=12 norm111=0 xTpass=0
  D4 above=T1 pat=000 resclass=[ -61845, -1995, 31 ] xT=false
  D4 above=T1 pat=000 resclass=[ -61845, -1995, 31 ] xT=false
  D4 above=T2 pat=000 resclass=[ -1995, 133, -15 ] xT=false
  D4 above=T3 pat=000 resclass=[ 31, -15, -465 ] xT=false
  D4 above=T2 pat=000 resclass=[ -1995, 133, -15 ] xT=false
  D4 above=T3 pat=000 resclass=[ 31, -15, -465 ] xT=false
  D4 above=T1 pat=000 resclass=[ -61845, -1995, 31 ] xT=false
  D4 above=T1 pat=000 resclass=[ -61845, -1995, 31 ] xT=false
  D4 above=T2 pat=000 resclass=[ -1995, 133, -15 ] xT=false
  D4 above=T3 pat=000 resclass=[ 31, -15, -465 ] xT=false
  D4 above=T2 pat=000 resclass=[ -1995, 133, -15 ] xT=false
  D4 above=T3 pat=000 resclass=[ 31, -15, -465 ] xT=false
MEMBER stv 1 4 3/4 shape=[ 1, 1, 2, 2 ] tors=[ 4, 4 ] order4=12 norm111=0 xTpass=0
  D4 above=T3 pat=000 resclass=[ -14, 15, -210 ] xT=false
  D4 above=T3 pat=000 resclass=[ -14, 15, -210 ] xT=false
  D4 above=T2 pat=000 resclass=[ -24955, -14973, 15 ] xT=false
  D4 above=T1 pat=000 resclass=[ 7130, -24955, -14 ] xT=false
  D4 above=T2 pat=000 resclass=[ -24955, -14973, 15 ] xT=false
  D4 above=T1 pat=000 resclass=[ 7130, -24955, -14 ] xT=false
  D4 above=T3 pat=000 resclass=[ -14, 15, -210 ] xT=false
  D4 above=T3 pat=000 resclass=[ -14, 15, -210 ] xT=false
  D4 above=T2 pat=000 resclass=[ -24955, -14973, 15 ] xT=false
  D4 above=T1 pat=000 resclass=[ 7130, -24955, -14 ] xT=false
  D4 above=T2 pat=000 resclass=[ -24955, -14973, 15 ] xT=false
  D4 above=T1 pat=000 resclass=[ 7130, -24955, -14 ] xT=false
MEMBER stv 4/3 3 1/4 shape=[ 1, 1, 2, 2 ] tors=[ 4, 4 ] order4=12 norm111=0 xTpass=0
  D4 above=T1 pat=000 resclass=[ 135590, -3874, -35 ] xT=false
  D4 above=T1 pat=000 resclass=[ 135590, -3874, -35 ] xT=false
  D4 above=T2 pat=000 resclass=[ -3874, -1937, 2 ] xT=false
  D4 above=T3 pat=000 resclass=[ -35, 2, -70 ] xT=false
  D4 above=T2 pat=000 resclass=[ -3874, -1937, 2 ] xT=false
  D4 above=T3 pat=000 resclass=[ -35, 2, -70 ] xT=false
  D4 above=T1 pat=000 resclass=[ 135590, -3874, -35 ] xT=false
  D4 above=T1 pat=000 resclass=[ 135590, -3874, -35 ] xT=false
  D4 above=T2 pat=000 resclass=[ -3874, -1937, 2 ] xT=false
  D4 above=T3 pat=000 resclass=[ -35, 2, -70 ] xT=false
  D4 above=T2 pat=000 resclass=[ -3874, -1937, 2 ] xT=false
  D4 above=T3 pat=000 resclass=[ -35, 2, -70 ] xT=false
MEMBER stv 3/2 3/2 3/2 shape=[ 1, 1, 2, 2 ] tors=[ 4, 4 ] order4=12 norm111=0 xTpass=0
  D4 above=T3 pat=000 resclass=[ 11, 5, 55 ] xT=false
  D4 above=T3 pat=000 resclass=[ 11, 5, 55 ] xT=false
  D4 above=T1 pat=000 resclass=[ 2310, 210, 11 ] xT=false
  D4 above=T2 pat=000 resclass=[ 210, 42, 5 ] xT=false
  D4 above=T1 pat=000 resclass=[ 2310, 210, 11 ] xT=false
  D4 above=T2 pat=000 resclass=[ 210, 42, 5 ] xT=false
  D4 above=T3 pat=000 resclass=[ 11, 5, 55 ] xT=false
  D4 above=T3 pat=000 resclass=[ 11, 5, 55 ] xT=false
  D4 above=T1 pat=000 resclass=[ 2310, 210, 11 ] xT=false
  D4 above=T2 pat=000 resclass=[ 210, 42, 5 ] xT=false
  D4 above=T1 pat=000 resclass=[ 2310, 210, 11 ] xT=false
  D4 above=T2 pat=000 resclass=[ 210, 42, 5 ] xT=false
MEMBER stv 2 4/3 2/3 shape=[ 1, 1, 2, 2 ] tors=[ 4, 4 ] order4=12 norm111=0 xTpass=0
  D4 above=T2 pat=000 resclass=[ 308154, 44022, 7 ] xT=false
  D4 above=T2 pat=000 resclass=[ 308154, 44022, 7 ] xT=false
  D4 above=T1 pat=000 resclass=[ 28014, 308154, 11 ] xT=false
  D4 above=T3 pat=000 resclass=[ 11, 7, 77 ] xT=false
  D4 above=T1 pat=000 resclass=[ 28014, 308154, 11 ] xT=false
  D4 above=T3 pat=000 resclass=[ 11, 7, 77 ] xT=false
  D4 above=T2 pat=000 resclass=[ 308154, 44022, 7 ] xT=false
  D4 above=T2 pat=000 resclass=[ 308154, 44022, 7 ] xT=false
  D4 above=T1 pat=000 resclass=[ 28014, 308154, 11 ] xT=false
  D4 above=T3 pat=000 resclass=[ 11, 7, 77 ] xT=false
  D4 above=T1 pat=000 resclass=[ 28014, 308154, 11 ] xT=false
  D4 above=T3 pat=000 resclass=[ 11, 7, 77 ] xT=false
MEMBER stv 3 2/3 4 shape=[ 1, 1, 2, 2 ] tors=[ 4, 4 ] order4=12 norm111=0 xTpass=0
  D4 above=T3 pat=000 resclass=[ 11, -5, -55 ] xT=false
  D4 above=T3 pat=000 resclass=[ 11, -5, -55 ] xT=false
  D4 above=T1 pat=000 resclass=[ -6261695, -569245, 11 ] xT=false
  D4 above=T2 pat=000 resclass=[ -569245, 113849, -5 ] xT=false
  D4 above=T1 pat=000 resclass=[ -6261695, -569245, 11 ] xT=false
  D4 above=T2 pat=000 resclass=[ -569245, 113849, -5 ] xT=false
  D4 above=T3 pat=000 resclass=[ 11, -5, -55 ] xT=false
  D4 above=T3 pat=000 resclass=[ 11, -5, -55 ] xT=false
  D4 above=T1 pat=000 resclass=[ -6261695, -569245, 11 ] xT=false
  D4 above=T2 pat=000 resclass=[ -569245, 113849, -5 ] xT=false
  D4 above=T1 pat=000 resclass=[ -6261695, -569245, 11 ] xT=false
  D4 above=T2 pat=000 resclass=[ -569245, 113849, -5 ] xT=false
MEMBER stv 4 1/2 4/3 shape=[ 1, 1, 2, 2 ] tors=[ 4, 4 ] order4=12 norm111=0 xTpass=0
  D4 above=T2 pat=000 resclass=[ -18157, 54471, -3 ] xT=false
  D4 above=T2 pat=000 resclass=[ -18157, 54471, -3 ] xT=false
  D4 above=T3 pat=000 resclass=[ 247, -3, -741 ] xT=false
  D4 above=T1 pat=000 resclass=[ -4484779, -18157, 247 ] xT=false
  D4 above=T3 pat=000 resclass=[ 247, -3, -741 ] xT=false
  D4 above=T1 pat=000 resclass=[ -4484779, -18157, 247 ] xT=false
  D4 above=T2 pat=000 resclass=[ -18157, 54471, -3 ] xT=false
  D4 above=T2 pat=000 resclass=[ -18157, 54471, -3 ] xT=false
  D4 above=T3 pat=000 resclass=[ 247, -3, -741 ] xT=false
  D4 above=T1 pat=000 resclass=[ -4484779, -18157, 247 ] xT=false
  D4 above=T3 pat=000 resclass=[ 247, -3, -741 ] xT=false
  D4 above=T1 pat=000 resclass=[ -4484779, -18157, 247 ] xT=false
MEMBER stv 17/2 9 -5/6 shape=[ 1, 1, 2, 2 ] tors=[ 4, 4 ] order4=12 norm111=0 xTpass=0
  D4 above=T3 pat=000 resclass=[ -25311, 5, -126555 ] xT=false
  D4 above=T3 pat=000 resclass=[ -25311, 5, -126555 ] xT=false
  D4 above=T1 pat=000 resclass=[ -62723880934, 22303146, -25311 ] xT=false
  D4 above=T2 pat=000 resclass=[ 22303146, 111515730, 5 ] xT=false
  D4 above=T1 pat=000 resclass=[ -62723880934, 22303146, -25311 ] xT=false
  D4 above=T2 pat=000 resclass=[ 22303146, 111515730, 5 ] xT=false
  D4 above=T3 pat=000 resclass=[ -25311, 5, -126555 ] xT=false
  D4 above=T3 pat=000 resclass=[ -25311, 5, -126555 ] xT=false
  D4 above=T1 pat=000 resclass=[ -62723880934, 22303146, -25311 ] xT=false
  D4 above=T2 pat=000 resclass=[ 22303146, 111515730, 5 ] xT=false
  D4 above=T1 pat=000 resclass=[ -62723880934, 22303146, -25311 ] xT=false
  D4 above=T2 pat=000 resclass=[ 22303146, 111515730, 5 ] xT=false
MEMBER stv 5/7 15/17 -2 shape=[ 1, 1, 2, 2 ] tors=[ 4, 4 ] order4=12 norm111=0 xTpass=0
  D4 above=T1 pat=000 resclass=[ 5642036664882, 2989442, 1887321 ] xT=false
  D4 above=T1 pat=000 resclass=[ 5642036664882, 2989442, 1887321 ] xT=false
  D4 above=T2 pat=000 resclass=[ 2989442, -2989442, -1 ] xT=false
  D4 above=T3 pat=000 resclass=[ 1887321, -1, -1887321 ] xT=false
  D4 above=T2 pat=000 resclass=[ 2989442, -2989442, -1 ] xT=false
  D4 above=T3 pat=000 resclass=[ 1887321, -1, -1887321 ] xT=false
  D4 above=T1 pat=000 resclass=[ 5642036664882, 2989442, 1887321 ] xT=false
  D4 above=T1 pat=000 resclass=[ 5642036664882, 2989442, 1887321 ] xT=false
  D4 above=T2 pat=000 resclass=[ 2989442, -2989442, -1 ] xT=false
  D4 above=T3 pat=000 resclass=[ 1887321, -1, -1887321 ] xT=false
  D4 above=T2 pat=000 resclass=[ 2989442, -2989442, -1 ] xT=false
  D4 above=T3 pat=000 resclass=[ 1887321, -1, -1887321 ] xT=false
MEMBER stv 1 8/11 -5/11 shape=[ 1, 1, 2, 2 ] tors=[ 4, 4 ] order4=12 norm111=0 xTpass=0
  D4 above=T2 pat=000 resclass=[ 4041015, -70895, -57 ] xT=false
  D4 above=T2 pat=000 resclass=[ 4041015, -70895, -57 ] xT=false
  D4 above=T3 pat=000 resclass=[ 178, -57, -10146 ] xT=false
  D4 above=T1 pat=000 resclass=[ 719300670, 4041015, 178 ] xT=false
  D4 above=T3 pat=000 resclass=[ 178, -57, -10146 ] xT=false
  D4 above=T1 pat=000 resclass=[ 719300670, 4041015, 178 ] xT=false
  D4 above=T2 pat=000 resclass=[ 4041015, -70895, -57 ] xT=false
  D4 above=T2 pat=000 resclass=[ 4041015, -70895, -57 ] xT=false
  D4 above=T3 pat=000 resclass=[ 178, -57, -10146 ] xT=false
  D4 above=T1 pat=000 resclass=[ 719300670, 4041015, 178 ] xT=false
  D4 above=T3 pat=000 resclass=[ 178, -57, -10146 ] xT=false
  D4 above=T1 pat=000 resclass=[ 719300670, 4041015, 178 ] xT=false
MEMBER stv 1/3 6/19 19 shape=[ 1, 1, 2, 2 ] tors=[ 4, 4 ] order4=12 norm111=0 xTpass=0
  D4 above=T3 pat=000 resclass=[ -51269, -13, 666497 ] xT=false
  D4 above=T3 pat=000 resclass=[ -51269, -13, 666497 ] xT=false
  D4 above=T2 pat=000 resclass=[ -6764758, 520366, -13 ] xT=false
  D4 above=T1 pat=000 resclass=[ 346822377902, -6764758, -51269 ] xT=false
  D4 above=T2 pat=000 resclass=[ -6764758, 520366, -13 ] xT=false
  D4 above=T1 pat=000 resclass=[ 346822377902, -6764758, -51269 ] xT=false
  D4 above=T3 pat=000 resclass=[ -51269, -13, 666497 ] xT=false
  D4 above=T3 pat=000 resclass=[ -51269, -13, 666497 ] xT=false
  D4 above=T2 pat=000 resclass=[ -6764758, 520366, -13 ] xT=false
  D4 above=T1 pat=000 resclass=[ 346822377902, -6764758, -51269 ] xT=false
  D4 above=T2 pat=000 resclass=[ -6764758, 520366, -13 ] xT=false
  D4 above=T1 pat=000 resclass=[ 346822377902, -6764758, -51269 ] xT=false
PART_DONE part=21
