MEMBER mnv 1/2 -1/4 -4096/2231 shape=[ 1, 1, 2, 2 ] tors=[ 4, 4 ] order4=12 norm111=12 xTpass=0
  D4 above=T1 pat=111 resclass=[ 1, 1, 1 ] xT=false
  D4 above=T1 pat=111 resclass=[ 1, 1, 1 ] xT=false
  D4 above=T2 pat=111 resclass=[ 1, 1, 1 ] xT=false
  D4 above=T3 pat=111 resclass=[ 1, 1, 1 ] xT=false
  D4 above=T2 pat=111 resclass=[ 1, 1, 1 ] xT=false
  D4 above=T3 pat=111 resclass=[ 1, 1, 1 ] xT=false
  D4 above=T1 pat=111 resclass=[ 1, 1, 1 ] xT=false
  D4 above=T1 pat=111 resclass=[ 1, 1, 1 ] xT=false
  D4 above=T2 pat=111 resclass=[ 1, 1, 1 ] xT=false
  D4 above=T3 pat=111 resclass=[ 1, 1, 1 ] xT=false
  D4 above=T2 pat=111 resclass=[ 1, 1, 1 ] xT=false
  D4 above=T3 pat=111 resclass=[ 1, 1, 1 ] xT=false
MEMBER stv 1/4 2 -4/3 shape=[ 1, 1, 2, 2 ] tors=[ 4, 4 ] order4=12 norm111=0 xTpass=0
  D4 above=T3 pat=000 resclass=[ -143, 3, -429 ] xT=false
  D4 above=T3 pat=000 resclass=[ -143, 3, -429 ] xT=false
  D4 above=T1 pat=000 resclass=[ 2639, -2233, -143 ] xT=false
  D4 above=T2 pat=000 resclass=[ -2233, -6699, 3 ] xT=false
  D4 above=T1 pat=000 resclass=[ 2639, -2233, -143 ] xT=false
  D4 above=T2 pat=000 resclass=[ -2233, -6699, 3 ] xT=false
  D4 above=T3 pat=000 resclass=[ -143, 3, -429 ] xT=false
  D4 above=T3 pat=000 resclass=[ -143, 3, -429 ] xT=false
  D4 above=T1 pat=000 resclass=[ 2639, -2233, -143 ] xT=false
  D4 above=T2 pat=000 resclass=[ -2233, -6699, 3 ] xT=false
  D4 above=T1 pat=000 resclass=[ 2639, -2233, -143 ] xT=false
  D4 above=T2 pat=000 resclass=[ -2233, -6699, 3 ] xT=false
MEMBER stv 1/3 3/2 -1/2 shape=[ 1, 1, 2, 2 ] tors=[ 4, 4 ] order4=12 norm111=0 xTpass=0
  D4 above=T2 pat=000 resclass=[ -115090, -23018, 5 ] xT=false
  D4 above=T2 pat=000 resclass=[ -115090, -23018, 5 ] xT=false
  D4 above=T3 pat=000 resclass=[ -209, 5, -1045 ] xT=false
  D4 above=T1 pat=000 resclass=[ 24053810, -115090, -209 ] xT=false
  D4 above=T3 pat=000 resclass=[ -209, 5, -1045 ] xT=false
  D4 above=T1 pat=000 resclass=[ 24053810, -115090, -209 ] xT=false
  D4 above=T2 pat=000 resclass=[ -115090, -23018, 5 ] xT=false
  D4 above=T2 pat=000 resclass=[ -115090, -23018, 5 ] xT=false
  D4 above=T3 pat=000 resclass=[ -209, 5, -1045 ] xT=false
  D4 above=T1 pat=000 resclass=[ 24053810, -115090, -209 ] xT=false
  D4 above=T3 pat=000 resclass=[ -209, 5, -1045 ] xT=false
  D4 above=T1 pat=000 resclass=[ 24053810, -115090, -209 ] xT=false
MEMBER stv 1/2 3/4 -3 shape=[ 1, 1, 2, 2 ] tors=[ 4, 4 ] order4=12 norm111=0 xTpass=0
  D4 above=T1 pat=000 resclass=[ -7, -105, 15 ] xT=false
  D4 above=T1 pat=000 resclass=[ -7, -105, 15 ] xT=false
  D4 above=T3 pat=000 resclass=[ 15, -7, -105 ] xT=false
  D4 above=T2 pat=000 resclass=[ -105, 15, -7 ] xT=false
  D4 above=T3 pat=000 resclass=[ 15, -7, -105 ] xT=false
  D4 above=T2 pat=000 resclass=[ -105, 15, -7 ] xT=false
  D4 above=T1 pat=000 resclass=[ -7, -105, 15 ] xT=false
  D4 above=T1 pat=000 resclass=[ -7, -105, 15 ] xT=false
  D4 above=T3 pat=000 resclass=[ 15, -7, -105 ] xT=false
  D4 above=T2 pat=000 resclass=[ -105, 15, -7 ] xT=false
  D4 above=T3 pat=000 resclass=[ 15, -7, -105 ] xT=false
  D4 above=T2 pat=000 resclass=[ -105, 15, -7 ] xT=false
MEMBER stv 2/3 2/3 -1 shape=[ 1, 1, 2, 2 ] tors=[ 4, 4 ] order4=12 norm111=0 xTpass=0
  D4 above=T3 pat=000 resclass=[ 11, -5, -55 ] xT=false
  D4 above=T3 pat=000 resclass=[ 11, -5, -55 ] xT=false
  D4 above=T1 pat=010 resclass=[ 11, 1, 11 ] xT=false
  D4 above=T2 pat=100 resclass=[ 1, -5, -5 ] xT=false
  D4 above=T1 pat=010 resclass=[ 11, 1, 11 ] xT=false
  D4 above=T2 pat=100 resclass=[ 1, -5, -5 ] xT=false
  D4 above=T3 pat=000 resclass=[ 11, -5, -55 ] xT=false
  D4 above=T3 pat=000 resclass=[ 11, -5, -55 ] xT=false
  D4 above=T1 pat=010 resclass=[ 11, 1, 11 ] xT=false
  D4 above=T2 pat=100 resclass=[ 1, -5, -5 ] xT=false
  D4 above=T1 pat=010 resclass=[ 11, 1, 11 ] xT=false
  D4 above=T2 pat=100 resclass=[ 1, -5, -5 ] xT=false
MEMBER stv 3/4 1/2 -1/3 INVALID
MEMBER stv 1 1/4 -2 shape=[ 1, 1, 2, 2 ] tors=[ 4, 4 ] order4=12 norm111=0 xTpass=0
  D4 above=T2 pat=000 resclass=[ 2145, -143, -15 ] xT=false
  D4 above=T2 pat=000 resclass=[ 2145, -143, -15 ] xT=false
  D4 above=T1 pat=000 resclass=[ 66495, 2145, 31 ] xT=false
  D4 above=T3 pat=000 resclass=[ 31, -15, -465 ] xT=false
  D4 above=T1 pat=000 resclass=[ 66495, 2145, 31 ] xT=false
  D4 above=T3 pat=000 resclass=[ 31, -15, -465 ] xT=false
  D4 above=T2 pat=000 resclass=[ 2145, -143, -15 ] xT=false
  D4 above=T2 pat=000 resclass=[ 2145, -143, -15 ] xT=false
  D4 above=T1 pat=000 resclass=[ 66495, 2145, 31 ] xT=false
  D4 above=T3 pat=000 resclass=[ 31, -15, -465 ] xT=false
  D4 above=T1 pat=000 resclass=[ 66495, 2145, 31 ] xT=false
  D4 above=T3 pat=000 resclass=[ 31, -15, -465 ] xT=false
MEMBER stv 1 4 -3/4 shape=[ 1, 1, 2, 2 ] tors=[ 4, 4 ] order4=12 norm111=0 xTpass=0
  D4 above=T3 pat=000 resclass=[ -14, 15, -210 ] xT=false
  D4 above=T3 pat=000 resclass=[ -14, 15, -210 ] xT=false
  D4 above=T1 pat=000 resclass=[ 1030, -3605, -14 ] xT=false
  D4 above=T2 pat=000 resclass=[ -3605, -2163, 15 ] xT=false
  D4 above=T1 pat=000 resclass=[ 1030, -3605, -14 ] xT=false
  D4 above=T2 pat=000 resclass=[ -3605, -2163, 15 ] xT=false
  D4 above=T3 pat=000 resclass=[ -14, 15, -210 ] xT=false
  D4 above=T3 pat=000 resclass=[ -14, 15, -210 ] xT=false
  D4 above=T1 pat=000 resclass=[ 1030, -3605, -14 ] xT=false
  D4 above=T2 pat=000 resclass=[ -3605, -2163, 15 ] xT=false
  D4 above=T1 pat=000 resclass=[ 1030, -3605, -14 ] xT=false
  D4 above=T2 pat=000 resclass=[ -3605, -2163, 15 ] xT=false
MEMBER stv 4/3 3 -1/4 shape=[ 1, 1, 2, 2 ] tors=[ 4, 4 ] order4=12 norm111=0 xTpass=0
  D4 above=T2 pat=000 resclass=[ -1670, -835, 2 ] xT=false
  D4 above=T2 pat=000 resclass=[ -1670, -835, 2 ] xT=false
  D4 above=T1 pat=000 resclass=[ 2338, -1670, -35 ] xT=false
  D4 above=T3 pat=000 resclass=[ -35, 2, -70 ] xT=false
  D4 above=T1 pat=000 resclass=[ 2338, -1670, -35 ] xT=false
  D4 above=T3 pat=000 resclass=[ -35, 2, -70 ] xT=false
  D4 above=T2 pat=000 resclass=[ -1670, -835, 2 ] xT=false
  D4 above=T2 pat=000 resclass=[ -1670, -835, 2 ] xT=false
  D4 above=T1 pat=000 resclass=[ 2338, -1670, -35 ] xT=false
  D4 above=T3 pat=000 resclass=[ -35, 2, -70 ] xT=false
  D4 above=T1 pat=000 resclass=[ 2338, -1670, -35 ] xT=false
  D4 above=T3 pat=000 resclass=[ -35, 2, -70 ] xT=false
MEMBER stv 3/2 3/2 -3/2 shape=[ 1, 1, 2, 2 ] tors=[ 4, 4 ] order4=12 norm111=0 xTpass=0
  D4 above=T2 pat=000 resclass=[ 33630, 6726, 5 ] xT=false
  D4 above=T2 pat=000 resclass=[ 33630, 6726, 5 ] xT=false
  D4 above=T3 pat=000 resclass=[ 11, 5, 55 ] xT=false
  D4 above=T1 pat=000 resclass=[ 369930, 33630, 11 ] xT=false
  D4 above=T3 pat=000 resclass=[ 11, 5, 55 ] xT=false
  D4 above=T1 pat=000 resclass=[ 369930, 33630, 11 ] xT=false
  D4 above=T2 pat=000 resclass=[ 33630, 6726, 5 ] xT=false
  D4 above=T2 pat=000 resclass=[ 33630, 6726, 5 ] xT=false
  D4 above=T3 pat=000 resclass=[ 11, 5, 55 ] xT=false
  D4 above=T1 pat=000 resclass=[ 369930, 33630, 11 ] xT=false
  D4 above=T3 pat=000 resclass=[ 11, 5, 55 ] xT=false
  D4 above=T1 pat=000 resclass=[ 369930, 33630, 11 ] xT=false
MEMBER stv 2 4/3 -2/3 shape=[ 1, 1, 2, 2 ] tors=[ 4, 4 ] order4=12 norm111=0 xTpass=0
  D4 above=T3 pat=000 resclass=[ 11, 7, 77 ] xT=false
  D4 above=T3 pat=000 resclass=[ 11, 7, 77 ] xT=false
  D4 above=T1 pat=000 resclass=[ -418110, -38010, 11 ] xT=false
  D4 above=T2 pat=000 resclass=[ -38010, -5430, 7 ] xT=false
  D4 above=T1 pat=000 resclass=[ -418110, -38010, 11 ] xT=false
  D4 above=T2 pat=000 resclass=[ -38010, -5430, 7 ] xT=false
  D4 above=T3 pat=000 resclass=[ 11, 7, 77 ] xT=false
  D4 above=T3 pat=000 resclass=[ 11, 7, 77 ] xT=false
  D4 above=T1 pat=000 resclass=[ -418110, -38010, 11 ] xT=false
  D4 above=T2 pat=000 resclass=[ -38010, -5430, 7 ] xT=false
  D4 above=T1 pat=000 resclass=[ -418110, -38010, 11 ] xT=false
  D4 above=T2 pat=000 resclass=[ -38010, -5430, 7 ] xT=false
MEMBER stv 3 2/3 -4 shape=[ 1, 1, 2, 2 ] tors=[ 4, 4 ] order4=12 norm111=0 xTpass=0
  D4 above=T3 pat=000 resclass=[ 11, -5, -55 ] xT=false
  D4 above=T3 pat=000 resclass=[ 11, -5, -55 ] xT=false
  D4 above=T2 pat=000 resclass=[ 20405, -4081, -5 ] xT=false
  D4 above=T1 pat=000 resclass=[ 1855, 20405, 11 ] xT=false
  D4 above=T2 pat=000 resclass=[ 20405, -4081, -5 ] xT=false
  D4 above=T1 pat=000 resclass=[ 1855, 20405, 11 ] xT=false
  D4 above=T3 pat=000 resclass=[ 11, -5, -55 ] xT=false
  D4 above=T3 pat=000 resclass=[ 11, -5, -55 ] xT=false
  D4 above=T2 pat=000 resclass=[ 20405, -4081, -5 ] xT=false
  D4 above=T1 pat=000 resclass=[ 1855, 20405, 11 ] xT=false
  D4 above=T2 pat=000 resclass=[ 20405, -4081, -5 ] xT=false
  D4 above=T1 pat=000 resclass=[ 1855, 20405, 11 ] xT=false
MEMBER stv 4 1/2 -4/3 shape=[ 1, 1, 2, 2 ] tors=[ 4, 4 ] order4=12 norm111=0 xTpass=0
  D4 above=T2 pat=000 resclass=[ 15067, -45201, -3 ] xT=false
  D4 above=T2 pat=000 resclass=[ 15067, -45201, -3 ] xT=false
  D4 above=T3 pat=000 resclass=[ 247, -3, -741 ] xT=false
  D4 above=T1 pat=000 resclass=[ 61, 15067, 247 ] xT=false
  D4 above=T3 pat=000 resclass=[ 247, -3, -741 ] xT=false
  D4 above=T1 pat=000 resclass=[ 61, 15067, 247 ] xT=false
  D4 above=T2 pat=000 resclass=[ 15067, -45201, -3 ] xT=false
  D4 above=T2 pat=000 resclass=[ 15067, -45201, -3 ] xT=false
  D4 above=T3 pat=000 resclass=[ 247, -3, -741 ] xT=false
  D4 above=T1 pat=000 resclass=[ 61, 15067, 247 ] xT=false
  D4 above=T3 pat=000 resclass=[ 247, -3, -741 ] xT=false
  D4 above=T1 pat=000 resclass=[ 61, 15067, 247 ] xT=false
MEMBER stv 2 5/2 1 shape=[ 1, 1, 2, 2 ] tors=[ 4, 4 ] order4=12 norm111=0 xTpass=0
  D4 above=T1 pat=000 resclass=[ 704613, -1869, -377 ] xT=false
  D4 above=T1 pat=000 resclass=[ 704613, -1869, -377 ] xT=false
  D4 above=T2 pat=000 resclass=[ -1869, -89, 21 ] xT=false
  D4 above=T3 pat=000 resclass=[ -377, 21, -7917 ] xT=false
  D4 above=T2 pat=000 resclass=[ -1869, -89, 21 ] xT=false
  D4 above=T3 pat=000 resclass=[ -377, 21, -7917 ] xT=false
  D4 above=T1 pat=000 resclass=[ 704613, -1869, -377 ] xT=false
  D4 above=T1 pat=000 resclass=[ 704613, -1869, -377 ] xT=false
  D4 above=T2 pat=000 resclass=[ -1869, -89, 21 ] xT=false
  D4 above=T3 pat=000 resclass=[ -377, 21, -7917 ] xT=false
  D4 above=T2 pat=000 resclass=[ -1869, -89, 21 ] xT=false
  D4 above=T3 pat=000 resclass=[ -377, 21, -7917 ] xT=false
MEMBER stv 6/19 1/6 15 shape=[ 1, 1, 2, 2 ] tors=[ 4, 4 ] order4=12 norm111=0 xTpass=0
  D4 above=T1 pat=000 resclass=[ 1128689270164981, -2853330949, -395569 ] xT=false
  D4 above=T1 pat=000 resclass=[ 1128689270164981, -2853330949, -395569 ] xT=false
  D4 above=T2 pat=000 resclass=[ -2853330949, 2038093535, -35 ] xT=false
  D4 above=T3 pat=000 resclass=[ -395569, -35, 13844915 ] xT=false
  D4 above=T2 pat=000 resclass=[ -2853330949, 2038093535, -35 ] xT=false
  D4 above=T3 pat=000 resclass=[ -395569, -35, 13844915 ] xT=false
  D4 above=T1 pat=000 resclass=[ 1128689270164981, -2853330949, -395569 ] xT=false
  D4 above=T1 pat=000 resclass=[ 1128689270164981, -2853330949, -395569 ] xT=false
  D4 above=T2 pat=000 resclass=[ -2853330949, 2038093535, -35 ] xT=false
  D4 above=T3 pat=000 resclass=[ -395569, -35, 13844915 ] xT=false
  D4 above=T2 pat=000 resclass=[ -2853330949, 2038093535, -35 ] xT=false
  D4 above=T3 pat=000 resclass=[ -395569, -35, 13844915 ] xT=false
MEMBER stv 1/5 1/20 19/3 shape=[ 1, 1, 2, 2 ] tors=[ 4, 4 ] order4=12 norm111=0 xTpass=0
  D4 above=T2 pat=000 resclass=[ -400841098, 3263991798, -399 ] xT=false
  D4 above=T2 pat=000 resclass=[ -400841098, 3263991798, -399 ] xT=false
  D4 above=T3 pat=000 resclass=[ -152801, -399, 60967599 ] xT=false
  D4 above=T1 pat=000 resclass=[ 61248920615498, -400841098, -152801 ] xT=false
  D4 above=T3 pat=000 resclass=[ -152801, -399, 60967599 ] xT=false
  D4 above=T1 pat=000 resclass=[ 61248920615498, -400841098, -152801 ] xT=false
  D4 above=T2 pat=000 resclass=[ -400841098, 3263991798, -399 ] xT=false
  D4 above=T2 pat=000 resclass=[ -400841098, 3263991798, -399 ] xT=false
  D4 above=T3 pat=000 resclass=[ -152801, -399, 60967599 ] xT=false
  D4 above=T1 pat=000 resclass=[ 61248920615498, -400841098, -152801 ] xT=false
  D4 above=T3 pat=000 resclass=[ -152801, -399, 60967599 ] xT=false
  D4 above=T1 pat=000 resclass=[ 61248920615498, -400841098, -152801 ] xT=false
MEMBER stv 1 19/6 1/2 shape=[ 1, 1, 2, 2 ] tors=[ 4, 4 ] order4=12 norm111=0 xTpass=0
  D4 above=T2 pat=000 resclass=[ -8848086, -680622, 13 ] xT=false
  D4 above=T2 pat=000 resclass=[ -8848086, -680622, 13 ] xT=false
  D4 above=T1 pat=000 resclass=[ 8848086, -8848086, -1 ] xT=false
  D4 above=T3 pat=000 resclass=[ -1, 13, -13 ] xT=false
  D4 above=T1 pat=000 resclass=[ 8848086, -8848086, -1 ] xT=false
  D4 above=T3 pat=000 resclass=[ -1, 13, -13 ] xT=false
  D4 above=T2 pat=000 resclass=[ -8848086, -680622, 13 ] xT=false
  D4 above=T2 pat=000 resclass=[ -8848086, -680622, 13 ] xT=false
  D4 above=T1 pat=000 resclass=[ 8848086, -8848086, -1 ] xT=false
  D4 above=T3 pat=000 resclass=[ -1, 13, -13 ] xT=false
  D4 above=T1 pat=000 resclass=[ 8848086, -8848086, -1 ] xT=false
  D4 above=T3 pat=000 resclass=[ -1, 13, -13 ] xT=false
PART_DONE part=22
