MEMBER mnv 1/2 -1/4 -1982464/21049 shape=[ 1, 1, 2, 2 ] tors=[ 4, 4 ] order4=12 norm111=12 xTpass=0
  D4 above=T1 pat=111 resclass=[ 1, 1, 1 ] xT=false
  D4 above=T1 pat=111 resclass=[ 1, 1, 1 ] xT=false
  D4 above=T2 pat=111 resclass=[ 1, 1, 1 ] xT=false
  D4 above=T3 pat=111 resclass=[ 1, 1, 1 ] xT=false
  D4 above=T2 pat=111 resclass=[ 1, 1, 1 ] xT=false
  D4 above=T3 pat=111 resclass=[ 1, 1, 1 ] xT=false
  D4 above=T1 pat=111 resclass=[ 1, 1, 1 ] xT=false
  D4 above=T1 pat=111 resclass=[ 1, 1, 1 ] xT=false
  D4 above=T2 pat=111 resclass=[ 1, 1, 1 ] xT=false
  D4 above=T3 pat=111 resclass=[ 1, 1, 1 ] xT=false
  D4 above=T2 pat=111 resclass=[ 1, 1, 1 ] xT=false
  D4 above=T3 pat=111 resclass=[ 1, 1, 1 ] xT=false
MEMBER stv 1/4 2 -3/2 shape=[ 1, 1, 2, 2 ] tors=[ 4, 4 ] order4=12 norm111=0 xTpass=0
  D4 above=T1 pat=000 resclass=[ 41470, -290, -143 ] xT=false
  D4 above=T1 pat=000 resclass=[ 41470, -290, -143 ] xT=false
  D4 above=T3 pat=000 resclass=[ -143, 3, -429 ] xT=false
  D4 above=T2 pat=000 resclass=[ -290, -870, 3 ] xT=false
  D4 above=T3 pat=000 resclass=[ -143, 3, -429 ] xT=false
  D4 above=T2 pat=000 resclass=[ -290, -870, 3 ] xT=false
  D4 above=T1 pat=000 resclass=[ 41470, -290, -143 ] xT=false
  D4 above=T1 pat=000 resclass=[ 41470, -290, -143 ] xT=false
  D4 above=T3 pat=000 resclass=[ -143, 3, -429 ] xT=false
  D4 above=T2 pat=000 resclass=[ -290, -870, 3 ] xT=false
  D4 above=T3 pat=000 resclass=[ -143, 3, -429 ] xT=false
  D4 above=T2 pat=000 resclass=[ -290, -870, 3 ] xT=false
MEMBER stv 1/3 3/2 -2/3 shape=[ 1, 1, 2, 2 ] tors=[ 4, 4 ] order4=12 norm111=0 xTpass=0
  D4 above=T3 pat=000 resclass=[ -209, 5, -1045 ] xT=false
  D4 above=T3 pat=000 resclass=[ -209, 5, -1045 ] xT=false
  D4 above=T2 pat=000 resclass=[ -3, -15, 5 ] xT=false
  D4 above=T1 pat=000 resclass=[ 627, -3, -209 ] xT=false
  D4 above=T2 pat=000 resclass=[ -3, -15, 5 ] xT=false
  D4 above=T1 pat=000 resclass=[ 627, -3, -209 ] xT=false
  D4 above=T3 pat=000 resclass=[ -209, 5, -1045 ] xT=false
  D4 above=T3 pat=000 resclass=[ -209, 5, -1045 ] xT=false
  D4 above=T2 pat=000 resclass=[ -3, -15, 5 ] xT=false
  D4 above=T1 pat=000 resclass=[ 627, -3, -209 ] xT=false
  D4 above=T2 pat=000 resclass=[ -3, -15, 5 ] xT=false
  D4 above=T1 pat=000 resclass=[ 627, -3, -209 ] xT=false
MEMBER stv 1/2 3/4 -4 INVALID
MEMBER stv 2/3 2/3 -4/3 shape=[ 1, 1, 2, 2 ] tors=[ 4, 4 ] order4=12 norm111=0 xTpass=0
  D4 above=T1 pat=000 resclass=[ 285, 3135, 11 ] xT=false
  D4 above=T1 pat=000 resclass=[ 285, 3135, 11 ] xT=false
  D4 above=T3 pat=000 resclass=[ 11, -5, -55 ] xT=false
  D4 above=T2 pat=000 resclass=[ 3135, -627, -5 ] xT=false
  D4 above=T3 pat=000 resclass=[ 11, -5, -55 ] xT=false
  D4 above=T2 pat=000 resclass=[ 3135, -627, -5 ] xT=false
  D4 above=T1 pat=000 resclass=[ 285, 3135, 11 ] xT=false
  D4 above=T1 pat=000 resclass=[ 285, 3135, 11 ] xT=false
  D4 above=T3 pat=000 resclass=[ 11, -5, -55 ] xT=false
  D4 above=T2 pat=000 resclass=[ 3135, -627, -5 ] xT=false
  D4 above=T3 pat=000 resclass=[ 11, -5, -55 ] xT=false
  D4 above=T2 pat=000 resclass=[ 3135, -627, -5 ] xT=false
MEMBER stv 3/4 1/2 -1/2 INVALID
MEMBER stv 1 1/4 -3 shape=[ 1, 1, 2, 2 ] tors=[ 4, 4 ] order4=12 norm111=0 xTpass=0
  D4 above=T2 pat=000 resclass=[ 5570, -3342, -15 ] xT=false
  D4 above=T2 pat=000 resclass=[ 5570, -3342, -15 ] xT=false
  D4 above=T1 pat=000 resclass=[ 172670, 5570, 31 ] xT=false
  D4 above=T3 pat=000 resclass=[ 31, -15, -465 ] xT=false
  D4 above=T1 pat=000 resclass=[ 172670, 5570, 31 ] xT=false
  D4 above=T3 pat=000 resclass=[ 31, -15, -465 ] xT=false
  D4 above=T2 pat=000 resclass=[ 5570, -3342, -15 ] xT=false
  D4 above=T2 pat=000 resclass=[ 5570, -3342, -15 ] xT=false
  D4 above=T1 pat=000 resclass=[ 172670, 5570, 31 ] xT=false
  D4 above=T3 pat=000 resclass=[ 31, -15, -465 ] xT=false
  D4 above=T1 pat=000 resclass=[ 172670, 5570, 31 ] xT=false
  D4 above=T3 pat=000 resclass=[ 31, -15, -465 ] xT=false
MEMBER stv 1 4 -1 INVALID
MEMBER stv 4/3 3 -1/3 shape=[ 1, 1, 2, 2 ] tors=[ 4, 4 ] order4=12 norm111=0 xTpass=0
  D4 above=T1 pat=000 resclass=[ 1522290, -43494, -35 ] xT=false
  D4 above=T1 pat=000 resclass=[ 1522290, -43494, -35 ] xT=false
  D4 above=T2 pat=000 resclass=[ -43494, -21747, 2 ] xT=false
  D4 above=T3 pat=000 resclass=[ -35, 2, -70 ] xT=false
  D4 above=T2 pat=000 resclass=[ -43494, -21747, 2 ] xT=false
  D4 above=T3 pat=000 resclass=[ -35, 2, -70 ] xT=false
  D4 above=T1 pat=000 resclass=[ 1522290, -43494, -35 ] xT=false
  D4 above=T1 pat=000 resclass=[ 1522290, -43494, -35 ] xT=false
  D4 above=T2 pat=000 resclass=[ -43494, -21747, 2 ] xT=false
  D4 above=T3 pat=000 resclass=[ -35, 2, -70 ] xT=false
  D4 above=T2 pat=000 resclass=[ -43494, -21747, 2 ] xT=false
  D4 above=T3 pat=000 resclass=[ -35, 2, -70 ] xT=false
MEMBER stv 3/2 3/2 -2 shape=[ 1, 1, 2, 2 ] tors=[ 4, 4 ] order4=12 norm111=0 xTpass=0
  D4 above=T2 pat=000 resclass=[ 1190, 238, 5 ] xT=false
  D4 above=T2 pat=000 resclass=[ 1190, 238, 5 ] xT=false
  D4 above=T3 pat=000 resclass=[ 11, 5, 55 ] xT=false
  D4 above=T1 pat=000 resclass=[ 13090, 1190, 11 ] xT=false
  D4 above=T3 pat=000 resclass=[ 11, 5, 55 ] xT=false
  D4 above=T1 pat=000 resclass=[ 13090, 1190, 11 ] xT=false
  D4 above=T2 pat=000 resclass=[ 1190, 238, 5 ] xT=false
  D4 above=T2 pat=000 resclass=[ 1190, 238, 5 ] xT=false
  D4 above=T3 pat=000 resclass=[ 11, 5, 55 ] xT=false
  D4 above=T1 pat=000 resclass=[ 13090, 1190, 11 ] xT=false
  D4 above=T3 pat=000 resclass=[ 11, 5, 55 ] xT=false
  D4 above=T1 pat=000 resclass=[ 13090, 1190, 11 ] xT=false
MEMBER stv 2 4/3 -3/4 shape=[ 1, 1, 2, 2 ] tors=[ 4, 4 ] order4=12 norm111=0 xTpass=0
  D4 above=T1 pat=000 resclass=[ -1001, -91, 11 ] xT=false
  D4 above=T1 pat=000 resclass=[ -1001, -91, 11 ] xT=false
  D4 above=T2 pat=000 resclass=[ -91, -13, 7 ] xT=false
  D4 above=T3 pat=000 resclass=[ 11, 7, 77 ] xT=false
  D4 above=T2 pat=000 resclass=[ -91, -13, 7 ] xT=false
  D4 above=T3 pat=000 resclass=[ 11, 7, 77 ] xT=false
  D4 above=T1 pat=000 resclass=[ -1001, -91, 11 ] xT=false
  D4 above=T1 pat=000 resclass=[ -1001, -91, 11 ] xT=false
  D4 above=T2 pat=000 resclass=[ -91, -13, 7 ] xT=false
  D4 above=T3 pat=000 resclass=[ 11, 7, 77 ] xT=false
  D4 above=T2 pat=000 resclass=[ -91, -13, 7 ] xT=false
  D4 above=T3 pat=000 resclass=[ 11, 7, 77 ] xT=false
MEMBER stv 3 3/4 -1/4 shape=[ 1, 1, 2, 2 ] tors=[ 4, 4 ] order4=12 norm111=0 xTpass=0
  D4 above=T1 pat=000 resclass=[ 4239851, 47005, 2255 ] xT=false
  D4 above=T1 pat=000 resclass=[ 4239851, 47005, 2255 ] xT=false
  D4 above=T3 pat=000 resclass=[ 2255, -7, -15785 ] xT=false
  D4 above=T2 pat=000 resclass=[ 47005, -6715, -7 ] xT=false
  D4 above=T3 pat=000 resclass=[ 2255, -7, -15785 ] xT=false
  D4 above=T2 pat=000 resclass=[ 47005, -6715, -7 ] xT=false
  D4 above=T1 pat=000 resclass=[ 4239851, 47005, 2255 ] xT=false
  D4 above=T1 pat=000 resclass=[ 4239851, 47005, 2255 ] xT=false
  D4 above=T3 pat=000 resclass=[ 2255, -7, -15785 ] xT=false
  D4 above=T2 pat=000 resclass=[ 47005, -6715, -7 ] xT=false
  D4 above=T3 pat=000 resclass=[ 2255, -7, -15785 ] xT=false
  D4 above=T2 pat=000 resclass=[ 47005, -6715, -7 ] xT=false
MEMBER stv 4 1/2 -3/2 shape=[ 1, 1, 2, 2 ] tors=[ 4, 4 ] order4=12 norm111=0 xTpass=0
  D4 above=T1 pat=000 resclass=[ 4232345, 17135, 247 ] xT=false
  D4 above=T1 pat=000 resclass=[ 4232345, 17135, 247 ] xT=false
  D4 above=T3 pat=000 resclass=[ 247, -3, -741 ] xT=false
  D4 above=T2 pat=000 resclass=[ 17135, -51405, -3 ] xT=false
  D4 above=T3 pat=000 resclass=[ 247, -3, -741 ] xT=false
  D4 above=T2 pat=000 resclass=[ 17135, -51405, -3 ] xT=false
  D4 above=T1 pat=000 resclass=[ 4232345, 17135, 247 ] xT=false
  D4 above=T1 pat=000 resclass=[ 4232345, 17135, 247 ] xT=false
  D4 above=T3 pat=000 resclass=[ 247, -3, -741 ] xT=false
  D4 above=T2 pat=000 resclass=[ 17135, -51405, -3 ] xT=false
  D4 above=T3 pat=000 resclass=[ 247, -3, -741 ] xT=false
  D4 above=T2 pat=000 resclass=[ 17135, -51405, -3 ] xT=false
MEMBER stv 15/17 12/7 -1/2 shape=[ 1, 1, 2, 2 ] tors=[ 4, 4 ] order4=12 norm111=0 xTpass=0
  D4 above=T1 pat=000 resclass=[ 16647811847887, -322007966110, -5170 ] xT=false
  D4 above=T1 pat=000 resclass=[ 16647811847887, -322007966110, -5170 ] xT=false
  D4 above=T2 pat=000 resclass=[ -322007966110, -3389557538, 95 ] xT=false
  D4 above=T3 pat=000 resclass=[ -5170, 95, -19646 ] xT=false
  D4 above=T2 pat=000 resclass=[ -322007966110, -3389557538, 95 ] xT=false
  D4 above=T3 pat=000 resclass=[ -5170, 95, -19646 ] xT=false
  D4 above=T1 pat=000 resclass=[ 16647811847887, -322007966110, -5170 ] xT=false
  D4 above=T1 pat=000 resclass=[ 16647811847887, -322007966110, -5170 ] xT=false
  D4 above=T2 pat=000 resclass=[ -322007966110, -3389557538, 95 ] xT=false
  D4 above=T3 pat=000 resclass=[ -5170, 95, -19646 ] xT=false
  D4 above=T2 pat=000 resclass=[ -322007966110, -3389557538, 95 ] xT=false
  D4 above=T3 pat=000 resclass=[ -5170, 95, -19646 ] xT=false
MEMBER stv 17/7 20/11 3/7 shape=[ 1, 1, 2, 2 ] tors=[ 4, 4 ] order4=12 norm111=0 xTpass=0
  D4 above=T1 pat=000 resclass=[ 2223544965915, 85307691, 26065 ] xT=false
  D4 above=T1 pat=000 resclass=[ 2223544965915, 85307691, 26065 ] xT=false
  D4 above=T2 pat=000 resclass=[ 85307691, 2751861, 31 ] xT=false
  D4 above=T3 pat=000 resclass=[ 26065, 31, 808015 ] xT=false
  D4 above=T2 pat=000 resclass=[ 85307691, 2751861, 31 ] xT=false
  D4 above=T3 pat=000 resclass=[ 26065, 31, 808015 ] xT=false
  D4 above=T1 pat=000 resclass=[ 2223544965915, 85307691, 26065 ] xT=false
  D4 above=T1 pat=000 resclass=[ 2223544965915, 85307691, 26065 ] xT=false
  D4 above=T2 pat=000 resclass=[ 85307691, 2751861, 31 ] xT=false
  D4 above=T3 pat=000 resclass=[ 26065, 31, 808015 ] xT=false
  D4 above=T2 pat=000 resclass=[ 85307691, 2751861, 31 ] xT=false
  D4 above=T3 pat=000 resclass=[ 26065, 31, 808015 ] xT=false
MEMBER stv 10/9 6/5 -11/20 shape=[ 1, 1, 2, 2 ] tors=[ 4, 4 ] order4=12 norm111=0 xTpass=0
  D4 above=T2 pat=000 resclass=[ -4405934, -48465274, 11 ] xT=false
  D4 above=T2 pat=000 resclass=[ -4405934, -48465274, 11 ] xT=false
  D4 above=T3 pat=000 resclass=[ 52699, 11, 579689 ] xT=false
  D4 above=T1 pat=000 resclass=[ -232188315866, -4405934, 52699 ] xT=false
  D4 above=T3 pat=000 resclass=[ 52699, 11, 579689 ] xT=false
  D4 above=T1 pat=000 resclass=[ -232188315866, -4405934, 52699 ] xT=false
  D4 above=T2 pat=000 resclass=[ -4405934, -48465274, 11 ] xT=false
  D4 above=T2 pat=000 resclass=[ -4405934, -48465274, 11 ] xT=false
  D4 above=T3 pat=000 resclass=[ 52699, 11, 579689 ] xT=false
  D4 above=T1 pat=000 resclass=[ -232188315866, -4405934, 52699 ] xT=false
  D4 above=T3 pat=000 resclass=[ 52699, 11, 579689 ] xT=false
  D4 above=T1 pat=000 resclass=[ -232188315866, -4405934, 52699 ] xT=false
MEMBER stv 5/9 19/4 -18/17 shape=[ 1, 1, 2, 2 ] tors=[ 4, 4 ] order4=12 norm111=0 xTpass=0
  D4 above=T3 pat=000 resclass=[ -65, 345, -897 ] xT=false
  D4 above=T3 pat=000 resclass=[ -65, 345, -897 ] xT=false
  D4 above=T2 pat=000 resclass=[ -6102162342255, -17687427079, 345 ] xT=false
  D4 above=T1 pat=000 resclass=[ 15865622089863, -6102162342255, -65 ] xT=false
  D4 above=T2 pat=000 resclass=[ -6102162342255, -17687427079, 345 ] xT=false
  D4 above=T1 pat=000 resclass=[ 15865622089863, -6102162342255, -65 ] xT=false
  D4 above=T3 pat=000 resclass=[ -65, 345, -897 ] xT=false
  D4 above=T3 pat=000 resclass=[ -65, 345, -897 ] xT=false
  D4 above=T2 pat=000 resclass=[ -6102162342255, -17687427079, 345 ] xT=false
  D4 above=T1 pat=000 resclass=[ 15865622089863, -6102162342255, -65 ] xT=false
  D4 above=T2 pat=000 resclass=[ -6102162342255, -17687427079, 345 ] xT=false
  D4 above=T1 pat=000 resclass=[ 15865622089863, -6102162342255, -65 ] xT=false
PART_DONE part=24
