MEMBER mnv 1/2 1/4 65536/21049 shape=[ 1, 1, 2, 2 ] tors=[ 4, 4 ] order4=12 norm111=12 xTpass=0
  D4 above=T3 pat=111 resclass=[ 1, 1, 1 ] xT=false
  D4 above=T3 pat=111 resclass=[ 1, 1, 1 ] xT=false
  D4 above=T2 pat=111 resclass=[ 1, 1, 1 ] xT=false
  D4 above=T1 pat=111 resclass=[ 1, 1, 1 ] xT=false
  D4 above=T2 pat=111 resclass=[ 1, 1, 1 ] xT=false
  D4 above=T1 pat=111 resclass=[ 1, 1, 1 ] xT=false
  D4 above=T3 pat=111 resclass=[ 1, 1, 1 ] xT=false
  D4 above=T3 pat=111 resclass=[ 1, 1, 1 ] xT=false
  D4 above=T2 pat=111 resclass=[ 1, 1, 1 ] xT=false
  D4 above=T1 pat=111 resclass=[ 1, 1, 1 ] xT=false
  D4 above=T2 pat=111 resclass=[ 1, 1, 1 ] xT=false
  D4 above=T1 pat=111 resclass=[ 1, 1, 1 ] xT=false
MEMBER stv 1/4 2 2 shape=[ 1, 1, 2, 2 ] tors=[ 4, 4 ] order4=12 norm111=0 xTpass=0
  D4 above=T1 pat=000 resclass=[ 17446, -122, -143 ] xT=false
  D4 above=T1 pat=000 resclass=[ 17446, -122, -143 ] xT=false
  D4 above=T2 pat=000 resclass=[ -122, -366, 3 ] xT=false
  D4 above=T3 pat=000 resclass=[ -143, 3, -429 ] xT=false
  D4 above=T2 pat=000 resclass=[ -122, -366, 3 ] xT=false
  D4 above=T3 pat=000 resclass=[ -143, 3, -429 ] xT=false
  D4 above=T1 pat=000 resclass=[ 17446, -122, -143 ] xT=false
  D4 above=T1 pat=000 resclass=[ 17446, -122, -143 ] xT=false
  D4 above=T2 pat=000 resclass=[ -122, -366, 3 ] xT=false
  D4 above=T3 pat=000 resclass=[ -143, 3, -429 ] xT=false
  D4 above=T2 pat=000 resclass=[ -122, -366, 3 ] xT=false
  D4 above=T3 pat=000 resclass=[ -143, 3, -429 ] xT=false
MEMBER stv 1/3 3/2 3/4 shape=[ 1, 1, 2, 2 ] tors=[ 4, 4 ] order4=12 norm111=0 xTpass=0
  D4 above=T1 pat=000 resclass=[ 8028735, -38415, -209 ] xT=false
  D4 above=T1 pat=000 resclass=[ 8028735, -38415, -209 ] xT=false
  D4 above=T2 pat=000 resclass=[ -38415, -7683, 5 ] xT=false
  D4 above=T3 pat=000 resclass=[ -209, 5, -1045 ] xT=false
  D4 above=T2 pat=000 resclass=[ -38415, -7683, 5 ] xT=false
  D4 above=T3 pat=000 resclass=[ -209, 5, -1045 ] xT=false
  D4 above=T1 pat=000 resclass=[ 8028735, -38415, -209 ] xT=false
  D4 above=T1 pat=000 resclass=[ 8028735, -38415, -209 ] xT=false
  D4 above=T2 pat=000 resclass=[ -38415, -7683, 5 ] xT=false
  D4 above=T3 pat=000 resclass=[ -209, 5, -1045 ] xT=false
  D4 above=T2 pat=000 resclass=[ -38415, -7683, 5 ] xT=false
  D4 above=T3 pat=000 resclass=[ -209, 5, -1045 ] xT=false
MEMBER stv 1/2 4/3 1/4 shape=[ 1, 1, 2, 2 ] tors=[ 4, 4 ] order4=12 norm111=0 xTpass=0
  D4 above=T3 pat=000 resclass=[ -115, 7, -805 ] xT=false
  D4 above=T3 pat=000 resclass=[ -115, 7, -805 ] xT=false
  D4 above=T1 pat=000 resclass=[ -12713365, 110551, -115 ] xT=false
  D4 above=T2 pat=000 resclass=[ 110551, 15793, 7 ] xT=false
  D4 above=T1 pat=000 resclass=[ -12713365, 110551, -115 ] xT=false
  D4 above=T2 pat=000 resclass=[ 110551, 15793, 7 ] xT=false
  D4 above=T3 pat=000 resclass=[ -115, 7, -805 ] xT=false
  D4 above=T3 pat=000 resclass=[ -115, 7, -805 ] xT=false
  D4 above=T1 pat=000 resclass=[ -12713365, 110551, -115 ] xT=false
  D4 above=T2 pat=000 resclass=[ 110551, 15793, 7 ] xT=false
  D4 above=T1 pat=000 resclass=[ -12713365, 110551, -115 ] xT=false
  D4 above=T2 pat=000 resclass=[ 110551, 15793, 7 ] xT=false
MEMBER stv 2/3 2/3 3/2 shape=[ 1, 1, 2, 2 ] tors=[ 4, 4 ] order4=12 norm111=0 xTpass=0
  D4 above=T2 pat=000 resclass=[ -330, 66, -5 ] xT=false
  D4 above=T2 pat=000 resclass=[ -330, 66, -5 ] xT=false
  D4 above=T1 pat=000 resclass=[ -30, -330, 11 ] xT=false
  D4 above=T3 pat=000 resclass=[ 11, -5, -55 ] xT=false
  D4 above=T1 pat=000 resclass=[ -30, -330, 11 ] xT=false
  D4 above=T3 pat=000 resclass=[ 11, -5, -55 ] xT=false
  D4 above=T2 pat=000 resclass=[ -330, 66, -5 ] xT=false
  D4 above=T2 pat=000 resclass=[ -330, 66, -5 ] xT=false
  D4 above=T1 pat=000 resclass=[ -30, -330, 11 ] xT=false
  D4 above=T3 pat=000 resclass=[ 11, -5, -55 ] xT=false
  D4 above=T1 pat=000 resclass=[ -30, -330, 11 ] xT=false
  D4 above=T3 pat=000 resclass=[ 11, -5, -55 ] xT=false
MEMBER stv 3/4 1/2 2/3 INVALID
MEMBER stv 1 1/4 4 shape=[ 1, 1, 2, 2 ] tors=[ 4, 4 ] order4=12 norm111=0 xTpass=0
  D4 above=T1 pat=000 resclass=[ -31155, -1005, 31 ] xT=false
  D4 above=T1 pat=000 resclass=[ -31155, -1005, 31 ] xT=false
  D4 above=T2 pat=000 resclass=[ -1005, 67, -15 ] xT=false
  D4 above=T3 pat=000 resclass=[ 31, -15, -465 ] xT=false
  D4 above=T2 pat=000 resclass=[ -1005, 67, -15 ] xT=false
  D4 above=T3 pat=000 resclass=[ 31, -15, -465 ] xT=false
  D4 above=T1 pat=000 resclass=[ -31155, -1005, 31 ] xT=false
  D4 above=T1 pat=000 resclass=[ -31155, -1005, 31 ] xT=false
  D4 above=T2 pat=000 resclass=[ -1005, 67, -15 ] xT=false
  D4 above=T3 pat=000 resclass=[ 31, -15, -465 ] xT=false
  D4 above=T2 pat=000 resclass=[ -1005, 67, -15 ] xT=false
  D4 above=T3 pat=000 resclass=[ 31, -15, -465 ] xT=false
MEMBER stv 1 4 4/3 shape=[ 1, 1, 2, 2 ] tors=[ 4, 4 ] order4=12 norm111=0 xTpass=0
  D4 above=T1 pat=000 resclass=[ 9530, -33355, -14 ] xT=false
  D4 above=T1 pat=000 resclass=[ 9530, -33355, -14 ] xT=false
  D4 above=T2 pat=000 resclass=[ -33355, -20013, 15 ] xT=false
  D4 above=T3 pat=000 resclass=[ -14, 15, -210 ] xT=false
  D4 above=T2 pat=000 resclass=[ -33355, -20013, 15 ] xT=false
  D4 above=T3 pat=000 resclass=[ -14, 15, -210 ] xT=false
  D4 above=T1 pat=000 resclass=[ 9530, -33355, -14 ] xT=false
  D4 above=T1 pat=000 resclass=[ 9530, -33355, -14 ] xT=false
  D4 above=T2 pat=000 resclass=[ -33355, -20013, 15 ] xT=false
  D4 above=T3 pat=000 resclass=[ -14, 15, -210 ] xT=false
  D4 above=T2 pat=000 resclass=[ -33355, -20013, 15 ] xT=false
  D4 above=T3 pat=000 resclass=[ -14, 15, -210 ] xT=false
MEMBER stv 4/3 3 1/2 shape=[ 1, 1, 2, 2 ] tors=[ 4, 4 ] order4=12 norm111=0 xTpass=0
  D4 above=T1 pat=000 resclass=[ 182665, -5219, -35 ] xT=false
  D4 above=T1 pat=000 resclass=[ 182665, -5219, -35 ] xT=false
  D4 above=T2 pat=000 resclass=[ -5219, -10438, 2 ] xT=false
  D4 above=T3 pat=000 resclass=[ -35, 2, -70 ] xT=false
  D4 above=T2 pat=000 resclass=[ -5219, -10438, 2 ] xT=false
  D4 above=T3 pat=000 resclass=[ -35, 2, -70 ] xT=false
  D4 above=T1 pat=000 resclass=[ 182665, -5219, -35 ] xT=false
  D4 above=T1 pat=000 resclass=[ 182665, -5219, -35 ] xT=false
  D4 above=T2 pat=000 resclass=[ -5219, -10438, 2 ] xT=false
  D4 above=T3 pat=000 resclass=[ -35, 2, -70 ] xT=false
  D4 above=T2 pat=000 resclass=[ -5219, -10438, 2 ] xT=false
  D4 above=T3 pat=000 resclass=[ -35, 2, -70 ] xT=false
MEMBER stv 3/2 3/2 3 shape=[ 1, 1, 2, 2 ] tors=[ 4, 4 ] order4=12 norm111=0 xTpass=0
  D4 above=T2 pat=000 resclass=[ -5115, -1023, 5 ] xT=false
  D4 above=T2 pat=000 resclass=[ -5115, -1023, 5 ] xT=false
  D4 above=T3 pat=000 resclass=[ 11, 5, 55 ] xT=false
  D4 above=T1 pat=000 resclass=[ -465, -5115, 11 ] xT=false
  D4 above=T3 pat=000 resclass=[ 11, 5, 55 ] xT=false
  D4 above=T1 pat=000 resclass=[ -465, -5115, 11 ] xT=false
  D4 above=T2 pat=000 resclass=[ -5115, -1023, 5 ] xT=false
  D4 above=T2 pat=000 resclass=[ -5115, -1023, 5 ] xT=false
  D4 above=T3 pat=000 resclass=[ 11, 5, 55 ] xT=false
  D4 above=T1 pat=000 resclass=[ -465, -5115, 11 ] xT=false
  D4 above=T3 pat=000 resclass=[ 11, 5, 55 ] xT=false
  D4 above=T1 pat=000 resclass=[ -465, -5115, 11 ] xT=false
MEMBER stv 2 4/3 1 shape=[ 1, 1, 2, 2 ] tors=[ 4, 4 ] order4=12 norm111=0 xTpass=0
  D4 above=T3 pat=000 resclass=[ 11, 7, 77 ] xT=false
  D4 above=T3 pat=000 resclass=[ 11, 7, 77 ] xT=false
  D4 above=T1 pat=000 resclass=[ 112805, 10255, 11 ] xT=false
  D4 above=T2 pat=000 resclass=[ 10255, 1465, 7 ] xT=false
  D4 above=T1 pat=000 resclass=[ 112805, 10255, 11 ] xT=false
  D4 above=T2 pat=000 resclass=[ 10255, 1465, 7 ] xT=false
  D4 above=T3 pat=000 resclass=[ 11, 7, 77 ] xT=false
  D4 above=T3 pat=000 resclass=[ 11, 7, 77 ] xT=false
  D4 above=T1 pat=000 resclass=[ 112805, 10255, 11 ] xT=false
  D4 above=T2 pat=000 resclass=[ 10255, 1465, 7 ] xT=false
  D4 above=T1 pat=000 resclass=[ 112805, 10255, 11 ] xT=false
  D4 above=T2 pat=000 resclass=[ 10255, 1465, 7 ] xT=false
MEMBER stv 3 3/4 1/3 shape=[ 1, 1, 2, 2 ] tors=[ 4, 4 ] order4=12 norm111=0 xTpass=0
  D4 above=T1 pat=000 resclass=[ -16359, -21945, 2255 ] xT=false
  D4 above=T1 pat=000 resclass=[ -16359, -21945, 2255 ] xT=false
  D4 above=T2 pat=000 resclass=[ -21945, 3135, -7 ] xT=false
  D4 above=T3 pat=000 resclass=[ 2255, -7, -15785 ] xT=false
  D4 above=T2 pat=000 resclass=[ -21945, 3135, -7 ] xT=false
  D4 above=T3 pat=000 resclass=[ 2255, -7, -15785 ] xT=false
  D4 above=T1 pat=000 resclass=[ -16359, -21945, 2255 ] xT=false
  D4 above=T1 pat=000 resclass=[ -16359, -21945, 2255 ] xT=false
  D4 above=T2 pat=000 resclass=[ -21945, 3135, -7 ] xT=false
  D4 above=T3 pat=000 resclass=[ 2255, -7, -15785 ] xT=false
  D4 above=T2 pat=000 resclass=[ -21945, 3135, -7 ] xT=false
  D4 above=T3 pat=000 resclass=[ 2255, -7, -15785 ] xT=false
MEMBER stv 4 1/2 2 shape=[ 1, 1, 2, 2 ] tors=[ 4, 4 ] order4=12 norm111=0 xTpass=0
  D4 above=T2 pat=000 resclass=[ -2937, 979, -3 ] xT=false
  D4 above=T2 pat=000 resclass=[ -2937, 979, -3 ] xT=false
  D4 above=T1 pat=000 resclass=[ -725439, -2937, 247 ] xT=false
  D4 above=T3 pat=000 resclass=[ 247, -3, -741 ] xT=false
  D4 above=T1 pat=000 resclass=[ -725439, -2937, 247 ] xT=false
  D4 above=T3 pat=000 resclass=[ 247, -3, -741 ] xT=false
  D4 above=T2 pat=000 resclass=[ -2937, 979, -3 ] xT=false
  D4 above=T2 pat=000 resclass=[ -2937, 979, -3 ] xT=false
  D4 above=T1 pat=000 resclass=[ -725439, -2937, 247 ] xT=false
  D4 above=T3 pat=000 resclass=[ 247, -3, -741 ] xT=false
  D4 above=T1 pat=000 resclass=[ -725439, -2937, 247 ] xT=false
  D4 above=T3 pat=000 resclass=[ 247, -3, -741 ] xT=false
MEMBER stv 5/8 13/14 10/7 shape=[ 1, 1, 2, 2 ] tors=[ 4, 4 ] order4=12 norm111=0 xTpass=0
  D4 above=T1 pat=000 resclass=[ -3889221562079490, -68101727610, 57109 ] xT=false
  D4 above=T1 pat=000 resclass=[ -3889221562079490, -68101727610, 57109 ] xT=false
  D4 above=T2 pat=000 resclass=[ -68101727610, 22700575870, -3 ] xT=false
  D4 above=T3 pat=000 resclass=[ 57109, -3, -171327 ] xT=false
  D4 above=T2 pat=000 resclass=[ -68101727610, 22700575870, -3 ] xT=false
  D4 above=T3 pat=000 resclass=[ 57109, -3, -171327 ] xT=false
  D4 above=T1 pat=000 resclass=[ -3889221562079490, -68101727610, 57109 ] xT=false
  D4 above=T1 pat=000 resclass=[ -3889221562079490, -68101727610, 57109 ] xT=false
  D4 above=T2 pat=000 resclass=[ -68101727610, 22700575870, -3 ] xT=false
  D4 above=T3 pat=000 resclass=[ 57109, -3, -171327 ] xT=false
  D4 above=T2 pat=000 resclass=[ -68101727610, 22700575870, -3 ] xT=false
  D4 above=T3 pat=000 resclass=[ 57109, -3, -171327 ] xT=false
MEMBER stv 9/14 20/11 -3/20 shape=[ 1, 1, 2, 2 ] tors=[ 4, 4 ] order4=12 norm111=0 xTpass=0
  D4 above=T3 pat=000 resclass=[ -173715, 31, -5385165 ] xT=false
  D4 above=T3 pat=000 resclass=[ -173715, 31, -5385165 ] xT=false
  D4 above=T1 pat=000 resclass=[ 157691567464554379, -204246050597385, -173715 ] xT=false
  D4 above=T2 pat=000 resclass=[ -204246050597385, -6588582277335, 31 ] xT=false
  D4 above=T1 pat=000 resclass=[ 157691567464554379, -204246050597385, -173715 ] xT=false
  D4 above=T2 pat=000 resclass=[ -204246050597385, -6588582277335, 31 ] xT=false
  D4 above=T3 pat=000 resclass=[ -173715, 31, -5385165 ] xT=false
  D4 above=T3 pat=000 resclass=[ -173715, 31, -5385165 ] xT=false
  D4 above=T1 pat=000 resclass=[ 157691567464554379, -204246050597385, -173715 ] xT=false
  D4 above=T2 pat=000 resclass=[ -204246050597385, -6588582277335, 31 ] xT=false
  D4 above=T1 pat=000 resclass=[ 157691567464554379, -204246050597385, -173715 ] xT=false
  D4 above=T2 pat=000 resclass=[ -204246050597385, -6588582277335, 31 ] xT=false
MEMBER stv 7/11 7/5 15 shape=[ 1, 1, 2, 2 ] tors=[ 4, 4 ] order4=12 norm111=0 xTpass=0
  D4 above=T3 pat=000 resclass=[ -39071, 6, -234426 ] xT=false
  D4 above=T3 pat=000 resclass=[ -39071, 6, -234426 ] xT=false
  D4 above=T1 pat=000 resclass=[ 83582675821, -2139251, -39071 ] xT=false
  D4 above=T2 pat=000 resclass=[ -2139251, -12835506, 6 ] xT=false
  D4 above=T1 pat=000 resclass=[ 83582675821, -2139251, -39071 ] xT=false
  D4 above=T2 pat=000 resclass=[ -2139251, -12835506, 6 ] xT=false
  D4 above=T3 pat=000 resclass=[ -39071, 6, -234426 ] xT=false
  D4 above=T3 pat=000 resclass=[ -39071, 6, -234426 ] xT=false
  D4 above=T1 pat=000 resclass=[ 83582675821, -2139251, -39071 ] xT=false
  D4 above=T2 pat=000 resclass=[ -2139251, -12835506, 6 ] xT=false
  D4 above=T1 pat=000 resclass=[ 83582675821, -2139251, -39071 ] xT=false
  D4 above=T2 pat=000 resclass=[ -2139251, -12835506, 6 ] xT=false
PART_DONE part=25
