MEMBER mnv 1/2 1/4 -4096/2231 shape=[ 1, 1, 2, 2 ] tors=[ 4, 4 ] order4=12 norm111=12 xTpass=0
  D4 above=T1 pat=111 resclass=[ 1, 1, 1 ] xT=false
  D4 above=T1 pat=111 resclass=[ 1, 1, 1 ] xT=false
  D4 above=T2 pat=111 resclass=[ 1, 1, 1 ] xT=false
  D4 above=T3 pat=111 resclass=[ 1, 1, 1 ] xT=false
  D4 above=T2 pat=111 resclass=[ 1, 1, 1 ] xT=false
  D4 above=T3 pat=111 resclass=[ 1, 1, 1 ] xT=false
  D4 above=T1 pat=111 resclass=[ 1, 1, 1 ] xT=false
  D4 above=T1 pat=111 resclass=[ 1, 1, 1 ] xT=false
  D4 above=T2 pat=111 resclass=[ 1, 1, 1 ] xT=false
  D4 above=T3 pat=111 resclass=[ 1, 1, 1 ] xT=false
  D4 above=T2 pat=111 resclass=[ 1, 1, 1 ] xT=false
  D4 above=T3 pat=111 resclass=[ 1, 1, 1 ] xT=false
MEMBER stv 1/4 2 -2 shape=[ 1, 1, 2, 2 ] tors=[ 4, 4 ] order4=12 norm111=0 xTpass=0
  D4 above=T1 pat=000 resclass=[ 1195194, -8358, -143 ] xT=false
  D4 above=T1 pat=000 resclass=[ 1195194, -8358, -143 ] xT=false
  D4 above=T2 pat=000 resclass=[ -8358, -2786, 3 ] xT=false
  D4 above=T3 pat=000 resclass=[ -143, 3, -429 ] xT=false
  D4 above=T2 pat=000 resclass=[ -8358, -2786, 3 ] xT=false
  D4 above=T3 pat=000 resclass=[ -143, 3, -429 ] xT=false
  D4 above=T1 pat=000 resclass=[ 1195194, -8358, -143 ] xT=false
  D4 above=T1 pat=000 resclass=[ 1195194, -8358, -143 ] xT=false
  D4 above=T2 pat=000 resclass=[ -8358, -2786, 3 ] xT=false
  D4 above=T3 pat=000 resclass=[ -143, 3, -429 ] xT=false
  D4 above=T2 pat=000 resclass=[ -8358, -2786, 3 ] xT=false
  D4 above=T3 pat=000 resclass=[ -143, 3, -429 ] xT=false
MEMBER stv 1/3 3/2 -3/4 shape=[ 1, 1, 2, 2 ] tors=[ 4, 4 ] order4=12 norm111=0 xTpass=0
  D4 above=T2 pat=000 resclass=[ -95865, -19173, 5 ] xT=false
  D4 above=T2 pat=000 resclass=[ -95865, -19173, 5 ] xT=false
  D4 above=T3 pat=000 resclass=[ -209, 5, -1045 ] xT=false
  D4 above=T1 pat=000 resclass=[ 165585, -95865, -209 ] xT=false
  D4 above=T3 pat=000 resclass=[ -209, 5, -1045 ] xT=false
  D4 above=T1 pat=000 resclass=[ 165585, -95865, -209 ] xT=false
  D4 above=T2 pat=000 resclass=[ -95865, -19173, 5 ] xT=false
  D4 above=T2 pat=000 resclass=[ -95865, -19173, 5 ] xT=false
  D4 above=T3 pat=000 resclass=[ -209, 5, -1045 ] xT=false
  D4 above=T1 pat=000 resclass=[ 165585, -95865, -209 ] xT=false
  D4 above=T3 pat=000 resclass=[ -209, 5, -1045 ] xT=false
  D4 above=T1 pat=000 resclass=[ 165585, -95865, -209 ] xT=false
MEMBER stv 1/2 4/3 -1/4 shape=[ 1, 1, 2, 2 ] tors=[ 4, 4 ] order4=12 norm111=0 xTpass=0
  D4 above=T3 pat=000 resclass=[ -115, 7, -805 ] xT=false
  D4 above=T3 pat=000 resclass=[ -115, 7, -805 ] xT=false
  D4 above=T2 pat=000 resclass=[ -174615, -24945, 7 ] xT=false
  D4 above=T1 pat=000 resclass=[ 803229, -174615, -115 ] xT=false
  D4 above=T2 pat=000 resclass=[ -174615, -24945, 7 ] xT=false
  D4 above=T1 pat=000 resclass=[ 803229, -174615, -115 ] xT=false
  D4 above=T3 pat=000 resclass=[ -115, 7, -805 ] xT=false
  D4 above=T3 pat=000 resclass=[ -115, 7, -805 ] xT=false
  D4 above=T2 pat=000 resclass=[ -174615, -24945, 7 ] xT=false
  D4 above=T1 pat=000 resclass=[ 803229, -174615, -115 ] xT=false
  D4 above=T2 pat=000 resclass=[ -174615, -24945, 7 ] xT=false
  D4 above=T1 pat=000 resclass=[ 803229, -174615, -115 ] xT=false
MEMBER stv 2/3 2/3 -3/2 shape=[ 1, 1, 2, 2 ] tors=[ 4, 4 ] order4=12 norm111=0 xTpass=0
  D4 above=T3 pat=000 resclass=[ 11, -5, -55 ] xT=false
  D4 above=T3 pat=000 resclass=[ 11, -5, -55 ] xT=false
  D4 above=T1 pat=000 resclass=[ -330, -30, 11 ] xT=false
  D4 above=T2 pat=000 resclass=[ -30, 6, -5 ] xT=false
  D4 above=T1 pat=000 resclass=[ -330, -30, 11 ] xT=false
  D4 above=T2 pat=000 resclass=[ -30, 6, -5 ] xT=false
  D4 above=T3 pat=000 resclass=[ 11, -5, -55 ] xT=false
  D4 above=T3 pat=000 resclass=[ 11, -5, -55 ] xT=false
  D4 above=T1 pat=000 resclass=[ -330, -30, 11 ] xT=false
  D4 above=T2 pat=000 resclass=[ -30, 6, -5 ] xT=false
  D4 above=T1 pat=000 resclass=[ -330, -30, 11 ] xT=false
  D4 above=T2 pat=000 resclass=[ -30, 6, -5 ] xT=false
MEMBER stv 3/4 1/2 -2/3 INVALID
MEMBER stv 1 1/4 -4 shape=[ 1, 1, 2, 2 ] tors=[ 4, 4 ] order4=12 norm111=0 xTpass=0
  D4 above=T1 pat=000 resclass=[ 3565, 115, 31 ] xT=false
  D4 above=T1 pat=000 resclass=[ 3565, 115, 31 ] xT=false
  D4 above=T2 pat=000 resclass=[ 115, -69, -15 ] xT=false
  D4 above=T3 pat=000 resclass=[ 31, -15, -465 ] xT=false
  D4 above=T2 pat=000 resclass=[ 115, -69, -15 ] xT=false
  D4 above=T3 pat=000 resclass=[ 31, -15, -465 ] xT=false
  D4 above=T1 pat=000 resclass=[ 3565, 115, 31 ] xT=false
  D4 above=T1 pat=000 resclass=[ 3565, 115, 31 ] xT=false
  D4 above=T2 pat=000 resclass=[ 115, -69, -15 ] xT=false
  D4 above=T3 pat=000 resclass=[ 31, -15, -465 ] xT=false
  D4 above=T2 pat=000 resclass=[ 115, -69, -15 ] xT=false
  D4 above=T3 pat=000 resclass=[ 31, -15, -465 ] xT=false
MEMBER stv 1 4 -4/3 shape=[ 1, 1, 2, 2 ] tors=[ 4, 4 ] order4=12 norm111=0 xTpass=0
  D4 above=T2 pat=000 resclass=[ 4795, 2877, 15 ] xT=false
  D4 above=T2 pat=000 resclass=[ 4795, 2877, 15 ] xT=false
  D4 above=T3 pat=000 resclass=[ -14, 15, -210 ] xT=false
  D4 above=T1 pat=000 resclass=[ -1370, 4795, -14 ] xT=false
  D4 above=T3 pat=000 resclass=[ -14, 15, -210 ] xT=false
  D4 above=T1 pat=000 resclass=[ -1370, 4795, -14 ] xT=false
  D4 above=T2 pat=000 resclass=[ 4795, 2877, 15 ] xT=false
  D4 above=T2 pat=000 resclass=[ 4795, 2877, 15 ] xT=false
  D4 above=T3 pat=000 resclass=[ -14, 15, -210 ] xT=false
  D4 above=T1 pat=000 resclass=[ -1370, 4795, -14 ] xT=false
  D4 above=T3 pat=000 resclass=[ -14, 15, -210 ] xT=false
  D4 above=T1 pat=000 resclass=[ -1370, 4795, -14 ] xT=false
MEMBER stv 4/3 3 -1/2 shape=[ 1, 1, 2, 2 ] tors=[ 4, 4 ] order4=12 norm111=0 xTpass=0
  D4 above=T2 pat=000 resclass=[ -13, -26, 2 ] xT=false
  D4 above=T2 pat=000 resclass=[ -13, -26, 2 ] xT=false
  D4 above=T1 pat=000 resclass=[ 455, -13, -35 ] xT=false
  D4 above=T3 pat=000 resclass=[ -35, 2, -70 ] xT=false
  D4 above=T1 pat=000 resclass=[ 455, -13, -35 ] xT=false
  D4 above=T3 pat=000 resclass=[ -35, 2, -70 ] xT=false
  D4 above=T2 pat=000 resclass=[ -13, -26, 2 ] xT=false
  D4 above=T2 pat=000 resclass=[ -13, -26, 2 ] xT=false
  D4 above=T1 pat=000 resclass=[ 455, -13, -35 ] xT=false
  D4 above=T3 pat=000 resclass=[ -35, 2, -70 ] xT=false
  D4 above=T1 pat=000 resclass=[ 455, -13, -35 ] xT=false
  D4 above=T3 pat=000 resclass=[ -35, 2, -70 ] xT=false
MEMBER stv 3/2 3/2 -3 shape=[ 1, 1, 2, 2 ] tors=[ 4, 4 ] order4=12 norm111=0 xTpass=0
  D4 above=T2 pat=000 resclass=[ 14835, 2967, 5 ] xT=false
  D4 above=T2 pat=000 resclass=[ 14835, 2967, 5 ] xT=false
  D4 above=T1 pat=000 resclass=[ 163185, 14835, 11 ] xT=false
  D4 above=T3 pat=000 resclass=[ 11, 5, 55 ] xT=false
  D4 above=T1 pat=000 resclass=[ 163185, 14835, 11 ] xT=false
  D4 above=T3 pat=000 resclass=[ 11, 5, 55 ] xT=false
  D4 above=T2 pat=000 resclass=[ 14835, 2967, 5 ] xT=false
  D4 above=T2 pat=000 resclass=[ 14835, 2967, 5 ] xT=false
  D4 above=T1 pat=000 resclass=[ 163185, 14835, 11 ] xT=false
  D4 above=T3 pat=000 resclass=[ 11, 5, 55 ] xT=false
  D4 above=T1 pat=000 resclass=[ 163185, 14835, 11 ] xT=false
  D4 above=T3 pat=000 resclass=[ 11, 5, 55 ] xT=false
MEMBER stv 2 4/3 -1 shape=[ 1, 1, 2, 2 ] tors=[ 4, 4 ] order4=12 norm111=0 xTpass=0
  D4 above=T1 pat=000 resclass=[ -30261, -2751, 11 ] xT=false
  D4 above=T1 pat=000 resclass=[ -30261, -2751, 11 ] xT=false
  D4 above=T3 pat=000 resclass=[ 11, 7, 77 ] xT=false
  D4 above=T2 pat=000 resclass=[ -2751, -393, 7 ] xT=false
  D4 above=T3 pat=000 resclass=[ 11, 7, 77 ] xT=false
  D4 above=T2 pat=000 resclass=[ -2751, -393, 7 ] xT=false
  D4 above=T1 pat=000 resclass=[ -30261, -2751, 11 ] xT=false
  D4 above=T1 pat=000 resclass=[ -30261, -2751, 11 ] xT=false
  D4 above=T3 pat=000 resclass=[ 11, 7, 77 ] xT=false
  D4 above=T2 pat=000 resclass=[ -2751, -393, 7 ] xT=false
  D4 above=T3 pat=000 resclass=[ 11, 7, 77 ] xT=false
  D4 above=T2 pat=000 resclass=[ -2751, -393, 7 ] xT=false
MEMBER stv 3 3/4 -1/3 shape=[ 1, 1, 2, 2 ] tors=[ 4, 4 ] order4=12 norm111=0 xTpass=0
  D4 above=T3 pat=000 resclass=[ 2255, -7, -15785 ] xT=false
  D4 above=T3 pat=000 resclass=[ 2255, -7, -15785 ] xT=false
  D4 above=T1 pat=000 resclass=[ 30030, 22386, 2255 ] xT=false
  D4 above=T2 pat=000 resclass=[ 22386, -3198, -7 ] xT=false
  D4 above=T1 pat=000 resclass=[ 30030, 22386, 2255 ] xT=false
  D4 above=T2 pat=000 resclass=[ 22386, -3198, -7 ] xT=false
  D4 above=T3 pat=000 resclass=[ 2255, -7, -15785 ] xT=false
  D4 above=T3 pat=000 resclass=[ 2255, -7, -15785 ] xT=false
  D4 above=T1 pat=000 resclass=[ 30030, 22386, 2255 ] xT=false
  D4 above=T2 pat=000 resclass=[ 22386, -3198, -7 ] xT=false
  D4 above=T1 pat=000 resclass=[ 30030, 22386, 2255 ] xT=false
  D4 above=T2 pat=000 resclass=[ 22386, -3198, -7 ] xT=false
MEMBER stv 4 1/2 -2 shape=[ 1, 1, 2, 2 ] tors=[ 4, 4 ] order4=12 norm111=0 xTpass=0
  D4 above=T3 pat=000 resclass=[ 247, -3, -741 ] xT=false
  D4 above=T3 pat=000 resclass=[ 247, -3, -741 ] xT=false
  D4 above=T1 pat=000 resclass=[ 5765721, 23343, 247 ] xT=false
  D4 above=T2 pat=000 resclass=[ 23343, -7781, -3 ] xT=false
  D4 above=T1 pat=000 resclass=[ 5765721, 23343, 247 ] xT=false
  D4 above=T2 pat=000 resclass=[ 23343, -7781, -3 ] xT=false
  D4 above=T3 pat=000 resclass=[ 247, -3, -741 ] xT=false
  D4 above=T3 pat=000 resclass=[ 247, -3, -741 ] xT=false
  D4 above=T1 pat=000 resclass=[ 5765721, 23343, 247 ] xT=false
  D4 above=T2 pat=000 resclass=[ 23343, -7781, -3 ] xT=false
  D4 above=T1 pat=000 resclass=[ 5765721, 23343, 247 ] xT=false
  D4 above=T2 pat=000 resclass=[ 23343, -7781, -3 ] xT=false
MEMBER stv 18/19 7/10 -9/10 shape=[ 1, 1, 2, 2 ] tors=[ 4, 4 ] order4=12 norm111=0 xTpass=0
  D4 above=T2 pat=000 resclass=[ -104346024735, 2046000485, -51 ] xT=false
  D4 above=T2 pat=000 resclass=[ -104346024735, 2046000485, -51 ] xT=false
  D4 above=T1 pat=000 resclass=[ -26678252490022185, -104346024735, 255671 ] xT=false
  D4 above=T3 pat=000 resclass=[ 255671, -51, -13039221 ] xT=false
  D4 above=T1 pat=000 resclass=[ -26678252490022185, -104346024735, 255671 ] xT=false
  D4 above=T3 pat=000 resclass=[ 255671, -51, -13039221 ] xT=false
  D4 above=T2 pat=000 resclass=[ -104346024735, 2046000485, -51 ] xT=false
  D4 above=T2 pat=000 resclass=[ -104346024735, 2046000485, -51 ] xT=false
  D4 above=T1 pat=000 resclass=[ -26678252490022185, -104346024735, 255671 ] xT=false
  D4 above=T3 pat=000 resclass=[ 255671, -51, -13039221 ] xT=false
  D4 above=T1 pat=000 resclass=[ -26678252490022185, -104346024735, 255671 ] xT=false
  D4 above=T3 pat=000 resclass=[ 255671, -51, -13039221 ] xT=false
MEMBER stv 1 7/9 -8/11 shape=[ 1, 1, 2, 2 ] tors=[ 4, 4 ] order4=12 norm111=0 xTpass=0
  D4 above=T3 pat=000 resclass=[ 113, -2, -226 ] xT=false
  D4 above=T3 pat=000 resclass=[ 113, -2, -226 ] xT=false
  D4 above=T1 pat=000 resclass=[ 220011, 1947, 113 ] xT=false
  D4 above=T2 pat=000 resclass=[ 1947, -3894, -2 ] xT=false
  D4 above=T1 pat=000 resclass=[ 220011, 1947, 113 ] xT=false
  D4 above=T2 pat=000 resclass=[ 1947, -3894, -2 ] xT=false
  D4 above=T3 pat=000 resclass=[ 113, -2, -226 ] xT=false
  D4 above=T3 pat=000 resclass=[ 113, -2, -226 ] xT=false
  D4 above=T1 pat=000 resclass=[ 220011, 1947, 113 ] xT=false
  D4 above=T2 pat=000 resclass=[ 1947, -3894, -2 ] xT=false
  D4 above=T1 pat=000 resclass=[ 220011, 1947, 113 ] xT=false
  D4 above=T2 pat=000 resclass=[ 1947, -3894, -2 ] xT=false
MEMBER stv 16/17 11/8 5/6 shape=[ 1, 1, 2, 2 ] tors=[ 4, 4 ] order4=12 norm111=0 xTpass=0
  D4 above=T2 pat=000 resclass=[ 2815001335, 444473895, 57 ] xT=false
  D4 above=T2 pat=000 resclass=[ 2815001335, 444473895, 57 ] xT=false
  D4 above=T3 pat=000 resclass=[ 109615, 57, 6248055 ] xT=false
  D4 above=T1 pat=000 resclass=[ 12342654853441, 2815001335, 109615 ] xT=false
  D4 above=T3 pat=000 resclass=[ 109615, 57, 6248055 ] xT=false
  D4 above=T1 pat=000 resclass=[ 12342654853441, 2815001335, 109615 ] xT=false
  D4 above=T2 pat=000 resclass=[ 2815001335, 444473895, 57 ] xT=false
  D4 above=T2 pat=000 resclass=[ 2815001335, 444473895, 57 ] xT=false
  D4 above=T3 pat=000 resclass=[ 109615, 57, 6248055 ] xT=false
  D4 above=T1 pat=000 resclass=[ 12342654853441, 2815001335, 109615 ] xT=false
  D4 above=T3 pat=000 resclass=[ 109615, 57, 6248055 ] xT=false
  D4 above=T1 pat=000 resclass=[ 12342654853441, 2815001335, 109615 ] xT=false
PART_DONE part=26
