MEMBER mnv 1/2 1/4 -1982464/21049 shape=[ 1, 1, 2, 2 ] tors=[ 4, 4 ] order4=12 norm111=12 xTpass=0
  D4 above=T1 pat=111 resclass=[ 1, 1, 1 ] xT=false
  D4 above=T1 pat=111 resclass=[ 1, 1, 1 ] xT=false
  D4 above=T2 pat=111 resclass=[ 1, 1, 1 ] xT=false
  D4 above=T3 pat=111 resclass=[ 1, 1, 1 ] xT=false
  D4 above=T2 pat=111 resclass=[ 1, 1, 1 ] xT=false
  D4 above=T3 pat=111 resclass=[ 1, 1, 1 ] xT=false
  D4 above=T1 pat=111 resclass=[ 1, 1, 1 ] xT=false
  D4 above=T1 pat=111 resclass=[ 1, 1, 1 ] xT=false
  D4 above=T2 pat=111 resclass=[ 1, 1, 1 ] xT=false
  D4 above=T3 pat=111 resclass=[ 1, 1, 1 ] xT=false
  D4 above=T2 pat=111 resclass=[ 1, 1, 1 ] xT=false
  D4 above=T3 pat=111 resclass=[ 1, 1, 1 ] xT=false
MEMBER stv 1/4 2 -3 shape=[ 1, 1, 2, 2 ] tors=[ 4, 4 ] order4=12 norm111=0 xTpass=0
  D4 above=T3 pat=000 resclass=[ -143, 3, -429 ] xT=false
  D4 above=T3 pat=000 resclass=[ -143, 3, -429 ] xT=false
  D4 above=T1 pat=000 resclass=[ 6479, -7657, -143 ] xT=false
  D4 above=T2 pat=000 resclass=[ -7657, -22971, 3 ] xT=false
  D4 above=T1 pat=000 resclass=[ 6479, -7657, -143 ] xT=false
  D4 above=T2 pat=000 resclass=[ -7657, -22971, 3 ] xT=false
  D4 above=T3 pat=000 resclass=[ -143, 3, -429 ] xT=false
  D4 above=T3 pat=000 resclass=[ -143, 3, -429 ] xT=false
  D4 above=T1 pat=000 resclass=[ 6479, -7657, -143 ] xT=false
  D4 above=T2 pat=000 resclass=[ -7657, -22971, 3 ] xT=false
  D4 above=T1 pat=000 resclass=[ 6479, -7657, -143 ] xT=false
  D4 above=T2 pat=000 resclass=[ -7657, -22971, 3 ] xT=false
MEMBER stv 1/3 3/2 -1 shape=[ 1, 1, 2, 2 ] tors=[ 4, 4 ] order4=12 norm111=0 xTpass=0
  D4 above=T1 pat=000 resclass=[ 1113970, -5330, -209 ] xT=false
  D4 above=T1 pat=000 resclass=[ 1113970, -5330, -209 ] xT=false
  D4 above=T3 pat=000 resclass=[ -209, 5, -1045 ] xT=false
  D4 above=T2 pat=000 resclass=[ -5330, -1066, 5 ] xT=false
  D4 above=T3 pat=000 resclass=[ -209, 5, -1045 ] xT=false
  D4 above=T2 pat=000 resclass=[ -5330, -1066, 5 ] xT=false
  D4 above=T1 pat=000 resclass=[ 1113970, -5330, -209 ] xT=false
  D4 above=T1 pat=000 resclass=[ 1113970, -5330, -209 ] xT=false
  D4 above=T3 pat=000 resclass=[ -209, 5, -1045 ] xT=false
  D4 above=T2 pat=000 resclass=[ -5330, -1066, 5 ] xT=false
  D4 above=T3 pat=000 resclass=[ -209, 5, -1045 ] xT=false
  D4 above=T2 pat=000 resclass=[ -5330, -1066, 5 ] xT=false
MEMBER stv 1/2 4/3 -1/3 shape=[ 1, 1, 2, 2 ] tors=[ 4, 4 ] order4=12 norm111=0 xTpass=0
  D4 above=T3 pat=000 resclass=[ -115, 7, -805 ] xT=false
  D4 above=T3 pat=000 resclass=[ -115, 7, -805 ] xT=false
  D4 above=T1 pat=000 resclass=[ 35570535, -309309, -115 ] xT=false
  D4 above=T2 pat=000 resclass=[ -309309, -44187, 7 ] xT=false
  D4 above=T1 pat=000 resclass=[ 35570535, -309309, -115 ] xT=false
  D4 above=T2 pat=000 resclass=[ -309309, -44187, 7 ] xT=false
  D4 above=T3 pat=000 resclass=[ -115, 7, -805 ] xT=false
  D4 above=T3 pat=000 resclass=[ -115, 7, -805 ] xT=false
  D4 above=T1 pat=000 resclass=[ 35570535, -309309, -115 ] xT=false
  D4 above=T2 pat=000 resclass=[ -309309, -44187, 7 ] xT=false
  D4 above=T1 pat=000 resclass=[ 35570535, -309309, -115 ] xT=false
  D4 above=T2 pat=000 resclass=[ -309309, -44187, 7 ] xT=false
MEMBER stv 2/3 2/3 -2 shape=[ 1, 1, 2, 2 ] tors=[ 4, 4 ] order4=12 norm111=0 xTpass=0
  D4 above=T1 pat=000 resclass=[ -3410, -310, 11 ] xT=false
  D4 above=T1 pat=000 resclass=[ -3410, -310, 11 ] xT=false
  D4 above=T2 pat=000 resclass=[ -310, 62, -5 ] xT=false
  D4 above=T3 pat=000 resclass=[ 11, -5, -55 ] xT=false
  D4 above=T2 pat=000 resclass=[ -310, 62, -5 ] xT=false
  D4 above=T3 pat=000 resclass=[ 11, -5, -55 ] xT=false
  D4 above=T1 pat=000 resclass=[ -3410, -310, 11 ] xT=false
  D4 above=T1 pat=000 resclass=[ -3410, -310, 11 ] xT=false
  D4 above=T2 pat=000 resclass=[ -310, 62, -5 ] xT=false
  D4 above=T3 pat=000 resclass=[ 11, -5, -55 ] xT=false
  D4 above=T2 pat=000 resclass=[ -310, 62, -5 ] xT=false
  D4 above=T3 pat=000 resclass=[ 11, -5, -55 ] xT=false
MEMBER stv 3/4 1/2 -3/4 INVALID
MEMBER stv 1 1/3 -1/4 shape=[ 1, 1, 2, 2 ] tors=[ 4, 4 ] order4=12 norm111=0 xTpass=0
  D4 above=T3 pat=000 resclass=[ 17, -2, -34 ] xT=false
  D4 above=T3 pat=000 resclass=[ 17, -2, -34 ] xT=false
  D4 above=T2 pat=000 resclass=[ 1410, -705, -2 ] xT=false
  D4 above=T1 pat=000 resclass=[ 23970, 1410, 17 ] xT=false
  D4 above=T2 pat=000 resclass=[ 1410, -705, -2 ] xT=false
  D4 above=T1 pat=000 resclass=[ 23970, 1410, 17 ] xT=false
  D4 above=T3 pat=000 resclass=[ 17, -2, -34 ] xT=false
  D4 above=T3 pat=000 resclass=[ 17, -2, -34 ] xT=false
  D4 above=T2 pat=000 resclass=[ 1410, -705, -2 ] xT=false
  D4 above=T1 pat=000 resclass=[ 23970, 1410, 17 ] xT=false
  D4 above=T2 pat=000 resclass=[ 1410, -705, -2 ] xT=false
  D4 above=T1 pat=000 resclass=[ 23970, 1410, 17 ] xT=false
MEMBER stv 1 4 -3/2 shape=[ 1, 1, 2, 2 ] tors=[ 4, 4 ] order4=12 norm111=0 xTpass=0
  D4 above=T1 pat=000 resclass=[ -25165, 7190, -14 ] xT=false
  D4 above=T1 pat=000 resclass=[ -25165, 7190, -14 ] xT=false
  D4 above=T3 pat=000 resclass=[ -14, 15, -210 ] xT=false
  D4 above=T2 pat=000 resclass=[ 7190, 4314, 15 ] xT=false
  D4 above=T3 pat=000 resclass=[ -14, 15, -210 ] xT=false
  D4 above=T2 pat=000 resclass=[ 7190, 4314, 15 ] xT=false
  D4 above=T1 pat=000 resclass=[ -25165, 7190, -14 ] xT=false
  D4 above=T1 pat=000 resclass=[ -25165, 7190, -14 ] xT=false
  D4 above=T3 pat=000 resclass=[ -14, 15, -210 ] xT=false
  D4 above=T2 pat=000 resclass=[ 7190, 4314, 15 ] xT=false
  D4 above=T3 pat=000 resclass=[ -14, 15, -210 ] xT=false
  D4 above=T2 pat=000 resclass=[ 7190, 4314, 15 ] xT=false
MEMBER stv 4/3 3 -2/3 shape=[ 1, 1, 2, 2 ] tors=[ 4, 4 ] order4=12 norm111=0 xTpass=0
  D4 above=T1 pat=000 resclass=[ -27111, 19365, -35 ] xT=false
  D4 above=T1 pat=000 resclass=[ -27111, 19365, -35 ] xT=false
  D4 above=T2 pat=000 resclass=[ 19365, 38730, 2 ] xT=false
  D4 above=T3 pat=000 resclass=[ -35, 2, -70 ] xT=false
  D4 above=T2 pat=000 resclass=[ 19365, 38730, 2 ] xT=false
  D4 above=T3 pat=000 resclass=[ -35, 2, -70 ] xT=false
  D4 above=T1 pat=000 resclass=[ -27111, 19365, -35 ] xT=false
  D4 above=T1 pat=000 resclass=[ -27111, 19365, -35 ] xT=false
  D4 above=T2 pat=000 resclass=[ 19365, 38730, 2 ] xT=false
  D4 above=T3 pat=000 resclass=[ -35, 2, -70 ] xT=false
  D4 above=T2 pat=000 resclass=[ 19365, 38730, 2 ] xT=false
  D4 above=T3 pat=000 resclass=[ -35, 2, -70 ] xT=false
MEMBER stv 3/2 3/2 -4 shape=[ 1, 1, 2, 2 ] tors=[ 4, 4 ] order4=12 norm111=0 xTpass=0
  D4 above=T2 pat=000 resclass=[ 130, 26, 5 ] xT=false
  D4 above=T2 pat=000 resclass=[ 130, 26, 5 ] xT=false
  D4 above=T1 pat=000 resclass=[ 1430, 130, 11 ] xT=false
  D4 above=T3 pat=000 resclass=[ 11, 5, 55 ] xT=false
  D4 above=T1 pat=000 resclass=[ 1430, 130, 11 ] xT=false
  D4 above=T3 pat=000 resclass=[ 11, 5, 55 ] xT=false
  D4 above=T2 pat=000 resclass=[ 130, 26, 5 ] xT=false
  D4 above=T2 pat=000 resclass=[ 130, 26, 5 ] xT=false
  D4 above=T1 pat=000 resclass=[ 1430, 130, 11 ] xT=false
  D4 above=T3 pat=000 resclass=[ 11, 5, 55 ] xT=false
  D4 above=T1 pat=000 resclass=[ 1430, 130, 11 ] xT=false
  D4 above=T3 pat=000 resclass=[ 11, 5, 55 ] xT=false
MEMBER stv 2 4/3 -4/3 shape=[ 1, 1, 2, 2 ] tors=[ 4, 4 ] order4=12 norm111=0 xTpass=0
  D4 above=T3 pat=000 resclass=[ 11, 7, 77 ] xT=false
  D4 above=T3 pat=000 resclass=[ 11, 7, 77 ] xT=false
  D4 above=T2 pat=000 resclass=[ -1365, -195, 7 ] xT=false
  D4 above=T1 pat=000 resclass=[ -15015, -1365, 11 ] xT=false
  D4 above=T2 pat=000 resclass=[ -1365, -195, 7 ] xT=false
  D4 above=T1 pat=000 resclass=[ -15015, -1365, 11 ] xT=false
  D4 above=T3 pat=000 resclass=[ 11, 7, 77 ] xT=false
  D4 above=T3 pat=000 resclass=[ 11, 7, 77 ] xT=false
  D4 above=T2 pat=000 resclass=[ -1365, -195, 7 ] xT=false
  D4 above=T1 pat=000 resclass=[ -15015, -1365, 11 ] xT=false
  D4 above=T2 pat=000 resclass=[ -1365, -195, 7 ] xT=false
  D4 above=T1 pat=000 resclass=[ -15015, -1365, 11 ] xT=false
MEMBER stv 3 3/4 -1/2 shape=[ 1, 1, 2, 2 ] tors=[ 4, 4 ] order4=12 norm111=0 xTpass=0
  D4 above=T2 pat=000 resclass=[ 3710, -530, -7 ] xT=false
  D4 above=T2 pat=000 resclass=[ 3710, -530, -7 ] xT=false
  D4 above=T1 pat=000 resclass=[ 334642, 3710, 2255 ] xT=false
  D4 above=T3 pat=000 resclass=[ 2255, -7, -15785 ] xT=false
  D4 above=T1 pat=000 resclass=[ 334642, 3710, 2255 ] xT=false
  D4 above=T3 pat=000 resclass=[ 2255, -7, -15785 ] xT=false
  D4 above=T2 pat=000 resclass=[ 3710, -530, -7 ] xT=false
  D4 above=T2 pat=000 resclass=[ 3710, -530, -7 ] xT=false
  D4 above=T1 pat=000 resclass=[ 334642, 3710, 2255 ] xT=false
  D4 above=T3 pat=000 resclass=[ 2255, -7, -15785 ] xT=false
  D4 above=T1 pat=000 resclass=[ 334642, 3710, 2255 ] xT=false
  D4 above=T3 pat=000 resclass=[ 2255, -7, -15785 ] xT=false
MEMBER stv 4 1/2 -3 shape=[ 1, 1, 2, 2 ] tors=[ 4, 4 ] order4=12 norm111=0 xTpass=0
  D4 above=T3 pat=000 resclass=[ 247, -3, -741 ] xT=false
  D4 above=T3 pat=000 resclass=[ 247, -3, -741 ] xT=false
  D4 above=T1 pat=000 resclass=[ 8834449, 35767, 247 ] xT=false
  D4 above=T2 pat=000 resclass=[ 35767, -107301, -3 ] xT=false
  D4 above=T1 pat=000 resclass=[ 8834449, 35767, 247 ] xT=false
  D4 above=T2 pat=000 resclass=[ 35767, -107301, -3 ] xT=false
  D4 above=T3 pat=000 resclass=[ 247, -3, -741 ] xT=false
  D4 above=T3 pat=000 resclass=[ 247, -3, -741 ] xT=false
  D4 above=T1 pat=000 resclass=[ 8834449, 35767, 247 ] xT=false
  D4 above=T2 pat=000 resclass=[ 35767, -107301, -3 ] xT=false
  D4 above=T1 pat=000 resclass=[ 8834449, 35767, 247 ] xT=false
  D4 above=T2 pat=000 resclass=[ 35767, -107301, -3 ] xT=false
MEMBER stv 2/7 16/17 -18/13 shape=[ 1, 1, 2, 2 ] tors=[ 4, 4 ] order4=12 norm111=0 xTpass=0
  D4 above=T3 pat=000 resclass=[ 280723, -33, -9263859 ] xT=false
  D4 above=T3 pat=000 resclass=[ 280723, -33, -9263859 ] xT=false
  D4 above=T1 pat=000 resclass=[ 5407820156872294590, 19263901272330, 280723 ] xT=false
  D4 above=T2 pat=000 resclass=[ 19263901272330, -583754584010, -33 ] xT=false
  D4 above=T1 pat=000 resclass=[ 5407820156872294590, 19263901272330, 280723 ] xT=false
  D4 above=T2 pat=000 resclass=[ 19263901272330, -583754584010, -33 ] xT=false
  D4 above=T3 pat=000 resclass=[ 280723, -33, -9263859 ] xT=false
  D4 above=T3 pat=000 resclass=[ 280723, -33, -9263859 ] xT=false
  D4 above=T1 pat=000 resclass=[ 5407820156872294590, 19263901272330, 280723 ] xT=false
  D4 above=T2 pat=000 resclass=[ 19263901272330, -583754584010, -33 ] xT=false
  D4 above=T1 pat=000 resclass=[ 5407820156872294590, 19263901272330, 280723 ] xT=false
  D4 above=T2 pat=000 resclass=[ 19263901272330, -583754584010, -33 ] xT=false
MEMBER stv 4/11 16/17 -1/13 shape=[ 1, 1, 2, 2 ] tors=[ 4, 4 ] order4=12 norm111=0 xTpass=0
  D4 above=T2 pat=000 resclass=[ 21713098693, -5921754189, -33 ] xT=false
  D4 above=T2 pat=000 resclass=[ 21713098693, -5921754189, -33 ] xT=false
  D4 above=T3 pat=000 resclass=[ 24583, -33, -811239 ] xT=false
  D4 above=T1 pat=000 resclass=[ 3158420740651, 21713098693, 24583 ] xT=false
  D4 above=T3 pat=000 resclass=[ 24583, -33, -811239 ] xT=false
  D4 above=T1 pat=000 resclass=[ 3158420740651, 21713098693, 24583 ] xT=false
  D4 above=T2 pat=000 resclass=[ 21713098693, -5921754189, -33 ] xT=false
  D4 above=T2 pat=000 resclass=[ 21713098693, -5921754189, -33 ] xT=false
  D4 above=T3 pat=000 resclass=[ 24583, -33, -811239 ] xT=false
  D4 above=T1 pat=000 resclass=[ 3158420740651, 21713098693, 24583 ] xT=false
  D4 above=T3 pat=000 resclass=[ 24583, -33, -811239 ] xT=false
  D4 above=T1 pat=000 resclass=[ 3158420740651, 21713098693, 24583 ] xT=false
MEMBER stv 5/4 13/18 -16/7 shape=[ 1, 1, 2, 2 ] tors=[ 4, 4 ] order4=12 norm111=0 xTpass=0
  D4 above=T3 pat=000 resclass=[ 14, -155, -2170 ] xT=false
  D4 above=T3 pat=000 resclass=[ 14, -155, -2170 ] xT=false
  D4 above=T1 pat=000 resclass=[ 22365415, 313115810, 14 ] xT=false
  D4 above=T2 pat=000 resclass=[ 313115810, -2020102, -155 ] xT=false
  D4 above=T1 pat=000 resclass=[ 22365415, 313115810, 14 ] xT=false
  D4 above=T2 pat=000 resclass=[ 313115810, -2020102, -155 ] xT=false
  D4 above=T3 pat=000 resclass=[ 14, -155, -2170 ] xT=false
  D4 above=T3 pat=000 resclass=[ 14, -155, -2170 ] xT=false
  D4 above=T1 pat=000 resclass=[ 22365415, 313115810, 14 ] xT=false
  D4 above=T2 pat=000 resclass=[ 313115810, -2020102, -155 ] xT=false
  D4 above=T1 pat=000 resclass=[ 22365415, 313115810, 14 ] xT=false
  D4 above=T2 pat=000 resclass=[ 313115810, -2020102, -155 ] xT=false
PART_DONE part=28
