MEMBER mnv -2 1/4 65536/21049 shape=[ 1, 1, 2, 2 ] tors=[ 4, 4 ] order4=12 norm111=12 xTpass=0
  D4 above=T3 pat=111 resclass=[ 1, 1, 1 ] xT=false
  D4 above=T3 pat=111 resclass=[ 1, 1, 1 ] xT=false
  D4 above=T2 pat=111 resclass=[ 1, 1, 1 ] xT=false
  D4 above=T1 pat=111 resclass=[ 1, 1, 1 ] xT=false
  D4 above=T2 pat=111 resclass=[ 1, 1, 1 ] xT=false
  D4 above=T1 pat=111 resclass=[ 1, 1, 1 ] xT=false
  D4 above=T3 pat=111 resclass=[ 1, 1, 1 ] xT=false
  D4 above=T3 pat=111 resclass=[ 1, 1, 1 ] xT=false
  D4 above=T2 pat=111 resclass=[ 1, 1, 1 ] xT=false
  D4 above=T1 pat=111 resclass=[ 1, 1, 1 ] xT=false
  D4 above=T2 pat=111 resclass=[ 1, 1, 1 ] xT=false
  D4 above=T1 pat=111 resclass=[ 1, 1, 1 ] xT=false
MEMBER stv 1/4 2 4 shape=[ 1, 1, 2, 2 ] tors=[ 4, 4 ] order4=12 norm111=0 xTpass=0
  D4 above=T1 pat=000 resclass=[ 3315, -2805, -143 ] xT=false
  D4 above=T1 pat=000 resclass=[ 3315, -2805, -143 ] xT=false
  D4 above=T2 pat=000 resclass=[ -2805, -935, 3 ] xT=false
  D4 above=T3 pat=000 resclass=[ -143, 3, -429 ] xT=false
  D4 above=T2 pat=000 resclass=[ -2805, -935, 3 ] xT=false
  D4 above=T3 pat=000 resclass=[ -143, 3, -429 ] xT=false
  D4 above=T1 pat=000 resclass=[ 3315, -2805, -143 ] xT=false
  D4 above=T1 pat=000 resclass=[ 3315, -2805, -143 ] xT=false
  D4 above=T2 pat=000 resclass=[ -2805, -935, 3 ] xT=false
  D4 above=T3 pat=000 resclass=[ -143, 3, -429 ] xT=false
  D4 above=T2 pat=000 resclass=[ -2805, -935, 3 ] xT=false
  D4 above=T3 pat=000 resclass=[ -143, 3, -429 ] xT=false
MEMBER stv 1/3 3/2 4/3 shape=[ 1, 1, 2, 2 ] tors=[ 4, 4 ] order4=12 norm111=0 xTpass=0
  D4 above=T1 pat=000 resclass=[ 27308985, -130665, -209 ] xT=false
  D4 above=T1 pat=000 resclass=[ 27308985, -130665, -209 ] xT=false
  D4 above=T3 pat=000 resclass=[ -209, 5, -1045 ] xT=false
  D4 above=T2 pat=000 resclass=[ -130665, -26133, 5 ] xT=false
  D4 above=T3 pat=000 resclass=[ -209, 5, -1045 ] xT=false
  D4 above=T2 pat=000 resclass=[ -130665, -26133, 5 ] xT=false
  D4 above=T1 pat=000 resclass=[ 27308985, -130665, -209 ] xT=false
  D4 above=T1 pat=000 resclass=[ 27308985, -130665, -209 ] xT=false
  D4 above=T3 pat=000 resclass=[ -209, 5, -1045 ] xT=false
  D4 above=T2 pat=000 resclass=[ -130665, -26133, 5 ] xT=false
  D4 above=T3 pat=000 resclass=[ -209, 5, -1045 ] xT=false
  D4 above=T2 pat=000 resclass=[ -130665, -26133, 5 ] xT=false
MEMBER stv 1/2 4/3 1/2 shape=[ 1, 1, 2, 2 ] tors=[ 4, 4 ] order4=12 norm111=0 xTpass=0
  D4 above=T2 pat=000 resclass=[ 3934, 562, 7 ] xT=false
  D4 above=T2 pat=000 resclass=[ 3934, 562, 7 ] xT=false
  D4 above=T3 pat=000 resclass=[ -115, 7, -805 ] xT=false
  D4 above=T1 pat=000 resclass=[ -452410, 3934, -115 ] xT=false
  D4 above=T3 pat=000 resclass=[ -115, 7, -805 ] xT=false
  D4 above=T1 pat=000 resclass=[ -452410, 3934, -115 ] xT=false
  D4 above=T2 pat=000 resclass=[ 3934, 562, 7 ] xT=false
  D4 above=T2 pat=000 resclass=[ 3934, 562, 7 ] xT=false
  D4 above=T3 pat=000 resclass=[ -115, 7, -805 ] xT=false
  D4 above=T1 pat=000 resclass=[ -452410, 3934, -115 ] xT=false
  D4 above=T3 pat=000 resclass=[ -115, 7, -805 ] xT=false
  D4 above=T1 pat=000 resclass=[ -452410, 3934, -115 ] xT=false
MEMBER stv 2/3 2/3 3 shape=[ 1, 1, 2, 2 ] tors=[ 4, 4 ] order4=12 norm111=0 xTpass=0
  D4 above=T2 pat=000 resclass=[ -8715, 1743, -5 ] xT=false
  D4 above=T2 pat=000 resclass=[ -8715, 1743, -5 ] xT=false
  D4 above=T1 pat=000 resclass=[ -95865, -8715, 11 ] xT=false
  D4 above=T3 pat=000 resclass=[ 11, -5, -55 ] xT=false
  D4 above=T1 pat=000 resclass=[ -95865, -8715, 11 ] xT=false
  D4 above=T3 pat=000 resclass=[ 11, -5, -55 ] xT=false
  D4 above=T2 pat=000 resclass=[ -8715, 1743, -5 ] xT=false
  D4 above=T2 pat=000 resclass=[ -8715, 1743, -5 ] xT=false
  D4 above=T1 pat=000 resclass=[ -95865, -8715, 11 ] xT=false
  D4 above=T3 pat=000 resclass=[ 11, -5, -55 ] xT=false
  D4 above=T1 pat=000 resclass=[ -95865, -8715, 11 ] xT=false
  D4 above=T3 pat=000 resclass=[ 11, -5, -55 ] xT=false
MEMBER stv 3/4 1/2 1 INVALID
MEMBER stv 1 1/3 1/3 shape=[ 1, 1, 2, 2 ] tors=[ 4, 4 ] order4=12 norm111=0 xTpass=0
  D4 above=T2 pat=000 resclass=[ -498, 249, -2 ] xT=false
  D4 above=T2 pat=000 resclass=[ -498, 249, -2 ] xT=false
  D4 above=T3 pat=000 resclass=[ 17, -2, -34 ] xT=false
  D4 above=T1 pat=000 resclass=[ -8466, -498, 17 ] xT=false
  D4 above=T3 pat=000 resclass=[ 17, -2, -34 ] xT=false
  D4 above=T1 pat=000 resclass=[ -8466, -498, 17 ] xT=false
  D4 above=T2 pat=000 resclass=[ -498, 249, -2 ] xT=false
  D4 above=T2 pat=000 resclass=[ -498, 249, -2 ] xT=false
  D4 above=T3 pat=000 resclass=[ 17, -2, -34 ] xT=false
  D4 above=T1 pat=000 resclass=[ -8466, -498, 17 ] xT=false
  D4 above=T3 pat=000 resclass=[ 17, -2, -34 ] xT=false
  D4 above=T1 pat=000 resclass=[ -8466, -498, 17 ] xT=false
MEMBER stv 1 4 2 shape=[ 1, 1, 2, 2 ] tors=[ 4, 4 ] order4=12 norm111=0 xTpass=0
  D4 above=T1 pat=000 resclass=[ 1855, -530, -14 ] xT=false
  D4 above=T1 pat=000 resclass=[ 1855, -530, -14 ] xT=false
  D4 above=T2 pat=000 resclass=[ -530, -318, 15 ] xT=false
  D4 above=T3 pat=000 resclass=[ -14, 15, -210 ] xT=false
  D4 above=T2 pat=000 resclass=[ -530, -318, 15 ] xT=false
  D4 above=T3 pat=000 resclass=[ -14, 15, -210 ] xT=false
  D4 above=T1 pat=000 resclass=[ 1855, -530, -14 ] xT=false
  D4 above=T1 pat=000 resclass=[ 1855, -530, -14 ] xT=false
  D4 above=T2 pat=000 resclass=[ -530, -318, 15 ] xT=false
  D4 above=T3 pat=000 resclass=[ -14, 15, -210 ] xT=false
  D4 above=T2 pat=000 resclass=[ -530, -318, 15 ] xT=false
  D4 above=T3 pat=000 resclass=[ -14, 15, -210 ] xT=false
MEMBER stv 4/3 3 3/4 shape=[ 1, 1, 2, 2 ] tors=[ 4, 4 ] order4=12 norm111=0 xTpass=0
  D4 above=T1 pat=000 resclass=[ 186, -6510, -35 ] xT=false
  D4 above=T1 pat=000 resclass=[ 186, -6510, -35 ] xT=false
  D4 above=T3 pat=000 resclass=[ -35, 2, -70 ] xT=false
  D4 above=T2 pat=000 resclass=[ -6510, -3255, 2 ] xT=false
  D4 above=T3 pat=000 resclass=[ -35, 2, -70 ] xT=false
  D4 above=T2 pat=000 resclass=[ -6510, -3255, 2 ] xT=false
  D4 above=T1 pat=000 resclass=[ 186, -6510, -35 ] xT=false
  D4 above=T1 pat=000 resclass=[ 186, -6510, -35 ] xT=false
  D4 above=T3 pat=000 resclass=[ -35, 2, -70 ] xT=false
  D4 above=T2 pat=000 resclass=[ -6510, -3255, 2 ] xT=false
  D4 above=T3 pat=000 resclass=[ -35, 2, -70 ] xT=false
  D4 above=T2 pat=000 resclass=[ -6510, -3255, 2 ] xT=false
MEMBER stv 3/2 2 1/4 shape=[ 1, 1, 2, 2 ] tors=[ 4, 4 ] order4=12 norm111=0 xTpass=0
  D4 above=T2 pat=000 resclass=[ -69, -23, 3 ] xT=false
  D4 above=T2 pat=000 resclass=[ -69, -23, 3 ] xT=false
  D4 above=T1 pat=000 resclass=[ 23, -69, -3 ] xT=false
  D4 above=T3 pat=000 resclass=[ -3, 3, -1 ] xT=false
  D4 above=T1 pat=000 resclass=[ 23, -69, -3 ] xT=false
  D4 above=T3 pat=000 resclass=[ -3, 3, -1 ] xT=false
  D4 above=T2 pat=000 resclass=[ -69, -23, 3 ] xT=false
  D4 above=T2 pat=000 resclass=[ -69, -23, 3 ] xT=false
  D4 above=T1 pat=000 resclass=[ 23, -69, -3 ] xT=false
  D4 above=T3 pat=000 resclass=[ -3, 3, -1 ] xT=false
  D4 above=T1 pat=000 resclass=[ 23, -69, -3 ] xT=false
  D4 above=T3 pat=000 resclass=[ -3, 3, -1 ] xT=false
MEMBER stv 2 4/3 3/2 shape=[ 1, 1, 2, 2 ] tors=[ 4, 4 ] order4=12 norm111=0 xTpass=0
  D4 above=T2 pat=000 resclass=[ 266, 38, 7 ] xT=false
  D4 above=T2 pat=000 resclass=[ 266, 38, 7 ] xT=false
  D4 above=T3 pat=000 resclass=[ 11, 7, 77 ] xT=false
  D4 above=T1 pat=000 resclass=[ 2926, 266, 11 ] xT=false
  D4 above=T3 pat=000 resclass=[ 11, 7, 77 ] xT=false
  D4 above=T1 pat=000 resclass=[ 2926, 266, 11 ] xT=false
  D4 above=T2 pat=000 resclass=[ 266, 38, 7 ] xT=false
  D4 above=T2 pat=000 resclass=[ 266, 38, 7 ] xT=false
  D4 above=T3 pat=000 resclass=[ 11, 7, 77 ] xT=false
  D4 above=T1 pat=000 resclass=[ 2926, 266, 11 ] xT=false
  D4 above=T3 pat=000 resclass=[ 11, 7, 77 ] xT=false
  D4 above=T1 pat=000 resclass=[ 2926, 266, 11 ] xT=false
MEMBER stv 3 3/4 2/3 shape=[ 1, 1, 2, 2 ] tors=[ 4, 4 ] order4=12 norm111=0 xTpass=0
  D4 above=T1 pat=000 resclass=[ -6203505, -2751, 2255 ] xT=false
  D4 above=T1 pat=000 resclass=[ -6203505, -2751, 2255 ] xT=false
  D4 above=T3 pat=000 resclass=[ 2255, -7, -15785 ] xT=false
  D4 above=T2 pat=000 resclass=[ -2751, 393, -7 ] xT=false
  D4 above=T3 pat=000 resclass=[ 2255, -7, -15785 ] xT=false
  D4 above=T2 pat=000 resclass=[ -2751, 393, -7 ] xT=false
  D4 above=T1 pat=000 resclass=[ -6203505, -2751, 2255 ] xT=false
  D4 above=T1 pat=000 resclass=[ -6203505, -2751, 2255 ] xT=false
  D4 above=T3 pat=000 resclass=[ 2255, -7, -15785 ] xT=false
  D4 above=T2 pat=000 resclass=[ -2751, 393, -7 ] xT=false
  D4 above=T3 pat=000 resclass=[ 2255, -7, -15785 ] xT=false
  D4 above=T2 pat=000 resclass=[ -2751, 393, -7 ] xT=false
MEMBER stv 4 1/2 4 shape=[ 1, 1, 2, 2 ] tors=[ 4, 4 ] order4=12 norm111=0 xTpass=0
  D4 above=T2 pat=000 resclass=[ -51285, 17095, -3 ] xT=false
  D4 above=T2 pat=000 resclass=[ -51285, 17095, -3 ] xT=false
  D4 above=T1 pat=000 resclass=[ -74955, -51285, 247 ] xT=false
  D4 above=T3 pat=000 resclass=[ 247, -3, -741 ] xT=false
  D4 above=T1 pat=000 resclass=[ -74955, -51285, 247 ] xT=false
  D4 above=T3 pat=000 resclass=[ 247, -3, -741 ] xT=false
  D4 above=T2 pat=000 resclass=[ -51285, 17095, -3 ] xT=false
  D4 above=T2 pat=000 resclass=[ -51285, 17095, -3 ] xT=false
  D4 above=T1 pat=000 resclass=[ -74955, -51285, 247 ] xT=false
  D4 above=T3 pat=000 resclass=[ 247, -3, -741 ] xT=false
  D4 above=T1 pat=000 resclass=[ -74955, -51285, 247 ] xT=false
  D4 above=T3 pat=000 resclass=[ 247, -3, -741 ] xT=false
MEMBER stv 13 2/9 5/7 shape=[ 1, 1, 2, 2 ] tors=[ 4, 4 ] order4=12 norm111=0 xTpass=0
  D4 above=T3 pat=000 resclass=[ 68930, -77, -5307610 ] xT=false
  D4 above=T3 pat=000 resclass=[ 68930, -77, -5307610 ] xT=false
  D4 above=T2 pat=000 resclass=[ -16376140770, 10421180490, -77 ] xT=false
  D4 above=T1 pat=000 resclass=[ -11288073832761, -16376140770, 68930 ] xT=false
  D4 above=T2 pat=000 resclass=[ -16376140770, 10421180490, -77 ] xT=false
  D4 above=T1 pat=000 resclass=[ -11288073832761, -16376140770, 68930 ] xT=false
  D4 above=T3 pat=000 resclass=[ 68930, -77, -5307610 ] xT=false
  D4 above=T3 pat=000 resclass=[ 68930, -77, -5307610 ] xT=false
  D4 above=T2 pat=000 resclass=[ -16376140770, 10421180490, -77 ] xT=false
  D4 above=T1 pat=000 resclass=[ -11288073832761, -16376140770, 68930 ] xT=false
  D4 above=T2 pat=000 resclass=[ -16376140770, 10421180490, -77 ] xT=false
  D4 above=T1 pat=000 resclass=[ -11288073832761, -16376140770, 68930 ] xT=false
MEMBER stv 20 4/5 -15/7 shape=[ 1, 1, 2, 2 ] tors=[ 4, 4 ] order4=12 norm111=0 xTpass=0
  D4 above=T1 pat=000 resclass=[ 23575858226483199, 94333997121, 249919 ] xT=false
  D4 above=T1 pat=000 resclass=[ 23575858226483199, 94333997121, 249919 ] xT=false
  D4 above=T3 pat=000 resclass=[ 249919, -1, -249919 ] xT=false
  D4 above=T2 pat=000 resclass=[ 94333997121, -94333997121, -1 ] xT=false
  D4 above=T3 pat=000 resclass=[ 249919, -1, -249919 ] xT=false
  D4 above=T2 pat=000 resclass=[ 94333997121, -94333997121, -1 ] xT=false
  D4 above=T1 pat=000 resclass=[ 23575858226483199, 94333997121, 249919 ] xT=false
  D4 above=T1 pat=000 resclass=[ 23575858226483199, 94333997121, 249919 ] xT=false
  D4 above=T3 pat=000 resclass=[ 249919, -1, -249919 ] xT=false
  D4 above=T2 pat=000 resclass=[ 94333997121, -94333997121, -1 ] xT=false
  D4 above=T3 pat=000 resclass=[ 249919, -1, -249919 ] xT=false
  D4 above=T2 pat=000 resclass=[ 94333997121, -94333997121, -1 ] xT=false
MEMBER stv 5/7 6/7 -13/14 shape=[ 1, 1, 2, 2 ] tors=[ 4, 4 ] order4=12 norm111=0 xTpass=0
  D4 above=T3 pat=000 resclass=[ 66, -13, -858 ] xT=false
  D4 above=T3 pat=000 resclass=[ 66, -13, -858 ] xT=false
  D4 above=T2 pat=000 resclass=[ 162470, -2112110, -13 ] xT=false
  D4 above=T1 pat=000 resclass=[ 22155, 162470, 66 ] xT=false
  D4 above=T2 pat=000 resclass=[ 162470, -2112110, -13 ] xT=false
  D4 above=T1 pat=000 resclass=[ 22155, 162470, 66 ] xT=false
  D4 above=T3 pat=000 resclass=[ 66, -13, -858 ] xT=false
  D4 above=T3 pat=000 resclass=[ 66, -13, -858 ] xT=false
  D4 above=T2 pat=000 resclass=[ 162470, -2112110, -13 ] xT=false
  D4 above=T1 pat=000 resclass=[ 22155, 162470, 66 ] xT=false
  D4 above=T2 pat=000 resclass=[ 162470, -2112110, -13 ] xT=false
  D4 above=T1 pat=000 resclass=[ 22155, 162470, 66 ] xT=false
PART_DONE part=29
