MEMBER mnv 2 3 1 shape=[ 1, 1, 2, 2 ] tors=[ 4, 4 ] order4=12 norm111=4 xTpass=0
  D4 above=T1 pat=001 resclass=[ 593521662961, 593521662961, 1 ] xT=false
  D4 above=T1 pat=001 resclass=[ 593521662961, 593521662961, 1 ] xT=false
  D4 above=T2 pat=001 resclass=[ 593521662961, 593521662961, 1 ] xT=false
  D4 above=T3 pat=111 resclass=[ 1, 1, 1 ] xT=false
  D4 above=T2 pat=001 resclass=[ 593521662961, 593521662961, 1 ] xT=false
  D4 above=T3 pat=111 resclass=[ 1, 1, 1 ] xT=false
  D4 above=T1 pat=001 resclass=[ 593521662961, 593521662961, 1 ] xT=false
  D4 above=T1 pat=001 resclass=[ 593521662961, 593521662961, 1 ] xT=false
  D4 above=T2 pat=001 resclass=[ 593521662961, 593521662961, 1 ] xT=false
  D4 above=T3 pat=111 resclass=[ 1, 1, 1 ] xT=false
  D4 above=T2 pat=001 resclass=[ 593521662961, 593521662961, 1 ] xT=false
  D4 above=T3 pat=111 resclass=[ 1, 1, 1 ] xT=false
MEMBER stv 1/4 3/2 2 shape=[ 1, 1, 2, 2 ] tors=[ 4, 4 ] order4=12 norm111=0 xTpass=0
  D4 above=T2 pat=000 resclass=[ -10, -2, 5 ] xT=false
  D4 above=T2 pat=000 resclass=[ -10, -2, 5 ] xT=false
  D4 above=T3 pat=000 resclass=[ -6, 5, -30 ] xT=false
  D4 above=T1 pat=000 resclass=[ 15, -10, -6 ] xT=false
  D4 above=T3 pat=000 resclass=[ -6, 5, -30 ] xT=false
  D4 above=T1 pat=000 resclass=[ 15, -10, -6 ] xT=false
  D4 above=T2 pat=000 resclass=[ -10, -2, 5 ] xT=false
  D4 above=T2 pat=000 resclass=[ -10, -2, 5 ] xT=false
  D4 above=T3 pat=000 resclass=[ -6, 5, -30 ] xT=false
  D4 above=T1 pat=000 resclass=[ 15, -10, -6 ] xT=false
  D4 above=T3 pat=000 resclass=[ -6, 5, -30 ] xT=false
  D4 above=T1 pat=000 resclass=[ 15, -10, -6 ] xT=false
MEMBER stv 1/3 4/3 3/4 shape=[ 1, 1, 2, 2 ] tors=[ 4, 4 ] order4=12 norm111=0 xTpass=0
  D4 above=T1 pat=000 resclass=[ -546, 1365, -10 ] xT=false
  D4 above=T1 pat=000 resclass=[ -546, 1365, -10 ] xT=false
  D4 above=T2 pat=000 resclass=[ 1365, 195, 7 ] xT=false
  D4 above=T3 pat=000 resclass=[ -10, 7, -70 ] xT=false
  D4 above=T2 pat=000 resclass=[ 1365, 195, 7 ] xT=false
  D4 above=T3 pat=000 resclass=[ -10, 7, -70 ] xT=false
  D4 above=T1 pat=000 resclass=[ -546, 1365, -10 ] xT=false
  D4 above=T1 pat=000 resclass=[ -546, 1365, -10 ] xT=false
  D4 above=T2 pat=000 resclass=[ 1365, 195, 7 ] xT=false
  D4 above=T3 pat=000 resclass=[ -10, 7, -70 ] xT=false
  D4 above=T2 pat=000 resclass=[ 1365, 195, 7 ] xT=false
  D4 above=T3 pat=000 resclass=[ -10, 7, -70 ] xT=false
MEMBER stv 1/2 3/4 1/4 shape=[ 1, 1, 2, 2 ] tors=[ 4, 4 ] order4=12 norm111=0 xTpass=0
  D4 above=T3 pat=000 resclass=[ 15, -7, -105 ] xT=false
  D4 above=T3 pat=000 resclass=[ 15, -7, -105 ] xT=false
  D4 above=T2 pat=000 resclass=[ -136969, 19567, -7 ] xT=false
  D4 above=T1 pat=000 resclass=[ -2054535, -136969, 15 ] xT=false
  D4 above=T2 pat=000 resclass=[ -136969, 19567, -7 ] xT=false
  D4 above=T1 pat=000 resclass=[ -2054535, -136969, 15 ] xT=false
  D4 above=T3 pat=000 resclass=[ 15, -7, -105 ] xT=false
  D4 above=T3 pat=000 resclass=[ 15, -7, -105 ] xT=false
  D4 above=T2 pat=000 resclass=[ -136969, 19567, -7 ] xT=false
  D4 above=T1 pat=000 resclass=[ -2054535, -136969, 15 ] xT=false
  D4 above=T2 pat=000 resclass=[ -136969, 19567, -7 ] xT=false
  D4 above=T1 pat=000 resclass=[ -2054535, -136969, 15 ] xT=false
MEMBER stv 2/3 1/2 3/2 shape=[ 1, 1, 2, 2 ] tors=[ 4, 4 ] order4=12 norm111=0 xTpass=0
  D4 above=T2 pat=000 resclass=[ -935, 2805, -3 ] xT=false
  D4 above=T2 pat=000 resclass=[ -935, 2805, -3 ] xT=false
  D4 above=T3 pat=000 resclass=[ -17, -3, 51 ] xT=false
  D4 above=T1 pat=000 resclass=[ 55, -935, -17 ] xT=false
  D4 above=T3 pat=000 resclass=[ -17, -3, 51 ] xT=false
  D4 above=T1 pat=000 resclass=[ 55, -935, -17 ] xT=false
  D4 above=T2 pat=000 resclass=[ -935, 2805, -3 ] xT=false
  D4 above=T2 pat=000 resclass=[ -935, 2805, -3 ] xT=false
  D4 above=T3 pat=000 resclass=[ -17, -3, 51 ] xT=false
  D4 above=T1 pat=000 resclass=[ 55, -935, -17 ] xT=false
  D4 above=T3 pat=000 resclass=[ -17, -3, 51 ] xT=false
  D4 above=T1 pat=000 resclass=[ 55, -935, -17 ] xT=false
MEMBER stv 3/4 1/3 2/3 shape=[ 1, 1, 2, 2 ] tors=[ 4, 4 ] order4=12 norm111=0 xTpass=0
  D4 above=T2 pat=000 resclass=[ -30811, 61622, -2 ] xT=false
  D4 above=T2 pat=000 resclass=[ -30811, 61622, -2 ] xT=false
  D4 above=T1 pat=000 resclass=[ 9089245, -30811, -295 ] xT=false
  D4 above=T3 pat=000 resclass=[ -295, -2, 590 ] xT=false
  D4 above=T1 pat=000 resclass=[ 9089245, -30811, -295 ] xT=false
  D4 above=T3 pat=000 resclass=[ -295, -2, 590 ] xT=false
  D4 above=T2 pat=000 resclass=[ -30811, 61622, -2 ] xT=false
  D4 above=T2 pat=000 resclass=[ -30811, 61622, -2 ] xT=false
  D4 above=T1 pat=000 resclass=[ 9089245, -30811, -295 ] xT=false
  D4 above=T3 pat=000 resclass=[ -295, -2, 590 ] xT=false
  D4 above=T1 pat=000 resclass=[ 9089245, -30811, -295 ] xT=false
  D4 above=T3 pat=000 resclass=[ -295, -2, 590 ] xT=false
MEMBER stv 3/4 4 4 shape=[ 1, 1, 2, 2 ] tors=[ 4, 4 ] order4=12 norm111=0 xTpass=0
  D4 above=T2 pat=000 resclass=[ -746265, -49751, 15 ] xT=false
  D4 above=T2 pat=000 resclass=[ -746265, -49751, 15 ] xT=false
  D4 above=T1 pat=000 resclass=[ 33084415, -746265, -399 ] xT=false
  D4 above=T3 pat=000 resclass=[ -399, 15, -665 ] xT=false
  D4 above=T1 pat=000 resclass=[ 33084415, -746265, -399 ] xT=false
  D4 above=T3 pat=000 resclass=[ -399, 15, -665 ] xT=false
  D4 above=T2 pat=000 resclass=[ -746265, -49751, 15 ] xT=false
  D4 above=T2 pat=000 resclass=[ -746265, -49751, 15 ] xT=false
  D4 above=T1 pat=000 resclass=[ 33084415, -746265, -399 ] xT=false
  D4 above=T3 pat=000 resclass=[ -399, 15, -665 ] xT=false
  D4 above=T1 pat=000 resclass=[ 33084415, -746265, -399 ] xT=false
  D4 above=T3 pat=000 resclass=[ -399, 15, -665 ] xT=false
MEMBER stv 1 3 4/3 shape=[ 1, 1, 2, 2 ] tors=[ 4, 4 ] order4=12 norm111=0 xTpass=0
  D4 above=T3 pat=000 resclass=[ -7, 2, -14 ] xT=false
  D4 above=T3 pat=000 resclass=[ -7, 2, -14 ] xT=false
  D4 above=T1 pat=000 resclass=[ 1686, -11802, -7 ] xT=false
  D4 above=T2 pat=000 resclass=[ -11802, -5901, 2 ] xT=false
  D4 above=T1 pat=000 resclass=[ 1686, -11802, -7 ] xT=false
  D4 above=T2 pat=000 resclass=[ -11802, -5901, 2 ] xT=false
  D4 above=T3 pat=000 resclass=[ -7, 2, -14 ] xT=false
  D4 above=T3 pat=000 resclass=[ -7, 2, -14 ] xT=false
  D4 above=T1 pat=000 resclass=[ 1686, -11802, -7 ] xT=false
  D4 above=T2 pat=000 resclass=[ -11802, -5901, 2 ] xT=false
  D4 above=T1 pat=000 resclass=[ 1686, -11802, -7 ] xT=false
  D4 above=T2 pat=000 resclass=[ -11802, -5901, 2 ] xT=false
MEMBER stv 4/3 2 1/2 shape=[ 1, 1, 2, 2 ] tors=[ 4, 4 ] order4=12 norm111=0 xTpass=0
  D4 above=T1 pat=000 resclass=[ 245310, -3774, -65 ] xT=false
  D4 above=T1 pat=000 resclass=[ 245310, -3774, -65 ] xT=false
  D4 above=T3 pat=000 resclass=[ -65, 3, -195 ] xT=false
  D4 above=T2 pat=000 resclass=[ -3774, -1258, 3 ] xT=false
  D4 above=T3 pat=000 resclass=[ -65, 3, -195 ] xT=false
  D4 above=T2 pat=000 resclass=[ -3774, -1258, 3 ] xT=false
  D4 above=T1 pat=000 resclass=[ 245310, -3774, -65 ] xT=false
  D4 above=T1 pat=000 resclass=[ 245310, -3774, -65 ] xT=false
  D4 above=T3 pat=000 resclass=[ -65, 3, -195 ] xT=false
  D4 above=T2 pat=000 resclass=[ -3774, -1258, 3 ] xT=false
  D4 above=T3 pat=000 resclass=[ -65, 3, -195 ] xT=false
  D4 above=T2 pat=000 resclass=[ -3774, -1258, 3 ] xT=false
MEMBER stv 3/2 4/3 3 shape=[ 1, 1, 2, 2 ] tors=[ 4, 4 ] order4=12 norm111=0 xTpass=0
  D4 above=T3 pat=000 resclass=[ 533, 7, 3731 ] xT=false
  D4 above=T3 pat=000 resclass=[ 533, 7, 3731 ] xT=false
  D4 above=T1 pat=000 resclass=[ 44992129, 84413, 533 ] xT=false
  D4 above=T2 pat=000 resclass=[ 84413, 12059, 7 ] xT=false
  D4 above=T1 pat=000 resclass=[ 44992129, 84413, 533 ] xT=false
  D4 above=T2 pat=000 resclass=[ 84413, 12059, 7 ] xT=false
  D4 above=T3 pat=000 resclass=[ 533, 7, 3731 ] xT=false
  D4 above=T3 pat=000 resclass=[ 533, 7, 3731 ] xT=false
  D4 above=T1 pat=000 resclass=[ 44992129, 84413, 533 ] xT=false
  D4 above=T2 pat=000 resclass=[ 84413, 12059, 7 ] xT=false
  D4 above=T1 pat=000 resclass=[ 44992129, 84413, 533 ] xT=false
  D4 above=T2 pat=000 resclass=[ 84413, 12059, 7 ] xT=false
MEMBER stv 2 3/4 1 shape=[ 1, 1, 2, 2 ] tors=[ 4, 4 ] order4=12 norm111=0 xTpass=0
  D4 above=T2 pat=000 resclass=[ -47005, 6715, -7 ] xT=false
  D4 above=T2 pat=000 resclass=[ -47005, 6715, -7 ] xT=false
  D4 above=T3 pat=000 resclass=[ 39, -7, -273 ] xT=false
  D4 above=T1 pat=000 resclass=[ -1833195, -47005, 39 ] xT=false
  D4 above=T3 pat=000 resclass=[ 39, -7, -273 ] xT=false
  D4 above=T1 pat=000 resclass=[ -1833195, -47005, 39 ] xT=false
  D4 above=T2 pat=000 resclass=[ -47005, 6715, -7 ] xT=false
  D4 above=T2 pat=000 resclass=[ -47005, 6715, -7 ] xT=false
  D4 above=T3 pat=000 resclass=[ 39, -7, -273 ] xT=false
  D4 above=T1 pat=000 resclass=[ -1833195, -47005, 39 ] xT=false
  D4 above=T3 pat=000 resclass=[ 39, -7, -273 ] xT=false
  D4 above=T1 pat=000 resclass=[ -1833195, -47005, 39 ] xT=false
MEMBER stv 3 2/3 1/3 shape=[ 1, 1, 2, 2 ] tors=[ 4, 4 ] order4=12 norm111=0 xTpass=0
  D4 above=T3 pat=000 resclass=[ 11, -5, -55 ] xT=false
  D4 above=T3 pat=000 resclass=[ 11, -5, -55 ] xT=false
  D4 above=T1 pat=000 resclass=[ -3410, -310, 11 ] xT=false
  D4 above=T2 pat=000 resclass=[ -310, 62, -5 ] xT=false
  D4 above=T1 pat=000 resclass=[ -3410, -310, 11 ] xT=false
  D4 above=T2 pat=000 resclass=[ -310, 62, -5 ] xT=false
  D4 above=T3 pat=000 resclass=[ 11, -5, -55 ] xT=false
  D4 above=T3 pat=000 resclass=[ 11, -5, -55 ] xT=false
  D4 above=T1 pat=000 resclass=[ -3410, -310, 11 ] xT=false
  D4 above=T2 pat=000 resclass=[ -310, 62, -5 ] xT=false
  D4 above=T1 pat=000 resclass=[ -3410, -310, 11 ] xT=false
  D4 above=T2 pat=000 resclass=[ -310, 62, -5 ] xT=false
MEMBER stv 4 1/3 2 shape=[ 1, 1, 2, 2 ] tors=[ 4, 4 ] order4=12 norm111=0 xTpass=0
  D4 above=T3 pat=000 resclass=[ 77, -2, -154 ] xT=false
  D4 above=T3 pat=000 resclass=[ 77, -2, -154 ] xT=false
  D4 above=T1 pat=000 resclass=[ -56469, -88737, 77 ] xT=false
  D4 above=T2 pat=000 resclass=[ -88737, 177474, -2 ] xT=false
  D4 above=T1 pat=000 resclass=[ -56469, -88737, 77 ] xT=false
  D4 above=T2 pat=000 resclass=[ -88737, 177474, -2 ] xT=false
  D4 above=T3 pat=000 resclass=[ 77, -2, -154 ] xT=false
  D4 above=T3 pat=000 resclass=[ 77, -2, -154 ] xT=false
  D4 above=T1 pat=000 resclass=[ -56469, -88737, 77 ] xT=false
  D4 above=T2 pat=000 resclass=[ -88737, 177474, -2 ] xT=false
  D4 above=T1 pat=000 resclass=[ -56469, -88737, 77 ] xT=false
  D4 above=T2 pat=000 resclass=[ -88737, 177474, -2 ] xT=false
MEMBER stv 1/7 6/5 13/3 shape=[ 1, 1, 2, 2 ] tors=[ 4, 4 ] order4=12 norm111=0 xTpass=0
  D4 above=T1 pat=000 resclass=[ 123145, -163290270, -1326 ] xT=false
  D4 above=T1 pat=000 resclass=[ 123145, -163290270, -1326 ] xT=false
  D4 above=T2 pat=000 resclass=[ -163290270, -14844570, 11 ] xT=false
  D4 above=T3 pat=000 resclass=[ -1326, 11, -14586 ] xT=false
  D4 above=T2 pat=000 resclass=[ -163290270, -14844570, 11 ] xT=false
  D4 above=T3 pat=000 resclass=[ -1326, 11, -14586 ] xT=false
  D4 above=T1 pat=000 resclass=[ 123145, -163290270, -1326 ] xT=false
  D4 above=T1 pat=000 resclass=[ 123145, -163290270, -1326 ] xT=false
  D4 above=T2 pat=000 resclass=[ -163290270, -14844570, 11 ] xT=false
  D4 above=T3 pat=000 resclass=[ -1326, 11, -14586 ] xT=false
  D4 above=T2 pat=000 resclass=[ -163290270, -14844570, 11 ] xT=false
  D4 above=T3 pat=000 resclass=[ -1326, 11, -14586 ] xT=false
MEMBER stv 17/19 6/5 -17/6 shape=[ 1, 1, 2, 2 ] tors=[ 4, 4 ] order4=12 norm111=0 xTpass=0
  D4 above=T1 pat=000 resclass=[ 232331783855402, 2198723506518, 951 ] xT=false
  D4 above=T1 pat=000 resclass=[ 232331783855402, 2198723506518, 951 ] xT=false
  D4 above=T3 pat=000 resclass=[ 951, 11, 10461 ] xT=false
  D4 above=T2 pat=000 resclass=[ 2198723506518, 199883955138, 11 ] xT=false
  D4 above=T3 pat=000 resclass=[ 951, 11, 10461 ] xT=false
  D4 above=T2 pat=000 resclass=[ 2198723506518, 199883955138, 11 ] xT=false
  D4 above=T1 pat=000 resclass=[ 232331783855402, 2198723506518, 951 ] xT=false
  D4 above=T1 pat=000 resclass=[ 232331783855402, 2198723506518, 951 ] xT=false
  D4 above=T3 pat=000 resclass=[ 951, 11, 10461 ] xT=false
  D4 above=T2 pat=000 resclass=[ 2198723506518, 199883955138, 11 ] xT=false
  D4 above=T3 pat=000 resclass=[ 951, 11, 10461 ] xT=false
  D4 above=T2 pat=000 resclass=[ 2198723506518, 199883955138, 11 ] xT=false
MEMBER stv 11/15 7/17 15/2 shape=[ 1, 1, 2, 2 ] tors=[ 4, 4 ] order4=12 norm111=0 xTpass=0
  D4 above=T1 pat=000 resclass=[ 13150519775785678, -4607816642, -2853959 ] xT=false
  D4 above=T1 pat=000 resclass=[ 13150519775785678, -4607816642, -2853959 ] xT=false
  D4 above=T2 pat=000 resclass=[ -4607816642, 69117249630, -15 ] xT=false
  D4 above=T3 pat=000 resclass=[ -2853959, -15, 42809385 ] xT=false
  D4 above=T2 pat=000 resclass=[ -4607816642, 69117249630, -15 ] xT=false
  D4 above=T3 pat=000 resclass=[ -2853959, -15, 42809385 ] xT=false
  D4 above=T1 pat=000 resclass=[ 13150519775785678, -4607816642, -2853959 ] xT=false
  D4 above=T1 pat=000 resclass=[ 13150519775785678, -4607816642, -2853959 ] xT=false
  D4 above=T2 pat=000 resclass=[ -4607816642, 69117249630, -15 ] xT=false
  D4 above=T3 pat=000 resclass=[ -2853959, -15, 42809385 ] xT=false
  D4 above=T2 pat=000 resclass=[ -4607816642, 69117249630, -15 ] xT=false
  D4 above=T3 pat=000 resclass=[ -2853959, -15, 42809385 ] xT=false
MEMBER stv 1 15/16 -9/8 shape=[ 1, 1, 2, 2 ] tors=[ 4, 4 ] order4=12 norm111=0 xTpass=0
  D4 above=T3 pat=000 resclass=[ 287, -31, -8897 ] xT=false
  D4 above=T3 pat=000 resclass=[ 287, -31, -8897 ] xT=false
  D4 above=T1 pat=000 resclass=[ 2283165934, 7955282, 287 ] xT=false
  D4 above=T2 pat=000 resclass=[ 7955282, -256622, -31 ] xT=false
  D4 above=T1 pat=000 resclass=[ 2283165934, 7955282, 287 ] xT=false
  D4 above=T2 pat=000 resclass=[ 7955282, -256622, -31 ] xT=false
  D4 above=T3 pat=000 resclass=[ 287, -31, -8897 ] xT=false
  D4 above=T3 pat=000 resclass=[ 287, -31, -8897 ] xT=false
  D4 above=T1 pat=000 resclass=[ 2283165934, 7955282, 287 ] xT=false
  D4 above=T2 pat=000 resclass=[ 7955282, -256622, -31 ] xT=false
  D4 above=T1 pat=000 resclass=[ 2283165934, 7955282, 287 ] xT=false
  D4 above=T2 pat=000 resclass=[ 7955282, -256622, -31 ] xT=false
PART_DONE part=3
