MEMBER mnv -2 1/4 -4096/2231 shape=[ 1, 1, 2, 2 ] tors=[ 4, 4 ] order4=12 norm111=12 xTpass=0
  D4 above=T1 pat=111 resclass=[ 1, 1, 1 ] xT=false
  D4 above=T1 pat=111 resclass=[ 1, 1, 1 ] xT=false
  D4 above=T2 pat=111 resclass=[ 1, 1, 1 ] xT=false
  D4 above=T3 pat=111 resclass=[ 1, 1, 1 ] xT=false
  D4 above=T2 pat=111 resclass=[ 1, 1, 1 ] xT=false
  D4 above=T3 pat=111 resclass=[ 1, 1, 1 ] xT=false
  D4 above=T1 pat=111 resclass=[ 1, 1, 1 ] xT=false
  D4 above=T1 pat=111 resclass=[ 1, 1, 1 ] xT=false
  D4 above=T2 pat=111 resclass=[ 1, 1, 1 ] xT=false
  D4 above=T3 pat=111 resclass=[ 1, 1, 1 ] xT=false
  D4 above=T2 pat=111 resclass=[ 1, 1, 1 ] xT=false
  D4 above=T3 pat=111 resclass=[ 1, 1, 1 ] xT=false
MEMBER stv 1/4 2 -4 shape=[ 1, 1, 2, 2 ] tors=[ 4, 4 ] order4=12 norm111=0 xTpass=0
  D4 above=T2 pat=000 resclass=[ -195, -65, 3 ] xT=false
  D4 above=T2 pat=000 resclass=[ -195, -65, 3 ] xT=false
  D4 above=T1 pat=000 resclass=[ 165, -195, -143 ] xT=false
  D4 above=T3 pat=000 resclass=[ -143, 3, -429 ] xT=false
  D4 above=T1 pat=000 resclass=[ 165, -195, -143 ] xT=false
  D4 above=T3 pat=000 resclass=[ -143, 3, -429 ] xT=false
  D4 above=T2 pat=000 resclass=[ -195, -65, 3 ] xT=false
  D4 above=T2 pat=000 resclass=[ -195, -65, 3 ] xT=false
  D4 above=T1 pat=000 resclass=[ 165, -195, -143 ] xT=false
  D4 above=T3 pat=000 resclass=[ -143, 3, -429 ] xT=false
  D4 above=T1 pat=000 resclass=[ 165, -195, -143 ] xT=false
  D4 above=T3 pat=000 resclass=[ -143, 3, -429 ] xT=false
MEMBER stv 1/3 3/2 -4/3 shape=[ 1, 1, 2, 2 ] tors=[ 4, 4 ] order4=12 norm111=0 xTpass=0
  D4 above=T1 pat=000 resclass=[ 35836185, -171465, -209 ] xT=false
  D4 above=T1 pat=000 resclass=[ 35836185, -171465, -209 ] xT=false
  D4 above=T2 pat=000 resclass=[ -171465, -34293, 5 ] xT=false
  D4 above=T3 pat=000 resclass=[ -209, 5, -1045 ] xT=false
  D4 above=T2 pat=000 resclass=[ -171465, -34293, 5 ] xT=false
  D4 above=T3 pat=000 resclass=[ -209, 5, -1045 ] xT=false
  D4 above=T1 pat=000 resclass=[ 35836185, -171465, -209 ] xT=false
  D4 above=T1 pat=000 resclass=[ 35836185, -171465, -209 ] xT=false
  D4 above=T2 pat=000 resclass=[ -171465, -34293, 5 ] xT=false
  D4 above=T3 pat=000 resclass=[ -209, 5, -1045 ] xT=false
  D4 above=T2 pat=000 resclass=[ -171465, -34293, 5 ] xT=false
  D4 above=T3 pat=000 resclass=[ -209, 5, -1045 ] xT=false
MEMBER stv 1/2 4/3 -1/2 shape=[ 1, 1, 2, 2 ] tors=[ 4, 4 ] order4=12 norm111=0 xTpass=0
  D4 above=T2 pat=000 resclass=[ -2030, -290, 7 ] xT=false
  D4 above=T2 pat=000 resclass=[ -2030, -290, 7 ] xT=false
  D4 above=T3 pat=000 resclass=[ -115, 7, -805 ] xT=false
  D4 above=T1 pat=000 resclass=[ 9338, -2030, -115 ] xT=false
  D4 above=T3 pat=000 resclass=[ -115, 7, -805 ] xT=false
  D4 above=T1 pat=000 resclass=[ 9338, -2030, -115 ] xT=false
  D4 above=T2 pat=000 resclass=[ -2030, -290, 7 ] xT=false
  D4 above=T2 pat=000 resclass=[ -2030, -290, 7 ] xT=false
  D4 above=T3 pat=000 resclass=[ -115, 7, -805 ] xT=false
  D4 above=T1 pat=000 resclass=[ 9338, -2030, -115 ] xT=false
  D4 above=T3 pat=000 resclass=[ -115, 7, -805 ] xT=false
  D4 above=T1 pat=000 resclass=[ 9338, -2030, -115 ] xT=false
MEMBER stv 2/3 2/3 -3 shape=[ 1, 1, 2, 2 ] tors=[ 4, 4 ] order4=12 norm111=0 xTpass=0
  D4 above=T1 pat=000 resclass=[ 4785, 435, 11 ] xT=false
  D4 above=T1 pat=000 resclass=[ 4785, 435, 11 ] xT=false
  D4 above=T3 pat=000 resclass=[ 11, -5, -55 ] xT=false
  D4 above=T2 pat=000 resclass=[ 435, -87, -5 ] xT=false
  D4 above=T3 pat=000 resclass=[ 11, -5, -55 ] xT=false
  D4 above=T2 pat=000 resclass=[ 435, -87, -5 ] xT=false
  D4 above=T1 pat=000 resclass=[ 4785, 435, 11 ] xT=false
  D4 above=T1 pat=000 resclass=[ 4785, 435, 11 ] xT=false
  D4 above=T3 pat=000 resclass=[ 11, -5, -55 ] xT=false
  D4 above=T2 pat=000 resclass=[ 435, -87, -5 ] xT=false
  D4 above=T3 pat=000 resclass=[ 11, -5, -55 ] xT=false
  D4 above=T2 pat=000 resclass=[ 435, -87, -5 ] xT=false
MEMBER stv 3/4 1/2 -1 INVALID
MEMBER stv 1 1/3 -1/3 shape=[ 1, 1, 2, 2 ] tors=[ 4, 4 ] order4=12 norm111=0 xTpass=0
  D4 above=T3 pat=000 resclass=[ 17, -2, -34 ] xT=false
  D4 above=T3 pat=000 resclass=[ 17, -2, -34 ] xT=false
  D4 above=T1 pat=000 resclass=[ 7854, 462, 17 ] xT=false
  D4 above=T2 pat=000 resclass=[ 462, -231, -2 ] xT=false
  D4 above=T1 pat=000 resclass=[ 7854, 462, 17 ] xT=false
  D4 above=T2 pat=000 resclass=[ 462, -231, -2 ] xT=false
  D4 above=T3 pat=000 resclass=[ 17, -2, -34 ] xT=false
  D4 above=T3 pat=000 resclass=[ 17, -2, -34 ] xT=false
  D4 above=T1 pat=000 resclass=[ 7854, 462, 17 ] xT=false
  D4 above=T2 pat=000 resclass=[ 462, -231, -2 ] xT=false
  D4 above=T1 pat=000 resclass=[ 7854, 462, 17 ] xT=false
  D4 above=T2 pat=000 resclass=[ 462, -231, -2 ] xT=false
MEMBER stv 1 4 -2 shape=[ 1, 1, 2, 2 ] tors=[ 4, 4 ] order4=12 norm111=0 xTpass=0
  D4 above=T1 pat=000 resclass=[ -50295, 14370, -14 ] xT=false
  D4 above=T1 pat=000 resclass=[ -50295, 14370, -14 ] xT=false
  D4 above=T3 pat=000 resclass=[ -14, 15, -210 ] xT=false
  D4 above=T2 pat=000 resclass=[ 14370, 958, 15 ] xT=false
  D4 above=T3 pat=000 resclass=[ -14, 15, -210 ] xT=false
  D4 above=T2 pat=000 resclass=[ 14370, 958, 15 ] xT=false
  D4 above=T1 pat=000 resclass=[ -50295, 14370, -14 ] xT=false
  D4 above=T1 pat=000 resclass=[ -50295, 14370, -14 ] xT=false
  D4 above=T3 pat=000 resclass=[ -14, 15, -210 ] xT=false
  D4 above=T2 pat=000 resclass=[ 14370, 958, 15 ] xT=false
  D4 above=T3 pat=000 resclass=[ -14, 15, -210 ] xT=false
  D4 above=T2 pat=000 resclass=[ 14370, 958, 15 ] xT=false
MEMBER stv 4/3 3 -3/4 shape=[ 1, 1, 2, 2 ] tors=[ 4, 4 ] order4=12 norm111=0 xTpass=0
  D4 above=T1 pat=000 resclass=[ -690, 966, -35 ] xT=false
  D4 above=T1 pat=000 resclass=[ -690, 966, -35 ] xT=false
  D4 above=T2 pat=000 resclass=[ 966, 483, 2 ] xT=false
  D4 above=T3 pat=000 resclass=[ -35, 2, -70 ] xT=false
  D4 above=T2 pat=000 resclass=[ 966, 483, 2 ] xT=false
  D4 above=T3 pat=000 resclass=[ -35, 2, -70 ] xT=false
  D4 above=T1 pat=000 resclass=[ -690, 966, -35 ] xT=false
  D4 above=T1 pat=000 resclass=[ -690, 966, -35 ] xT=false
  D4 above=T2 pat=000 resclass=[ 966, 483, 2 ] xT=false
  D4 above=T3 pat=000 resclass=[ -35, 2, -70 ] xT=false
  D4 above=T2 pat=000 resclass=[ 966, 483, 2 ] xT=false
  D4 above=T3 pat=000 resclass=[ -35, 2, -70 ] xT=false
MEMBER stv 3/2 2 -1/4 shape=[ 1, 1, 2, 2 ] tors=[ 4, 4 ] order4=12 norm111=0 xTpass=0
  D4 above=T2 pat=000 resclass=[ -1155, -385, 3 ] xT=false
  D4 above=T2 pat=000 resclass=[ -1155, -385, 3 ] xT=false
  D4 above=T1 pat=000 resclass=[ 385, -1155, -3 ] xT=false
  D4 above=T3 pat=000 resclass=[ -3, 3, -1 ] xT=false
  D4 above=T1 pat=000 resclass=[ 385, -1155, -3 ] xT=false
  D4 above=T3 pat=000 resclass=[ -3, 3, -1 ] xT=false
  D4 above=T2 pat=000 resclass=[ -1155, -385, 3 ] xT=false
  D4 above=T2 pat=000 resclass=[ -1155, -385, 3 ] xT=false
  D4 above=T1 pat=000 resclass=[ 385, -1155, -3 ] xT=false
  D4 above=T3 pat=000 resclass=[ -3, 3, -1 ] xT=false
  D4 above=T1 pat=000 resclass=[ 385, -1155, -3 ] xT=false
  D4 above=T3 pat=000 resclass=[ -3, 3, -1 ] xT=false
MEMBER stv 2 4/3 -3/2 shape=[ 1, 1, 2, 2 ] tors=[ 4, 4 ] order4=12 norm111=0 xTpass=0
  D4 above=T2 pat=000 resclass=[ -5530, -790, 7 ] xT=false
  D4 above=T2 pat=000 resclass=[ -5530, -790, 7 ] xT=false
  D4 above=T1 pat=000 resclass=[ -60830, -5530, 11 ] xT=false
  D4 above=T3 pat=000 resclass=[ 11, 7, 77 ] xT=false
  D4 above=T1 pat=000 resclass=[ -60830, -5530, 11 ] xT=false
  D4 above=T3 pat=000 resclass=[ 11, 7, 77 ] xT=false
  D4 above=T2 pat=000 resclass=[ -5530, -790, 7 ] xT=false
  D4 above=T2 pat=000 resclass=[ -5530, -790, 7 ] xT=false
  D4 above=T1 pat=000 resclass=[ -60830, -5530, 11 ] xT=false
  D4 above=T3 pat=000 resclass=[ 11, 7, 77 ] xT=false
  D4 above=T1 pat=000 resclass=[ -60830, -5530, 11 ] xT=false
  D4 above=T3 pat=000 resclass=[ 11, 7, 77 ] xT=false
MEMBER stv 3 3/4 -2/3 shape=[ 1, 1, 2, 2 ] tors=[ 4, 4 ] order4=12 norm111=0 xTpass=0
  D4 above=T3 pat=000 resclass=[ 2255, -7, -15785 ] xT=false
  D4 above=T3 pat=000 resclass=[ 2255, -7, -15785 ] xT=false
  D4 above=T2 pat=000 resclass=[ 69405, -9915, -7 ] xT=false
  D4 above=T1 pat=000 resclass=[ 6260331, 69405, 2255 ] xT=false
  D4 above=T2 pat=000 resclass=[ 69405, -9915, -7 ] xT=false
  D4 above=T1 pat=000 resclass=[ 6260331, 69405, 2255 ] xT=false
  D4 above=T3 pat=000 resclass=[ 2255, -7, -15785 ] xT=false
  D4 above=T3 pat=000 resclass=[ 2255, -7, -15785 ] xT=false
  D4 above=T2 pat=000 resclass=[ 69405, -9915, -7 ] xT=false
  D4 above=T1 pat=000 resclass=[ 6260331, 69405, 2255 ] xT=false
  D4 above=T2 pat=000 resclass=[ 69405, -9915, -7 ] xT=false
  D4 above=T1 pat=000 resclass=[ 6260331, 69405, 2255 ] xT=false
MEMBER stv 4 1/2 -4 shape=[ 1, 1, 2, 2 ] tors=[ 4, 4 ] order4=12 norm111=0 xTpass=0
  D4 above=T2 pat=000 resclass=[ 595, -1785, -3 ] xT=false
  D4 above=T2 pat=000 resclass=[ 595, -1785, -3 ] xT=false
  D4 above=T1 pat=000 resclass=[ 146965, 595, 247 ] xT=false
  D4 above=T3 pat=000 resclass=[ 247, -3, -741 ] xT=false
  D4 above=T1 pat=000 resclass=[ 146965, 595, 247 ] xT=false
  D4 above=T3 pat=000 resclass=[ 247, -3, -741 ] xT=false
  D4 above=T2 pat=000 resclass=[ 595, -1785, -3 ] xT=false
  D4 above=T2 pat=000 resclass=[ 595, -1785, -3 ] xT=false
  D4 above=T1 pat=000 resclass=[ 146965, 595, 247 ] xT=false
  D4 above=T3 pat=000 resclass=[ 247, -3, -741 ] xT=false
  D4 above=T1 pat=000 resclass=[ 146965, 595, 247 ] xT=false
  D4 above=T3 pat=000 resclass=[ 247, -3, -741 ] xT=false
MEMBER stv 19/8 7/16 -2 shape=[ 1, 1, 2, 2 ] tors=[ 4, 4 ] order4=12 norm111=0 xTpass=0
  D4 above=T3 pat=000 resclass=[ 326815, -23, -7516745 ] xT=false
  D4 above=T3 pat=000 resclass=[ 326815, -23, -7516745 ] xT=false
  D4 above=T1 pat=000 resclass=[ 35029820685310, 107185474, 326815 ] xT=false
  D4 above=T2 pat=000 resclass=[ 107185474, -4660238, -23 ] xT=false
  D4 above=T1 pat=000 resclass=[ 35029820685310, 107185474, 326815 ] xT=false
  D4 above=T2 pat=000 resclass=[ 107185474, -4660238, -23 ] xT=false
  D4 above=T3 pat=000 resclass=[ 326815, -23, -7516745 ] xT=false
  D4 above=T3 pat=000 resclass=[ 326815, -23, -7516745 ] xT=false
  D4 above=T1 pat=000 resclass=[ 35029820685310, 107185474, 326815 ] xT=false
  D4 above=T2 pat=000 resclass=[ 107185474, -4660238, -23 ] xT=false
  D4 above=T1 pat=000 resclass=[ 35029820685310, 107185474, 326815 ] xT=false
  D4 above=T2 pat=000 resclass=[ 107185474, -4660238, -23 ] xT=false
MEMBER stv 14/13 19/7 20/9 shape=[ 1, 1, 2, 2 ] tors=[ 4, 4 ] order4=12 norm111=0 xTpass=0
  D4 above=T3 pat=000 resclass=[ -3995135, 78, -311620530 ] xT=false
  D4 above=T3 pat=000 resclass=[ -3995135, 78, -311620530 ] xT=false
  D4 above=T1 pat=000 resclass=[ 124666126919615449974, -780112104594810, -3995135 ] xT=false
  D4 above=T2 pat=000 resclass=[ -780112104594810, -10001437238395, 78 ] xT=false
  D4 above=T1 pat=000 resclass=[ 124666126919615449974, -780112104594810, -3995135 ] xT=false
  D4 above=T2 pat=000 resclass=[ -780112104594810, -10001437238395, 78 ] xT=false
  D4 above=T3 pat=000 resclass=[ -3995135, 78, -311620530 ] xT=false
  D4 above=T3 pat=000 resclass=[ -3995135, 78, -311620530 ] xT=false
  D4 above=T1 pat=000 resclass=[ 124666126919615449974, -780112104594810, -3995135 ] xT=false
  D4 above=T2 pat=000 resclass=[ -780112104594810, -10001437238395, 78 ] xT=false
  D4 above=T1 pat=000 resclass=[ 124666126919615449974, -780112104594810, -3995135 ] xT=false
  D4 above=T2 pat=000 resclass=[ -780112104594810, -10001437238395, 78 ] xT=false
MEMBER stv 10/9 10/3 2 shape=[ 1, 1, 2, 2 ] tors=[ 4, 4 ] order4=12 norm111=0 xTpass=0
  D4 above=T2 pat=000 resclass=[ -101823722, -1118942, 91 ] xT=false
  D4 above=T2 pat=000 resclass=[ -101823722, -1118942, 91 ] xT=false
  D4 above=T3 pat=000 resclass=[ -101, 91, -9191 ] xT=false
  D4 above=T1 pat=000 resclass=[ 10284195922, -101823722, -101 ] xT=false
  D4 above=T3 pat=000 resclass=[ -101, 91, -9191 ] xT=false
  D4 above=T1 pat=000 resclass=[ 10284195922, -101823722, -101 ] xT=false
  D4 above=T2 pat=000 resclass=[ -101823722, -1118942, 91 ] xT=false
  D4 above=T2 pat=000 resclass=[ -101823722, -1118942, 91 ] xT=false
  D4 above=T3 pat=000 resclass=[ -101, 91, -9191 ] xT=false
  D4 above=T1 pat=000 resclass=[ 10284195922, -101823722, -101 ] xT=false
  D4 above=T3 pat=000 resclass=[ -101, 91, -9191 ] xT=false
  D4 above=T1 pat=000 resclass=[ 10284195922, -101823722, -101 ] xT=false
PART_DONE part=30
