MEMBER mnv -2 1/4 16384/269951 shape=[ 1, 1, 2, 2 ] tors=[ 4, 4 ] order4=12 norm111=12 xTpass=0
  D4 above=T3 pat=111 resclass=[ 1, 1, 1 ] xT=false
  D4 above=T3 pat=111 resclass=[ 1, 1, 1 ] xT=false
  D4 above=T2 pat=111 resclass=[ 1, 1, 1 ] xT=false
  D4 above=T1 pat=111 resclass=[ 1, 1, 1 ] xT=false
  D4 above=T2 pat=111 resclass=[ 1, 1, 1 ] xT=false
  D4 above=T1 pat=111 resclass=[ 1, 1, 1 ] xT=false
  D4 above=T3 pat=111 resclass=[ 1, 1, 1 ] xT=false
  D4 above=T3 pat=111 resclass=[ 1, 1, 1 ] xT=false
  D4 above=T2 pat=111 resclass=[ 1, 1, 1 ] xT=false
  D4 above=T1 pat=111 resclass=[ 1, 1, 1 ] xT=false
  D4 above=T2 pat=111 resclass=[ 1, 1, 1 ] xT=false
  D4 above=T1 pat=111 resclass=[ 1, 1, 1 ] xT=false
MEMBER stv 1/4 3 1/4 shape=[ 1, 1, 2, 2 ] tors=[ 4, 4 ] order4=12 norm111=0 xTpass=0
  D4 above=T1 pat=000 resclass=[ 144560130, -141310, -1023 ] xT=false
  D4 above=T1 pat=000 resclass=[ 144560130, -141310, -1023 ] xT=false
  D4 above=T3 pat=000 resclass=[ -1023, 2, -2046 ] xT=false
  D4 above=T2 pat=000 resclass=[ -141310, -70655, 2 ] xT=false
  D4 above=T3 pat=000 resclass=[ -1023, 2, -2046 ] xT=false
  D4 above=T2 pat=000 resclass=[ -141310, -70655, 2 ] xT=false
  D4 above=T1 pat=000 resclass=[ 144560130, -141310, -1023 ] xT=false
  D4 above=T1 pat=000 resclass=[ 144560130, -141310, -1023 ] xT=false
  D4 above=T3 pat=000 resclass=[ -1023, 2, -2046 ] xT=false
  D4 above=T2 pat=000 resclass=[ -141310, -70655, 2 ] xT=false
  D4 above=T3 pat=000 resclass=[ -1023, 2, -2046 ] xT=false
  D4 above=T2 pat=000 resclass=[ -141310, -70655, 2 ] xT=false
MEMBER stv 1/3 3/2 3/2 shape=[ 1, 1, 2, 2 ] tors=[ 4, 4 ] order4=12 norm111=0 xTpass=0
  D4 above=T3 pat=000 resclass=[ -209, 5, -1045 ] xT=false
  D4 above=T3 pat=000 resclass=[ -209, 5, -1045 ] xT=false
  D4 above=T1 pat=000 resclass=[ 12859770, -61530, -209 ] xT=false
  D4 above=T2 pat=000 resclass=[ -61530, -12306, 5 ] xT=false
  D4 above=T1 pat=000 resclass=[ 12859770, -61530, -209 ] xT=false
  D4 above=T2 pat=000 resclass=[ -61530, -12306, 5 ] xT=false
  D4 above=T3 pat=000 resclass=[ -209, 5, -1045 ] xT=false
  D4 above=T3 pat=000 resclass=[ -209, 5, -1045 ] xT=false
  D4 above=T1 pat=000 resclass=[ 12859770, -61530, -209 ] xT=false
  D4 above=T2 pat=000 resclass=[ -61530, -12306, 5 ] xT=false
  D4 above=T1 pat=000 resclass=[ 12859770, -61530, -209 ] xT=false
  D4 above=T2 pat=000 resclass=[ -61530, -12306, 5 ] xT=false
MEMBER stv 1/2 4/3 2/3 shape=[ 1, 1, 2, 2 ] tors=[ 4, 4 ] order4=12 norm111=0 xTpass=0
  D4 above=T2 pat=000 resclass=[ 714, 102, 7 ] xT=false
  D4 above=T2 pat=000 resclass=[ 714, 102, 7 ] xT=false
  D4 above=T1 pat=000 resclass=[ -82110, 714, -115 ] xT=false
  D4 above=T3 pat=000 resclass=[ -115, 7, -805 ] xT=false
  D4 above=T1 pat=000 resclass=[ -82110, 714, -115 ] xT=false
  D4 above=T3 pat=000 resclass=[ -115, 7, -805 ] xT=false
  D4 above=T2 pat=000 resclass=[ 714, 102, 7 ] xT=false
  D4 above=T2 pat=000 resclass=[ 714, 102, 7 ] xT=false
  D4 above=T1 pat=000 resclass=[ -82110, 714, -115 ] xT=false
  D4 above=T3 pat=000 resclass=[ -115, 7, -805 ] xT=false
  D4 above=T1 pat=000 resclass=[ -82110, 714, -115 ] xT=false
  D4 above=T3 pat=000 resclass=[ -115, 7, -805 ] xT=false
MEMBER stv 2/3 2/3 4 shape=[ 1, 1, 2, 2 ] tors=[ 4, 4 ] order4=12 norm111=0 xTpass=0
  D4 above=T1 pat=000 resclass=[ -671, -61, 11 ] xT=false
  D4 above=T1 pat=000 resclass=[ -671, -61, 11 ] xT=false
  D4 above=T3 pat=000 resclass=[ 11, -5, -55 ] xT=false
  D4 above=T2 pat=000 resclass=[ -61, 305, -5 ] xT=false
  D4 above=T3 pat=000 resclass=[ 11, -5, -55 ] xT=false
  D4 above=T2 pat=000 resclass=[ -61, 305, -5 ] xT=false
  D4 above=T1 pat=000 resclass=[ -671, -61, 11 ] xT=false
  D4 above=T1 pat=000 resclass=[ -671, -61, 11 ] xT=false
  D4 above=T3 pat=000 resclass=[ 11, -5, -55 ] xT=false
  D4 above=T2 pat=000 resclass=[ -61, 305, -5 ] xT=false
  D4 above=T3 pat=000 resclass=[ 11, -5, -55 ] xT=false
  D4 above=T2 pat=000 resclass=[ -61, 305, -5 ] xT=false
MEMBER stv 3/4 1/2 4/3 INVALID
MEMBER stv 1 1/3 1/2 shape=[ 1, 1, 2, 2 ] tors=[ 4, 4 ] order4=12 norm111=0 xTpass=0
  D4 above=T1 pat=000 resclass=[ -12801, -753, 17 ] xT=false
  D4 above=T1 pat=000 resclass=[ -12801, -753, 17 ] xT=false
  D4 above=T2 pat=000 resclass=[ -753, 1506, -2 ] xT=false
  D4 above=T3 pat=000 resclass=[ 17, -2, -34 ] xT=false
  D4 above=T2 pat=000 resclass=[ -753, 1506, -2 ] xT=false
  D4 above=T3 pat=000 resclass=[ 17, -2, -34 ] xT=false
  D4 above=T1 pat=000 resclass=[ -12801, -753, 17 ] xT=false
  D4 above=T1 pat=000 resclass=[ -12801, -753, 17 ] xT=false
  D4 above=T2 pat=000 resclass=[ -753, 1506, -2 ] xT=false
  D4 above=T3 pat=000 resclass=[ 17, -2, -34 ] xT=false
  D4 above=T2 pat=000 resclass=[ -753, 1506, -2 ] xT=false
  D4 above=T3 pat=000 resclass=[ 17, -2, -34 ] xT=false
MEMBER stv 1 4 3 shape=[ 1, 1, 2, 2 ] tors=[ 4, 4 ] order4=12 norm111=0 xTpass=0
  D4 above=T2 pat=000 resclass=[ -895, -537, 15 ] xT=false
  D4 above=T2 pat=000 resclass=[ -895, -537, 15 ] xT=false
  D4 above=T3 pat=000 resclass=[ -14, 15, -210 ] xT=false
  D4 above=T1 pat=000 resclass=[ 12530, -895, -14 ] xT=false
  D4 above=T3 pat=000 resclass=[ -14, 15, -210 ] xT=false
  D4 above=T1 pat=000 resclass=[ 12530, -895, -14 ] xT=false
  D4 above=T2 pat=000 resclass=[ -895, -537, 15 ] xT=false
  D4 above=T2 pat=000 resclass=[ -895, -537, 15 ] xT=false
  D4 above=T3 pat=000 resclass=[ -14, 15, -210 ] xT=false
  D4 above=T1 pat=000 resclass=[ 12530, -895, -14 ] xT=false
  D4 above=T3 pat=000 resclass=[ -14, 15, -210 ] xT=false
  D4 above=T1 pat=000 resclass=[ 12530, -895, -14 ] xT=false
MEMBER stv 4/3 3 1 shape=[ 1, 1, 2, 2 ] tors=[ 4, 4 ] order4=12 norm111=0 xTpass=0
  D4 above=T2 pat=000 resclass=[ -1246, -623, 2 ] xT=false
  D4 above=T2 pat=000 resclass=[ -1246, -623, 2 ] xT=false
  D4 above=T3 pat=000 resclass=[ -35, 2, -70 ] xT=false
  D4 above=T1 pat=000 resclass=[ 890, -1246, -35 ] xT=false
  D4 above=T3 pat=000 resclass=[ -35, 2, -70 ] xT=false
  D4 above=T1 pat=000 resclass=[ 890, -1246, -35 ] xT=false
  D4 above=T2 pat=000 resclass=[ -1246, -623, 2 ] xT=false
  D4 above=T2 pat=000 resclass=[ -1246, -623, 2 ] xT=false
  D4 above=T3 pat=000 resclass=[ -35, 2, -70 ] xT=false
  D4 above=T1 pat=000 resclass=[ 890, -1246, -35 ] xT=false
  D4 above=T3 pat=000 resclass=[ -35, 2, -70 ] xT=false
  D4 above=T1 pat=000 resclass=[ 890, -1246, -35 ] xT=false
MEMBER stv 3/2 2 1/3 shape=[ 1, 1, 2, 2 ] tors=[ 4, 4 ] order4=12 norm111=0 xTpass=0
  D4 above=T1 pat=000 resclass=[ 21, -7, -3 ] xT=false
  D4 above=T1 pat=000 resclass=[ 21, -7, -3 ] xT=false
  D4 above=T2 pat=000 resclass=[ -7, -21, 3 ] xT=false
  D4 above=T3 pat=000 resclass=[ -3, 3, -1 ] xT=false
  D4 above=T2 pat=000 resclass=[ -7, -21, 3 ] xT=false
  D4 above=T3 pat=000 resclass=[ -3, 3, -1 ] xT=false
  D4 above=T1 pat=000 resclass=[ 21, -7, -3 ] xT=false
  D4 above=T1 pat=000 resclass=[ 21, -7, -3 ] xT=false
  D4 above=T2 pat=000 resclass=[ -7, -21, 3 ] xT=false
  D4 above=T3 pat=000 resclass=[ -3, 3, -1 ] xT=false
  D4 above=T2 pat=000 resclass=[ -7, -21, 3 ] xT=false
  D4 above=T3 pat=000 resclass=[ -3, 3, -1 ] xT=false
MEMBER stv 2 4/3 2 shape=[ 1, 1, 2, 2 ] tors=[ 4, 4 ] order4=12 norm111=0 xTpass=0
  D4 above=T3 pat=000 resclass=[ 11, 7, 77 ] xT=false
  D4 above=T3 pat=000 resclass=[ 11, 7, 77 ] xT=false
  D4 above=T2 pat=000 resclass=[ 7070, 1010, 7 ] xT=false
  D4 above=T1 pat=000 resclass=[ 77770, 7070, 11 ] xT=false
  D4 above=T2 pat=000 resclass=[ 7070, 1010, 7 ] xT=false
  D4 above=T1 pat=000 resclass=[ 77770, 7070, 11 ] xT=false
  D4 above=T3 pat=000 resclass=[ 11, 7, 77 ] xT=false
  D4 above=T3 pat=000 resclass=[ 11, 7, 77 ] xT=false
  D4 above=T2 pat=000 resclass=[ 7070, 1010, 7 ] xT=false
  D4 above=T1 pat=000 resclass=[ 77770, 7070, 11 ] xT=false
  D4 above=T2 pat=000 resclass=[ 7070, 1010, 7 ] xT=false
  D4 above=T1 pat=000 resclass=[ 77770, 7070, 11 ] xT=false
MEMBER stv 3 3/4 3/4 shape=[ 1, 1, 2, 2 ] tors=[ 4, 4 ] order4=12 norm111=0 xTpass=0
  D4 above=T2 pat=000 resclass=[ -8463, 1209, -7 ] xT=false
  D4 above=T2 pat=000 resclass=[ -8463, 1209, -7 ] xT=false
  D4 above=T3 pat=000 resclass=[ 2255, -7, -15785 ] xT=false
  D4 above=T1 pat=000 resclass=[ -19084065, -8463, 2255 ] xT=false
  D4 above=T3 pat=000 resclass=[ 2255, -7, -15785 ] xT=false
  D4 above=T1 pat=000 resclass=[ -19084065, -8463, 2255 ] xT=false
  D4 above=T2 pat=000 resclass=[ -8463, 1209, -7 ] xT=false
  D4 above=T2 pat=000 resclass=[ -8463, 1209, -7 ] xT=false
  D4 above=T3 pat=000 resclass=[ 2255, -7, -15785 ] xT=false
  D4 above=T1 pat=000 resclass=[ -19084065, -8463, 2255 ] xT=false
  D4 above=T3 pat=000 resclass=[ 2255, -7, -15785 ] xT=false
  D4 above=T1 pat=000 resclass=[ -19084065, -8463, 2255 ] xT=false
MEMBER stv 4 2/3 1/4 shape=[ 1, 1, 2, 2 ] tors=[ 4, 4 ] order4=12 norm111=0 xTpass=0
  D4 above=T2 pat=000 resclass=[ -410, 82, -5 ] xT=false
  D4 above=T2 pat=000 resclass=[ -410, 82, -5 ] xT=false
  D4 above=T3 pat=000 resclass=[ 1271, -5, -6355 ] xT=false
  D4 above=T1 pat=000 resclass=[ -310, -410, 1271 ] xT=false
  D4 above=T3 pat=000 resclass=[ 1271, -5, -6355 ] xT=false
  D4 above=T1 pat=000 resclass=[ -310, -410, 1271 ] xT=false
  D4 above=T2 pat=000 resclass=[ -410, 82, -5 ] xT=false
  D4 above=T2 pat=000 resclass=[ -410, 82, -5 ] xT=false
  D4 above=T3 pat=000 resclass=[ 1271, -5, -6355 ] xT=false
  D4 above=T1 pat=000 resclass=[ -310, -410, 1271 ] xT=false
  D4 above=T3 pat=000 resclass=[ 1271, -5, -6355 ] xT=false
  D4 above=T1 pat=000 resclass=[ -310, -410, 1271 ] xT=false
MEMBER stv 13/9 9 -13/15 shape=[ 1, 1, 2, 2 ] tors=[ 4, 4 ] order4=12 norm111=0 xTpass=0
  D4 above=T1 pat=000 resclass=[ -33851690589849951, 65321624121, -518231 ] xT=false
  D4 above=T1 pat=000 resclass=[ -33851690589849951, 65321624121, -518231 ] xT=false
  D4 above=T2 pat=000 resclass=[ 65321624121, 326608120605, 5 ] xT=false
  D4 above=T3 pat=000 resclass=[ -518231, 5, -2591155 ] xT=false
  D4 above=T2 pat=000 resclass=[ 65321624121, 326608120605, 5 ] xT=false
  D4 above=T3 pat=000 resclass=[ -518231, 5, -2591155 ] xT=false
  D4 above=T1 pat=000 resclass=[ -33851690589849951, 65321624121, -518231 ] xT=false
  D4 above=T1 pat=000 resclass=[ -33851690589849951, 65321624121, -518231 ] xT=false
  D4 above=T2 pat=000 resclass=[ 65321624121, 326608120605, 5 ] xT=false
  D4 above=T3 pat=000 resclass=[ -518231, 5, -2591155 ] xT=false
  D4 above=T2 pat=000 resclass=[ 65321624121, 326608120605, 5 ] xT=false
  D4 above=T3 pat=000 resclass=[ -518231, 5, -2591155 ] xT=false
MEMBER stv 15/11 1/13 1/2 shape=[ 1, 1, 2, 2 ] tors=[ 4, 4 ] order4=12 norm111=0 xTpass=0
  D4 above=T1 pat=000 resclass=[ -4870023360082405, -131004995205, 334569 ] xT=false
  D4 above=T1 pat=000 resclass=[ -4870023360082405, -131004995205, 334569 ] xT=false
  D4 above=T3 pat=000 resclass=[ 334569, -42, -1561322 ] xT=false
  D4 above=T2 pat=000 resclass=[ -131004995205, 12476666210, -42 ] xT=false
  D4 above=T3 pat=000 resclass=[ 334569, -42, -1561322 ] xT=false
  D4 above=T2 pat=000 resclass=[ -131004995205, 12476666210, -42 ] xT=false
  D4 above=T1 pat=000 resclass=[ -4870023360082405, -131004995205, 334569 ] xT=false
  D4 above=T1 pat=000 resclass=[ -4870023360082405, -131004995205, 334569 ] xT=false
  D4 above=T3 pat=000 resclass=[ 334569, -42, -1561322 ] xT=false
  D4 above=T2 pat=000 resclass=[ -131004995205, 12476666210, -42 ] xT=false
  D4 above=T3 pat=000 resclass=[ 334569, -42, -1561322 ] xT=false
  D4 above=T2 pat=000 resclass=[ -131004995205, 12476666210, -42 ] xT=false
MEMBER stv 8/19 9/4 8/3 shape=[ 1, 1, 2, 2 ] tors=[ 4, 4 ] order4=12 norm111=0 xTpass=0
  D4 above=T3 pat=000 resclass=[ -167649, 65, -10897185 ] xT=false
  D4 above=T3 pat=000 resclass=[ -167649, 65, -10897185 ] xT=false
  D4 above=T2 pat=000 resclass=[ -920447385, -14160729, 65 ] xT=false
  D4 above=T1 pat=000 resclass=[ 20387380585, -920447385, -167649 ] xT=false
  D4 above=T2 pat=000 resclass=[ -920447385, -14160729, 65 ] xT=false
  D4 above=T1 pat=000 resclass=[ 20387380585, -920447385, -167649 ] xT=false
  D4 above=T3 pat=000 resclass=[ -167649, 65, -10897185 ] xT=false
  D4 above=T3 pat=000 resclass=[ -167649, 65, -10897185 ] xT=false
  D4 above=T2 pat=000 resclass=[ -920447385, -14160729, 65 ] xT=false
  D4 above=T1 pat=000 resclass=[ 20387380585, -920447385, -167649 ] xT=false
  D4 above=T2 pat=000 resclass=[ -920447385, -14160729, 65 ] xT=false
  D4 above=T1 pat=000 resclass=[ 20387380585, -920447385, -167649 ] xT=false
PART_DONE part=31
