MEMBER mnv -2 1/4 -1982464/21049 shape=[ 1, 1, 2, 2 ] tors=[ 4, 4 ] order4=12 norm111=12 xTpass=0
  D4 above=T3 pat=111 resclass=[ 1, 1, 1 ] xT=false
  D4 above=T3 pat=111 resclass=[ 1, 1, 1 ] xT=false
  D4 above=T2 pat=111 resclass=[ 1, 1, 1 ] xT=false
  D4 above=T1 pat=111 resclass=[ 1, 1, 1 ] xT=false
  D4 above=T2 pat=111 resclass=[ 1, 1, 1 ] xT=false
  D4 above=T1 pat=111 resclass=[ 1, 1, 1 ] xT=false
  D4 above=T3 pat=111 resclass=[ 1, 1, 1 ] xT=false
  D4 above=T3 pat=111 resclass=[ 1, 1, 1 ] xT=false
  D4 above=T2 pat=111 resclass=[ 1, 1, 1 ] xT=false
  D4 above=T1 pat=111 resclass=[ 1, 1, 1 ] xT=false
  D4 above=T2 pat=111 resclass=[ 1, 1, 1 ] xT=false
  D4 above=T1 pat=111 resclass=[ 1, 1, 1 ] xT=false
MEMBER stv 1/4 3 -1/4 shape=[ 1, 1, 2, 2 ] tors=[ 4, 4 ] order4=12 norm111=0 xTpass=0
  D4 above=T2 pat=000 resclass=[ -210, -105, 2 ] xT=false
  D4 above=T2 pat=000 resclass=[ -210, -105, 2 ] xT=false
  D4 above=T1 pat=000 resclass=[ 23870, -210, -1023 ] xT=false
  D4 above=T3 pat=000 resclass=[ -1023, 2, -2046 ] xT=false
  D4 above=T1 pat=000 resclass=[ 23870, -210, -1023 ] xT=false
  D4 above=T3 pat=000 resclass=[ -1023, 2, -2046 ] xT=false
  D4 above=T2 pat=000 resclass=[ -210, -105, 2 ] xT=false
  D4 above=T2 pat=000 resclass=[ -210, -105, 2 ] xT=false
  D4 above=T1 pat=000 resclass=[ 23870, -210, -1023 ] xT=false
  D4 above=T3 pat=000 resclass=[ -1023, 2, -2046 ] xT=false
  D4 above=T1 pat=000 resclass=[ 23870, -210, -1023 ] xT=false
  D4 above=T3 pat=000 resclass=[ -1023, 2, -2046 ] xT=false
MEMBER stv 1/3 3/2 -3/2 shape=[ 1, 1, 2, 2 ] tors=[ 4, 4 ] order4=12 norm111=0 xTpass=0
  D4 above=T2 pat=000 resclass=[ -2910, -582, 5 ] xT=false
  D4 above=T2 pat=000 resclass=[ -2910, -582, 5 ] xT=false
  D4 above=T3 pat=000 resclass=[ -209, 5, -1045 ] xT=false
  D4 above=T1 pat=000 resclass=[ 608190, -2910, -209 ] xT=false
  D4 above=T3 pat=000 resclass=[ -209, 5, -1045 ] xT=false
  D4 above=T1 pat=000 resclass=[ 608190, -2910, -209 ] xT=false
  D4 above=T2 pat=000 resclass=[ -2910, -582, 5 ] xT=false
  D4 above=T2 pat=000 resclass=[ -2910, -582, 5 ] xT=false
  D4 above=T3 pat=000 resclass=[ -209, 5, -1045 ] xT=false
  D4 above=T1 pat=000 resclass=[ 608190, -2910, -209 ] xT=false
  D4 above=T3 pat=000 resclass=[ -209, 5, -1045 ] xT=false
  D4 above=T1 pat=000 resclass=[ 608190, -2910, -209 ] xT=false
MEMBER stv 1/2 4/3 -2/3 shape=[ 1, 1, 2, 2 ] tors=[ 4, 4 ] order4=12 norm111=0 xTpass=0
  D4 above=T3 pat=000 resclass=[ -115, 7, -805 ] xT=false
  D4 above=T3 pat=000 resclass=[ -115, 7, -805 ] xT=false
  D4 above=T2 pat=000 resclass=[ -179130, -25590, 7 ] xT=false
  D4 above=T1 pat=000 resclass=[ 823998, -179130, -115 ] xT=false
  D4 above=T2 pat=000 resclass=[ -179130, -25590, 7 ] xT=false
  D4 above=T1 pat=000 resclass=[ 823998, -179130, -115 ] xT=false
  D4 above=T3 pat=000 resclass=[ -115, 7, -805 ] xT=false
  D4 above=T3 pat=000 resclass=[ -115, 7, -805 ] xT=false
  D4 above=T2 pat=000 resclass=[ -179130, -25590, 7 ] xT=false
  D4 above=T1 pat=000 resclass=[ 823998, -179130, -115 ] xT=false
  D4 above=T2 pat=000 resclass=[ -179130, -25590, 7 ] xT=false
  D4 above=T1 pat=000 resclass=[ 823998, -179130, -115 ] xT=false
MEMBER stv 2/3 2/3 -4 shape=[ 1, 1, 2, 2 ] tors=[ 4, 4 ] order4=12 norm111=0 xTpass=0
  D4 above=T1 pat=000 resclass=[ 455, 5005, 11 ] xT=false
  D4 above=T1 pat=000 resclass=[ 455, 5005, 11 ] xT=false
  D4 above=T3 pat=000 resclass=[ 11, -5, -55 ] xT=false
  D4 above=T2 pat=000 resclass=[ 5005, -1001, -5 ] xT=false
  D4 above=T3 pat=000 resclass=[ 11, -5, -55 ] xT=false
  D4 above=T2 pat=000 resclass=[ 5005, -1001, -5 ] xT=false
  D4 above=T1 pat=000 resclass=[ 455, 5005, 11 ] xT=false
  D4 above=T1 pat=000 resclass=[ 455, 5005, 11 ] xT=false
  D4 above=T3 pat=000 resclass=[ 11, -5, -55 ] xT=false
  D4 above=T2 pat=000 resclass=[ 5005, -1001, -5 ] xT=false
  D4 above=T3 pat=000 resclass=[ 11, -5, -55 ] xT=false
  D4 above=T2 pat=000 resclass=[ 5005, -1001, -5 ] xT=false
MEMBER stv 3/4 1/2 -4/3 INVALID
MEMBER stv 1 1/3 -1/2 shape=[ 1, 1, 2, 2 ] tors=[ 4, 4 ] order4=12 norm111=0 xTpass=0
  D4 above=T1 pat=000 resclass=[ 1241, 73, 17 ] xT=false
  D4 above=T1 pat=000 resclass=[ 1241, 73, 17 ] xT=false
  D4 above=T3 pat=000 resclass=[ 17, -2, -34 ] xT=false
  D4 above=T2 pat=000 resclass=[ 73, -146, -2 ] xT=false
  D4 above=T3 pat=000 resclass=[ 17, -2, -34 ] xT=false
  D4 above=T2 pat=000 resclass=[ 73, -146, -2 ] xT=false
  D4 above=T1 pat=000 resclass=[ 1241, 73, 17 ] xT=false
  D4 above=T1 pat=000 resclass=[ 1241, 73, 17 ] xT=false
  D4 above=T3 pat=000 resclass=[ 17, -2, -34 ] xT=false
  D4 above=T2 pat=000 resclass=[ 73, -146, -2 ] xT=false
  D4 above=T3 pat=000 resclass=[ 17, -2, -34 ] xT=false
  D4 above=T2 pat=000 resclass=[ 73, -146, -2 ] xT=false
MEMBER stv 1 4 -3 shape=[ 1, 1, 2, 2 ] tors=[ 4, 4 ] order4=12 norm111=0 xTpass=0
  D4 above=T1 pat=000 resclass=[ -25130, 1795, -14 ] xT=false
  D4 above=T1 pat=000 resclass=[ -25130, 1795, -14 ] xT=false
  D4 above=T2 pat=000 resclass=[ 1795, 1077, 15 ] xT=false
  D4 above=T3 pat=000 resclass=[ -14, 15, -210 ] xT=false
  D4 above=T2 pat=000 resclass=[ 1795, 1077, 15 ] xT=false
  D4 above=T3 pat=000 resclass=[ -14, 15, -210 ] xT=false
  D4 above=T1 pat=000 resclass=[ -25130, 1795, -14 ] xT=false
  D4 above=T1 pat=000 resclass=[ -25130, 1795, -14 ] xT=false
  D4 above=T2 pat=000 resclass=[ 1795, 1077, 15 ] xT=false
  D4 above=T3 pat=000 resclass=[ -14, 15, -210 ] xT=false
  D4 above=T2 pat=000 resclass=[ 1795, 1077, 15 ] xT=false
  D4 above=T3 pat=000 resclass=[ -14, 15, -210 ] xT=false
MEMBER stv 4/3 3 -1 shape=[ 1, 1, 2, 2 ] tors=[ 4, 4 ] order4=12 norm111=0 xTpass=0
  D4 above=T1 pat=000 resclass=[ -6410, 8974, -35 ] xT=false
  D4 above=T1 pat=000 resclass=[ -6410, 8974, -35 ] xT=false
  D4 above=T3 pat=000 resclass=[ -35, 2, -70 ] xT=false
  D4 above=T2 pat=000 resclass=[ 8974, 4487, 2 ] xT=false
  D4 above=T3 pat=000 resclass=[ -35, 2, -70 ] xT=false
  D4 above=T2 pat=000 resclass=[ 8974, 4487, 2 ] xT=false
  D4 above=T1 pat=000 resclass=[ -6410, 8974, -35 ] xT=false
  D4 above=T1 pat=000 resclass=[ -6410, 8974, -35 ] xT=false
  D4 above=T3 pat=000 resclass=[ -35, 2, -70 ] xT=false
  D4 above=T2 pat=000 resclass=[ 8974, 4487, 2 ] xT=false
  D4 above=T3 pat=000 resclass=[ -35, 2, -70 ] xT=false
  D4 above=T2 pat=000 resclass=[ 8974, 4487, 2 ] xT=false
MEMBER stv 3/2 2 -1/3 shape=[ 1, 1, 2, 2 ] tors=[ 4, 4 ] order4=12 norm111=0 xTpass=0
  D4 above=T1 pat=000 resclass=[ 51, -17, -3 ] xT=false
  D4 above=T1 pat=000 resclass=[ 51, -17, -3 ] xT=false
  D4 above=T2 pat=000 resclass=[ -17, -51, 3 ] xT=false
  D4 above=T3 pat=000 resclass=[ -3, 3, -1 ] xT=false
  D4 above=T2 pat=000 resclass=[ -17, -51, 3 ] xT=false
  D4 above=T3 pat=000 resclass=[ -3, 3, -1 ] xT=false
  D4 above=T1 pat=000 resclass=[ 51, -17, -3 ] xT=false
  D4 above=T1 pat=000 resclass=[ 51, -17, -3 ] xT=false
  D4 above=T2 pat=000 resclass=[ -17, -51, 3 ] xT=false
  D4 above=T3 pat=000 resclass=[ -3, 3, -1 ] xT=false
  D4 above=T2 pat=000 resclass=[ -17, -51, 3 ] xT=false
  D4 above=T3 pat=000 resclass=[ -3, 3, -1 ] xT=false
MEMBER stv 2 4/3 -2 shape=[ 1, 1, 2, 2 ] tors=[ 4, 4 ] order4=12 norm111=0 xTpass=0
  D4 above=T2 pat=000 resclass=[ -14, -2, 7 ] xT=false
  D4 above=T2 pat=000 resclass=[ -14, -2, 7 ] xT=false
  D4 above=T3 pat=000 resclass=[ 11, 7, 77 ] xT=false
  D4 above=T1 pat=000 resclass=[ -154, -14, 11 ] xT=false
  D4 above=T3 pat=000 resclass=[ 11, 7, 77 ] xT=false
  D4 above=T1 pat=000 resclass=[ -154, -14, 11 ] xT=false
  D4 above=T2 pat=000 resclass=[ -14, -2, 7 ] xT=false
  D4 above=T2 pat=000 resclass=[ -14, -2, 7 ] xT=false
  D4 above=T3 pat=000 resclass=[ 11, 7, 77 ] xT=false
  D4 above=T1 pat=000 resclass=[ -154, -14, 11 ] xT=false
  D4 above=T3 pat=000 resclass=[ 11, 7, 77 ] xT=false
  D4 above=T1 pat=000 resclass=[ -154, -14, 11 ] xT=false
MEMBER stv 3 3/4 -3/4 shape=[ 1, 1, 2, 2 ] tors=[ 4, 4 ] order4=12 norm111=0 xTpass=0
  D4 above=T3 pat=000 resclass=[ 2255, -7, -15785 ] xT=false
  D4 above=T3 pat=000 resclass=[ 2255, -7, -15785 ] xT=false
  D4 above=T2 pat=000 resclass=[ 2935191, -419313, -7 ] xT=false
  D4 above=T1 pat=000 resclass=[ 6618855705, 2935191, 2255 ] xT=false
  D4 above=T2 pat=000 resclass=[ 2935191, -419313, -7 ] xT=false
  D4 above=T1 pat=000 resclass=[ 6618855705, 2935191, 2255 ] xT=false
  D4 above=T3 pat=000 resclass=[ 2255, -7, -15785 ] xT=false
  D4 above=T3 pat=000 resclass=[ 2255, -7, -15785 ] xT=false
  D4 above=T2 pat=000 resclass=[ 2935191, -419313, -7 ] xT=false
  D4 above=T1 pat=000 resclass=[ 6618855705, 2935191, 2255 ] xT=false
  D4 above=T2 pat=000 resclass=[ 2935191, -419313, -7 ] xT=false
  D4 above=T1 pat=000 resclass=[ 6618855705, 2935191, 2255 ] xT=false
MEMBER stv 4 2/3 -1/4 shape=[ 1, 1, 2, 2 ] tors=[ 4, 4 ] order4=12 norm111=0 xTpass=0
  D4 above=T3 pat=000 resclass=[ 1271, -5, -6355 ] xT=false
  D4 above=T3 pat=000 resclass=[ 1271, -5, -6355 ] xT=false
  D4 above=T2 pat=000 resclass=[ 930, -186, -5 ] xT=false
  D4 above=T1 pat=000 resclass=[ 1230, 930, 1271 ] xT=false
  D4 above=T2 pat=000 resclass=[ 930, -186, -5 ] xT=false
  D4 above=T1 pat=000 resclass=[ 1230, 930, 1271 ] xT=false
  D4 above=T3 pat=000 resclass=[ 1271, -5, -6355 ] xT=false
  D4 above=T3 pat=000 resclass=[ 1271, -5, -6355 ] xT=false
  D4 above=T2 pat=000 resclass=[ 930, -186, -5 ] xT=false
  D4 above=T1 pat=000 resclass=[ 1230, 930, 1271 ] xT=false
  D4 above=T2 pat=000 resclass=[ 930, -186, -5 ] xT=false
  D4 above=T1 pat=000 resclass=[ 1230, 930, 1271 ] xT=false
MEMBER stv 7/3 15/14 15 shape=[ 1, 1, 2, 2 ] tors=[ 4, 4 ] order4=12 norm111=0 xTpass=0
  D4 above=T1 pat=000 resclass=[ 18675306291205146, 249028654710, 1874815 ] xT=false
  D4 above=T1 pat=000 resclass=[ 18675306291205146, 249028654710, 1874815 ] xT=false
  D4 above=T3 pat=000 resclass=[ 1874815, 29, 54369635 ] xT=false
  D4 above=T2 pat=000 resclass=[ 249028654710, 8587194990, 29 ] xT=false
  D4 above=T3 pat=000 resclass=[ 1874815, 29, 54369635 ] xT=false
  D4 above=T2 pat=000 resclass=[ 249028654710, 8587194990, 29 ] xT=false
  D4 above=T1 pat=000 resclass=[ 18675306291205146, 249028654710, 1874815 ] xT=false
  D4 above=T1 pat=000 resclass=[ 18675306291205146, 249028654710, 1874815 ] xT=false
  D4 above=T3 pat=000 resclass=[ 1874815, 29, 54369635 ] xT=false
  D4 above=T2 pat=000 resclass=[ 249028654710, 8587194990, 29 ] xT=false
  D4 above=T3 pat=000 resclass=[ 1874815, 29, 54369635 ] xT=false
  D4 above=T2 pat=000 resclass=[ 249028654710, 8587194990, 29 ] xT=false
MEMBER stv 11/19 12/19 -2 shape=[ 1, 1, 2, 2 ] tors=[ 4, 4 ] order4=12 norm111=0 xTpass=0
  D4 above=T2 pat=000 resclass=[ -20591998, 94894, -217 ] xT=false
  D4 above=T2 pat=000 resclass=[ -20591998, 94894, -217 ] xT=false
  D4 above=T1 pat=000 resclass=[ 4386095574, -20591998, -213 ] xT=false
  D4 above=T3 pat=000 resclass=[ -213, -217, 46221 ] xT=false
  D4 above=T1 pat=000 resclass=[ 4386095574, -20591998, -213 ] xT=false
  D4 above=T3 pat=000 resclass=[ -213, -217, 46221 ] xT=false
  D4 above=T2 pat=000 resclass=[ -20591998, 94894, -217 ] xT=false
  D4 above=T2 pat=000 resclass=[ -20591998, 94894, -217 ] xT=false
  D4 above=T1 pat=000 resclass=[ 4386095574, -20591998, -213 ] xT=false
  D4 above=T3 pat=000 resclass=[ -213, -217, 46221 ] xT=false
  D4 above=T1 pat=000 resclass=[ 4386095574, -20591998, -213 ] xT=false
  D4 above=T3 pat=000 resclass=[ -213, -217, 46221 ] xT=false
MEMBER stv 1/6 13/18 -18/5 shape=[ 1, 1, 2, 2 ] tors=[ 4, 4 ] order4=12 norm111=0 xTpass=0
  D4 above=T3 pat=000 resclass=[ -21109, -155, 3271895 ] xT=false
  D4 above=T3 pat=000 resclass=[ -21109, -155, 3271895 ] xT=false
  D4 above=T1 pat=000 resclass=[ -1308758, 62, -21109 ] xT=false
  D4 above=T2 pat=000 resclass=[ 62, -10, -155 ] xT=false
  D4 above=T1 pat=000 resclass=[ -1308758, 62, -21109 ] xT=false
  D4 above=T2 pat=000 resclass=[ 62, -10, -155 ] xT=false
  D4 above=T3 pat=000 resclass=[ -21109, -155, 3271895 ] xT=false
  D4 above=T3 pat=000 resclass=[ -21109, -155, 3271895 ] xT=false
  D4 above=T1 pat=000 resclass=[ -1308758, 62, -21109 ] xT=false
  D4 above=T2 pat=000 resclass=[ 62, -10, -155 ] xT=false
  D4 above=T1 pat=000 resclass=[ -1308758, 62, -21109 ] xT=false
  D4 above=T2 pat=000 resclass=[ 62, -10, -155 ] xT=false
PART_DONE part=32
