MEMBER mnv -2 -1/4 65536/21049 shape=[ 1, 1, 2, 2 ] tors=[ 4, 4 ] order4=12 norm111=12 xTpass=0
  D4 above=T1 pat=111 resclass=[ 1, 1, 1 ] xT=false
  D4 above=T1 pat=111 resclass=[ 1, 1, 1 ] xT=false
  D4 above=T2 pat=111 resclass=[ 1, 1, 1 ] xT=false
  D4 above=T3 pat=111 resclass=[ 1, 1, 1 ] xT=false
  D4 above=T2 pat=111 resclass=[ 1, 1, 1 ] xT=false
  D4 above=T3 pat=111 resclass=[ 1, 1, 1 ] xT=false
  D4 above=T1 pat=111 resclass=[ 1, 1, 1 ] xT=false
  D4 above=T1 pat=111 resclass=[ 1, 1, 1 ] xT=false
  D4 above=T2 pat=111 resclass=[ 1, 1, 1 ] xT=false
  D4 above=T3 pat=111 resclass=[ 1, 1, 1 ] xT=false
  D4 above=T2 pat=111 resclass=[ 1, 1, 1 ] xT=false
  D4 above=T3 pat=111 resclass=[ 1, 1, 1 ] xT=false
MEMBER stv 1/4 3 1/3 shape=[ 1, 1, 2, 2 ] tors=[ 4, 4 ] order4=12 norm111=0 xTpass=0
  D4 above=T3 pat=000 resclass=[ -1023, 2, -2046 ] xT=false
  D4 above=T3 pat=000 resclass=[ -1023, 2, -2046 ] xT=false
  D4 above=T2 pat=000 resclass=[ -6618, -3309, 2 ] xT=false
  D4 above=T1 pat=000 resclass=[ 752246, -6618, -1023 ] xT=false
  D4 above=T2 pat=000 resclass=[ -6618, -3309, 2 ] xT=false
  D4 above=T1 pat=000 resclass=[ 752246, -6618, -1023 ] xT=false
  D4 above=T3 pat=000 resclass=[ -1023, 2, -2046 ] xT=false
  D4 above=T3 pat=000 resclass=[ -1023, 2, -2046 ] xT=false
  D4 above=T2 pat=000 resclass=[ -6618, -3309, 2 ] xT=false
  D4 above=T1 pat=000 resclass=[ 752246, -6618, -1023 ] xT=false
  D4 above=T2 pat=000 resclass=[ -6618, -3309, 2 ] xT=false
  D4 above=T1 pat=000 resclass=[ 752246, -6618, -1023 ] xT=false
MEMBER stv 1/3 3/2 2 shape=[ 1, 1, 2, 2 ] tors=[ 4, 4 ] order4=12 norm111=0 xTpass=0
  D4 above=T2 pat=000 resclass=[ -17435, -3487, 5 ] xT=false
  D4 above=T2 pat=000 resclass=[ -17435, -3487, 5 ] xT=false
  D4 above=T1 pat=000 resclass=[ 30115, -17435, -209 ] xT=false
  D4 above=T3 pat=000 resclass=[ -209, 5, -1045 ] xT=false
  D4 above=T1 pat=000 resclass=[ 30115, -17435, -209 ] xT=false
  D4 above=T3 pat=000 resclass=[ -209, 5, -1045 ] xT=false
  D4 above=T2 pat=000 resclass=[ -17435, -3487, 5 ] xT=false
  D4 above=T2 pat=000 resclass=[ -17435, -3487, 5 ] xT=false
  D4 above=T1 pat=000 resclass=[ 30115, -17435, -209 ] xT=false
  D4 above=T3 pat=000 resclass=[ -209, 5, -1045 ] xT=false
  D4 above=T1 pat=000 resclass=[ 30115, -17435, -209 ] xT=false
  D4 above=T3 pat=000 resclass=[ -209, 5, -1045 ] xT=false
MEMBER stv 1/2 4/3 3/4 shape=[ 1, 1, 2, 2 ] tors=[ 4, 4 ] order4=12 norm111=0 xTpass=0
  D4 above=T1 pat=000 resclass=[ -39767, 8645, -115 ] xT=false
  D4 above=T1 pat=000 resclass=[ -39767, 8645, -115 ] xT=false
  D4 above=T3 pat=000 resclass=[ -115, 7, -805 ] xT=false
  D4 above=T2 pat=000 resclass=[ 8645, 1235, 7 ] xT=false
  D4 above=T3 pat=000 resclass=[ -115, 7, -805 ] xT=false
  D4 above=T2 pat=000 resclass=[ 8645, 1235, 7 ] xT=false
  D4 above=T1 pat=000 resclass=[ -39767, 8645, -115 ] xT=false
  D4 above=T1 pat=000 resclass=[ -39767, 8645, -115 ] xT=false
  D4 above=T3 pat=000 resclass=[ -115, 7, -805 ] xT=false
  D4 above=T2 pat=000 resclass=[ 8645, 1235, 7 ] xT=false
  D4 above=T3 pat=000 resclass=[ -115, 7, -805 ] xT=false
  D4 above=T2 pat=000 resclass=[ 8645, 1235, 7 ] xT=false
MEMBER stv 2/3 3/4 1/4 shape=[ 1, 1, 2, 2 ] tors=[ 4, 4 ] order4=12 norm111=0 xTpass=0
  D4 above=T3 pat=000 resclass=[ 583, -7, -4081 ] xT=false
  D4 above=T3 pat=000 resclass=[ 583, -7, -4081 ] xT=false
  D4 above=T2 pat=000 resclass=[ -756490, 108070, -7 ] xT=false
  D4 above=T1 pat=000 resclass=[ -441033670, -756490, 583 ] xT=false
  D4 above=T2 pat=000 resclass=[ -756490, 108070, -7 ] xT=false
  D4 above=T1 pat=000 resclass=[ -441033670, -756490, 583 ] xT=false
  D4 above=T3 pat=000 resclass=[ 583, -7, -4081 ] xT=false
  D4 above=T3 pat=000 resclass=[ 583, -7, -4081 ] xT=false
  D4 above=T2 pat=000 resclass=[ -756490, 108070, -7 ] xT=false
  D4 above=T1 pat=000 resclass=[ -441033670, -756490, 583 ] xT=false
  D4 above=T2 pat=000 resclass=[ -756490, 108070, -7 ] xT=false
  D4 above=T1 pat=000 resclass=[ -441033670, -756490, 583 ] xT=false
MEMBER stv 3/4 1/2 3/2 INVALID
MEMBER stv 1 1/3 2/3 shape=[ 1, 1, 2, 2 ] tors=[ 4, 4 ] order4=12 norm111=0 xTpass=0
  D4 above=T3 pat=000 resclass=[ 17, -2, -34 ] xT=false
  D4 above=T3 pat=000 resclass=[ 17, -2, -34 ] xT=false
  D4 above=T1 pat=000 resclass=[ -107355, -6315, 17 ] xT=false
  D4 above=T2 pat=000 resclass=[ -6315, 12630, -2 ] xT=false
  D4 above=T1 pat=000 resclass=[ -107355, -6315, 17 ] xT=false
  D4 above=T2 pat=000 resclass=[ -6315, 12630, -2 ] xT=false
  D4 above=T3 pat=000 resclass=[ 17, -2, -34 ] xT=false
  D4 above=T3 pat=000 resclass=[ 17, -2, -34 ] xT=false
  D4 above=T1 pat=000 resclass=[ -107355, -6315, 17 ] xT=false
  D4 above=T2 pat=000 resclass=[ -6315, 12630, -2 ] xT=false
  D4 above=T1 pat=000 resclass=[ -107355, -6315, 17 ] xT=false
  D4 above=T2 pat=000 resclass=[ -6315, 12630, -2 ] xT=false
MEMBER stv 1 4 4 shape=[ 1, 1, 2, 2 ] tors=[ 4, 4 ] order4=12 norm111=0 xTpass=0
  D4 above=T2 pat=000 resclass=[ -2865, -191, 15 ] xT=false
  D4 above=T2 pat=000 resclass=[ -2865, -191, 15 ] xT=false
  D4 above=T1 pat=000 resclass=[ 40110, -2865, -14 ] xT=false
  D4 above=T3 pat=000 resclass=[ -14, 15, -210 ] xT=false
  D4 above=T1 pat=000 resclass=[ 40110, -2865, -14 ] xT=false
  D4 above=T3 pat=000 resclass=[ -14, 15, -210 ] xT=false
  D4 above=T2 pat=000 resclass=[ -2865, -191, 15 ] xT=false
  D4 above=T2 pat=000 resclass=[ -2865, -191, 15 ] xT=false
  D4 above=T1 pat=000 resclass=[ 40110, -2865, -14 ] xT=false
  D4 above=T3 pat=000 resclass=[ -14, 15, -210 ] xT=false
  D4 above=T1 pat=000 resclass=[ 40110, -2865, -14 ] xT=false
  D4 above=T3 pat=000 resclass=[ -14, 15, -210 ] xT=false
MEMBER stv 4/3 3 4/3 shape=[ 1, 1, 2, 2 ] tors=[ 4, 4 ] order4=12 norm111=0 xTpass=0
  D4 above=T3 pat=000 resclass=[ -35, 2, -70 ] xT=false
  D4 above=T3 pat=000 resclass=[ -35, 2, -70 ] xT=false
  D4 above=T1 pat=000 resclass=[ 975390, -1365546, -35 ] xT=false
  D4 above=T2 pat=000 resclass=[ -1365546, -682773, 2 ] xT=false
  D4 above=T1 pat=000 resclass=[ 975390, -1365546, -35 ] xT=false
  D4 above=T2 pat=000 resclass=[ -1365546, -682773, 2 ] xT=false
  D4 above=T3 pat=000 resclass=[ -35, 2, -70 ] xT=false
  D4 above=T3 pat=000 resclass=[ -35, 2, -70 ] xT=false
  D4 above=T1 pat=000 resclass=[ 975390, -1365546, -35 ] xT=false
  D4 above=T2 pat=000 resclass=[ -1365546, -682773, 2 ] xT=false
  D4 above=T1 pat=000 resclass=[ 975390, -1365546, -35 ] xT=false
  D4 above=T2 pat=000 resclass=[ -1365546, -682773, 2 ] xT=false
MEMBER stv 3/2 2 1/2 shape=[ 1, 1, 2, 2 ] tors=[ 4, 4 ] order4=12 norm111=0 xTpass=0
  D4 above=T1 pat=000 resclass=[ 1054, -3162, -3 ] xT=false
  D4 above=T1 pat=000 resclass=[ 1054, -3162, -3 ] xT=false
  D4 above=T2 pat=000 resclass=[ -3162, -1054, 3 ] xT=false
  D4 above=T3 pat=000 resclass=[ -3, 3, -1 ] xT=false
  D4 above=T2 pat=000 resclass=[ -3162, -1054, 3 ] xT=false
  D4 above=T3 pat=000 resclass=[ -3, 3, -1 ] xT=false
  D4 above=T1 pat=000 resclass=[ 1054, -3162, -3 ] xT=false
  D4 above=T1 pat=000 resclass=[ 1054, -3162, -3 ] xT=false
  D4 above=T2 pat=000 resclass=[ -3162, -1054, 3 ] xT=false
  D4 above=T3 pat=000 resclass=[ -3, 3, -1 ] xT=false
  D4 above=T2 pat=000 resclass=[ -3162, -1054, 3 ] xT=false
  D4 above=T3 pat=000 resclass=[ -3, 3, -1 ] xT=false
MEMBER stv 2 4/3 3 shape=[ 1, 1, 2, 2 ] tors=[ 4, 4 ] order4=12 norm111=0 xTpass=0
  D4 above=T2 pat=000 resclass=[ 21749, 3107, 7 ] xT=false
  D4 above=T2 pat=000 resclass=[ 21749, 3107, 7 ] xT=false
  D4 above=T1 pat=000 resclass=[ 239239, 21749, 11 ] xT=false
  D4 above=T3 pat=000 resclass=[ 11, 7, 77 ] xT=false
  D4 above=T1 pat=000 resclass=[ 239239, 21749, 11 ] xT=false
  D4 above=T3 pat=000 resclass=[ 11, 7, 77 ] xT=false
  D4 above=T2 pat=000 resclass=[ 21749, 3107, 7 ] xT=false
  D4 above=T2 pat=000 resclass=[ 21749, 3107, 7 ] xT=false
  D4 above=T1 pat=000 resclass=[ 239239, 21749, 11 ] xT=false
  D4 above=T3 pat=000 resclass=[ 11, 7, 77 ] xT=false
  D4 above=T1 pat=000 resclass=[ 239239, 21749, 11 ] xT=false
  D4 above=T3 pat=000 resclass=[ 11, 7, 77 ] xT=false
MEMBER stv 3 3/4 1 shape=[ 1, 1, 2, 2 ] tors=[ 4, 4 ] order4=12 norm111=0 xTpass=0
  D4 above=T1 pat=000 resclass=[ -16561622, -183610, 2255 ] xT=false
  D4 above=T1 pat=000 resclass=[ -16561622, -183610, 2255 ] xT=false
  D4 above=T2 pat=000 resclass=[ -183610, 26230, -7 ] xT=false
  D4 above=T3 pat=000 resclass=[ 2255, -7, -15785 ] xT=false
  D4 above=T2 pat=000 resclass=[ -183610, 26230, -7 ] xT=false
  D4 above=T3 pat=000 resclass=[ 2255, -7, -15785 ] xT=false
  D4 above=T1 pat=000 resclass=[ -16561622, -183610, 2255 ] xT=false
  D4 above=T1 pat=000 resclass=[ -16561622, -183610, 2255 ] xT=false
  D4 above=T2 pat=000 resclass=[ -183610, 26230, -7 ] xT=false
  D4 above=T3 pat=000 resclass=[ 2255, -7, -15785 ] xT=false
  D4 above=T2 pat=000 resclass=[ -183610, 26230, -7 ] xT=false
  D4 above=T3 pat=000 resclass=[ 2255, -7, -15785 ] xT=false
MEMBER stv 4 2/3 1/3 shape=[ 1, 1, 2, 2 ] tors=[ 4, 4 ] order4=12 norm111=0 xTpass=0
  D4 above=T3 pat=000 resclass=[ 1271, -5, -6355 ] xT=false
  D4 above=T3 pat=000 resclass=[ 1271, -5, -6355 ] xT=false
  D4 above=T1 pat=000 resclass=[ -564724365, -444315, 1271 ] xT=false
  D4 above=T2 pat=000 resclass=[ -444315, 88863, -5 ] xT=false
  D4 above=T1 pat=000 resclass=[ -564724365, -444315, 1271 ] xT=false
  D4 above=T2 pat=000 resclass=[ -444315, 88863, -5 ] xT=false
  D4 above=T3 pat=000 resclass=[ 1271, -5, -6355 ] xT=false
  D4 above=T3 pat=000 resclass=[ 1271, -5, -6355 ] xT=false
  D4 above=T1 pat=000 resclass=[ -564724365, -444315, 1271 ] xT=false
  D4 above=T2 pat=000 resclass=[ -444315, 88863, -5 ] xT=false
  D4 above=T1 pat=000 resclass=[ -564724365, -444315, 1271 ] xT=false
  D4 above=T2 pat=000 resclass=[ -444315, 88863, -5 ] xT=false
MEMBER stv 1/2 9/7 -4/5 shape=[ 1, 1, 2, 2 ] tors=[ 4, 4 ] order4=12 norm111=0 xTpass=0
  D4 above=T2 pat=000 resclass=[ -49930, -24965, 2 ] xT=false
  D4 above=T2 pat=000 resclass=[ -49930, -24965, 2 ] xT=false
  D4 above=T3 pat=000 resclass=[ -1695, 2, -3390 ] xT=false
  D4 above=T1 pat=000 resclass=[ 3385254, -49930, -1695 ] xT=false
  D4 above=T3 pat=000 resclass=[ -1695, 2, -3390 ] xT=false
  D4 above=T1 pat=000 resclass=[ 3385254, -49930, -1695 ] xT=false
  D4 above=T2 pat=000 resclass=[ -49930, -24965, 2 ] xT=false
  D4 above=T2 pat=000 resclass=[ -49930, -24965, 2 ] xT=false
  D4 above=T3 pat=000 resclass=[ -1695, 2, -3390 ] xT=false
  D4 above=T1 pat=000 resclass=[ 3385254, -49930, -1695 ] xT=false
  D4 above=T3 pat=000 resclass=[ -1695, 2, -3390 ] xT=false
  D4 above=T1 pat=000 resclass=[ 3385254, -49930, -1695 ] xT=false
MEMBER stv 3/16 1/9 17/6 shape=[ 1, 1, 2, 2 ] tors=[ 4, 4 ] order4=12 norm111=0 xTpass=0
  D4 above=T2 pat=000 resclass=[ -1093935534190, 218787106838, -5 ] xT=false
  D4 above=T2 pat=000 resclass=[ -1093935534190, 218787106838, -5 ] xT=false
  D4 above=T1 pat=000 resclass=[ 5978228996050210, -1093935534190, -1579351 ] xT=false
  D4 above=T3 pat=000 resclass=[ -1579351, -5, 7896755 ] xT=false
  D4 above=T1 pat=000 resclass=[ 5978228996050210, -1093935534190, -1579351 ] xT=false
  D4 above=T3 pat=000 resclass=[ -1579351, -5, 7896755 ] xT=false
  D4 above=T2 pat=000 resclass=[ -1093935534190, 218787106838, -5 ] xT=false
  D4 above=T2 pat=000 resclass=[ -1093935534190, 218787106838, -5 ] xT=false
  D4 above=T1 pat=000 resclass=[ 5978228996050210, -1093935534190, -1579351 ] xT=false
  D4 above=T3 pat=000 resclass=[ -1579351, -5, 7896755 ] xT=false
  D4 above=T1 pat=000 resclass=[ 5978228996050210, -1093935534190, -1579351 ] xT=false
  D4 above=T3 pat=000 resclass=[ -1579351, -5, 7896755 ] xT=false
MEMBER stv 5/6 2 -2/15 shape=[ 1, 1, 2, 2 ] tors=[ 4, 4 ] order4=12 norm111=0 xTpass=0
  D4 above=T2 pat=000 resclass=[ -1354, -4062, 3 ] xT=false
  D4 above=T2 pat=000 resclass=[ -1354, -4062, 3 ] xT=false
  D4 above=T3 pat=000 resclass=[ -299, 3, -897 ] xT=false
  D4 above=T1 pat=000 resclass=[ 404846, -1354, -299 ] xT=false
  D4 above=T3 pat=000 resclass=[ -299, 3, -897 ] xT=false
  D4 above=T1 pat=000 resclass=[ 404846, -1354, -299 ] xT=false
  D4 above=T2 pat=000 resclass=[ -1354, -4062, 3 ] xT=false
  D4 above=T2 pat=000 resclass=[ -1354, -4062, 3 ] xT=false
  D4 above=T3 pat=000 resclass=[ -299, 3, -897 ] xT=false
  D4 above=T1 pat=000 resclass=[ 404846, -1354, -299 ] xT=false
  D4 above=T3 pat=000 resclass=[ -299, 3, -897 ] xT=false
  D4 above=T1 pat=000 resclass=[ 404846, -1354, -299 ] xT=false
PART_DONE part=33
