MEMBER mnv -2 -1/4 -4096/2231 shape=[ 1, 1, 2, 2 ] tors=[ 4, 4 ] order4=12 norm111=12 xTpass=0
  D4 above=T1 pat=111 resclass=[ 1, 1, 1 ] xT=false
  D4 above=T1 pat=111 resclass=[ 1, 1, 1 ] xT=false
  D4 above=T2 pat=111 resclass=[ 1, 1, 1 ] xT=false
  D4 above=T3 pat=111 resclass=[ 1, 1, 1 ] xT=false
  D4 above=T2 pat=111 resclass=[ 1, 1, 1 ] xT=false
  D4 above=T3 pat=111 resclass=[ 1, 1, 1 ] xT=false
  D4 above=T1 pat=111 resclass=[ 1, 1, 1 ] xT=false
  D4 above=T1 pat=111 resclass=[ 1, 1, 1 ] xT=false
  D4 above=T2 pat=111 resclass=[ 1, 1, 1 ] xT=false
  D4 above=T3 pat=111 resclass=[ 1, 1, 1 ] xT=false
  D4 above=T2 pat=111 resclass=[ 1, 1, 1 ] xT=false
  D4 above=T3 pat=111 resclass=[ 1, 1, 1 ] xT=false
MEMBER stv 1/4 3 -1/3 shape=[ 1, 1, 2, 2 ] tors=[ 4, 4 ] order4=12 norm111=0 xTpass=0
  D4 above=T2 pat=000 resclass=[ -338118, -169059, 2 ] xT=false
  D4 above=T2 pat=000 resclass=[ -338118, -169059, 2 ] xT=false
  D4 above=T3 pat=000 resclass=[ -1023, 2, -2046 ] xT=false
  D4 above=T1 pat=000 resclass=[ 317626, -338118, -1023 ] xT=false
  D4 above=T3 pat=000 resclass=[ -1023, 2, -2046 ] xT=false
  D4 above=T1 pat=000 resclass=[ 317626, -338118, -1023 ] xT=false
  D4 above=T2 pat=000 resclass=[ -338118, -169059, 2 ] xT=false
  D4 above=T2 pat=000 resclass=[ -338118, -169059, 2 ] xT=false
  D4 above=T3 pat=000 resclass=[ -1023, 2, -2046 ] xT=false
  D4 above=T1 pat=000 resclass=[ 317626, -338118, -1023 ] xT=false
  D4 above=T3 pat=000 resclass=[ -1023, 2, -2046 ] xT=false
  D4 above=T1 pat=000 resclass=[ 317626, -338118, -1023 ] xT=false
MEMBER stv 1/3 3/2 -2 shape=[ 1, 1, 2, 2 ] tors=[ 4, 4 ] order4=12 norm111=0 xTpass=0
  D4 above=T3 pat=000 resclass=[ -209, 5, -1045 ] xT=false
  D4 above=T3 pat=000 resclass=[ -209, 5, -1045 ] xT=false
  D4 above=T1 pat=000 resclass=[ 3372215, -16135, -209 ] xT=false
  D4 above=T2 pat=000 resclass=[ -16135, -3227, 5 ] xT=false
  D4 above=T1 pat=000 resclass=[ 3372215, -16135, -209 ] xT=false
  D4 above=T2 pat=000 resclass=[ -16135, -3227, 5 ] xT=false
  D4 above=T3 pat=000 resclass=[ -209, 5, -1045 ] xT=false
  D4 above=T3 pat=000 resclass=[ -209, 5, -1045 ] xT=false
  D4 above=T1 pat=000 resclass=[ 3372215, -16135, -209 ] xT=false
  D4 above=T2 pat=000 resclass=[ -16135, -3227, 5 ] xT=false
  D4 above=T1 pat=000 resclass=[ 3372215, -16135, -209 ] xT=false
  D4 above=T2 pat=000 resclass=[ -16135, -3227, 5 ] xT=false
MEMBER stv 1/2 4/3 -3/4 shape=[ 1, 1, 2, 2 ] tors=[ 4, 4 ] order4=12 norm111=0 xTpass=0
  D4 above=T1 pat=000 resclass=[ 8361535, -72709, -115 ] xT=false
  D4 above=T1 pat=000 resclass=[ 8361535, -72709, -115 ] xT=false
  D4 above=T3 pat=000 resclass=[ -115, 7, -805 ] xT=false
  D4 above=T2 pat=000 resclass=[ -72709, -10387, 7 ] xT=false
  D4 above=T3 pat=000 resclass=[ -115, 7, -805 ] xT=false
  D4 above=T2 pat=000 resclass=[ -72709, -10387, 7 ] xT=false
  D4 above=T1 pat=000 resclass=[ 8361535, -72709, -115 ] xT=false
  D4 above=T1 pat=000 resclass=[ 8361535, -72709, -115 ] xT=false
  D4 above=T3 pat=000 resclass=[ -115, 7, -805 ] xT=false
  D4 above=T2 pat=000 resclass=[ -72709, -10387, 7 ] xT=false
  D4 above=T3 pat=000 resclass=[ -115, 7, -805 ] xT=false
  D4 above=T2 pat=000 resclass=[ -72709, -10387, 7 ] xT=false
MEMBER stv 2/3 3/4 -1/4 shape=[ 1, 1, 2, 2 ] tors=[ 4, 4 ] order4=12 norm111=0 xTpass=0
  D4 above=T2 pat=000 resclass=[ 4270, -610, -7 ] xT=false
  D4 above=T2 pat=000 resclass=[ 4270, -610, -7 ] xT=false
  D4 above=T3 pat=000 resclass=[ 583, -7, -4081 ] xT=false
  D4 above=T1 pat=000 resclass=[ 2489410, 4270, 583 ] xT=false
  D4 above=T3 pat=000 resclass=[ 583, -7, -4081 ] xT=false
  D4 above=T1 pat=000 resclass=[ 2489410, 4270, 583 ] xT=false
  D4 above=T2 pat=000 resclass=[ 4270, -610, -7 ] xT=false
  D4 above=T2 pat=000 resclass=[ 4270, -610, -7 ] xT=false
  D4 above=T3 pat=000 resclass=[ 583, -7, -4081 ] xT=false
  D4 above=T1 pat=000 resclass=[ 2489410, 4270, 583 ] xT=false
  D4 above=T3 pat=000 resclass=[ 583, -7, -4081 ] xT=false
  D4 above=T1 pat=000 resclass=[ 2489410, 4270, 583 ] xT=false
MEMBER stv 3/4 1/2 -3/2 INVALID
MEMBER stv 1 1/3 -2/3 shape=[ 1, 1, 2, 2 ] tors=[ 4, 4 ] order4=12 norm111=0 xTpass=0
  D4 above=T1 pat=000 resclass=[ 3315, 195, 17 ] xT=false
  D4 above=T1 pat=000 resclass=[ 3315, 195, 17 ] xT=false
  D4 above=T3 pat=000 resclass=[ 17, -2, -34 ] xT=false
  D4 above=T2 pat=000 resclass=[ 195, -390, -2 ] xT=false
  D4 above=T3 pat=000 resclass=[ 17, -2, -34 ] xT=false
  D4 above=T2 pat=000 resclass=[ 195, -390, -2 ] xT=false
  D4 above=T1 pat=000 resclass=[ 3315, 195, 17 ] xT=false
  D4 above=T1 pat=000 resclass=[ 3315, 195, 17 ] xT=false
  D4 above=T3 pat=000 resclass=[ 17, -2, -34 ] xT=false
  D4 above=T2 pat=000 resclass=[ 195, -390, -2 ] xT=false
  D4 above=T3 pat=000 resclass=[ 17, -2, -34 ] xT=false
  D4 above=T2 pat=000 resclass=[ 195, -390, -2 ] xT=false
MEMBER stv 1 4 -4 shape=[ 1, 1, 2, 2 ] tors=[ 4, 4 ] order4=12 norm111=0 xTpass=0
  D4 above=T3 pat=000 resclass=[ -14, 15, -210 ] xT=false
  D4 above=T3 pat=000 resclass=[ -14, 15, -210 ] xT=false
  D4 above=T2 pat=000 resclass=[ 4785, 319, 15 ] xT=false
  D4 above=T1 pat=000 resclass=[ -66990, 4785, -14 ] xT=false
  D4 above=T2 pat=000 resclass=[ 4785, 319, 15 ] xT=false
  D4 above=T1 pat=000 resclass=[ -66990, 4785, -14 ] xT=false
  D4 above=T3 pat=000 resclass=[ -14, 15, -210 ] xT=false
  D4 above=T3 pat=000 resclass=[ -14, 15, -210 ] xT=false
  D4 above=T2 pat=000 resclass=[ 4785, 319, 15 ] xT=false
  D4 above=T1 pat=000 resclass=[ -66990, 4785, -14 ] xT=false
  D4 above=T2 pat=000 resclass=[ 4785, 319, 15 ] xT=false
  D4 above=T1 pat=000 resclass=[ -66990, 4785, -14 ] xT=false
MEMBER stv 4/3 3 -4/3 shape=[ 1, 1, 2, 2 ] tors=[ 4, 4 ] order4=12 norm111=0 xTpass=0
  D4 above=T3 pat=000 resclass=[ -35, 2, -70 ] xT=false
  D4 above=T3 pat=000 resclass=[ -35, 2, -70 ] xT=false
  D4 above=T1 pat=000 resclass=[ -16206, 567210, -35 ] xT=false
  D4 above=T2 pat=000 resclass=[ 567210, 283605, 2 ] xT=false
  D4 above=T1 pat=000 resclass=[ -16206, 567210, -35 ] xT=false
  D4 above=T2 pat=000 resclass=[ 567210, 283605, 2 ] xT=false
  D4 above=T3 pat=000 resclass=[ -35, 2, -70 ] xT=false
  D4 above=T3 pat=000 resclass=[ -35, 2, -70 ] xT=false
  D4 above=T1 pat=000 resclass=[ -16206, 567210, -35 ] xT=false
  D4 above=T2 pat=000 resclass=[ 567210, 283605, 2 ] xT=false
  D4 above=T1 pat=000 resclass=[ -16206, 567210, -35 ] xT=false
  D4 above=T2 pat=000 resclass=[ 567210, 283605, 2 ] xT=false
MEMBER stv 3/2 2 -1/2 shape=[ 1, 1, 2, 2 ] tors=[ 4, 4 ] order4=12 norm111=0 xTpass=0
  D4 above=T3 pat=000 resclass=[ -3, 3, -1 ] xT=false
  D4 above=T3 pat=000 resclass=[ -3, 3, -1 ] xT=false
  D4 above=T2 pat=000 resclass=[ 282, 94, 3 ] xT=false
  D4 above=T1 pat=000 resclass=[ -94, 282, -3 ] xT=false
  D4 above=T2 pat=000 resclass=[ 282, 94, 3 ] xT=false
  D4 above=T1 pat=000 resclass=[ -94, 282, -3 ] xT=false
  D4 above=T3 pat=000 resclass=[ -3, 3, -1 ] xT=false
  D4 above=T3 pat=000 resclass=[ -3, 3, -1 ] xT=false
  D4 above=T2 pat=000 resclass=[ 282, 94, 3 ] xT=false
  D4 above=T1 pat=000 resclass=[ -94, 282, -3 ] xT=false
  D4 above=T2 pat=000 resclass=[ 282, 94, 3 ] xT=false
  D4 above=T1 pat=000 resclass=[ -94, 282, -3 ] xT=false
MEMBER stv 2 4/3 -3 shape=[ 1, 1, 2, 2 ] tors=[ 4, 4 ] order4=12 norm111=0 xTpass=0
  D4 above=T2 pat=000 resclass=[ -14245, -2035, 7 ] xT=false
  D4 above=T2 pat=000 resclass=[ -14245, -2035, 7 ] xT=false
  D4 above=T1 pat=000 resclass=[ -1295, -14245, 11 ] xT=false
  D4 above=T3 pat=000 resclass=[ 11, 7, 77 ] xT=false
  D4 above=T1 pat=000 resclass=[ -1295, -14245, 11 ] xT=false
  D4 above=T3 pat=000 resclass=[ 11, 7, 77 ] xT=false
  D4 above=T2 pat=000 resclass=[ -14245, -2035, 7 ] xT=false
  D4 above=T2 pat=000 resclass=[ -14245, -2035, 7 ] xT=false
  D4 above=T1 pat=000 resclass=[ -1295, -14245, 11 ] xT=false
  D4 above=T3 pat=000 resclass=[ 11, 7, 77 ] xT=false
  D4 above=T1 pat=000 resclass=[ -1295, -14245, 11 ] xT=false
  D4 above=T3 pat=000 resclass=[ 11, 7, 77 ] xT=false
MEMBER stv 3 3/4 -1 shape=[ 1, 1, 2, 2 ] tors=[ 4, 4 ] order4=12 norm111=0 xTpass=0
  D4 above=T1 pat=000 resclass=[ 66644270, 29554, 2255 ] xT=false
  D4 above=T1 pat=000 resclass=[ 66644270, 29554, 2255 ] xT=false
  D4 above=T3 pat=000 resclass=[ 2255, -7, -15785 ] xT=false
  D4 above=T2 pat=000 resclass=[ 29554, -4222, -7 ] xT=false
  D4 above=T3 pat=000 resclass=[ 2255, -7, -15785 ] xT=false
  D4 above=T2 pat=000 resclass=[ 29554, -4222, -7 ] xT=false
  D4 above=T1 pat=000 resclass=[ 66644270, 29554, 2255 ] xT=false
  D4 above=T1 pat=000 resclass=[ 66644270, 29554, 2255 ] xT=false
  D4 above=T3 pat=000 resclass=[ 2255, -7, -15785 ] xT=false
  D4 above=T2 pat=000 resclass=[ 29554, -4222, -7 ] xT=false
  D4 above=T3 pat=000 resclass=[ 2255, -7, -15785 ] xT=false
  D4 above=T2 pat=000 resclass=[ 29554, -4222, -7 ] xT=false
MEMBER stv 4 2/3 -1/3 shape=[ 1, 1, 2, 2 ] tors=[ 4, 4 ] order4=12 norm111=0 xTpass=0
  D4 above=T2 pat=000 resclass=[ 209235, -41847, -5 ] xT=false
  D4 above=T2 pat=000 resclass=[ 209235, -41847, -5 ] xT=false
  D4 above=T1 pat=000 resclass=[ 265937685, 209235, 1271 ] xT=false
  D4 above=T3 pat=000 resclass=[ 1271, -5, -6355 ] xT=false
  D4 above=T1 pat=000 resclass=[ 265937685, 209235, 1271 ] xT=false
  D4 above=T3 pat=000 resclass=[ 1271, -5, -6355 ] xT=false
  D4 above=T2 pat=000 resclass=[ 209235, -41847, -5 ] xT=false
  D4 above=T2 pat=000 resclass=[ 209235, -41847, -5 ] xT=false
  D4 above=T1 pat=000 resclass=[ 265937685, 209235, 1271 ] xT=false
  D4 above=T3 pat=000 resclass=[ 1271, -5, -6355 ] xT=false
  D4 above=T1 pat=000 resclass=[ 265937685, 209235, 1271 ] xT=false
  D4 above=T3 pat=000 resclass=[ 1271, -5, -6355 ] xT=false
MEMBER stv 15 3 15/14 shape=[ 1, 1, 2, 2 ] tors=[ 4, 4 ] order4=12 norm111=0 xTpass=0
  D4 above=T2 pat=000 resclass=[ 821646105, 1643292210, 2 ] xT=false
  D4 above=T2 pat=000 resclass=[ 821646105, 1643292210, 2 ] xT=false
  D4 above=T3 pat=000 resclass=[ 161, 2, 322 ] xT=false
  D4 above=T1 pat=000 resclass=[ 2699694345, 821646105, 161 ] xT=false
  D4 above=T3 pat=000 resclass=[ 161, 2, 322 ] xT=false
  D4 above=T1 pat=000 resclass=[ 2699694345, 821646105, 161 ] xT=false
  D4 above=T2 pat=000 resclass=[ 821646105, 1643292210, 2 ] xT=false
  D4 above=T2 pat=000 resclass=[ 821646105, 1643292210, 2 ] xT=false
  D4 above=T3 pat=000 resclass=[ 161, 2, 322 ] xT=false
  D4 above=T1 pat=000 resclass=[ 2699694345, 821646105, 161 ] xT=false
  D4 above=T3 pat=000 resclass=[ 161, 2, 322 ] xT=false
  D4 above=T1 pat=000 resclass=[ 2699694345, 821646105, 161 ] xT=false
MEMBER stv 1 4 13/19 shape=[ 1, 1, 2, 2 ] tors=[ 4, 4 ] order4=12 norm111=0 xTpass=0
  D4 above=T2 pat=000 resclass=[ -1430130, -95342, 15 ] xT=false
  D4 above=T2 pat=000 resclass=[ -1430130, -95342, 15 ] xT=false
  D4 above=T3 pat=000 resclass=[ -14, 15, -210 ] xT=false
  D4 above=T1 pat=000 resclass=[ 5005455, -1430130, -14 ] xT=false
  D4 above=T3 pat=000 resclass=[ -14, 15, -210 ] xT=false
  D4 above=T1 pat=000 resclass=[ 5005455, -1430130, -14 ] xT=false
  D4 above=T2 pat=000 resclass=[ -1430130, -95342, 15 ] xT=false
  D4 above=T2 pat=000 resclass=[ -1430130, -95342, 15 ] xT=false
  D4 above=T3 pat=000 resclass=[ -14, 15, -210 ] xT=false
  D4 above=T1 pat=000 resclass=[ 5005455, -1430130, -14 ] xT=false
  D4 above=T3 pat=000 resclass=[ -14, 15, -210 ] xT=false
  D4 above=T1 pat=000 resclass=[ 5005455, -1430130, -14 ] xT=false
MEMBER stv 15/4 7/6 4/7 shape=[ 1, 1, 2, 2 ] tors=[ 4, 4 ] order4=12 norm111=0 xTpass=0
  D4 above=T2 pat=000 resclass=[ 28571543, 2197811, 13 ] xT=false
  D4 above=T2 pat=000 resclass=[ 28571543, 2197811, 13 ] xT=false
  D4 above=T3 pat=000 resclass=[ 4514, 13, 58682 ] xT=false
  D4 above=T1 pat=000 resclass=[ 128971945102, 28571543, 4514 ] xT=false
  D4 above=T3 pat=000 resclass=[ 4514, 13, 58682 ] xT=false
  D4 above=T1 pat=000 resclass=[ 128971945102, 28571543, 4514 ] xT=false
  D4 above=T2 pat=000 resclass=[ 28571543, 2197811, 13 ] xT=false
  D4 above=T2 pat=000 resclass=[ 28571543, 2197811, 13 ] xT=false
  D4 above=T3 pat=000 resclass=[ 4514, 13, 58682 ] xT=false
  D4 above=T1 pat=000 resclass=[ 128971945102, 28571543, 4514 ] xT=false
  D4 above=T3 pat=000 resclass=[ 4514, 13, 58682 ] xT=false
  D4 above=T1 pat=000 resclass=[ 128971945102, 28571543, 4514 ] xT=false
PART_DONE part=34
