MEMBER mnv -2 -1/4 16384/269951 shape=[ 1, 1, 2, 2 ] tors=[ 4, 4 ] order4=12 norm111=12 xTpass=0
  D4 above=T1 pat=111 resclass=[ 1, 1, 1 ] xT=false
  D4 above=T1 pat=111 resclass=[ 1, 1, 1 ] xT=false
  D4 above=T2 pat=111 resclass=[ 1, 1, 1 ] xT=false
  D4 above=T3 pat=111 resclass=[ 1, 1, 1 ] xT=false
  D4 above=T2 pat=111 resclass=[ 1, 1, 1 ] xT=false
  D4 above=T3 pat=111 resclass=[ 1, 1, 1 ] xT=false
  D4 above=T1 pat=111 resclass=[ 1, 1, 1 ] xT=false
  D4 above=T1 pat=111 resclass=[ 1, 1, 1 ] xT=false
  D4 above=T2 pat=111 resclass=[ 1, 1, 1 ] xT=false
  D4 above=T3 pat=111 resclass=[ 1, 1, 1 ] xT=false
  D4 above=T2 pat=111 resclass=[ 1, 1, 1 ] xT=false
  D4 above=T3 pat=111 resclass=[ 1, 1, 1 ] xT=false
MEMBER stv 1/4 3 1/2 shape=[ 1, 1, 2, 2 ] tors=[ 4, 4 ] order4=12 norm111=0 xTpass=0
  D4 above=T2 pat=000 resclass=[ -4103, -8206, 2 ] xT=false
  D4 above=T2 pat=000 resclass=[ -4103, -8206, 2 ] xT=false
  D4 above=T1 pat=000 resclass=[ 34689, -4103, -1023 ] xT=false
  D4 above=T3 pat=000 resclass=[ -1023, 2, -2046 ] xT=false
  D4 above=T1 pat=000 resclass=[ 34689, -4103, -1023 ] xT=false
  D4 above=T3 pat=000 resclass=[ -1023, 2, -2046 ] xT=false
  D4 above=T2 pat=000 resclass=[ -4103, -8206, 2 ] xT=false
  D4 above=T2 pat=000 resclass=[ -4103, -8206, 2 ] xT=false
  D4 above=T1 pat=000 resclass=[ 34689, -4103, -1023 ] xT=false
  D4 above=T3 pat=000 resclass=[ -1023, 2, -2046 ] xT=false
  D4 above=T1 pat=000 resclass=[ 34689, -4103, -1023 ] xT=false
  D4 above=T3 pat=000 resclass=[ -1023, 2, -2046 ] xT=false
MEMBER stv 1/3 3/2 3 shape=[ 1, 1, 2, 2 ] tors=[ 4, 4 ] order4=12 norm111=0 xTpass=0
  D4 above=T1 pat=000 resclass=[ 8835, -5115, -209 ] xT=false
  D4 above=T1 pat=000 resclass=[ 8835, -5115, -209 ] xT=false
  D4 above=T3 pat=000 resclass=[ -209, 5, -1045 ] xT=false
  D4 above=T2 pat=000 resclass=[ -5115, -1023, 5 ] xT=false
  D4 above=T3 pat=000 resclass=[ -209, 5, -1045 ] xT=false
  D4 above=T2 pat=000 resclass=[ -5115, -1023, 5 ] xT=false
  D4 above=T1 pat=000 resclass=[ 8835, -5115, -209 ] xT=false
  D4 above=T1 pat=000 resclass=[ 8835, -5115, -209 ] xT=false
  D4 above=T3 pat=000 resclass=[ -209, 5, -1045 ] xT=false
  D4 above=T2 pat=000 resclass=[ -5115, -1023, 5 ] xT=false
  D4 above=T3 pat=000 resclass=[ -209, 5, -1045 ] xT=false
  D4 above=T2 pat=000 resclass=[ -5115, -1023, 5 ] xT=false
MEMBER stv 1/2 4/3 1 shape=[ 1, 1, 2, 2 ] tors=[ 4, 4 ] order4=12 norm111=0 xTpass=0
  D4 above=T1 pat=000 resclass=[ 6923, -1505, -115 ] xT=false
  D4 above=T1 pat=000 resclass=[ 6923, -1505, -115 ] xT=false
  D4 above=T2 pat=000 resclass=[ -1505, -215, 7 ] xT=false
  D4 above=T3 pat=000 resclass=[ -115, 7, -805 ] xT=false
  D4 above=T2 pat=000 resclass=[ -1505, -215, 7 ] xT=false
  D4 above=T3 pat=000 resclass=[ -115, 7, -805 ] xT=false
  D4 above=T1 pat=000 resclass=[ 6923, -1505, -115 ] xT=false
  D4 above=T1 pat=000 resclass=[ 6923, -1505, -115 ] xT=false
  D4 above=T2 pat=000 resclass=[ -1505, -215, 7 ] xT=false
  D4 above=T3 pat=000 resclass=[ -115, 7, -805 ] xT=false
  D4 above=T2 pat=000 resclass=[ -1505, -215, 7 ] xT=false
  D4 above=T3 pat=000 resclass=[ -115, 7, -805 ] xT=false
MEMBER stv 2/3 3/4 1/3 shape=[ 1, 1, 2, 2 ] tors=[ 4, 4 ] order4=12 norm111=0 xTpass=0
  D4 above=T3 pat=000 resclass=[ 583, -7, -4081 ] xT=false
  D4 above=T3 pat=000 resclass=[ 583, -7, -4081 ] xT=false
  D4 above=T2 pat=000 resclass=[ -5535453, 790779, -7 ] xT=false
  D4 above=T1 pat=000 resclass=[ -26670819, -5535453, 583 ] xT=false
  D4 above=T2 pat=000 resclass=[ -5535453, 790779, -7 ] xT=false
  D4 above=T1 pat=000 resclass=[ -26670819, -5535453, 583 ] xT=false
  D4 above=T3 pat=000 resclass=[ 583, -7, -4081 ] xT=false
  D4 above=T3 pat=000 resclass=[ 583, -7, -4081 ] xT=false
  D4 above=T2 pat=000 resclass=[ -5535453, 790779, -7 ] xT=false
  D4 above=T1 pat=000 resclass=[ -26670819, -5535453, 583 ] xT=false
  D4 above=T2 pat=000 resclass=[ -5535453, 790779, -7 ] xT=false
  D4 above=T1 pat=000 resclass=[ -26670819, -5535453, 583 ] xT=false
MEMBER stv 3/4 1/2 2 INVALID
MEMBER stv 1 1/3 3/4 shape=[ 1, 1, 2, 2 ] tors=[ 4, 4 ] order4=12 norm111=0 xTpass=0
  D4 above=T1 pat=000 resclass=[ -46886, -2758, 17 ] xT=false
  D4 above=T1 pat=000 resclass=[ -46886, -2758, 17 ] xT=false
  D4 above=T2 pat=000 resclass=[ -2758, 1379, -2 ] xT=false
  D4 above=T3 pat=000 resclass=[ 17, -2, -34 ] xT=false
  D4 above=T2 pat=000 resclass=[ -2758, 1379, -2 ] xT=false
  D4 above=T3 pat=000 resclass=[ 17, -2, -34 ] xT=false
  D4 above=T1 pat=000 resclass=[ -46886, -2758, 17 ] xT=false
  D4 above=T1 pat=000 resclass=[ -46886, -2758, 17 ] xT=false
  D4 above=T2 pat=000 resclass=[ -2758, 1379, -2 ] xT=false
  D4 above=T3 pat=000 resclass=[ 17, -2, -34 ] xT=false
  D4 above=T2 pat=000 resclass=[ -2758, 1379, -2 ] xT=false
  D4 above=T3 pat=000 resclass=[ 17, -2, -34 ] xT=false
MEMBER stv 4/3 1/4 1/4 shape=[ 1, 1, 2, 2 ] tors=[ 4, 4 ] order4=12 norm111=0 xTpass=0
  D4 above=T1 pat=000 resclass=[ -5430503715, -2622165, 2071 ] xT=false
  D4 above=T1 pat=000 resclass=[ -5430503715, -2622165, 2071 ] xT=false
  D4 above=T2 pat=000 resclass=[ -2622165, 174811, -15 ] xT=false
  D4 above=T3 pat=000 resclass=[ 2071, -15, -31065 ] xT=false
  D4 above=T2 pat=000 resclass=[ -2622165, 174811, -15 ] xT=false
  D4 above=T3 pat=000 resclass=[ 2071, -15, -31065 ] xT=false
  D4 above=T1 pat=000 resclass=[ -5430503715, -2622165, 2071 ] xT=false
  D4 above=T1 pat=000 resclass=[ -5430503715, -2622165, 2071 ] xT=false
  D4 above=T2 pat=000 resclass=[ -2622165, 174811, -15 ] xT=false
  D4 above=T3 pat=000 resclass=[ 2071, -15, -31065 ] xT=false
  D4 above=T2 pat=000 resclass=[ -2622165, 174811, -15 ] xT=false
  D4 above=T3 pat=000 resclass=[ 2071, -15, -31065 ] xT=false
MEMBER stv 4/3 3 3/2 shape=[ 1, 1, 2, 2 ] tors=[ 4, 4 ] order4=12 norm111=0 xTpass=0
  D4 above=T1 pat=000 resclass=[ 361515, -10329, -35 ] xT=false
  D4 above=T1 pat=000 resclass=[ 361515, -10329, -35 ] xT=false
  D4 above=T3 pat=000 resclass=[ -35, 2, -70 ] xT=false
  D4 above=T2 pat=000 resclass=[ -10329, -20658, 2 ] xT=false
  D4 above=T3 pat=000 resclass=[ -35, 2, -70 ] xT=false
  D4 above=T2 pat=000 resclass=[ -10329, -20658, 2 ] xT=false
  D4 above=T1 pat=000 resclass=[ 361515, -10329, -35 ] xT=false
  D4 above=T1 pat=000 resclass=[ 361515, -10329, -35 ] xT=false
  D4 above=T3 pat=000 resclass=[ -35, 2, -70 ] xT=false
  D4 above=T2 pat=000 resclass=[ -10329, -20658, 2 ] xT=false
  D4 above=T3 pat=000 resclass=[ -35, 2, -70 ] xT=false
  D4 above=T2 pat=000 resclass=[ -10329, -20658, 2 ] xT=false
MEMBER stv 3/2 2 2/3 shape=[ 1, 1, 2, 2 ] tors=[ 4, 4 ] order4=12 norm111=0 xTpass=0
  D4 above=T1 pat=000 resclass=[ 330, -110, -3 ] xT=false
  D4 above=T1 pat=000 resclass=[ 330, -110, -3 ] xT=false
  D4 above=T2 pat=000 resclass=[ -110, -330, 3 ] xT=false
  D4 above=T3 pat=000 resclass=[ -3, 3, -1 ] xT=false
  D4 above=T2 pat=000 resclass=[ -110, -330, 3 ] xT=false
  D4 above=T3 pat=000 resclass=[ -3, 3, -1 ] xT=false
  D4 above=T1 pat=000 resclass=[ 330, -110, -3 ] xT=false
  D4 above=T1 pat=000 resclass=[ 330, -110, -3 ] xT=false
  D4 above=T2 pat=000 resclass=[ -110, -330, 3 ] xT=false
  D4 above=T3 pat=000 resclass=[ -3, 3, -1 ] xT=false
  D4 above=T2 pat=000 resclass=[ -110, -330, 3 ] xT=false
  D4 above=T3 pat=000 resclass=[ -3, 3, -1 ] xT=false
MEMBER stv 2 4/3 4 shape=[ 1, 1, 2, 2 ] tors=[ 4, 4 ] order4=12 norm111=0 xTpass=0
  D4 above=T1 pat=000 resclass=[ 1216061, 110551, 11 ] xT=false
  D4 above=T1 pat=000 resclass=[ 1216061, 110551, 11 ] xT=false
  D4 above=T3 pat=000 resclass=[ 11, 7, 77 ] xT=false
  D4 above=T2 pat=000 resclass=[ 110551, 15793, 7 ] xT=false
  D4 above=T3 pat=000 resclass=[ 11, 7, 77 ] xT=false
  D4 above=T2 pat=000 resclass=[ 110551, 15793, 7 ] xT=false
  D4 above=T1 pat=000 resclass=[ 1216061, 110551, 11 ] xT=false
  D4 above=T1 pat=000 resclass=[ 1216061, 110551, 11 ] xT=false
  D4 above=T3 pat=000 resclass=[ 11, 7, 77 ] xT=false
  D4 above=T2 pat=000 resclass=[ 110551, 15793, 7 ] xT=false
  D4 above=T3 pat=000 resclass=[ 11, 7, 77 ] xT=false
  D4 above=T2 pat=000 resclass=[ 110551, 15793, 7 ] xT=false
MEMBER stv 3 3/4 4/3 shape=[ 1, 1, 2, 2 ] tors=[ 4, 4 ] order4=12 norm111=0 xTpass=0
  D4 above=T1 pat=000 resclass=[ -525119595, -232869, 2255 ] xT=false
  D4 above=T1 pat=000 resclass=[ -525119595, -232869, 2255 ] xT=false
  D4 above=T3 pat=000 resclass=[ 2255, -7, -15785 ] xT=false
  D4 above=T2 pat=000 resclass=[ -232869, 33267, -7 ] xT=false
  D4 above=T3 pat=000 resclass=[ 2255, -7, -15785 ] xT=false
  D4 above=T2 pat=000 resclass=[ -232869, 33267, -7 ] xT=false
  D4 above=T1 pat=000 resclass=[ -525119595, -232869, 2255 ] xT=false
  D4 above=T1 pat=000 resclass=[ -525119595, -232869, 2255 ] xT=false
  D4 above=T3 pat=000 resclass=[ 2255, -7, -15785 ] xT=false
  D4 above=T2 pat=000 resclass=[ -232869, 33267, -7 ] xT=false
  D4 above=T3 pat=000 resclass=[ 2255, -7, -15785 ] xT=false
  D4 above=T2 pat=000 resclass=[ -232869, 33267, -7 ] xT=false
MEMBER stv 4 2/3 1/2 shape=[ 1, 1, 2, 2 ] tors=[ 4, 4 ] order4=12 norm111=0 xTpass=0
  D4 above=T1 pat=000 resclass=[ -9392690, -7390, 1271 ] xT=false
  D4 above=T1 pat=000 resclass=[ -9392690, -7390, 1271 ] xT=false
  D4 above=T2 pat=000 resclass=[ -7390, 1478, -5 ] xT=false
  D4 above=T3 pat=000 resclass=[ 1271, -5, -6355 ] xT=false
  D4 above=T2 pat=000 resclass=[ -7390, 1478, -5 ] xT=false
  D4 above=T3 pat=000 resclass=[ 1271, -5, -6355 ] xT=false
  D4 above=T1 pat=000 resclass=[ -9392690, -7390, 1271 ] xT=false
  D4 above=T1 pat=000 resclass=[ -9392690, -7390, 1271 ] xT=false
  D4 above=T2 pat=000 resclass=[ -7390, 1478, -5 ] xT=false
  D4 above=T3 pat=000 resclass=[ 1271, -5, -6355 ] xT=false
  D4 above=T2 pat=000 resclass=[ -7390, 1478, -5 ] xT=false
  D4 above=T3 pat=000 resclass=[ 1271, -5, -6355 ] xT=false
MEMBER stv 20/13 8/11 -4/9 shape=[ 1, 1, 2, 2 ] tors=[ 4, 4 ] order4=12 norm111=0 xTpass=0
  D4 above=T2 pat=000 resclass=[ 16312959561, -286192273, -57 ] xT=false
  D4 above=T2 pat=000 resclass=[ 16312959561, -286192273, -57 ] xT=false
  D4 above=T1 pat=000 resclass=[ 86578080224326959, 16312959561, 5307319 ] xT=false
  D4 above=T3 pat=000 resclass=[ 5307319, -57, -302517183 ] xT=false
  D4 above=T1 pat=000 resclass=[ 86578080224326959, 16312959561, 5307319 ] xT=false
  D4 above=T3 pat=000 resclass=[ 5307319, -57, -302517183 ] xT=false
  D4 above=T2 pat=000 resclass=[ 16312959561, -286192273, -57 ] xT=false
  D4 above=T2 pat=000 resclass=[ 16312959561, -286192273, -57 ] xT=false
  D4 above=T1 pat=000 resclass=[ 86578080224326959, 16312959561, 5307319 ] xT=false
  D4 above=T3 pat=000 resclass=[ 5307319, -57, -302517183 ] xT=false
  D4 above=T1 pat=000 resclass=[ 86578080224326959, 16312959561, 5307319 ] xT=false
  D4 above=T3 pat=000 resclass=[ 5307319, -57, -302517183 ] xT=false
MEMBER stv 7/4 11/13 -9/13 shape=[ 1, 1, 2, 2 ] tors=[ 4, 4 ] order4=12 norm111=0 xTpass=0
  D4 above=T3 pat=000 resclass=[ 54505, -3, -163515 ] xT=false
  D4 above=T3 pat=000 resclass=[ 54505, -3, -163515 ] xT=false
  D4 above=T2 pat=000 resclass=[ 68071307655, -22690435885, -3 ] xT=false
  D4 above=T1 pat=000 resclass=[ 148409064949431, 68071307655, 54505 ] xT=false
  D4 above=T2 pat=000 resclass=[ 68071307655, -22690435885, -3 ] xT=false
  D4 above=T1 pat=000 resclass=[ 148409064949431, 68071307655, 54505 ] xT=false
  D4 above=T3 pat=000 resclass=[ 54505, -3, -163515 ] xT=false
  D4 above=T3 pat=000 resclass=[ 54505, -3, -163515 ] xT=false
  D4 above=T2 pat=000 resclass=[ 68071307655, -22690435885, -3 ] xT=false
  D4 above=T1 pat=000 resclass=[ 148409064949431, 68071307655, 54505 ] xT=false
  D4 above=T2 pat=000 resclass=[ 68071307655, -22690435885, -3 ] xT=false
  D4 above=T1 pat=000 resclass=[ 148409064949431, 68071307655, 54505 ] xT=false
MEMBER stv 5 2 1/2 shape=[ 1, 1, 2, 2 ] tors=[ 4, 4 ] order4=12 norm111=0 xTpass=0
  D4 above=T2 pat=000 resclass=[ 30, 10, 3 ] xT=false
  D4 above=T2 pat=000 resclass=[ 30, 10, 3 ] xT=false
  D4 above=T3 pat=100 resclass=[ 1, 3, 3 ] xT=false
  D4 above=T1 pat=001 resclass=[ 30, 30, 1 ] xT=false
  D4 above=T3 pat=100 resclass=[ 1, 3, 3 ] xT=false
  D4 above=T1 pat=001 resclass=[ 30, 30, 1 ] xT=false
  D4 above=T2 pat=000 resclass=[ 30, 10, 3 ] xT=false
  D4 above=T2 pat=000 resclass=[ 30, 10, 3 ] xT=false
  D4 above=T3 pat=100 resclass=[ 1, 3, 3 ] xT=false
  D4 above=T1 pat=001 resclass=[ 30, 30, 1 ] xT=false
  D4 above=T3 pat=100 resclass=[ 1, 3, 3 ] xT=false
  D4 above=T1 pat=001 resclass=[ 30, 30, 1 ] xT=false
PART_DONE part=35
