MEMBER mnv -2 -1/4 -1982464/21049 shape=[ 1, 1, 2, 2 ] tors=[ 4, 4 ] order4=12 norm111=12 xTpass=0
  D4 above=T1 pat=111 resclass=[ 1, 1, 1 ] xT=false
  D4 above=T1 pat=111 resclass=[ 1, 1, 1 ] xT=false
  D4 above=T2 pat=111 resclass=[ 1, 1, 1 ] xT=false
  D4 above=T3 pat=111 resclass=[ 1, 1, 1 ] xT=false
  D4 above=T2 pat=111 resclass=[ 1, 1, 1 ] xT=false
  D4 above=T3 pat=111 resclass=[ 1, 1, 1 ] xT=false
  D4 above=T1 pat=111 resclass=[ 1, 1, 1 ] xT=false
  D4 above=T1 pat=111 resclass=[ 1, 1, 1 ] xT=false
  D4 above=T2 pat=111 resclass=[ 1, 1, 1 ] xT=false
  D4 above=T3 pat=111 resclass=[ 1, 1, 1 ] xT=false
  D4 above=T2 pat=111 resclass=[ 1, 1, 1 ] xT=false
  D4 above=T3 pat=111 resclass=[ 1, 1, 1 ] xT=false
MEMBER stv 1/4 3 -1/2 shape=[ 1, 1, 2, 2 ] tors=[ 4, 4 ] order4=12 norm111=0 xTpass=0
  D4 above=T1 pat=000 resclass=[ 231, -217, -1023 ] xT=false
  D4 above=T1 pat=000 resclass=[ 231, -217, -1023 ] xT=false
  D4 above=T2 pat=000 resclass=[ -217, -434, 2 ] xT=false
  D4 above=T3 pat=000 resclass=[ -1023, 2, -2046 ] xT=false
  D4 above=T2 pat=000 resclass=[ -217, -434, 2 ] xT=false
  D4 above=T3 pat=000 resclass=[ -1023, 2, -2046 ] xT=false
  D4 above=T1 pat=000 resclass=[ 231, -217, -1023 ] xT=false
  D4 above=T1 pat=000 resclass=[ 231, -217, -1023 ] xT=false
  D4 above=T2 pat=000 resclass=[ -217, -434, 2 ] xT=false
  D4 above=T3 pat=000 resclass=[ -1023, 2, -2046 ] xT=false
  D4 above=T2 pat=000 resclass=[ -217, -434, 2 ] xT=false
  D4 above=T3 pat=000 resclass=[ -1023, 2, -2046 ] xT=false
MEMBER stv 1/3 3/2 -3 shape=[ 1, 1, 2, 2 ] tors=[ 4, 4 ] order4=12 norm111=0 xTpass=0
  D4 above=T3 pat=000 resclass=[ -209, 5, -1045 ] xT=false
  D4 above=T3 pat=000 resclass=[ -209, 5, -1045 ] xT=false
  D4 above=T2 pat=000 resclass=[ -13110, -2622, 5 ] xT=false
  D4 above=T1 pat=000 resclass=[ 7590, -13110, -209 ] xT=false
  D4 above=T2 pat=000 resclass=[ -13110, -2622, 5 ] xT=false
  D4 above=T1 pat=000 resclass=[ 7590, -13110, -209 ] xT=false
  D4 above=T3 pat=000 resclass=[ -209, 5, -1045 ] xT=false
  D4 above=T3 pat=000 resclass=[ -209, 5, -1045 ] xT=false
  D4 above=T2 pat=000 resclass=[ -13110, -2622, 5 ] xT=false
  D4 above=T1 pat=000 resclass=[ 7590, -13110, -209 ] xT=false
  D4 above=T2 pat=000 resclass=[ -13110, -2622, 5 ] xT=false
  D4 above=T1 pat=000 resclass=[ 7590, -13110, -209 ] xT=false
MEMBER stv 1/2 4/3 -1 shape=[ 1, 1, 2, 2 ] tors=[ 4, 4 ] order4=12 norm111=0 xTpass=0
  D4 above=T3 pat=000 resclass=[ -115, 7, -805 ] xT=false
  D4 above=T3 pat=000 resclass=[ -115, 7, -805 ] xT=false
  D4 above=T2 pat=000 resclass=[ -14511, -2073, 7 ] xT=false
  D4 above=T1 pat=000 resclass=[ 1668765, -14511, -115 ] xT=false
  D4 above=T2 pat=000 resclass=[ -14511, -2073, 7 ] xT=false
  D4 above=T1 pat=000 resclass=[ 1668765, -14511, -115 ] xT=false
  D4 above=T3 pat=000 resclass=[ -115, 7, -805 ] xT=false
  D4 above=T3 pat=000 resclass=[ -115, 7, -805 ] xT=false
  D4 above=T2 pat=000 resclass=[ -14511, -2073, 7 ] xT=false
  D4 above=T1 pat=000 resclass=[ 1668765, -14511, -115 ] xT=false
  D4 above=T2 pat=000 resclass=[ -14511, -2073, 7 ] xT=false
  D4 above=T1 pat=000 resclass=[ 1668765, -14511, -115 ] xT=false
MEMBER stv 2/3 3/4 -1/3 shape=[ 1, 1, 2, 2 ] tors=[ 4, 4 ] order4=12 norm111=0 xTpass=0
  D4 above=T2 pat=000 resclass=[ 2570043, -367149, -7 ] xT=false
  D4 above=T2 pat=000 resclass=[ 2570043, -367149, -7 ] xT=false
  D4 above=T3 pat=000 resclass=[ 583, -7, -4081 ] xT=false
  D4 above=T1 pat=000 resclass=[ 1498335069, 2570043, 583 ] xT=false
  D4 above=T3 pat=000 resclass=[ 583, -7, -4081 ] xT=false
  D4 above=T1 pat=000 resclass=[ 1498335069, 2570043, 583 ] xT=false
  D4 above=T2 pat=000 resclass=[ 2570043, -367149, -7 ] xT=false
  D4 above=T2 pat=000 resclass=[ 2570043, -367149, -7 ] xT=false
  D4 above=T3 pat=000 resclass=[ 583, -7, -4081 ] xT=false
  D4 above=T1 pat=000 resclass=[ 1498335069, 2570043, 583 ] xT=false
  D4 above=T3 pat=000 resclass=[ 583, -7, -4081 ] xT=false
  D4 above=T1 pat=000 resclass=[ 1498335069, 2570043, 583 ] xT=false
MEMBER stv 3/4 1/2 -2 INVALID
MEMBER stv 1 1/3 -3/4 shape=[ 1, 1, 2, 2 ] tors=[ 4, 4 ] order4=12 norm111=0 xTpass=0
  D4 above=T2 pat=000 resclass=[ 38, -19, -2 ] xT=false
  D4 above=T2 pat=000 resclass=[ 38, -19, -2 ] xT=false
  D4 above=T3 pat=000 resclass=[ 17, -2, -34 ] xT=false
  D4 above=T1 pat=000 resclass=[ 646, 38, 17 ] xT=false
  D4 above=T3 pat=000 resclass=[ 17, -2, -34 ] xT=false
  D4 above=T1 pat=000 resclass=[ 646, 38, 17 ] xT=false
  D4 above=T2 pat=000 resclass=[ 38, -19, -2 ] xT=false
  D4 above=T2 pat=000 resclass=[ 38, -19, -2 ] xT=false
  D4 above=T3 pat=000 resclass=[ 17, -2, -34 ] xT=false
  D4 above=T1 pat=000 resclass=[ 646, 38, 17 ] xT=false
  D4 above=T3 pat=000 resclass=[ 17, -2, -34 ] xT=false
  D4 above=T1 pat=000 resclass=[ 646, 38, 17 ] xT=false
MEMBER stv 4/3 1/4 -1/4 shape=[ 1, 1, 2, 2 ] tors=[ 4, 4 ] order4=12 norm111=0 xTpass=0
  D4 above=T3 pat=000 resclass=[ 2071, -15, -31065 ] xT=false
  D4 above=T3 pat=000 resclass=[ 2071, -15, -31065 ] xT=false
  D4 above=T1 pat=000 resclass=[ 30971805, 14955, 2071 ] xT=false
  D4 above=T2 pat=000 resclass=[ 14955, -997, -15 ] xT=false
  D4 above=T1 pat=000 resclass=[ 30971805, 14955, 2071 ] xT=false
  D4 above=T2 pat=000 resclass=[ 14955, -997, -15 ] xT=false
  D4 above=T3 pat=000 resclass=[ 2071, -15, -31065 ] xT=false
  D4 above=T3 pat=000 resclass=[ 2071, -15, -31065 ] xT=false
  D4 above=T1 pat=000 resclass=[ 30971805, 14955, 2071 ] xT=false
  D4 above=T2 pat=000 resclass=[ 14955, -997, -15 ] xT=false
  D4 above=T1 pat=000 resclass=[ 30971805, 14955, 2071 ] xT=false
  D4 above=T2 pat=000 resclass=[ 14955, -997, -15 ] xT=false
MEMBER stv 4/3 3 -3/2 shape=[ 1, 1, 2, 2 ] tors=[ 4, 4 ] order4=12 norm111=0 xTpass=0
  D4 above=T2 pat=000 resclass=[ 4785, 9570, 2 ] xT=false
  D4 above=T2 pat=000 resclass=[ 4785, 9570, 2 ] xT=false
  D4 above=T1 pat=000 resclass=[ -6699, 4785, -35 ] xT=false
  D4 above=T3 pat=000 resclass=[ -35, 2, -70 ] xT=false
  D4 above=T1 pat=000 resclass=[ -6699, 4785, -35 ] xT=false
  D4 above=T3 pat=000 resclass=[ -35, 2, -70 ] xT=false
  D4 above=T2 pat=000 resclass=[ 4785, 9570, 2 ] xT=false
  D4 above=T2 pat=000 resclass=[ 4785, 9570, 2 ] xT=false
  D4 above=T1 pat=000 resclass=[ -6699, 4785, -35 ] xT=false
  D4 above=T3 pat=000 resclass=[ -35, 2, -70 ] xT=false
  D4 above=T1 pat=000 resclass=[ -6699, 4785, -35 ] xT=false
  D4 above=T3 pat=000 resclass=[ -35, 2, -70 ] xT=false
MEMBER stv 3/2 2 -2/3 shape=[ 1, 1, 2, 2 ] tors=[ 4, 4 ] order4=12 norm111=0 xTpass=0
  D4 above=T2 pat=000 resclass=[ 30, 10, 3 ] xT=false
  D4 above=T2 pat=000 resclass=[ 30, 10, 3 ] xT=false
  D4 above=T3 pat=000 resclass=[ -3, 3, -1 ] xT=false
  D4 above=T1 pat=000 resclass=[ -10, 30, -3 ] xT=false
  D4 above=T3 pat=000 resclass=[ -3, 3, -1 ] xT=false
  D4 above=T1 pat=000 resclass=[ -10, 30, -3 ] xT=false
  D4 above=T2 pat=000 resclass=[ 30, 10, 3 ] xT=false
  D4 above=T2 pat=000 resclass=[ 30, 10, 3 ] xT=false
  D4 above=T3 pat=000 resclass=[ -3, 3, -1 ] xT=false
  D4 above=T1 pat=000 resclass=[ -10, 30, -3 ] xT=false
  D4 above=T3 pat=000 resclass=[ -3, 3, -1 ] xT=false
  D4 above=T1 pat=000 resclass=[ -10, 30, -3 ] xT=false
MEMBER stv 2 4/3 -4 shape=[ 1, 1, 2, 2 ] tors=[ 4, 4 ] order4=12 norm111=0 xTpass=0
  D4 above=T2 pat=000 resclass=[ -80535, -11505, 7 ] xT=false
  D4 above=T2 pat=000 resclass=[ -80535, -11505, 7 ] xT=false
  D4 above=T3 pat=000 resclass=[ 11, 7, 77 ] xT=false
  D4 above=T1 pat=000 resclass=[ -885885, -80535, 11 ] xT=false
  D4 above=T3 pat=000 resclass=[ 11, 7, 77 ] xT=false
  D4 above=T1 pat=000 resclass=[ -885885, -80535, 11 ] xT=false
  D4 above=T2 pat=000 resclass=[ -80535, -11505, 7 ] xT=false
  D4 above=T2 pat=000 resclass=[ -80535, -11505, 7 ] xT=false
  D4 above=T3 pat=000 resclass=[ 11, 7, 77 ] xT=false
  D4 above=T1 pat=000 resclass=[ -885885, -80535, 11 ] xT=false
  D4 above=T3 pat=000 resclass=[ 11, 7, 77 ] xT=false
  D4 above=T1 pat=000 resclass=[ -885885, -80535, 11 ] xT=false
MEMBER stv 3 3/4 -4/3 shape=[ 1, 1, 2, 2 ] tors=[ 4, 4 ] order4=12 norm111=0 xTpass=0
  D4 above=T2 pat=000 resclass=[ 6699, -957, -7 ] xT=false
  D4 above=T2 pat=000 resclass=[ 6699, -957, -7 ] xT=false
  D4 above=T1 pat=000 resclass=[ 124845, 6699, 2255 ] xT=false
  D4 above=T3 pat=000 resclass=[ 2255, -7, -15785 ] xT=false
  D4 above=T1 pat=000 resclass=[ 124845, 6699, 2255 ] xT=false
  D4 above=T3 pat=000 resclass=[ 2255, -7, -15785 ] xT=false
  D4 above=T2 pat=000 resclass=[ 6699, -957, -7 ] xT=false
  D4 above=T2 pat=000 resclass=[ 6699, -957, -7 ] xT=false
  D4 above=T1 pat=000 resclass=[ 124845, 6699, 2255 ] xT=false
  D4 above=T3 pat=000 resclass=[ 2255, -7, -15785 ] xT=false
  D4 above=T1 pat=000 resclass=[ 124845, 6699, 2255 ] xT=false
  D4 above=T3 pat=000 resclass=[ 2255, -7, -15785 ] xT=false
MEMBER stv 4 2/3 -1/2 shape=[ 1, 1, 2, 2 ] tors=[ 4, 4 ] order4=12 norm111=0 xTpass=0
  D4 above=T1 pat=000 resclass=[ 51335690, 40390, 1271 ] xT=false
  D4 above=T1 pat=000 resclass=[ 51335690, 40390, 1271 ] xT=false
  D4 above=T2 pat=000 resclass=[ 40390, -8078, -5 ] xT=false
  D4 above=T3 pat=000 resclass=[ 1271, -5, -6355 ] xT=false
  D4 above=T2 pat=000 resclass=[ 40390, -8078, -5 ] xT=false
  D4 above=T3 pat=000 resclass=[ 1271, -5, -6355 ] xT=false
  D4 above=T1 pat=000 resclass=[ 51335690, 40390, 1271 ] xT=false
  D4 above=T1 pat=000 resclass=[ 51335690, 40390, 1271 ] xT=false
  D4 above=T2 pat=000 resclass=[ 40390, -8078, -5 ] xT=false
  D4 above=T3 pat=000 resclass=[ 1271, -5, -6355 ] xT=false
  D4 above=T2 pat=000 resclass=[ 40390, -8078, -5 ] xT=false
  D4 above=T3 pat=000 resclass=[ 1271, -5, -6355 ] xT=false
MEMBER stv 6/5 2 1 shape=[ 1, 1, 2, 2 ] tors=[ 4, 4 ] order4=12 norm111=0 xTpass=0
  D4 above=T3 pat=000 resclass=[ -21, 3, -7 ] xT=false
  D4 above=T3 pat=000 resclass=[ -21, 3, -7 ] xT=false
  D4 above=T1 pat=000 resclass=[ 102053, -43737, -21 ] xT=false
  D4 above=T2 pat=000 resclass=[ -43737, -14579, 3 ] xT=false
  D4 above=T1 pat=000 resclass=[ 102053, -43737, -21 ] xT=false
  D4 above=T2 pat=000 resclass=[ -43737, -14579, 3 ] xT=false
  D4 above=T3 pat=000 resclass=[ -21, 3, -7 ] xT=false
  D4 above=T3 pat=000 resclass=[ -21, 3, -7 ] xT=false
  D4 above=T1 pat=000 resclass=[ 102053, -43737, -21 ] xT=false
  D4 above=T2 pat=000 resclass=[ -43737, -14579, 3 ] xT=false
  D4 above=T1 pat=000 resclass=[ 102053, -43737, -21 ] xT=false
  D4 above=T2 pat=000 resclass=[ -43737, -14579, 3 ] xT=false
MEMBER stv 14/15 2/5 9/17 shape=[ 1, 1, 2, 2 ] tors=[ 4, 4 ] order4=12 norm111=0 xTpass=0
  D4 above=T2 pat=000 resclass=[ -550137, 26197, -21 ] xT=false
  D4 above=T2 pat=000 resclass=[ -550137, 26197, -21 ] xT=false
  D4 above=T1 pat=000 resclass=[ -10452603, -550137, 19 ] xT=false
  D4 above=T3 pat=000 resclass=[ 19, -21, -399 ] xT=false
  D4 above=T1 pat=000 resclass=[ -10452603, -550137, 19 ] xT=false
  D4 above=T3 pat=000 resclass=[ 19, -21, -399 ] xT=false
  D4 above=T2 pat=000 resclass=[ -550137, 26197, -21 ] xT=false
  D4 above=T2 pat=000 resclass=[ -550137, 26197, -21 ] xT=false
  D4 above=T1 pat=000 resclass=[ -10452603, -550137, 19 ] xT=false
  D4 above=T3 pat=000 resclass=[ 19, -21, -399 ] xT=false
  D4 above=T1 pat=000 resclass=[ -10452603, -550137, 19 ] xT=false
  D4 above=T3 pat=000 resclass=[ 19, -21, -399 ] xT=false
MEMBER stv 14/5 4 14/17 shape=[ 1, 1, 2, 2 ] tors=[ 4, 4 ] order4=12 norm111=0 xTpass=0
  D4 above=T3 pat=000 resclass=[ -5429, 15, -81435 ] xT=false
  D4 above=T3 pat=000 resclass=[ -5429, 15, -81435 ] xT=false
  D4 above=T1 pat=000 resclass=[ 4964645562581670, -914467777230, -5429 ] xT=false
  D4 above=T2 pat=000 resclass=[ -914467777230, -60964518482, 15 ] xT=false
  D4 above=T1 pat=000 resclass=[ 4964645562581670, -914467777230, -5429 ] xT=false
  D4 above=T2 pat=000 resclass=[ -914467777230, -60964518482, 15 ] xT=false
  D4 above=T3 pat=000 resclass=[ -5429, 15, -81435 ] xT=false
  D4 above=T3 pat=000 resclass=[ -5429, 15, -81435 ] xT=false
  D4 above=T1 pat=000 resclass=[ 4964645562581670, -914467777230, -5429 ] xT=false
  D4 above=T2 pat=000 resclass=[ -914467777230, -60964518482, 15 ] xT=false
  D4 above=T1 pat=000 resclass=[ 4964645562581670, -914467777230, -5429 ] xT=false
  D4 above=T2 pat=000 resclass=[ -914467777230, -60964518482, 15 ] xT=false
PART_DONE part=36
