MEMBER mnv 2 1/4 65536/21049 shape=[ 1, 1, 2, 2 ] tors=[ 4, 4 ] order4=12 norm111=12 xTpass=0
  D4 above=T1 pat=111 resclass=[ 1, 1, 1 ] xT=false
  D4 above=T1 pat=111 resclass=[ 1, 1, 1 ] xT=false
  D4 above=T2 pat=111 resclass=[ 1, 1, 1 ] xT=false
  D4 above=T3 pat=111 resclass=[ 1, 1, 1 ] xT=false
  D4 above=T2 pat=111 resclass=[ 1, 1, 1 ] xT=false
  D4 above=T3 pat=111 resclass=[ 1, 1, 1 ] xT=false
  D4 above=T1 pat=111 resclass=[ 1, 1, 1 ] xT=false
  D4 above=T1 pat=111 resclass=[ 1, 1, 1 ] xT=false
  D4 above=T2 pat=111 resclass=[ 1, 1, 1 ] xT=false
  D4 above=T3 pat=111 resclass=[ 1, 1, 1 ] xT=false
  D4 above=T2 pat=111 resclass=[ 1, 1, 1 ] xT=false
  D4 above=T3 pat=111 resclass=[ 1, 1, 1 ] xT=false
MEMBER stv 1/4 3 2/3 shape=[ 1, 1, 2, 2 ] tors=[ 4, 4 ] order4=12 norm111=0 xTpass=0
  D4 above=T1 pat=000 resclass=[ 7843, -69, -1023 ] xT=false
  D4 above=T1 pat=000 resclass=[ 7843, -69, -1023 ] xT=false
  D4 above=T2 pat=000 resclass=[ -69, -138, 2 ] xT=false
  D4 above=T3 pat=000 resclass=[ -1023, 2, -2046 ] xT=false
  D4 above=T2 pat=000 resclass=[ -69, -138, 2 ] xT=false
  D4 above=T3 pat=000 resclass=[ -1023, 2, -2046 ] xT=false
  D4 above=T1 pat=000 resclass=[ 7843, -69, -1023 ] xT=false
  D4 above=T1 pat=000 resclass=[ 7843, -69, -1023 ] xT=false
  D4 above=T2 pat=000 resclass=[ -69, -138, 2 ] xT=false
  D4 above=T3 pat=000 resclass=[ -1023, 2, -2046 ] xT=false
  D4 above=T2 pat=000 resclass=[ -69, -138, 2 ] xT=false
  D4 above=T3 pat=000 resclass=[ -1023, 2, -2046 ] xT=false
MEMBER stv 1/3 3/2 4 shape=[ 1, 1, 2, 2 ] tors=[ 4, 4 ] order4=12 norm111=0 xTpass=0
  D4 above=T2 pat=000 resclass=[ -22945, -4589, 5 ] xT=false
  D4 above=T2 pat=000 resclass=[ -22945, -4589, 5 ] xT=false
  D4 above=T3 pat=000 resclass=[ -209, 5, -1045 ] xT=false
  D4 above=T1 pat=000 resclass=[ 4795505, -22945, -209 ] xT=false
  D4 above=T3 pat=000 resclass=[ -209, 5, -1045 ] xT=false
  D4 above=T1 pat=000 resclass=[ 4795505, -22945, -209 ] xT=false
  D4 above=T2 pat=000 resclass=[ -22945, -4589, 5 ] xT=false
  D4 above=T2 pat=000 resclass=[ -22945, -4589, 5 ] xT=false
  D4 above=T3 pat=000 resclass=[ -209, 5, -1045 ] xT=false
  D4 above=T1 pat=000 resclass=[ 4795505, -22945, -209 ] xT=false
  D4 above=T3 pat=000 resclass=[ -209, 5, -1045 ] xT=false
  D4 above=T1 pat=000 resclass=[ 4795505, -22945, -209 ] xT=false
MEMBER stv 1/2 4/3 4/3 shape=[ 1, 1, 2, 2 ] tors=[ 4, 4 ] order4=12 norm111=0 xTpass=0
  D4 above=T2 pat=000 resclass=[ -651, -93, 7 ] xT=false
  D4 above=T2 pat=000 resclass=[ -651, -93, 7 ] xT=false
  D4 above=T1 pat=000 resclass=[ 74865, -651, -115 ] xT=false
  D4 above=T3 pat=000 resclass=[ -115, 7, -805 ] xT=false
  D4 above=T1 pat=000 resclass=[ 74865, -651, -115 ] xT=false
  D4 above=T3 pat=000 resclass=[ -115, 7, -805 ] xT=false
  D4 above=T2 pat=000 resclass=[ -651, -93, 7 ] xT=false
  D4 above=T2 pat=000 resclass=[ -651, -93, 7 ] xT=false
  D4 above=T1 pat=000 resclass=[ 74865, -651, -115 ] xT=false
  D4 above=T3 pat=000 resclass=[ -115, 7, -805 ] xT=false
  D4 above=T1 pat=000 resclass=[ 74865, -651, -115 ] xT=false
  D4 above=T3 pat=000 resclass=[ -115, 7, -805 ] xT=false
MEMBER stv 2/3 3/4 1/2 shape=[ 1, 1, 2, 2 ] tors=[ 4, 4 ] order4=12 norm111=0 xTpass=0
  D4 above=T3 pat=000 resclass=[ 583, -7, -4081 ] xT=false
  D4 above=T3 pat=000 resclass=[ 583, -7, -4081 ] xT=false
  D4 above=T2 pat=000 resclass=[ -477323, 68189, -7 ] xT=false
  D4 above=T1 pat=000 resclass=[ -2299829, -477323, 583 ] xT=false
  D4 above=T2 pat=000 resclass=[ -477323, 68189, -7 ] xT=false
  D4 above=T1 pat=000 resclass=[ -2299829, -477323, 583 ] xT=false
  D4 above=T3 pat=000 resclass=[ 583, -7, -4081 ] xT=false
  D4 above=T3 pat=000 resclass=[ 583, -7, -4081 ] xT=false
  D4 above=T2 pat=000 resclass=[ -477323, 68189, -7 ] xT=false
  D4 above=T1 pat=000 resclass=[ -2299829, -477323, 583 ] xT=false
  D4 above=T2 pat=000 resclass=[ -477323, 68189, -7 ] xT=false
  D4 above=T1 pat=000 resclass=[ -2299829, -477323, 583 ] xT=false
MEMBER stv 3/4 1/2 3 INVALID
MEMBER stv 1 1/3 1 shape=[ 1, 1, 2, 2 ] tors=[ 4, 4 ] order4=12 norm111=0 xTpass=0
  D4 above=T3 pat=000 resclass=[ 17, -2, -34 ] xT=false
  D4 above=T3 pat=000 resclass=[ 17, -2, -34 ] xT=false
  D4 above=T2 pat=000 resclass=[ -170, 85, -2 ] xT=false
  D4 above=T1 pat=000 resclass=[ -10, -170, 17 ] xT=false
  D4 above=T2 pat=000 resclass=[ -170, 85, -2 ] xT=false
  D4 above=T1 pat=000 resclass=[ -10, -170, 17 ] xT=false
  D4 above=T3 pat=000 resclass=[ 17, -2, -34 ] xT=false
  D4 above=T3 pat=000 resclass=[ 17, -2, -34 ] xT=false
  D4 above=T2 pat=000 resclass=[ -170, 85, -2 ] xT=false
  D4 above=T1 pat=000 resclass=[ -10, -170, 17 ] xT=false
  D4 above=T2 pat=000 resclass=[ -170, 85, -2 ] xT=false
  D4 above=T1 pat=000 resclass=[ -10, -170, 17 ] xT=false
MEMBER stv 4/3 1/4 1/3 shape=[ 1, 1, 2, 2 ] tors=[ 4, 4 ] order4=12 norm111=0 xTpass=0
  D4 above=T3 pat=000 resclass=[ 2071, -15, -31065 ] xT=false
  D4 above=T3 pat=000 resclass=[ 2071, -15, -31065 ] xT=false
  D4 above=T2 pat=000 resclass=[ -2395745, 1437447, -15 ] xT=false
  D4 above=T1 pat=000 resclass=[ -4961587895, -2395745, 2071 ] xT=false
  D4 above=T2 pat=000 resclass=[ -2395745, 1437447, -15 ] xT=false
  D4 above=T1 pat=000 resclass=[ -4961587895, -2395745, 2071 ] xT=false
  D4 above=T3 pat=000 resclass=[ 2071, -15, -31065 ] xT=false
  D4 above=T3 pat=000 resclass=[ 2071, -15, -31065 ] xT=false
  D4 above=T2 pat=000 resclass=[ -2395745, 1437447, -15 ] xT=false
  D4 above=T1 pat=000 resclass=[ -4961587895, -2395745, 2071 ] xT=false
  D4 above=T2 pat=000 resclass=[ -2395745, 1437447, -15 ] xT=false
  D4 above=T1 pat=000 resclass=[ -4961587895, -2395745, 2071 ] xT=false
MEMBER stv 4/3 3 2 shape=[ 1, 1, 2, 2 ] tors=[ 4, 4 ] order4=12 norm111=0 xTpass=0
  D4 above=T3 pat=000 resclass=[ -35, 2, -70 ] xT=false
  D4 above=T3 pat=000 resclass=[ -35, 2, -70 ] xT=false
  D4 above=T2 pat=000 resclass=[ -51455, -102910, 2 ] xT=false
  D4 above=T1 pat=000 resclass=[ 72037, -51455, -35 ] xT=false
  D4 above=T2 pat=000 resclass=[ -51455, -102910, 2 ] xT=false
  D4 above=T1 pat=000 resclass=[ 72037, -51455, -35 ] xT=false
  D4 above=T3 pat=000 resclass=[ -35, 2, -70 ] xT=false
  D4 above=T3 pat=000 resclass=[ -35, 2, -70 ] xT=false
  D4 above=T2 pat=000 resclass=[ -51455, -102910, 2 ] xT=false
  D4 above=T1 pat=000 resclass=[ 72037, -51455, -35 ] xT=false
  D4 above=T2 pat=000 resclass=[ -51455, -102910, 2 ] xT=false
  D4 above=T1 pat=000 resclass=[ 72037, -51455, -35 ] xT=false
MEMBER stv 3/2 2 3/4 shape=[ 1, 1, 2, 2 ] tors=[ 4, 4 ] order4=12 norm111=0 xTpass=0
  D4 above=T2 pat=000 resclass=[ -4343, -13029, 3 ] xT=false
  D4 above=T2 pat=000 resclass=[ -4343, -13029, 3 ] xT=false
  D4 above=T3 pat=000 resclass=[ -3, 3, -1 ] xT=false
  D4 above=T1 pat=000 resclass=[ 13029, -4343, -3 ] xT=false
  D4 above=T3 pat=000 resclass=[ -3, 3, -1 ] xT=false
  D4 above=T1 pat=000 resclass=[ 13029, -4343, -3 ] xT=false
  D4 above=T2 pat=000 resclass=[ -4343, -13029, 3 ] xT=false
  D4 above=T2 pat=000 resclass=[ -4343, -13029, 3 ] xT=false
  D4 above=T3 pat=000 resclass=[ -3, 3, -1 ] xT=false
  D4 above=T1 pat=000 resclass=[ 13029, -4343, -3 ] xT=false
  D4 above=T3 pat=000 resclass=[ -3, 3, -1 ] xT=false
  D4 above=T1 pat=000 resclass=[ 13029, -4343, -3 ] xT=false
MEMBER stv 2 3/2 1/4 shape=[ 1, 1, 2, 2 ] tors=[ 4, 4 ] order4=12 norm111=0 xTpass=0
  D4 above=T1 pat=000 resclass=[ 32370, 830, 39 ] xT=false
  D4 above=T1 pat=000 resclass=[ 32370, 830, 39 ] xT=false
  D4 above=T2 pat=000 resclass=[ 830, 166, 5 ] xT=false
  D4 above=T3 pat=000 resclass=[ 39, 5, 195 ] xT=false
  D4 above=T2 pat=000 resclass=[ 830, 166, 5 ] xT=false
  D4 above=T3 pat=000 resclass=[ 39, 5, 195 ] xT=false
  D4 above=T1 pat=000 resclass=[ 32370, 830, 39 ] xT=false
  D4 above=T1 pat=000 resclass=[ 32370, 830, 39 ] xT=false
  D4 above=T2 pat=000 resclass=[ 830, 166, 5 ] xT=false
  D4 above=T3 pat=000 resclass=[ 39, 5, 195 ] xT=false
  D4 above=T2 pat=000 resclass=[ 830, 166, 5 ] xT=false
  D4 above=T3 pat=000 resclass=[ 39, 5, 195 ] xT=false
MEMBER stv 3 3/4 3/2 shape=[ 1, 1, 2, 2 ] tors=[ 4, 4 ] order4=12 norm111=0 xTpass=0
  D4 above=T2 pat=000 resclass=[ -9272634, 1324662, -7 ] xT=false
  D4 above=T2 pat=000 resclass=[ -9272634, 1324662, -7 ] xT=false
  D4 above=T1 pat=000 resclass=[ -20909789670, -9272634, 2255 ] xT=false
  D4 above=T3 pat=000 resclass=[ 2255, -7, -15785 ] xT=false
  D4 above=T1 pat=000 resclass=[ -20909789670, -9272634, 2255 ] xT=false
  D4 above=T3 pat=000 resclass=[ 2255, -7, -15785 ] xT=false
  D4 above=T2 pat=000 resclass=[ -9272634, 1324662, -7 ] xT=false
  D4 above=T2 pat=000 resclass=[ -9272634, 1324662, -7 ] xT=false
  D4 above=T1 pat=000 resclass=[ -20909789670, -9272634, 2255 ] xT=false
  D4 above=T3 pat=000 resclass=[ 2255, -7, -15785 ] xT=false
  D4 above=T1 pat=000 resclass=[ -20909789670, -9272634, 2255 ] xT=false
  D4 above=T3 pat=000 resclass=[ 2255, -7, -15785 ] xT=false
MEMBER stv 4 2/3 2/3 shape=[ 1, 1, 2, 2 ] tors=[ 4, 4 ] order4=12 norm111=0 xTpass=0
  D4 above=T2 pat=000 resclass=[ -4830, 966, -5 ] xT=false
  D4 above=T2 pat=000 resclass=[ -4830, 966, -5 ] xT=false
  D4 above=T3 pat=000 resclass=[ 1271, -5, -6355 ] xT=false
  D4 above=T1 pat=000 resclass=[ -6138930, -4830, 1271 ] xT=false
  D4 above=T3 pat=000 resclass=[ 1271, -5, -6355 ] xT=false
  D4 above=T1 pat=000 resclass=[ -6138930, -4830, 1271 ] xT=false
  D4 above=T2 pat=000 resclass=[ -4830, 966, -5 ] xT=false
  D4 above=T2 pat=000 resclass=[ -4830, 966, -5 ] xT=false
  D4 above=T3 pat=000 resclass=[ 1271, -5, -6355 ] xT=false
  D4 above=T1 pat=000 resclass=[ -6138930, -4830, 1271 ] xT=false
  D4 above=T3 pat=000 resclass=[ 1271, -5, -6355 ] xT=false
  D4 above=T1 pat=000 resclass=[ -6138930, -4830, 1271 ] xT=false
MEMBER stv 16/9 4/19 -10/9 shape=[ 1, 1, 2, 2 ] tors=[ 4, 4 ] order4=12 norm111=0 xTpass=0
  D4 above=T3 pat=000 resclass=[ 23721151, -345, -8183797095 ] xT=false
  D4 above=T3 pat=000 resclass=[ 23721151, -345, -8183797095 ] xT=false
  D4 above=T2 pat=000 resclass=[ 1253535305322, -90835891690, -345 ] xT=false
  D4 above=T1 pat=000 resclass=[ 29735300261374265622, 1253535305322, 23721151 ] xT=false
  D4 above=T2 pat=000 resclass=[ 1253535305322, -90835891690, -345 ] xT=false
  D4 above=T1 pat=000 resclass=[ 29735300261374265622, 1253535305322, 23721151 ] xT=false
  D4 above=T3 pat=000 resclass=[ 23721151, -345, -8183797095 ] xT=false
  D4 above=T3 pat=000 resclass=[ 23721151, -345, -8183797095 ] xT=false
  D4 above=T2 pat=000 resclass=[ 1253535305322, -90835891690, -345 ] xT=false
  D4 above=T1 pat=000 resclass=[ 29735300261374265622, 1253535305322, 23721151 ] xT=false
  D4 above=T2 pat=000 resclass=[ 1253535305322, -90835891690, -345 ] xT=false
  D4 above=T1 pat=000 resclass=[ 29735300261374265622, 1253535305322, 23721151 ] xT=false
MEMBER stv 7/4 5/8 17/10 shape=[ 1, 1, 2, 2 ] tors=[ 4, 4 ] order4=12 norm111=0 xTpass=0
  D4 above=T3 pat=000 resclass=[ 11023, -39, -429897 ] xT=false
  D4 above=T3 pat=000 resclass=[ 11023, -39, -429897 ] xT=false
  D4 above=T1 pat=000 resclass=[ -26956062302390, -2445437930, 11023 ] xT=false
  D4 above=T2 pat=000 resclass=[ -2445437930, 564331830, -39 ] xT=false
  D4 above=T1 pat=000 resclass=[ -26956062302390, -2445437930, 11023 ] xT=false
  D4 above=T2 pat=000 resclass=[ -2445437930, 564331830, -39 ] xT=false
  D4 above=T3 pat=000 resclass=[ 11023, -39, -429897 ] xT=false
  D4 above=T3 pat=000 resclass=[ 11023, -39, -429897 ] xT=false
  D4 above=T1 pat=000 resclass=[ -26956062302390, -2445437930, 11023 ] xT=false
  D4 above=T2 pat=000 resclass=[ -2445437930, 564331830, -39 ] xT=false
  D4 above=T1 pat=000 resclass=[ -26956062302390, -2445437930, 11023 ] xT=false
  D4 above=T2 pat=000 resclass=[ -2445437930, 564331830, -39 ] xT=false
MEMBER stv 2/5 18 1/17 shape=[ 1, 1, 2, 2 ] tors=[ 4, 4 ] order4=12 norm111=0 xTpass=0
  D4 above=T1 pat=000 resclass=[ 1042191780981, -2369107169, -53229 ] xT=false
  D4 above=T1 pat=000 resclass=[ 1042191780981, -2369107169, -53229 ] xT=false
  D4 above=T3 pat=000 resclass=[ -53229, 323, -17192967 ] xT=false
  D4 above=T2 pat=000 resclass=[ -2369107169, -2119727467, 323 ] xT=false
  D4 above=T3 pat=000 resclass=[ -53229, 323, -17192967 ] xT=false
  D4 above=T2 pat=000 resclass=[ -2369107169, -2119727467, 323 ] xT=false
  D4 above=T1 pat=000 resclass=[ 1042191780981, -2369107169, -53229 ] xT=false
  D4 above=T1 pat=000 resclass=[ 1042191780981, -2369107169, -53229 ] xT=false
  D4 above=T3 pat=000 resclass=[ -53229, 323, -17192967 ] xT=false
  D4 above=T2 pat=000 resclass=[ -2369107169, -2119727467, 323 ] xT=false
  D4 above=T3 pat=000 resclass=[ -53229, 323, -17192967 ] xT=false
  D4 above=T2 pat=000 resclass=[ -2369107169, -2119727467, 323 ] xT=false
PART_DONE part=37
