MEMBER mnv 3 1 1 shape=[ 1, 1, 2, 2 ] tors=[ 4, 4 ] order4=12 norm111=4 xTpass=0
  D4 above=T1 pat=001 resclass=[ 1427910169, 1427910169, 1 ] xT=false
  D4 above=T1 pat=001 resclass=[ 1427910169, 1427910169, 1 ] xT=false
  D4 above=T3 pat=111 resclass=[ 1, 1, 1 ] xT=false
  D4 above=T2 pat=001 resclass=[ 1427910169, 1427910169, 1 ] xT=false
  D4 above=T3 pat=111 resclass=[ 1, 1, 1 ] xT=false
  D4 above=T2 pat=001 resclass=[ 1427910169, 1427910169, 1 ] xT=false
  D4 above=T1 pat=001 resclass=[ 1427910169, 1427910169, 1 ] xT=false
  D4 above=T1 pat=001 resclass=[ 1427910169, 1427910169, 1 ] xT=false
  D4 above=T3 pat=111 resclass=[ 1, 1, 1 ] xT=false
  D4 above=T2 pat=001 resclass=[ 1427910169, 1427910169, 1 ] xT=false
  D4 above=T3 pat=111 resclass=[ 1, 1, 1 ] xT=false
  D4 above=T2 pat=001 resclass=[ 1427910169, 1427910169, 1 ] xT=false
MEMBER stv 1/4 3/2 -2 shape=[ 1, 1, 2, 2 ] tors=[ 4, 4 ] order4=12 norm111=0 xTpass=0
  D4 above=T1 pat=000 resclass=[ 1365, -910, -6 ] xT=false
  D4 above=T1 pat=000 resclass=[ 1365, -910, -6 ] xT=false
  D4 above=T2 pat=000 resclass=[ -910, -182, 5 ] xT=false
  D4 above=T3 pat=000 resclass=[ -6, 5, -30 ] xT=false
  D4 above=T2 pat=000 resclass=[ -910, -182, 5 ] xT=false
  D4 above=T3 pat=000 resclass=[ -6, 5, -30 ] xT=false
  D4 above=T1 pat=000 resclass=[ 1365, -910, -6 ] xT=false
  D4 above=T1 pat=000 resclass=[ 1365, -910, -6 ] xT=false
  D4 above=T2 pat=000 resclass=[ -910, -182, 5 ] xT=false
  D4 above=T3 pat=000 resclass=[ -6, 5, -30 ] xT=false
  D4 above=T2 pat=000 resclass=[ -910, -182, 5 ] xT=false
  D4 above=T3 pat=000 resclass=[ -6, 5, -30 ] xT=false
MEMBER stv 1/3 4/3 -3/4 shape=[ 1, 1, 2, 2 ] tors=[ 4, 4 ] order4=12 norm111=0 xTpass=0
  D4 above=T2 pat=000 resclass=[ -48741, -6963, 7 ] xT=false
  D4 above=T2 pat=000 resclass=[ -48741, -6963, 7 ] xT=false
  D4 above=T1 pat=000 resclass=[ 487410, -48741, -10 ] xT=false
  D4 above=T3 pat=000 resclass=[ -10, 7, -70 ] xT=false
  D4 above=T1 pat=000 resclass=[ 487410, -48741, -10 ] xT=false
  D4 above=T3 pat=000 resclass=[ -10, 7, -70 ] xT=false
  D4 above=T2 pat=000 resclass=[ -48741, -6963, 7 ] xT=false
  D4 above=T2 pat=000 resclass=[ -48741, -6963, 7 ] xT=false
  D4 above=T1 pat=000 resclass=[ 487410, -48741, -10 ] xT=false
  D4 above=T3 pat=000 resclass=[ -10, 7, -70 ] xT=false
  D4 above=T1 pat=000 resclass=[ 487410, -48741, -10 ] xT=false
  D4 above=T3 pat=000 resclass=[ -10, 7, -70 ] xT=false
MEMBER stv 1/2 3/4 -1/4 shape=[ 1, 1, 2, 2 ] tors=[ 4, 4 ] order4=12 norm111=0 xTpass=0
  D4 above=T3 pat=000 resclass=[ 15, -7, -105 ] xT=false
  D4 above=T3 pat=000 resclass=[ 15, -7, -105 ] xT=false
  D4 above=T2 pat=000 resclass=[ 10465, -1495, -7 ] xT=false
  D4 above=T1 pat=000 resclass=[ 6279, 10465, 15 ] xT=false
  D4 above=T2 pat=000 resclass=[ 10465, -1495, -7 ] xT=false
  D4 above=T1 pat=000 resclass=[ 6279, 10465, 15 ] xT=false
  D4 above=T3 pat=000 resclass=[ 15, -7, -105 ] xT=false
  D4 above=T3 pat=000 resclass=[ 15, -7, -105 ] xT=false
  D4 above=T2 pat=000 resclass=[ 10465, -1495, -7 ] xT=false
  D4 above=T1 pat=000 resclass=[ 6279, 10465, 15 ] xT=false
  D4 above=T2 pat=000 resclass=[ 10465, -1495, -7 ] xT=false
  D4 above=T1 pat=000 resclass=[ 6279, 10465, 15 ] xT=false
MEMBER stv 2/3 1/2 -3/2 shape=[ 1, 1, 2, 2 ] tors=[ 4, 4 ] order4=12 norm111=0 xTpass=0
  D4 above=T3 pat=000 resclass=[ -17, -3, 51 ] xT=false
  D4 above=T3 pat=000 resclass=[ -17, -3, 51 ] xT=false
  D4 above=T2 pat=000 resclass=[ 5, -15, -3 ] xT=false
  D4 above=T1 pat=000 resclass=[ -85, 5, -17 ] xT=false
  D4 above=T2 pat=000 resclass=[ 5, -15, -3 ] xT=false
  D4 above=T1 pat=000 resclass=[ -85, 5, -17 ] xT=false
  D4 above=T3 pat=000 resclass=[ -17, -3, 51 ] xT=false
  D4 above=T3 pat=000 resclass=[ -17, -3, 51 ] xT=false
  D4 above=T2 pat=000 resclass=[ 5, -15, -3 ] xT=false
  D4 above=T1 pat=000 resclass=[ -85, 5, -17 ] xT=false
  D4 above=T2 pat=000 resclass=[ 5, -15, -3 ] xT=false
  D4 above=T1 pat=000 resclass=[ -85, 5, -17 ] xT=false
MEMBER stv 3/4 1/3 -2/3 shape=[ 1, 1, 2, 2 ] tors=[ 4, 4 ] order4=12 norm111=0 xTpass=0
  D4 above=T2 pat=000 resclass=[ 5435, -10870, -2 ] xT=false
  D4 above=T2 pat=000 resclass=[ 5435, -10870, -2 ] xT=false
  D4 above=T1 pat=000 resclass=[ -64133, 5435, -295 ] xT=false
  D4 above=T3 pat=000 resclass=[ -295, -2, 590 ] xT=false
  D4 above=T1 pat=000 resclass=[ -64133, 5435, -295 ] xT=false
  D4 above=T3 pat=000 resclass=[ -295, -2, 590 ] xT=false
  D4 above=T2 pat=000 resclass=[ 5435, -10870, -2 ] xT=false
  D4 above=T2 pat=000 resclass=[ 5435, -10870, -2 ] xT=false
  D4 above=T1 pat=000 resclass=[ -64133, 5435, -295 ] xT=false
  D4 above=T3 pat=000 resclass=[ -295, -2, 590 ] xT=false
  D4 above=T1 pat=000 resclass=[ -64133, 5435, -295 ] xT=false
  D4 above=T3 pat=000 resclass=[ -295, -2, 590 ] xT=false
MEMBER stv 3/4 4 -4 shape=[ 1, 1, 2, 2 ] tors=[ 4, 4 ] order4=12 norm111=0 xTpass=0
  D4 above=T2 pat=000 resclass=[ 11505, 767, 15 ] xT=false
  D4 above=T2 pat=000 resclass=[ 11505, 767, 15 ] xT=false
  D4 above=T3 pat=000 resclass=[ -399, 15, -665 ] xT=false
  D4 above=T1 pat=000 resclass=[ -510055, 11505, -399 ] xT=false
  D4 above=T3 pat=000 resclass=[ -399, 15, -665 ] xT=false
  D4 above=T1 pat=000 resclass=[ -510055, 11505, -399 ] xT=false
  D4 above=T2 pat=000 resclass=[ 11505, 767, 15 ] xT=false
  D4 above=T2 pat=000 resclass=[ 11505, 767, 15 ] xT=false
  D4 above=T3 pat=000 resclass=[ -399, 15, -665 ] xT=false
  D4 above=T1 pat=000 resclass=[ -510055, 11505, -399 ] xT=false
  D4 above=T3 pat=000 resclass=[ -399, 15, -665 ] xT=false
  D4 above=T1 pat=000 resclass=[ -510055, 11505, -399 ] xT=false
MEMBER stv 1 3 -4/3 shape=[ 1, 1, 2, 2 ] tors=[ 4, 4 ] order4=12 norm111=0 xTpass=0
  D4 above=T1 pat=000 resclass=[ -246, 1722, -7 ] xT=false
  D4 above=T1 pat=000 resclass=[ -246, 1722, -7 ] xT=false
  D4 above=T3 pat=000 resclass=[ -7, 2, -14 ] xT=false
  D4 above=T2 pat=000 resclass=[ 1722, 861, 2 ] xT=false
  D4 above=T3 pat=000 resclass=[ -7, 2, -14 ] xT=false
  D4 above=T2 pat=000 resclass=[ 1722, 861, 2 ] xT=false
  D4 above=T1 pat=000 resclass=[ -246, 1722, -7 ] xT=false
  D4 above=T1 pat=000 resclass=[ -246, 1722, -7 ] xT=false
  D4 above=T3 pat=000 resclass=[ -7, 2, -14 ] xT=false
  D4 above=T2 pat=000 resclass=[ 1722, 861, 2 ] xT=false
  D4 above=T3 pat=000 resclass=[ -7, 2, -14 ] xT=false
  D4 above=T2 pat=000 resclass=[ 1722, 861, 2 ] xT=false
MEMBER stv 4/3 2 -1/2 shape=[ 1, 1, 2, 2 ] tors=[ 4, 4 ] order4=12 norm111=0 xTpass=0
  D4 above=T2 pat=000 resclass=[ -330, -110, 3 ] xT=false
  D4 above=T2 pat=000 resclass=[ -330, -110, 3 ] xT=false
  D4 above=T3 pat=000 resclass=[ -65, 3, -195 ] xT=false
  D4 above=T1 pat=000 resclass=[ 858, -330, -65 ] xT=false
  D4 above=T3 pat=000 resclass=[ -65, 3, -195 ] xT=false
  D4 above=T1 pat=000 resclass=[ 858, -330, -65 ] xT=false
  D4 above=T2 pat=000 resclass=[ -330, -110, 3 ] xT=false
  D4 above=T2 pat=000 resclass=[ -330, -110, 3 ] xT=false
  D4 above=T3 pat=000 resclass=[ -65, 3, -195 ] xT=false
  D4 above=T1 pat=000 resclass=[ 858, -330, -65 ] xT=false
  D4 above=T3 pat=000 resclass=[ -65, 3, -195 ] xT=false
  D4 above=T1 pat=000 resclass=[ 858, -330, -65 ] xT=false
MEMBER stv 3/2 4/3 -3 shape=[ 1, 1, 2, 2 ] tors=[ 4, 4 ] order4=12 norm111=0 xTpass=0
  D4 above=T3 pat=000 resclass=[ 533, 7, 3731 ] xT=false
  D4 above=T3 pat=000 resclass=[ 533, 7, 3731 ] xT=false
  D4 above=T2 pat=000 resclass=[ -27853, -3979, 7 ] xT=false
  D4 above=T1 pat=000 resclass=[ -14845649, -27853, 533 ] xT=false
  D4 above=T2 pat=000 resclass=[ -27853, -3979, 7 ] xT=false
  D4 above=T1 pat=000 resclass=[ -14845649, -27853, 533 ] xT=false
  D4 above=T3 pat=000 resclass=[ 533, 7, 3731 ] xT=false
  D4 above=T3 pat=000 resclass=[ 533, 7, 3731 ] xT=false
  D4 above=T2 pat=000 resclass=[ -27853, -3979, 7 ] xT=false
  D4 above=T1 pat=000 resclass=[ -14845649, -27853, 533 ] xT=false
  D4 above=T2 pat=000 resclass=[ -27853, -3979, 7 ] xT=false
  D4 above=T1 pat=000 resclass=[ -14845649, -27853, 533 ] xT=false
MEMBER stv 2 3/4 -1 shape=[ 1, 1, 2, 2 ] tors=[ 4, 4 ] order4=12 norm111=0 xTpass=0
  D4 above=T3 pat=000 resclass=[ 39, -7, -273 ] xT=false
  D4 above=T3 pat=000 resclass=[ 39, -7, -273 ] xT=false
  D4 above=T2 pat=000 resclass=[ 1939, -277, -7 ] xT=false
  D4 above=T1 pat=000 resclass=[ 75621, 1939, 39 ] xT=false
  D4 above=T2 pat=000 resclass=[ 1939, -277, -7 ] xT=false
  D4 above=T1 pat=000 resclass=[ 75621, 1939, 39 ] xT=false
  D4 above=T3 pat=000 resclass=[ 39, -7, -273 ] xT=false
  D4 above=T3 pat=000 resclass=[ 39, -7, -273 ] xT=false
  D4 above=T2 pat=000 resclass=[ 1939, -277, -7 ] xT=false
  D4 above=T1 pat=000 resclass=[ 75621, 1939, 39 ] xT=false
  D4 above=T2 pat=000 resclass=[ 1939, -277, -7 ] xT=false
  D4 above=T1 pat=000 resclass=[ 75621, 1939, 39 ] xT=false
MEMBER stv 3 2/3 -1/3 shape=[ 1, 1, 2, 2 ] tors=[ 4, 4 ] order4=12 norm111=0 xTpass=0
  D4 above=T2 pat=000 resclass=[ 1265, -253, -5 ] xT=false
  D4 above=T2 pat=000 resclass=[ 1265, -253, -5 ] xT=false
  D4 above=T1 pat=000 resclass=[ 115, 1265, 11 ] xT=false
  D4 above=T3 pat=000 resclass=[ 11, -5, -55 ] xT=false
  D4 above=T1 pat=000 resclass=[ 115, 1265, 11 ] xT=false
  D4 above=T3 pat=000 resclass=[ 11, -5, -55 ] xT=false
  D4 above=T2 pat=000 resclass=[ 1265, -253, -5 ] xT=false
  D4 above=T2 pat=000 resclass=[ 1265, -253, -5 ] xT=false
  D4 above=T1 pat=000 resclass=[ 115, 1265, 11 ] xT=false
  D4 above=T3 pat=000 resclass=[ 11, -5, -55 ] xT=false
  D4 above=T1 pat=000 resclass=[ 115, 1265, 11 ] xT=false
  D4 above=T3 pat=000 resclass=[ 11, -5, -55 ] xT=false
MEMBER stv 4 1/3 -2 shape=[ 1, 1, 2, 2 ] tors=[ 4, 4 ] order4=12 norm111=0 xTpass=0
  D4 above=T1 pat=000 resclass=[ 341, 217, 77 ] xT=false
  D4 above=T1 pat=000 resclass=[ 341, 217, 77 ] xT=false
  D4 above=T3 pat=000 resclass=[ 77, -2, -154 ] xT=false
  D4 above=T2 pat=000 resclass=[ 217, -434, -2 ] xT=false
  D4 above=T3 pat=000 resclass=[ 77, -2, -154 ] xT=false
  D4 above=T2 pat=000 resclass=[ 217, -434, -2 ] xT=false
  D4 above=T1 pat=000 resclass=[ 341, 217, 77 ] xT=false
  D4 above=T1 pat=000 resclass=[ 341, 217, 77 ] xT=false
  D4 above=T3 pat=000 resclass=[ 77, -2, -154 ] xT=false
  D4 above=T2 pat=000 resclass=[ 217, -434, -2 ] xT=false
  D4 above=T3 pat=000 resclass=[ 77, -2, -154 ] xT=false
  D4 above=T2 pat=000 resclass=[ 217, -434, -2 ] xT=false
MEMBER stv 8 17/5 1/2 shape=[ 1, 1, 2, 2 ] tors=[ 4, 4 ] order4=12 norm111=0 xTpass=0
  D4 above=T1 pat=000 resclass=[ 56463, -1947, -29 ] xT=false
  D4 above=T1 pat=000 resclass=[ 56463, -1947, -29 ] xT=false
  D4 above=T3 pat=000 resclass=[ -29, 66, -1914 ] xT=false
  D4 above=T2 pat=000 resclass=[ -1947, -118, 66 ] xT=false
  D4 above=T3 pat=000 resclass=[ -29, 66, -1914 ] xT=false
  D4 above=T2 pat=000 resclass=[ -1947, -118, 66 ] xT=false
  D4 above=T1 pat=000 resclass=[ 56463, -1947, -29 ] xT=false
  D4 above=T1 pat=000 resclass=[ 56463, -1947, -29 ] xT=false
  D4 above=T3 pat=000 resclass=[ -29, 66, -1914 ] xT=false
  D4 above=T2 pat=000 resclass=[ -1947, -118, 66 ] xT=false
  D4 above=T3 pat=000 resclass=[ -29, 66, -1914 ] xT=false
  D4 above=T2 pat=000 resclass=[ -1947, -118, 66 ] xT=false
MEMBER stv 5/19 13/19 7 shape=[ 1, 1, 2, 2 ] tors=[ 4, 4 ] order4=12 norm111=0 xTpass=0
  D4 above=T2 pat=000 resclass=[ -73978653, 24659551, -3 ] xT=false
  D4 above=T2 pat=000 resclass=[ -73978653, 24659551, -3 ] xT=false
  D4 above=T3 pat=000 resclass=[ -27839, -3, 83517 ] xT=false
  D4 above=T1 pat=000 resclass=[ 42030443283, -73978653, -27839 ] xT=false
  D4 above=T3 pat=000 resclass=[ -27839, -3, 83517 ] xT=false
  D4 above=T1 pat=000 resclass=[ 42030443283, -73978653, -27839 ] xT=false
  D4 above=T2 pat=000 resclass=[ -73978653, 24659551, -3 ] xT=false
  D4 above=T2 pat=000 resclass=[ -73978653, 24659551, -3 ] xT=false
  D4 above=T3 pat=000 resclass=[ -27839, -3, 83517 ] xT=false
  D4 above=T1 pat=000 resclass=[ 42030443283, -73978653, -27839 ] xT=false
  D4 above=T3 pat=000 resclass=[ -27839, -3, 83517 ] xT=false
  D4 above=T1 pat=000 resclass=[ 42030443283, -73978653, -27839 ] xT=false
MEMBER stv 16/15 18 9 shape=[ 1, 1, 2, 2 ] tors=[ 4, 4 ] order4=12 norm111=0 xTpass=0
  D4 above=T1 pat=000 resclass=[ 50166815836381379993, -2137143627697, -23473769 ] xT=false
  D4 above=T1 pat=000 resclass=[ 50166815836381379993, -2137143627697, -23473769 ] xT=false
  D4 above=T3 pat=000 resclass=[ -23473769, 323, -7582027387 ] xT=false
  D4 above=T2 pat=000 resclass=[ -2137143627697, -6616543739, 323 ] xT=false
  D4 above=T3 pat=000 resclass=[ -23473769, 323, -7582027387 ] xT=false
  D4 above=T2 pat=000 resclass=[ -2137143627697, -6616543739, 323 ] xT=false
  D4 above=T1 pat=000 resclass=[ 50166815836381379993, -2137143627697, -23473769 ] xT=false
  D4 above=T1 pat=000 resclass=[ 50166815836381379993, -2137143627697, -23473769 ] xT=false
  D4 above=T3 pat=000 resclass=[ -23473769, 323, -7582027387 ] xT=false
  D4 above=T2 pat=000 resclass=[ -2137143627697, -6616543739, 323 ] xT=false
  D4 above=T3 pat=000 resclass=[ -23473769, 323, -7582027387 ] xT=false
  D4 above=T2 pat=000 resclass=[ -2137143627697, -6616543739, 323 ] xT=false
MEMBER stv 7/3 7/8 -20/7 shape=[ 1, 1, 2, 2 ] tors=[ 4, 4 ] order4=12 norm111=0 xTpass=0
  D4 above=T2 pat=000 resclass=[ 382028619, -636714365, -15 ] xT=false
  D4 above=T2 pat=000 resclass=[ 382028619, -636714365, -15 ] xT=false
  D4 above=T1 pat=000 resclass=[ 75901063994301, 382028619, 198679 ] xT=false
  D4 above=T3 pat=000 resclass=[ 198679, -15, -2980185 ] xT=false
  D4 above=T1 pat=000 resclass=[ 75901063994301, 382028619, 198679 ] xT=false
  D4 above=T3 pat=000 resclass=[ 198679, -15, -2980185 ] xT=false
  D4 above=T2 pat=000 resclass=[ 382028619, -636714365, -15 ] xT=false
  D4 above=T2 pat=000 resclass=[ 382028619, -636714365, -15 ] xT=false
  D4 above=T1 pat=000 resclass=[ 75901063994301, 382028619, 198679 ] xT=false
  D4 above=T3 pat=000 resclass=[ 198679, -15, -2980185 ] xT=false
  D4 above=T1 pat=000 resclass=[ 75901063994301, 382028619, 198679 ] xT=false
  D4 above=T3 pat=000 resclass=[ 198679, -15, -2980185 ] xT=false
PART_DONE part=4
