MEMBER mnv 2 1/4 -1982464/21049 shape=[ 1, 1, 2, 2 ] tors=[ 4, 4 ] order4=12 norm111=12 xTpass=0
  D4 above=T3 pat=111 resclass=[ 1, 1, 1 ] xT=false
  D4 above=T3 pat=111 resclass=[ 1, 1, 1 ] xT=false
  D4 above=T2 pat=111 resclass=[ 1, 1, 1 ] xT=false
  D4 above=T1 pat=111 resclass=[ 1, 1, 1 ] xT=false
  D4 above=T2 pat=111 resclass=[ 1, 1, 1 ] xT=false
  D4 above=T1 pat=111 resclass=[ 1, 1, 1 ] xT=false
  D4 above=T3 pat=111 resclass=[ 1, 1, 1 ] xT=false
  D4 above=T3 pat=111 resclass=[ 1, 1, 1 ] xT=false
  D4 above=T2 pat=111 resclass=[ 1, 1, 1 ] xT=false
  D4 above=T1 pat=111 resclass=[ 1, 1, 1 ] xT=false
  D4 above=T2 pat=111 resclass=[ 1, 1, 1 ] xT=false
  D4 above=T1 pat=111 resclass=[ 1, 1, 1 ] xT=false
MEMBER stv 1/4 3 -3/4 shape=[ 1, 1, 2, 2 ] tors=[ 4, 4 ] order4=12 norm111=0 xTpass=0
  D4 above=T2 pat=000 resclass=[ -1287222, -643611, 2 ] xT=false
  D4 above=T2 pat=000 resclass=[ -1287222, -643611, 2 ] xT=false
  D4 above=T3 pat=000 resclass=[ -1023, 2, -2046 ] xT=false
  D4 above=T1 pat=000 resclass=[ 146314234, -1287222, -1023 ] xT=false
  D4 above=T3 pat=000 resclass=[ -1023, 2, -2046 ] xT=false
  D4 above=T1 pat=000 resclass=[ 146314234, -1287222, -1023 ] xT=false
  D4 above=T2 pat=000 resclass=[ -1287222, -643611, 2 ] xT=false
  D4 above=T2 pat=000 resclass=[ -1287222, -643611, 2 ] xT=false
  D4 above=T3 pat=000 resclass=[ -1023, 2, -2046 ] xT=false
  D4 above=T1 pat=000 resclass=[ 146314234, -1287222, -1023 ] xT=false
  D4 above=T3 pat=000 resclass=[ -1023, 2, -2046 ] xT=false
  D4 above=T1 pat=000 resclass=[ 146314234, -1287222, -1023 ] xT=false
MEMBER stv 1/3 2 -1/4 shape=[ 1, 1, 2, 2 ] tors=[ 4, 4 ] order4=12 norm111=0 xTpass=0
  D4 above=T1 pat=000 resclass=[ 3003, -15015, -5 ] xT=false
  D4 above=T1 pat=000 resclass=[ 3003, -15015, -5 ] xT=false
  D4 above=T2 pat=000 resclass=[ -15015, -5005, 3 ] xT=false
  D4 above=T3 pat=000 resclass=[ -5, 3, -15 ] xT=false
  D4 above=T2 pat=000 resclass=[ -15015, -5005, 3 ] xT=false
  D4 above=T3 pat=000 resclass=[ -5, 3, -15 ] xT=false
  D4 above=T1 pat=000 resclass=[ 3003, -15015, -5 ] xT=false
  D4 above=T1 pat=000 resclass=[ 3003, -15015, -5 ] xT=false
  D4 above=T2 pat=000 resclass=[ -15015, -5005, 3 ] xT=false
  D4 above=T3 pat=000 resclass=[ -5, 3, -15 ] xT=false
  D4 above=T2 pat=000 resclass=[ -15015, -5005, 3 ] xT=false
  D4 above=T3 pat=000 resclass=[ -5, 3, -15 ] xT=false
MEMBER stv 1/2 4/3 -3/2 shape=[ 1, 1, 2, 2 ] tors=[ 4, 4 ] order4=12 norm111=0 xTpass=0
  D4 above=T2 pat=000 resclass=[ -40810, -5830, 7 ] xT=false
  D4 above=T2 pat=000 resclass=[ -40810, -5830, 7 ] xT=false
  D4 above=T3 pat=000 resclass=[ -115, 7, -805 ] xT=false
  D4 above=T1 pat=000 resclass=[ 187726, -40810, -115 ] xT=false
  D4 above=T3 pat=000 resclass=[ -115, 7, -805 ] xT=false
  D4 above=T1 pat=000 resclass=[ 187726, -40810, -115 ] xT=false
  D4 above=T2 pat=000 resclass=[ -40810, -5830, 7 ] xT=false
  D4 above=T2 pat=000 resclass=[ -40810, -5830, 7 ] xT=false
  D4 above=T3 pat=000 resclass=[ -115, 7, -805 ] xT=false
  D4 above=T1 pat=000 resclass=[ 187726, -40810, -115 ] xT=false
  D4 above=T3 pat=000 resclass=[ -115, 7, -805 ] xT=false
  D4 above=T1 pat=000 resclass=[ 187726, -40810, -115 ] xT=false
MEMBER stv 2/3 3/4 -2/3 shape=[ 1, 1, 2, 2 ] tors=[ 4, 4 ] order4=12 norm111=0 xTpass=0
  D4 above=T3 pat=000 resclass=[ 583, -7, -4081 ] xT=false
  D4 above=T3 pat=000 resclass=[ 583, -7, -4081 ] xT=false
  D4 above=T1 pat=000 resclass=[ 433830705, 744135, 583 ] xT=false
  D4 above=T2 pat=000 resclass=[ 744135, -106305, -7 ] xT=false
  D4 above=T1 pat=000 resclass=[ 433830705, 744135, 583 ] xT=false
  D4 above=T2 pat=000 resclass=[ 744135, -106305, -7 ] xT=false
  D4 above=T3 pat=000 resclass=[ 583, -7, -4081 ] xT=false
  D4 above=T3 pat=000 resclass=[ 583, -7, -4081 ] xT=false
  D4 above=T1 pat=000 resclass=[ 433830705, 744135, 583 ] xT=false
  D4 above=T2 pat=000 resclass=[ 744135, -106305, -7 ] xT=false
  D4 above=T1 pat=000 resclass=[ 433830705, 744135, 583 ] xT=false
  D4 above=T2 pat=000 resclass=[ 744135, -106305, -7 ] xT=false
MEMBER stv 3/4 1/2 -4 INVALID
MEMBER stv 1 1/3 -4/3 shape=[ 1, 1, 2, 2 ] tors=[ 4, 4 ] order4=12 norm111=0 xTpass=0
  D4 above=T1 pat=000 resclass=[ 11526, 678, 17 ] xT=false
  D4 above=T1 pat=000 resclass=[ 11526, 678, 17 ] xT=false
  D4 above=T3 pat=000 resclass=[ 17, -2, -34 ] xT=false
  D4 above=T2 pat=000 resclass=[ 678, -339, -2 ] xT=false
  D4 above=T3 pat=000 resclass=[ 17, -2, -34 ] xT=false
  D4 above=T2 pat=000 resclass=[ 678, -339, -2 ] xT=false
  D4 above=T1 pat=000 resclass=[ 11526, 678, 17 ] xT=false
  D4 above=T1 pat=000 resclass=[ 11526, 678, 17 ] xT=false
  D4 above=T3 pat=000 resclass=[ 17, -2, -34 ] xT=false
  D4 above=T2 pat=000 resclass=[ 678, -339, -2 ] xT=false
  D4 above=T3 pat=000 resclass=[ 17, -2, -34 ] xT=false
  D4 above=T2 pat=000 resclass=[ 678, -339, -2 ] xT=false
MEMBER stv 4/3 1/4 -1/2 shape=[ 1, 1, 2, 2 ] tors=[ 4, 4 ] order4=12 norm111=0 xTpass=0
  D4 above=T1 pat=000 resclass=[ 11711505, 5655, 2071 ] xT=false
  D4 above=T1 pat=000 resclass=[ 11711505, 5655, 2071 ] xT=false
  D4 above=T2 pat=000 resclass=[ 5655, -377, -15 ] xT=false
  D4 above=T3 pat=000 resclass=[ 2071, -15, -31065 ] xT=false
  D4 above=T2 pat=000 resclass=[ 5655, -377, -15 ] xT=false
  D4 above=T3 pat=000 resclass=[ 2071, -15, -31065 ] xT=false
  D4 above=T1 pat=000 resclass=[ 11711505, 5655, 2071 ] xT=false
  D4 above=T1 pat=000 resclass=[ 11711505, 5655, 2071 ] xT=false
  D4 above=T2 pat=000 resclass=[ 5655, -377, -15 ] xT=false
  D4 above=T3 pat=000 resclass=[ 2071, -15, -31065 ] xT=false
  D4 above=T2 pat=000 resclass=[ 5655, -377, -15 ] xT=false
  D4 above=T3 pat=000 resclass=[ 2071, -15, -31065 ] xT=false
MEMBER stv 4/3 3 -3 shape=[ 1, 1, 2, 2 ] tors=[ 4, 4 ] order4=12 norm111=0 xTpass=0
  D4 above=T3 pat=000 resclass=[ -35, 2, -70 ] xT=false
  D4 above=T3 pat=000 resclass=[ -35, 2, -70 ] xT=false
  D4 above=T2 pat=000 resclass=[ 49530, 24765, 2 ] xT=false
  D4 above=T1 pat=000 resclass=[ -69342, 49530, -35 ] xT=false
  D4 above=T2 pat=000 resclass=[ 49530, 24765, 2 ] xT=false
  D4 above=T1 pat=000 resclass=[ -69342, 49530, -35 ] xT=false
  D4 above=T3 pat=000 resclass=[ -35, 2, -70 ] xT=false
  D4 above=T3 pat=000 resclass=[ -35, 2, -70 ] xT=false
  D4 above=T2 pat=000 resclass=[ 49530, 24765, 2 ] xT=false
  D4 above=T1 pat=000 resclass=[ -69342, 49530, -35 ] xT=false
  D4 above=T2 pat=000 resclass=[ 49530, 24765, 2 ] xT=false
  D4 above=T1 pat=000 resclass=[ -69342, 49530, -35 ] xT=false
MEMBER stv 3/2 2 -1 shape=[ 1, 1, 2, 2 ] tors=[ 4, 4 ] order4=12 norm111=0 xTpass=0
  D4 above=T1 pat=000 resclass=[ -215, 645, -3 ] xT=false
  D4 above=T1 pat=000 resclass=[ -215, 645, -3 ] xT=false
  D4 above=T3 pat=000 resclass=[ -3, 3, -1 ] xT=false
  D4 above=T2 pat=000 resclass=[ 645, 215, 3 ] xT=false
  D4 above=T3 pat=000 resclass=[ -3, 3, -1 ] xT=false
  D4 above=T2 pat=000 resclass=[ 645, 215, 3 ] xT=false
  D4 above=T1 pat=000 resclass=[ -215, 645, -3 ] xT=false
  D4 above=T1 pat=000 resclass=[ -215, 645, -3 ] xT=false
  D4 above=T3 pat=000 resclass=[ -3, 3, -1 ] xT=false
  D4 above=T2 pat=000 resclass=[ 645, 215, 3 ] xT=false
  D4 above=T3 pat=000 resclass=[ -3, 3, -1 ] xT=false
  D4 above=T2 pat=000 resclass=[ 645, 215, 3 ] xT=false
MEMBER stv 2 3/2 -1/3 shape=[ 1, 1, 2, 2 ] tors=[ 4, 4 ] order4=12 norm111=0 xTpass=0
  D4 above=T1 pat=000 resclass=[ 1885, 435, 39 ] xT=false
  D4 above=T1 pat=000 resclass=[ 1885, 435, 39 ] xT=false
  D4 above=T3 pat=000 resclass=[ 39, 5, 195 ] xT=false
  D4 above=T2 pat=000 resclass=[ 435, 87, 5 ] xT=false
  D4 above=T3 pat=000 resclass=[ 39, 5, 195 ] xT=false
  D4 above=T2 pat=000 resclass=[ 435, 87, 5 ] xT=false
  D4 above=T1 pat=000 resclass=[ 1885, 435, 39 ] xT=false
  D4 above=T1 pat=000 resclass=[ 1885, 435, 39 ] xT=false
  D4 above=T3 pat=000 resclass=[ 39, 5, 195 ] xT=false
  D4 above=T2 pat=000 resclass=[ 435, 87, 5 ] xT=false
  D4 above=T3 pat=000 resclass=[ 39, 5, 195 ] xT=false
  D4 above=T2 pat=000 resclass=[ 435, 87, 5 ] xT=false
MEMBER stv 3 3/4 -2 shape=[ 1, 1, 2, 2 ] tors=[ 4, 4 ] order4=12 norm111=0 xTpass=0
  D4 above=T2 pat=000 resclass=[ 266441, -38063, -7 ] xT=false
  D4 above=T2 pat=000 resclass=[ 266441, -38063, -7 ] xT=false
  D4 above=T1 pat=000 resclass=[ 600824455, 266441, 2255 ] xT=false
  D4 above=T3 pat=000 resclass=[ 2255, -7, -15785 ] xT=false
  D4 above=T1 pat=000 resclass=[ 600824455, 266441, 2255 ] xT=false
  D4 above=T3 pat=000 resclass=[ 2255, -7, -15785 ] xT=false
  D4 above=T2 pat=000 resclass=[ 266441, -38063, -7 ] xT=false
  D4 above=T2 pat=000 resclass=[ 266441, -38063, -7 ] xT=false
  D4 above=T1 pat=000 resclass=[ 600824455, 266441, 2255 ] xT=false
  D4 above=T3 pat=000 resclass=[ 2255, -7, -15785 ] xT=false
  D4 above=T1 pat=000 resclass=[ 600824455, 266441, 2255 ] xT=false
  D4 above=T3 pat=000 resclass=[ 2255, -7, -15785 ] xT=false
MEMBER stv 4 2/3 -3/4 shape=[ 1, 1, 2, 2 ] tors=[ 4, 4 ] order4=12 norm111=0 xTpass=0
  D4 above=T3 pat=000 resclass=[ 1271, -5, -6355 ] xT=false
  D4 above=T3 pat=000 resclass=[ 1271, -5, -6355 ] xT=false
  D4 above=T2 pat=000 resclass=[ 16610, -3322, -5 ] xT=false
  D4 above=T1 pat=000 resclass=[ 21111310, 16610, 1271 ] xT=false
  D4 above=T2 pat=000 resclass=[ 16610, -3322, -5 ] xT=false
  D4 above=T1 pat=000 resclass=[ 21111310, 16610, 1271 ] xT=false
  D4 above=T3 pat=000 resclass=[ 1271, -5, -6355 ] xT=false
  D4 above=T3 pat=000 resclass=[ 1271, -5, -6355 ] xT=false
  D4 above=T2 pat=000 resclass=[ 16610, -3322, -5 ] xT=false
  D4 above=T1 pat=000 resclass=[ 21111310, 16610, 1271 ] xT=false
  D4 above=T2 pat=000 resclass=[ 16610, -3322, -5 ] xT=false
  D4 above=T1 pat=000 resclass=[ 21111310, 16610, 1271 ] xT=false
MEMBER stv 16/9 16/15 -11/15 shape=[ 1, 1, 2, 2 ] tors=[ 4, 4 ] order4=12 norm111=0 xTpass=0
  D4 above=T3 pat=000 resclass=[ 17671, 31, 547801 ] xT=false
  D4 above=T3 pat=000 resclass=[ 17671, 31, 547801 ] xT=false
  D4 above=T1 pat=000 resclass=[ -1631700045119485, -92337731035, 17671 ] xT=false
  D4 above=T2 pat=000 resclass=[ -92337731035, -2978636485, 31 ] xT=false
  D4 above=T1 pat=000 resclass=[ -1631700045119485, -92337731035, 17671 ] xT=false
  D4 above=T2 pat=000 resclass=[ -92337731035, -2978636485, 31 ] xT=false
  D4 above=T3 pat=000 resclass=[ 17671, 31, 547801 ] xT=false
  D4 above=T3 pat=000 resclass=[ 17671, 31, 547801 ] xT=false
  D4 above=T1 pat=000 resclass=[ -1631700045119485, -92337731035, 17671 ] xT=false
  D4 above=T2 pat=000 resclass=[ -92337731035, -2978636485, 31 ] xT=false
  D4 above=T1 pat=000 resclass=[ -1631700045119485, -92337731035, 17671 ] xT=false
  D4 above=T2 pat=000 resclass=[ -92337731035, -2978636485, 31 ] xT=false
MEMBER stv 13/7 11/12 -3/4 shape=[ 1, 1, 2, 2 ] tors=[ 4, 4 ] order4=12 norm111=0 xTpass=0
  D4 above=T1 pat=000 resclass=[ 56878960306508161, 16351750847, 3478463 ] xT=false
  D4 above=T1 pat=000 resclass=[ 56878960306508161, 16351750847, 3478463 ] xT=false
  D4 above=T3 pat=000 resclass=[ 3478463, -23, -80004649 ] xT=false
  D4 above=T2 pat=000 resclass=[ 16351750847, -710945689, -23 ] xT=false
  D4 above=T3 pat=000 resclass=[ 3478463, -23, -80004649 ] xT=false
  D4 above=T2 pat=000 resclass=[ 16351750847, -710945689, -23 ] xT=false
  D4 above=T1 pat=000 resclass=[ 56878960306508161, 16351750847, 3478463 ] xT=false
  D4 above=T1 pat=000 resclass=[ 56878960306508161, 16351750847, 3478463 ] xT=false
  D4 above=T3 pat=000 resclass=[ 3478463, -23, -80004649 ] xT=false
  D4 above=T2 pat=000 resclass=[ 16351750847, -710945689, -23 ] xT=false
  D4 above=T3 pat=000 resclass=[ 3478463, -23, -80004649 ] xT=false
  D4 above=T2 pat=000 resclass=[ 16351750847, -710945689, -23 ] xT=false
MEMBER stv 1 11/12 1/2 shape=[ 1, 1, 2, 2 ] tors=[ 4, 4 ] order4=12 norm111=0 xTpass=0
  D4 above=T1 pat=000 resclass=[ -1497782586, -8968758, 167 ] xT=false
  D4 above=T1 pat=000 resclass=[ -1497782586, -8968758, 167 ] xT=false
  D4 above=T3 pat=000 resclass=[ 167, -23, -3841 ] xT=false
  D4 above=T2 pat=000 resclass=[ -8968758, 389946, -23 ] xT=false
  D4 above=T3 pat=000 resclass=[ 167, -23, -3841 ] xT=false
  D4 above=T2 pat=000 resclass=[ -8968758, 389946, -23 ] xT=false
  D4 above=T1 pat=000 resclass=[ -1497782586, -8968758, 167 ] xT=false
  D4 above=T1 pat=000 resclass=[ -1497782586, -8968758, 167 ] xT=false
  D4 above=T3 pat=000 resclass=[ 167, -23, -3841 ] xT=false
  D4 above=T2 pat=000 resclass=[ -8968758, 389946, -23 ] xT=false
  D4 above=T3 pat=000 resclass=[ 167, -23, -3841 ] xT=false
  D4 above=T2 pat=000 resclass=[ -8968758, 389946, -23 ] xT=false
PART_DONE part=40
