MEMBER mnv 2 -1/4 65536/21049 shape=[ 1, 1, 2, 2 ] tors=[ 4, 4 ] order4=12 norm111=12 xTpass=0
  D4 above=T1 pat=111 resclass=[ 1, 1, 1 ] xT=false
  D4 above=T1 pat=111 resclass=[ 1, 1, 1 ] xT=false
  D4 above=T2 pat=111 resclass=[ 1, 1, 1 ] xT=false
  D4 above=T3 pat=111 resclass=[ 1, 1, 1 ] xT=false
  D4 above=T2 pat=111 resclass=[ 1, 1, 1 ] xT=false
  D4 above=T3 pat=111 resclass=[ 1, 1, 1 ] xT=false
  D4 above=T1 pat=111 resclass=[ 1, 1, 1 ] xT=false
  D4 above=T1 pat=111 resclass=[ 1, 1, 1 ] xT=false
  D4 above=T2 pat=111 resclass=[ 1, 1, 1 ] xT=false
  D4 above=T3 pat=111 resclass=[ 1, 1, 1 ] xT=false
  D4 above=T2 pat=111 resclass=[ 1, 1, 1 ] xT=false
  D4 above=T3 pat=111 resclass=[ 1, 1, 1 ] xT=false
MEMBER stv 1/4 3 1 shape=[ 1, 1, 2, 2 ] tors=[ 4, 4 ] order4=12 norm111=0 xTpass=0
  D4 above=T3 pat=000 resclass=[ -1023, 2, -2046 ] xT=false
  D4 above=T3 pat=000 resclass=[ -1023, 2, -2046 ] xT=false
  D4 above=T1 pat=000 resclass=[ 39477570, -38590, -1023 ] xT=false
  D4 above=T2 pat=000 resclass=[ -38590, -19295, 2 ] xT=false
  D4 above=T1 pat=000 resclass=[ 39477570, -38590, -1023 ] xT=false
  D4 above=T2 pat=000 resclass=[ -38590, -19295, 2 ] xT=false
  D4 above=T3 pat=000 resclass=[ -1023, 2, -2046 ] xT=false
  D4 above=T3 pat=000 resclass=[ -1023, 2, -2046 ] xT=false
  D4 above=T1 pat=000 resclass=[ 39477570, -38590, -1023 ] xT=false
  D4 above=T2 pat=000 resclass=[ -38590, -19295, 2 ] xT=false
  D4 above=T1 pat=000 resclass=[ 39477570, -38590, -1023 ] xT=false
  D4 above=T2 pat=000 resclass=[ -38590, -19295, 2 ] xT=false
MEMBER stv 1/3 2 1/3 shape=[ 1, 1, 2, 2 ] tors=[ 4, 4 ] order4=12 norm111=0 xTpass=0
  D4 above=T2 pat=000 resclass=[ -35, -105, 3 ] xT=false
  D4 above=T2 pat=000 resclass=[ -35, -105, 3 ] xT=false
  D4 above=T1 pat=000 resclass=[ 7, -35, -5 ] xT=false
  D4 above=T3 pat=000 resclass=[ -5, 3, -15 ] xT=false
  D4 above=T1 pat=000 resclass=[ 7, -35, -5 ] xT=false
  D4 above=T3 pat=000 resclass=[ -5, 3, -15 ] xT=false
  D4 above=T2 pat=000 resclass=[ -35, -105, 3 ] xT=false
  D4 above=T2 pat=000 resclass=[ -35, -105, 3 ] xT=false
  D4 above=T1 pat=000 resclass=[ 7, -35, -5 ] xT=false
  D4 above=T3 pat=000 resclass=[ -5, 3, -15 ] xT=false
  D4 above=T1 pat=000 resclass=[ 7, -35, -5 ] xT=false
  D4 above=T3 pat=000 resclass=[ -5, 3, -15 ] xT=false
MEMBER stv 1/2 4/3 2 shape=[ 1, 1, 2, 2 ] tors=[ 4, 4 ] order4=12 norm111=0 xTpass=0
  D4 above=T2 pat=000 resclass=[ -8610, -1230, 7 ] xT=false
  D4 above=T2 pat=000 resclass=[ -8610, -1230, 7 ] xT=false
  D4 above=T1 pat=000 resclass=[ 39606, -8610, -115 ] xT=false
  D4 above=T3 pat=000 resclass=[ -115, 7, -805 ] xT=false
  D4 above=T1 pat=000 resclass=[ 39606, -8610, -115 ] xT=false
  D4 above=T3 pat=000 resclass=[ -115, 7, -805 ] xT=false
  D4 above=T2 pat=000 resclass=[ -8610, -1230, 7 ] xT=false
  D4 above=T2 pat=000 resclass=[ -8610, -1230, 7 ] xT=false
  D4 above=T1 pat=000 resclass=[ 39606, -8610, -115 ] xT=false
  D4 above=T3 pat=000 resclass=[ -115, 7, -805 ] xT=false
  D4 above=T1 pat=000 resclass=[ 39606, -8610, -115 ] xT=false
  D4 above=T3 pat=000 resclass=[ -115, 7, -805 ] xT=false
MEMBER stv 2/3 3/4 3/4 shape=[ 1, 1, 2, 2 ] tors=[ 4, 4 ] order4=12 norm111=0 xTpass=0
  D4 above=T2 pat=000 resclass=[ -97923, 13989, -7 ] xT=false
  D4 above=T2 pat=000 resclass=[ -97923, 13989, -7 ] xT=false
  D4 above=T1 pat=000 resclass=[ -57089109, -97923, 583 ] xT=false
  D4 above=T3 pat=000 resclass=[ 583, -7, -4081 ] xT=false
  D4 above=T1 pat=000 resclass=[ -57089109, -97923, 583 ] xT=false
  D4 above=T3 pat=000 resclass=[ 583, -7, -4081 ] xT=false
  D4 above=T2 pat=000 resclass=[ -97923, 13989, -7 ] xT=false
  D4 above=T2 pat=000 resclass=[ -97923, 13989, -7 ] xT=false
  D4 above=T1 pat=000 resclass=[ -57089109, -97923, 583 ] xT=false
  D4 above=T3 pat=000 resclass=[ 583, -7, -4081 ] xT=false
  D4 above=T1 pat=000 resclass=[ -57089109, -97923, 583 ] xT=false
  D4 above=T3 pat=000 resclass=[ 583, -7, -4081 ] xT=false
MEMBER stv 3/4 2/3 1/4 shape=[ 1, 1, 2, 2 ] tors=[ 4, 4 ] order4=12 norm111=0 xTpass=0
  D4 above=T2 pat=000 resclass=[ -2275045, 455009, -5 ] xT=false
  D4 above=T2 pat=000 resclass=[ -2275045, 455009, -5 ] xT=false
  D4 above=T3 pat=000 resclass=[ 329, -5, -1645 ] xT=false
  D4 above=T1 pat=000 resclass=[ -748489805, -2275045, 329 ] xT=false
  D4 above=T3 pat=000 resclass=[ 329, -5, -1645 ] xT=false
  D4 above=T1 pat=000 resclass=[ -748489805, -2275045, 329 ] xT=false
  D4 above=T2 pat=000 resclass=[ -2275045, 455009, -5 ] xT=false
  D4 above=T2 pat=000 resclass=[ -2275045, 455009, -5 ] xT=false
  D4 above=T3 pat=000 resclass=[ 329, -5, -1645 ] xT=false
  D4 above=T1 pat=000 resclass=[ -748489805, -2275045, 329 ] xT=false
  D4 above=T3 pat=000 resclass=[ 329, -5, -1645 ] xT=false
  D4 above=T1 pat=000 resclass=[ -748489805, -2275045, 329 ] xT=false
MEMBER stv 1 1/3 3/2 shape=[ 1, 1, 2, 2 ] tors=[ 4, 4 ] order4=12 norm111=0 xTpass=0
  D4 above=T1 pat=000 resclass=[ -12155, -715, 17 ] xT=false
  D4 above=T1 pat=000 resclass=[ -12155, -715, 17 ] xT=false
  D4 above=T2 pat=000 resclass=[ -715, 1430, -2 ] xT=false
  D4 above=T3 pat=000 resclass=[ 17, -2, -34 ] xT=false
  D4 above=T2 pat=000 resclass=[ -715, 1430, -2 ] xT=false
  D4 above=T3 pat=000 resclass=[ 17, -2, -34 ] xT=false
  D4 above=T1 pat=000 resclass=[ -12155, -715, 17 ] xT=false
  D4 above=T1 pat=000 resclass=[ -12155, -715, 17 ] xT=false
  D4 above=T2 pat=000 resclass=[ -715, 1430, -2 ] xT=false
  D4 above=T3 pat=000 resclass=[ 17, -2, -34 ] xT=false
  D4 above=T2 pat=000 resclass=[ -715, 1430, -2 ] xT=false
  D4 above=T3 pat=000 resclass=[ 17, -2, -34 ] xT=false
MEMBER stv 4/3 1/4 2/3 shape=[ 1, 1, 2, 2 ] tors=[ 4, 4 ] order4=12 norm111=0 xTpass=0
  D4 above=T3 pat=000 resclass=[ 2071, -15, -31065 ] xT=false
  D4 above=T3 pat=000 resclass=[ 2071, -15, -31065 ] xT=false
  D4 above=T2 pat=000 resclass=[ -2267665, 1360599, -15 ] xT=false
  D4 above=T1 pat=000 resclass=[ -4696334215, -2267665, 2071 ] xT=false
  D4 above=T2 pat=000 resclass=[ -2267665, 1360599, -15 ] xT=false
  D4 above=T1 pat=000 resclass=[ -4696334215, -2267665, 2071 ] xT=false
  D4 above=T3 pat=000 resclass=[ 2071, -15, -31065 ] xT=false
  D4 above=T3 pat=000 resclass=[ 2071, -15, -31065 ] xT=false
  D4 above=T2 pat=000 resclass=[ -2267665, 1360599, -15 ] xT=false
  D4 above=T1 pat=000 resclass=[ -4696334215, -2267665, 2071 ] xT=false
  D4 above=T2 pat=000 resclass=[ -2267665, 1360599, -15 ] xT=false
  D4 above=T1 pat=000 resclass=[ -4696334215, -2267665, 2071 ] xT=false
MEMBER stv 4/3 3 4 shape=[ 1, 1, 2, 2 ] tors=[ 4, 4 ] order4=12 norm111=0 xTpass=0
  D4 above=T1 pat=000 resclass=[ 12872090, -367774, -35 ] xT=false
  D4 above=T1 pat=000 resclass=[ 12872090, -367774, -35 ] xT=false
  D4 above=T3 pat=000 resclass=[ -35, 2, -70 ] xT=false
  D4 above=T2 pat=000 resclass=[ -367774, -183887, 2 ] xT=false
  D4 above=T3 pat=000 resclass=[ -35, 2, -70 ] xT=false
  D4 above=T2 pat=000 resclass=[ -367774, -183887, 2 ] xT=false
  D4 above=T1 pat=000 resclass=[ 12872090, -367774, -35 ] xT=false
  D4 above=T1 pat=000 resclass=[ 12872090, -367774, -35 ] xT=false
  D4 above=T3 pat=000 resclass=[ -35, 2, -70 ] xT=false
  D4 above=T2 pat=000 resclass=[ -367774, -183887, 2 ] xT=false
  D4 above=T3 pat=000 resclass=[ -35, 2, -70 ] xT=false
  D4 above=T2 pat=000 resclass=[ -367774, -183887, 2 ] xT=false
MEMBER stv 3/2 2 4/3 shape=[ 1, 1, 2, 2 ] tors=[ 4, 4 ] order4=12 norm111=0 xTpass=0
  D4 above=T2 pat=000 resclass=[ -3, -1, 3 ] xT=false
  D4 above=T2 pat=000 resclass=[ -3, -1, 3 ] xT=false
  D4 above=T3 pat=000 resclass=[ -3, 3, -1 ] xT=false
  D4 above=T1 pat=100 resclass=[ 1, -3, -3 ] xT=false
  D4 above=T3 pat=000 resclass=[ -3, 3, -1 ] xT=false
  D4 above=T1 pat=100 resclass=[ 1, -3, -3 ] xT=false
  D4 above=T2 pat=000 resclass=[ -3, -1, 3 ] xT=false
  D4 above=T2 pat=000 resclass=[ -3, -1, 3 ] xT=false
  D4 above=T3 pat=000 resclass=[ -3, 3, -1 ] xT=false
  D4 above=T1 pat=100 resclass=[ 1, -3, -3 ] xT=false
  D4 above=T3 pat=000 resclass=[ -3, 3, -1 ] xT=false
  D4 above=T1 pat=100 resclass=[ 1, -3, -3 ] xT=false
MEMBER stv 2 3/2 1/2 shape=[ 1, 1, 2, 2 ] tors=[ 4, 4 ] order4=12 norm111=0 xTpass=0
  D4 above=T3 pat=000 resclass=[ 39, 5, 195 ] xT=false
  D4 above=T3 pat=000 resclass=[ 39, 5, 195 ] xT=false
  D4 above=T2 pat=000 resclass=[ 85, 17, 5 ] xT=false
  D4 above=T1 pat=000 resclass=[ 3315, 85, 39 ] xT=false
  D4 above=T2 pat=000 resclass=[ 85, 17, 5 ] xT=false
  D4 above=T1 pat=000 resclass=[ 3315, 85, 39 ] xT=false
  D4 above=T3 pat=000 resclass=[ 39, 5, 195 ] xT=false
  D4 above=T3 pat=000 resclass=[ 39, 5, 195 ] xT=false
  D4 above=T2 pat=000 resclass=[ 85, 17, 5 ] xT=false
  D4 above=T1 pat=000 resclass=[ 3315, 85, 39 ] xT=false
  D4 above=T2 pat=000 resclass=[ 85, 17, 5 ] xT=false
  D4 above=T1 pat=000 resclass=[ 3315, 85, 39 ] xT=false
MEMBER stv 3 3/4 3 shape=[ 1, 1, 2, 2 ] tors=[ 4, 4 ] order4=12 norm111=0 xTpass=0
  D4 above=T2 pat=000 resclass=[ -22071, 3153, -7 ] xT=false
  D4 above=T2 pat=000 resclass=[ -22071, 3153, -7 ] xT=false
  D4 above=T1 pat=000 resclass=[ -49770105, -22071, 2255 ] xT=false
  D4 above=T3 pat=000 resclass=[ 2255, -7, -15785 ] xT=false
  D4 above=T1 pat=000 resclass=[ -49770105, -22071, 2255 ] xT=false
  D4 above=T3 pat=000 resclass=[ 2255, -7, -15785 ] xT=false
  D4 above=T2 pat=000 resclass=[ -22071, 3153, -7 ] xT=false
  D4 above=T2 pat=000 resclass=[ -22071, 3153, -7 ] xT=false
  D4 above=T1 pat=000 resclass=[ -49770105, -22071, 2255 ] xT=false
  D4 above=T3 pat=000 resclass=[ 2255, -7, -15785 ] xT=false
  D4 above=T1 pat=000 resclass=[ -49770105, -22071, 2255 ] xT=false
  D4 above=T3 pat=000 resclass=[ 2255, -7, -15785 ] xT=false
MEMBER stv 4 2/3 1 shape=[ 1, 1, 2, 2 ] tors=[ 4, 4 ] order4=12 norm111=0 xTpass=0
  D4 above=T1 pat=000 resclass=[ -150924895, -118745, 1271 ] xT=false
  D4 above=T1 pat=000 resclass=[ -150924895, -118745, 1271 ] xT=false
  D4 above=T2 pat=000 resclass=[ -118745, 23749, -5 ] xT=false
  D4 above=T3 pat=000 resclass=[ 1271, -5, -6355 ] xT=false
  D4 above=T2 pat=000 resclass=[ -118745, 23749, -5 ] xT=false
  D4 above=T3 pat=000 resclass=[ 1271, -5, -6355 ] xT=false
  D4 above=T1 pat=000 resclass=[ -150924895, -118745, 1271 ] xT=false
  D4 above=T1 pat=000 resclass=[ -150924895, -118745, 1271 ] xT=false
  D4 above=T2 pat=000 resclass=[ -118745, 23749, -5 ] xT=false
  D4 above=T3 pat=000 resclass=[ 1271, -5, -6355 ] xT=false
  D4 above=T2 pat=000 resclass=[ -118745, 23749, -5 ] xT=false
  D4 above=T3 pat=000 resclass=[ 1271, -5, -6355 ] xT=false
MEMBER stv 3/14 3/11 3/17 shape=[ 1, 1, 2, 2 ] tors=[ 4, 4 ] order4=12 norm111=0 xTpass=0
  D4 above=T1 pat=000 resclass=[ 138877243758670021395, -59684528584149, -2326855 ] xT=false
  D4 above=T1 pat=000 resclass=[ 138877243758670021395, -59684528584149, -2326855 ] xT=false
  D4 above=T2 pat=000 resclass=[ -59684528584149, 8526361226307, -7 ] xT=false
  D4 above=T3 pat=000 resclass=[ -2326855, -7, 16287985 ] xT=false
  D4 above=T2 pat=000 resclass=[ -59684528584149, 8526361226307, -7 ] xT=false
  D4 above=T3 pat=000 resclass=[ -2326855, -7, 16287985 ] xT=false
  D4 above=T1 pat=000 resclass=[ 138877243758670021395, -59684528584149, -2326855 ] xT=false
  D4 above=T1 pat=000 resclass=[ 138877243758670021395, -59684528584149, -2326855 ] xT=false
  D4 above=T2 pat=000 resclass=[ -59684528584149, 8526361226307, -7 ] xT=false
  D4 above=T3 pat=000 resclass=[ -2326855, -7, 16287985 ] xT=false
  D4 above=T2 pat=000 resclass=[ -59684528584149, 8526361226307, -7 ] xT=false
  D4 above=T3 pat=000 resclass=[ -2326855, -7, 16287985 ] xT=false
MEMBER stv 2 3/14 -9 shape=[ 1, 1, 2, 2 ] tors=[ 4, 4 ] order4=12 norm111=0 xTpass=0
  D4 above=T1 pat=000 resclass=[ 42252012575157, 8899282315, 118695 ] xT=false
  D4 above=T1 pat=000 resclass=[ 42252012575157, 8899282315, 118695 ] xT=false
  D4 above=T2 pat=000 resclass=[ 8899282315, -47589745, -187 ] xT=false
  D4 above=T3 pat=000 resclass=[ 118695, -187, -22195965 ] xT=false
  D4 above=T2 pat=000 resclass=[ 8899282315, -47589745, -187 ] xT=false
  D4 above=T3 pat=000 resclass=[ 118695, -187, -22195965 ] xT=false
  D4 above=T1 pat=000 resclass=[ 42252012575157, 8899282315, 118695 ] xT=false
  D4 above=T1 pat=000 resclass=[ 42252012575157, 8899282315, 118695 ] xT=false
  D4 above=T2 pat=000 resclass=[ 8899282315, -47589745, -187 ] xT=false
  D4 above=T3 pat=000 resclass=[ 118695, -187, -22195965 ] xT=false
  D4 above=T2 pat=000 resclass=[ 8899282315, -47589745, -187 ] xT=false
  D4 above=T3 pat=000 resclass=[ 118695, -187, -22195965 ] xT=false
MEMBER stv 10/13 9/11 -4/5 shape=[ 1, 1, 2, 2 ] tors=[ 4, 4 ] order4=12 norm111=0 xTpass=0
  D4 above=T2 pat=000 resclass=[ 153970178, -384925445, -10 ] xT=false
  D4 above=T2 pat=000 resclass=[ 153970178, -384925445, -10 ] xT=false
  D4 above=T1 pat=000 resclass=[ 1837942014786, 153970178, 11937 ] xT=false
  D4 above=T3 pat=000 resclass=[ 11937, -10, -119370 ] xT=false
  D4 above=T1 pat=000 resclass=[ 1837942014786, 153970178, 11937 ] xT=false
  D4 above=T3 pat=000 resclass=[ 11937, -10, -119370 ] xT=false
  D4 above=T2 pat=000 resclass=[ 153970178, -384925445, -10 ] xT=false
  D4 above=T2 pat=000 resclass=[ 153970178, -384925445, -10 ] xT=false
  D4 above=T1 pat=000 resclass=[ 1837942014786, 153970178, 11937 ] xT=false
  D4 above=T3 pat=000 resclass=[ 11937, -10, -119370 ] xT=false
  D4 above=T1 pat=000 resclass=[ 1837942014786, 153970178, 11937 ] xT=false
  D4 above=T3 pat=000 resclass=[ 11937, -10, -119370 ] xT=false
PART_DONE part=41
