MEMBER mnv 2 -1/4 -4096/2231 shape=[ 1, 1, 2, 2 ] tors=[ 4, 4 ] order4=12 norm111=12 xTpass=0
  D4 above=T3 pat=111 resclass=[ 1, 1, 1 ] xT=false
  D4 above=T3 pat=111 resclass=[ 1, 1, 1 ] xT=false
  D4 above=T2 pat=111 resclass=[ 1, 1, 1 ] xT=false
  D4 above=T1 pat=111 resclass=[ 1, 1, 1 ] xT=false
  D4 above=T2 pat=111 resclass=[ 1, 1, 1 ] xT=false
  D4 above=T1 pat=111 resclass=[ 1, 1, 1 ] xT=false
  D4 above=T3 pat=111 resclass=[ 1, 1, 1 ] xT=false
  D4 above=T3 pat=111 resclass=[ 1, 1, 1 ] xT=false
  D4 above=T2 pat=111 resclass=[ 1, 1, 1 ] xT=false
  D4 above=T1 pat=111 resclass=[ 1, 1, 1 ] xT=false
  D4 above=T2 pat=111 resclass=[ 1, 1, 1 ] xT=false
  D4 above=T1 pat=111 resclass=[ 1, 1, 1 ] xT=false
MEMBER stv 1/4 3 -1 shape=[ 1, 1, 2, 2 ] tors=[ 4, 4 ] order4=12 norm111=0 xTpass=0
  D4 above=T2 pat=000 resclass=[ -3890, -1945, 2 ] xT=false
  D4 above=T2 pat=000 resclass=[ -3890, -1945, 2 ] xT=false
  D4 above=T1 pat=000 resclass=[ 3979470, -3890, -1023 ] xT=false
  D4 above=T3 pat=000 resclass=[ -1023, 2, -2046 ] xT=false
  D4 above=T1 pat=000 resclass=[ 3979470, -3890, -1023 ] xT=false
  D4 above=T3 pat=000 resclass=[ -1023, 2, -2046 ] xT=false
  D4 above=T2 pat=000 resclass=[ -3890, -1945, 2 ] xT=false
  D4 above=T2 pat=000 resclass=[ -3890, -1945, 2 ] xT=false
  D4 above=T1 pat=000 resclass=[ 3979470, -3890, -1023 ] xT=false
  D4 above=T3 pat=000 resclass=[ -1023, 2, -2046 ] xT=false
  D4 above=T1 pat=000 resclass=[ 3979470, -3890, -1023 ] xT=false
  D4 above=T3 pat=000 resclass=[ -1023, 2, -2046 ] xT=false
MEMBER stv 1/3 2 -1/3 shape=[ 1, 1, 2, 2 ] tors=[ 4, 4 ] order4=12 norm111=0 xTpass=0
  D4 above=T1 pat=000 resclass=[ 4355, -871, -5 ] xT=false
  D4 above=T1 pat=000 resclass=[ 4355, -871, -5 ] xT=false
  D4 above=T2 pat=000 resclass=[ -871, -2613, 3 ] xT=false
  D4 above=T3 pat=000 resclass=[ -5, 3, -15 ] xT=false
  D4 above=T2 pat=000 resclass=[ -871, -2613, 3 ] xT=false
  D4 above=T3 pat=000 resclass=[ -5, 3, -15 ] xT=false
  D4 above=T1 pat=000 resclass=[ 4355, -871, -5 ] xT=false
  D4 above=T1 pat=000 resclass=[ 4355, -871, -5 ] xT=false
  D4 above=T2 pat=000 resclass=[ -871, -2613, 3 ] xT=false
  D4 above=T3 pat=000 resclass=[ -5, 3, -15 ] xT=false
  D4 above=T2 pat=000 resclass=[ -871, -2613, 3 ] xT=false
  D4 above=T3 pat=000 resclass=[ -5, 3, -15 ] xT=false
MEMBER stv 1/2 4/3 -2 shape=[ 1, 1, 2, 2 ] tors=[ 4, 4 ] order4=12 norm111=0 xTpass=0
  D4 above=T2 pat=000 resclass=[ -14, -2, 7 ] xT=false
  D4 above=T2 pat=000 resclass=[ -14, -2, 7 ] xT=false
  D4 above=T1 pat=000 resclass=[ 1610, -14, -115 ] xT=false
  D4 above=T3 pat=000 resclass=[ -115, 7, -805 ] xT=false
  D4 above=T1 pat=000 resclass=[ 1610, -14, -115 ] xT=false
  D4 above=T3 pat=000 resclass=[ -115, 7, -805 ] xT=false
  D4 above=T2 pat=000 resclass=[ -14, -2, 7 ] xT=false
  D4 above=T2 pat=000 resclass=[ -14, -2, 7 ] xT=false
  D4 above=T1 pat=000 resclass=[ 1610, -14, -115 ] xT=false
  D4 above=T3 pat=000 resclass=[ -115, 7, -805 ] xT=false
  D4 above=T1 pat=000 resclass=[ 1610, -14, -115 ] xT=false
  D4 above=T3 pat=000 resclass=[ -115, 7, -805 ] xT=false
MEMBER stv 2/3 3/4 -3/4 shape=[ 1, 1, 2, 2 ] tors=[ 4, 4 ] order4=12 norm111=0 xTpass=0
  D4 above=T3 pat=000 resclass=[ 583, -7, -4081 ] xT=false
  D4 above=T3 pat=000 resclass=[ 583, -7, -4081 ] xT=false
  D4 above=T2 pat=000 resclass=[ 62202, -8886, -7 ] xT=false
  D4 above=T1 pat=000 resclass=[ 36263766, 62202, 583 ] xT=false
  D4 above=T2 pat=000 resclass=[ 62202, -8886, -7 ] xT=false
  D4 above=T1 pat=000 resclass=[ 36263766, 62202, 583 ] xT=false
  D4 above=T3 pat=000 resclass=[ 583, -7, -4081 ] xT=false
  D4 above=T3 pat=000 resclass=[ 583, -7, -4081 ] xT=false
  D4 above=T2 pat=000 resclass=[ 62202, -8886, -7 ] xT=false
  D4 above=T1 pat=000 resclass=[ 36263766, 62202, 583 ] xT=false
  D4 above=T2 pat=000 resclass=[ 62202, -8886, -7 ] xT=false
  D4 above=T1 pat=000 resclass=[ 36263766, 62202, 583 ] xT=false
MEMBER stv 3/4 2/3 -1/4 shape=[ 1, 1, 2, 2 ] tors=[ 4, 4 ] order4=12 norm111=0 xTpass=0
  D4 above=T2 pat=000 resclass=[ 45485, -9097, -5 ] xT=false
  D4 above=T2 pat=000 resclass=[ 45485, -9097, -5 ] xT=false
  D4 above=T3 pat=000 resclass=[ 329, -5, -1645 ] xT=false
  D4 above=T1 pat=000 resclass=[ 14964565, 45485, 329 ] xT=false
  D4 above=T3 pat=000 resclass=[ 329, -5, -1645 ] xT=false
  D4 above=T1 pat=000 resclass=[ 14964565, 45485, 329 ] xT=false
  D4 above=T2 pat=000 resclass=[ 45485, -9097, -5 ] xT=false
  D4 above=T2 pat=000 resclass=[ 45485, -9097, -5 ] xT=false
  D4 above=T3 pat=000 resclass=[ 329, -5, -1645 ] xT=false
  D4 above=T1 pat=000 resclass=[ 14964565, 45485, 329 ] xT=false
  D4 above=T3 pat=000 resclass=[ 329, -5, -1645 ] xT=false
  D4 above=T1 pat=000 resclass=[ 14964565, 45485, 329 ] xT=false
MEMBER stv 1 1/3 -3/2 shape=[ 1, 1, 2, 2 ] tors=[ 4, 4 ] order4=12 norm111=0 xTpass=0
  D4 above=T3 pat=000 resclass=[ 17, -2, -34 ] xT=false
  D4 above=T3 pat=000 resclass=[ 17, -2, -34 ] xT=false
  D4 above=T2 pat=000 resclass=[ 35, -70, -2 ] xT=false
  D4 above=T1 pat=000 resclass=[ 595, 35, 17 ] xT=false
  D4 above=T2 pat=000 resclass=[ 35, -70, -2 ] xT=false
  D4 above=T1 pat=000 resclass=[ 595, 35, 17 ] xT=false
  D4 above=T3 pat=000 resclass=[ 17, -2, -34 ] xT=false
  D4 above=T3 pat=000 resclass=[ 17, -2, -34 ] xT=false
  D4 above=T2 pat=000 resclass=[ 35, -70, -2 ] xT=false
  D4 above=T1 pat=000 resclass=[ 595, 35, 17 ] xT=false
  D4 above=T2 pat=000 resclass=[ 35, -70, -2 ] xT=false
  D4 above=T1 pat=000 resclass=[ 595, 35, 17 ] xT=false
MEMBER stv 4/3 1/4 -2/3 shape=[ 1, 1, 2, 2 ] tors=[ 4, 4 ] order4=12 norm111=0 xTpass=0
  D4 above=T1 pat=000 resclass=[ 64201, 31, 2071 ] xT=false
  D4 above=T1 pat=000 resclass=[ 64201, 31, 2071 ] xT=false
  D4 above=T2 pat=000 resclass=[ 31, -465, -15 ] xT=false
  D4 above=T3 pat=000 resclass=[ 2071, -15, -31065 ] xT=false
  D4 above=T2 pat=000 resclass=[ 31, -465, -15 ] xT=false
  D4 above=T3 pat=000 resclass=[ 2071, -15, -31065 ] xT=false
  D4 above=T1 pat=000 resclass=[ 64201, 31, 2071 ] xT=false
  D4 above=T1 pat=000 resclass=[ 64201, 31, 2071 ] xT=false
  D4 above=T2 pat=000 resclass=[ 31, -465, -15 ] xT=false
  D4 above=T3 pat=000 resclass=[ 2071, -15, -31065 ] xT=false
  D4 above=T2 pat=000 resclass=[ 31, -465, -15 ] xT=false
  D4 above=T3 pat=000 resclass=[ 2071, -15, -31065 ] xT=false
MEMBER stv 4/3 3 -4 shape=[ 1, 1, 2, 2 ] tors=[ 4, 4 ] order4=12 norm111=0 xTpass=0
  D4 above=T1 pat=000 resclass=[ -390698, 279070, -35 ] xT=false
  D4 above=T1 pat=000 resclass=[ -390698, 279070, -35 ] xT=false
  D4 above=T2 pat=000 resclass=[ 279070, 139535, 2 ] xT=false
  D4 above=T3 pat=000 resclass=[ -35, 2, -70 ] xT=false
  D4 above=T2 pat=000 resclass=[ 279070, 139535, 2 ] xT=false
  D4 above=T3 pat=000 resclass=[ -35, 2, -70 ] xT=false
  D4 above=T1 pat=000 resclass=[ -390698, 279070, -35 ] xT=false
  D4 above=T1 pat=000 resclass=[ -390698, 279070, -35 ] xT=false
  D4 above=T2 pat=000 resclass=[ 279070, 139535, 2 ] xT=false
  D4 above=T3 pat=000 resclass=[ -35, 2, -70 ] xT=false
  D4 above=T2 pat=000 resclass=[ 279070, 139535, 2 ] xT=false
  D4 above=T3 pat=000 resclass=[ -35, 2, -70 ] xT=false
MEMBER stv 3/2 2 -4/3 shape=[ 1, 1, 2, 2 ] tors=[ 4, 4 ] order4=12 norm111=0 xTpass=0
  D4 above=T3 pat=000 resclass=[ -3, 3, -1 ] xT=false
  D4 above=T3 pat=000 resclass=[ -3, 3, -1 ] xT=false
  D4 above=T2 pat=000 resclass=[ 7, 21, 3 ] xT=false
  D4 above=T1 pat=000 resclass=[ -21, 7, -3 ] xT=false
  D4 above=T2 pat=000 resclass=[ 7, 21, 3 ] xT=false
  D4 above=T1 pat=000 resclass=[ -21, 7, -3 ] xT=false
  D4 above=T3 pat=000 resclass=[ -3, 3, -1 ] xT=false
  D4 above=T3 pat=000 resclass=[ -3, 3, -1 ] xT=false
  D4 above=T2 pat=000 resclass=[ 7, 21, 3 ] xT=false
  D4 above=T1 pat=000 resclass=[ -21, 7, -3 ] xT=false
  D4 above=T2 pat=000 resclass=[ 7, 21, 3 ] xT=false
  D4 above=T1 pat=000 resclass=[ -21, 7, -3 ] xT=false
MEMBER stv 2 3/2 -1/2 shape=[ 1, 1, 2, 2 ] tors=[ 4, 4 ] order4=12 norm111=0 xTpass=0
  D4 above=T3 pat=000 resclass=[ 39, 5, 195 ] xT=false
  D4 above=T3 pat=000 resclass=[ 39, 5, 195 ] xT=false
  D4 above=T2 pat=000 resclass=[ 65, 13, 5 ] xT=false
  D4 above=T1 pat=000 resclass=[ 15, 65, 39 ] xT=false
  D4 above=T2 pat=000 resclass=[ 65, 13, 5 ] xT=false
  D4 above=T1 pat=000 resclass=[ 15, 65, 39 ] xT=false
  D4 above=T3 pat=000 resclass=[ 39, 5, 195 ] xT=false
  D4 above=T3 pat=000 resclass=[ 39, 5, 195 ] xT=false
  D4 above=T2 pat=000 resclass=[ 65, 13, 5 ] xT=false
  D4 above=T1 pat=000 resclass=[ 15, 65, 39 ] xT=false
  D4 above=T2 pat=000 resclass=[ 65, 13, 5 ] xT=false
  D4 above=T1 pat=000 resclass=[ 15, 65, 39 ] xT=false
MEMBER stv 3 3/4 -3 shape=[ 1, 1, 2, 2 ] tors=[ 4, 4 ] order4=12 norm111=0 xTpass=0
  D4 above=T1 pat=000 resclass=[ 246246, 2730, 2255 ] xT=false
  D4 above=T1 pat=000 resclass=[ 246246, 2730, 2255 ] xT=false
  D4 above=T2 pat=000 resclass=[ 2730, -390, -7 ] xT=false
  D4 above=T3 pat=000 resclass=[ 2255, -7, -15785 ] xT=false
  D4 above=T2 pat=000 resclass=[ 2730, -390, -7 ] xT=false
  D4 above=T3 pat=000 resclass=[ 2255, -7, -15785 ] xT=false
  D4 above=T1 pat=000 resclass=[ 246246, 2730, 2255 ] xT=false
  D4 above=T1 pat=000 resclass=[ 246246, 2730, 2255 ] xT=false
  D4 above=T2 pat=000 resclass=[ 2730, -390, -7 ] xT=false
  D4 above=T3 pat=000 resclass=[ 2255, -7, -15785 ] xT=false
  D4 above=T2 pat=000 resclass=[ 2730, -390, -7 ] xT=false
  D4 above=T3 pat=000 resclass=[ 2255, -7, -15785 ] xT=false
MEMBER stv 4 2/3 -1 shape=[ 1, 1, 2, 2 ] tors=[ 4, 4 ] order4=12 norm111=0 xTpass=0
  D4 above=T1 pat=000 resclass=[ 4709055, 3705, 1271 ] xT=false
  D4 above=T1 pat=000 resclass=[ 4709055, 3705, 1271 ] xT=false
  D4 above=T2 pat=000 resclass=[ 3705, -741, -5 ] xT=false
  D4 above=T3 pat=000 resclass=[ 1271, -5, -6355 ] xT=false
  D4 above=T2 pat=000 resclass=[ 3705, -741, -5 ] xT=false
  D4 above=T3 pat=000 resclass=[ 1271, -5, -6355 ] xT=false
  D4 above=T1 pat=000 resclass=[ 4709055, 3705, 1271 ] xT=false
  D4 above=T1 pat=000 resclass=[ 4709055, 3705, 1271 ] xT=false
  D4 above=T2 pat=000 resclass=[ 3705, -741, -5 ] xT=false
  D4 above=T3 pat=000 resclass=[ 1271, -5, -6355 ] xT=false
  D4 above=T2 pat=000 resclass=[ 3705, -741, -5 ] xT=false
  D4 above=T3 pat=000 resclass=[ 1271, -5, -6355 ] xT=false
MEMBER stv 10/7 1/2 3/2 shape=[ 1, 1, 2, 2 ] tors=[ 4, 4 ] order4=12 norm111=0 xTpass=0
  D4 above=T3 pat=000 resclass=[ 1159, -3, -3477 ] xT=false
  D4 above=T3 pat=000 resclass=[ 1159, -3, -3477 ] xT=false
  D4 above=T1 pat=000 resclass=[ -1570434569, -1354991, 1159 ] xT=false
  D4 above=T2 pat=000 resclass=[ -1354991, 4064973, -3 ] xT=false
  D4 above=T1 pat=000 resclass=[ -1570434569, -1354991, 1159 ] xT=false
  D4 above=T2 pat=000 resclass=[ -1354991, 4064973, -3 ] xT=false
  D4 above=T3 pat=000 resclass=[ 1159, -3, -3477 ] xT=false
  D4 above=T3 pat=000 resclass=[ 1159, -3, -3477 ] xT=false
  D4 above=T1 pat=000 resclass=[ -1570434569, -1354991, 1159 ] xT=false
  D4 above=T2 pat=000 resclass=[ -1354991, 4064973, -3 ] xT=false
  D4 above=T1 pat=000 resclass=[ -1570434569, -1354991, 1159 ] xT=false
  D4 above=T2 pat=000 resclass=[ -1354991, 4064973, -3 ] xT=false
MEMBER stv 19/11 11/15 -3/20 shape=[ 1, 1, 2, 2 ] tors=[ 4, 4 ] order4=12 norm111=0 xTpass=0
  D4 above=T1 pat=000 resclass=[ 62044948345156675990, 3656825263910, 16966889 ] xT=false
  D4 above=T1 pat=000 resclass=[ 62044948345156675990, 3656825263910, 16966889 ] xT=false
  D4 above=T3 pat=000 resclass=[ 16966889, -26, -441139114 ] xT=false
  D4 above=T2 pat=000 resclass=[ 3656825263910, -140647125535, -26 ] xT=false
  D4 above=T3 pat=000 resclass=[ 16966889, -26, -441139114 ] xT=false
  D4 above=T2 pat=000 resclass=[ 3656825263910, -140647125535, -26 ] xT=false
  D4 above=T1 pat=000 resclass=[ 62044948345156675990, 3656825263910, 16966889 ] xT=false
  D4 above=T1 pat=000 resclass=[ 62044948345156675990, 3656825263910, 16966889 ] xT=false
  D4 above=T3 pat=000 resclass=[ 16966889, -26, -441139114 ] xT=false
  D4 above=T2 pat=000 resclass=[ 3656825263910, -140647125535, -26 ] xT=false
  D4 above=T3 pat=000 resclass=[ 16966889, -26, -441139114 ] xT=false
  D4 above=T2 pat=000 resclass=[ 3656825263910, -140647125535, -26 ] xT=false
MEMBER stv 11/2 1/10 11/10 shape=[ 1, 1, 2, 2 ] tors=[ 4, 4 ] order4=12 norm111=0 xTpass=0
  D4 above=T2 pat=000 resclass=[ -5222883910, 57451723010, -11 ] xT=false
  D4 above=T2 pat=000 resclass=[ -5222883910, 57451723010, -11 ] xT=false
  D4 above=T3 pat=000 resclass=[ 2419, -11, -26609 ] xT=false
  D4 above=T1 pat=000 resclass=[ -12634156178290, -5222883910, 2419 ] xT=false
  D4 above=T3 pat=000 resclass=[ 2419, -11, -26609 ] xT=false
  D4 above=T1 pat=000 resclass=[ -12634156178290, -5222883910, 2419 ] xT=false
  D4 above=T2 pat=000 resclass=[ -5222883910, 57451723010, -11 ] xT=false
  D4 above=T2 pat=000 resclass=[ -5222883910, 57451723010, -11 ] xT=false
  D4 above=T3 pat=000 resclass=[ 2419, -11, -26609 ] xT=false
  D4 above=T1 pat=000 resclass=[ -12634156178290, -5222883910, 2419 ] xT=false
  D4 above=T3 pat=000 resclass=[ 2419, -11, -26609 ] xT=false
  D4 above=T1 pat=000 resclass=[ -12634156178290, -5222883910, 2419 ] xT=false
PART_DONE part=42
