MEMBER mnv 2 -1/4 16384/269951 shape=[ 1, 1, 2, 2 ] tors=[ 4, 4 ] order4=12 norm111=12 xTpass=0
  D4 above=T1 pat=111 resclass=[ 1, 1, 1 ] xT=false
  D4 above=T1 pat=111 resclass=[ 1, 1, 1 ] xT=false
  D4 above=T2 pat=111 resclass=[ 1, 1, 1 ] xT=false
  D4 above=T3 pat=111 resclass=[ 1, 1, 1 ] xT=false
  D4 above=T2 pat=111 resclass=[ 1, 1, 1 ] xT=false
  D4 above=T3 pat=111 resclass=[ 1, 1, 1 ] xT=false
  D4 above=T1 pat=111 resclass=[ 1, 1, 1 ] xT=false
  D4 above=T1 pat=111 resclass=[ 1, 1, 1 ] xT=false
  D4 above=T2 pat=111 resclass=[ 1, 1, 1 ] xT=false
  D4 above=T3 pat=111 resclass=[ 1, 1, 1 ] xT=false
  D4 above=T2 pat=111 resclass=[ 1, 1, 1 ] xT=false
  D4 above=T3 pat=111 resclass=[ 1, 1, 1 ] xT=false
MEMBER stv 1/4 3 4/3 shape=[ 1, 1, 2, 2 ] tors=[ 4, 4 ] order4=12 norm111=0 xTpass=0
  D4 above=T1 pat=000 resclass=[ 10098374, -88842, -1023 ] xT=false
  D4 above=T1 pat=000 resclass=[ 10098374, -88842, -1023 ] xT=false
  D4 above=T2 pat=000 resclass=[ -88842, -44421, 2 ] xT=false
  D4 above=T3 pat=000 resclass=[ -1023, 2, -2046 ] xT=false
  D4 above=T2 pat=000 resclass=[ -88842, -44421, 2 ] xT=false
  D4 above=T3 pat=000 resclass=[ -1023, 2, -2046 ] xT=false
  D4 above=T1 pat=000 resclass=[ 10098374, -88842, -1023 ] xT=false
  D4 above=T1 pat=000 resclass=[ 10098374, -88842, -1023 ] xT=false
  D4 above=T2 pat=000 resclass=[ -88842, -44421, 2 ] xT=false
  D4 above=T3 pat=000 resclass=[ -1023, 2, -2046 ] xT=false
  D4 above=T2 pat=000 resclass=[ -88842, -44421, 2 ] xT=false
  D4 above=T3 pat=000 resclass=[ -1023, 2, -2046 ] xT=false
MEMBER stv 1/3 2 1/2 shape=[ 1, 1, 2, 2 ] tors=[ 4, 4 ] order4=12 norm111=0 xTpass=0
  D4 above=T2 pat=000 resclass=[ -10146, -3382, 3 ] xT=false
  D4 above=T2 pat=000 resclass=[ -10146, -3382, 3 ] xT=false
  D4 above=T1 pat=000 resclass=[ 50730, -10146, -5 ] xT=false
  D4 above=T3 pat=000 resclass=[ -5, 3, -15 ] xT=false
  D4 above=T1 pat=000 resclass=[ 50730, -10146, -5 ] xT=false
  D4 above=T3 pat=000 resclass=[ -5, 3, -15 ] xT=false
  D4 above=T2 pat=000 resclass=[ -10146, -3382, 3 ] xT=false
  D4 above=T2 pat=000 resclass=[ -10146, -3382, 3 ] xT=false
  D4 above=T1 pat=000 resclass=[ 50730, -10146, -5 ] xT=false
  D4 above=T3 pat=000 resclass=[ -5, 3, -15 ] xT=false
  D4 above=T1 pat=000 resclass=[ 50730, -10146, -5 ] xT=false
  D4 above=T3 pat=000 resclass=[ -5, 3, -15 ] xT=false
MEMBER stv 1/2 4/3 3 shape=[ 1, 1, 2, 2 ] tors=[ 4, 4 ] order4=12 norm111=0 xTpass=0
  D4 above=T2 pat=000 resclass=[ -259, -37, 7 ] xT=false
  D4 above=T2 pat=000 resclass=[ -259, -37, 7 ] xT=false
  D4 above=T1 pat=000 resclass=[ 29785, -259, -115 ] xT=false
  D4 above=T3 pat=000 resclass=[ -115, 7, -805 ] xT=false
  D4 above=T1 pat=000 resclass=[ 29785, -259, -115 ] xT=false
  D4 above=T3 pat=000 resclass=[ -115, 7, -805 ] xT=false
  D4 above=T2 pat=000 resclass=[ -259, -37, 7 ] xT=false
  D4 above=T2 pat=000 resclass=[ -259, -37, 7 ] xT=false
  D4 above=T1 pat=000 resclass=[ 29785, -259, -115 ] xT=false
  D4 above=T3 pat=000 resclass=[ -115, 7, -805 ] xT=false
  D4 above=T1 pat=000 resclass=[ 29785, -259, -115 ] xT=false
  D4 above=T3 pat=000 resclass=[ -115, 7, -805 ] xT=false
MEMBER stv 2/3 3/4 1 shape=[ 1, 1, 2, 2 ] tors=[ 4, 4 ] order4=12 norm111=0 xTpass=0
  D4 above=T1 pat=000 resclass=[ -206641435, -354445, 583 ] xT=false
  D4 above=T1 pat=000 resclass=[ -206641435, -354445, 583 ] xT=false
  D4 above=T3 pat=000 resclass=[ 583, -7, -4081 ] xT=false
  D4 above=T2 pat=000 resclass=[ -354445, 50635, -7 ] xT=false
  D4 above=T3 pat=000 resclass=[ 583, -7, -4081 ] xT=false
  D4 above=T2 pat=000 resclass=[ -354445, 50635, -7 ] xT=false
  D4 above=T1 pat=000 resclass=[ -206641435, -354445, 583 ] xT=false
  D4 above=T1 pat=000 resclass=[ -206641435, -354445, 583 ] xT=false
  D4 above=T3 pat=000 resclass=[ 583, -7, -4081 ] xT=false
  D4 above=T2 pat=000 resclass=[ -354445, 50635, -7 ] xT=false
  D4 above=T3 pat=000 resclass=[ 583, -7, -4081 ] xT=false
  D4 above=T2 pat=000 resclass=[ -354445, 50635, -7 ] xT=false
MEMBER stv 3/4 2/3 1/3 shape=[ 1, 1, 2, 2 ] tors=[ 4, 4 ] order4=12 norm111=0 xTpass=0
  D4 above=T2 pat=000 resclass=[ -469015, 93803, -5 ] xT=false
  D4 above=T2 pat=000 resclass=[ -469015, 93803, -5 ] xT=false
  D4 above=T3 pat=000 resclass=[ 329, -5, -1645 ] xT=false
  D4 above=T1 pat=000 resclass=[ -154305935, -469015, 329 ] xT=false
  D4 above=T3 pat=000 resclass=[ 329, -5, -1645 ] xT=false
  D4 above=T1 pat=000 resclass=[ -154305935, -469015, 329 ] xT=false
  D4 above=T2 pat=000 resclass=[ -469015, 93803, -5 ] xT=false
  D4 above=T2 pat=000 resclass=[ -469015, 93803, -5 ] xT=false
  D4 above=T3 pat=000 resclass=[ 329, -5, -1645 ] xT=false
  D4 above=T1 pat=000 resclass=[ -154305935, -469015, 329 ] xT=false
  D4 above=T3 pat=000 resclass=[ 329, -5, -1645 ] xT=false
  D4 above=T1 pat=000 resclass=[ -154305935, -469015, 329 ] xT=false
MEMBER stv 1 1/3 2 shape=[ 1, 1, 2, 2 ] tors=[ 4, 4 ] order4=12 norm111=0 xTpass=0
  D4 above=T1 pat=000 resclass=[ -13209, -777, 17 ] xT=false
  D4 above=T1 pat=000 resclass=[ -13209, -777, 17 ] xT=false
  D4 above=T3 pat=000 resclass=[ 17, -2, -34 ] xT=false
  D4 above=T2 pat=000 resclass=[ -777, 1554, -2 ] xT=false
  D4 above=T3 pat=000 resclass=[ 17, -2, -34 ] xT=false
  D4 above=T2 pat=000 resclass=[ -777, 1554, -2 ] xT=false
  D4 above=T1 pat=000 resclass=[ -13209, -777, 17 ] xT=false
  D4 above=T1 pat=000 resclass=[ -13209, -777, 17 ] xT=false
  D4 above=T3 pat=000 resclass=[ 17, -2, -34 ] xT=false
  D4 above=T2 pat=000 resclass=[ -777, 1554, -2 ] xT=false
  D4 above=T3 pat=000 resclass=[ 17, -2, -34 ] xT=false
  D4 above=T2 pat=000 resclass=[ -777, 1554, -2 ] xT=false
MEMBER stv 4/3 1/4 3/4 shape=[ 1, 1, 2, 2 ] tors=[ 4, 4 ] order4=12 norm111=0 xTpass=0
  D4 above=T3 pat=000 resclass=[ 2071, -15, -31065 ] xT=false
  D4 above=T3 pat=000 resclass=[ 2071, -15, -31065 ] xT=false
  D4 above=T2 pat=000 resclass=[ -255605, 153363, -15 ] xT=false
  D4 above=T1 pat=000 resclass=[ -44555, -255605, 2071 ] xT=false
  D4 above=T2 pat=000 resclass=[ -255605, 153363, -15 ] xT=false
  D4 above=T1 pat=000 resclass=[ -44555, -255605, 2071 ] xT=false
  D4 above=T3 pat=000 resclass=[ 2071, -15, -31065 ] xT=false
  D4 above=T3 pat=000 resclass=[ 2071, -15, -31065 ] xT=false
  D4 above=T2 pat=000 resclass=[ -255605, 153363, -15 ] xT=false
  D4 above=T1 pat=000 resclass=[ -44555, -255605, 2071 ] xT=false
  D4 above=T2 pat=000 resclass=[ -255605, 153363, -15 ] xT=false
  D4 above=T1 pat=000 resclass=[ -44555, -255605, 2071 ] xT=false
MEMBER stv 4/3 4 1/4 shape=[ 1, 1, 2, 2 ] tors=[ 4, 4 ] order4=12 norm111=0 xTpass=0
  D4 above=T2 pat=000 resclass=[ -102765, -6851, 15 ] xT=false
  D4 above=T2 pat=000 resclass=[ -102765, -6851, 15 ] xT=false
  D4 above=T1 pat=000 resclass=[ 4213365, -102765, -41 ] xT=false
  D4 above=T3 pat=000 resclass=[ -41, 15, -615 ] xT=false
  D4 above=T1 pat=000 resclass=[ 4213365, -102765, -41 ] xT=false
  D4 above=T3 pat=000 resclass=[ -41, 15, -615 ] xT=false
  D4 above=T2 pat=000 resclass=[ -102765, -6851, 15 ] xT=false
  D4 above=T2 pat=000 resclass=[ -102765, -6851, 15 ] xT=false
  D4 above=T1 pat=000 resclass=[ 4213365, -102765, -41 ] xT=false
  D4 above=T3 pat=000 resclass=[ -41, 15, -615 ] xT=false
  D4 above=T1 pat=000 resclass=[ 4213365, -102765, -41 ] xT=false
  D4 above=T3 pat=000 resclass=[ -41, 15, -615 ] xT=false
MEMBER stv 3/2 2 3/2 shape=[ 1, 1, 2, 2 ] tors=[ 4, 4 ] order4=12 norm111=0 xTpass=0
  D4 above=T3 pat=000 resclass=[ -3, 3, -1 ] xT=false
  D4 above=T3 pat=000 resclass=[ -3, 3, -1 ] xT=false
  D4 above=T1 pat=000 resclass=[ 22890, -7630, -3 ] xT=false
  D4 above=T2 pat=000 resclass=[ -7630, -22890, 3 ] xT=false
  D4 above=T1 pat=000 resclass=[ 22890, -7630, -3 ] xT=false
  D4 above=T2 pat=000 resclass=[ -7630, -22890, 3 ] xT=false
  D4 above=T3 pat=000 resclass=[ -3, 3, -1 ] xT=false
  D4 above=T3 pat=000 resclass=[ -3, 3, -1 ] xT=false
  D4 above=T1 pat=000 resclass=[ 22890, -7630, -3 ] xT=false
  D4 above=T2 pat=000 resclass=[ -7630, -22890, 3 ] xT=false
  D4 above=T1 pat=000 resclass=[ 22890, -7630, -3 ] xT=false
  D4 above=T2 pat=000 resclass=[ -7630, -22890, 3 ] xT=false
MEMBER stv 2 3/2 2/3 shape=[ 1, 1, 2, 2 ] tors=[ 4, 4 ] order4=12 norm111=0 xTpass=0
  D4 above=T2 pat=000 resclass=[ 7095, 1419, 5 ] xT=false
  D4 above=T2 pat=000 resclass=[ 7095, 1419, 5 ] xT=false
  D4 above=T3 pat=000 resclass=[ 39, 5, 195 ] xT=false
  D4 above=T1 pat=000 resclass=[ 30745, 7095, 39 ] xT=false
  D4 above=T3 pat=000 resclass=[ 39, 5, 195 ] xT=false
  D4 above=T1 pat=000 resclass=[ 30745, 7095, 39 ] xT=false
  D4 above=T2 pat=000 resclass=[ 7095, 1419, 5 ] xT=false
  D4 above=T2 pat=000 resclass=[ 7095, 1419, 5 ] xT=false
  D4 above=T3 pat=000 resclass=[ 39, 5, 195 ] xT=false
  D4 above=T1 pat=000 resclass=[ 30745, 7095, 39 ] xT=false
  D4 above=T3 pat=000 resclass=[ 39, 5, 195 ] xT=false
  D4 above=T1 pat=000 resclass=[ 30745, 7095, 39 ] xT=false
MEMBER stv 3 3/4 4 shape=[ 1, 1, 2, 2 ] tors=[ 4, 4 ] order4=12 norm111=0 xTpass=0
  D4 above=T3 pat=000 resclass=[ 2255, -7, -15785 ] xT=false
  D4 above=T3 pat=000 resclass=[ 2255, -7, -15785 ] xT=false
  D4 above=T2 pat=000 resclass=[ -629629, 89947, -7 ] xT=false
  D4 above=T1 pat=000 resclass=[ -11733995, -629629, 2255 ] xT=false
  D4 above=T2 pat=000 resclass=[ -629629, 89947, -7 ] xT=false
  D4 above=T1 pat=000 resclass=[ -11733995, -629629, 2255 ] xT=false
  D4 above=T3 pat=000 resclass=[ 2255, -7, -15785 ] xT=false
  D4 above=T3 pat=000 resclass=[ 2255, -7, -15785 ] xT=false
  D4 above=T2 pat=000 resclass=[ -629629, 89947, -7 ] xT=false
  D4 above=T1 pat=000 resclass=[ -11733995, -629629, 2255 ] xT=false
  D4 above=T2 pat=000 resclass=[ -629629, 89947, -7 ] xT=false
  D4 above=T1 pat=000 resclass=[ -11733995, -629629, 2255 ] xT=false
MEMBER stv 4 2/3 4/3 shape=[ 1, 1, 2, 2 ] tors=[ 4, 4 ] order4=12 norm111=0 xTpass=0
  D4 above=T3 pat=000 resclass=[ 1271, -5, -6355 ] xT=false
  D4 above=T3 pat=000 resclass=[ 1271, -5, -6355 ] xT=false
  D4 above=T2 pat=000 resclass=[ -5534535, 1106907, -5 ] xT=false
  D4 above=T1 pat=000 resclass=[ -7034393985, -5534535, 1271 ] xT=false
  D4 above=T2 pat=000 resclass=[ -5534535, 1106907, -5 ] xT=false
  D4 above=T1 pat=000 resclass=[ -7034393985, -5534535, 1271 ] xT=false
  D4 above=T3 pat=000 resclass=[ 1271, -5, -6355 ] xT=false
  D4 above=T3 pat=000 resclass=[ 1271, -5, -6355 ] xT=false
  D4 above=T2 pat=000 resclass=[ -5534535, 1106907, -5 ] xT=false
  D4 above=T1 pat=000 resclass=[ -7034393985, -5534535, 1271 ] xT=false
  D4 above=T2 pat=000 resclass=[ -5534535, 1106907, -5 ] xT=false
  D4 above=T1 pat=000 resclass=[ -7034393985, -5534535, 1271 ] xT=false
MEMBER stv 17/7 3/5 -5/2 shape=[ 1, 1, 2, 2 ] tors=[ 4, 4 ] order4=12 norm111=0 xTpass=0
  D4 above=T1 pat=000 resclass=[ 8826327628026, 52512346, 168081 ] xT=false
  D4 above=T1 pat=000 resclass=[ 8826327628026, 52512346, 168081 ] xT=false
  D4 above=T3 pat=000 resclass=[ 168081, -1, -168081 ] xT=false
  D4 above=T2 pat=000 resclass=[ 52512346, -52512346, -1 ] xT=false
  D4 above=T3 pat=000 resclass=[ 168081, -1, -168081 ] xT=false
  D4 above=T2 pat=000 resclass=[ 52512346, -52512346, -1 ] xT=false
  D4 above=T1 pat=000 resclass=[ 8826327628026, 52512346, 168081 ] xT=false
  D4 above=T1 pat=000 resclass=[ 8826327628026, 52512346, 168081 ] xT=false
  D4 above=T3 pat=000 resclass=[ 168081, -1, -168081 ] xT=false
  D4 above=T2 pat=000 resclass=[ 52512346, -52512346, -1 ] xT=false
  D4 above=T3 pat=000 resclass=[ 168081, -1, -168081 ] xT=false
  D4 above=T2 pat=000 resclass=[ 52512346, -52512346, -1 ] xT=false
MEMBER stv 8/9 20/13 -1/18 shape=[ 1, 1, 2, 2 ] tors=[ 4, 4 ] order4=12 norm111=0 xTpass=0
  D4 above=T3 pat=000 resclass=[ -2494337, 231, -576191847 ] xT=false
  D4 above=T3 pat=000 resclass=[ -2494337, 231, -576191847 ] xT=false
  D4 above=T2 pat=000 resclass=[ -7615378963038, -32967008498, 231 ] xT=false
  D4 above=T1 pat=000 resclass=[ 18995321516527315806, -7615378963038, -2494337 ] xT=false
  D4 above=T2 pat=000 resclass=[ -7615378963038, -32967008498, 231 ] xT=false
  D4 above=T1 pat=000 resclass=[ 18995321516527315806, -7615378963038, -2494337 ] xT=false
  D4 above=T3 pat=000 resclass=[ -2494337, 231, -576191847 ] xT=false
  D4 above=T3 pat=000 resclass=[ -2494337, 231, -576191847 ] xT=false
  D4 above=T2 pat=000 resclass=[ -7615378963038, -32967008498, 231 ] xT=false
  D4 above=T1 pat=000 resclass=[ 18995321516527315806, -7615378963038, -2494337 ] xT=false
  D4 above=T2 pat=000 resclass=[ -7615378963038, -32967008498, 231 ] xT=false
  D4 above=T1 pat=000 resclass=[ 18995321516527315806, -7615378963038, -2494337 ] xT=false
MEMBER stv 3 16/15 -1/5 shape=[ 1, 1, 2, 2 ] tors=[ 4, 4 ] order4=12 norm111=0 xTpass=0
  D4 above=T2 pat=000 resclass=[ -7539355, -243205, 31 ] xT=false
  D4 above=T2 pat=000 resclass=[ -7539355, -243205, 31 ] xT=false
  D4 above=T1 pat=000 resclass=[ -856968325430, -7539355, 113666 ] xT=false
  D4 above=T3 pat=000 resclass=[ 113666, 31, 3523646 ] xT=false
  D4 above=T1 pat=000 resclass=[ -856968325430, -7539355, 113666 ] xT=false
  D4 above=T3 pat=000 resclass=[ 113666, 31, 3523646 ] xT=false
  D4 above=T2 pat=000 resclass=[ -7539355, -243205, 31 ] xT=false
  D4 above=T2 pat=000 resclass=[ -7539355, -243205, 31 ] xT=false
  D4 above=T1 pat=000 resclass=[ -856968325430, -7539355, 113666 ] xT=false
  D4 above=T3 pat=000 resclass=[ 113666, 31, 3523646 ] xT=false
  D4 above=T1 pat=000 resclass=[ -856968325430, -7539355, 113666 ] xT=false
  D4 above=T3 pat=000 resclass=[ 113666, 31, 3523646 ] xT=false
PART_DONE part=43
