MEMBER mnv 2 -1/4 -1982464/21049 shape=[ 1, 1, 2, 2 ] tors=[ 4, 4 ] order4=12 norm111=12 xTpass=0
  D4 above=T1 pat=111 resclass=[ 1, 1, 1 ] xT=false
  D4 above=T1 pat=111 resclass=[ 1, 1, 1 ] xT=false
  D4 above=T2 pat=111 resclass=[ 1, 1, 1 ] xT=false
  D4 above=T3 pat=111 resclass=[ 1, 1, 1 ] xT=false
  D4 above=T2 pat=111 resclass=[ 1, 1, 1 ] xT=false
  D4 above=T3 pat=111 resclass=[ 1, 1, 1 ] xT=false
  D4 above=T1 pat=111 resclass=[ 1, 1, 1 ] xT=false
  D4 above=T1 pat=111 resclass=[ 1, 1, 1 ] xT=false
  D4 above=T2 pat=111 resclass=[ 1, 1, 1 ] xT=false
  D4 above=T3 pat=111 resclass=[ 1, 1, 1 ] xT=false
  D4 above=T2 pat=111 resclass=[ 1, 1, 1 ] xT=false
  D4 above=T3 pat=111 resclass=[ 1, 1, 1 ] xT=false
MEMBER stv 1/4 3 -4/3 shape=[ 1, 1, 2, 2 ] tors=[ 4, 4 ] order4=12 norm111=0 xTpass=0
  D4 above=T2 pat=000 resclass=[ -76758, -38379, 2 ] xT=false
  D4 above=T2 pat=000 resclass=[ -76758, -38379, 2 ] xT=false
  D4 above=T1 pat=000 resclass=[ 72106, -76758, -1023 ] xT=false
  D4 above=T3 pat=000 resclass=[ -1023, 2, -2046 ] xT=false
  D4 above=T1 pat=000 resclass=[ 72106, -76758, -1023 ] xT=false
  D4 above=T3 pat=000 resclass=[ -1023, 2, -2046 ] xT=false
  D4 above=T2 pat=000 resclass=[ -76758, -38379, 2 ] xT=false
  D4 above=T2 pat=000 resclass=[ -76758, -38379, 2 ] xT=false
  D4 above=T1 pat=000 resclass=[ 72106, -76758, -1023 ] xT=false
  D4 above=T3 pat=000 resclass=[ -1023, 2, -2046 ] xT=false
  D4 above=T1 pat=000 resclass=[ 72106, -76758, -1023 ] xT=false
  D4 above=T3 pat=000 resclass=[ -1023, 2, -2046 ] xT=false
MEMBER stv 1/3 2 -1/2 shape=[ 1, 1, 2, 2 ] tors=[ 4, 4 ] order4=12 norm111=0 xTpass=0
  D4 above=T3 pat=000 resclass=[ -5, 3, -15 ] xT=false
  D4 above=T3 pat=000 resclass=[ -5, 3, -15 ] xT=false
  D4 above=T2 pat=000 resclass=[ -510, -170, 3 ] xT=false
  D4 above=T1 pat=000 resclass=[ 102, -510, -5 ] xT=false
  D4 above=T2 pat=000 resclass=[ -510, -170, 3 ] xT=false
  D4 above=T1 pat=000 resclass=[ 102, -510, -5 ] xT=false
  D4 above=T3 pat=000 resclass=[ -5, 3, -15 ] xT=false
  D4 above=T3 pat=000 resclass=[ -5, 3, -15 ] xT=false
  D4 above=T2 pat=000 resclass=[ -510, -170, 3 ] xT=false
  D4 above=T1 pat=000 resclass=[ 102, -510, -5 ] xT=false
  D4 above=T2 pat=000 resclass=[ -510, -170, 3 ] xT=false
  D4 above=T1 pat=000 resclass=[ 102, -510, -5 ] xT=false
MEMBER stv 1/2 4/3 -3 shape=[ 1, 1, 2, 2 ] tors=[ 4, 4 ] order4=12 norm111=0 xTpass=0
  D4 above=T3 pat=000 resclass=[ -115, 7, -805 ] xT=false
  D4 above=T3 pat=000 resclass=[ -115, 7, -805 ] xT=false
  D4 above=T1 pat=000 resclass=[ 15295, -133, -115 ] xT=false
  D4 above=T2 pat=000 resclass=[ -133, -19, 7 ] xT=false
  D4 above=T1 pat=000 resclass=[ 15295, -133, -115 ] xT=false
  D4 above=T2 pat=000 resclass=[ -133, -19, 7 ] xT=false
  D4 above=T3 pat=000 resclass=[ -115, 7, -805 ] xT=false
  D4 above=T3 pat=000 resclass=[ -115, 7, -805 ] xT=false
  D4 above=T1 pat=000 resclass=[ 15295, -133, -115 ] xT=false
  D4 above=T2 pat=000 resclass=[ -133, -19, 7 ] xT=false
  D4 above=T1 pat=000 resclass=[ 15295, -133, -115 ] xT=false
  D4 above=T2 pat=000 resclass=[ -133, -19, 7 ] xT=false
MEMBER stv 2/3 3/4 -1 shape=[ 1, 1, 2, 2 ] tors=[ 4, 4 ] order4=12 norm111=0 xTpass=0
  D4 above=T1 pat=000 resclass=[ 14548765, 24955, 583 ] xT=false
  D4 above=T1 pat=000 resclass=[ 14548765, 24955, 583 ] xT=false
  D4 above=T3 pat=000 resclass=[ 583, -7, -4081 ] xT=false
  D4 above=T2 pat=000 resclass=[ 24955, -3565, -7 ] xT=false
  D4 above=T3 pat=000 resclass=[ 583, -7, -4081 ] xT=false
  D4 above=T2 pat=000 resclass=[ 24955, -3565, -7 ] xT=false
  D4 above=T1 pat=000 resclass=[ 14548765, 24955, 583 ] xT=false
  D4 above=T1 pat=000 resclass=[ 14548765, 24955, 583 ] xT=false
  D4 above=T3 pat=000 resclass=[ 583, -7, -4081 ] xT=false
  D4 above=T2 pat=000 resclass=[ 24955, -3565, -7 ] xT=false
  D4 above=T3 pat=000 resclass=[ 583, -7, -4081 ] xT=false
  D4 above=T2 pat=000 resclass=[ 24955, -3565, -7 ] xT=false
MEMBER stv 3/4 2/3 -1/3 shape=[ 1, 1, 2, 2 ] tors=[ 4, 4 ] order4=12 norm111=0 xTpass=0
  D4 above=T2 pat=000 resclass=[ 184535, -36907, -5 ] xT=false
  D4 above=T2 pat=000 resclass=[ 184535, -36907, -5 ] xT=false
  D4 above=T3 pat=000 resclass=[ 329, -5, -1645 ] xT=false
  D4 above=T1 pat=000 resclass=[ 60712015, 184535, 329 ] xT=false
  D4 above=T3 pat=000 resclass=[ 329, -5, -1645 ] xT=false
  D4 above=T1 pat=000 resclass=[ 60712015, 184535, 329 ] xT=false
  D4 above=T2 pat=000 resclass=[ 184535, -36907, -5 ] xT=false
  D4 above=T2 pat=000 resclass=[ 184535, -36907, -5 ] xT=false
  D4 above=T3 pat=000 resclass=[ 329, -5, -1645 ] xT=false
  D4 above=T1 pat=000 resclass=[ 60712015, 184535, 329 ] xT=false
  D4 above=T3 pat=000 resclass=[ 329, -5, -1645 ] xT=false
  D4 above=T1 pat=000 resclass=[ 60712015, 184535, 329 ] xT=false
MEMBER stv 1 1/3 -2 shape=[ 1, 1, 2, 2 ] tors=[ 4, 4 ] order4=12 norm111=0 xTpass=0
  D4 above=T1 pat=000 resclass=[ 1649, 97, 17 ] xT=false
  D4 above=T1 pat=000 resclass=[ 1649, 97, 17 ] xT=false
  D4 above=T2 pat=000 resclass=[ 97, -194, -2 ] xT=false
  D4 above=T3 pat=000 resclass=[ 17, -2, -34 ] xT=false
  D4 above=T2 pat=000 resclass=[ 97, -194, -2 ] xT=false
  D4 above=T3 pat=000 resclass=[ 17, -2, -34 ] xT=false
  D4 above=T1 pat=000 resclass=[ 1649, 97, 17 ] xT=false
  D4 above=T1 pat=000 resclass=[ 1649, 97, 17 ] xT=false
  D4 above=T2 pat=000 resclass=[ 97, -194, -2 ] xT=false
  D4 above=T3 pat=000 resclass=[ 17, -2, -34 ] xT=false
  D4 above=T2 pat=000 resclass=[ 97, -194, -2 ] xT=false
  D4 above=T3 pat=000 resclass=[ 17, -2, -34 ] xT=false
MEMBER stv 4/3 1/4 -3/4 shape=[ 1, 1, 2, 2 ] tors=[ 4, 4 ] order4=12 norm111=0 xTpass=0
  D4 above=T3 pat=000 resclass=[ 2071, -15, -31065 ] xT=false
  D4 above=T3 pat=000 resclass=[ 2071, -15, -31065 ] xT=false
  D4 above=T2 pat=000 resclass=[ 5795, -3477, -15 ] xT=false
  D4 above=T1 pat=000 resclass=[ 33245, 5795, 2071 ] xT=false
  D4 above=T2 pat=000 resclass=[ 5795, -3477, -15 ] xT=false
  D4 above=T1 pat=000 resclass=[ 33245, 5795, 2071 ] xT=false
  D4 above=T3 pat=000 resclass=[ 2071, -15, -31065 ] xT=false
  D4 above=T3 pat=000 resclass=[ 2071, -15, -31065 ] xT=false
  D4 above=T2 pat=000 resclass=[ 5795, -3477, -15 ] xT=false
  D4 above=T1 pat=000 resclass=[ 33245, 5795, 2071 ] xT=false
  D4 above=T2 pat=000 resclass=[ 5795, -3477, -15 ] xT=false
  D4 above=T1 pat=000 resclass=[ 33245, 5795, 2071 ] xT=false
MEMBER stv 4/3 4 -1/4 shape=[ 1, 1, 2, 2 ] tors=[ 4, 4 ] order4=12 norm111=0 xTpass=0
  D4 above=T2 pat=000 resclass=[ -1635, -109, 15 ] xT=false
  D4 above=T2 pat=000 resclass=[ -1635, -109, 15 ] xT=false
  D4 above=T3 pat=000 resclass=[ -41, 15, -615 ] xT=false
  D4 above=T1 pat=000 resclass=[ 67035, -1635, -41 ] xT=false
  D4 above=T3 pat=000 resclass=[ -41, 15, -615 ] xT=false
  D4 above=T1 pat=000 resclass=[ 67035, -1635, -41 ] xT=false
  D4 above=T2 pat=000 resclass=[ -1635, -109, 15 ] xT=false
  D4 above=T2 pat=000 resclass=[ -1635, -109, 15 ] xT=false
  D4 above=T3 pat=000 resclass=[ -41, 15, -615 ] xT=false
  D4 above=T1 pat=000 resclass=[ 67035, -1635, -41 ] xT=false
  D4 above=T3 pat=000 resclass=[ -41, 15, -615 ] xT=false
  D4 above=T1 pat=000 resclass=[ 67035, -1635, -41 ] xT=false
MEMBER stv 3/2 2 -3/2 shape=[ 1, 1, 2, 2 ] tors=[ 4, 4 ] order4=12 norm111=0 xTpass=0
  D4 above=T2 pat=000 resclass=[ 190, 570, 3 ] xT=false
  D4 above=T2 pat=000 resclass=[ 190, 570, 3 ] xT=false
  D4 above=T1 pat=000 resclass=[ -570, 190, -3 ] xT=false
  D4 above=T3 pat=000 resclass=[ -3, 3, -1 ] xT=false
  D4 above=T1 pat=000 resclass=[ -570, 190, -3 ] xT=false
  D4 above=T3 pat=000 resclass=[ -3, 3, -1 ] xT=false
  D4 above=T2 pat=000 resclass=[ 190, 570, 3 ] xT=false
  D4 above=T2 pat=000 resclass=[ 190, 570, 3 ] xT=false
  D4 above=T1 pat=000 resclass=[ -570, 190, -3 ] xT=false
  D4 above=T3 pat=000 resclass=[ -3, 3, -1 ] xT=false
  D4 above=T1 pat=000 resclass=[ -570, 190, -3 ] xT=false
  D4 above=T3 pat=000 resclass=[ -3, 3, -1 ] xT=false
MEMBER stv 2 3/2 -2/3 shape=[ 1, 1, 2, 2 ] tors=[ 4, 4 ] order4=12 norm111=0 xTpass=0
  D4 above=T1 pat=000 resclass=[ 65, 15, 39 ] xT=false
  D4 above=T1 pat=000 resclass=[ 65, 15, 39 ] xT=false
  D4 above=T3 pat=000 resclass=[ 39, 5, 195 ] xT=false
  D4 above=T2 pat=000 resclass=[ 15, 3, 5 ] xT=false
  D4 above=T3 pat=000 resclass=[ 39, 5, 195 ] xT=false
  D4 above=T2 pat=000 resclass=[ 15, 3, 5 ] xT=false
  D4 above=T1 pat=000 resclass=[ 65, 15, 39 ] xT=false
  D4 above=T1 pat=000 resclass=[ 65, 15, 39 ] xT=false
  D4 above=T3 pat=000 resclass=[ 39, 5, 195 ] xT=false
  D4 above=T2 pat=000 resclass=[ 15, 3, 5 ] xT=false
  D4 above=T3 pat=000 resclass=[ 39, 5, 195 ] xT=false
  D4 above=T2 pat=000 resclass=[ 15, 3, 5 ] xT=false
MEMBER stv 3 3/4 -4 shape=[ 1, 1, 2, 2 ] tors=[ 4, 4 ] order4=12 norm111=0 xTpass=0
  D4 above=T1 pat=000 resclass=[ 21197, 235, 2255 ] xT=false
  D4 above=T1 pat=000 resclass=[ 21197, 235, 2255 ] xT=false
  D4 above=T3 pat=000 resclass=[ 2255, -7, -15785 ] xT=false
  D4 above=T2 pat=000 resclass=[ 235, -1645, -7 ] xT=false
  D4 above=T3 pat=000 resclass=[ 2255, -7, -15785 ] xT=false
  D4 above=T2 pat=000 resclass=[ 235, -1645, -7 ] xT=false
  D4 above=T1 pat=000 resclass=[ 21197, 235, 2255 ] xT=false
  D4 above=T1 pat=000 resclass=[ 21197, 235, 2255 ] xT=false
  D4 above=T3 pat=000 resclass=[ 2255, -7, -15785 ] xT=false
  D4 above=T2 pat=000 resclass=[ 235, -1645, -7 ] xT=false
  D4 above=T3 pat=000 resclass=[ 2255, -7, -15785 ] xT=false
  D4 above=T2 pat=000 resclass=[ 235, -1645, -7 ] xT=false
MEMBER stv 4 2/3 -4/3 shape=[ 1, 1, 2, 2 ] tors=[ 4, 4 ] order4=12 norm111=0 xTpass=0
  D4 above=T2 pat=000 resclass=[ 4594215, -918843, -5 ] xT=false
  D4 above=T2 pat=000 resclass=[ 4594215, -918843, -5 ] xT=false
  D4 above=T3 pat=000 resclass=[ 1271, -5, -6355 ] xT=false
  D4 above=T1 pat=000 resclass=[ 5839247265, 4594215, 1271 ] xT=false
  D4 above=T3 pat=000 resclass=[ 1271, -5, -6355 ] xT=false
  D4 above=T1 pat=000 resclass=[ 5839247265, 4594215, 1271 ] xT=false
  D4 above=T2 pat=000 resclass=[ 4594215, -918843, -5 ] xT=false
  D4 above=T2 pat=000 resclass=[ 4594215, -918843, -5 ] xT=false
  D4 above=T3 pat=000 resclass=[ 1271, -5, -6355 ] xT=false
  D4 above=T1 pat=000 resclass=[ 5839247265, 4594215, 1271 ] xT=false
  D4 above=T3 pat=000 resclass=[ 1271, -5, -6355 ] xT=false
  D4 above=T1 pat=000 resclass=[ 5839247265, 4594215, 1271 ] xT=false
MEMBER stv 6/13 17/9 -3/7 shape=[ 1, 1, 2, 2 ] tors=[ 4, 4 ] order4=12 norm111=0 xTpass=0
  D4 above=T2 pat=000 resclass=[ -48951446089, -3765495853, 13 ] xT=false
  D4 above=T2 pat=000 resclass=[ -48951446089, -3765495853, 13 ] xT=false
  D4 above=T1 pat=000 resclass=[ 86588010171758095, -48951446089, -1768855 ] xT=false
  D4 above=T3 pat=000 resclass=[ -1768855, 13, -22995115 ] xT=false
  D4 above=T1 pat=000 resclass=[ 86588010171758095, -48951446089, -1768855 ] xT=false
  D4 above=T3 pat=000 resclass=[ -1768855, 13, -22995115 ] xT=false
  D4 above=T2 pat=000 resclass=[ -48951446089, -3765495853, 13 ] xT=false
  D4 above=T2 pat=000 resclass=[ -48951446089, -3765495853, 13 ] xT=false
  D4 above=T1 pat=000 resclass=[ 86588010171758095, -48951446089, -1768855 ] xT=false
  D4 above=T3 pat=000 resclass=[ -1768855, 13, -22995115 ] xT=false
  D4 above=T1 pat=000 resclass=[ 86588010171758095, -48951446089, -1768855 ] xT=false
  D4 above=T3 pat=000 resclass=[ -1768855, 13, -22995115 ] xT=false
MEMBER stv 16/7 13/19 8/11 shape=[ 1, 1, 2, 2 ] tors=[ 4, 4 ] order4=12 norm111=0 xTpass=0
  D4 above=T3 pat=000 resclass=[ 123265, -3, -369795 ] xT=false
  D4 above=T3 pat=000 resclass=[ 123265, -3, -369795 ] xT=false
  D4 above=T2 pat=000 resclass=[ -353466292674, 117822097558, -3 ] xT=false
  D4 above=T1 pat=000 resclass=[ -43570022566460610, -353466292674, 123265 ] xT=false
  D4 above=T2 pat=000 resclass=[ -353466292674, 117822097558, -3 ] xT=false
  D4 above=T1 pat=000 resclass=[ -43570022566460610, -353466292674, 123265 ] xT=false
  D4 above=T3 pat=000 resclass=[ 123265, -3, -369795 ] xT=false
  D4 above=T3 pat=000 resclass=[ 123265, -3, -369795 ] xT=false
  D4 above=T2 pat=000 resclass=[ -353466292674, 117822097558, -3 ] xT=false
  D4 above=T1 pat=000 resclass=[ -43570022566460610, -353466292674, 123265 ] xT=false
  D4 above=T2 pat=000 resclass=[ -353466292674, 117822097558, -3 ] xT=false
  D4 above=T1 pat=000 resclass=[ -43570022566460610, -353466292674, 123265 ] xT=false
MEMBER stv 7/5 15/8 -16/11 shape=[ 1, 1, 2, 2 ] tors=[ 4, 4 ] order4=12 norm111=0 xTpass=0
  D4 above=T2 pat=000 resclass=[ 698904586919, 4341022279, 161 ] xT=false
  D4 above=T2 pat=000 resclass=[ 698904586919, 4341022279, 161 ] xT=false
  D4 above=T1 pat=000 resclass=[ -6380299973983551, 698904586919, -9129 ] xT=false
  D4 above=T3 pat=000 resclass=[ -9129, 161, -1469769 ] xT=false
  D4 above=T1 pat=000 resclass=[ -6380299973983551, 698904586919, -9129 ] xT=false
  D4 above=T3 pat=000 resclass=[ -9129, 161, -1469769 ] xT=false
  D4 above=T2 pat=000 resclass=[ 698904586919, 4341022279, 161 ] xT=false
  D4 above=T2 pat=000 resclass=[ 698904586919, 4341022279, 161 ] xT=false
  D4 above=T1 pat=000 resclass=[ -6380299973983551, 698904586919, -9129 ] xT=false
  D4 above=T3 pat=000 resclass=[ -9129, 161, -1469769 ] xT=false
  D4 above=T1 pat=000 resclass=[ -6380299973983551, 698904586919, -9129 ] xT=false
  D4 above=T3 pat=000 resclass=[ -9129, 161, -1469769 ] xT=false
PART_DONE part=44
