MEMBER stv 1/4 1/4 1/4 shape=[ 1, 1, 2, 2 ] tors=[ 4, 4 ] order4=12 norm111=0 xTpass=0
  D4 above=T1 pat=000 resclass=[ 8599305, -41145, -209 ] xT=false
  D4 above=T1 pat=000 resclass=[ 8599305, -41145, -209 ] xT=false
  D4 above=T3 pat=000 resclass=[ -209, -15, 3135 ] xT=false
  D4 above=T2 pat=000 resclass=[ -41145, 2743, -15 ] xT=false
  D4 above=T3 pat=000 resclass=[ -209, -15, 3135 ] xT=false
  D4 above=T2 pat=000 resclass=[ -41145, 2743, -15 ] xT=false
  D4 above=T1 pat=000 resclass=[ 8599305, -41145, -209 ] xT=false
  D4 above=T1 pat=000 resclass=[ 8599305, -41145, -209 ] xT=false
  D4 above=T3 pat=000 resclass=[ -209, -15, 3135 ] xT=false
  D4 above=T2 pat=000 resclass=[ -41145, 2743, -15 ] xT=false
  D4 above=T3 pat=000 resclass=[ -209, -15, 3135 ] xT=false
  D4 above=T2 pat=000 resclass=[ -41145, 2743, -15 ] xT=false
MEMBER stv 1/4 3 3/2 shape=[ 1, 1, 2, 2 ] tors=[ 4, 4 ] order4=12 norm111=0 xTpass=0
  D4 above=T3 pat=000 resclass=[ -1023, 2, -2046 ] xT=false
  D4 above=T3 pat=000 resclass=[ -1023, 2, -2046 ] xT=false
  D4 above=T1 pat=000 resclass=[ 337435, -359205, -1023 ] xT=false
  D4 above=T2 pat=000 resclass=[ -359205, -718410, 2 ] xT=false
  D4 above=T1 pat=000 resclass=[ 337435, -359205, -1023 ] xT=false
  D4 above=T2 pat=000 resclass=[ -359205, -718410, 2 ] xT=false
  D4 above=T3 pat=000 resclass=[ -1023, 2, -2046 ] xT=false
  D4 above=T3 pat=000 resclass=[ -1023, 2, -2046 ] xT=false
  D4 above=T1 pat=000 resclass=[ 337435, -359205, -1023 ] xT=false
  D4 above=T2 pat=000 resclass=[ -359205, -718410, 2 ] xT=false
  D4 above=T1 pat=000 resclass=[ 337435, -359205, -1023 ] xT=false
  D4 above=T2 pat=000 resclass=[ -359205, -718410, 2 ] xT=false
MEMBER stv 1/3 2 2/3 shape=[ 1, 1, 2, 2 ] tors=[ 4, 4 ] order4=12 norm111=0 xTpass=0
  D4 above=T2 pat=000 resclass=[ -10846, -32538, 3 ] xT=false
  D4 above=T2 pat=000 resclass=[ -10846, -32538, 3 ] xT=false
  D4 above=T3 pat=000 resclass=[ -5, 3, -15 ] xT=false
  D4 above=T1 pat=000 resclass=[ 54230, -10846, -5 ] xT=false
  D4 above=T3 pat=000 resclass=[ -5, 3, -15 ] xT=false
  D4 above=T1 pat=000 resclass=[ 54230, -10846, -5 ] xT=false
  D4 above=T2 pat=000 resclass=[ -10846, -32538, 3 ] xT=false
  D4 above=T2 pat=000 resclass=[ -10846, -32538, 3 ] xT=false
  D4 above=T3 pat=000 resclass=[ -5, 3, -15 ] xT=false
  D4 above=T1 pat=000 resclass=[ 54230, -10846, -5 ] xT=false
  D4 above=T3 pat=000 resclass=[ -5, 3, -15 ] xT=false
  D4 above=T1 pat=000 resclass=[ 54230, -10846, -5 ] xT=false
MEMBER stv 1/2 4/3 4 shape=[ 1, 1, 2, 2 ] tors=[ 4, 4 ] order4=12 norm111=0 xTpass=0
  D4 above=T3 pat=000 resclass=[ -115, 7, -805 ] xT=false
  D4 above=T3 pat=000 resclass=[ -115, 7, -805 ] xT=false
  D4 above=T2 pat=000 resclass=[ -1001, -143, 7 ] xT=false
  D4 above=T1 pat=000 resclass=[ 115115, -1001, -115 ] xT=false
  D4 above=T2 pat=000 resclass=[ -1001, -143, 7 ] xT=false
  D4 above=T1 pat=000 resclass=[ 115115, -1001, -115 ] xT=false
  D4 above=T3 pat=000 resclass=[ -115, 7, -805 ] xT=false
  D4 above=T3 pat=000 resclass=[ -115, 7, -805 ] xT=false
  D4 above=T2 pat=000 resclass=[ -1001, -143, 7 ] xT=false
  D4 above=T1 pat=000 resclass=[ 115115, -1001, -115 ] xT=false
  D4 above=T2 pat=000 resclass=[ -1001, -143, 7 ] xT=false
  D4 above=T1 pat=000 resclass=[ 115115, -1001, -115 ] xT=false
MEMBER stv 2/3 3/4 4/3 shape=[ 1, 1, 2, 2 ] tors=[ 4, 4 ] order4=12 norm111=0 xTpass=0
  D4 above=T2 pat=000 resclass=[ -2997057, 428151, -7 ] xT=false
  D4 above=T2 pat=000 resclass=[ -2997057, 428151, -7 ] xT=false
  D4 above=T3 pat=000 resclass=[ 583, -7, -4081 ] xT=false
  D4 above=T1 pat=000 resclass=[ -1747284231, -2997057, 583 ] xT=false
  D4 above=T3 pat=000 resclass=[ 583, -7, -4081 ] xT=false
  D4 above=T1 pat=000 resclass=[ -1747284231, -2997057, 583 ] xT=false
  D4 above=T2 pat=000 resclass=[ -2997057, 428151, -7 ] xT=false
  D4 above=T2 pat=000 resclass=[ -2997057, 428151, -7 ] xT=false
  D4 above=T3 pat=000 resclass=[ 583, -7, -4081 ] xT=false
  D4 above=T1 pat=000 resclass=[ -1747284231, -2997057, 583 ] xT=false
  D4 above=T3 pat=000 resclass=[ 583, -7, -4081 ] xT=false
  D4 above=T1 pat=000 resclass=[ -1747284231, -2997057, 583 ] xT=false
MEMBER stv 3/4 2/3 1/2 shape=[ 1, 1, 2, 2 ] tors=[ 4, 4 ] order4=12 norm111=0 xTpass=0
  D4 above=T2 pat=000 resclass=[ -1492810, 298562, -5 ] xT=false
  D4 above=T2 pat=000 resclass=[ -1492810, 298562, -5 ] xT=false
  D4 above=T1 pat=000 resclass=[ -491134490, -1492810, 329 ] xT=false
  D4 above=T3 pat=000 resclass=[ 329, -5, -1645 ] xT=false
  D4 above=T1 pat=000 resclass=[ -491134490, -1492810, 329 ] xT=false
  D4 above=T3 pat=000 resclass=[ 329, -5, -1645 ] xT=false
  D4 above=T2 pat=000 resclass=[ -1492810, 298562, -5 ] xT=false
  D4 above=T2 pat=000 resclass=[ -1492810, 298562, -5 ] xT=false
  D4 above=T1 pat=000 resclass=[ -491134490, -1492810, 329 ] xT=false
  D4 above=T3 pat=000 resclass=[ 329, -5, -1645 ] xT=false
  D4 above=T1 pat=000 resclass=[ -491134490, -1492810, 329 ] xT=false
  D4 above=T3 pat=000 resclass=[ 329, -5, -1645 ] xT=false
MEMBER stv 1 1/3 3 shape=[ 1, 1, 2, 2 ] tors=[ 4, 4 ] order4=12 norm111=0 xTpass=0
  D4 above=T3 pat=000 resclass=[ 17, -2, -34 ] xT=false
  D4 above=T3 pat=000 resclass=[ 17, -2, -34 ] xT=false
  D4 above=T1 pat=000 resclass=[ -986, -58, 17 ] xT=false
  D4 above=T2 pat=000 resclass=[ -58, 29, -2 ] xT=false
  D4 above=T1 pat=000 resclass=[ -986, -58, 17 ] xT=false
  D4 above=T2 pat=000 resclass=[ -58, 29, -2 ] xT=false
  D4 above=T3 pat=000 resclass=[ 17, -2, -34 ] xT=false
  D4 above=T3 pat=000 resclass=[ 17, -2, -34 ] xT=false
  D4 above=T1 pat=000 resclass=[ -986, -58, 17 ] xT=false
  D4 above=T2 pat=000 resclass=[ -58, 29, -2 ] xT=false
  D4 above=T1 pat=000 resclass=[ -986, -58, 17 ] xT=false
  D4 above=T2 pat=000 resclass=[ -58, 29, -2 ] xT=false
MEMBER stv 4/3 1/4 1 shape=[ 1, 1, 2, 2 ] tors=[ 4, 4 ] order4=12 norm111=0 xTpass=0
  D4 above=T3 pat=000 resclass=[ 2071, -15, -31065 ] xT=false
  D4 above=T3 pat=000 resclass=[ 2071, -15, -31065 ] xT=false
  D4 above=T1 pat=000 resclass=[ -8120391, -3921, 2071 ] xT=false
  D4 above=T2 pat=000 resclass=[ -3921, 6535, -15 ] xT=false
  D4 above=T1 pat=000 resclass=[ -8120391, -3921, 2071 ] xT=false
  D4 above=T2 pat=000 resclass=[ -3921, 6535, -15 ] xT=false
  D4 above=T3 pat=000 resclass=[ 2071, -15, -31065 ] xT=false
  D4 above=T3 pat=000 resclass=[ 2071, -15, -31065 ] xT=false
  D4 above=T1 pat=000 resclass=[ -8120391, -3921, 2071 ] xT=false
  D4 above=T2 pat=000 resclass=[ -3921, 6535, -15 ] xT=false
  D4 above=T1 pat=000 resclass=[ -8120391, -3921, 2071 ] xT=false
  D4 above=T2 pat=000 resclass=[ -3921, 6535, -15 ] xT=false
MEMBER stv 4/3 4 1/3 shape=[ 1, 1, 2, 2 ] tors=[ 4, 4 ] order4=12 norm111=0 xTpass=0
  D4 above=T1 pat=000 resclass=[ 18661355, -455155, -41 ] xT=false
  D4 above=T1 pat=000 resclass=[ 18661355, -455155, -41 ] xT=false
  D4 above=T3 pat=000 resclass=[ -41, 15, -615 ] xT=false
  D4 above=T2 pat=000 resclass=[ -455155, -273093, 15 ] xT=false
  D4 above=T3 pat=000 resclass=[ -41, 15, -615 ] xT=false
  D4 above=T2 pat=000 resclass=[ -455155, -273093, 15 ] xT=false
  D4 above=T1 pat=000 resclass=[ 18661355, -455155, -41 ] xT=false
  D4 above=T1 pat=000 resclass=[ 18661355, -455155, -41 ] xT=false
  D4 above=T3 pat=000 resclass=[ -41, 15, -615 ] xT=false
  D4 above=T2 pat=000 resclass=[ -455155, -273093, 15 ] xT=false
  D4 above=T3 pat=000 resclass=[ -41, 15, -615 ] xT=false
  D4 above=T2 pat=000 resclass=[ -455155, -273093, 15 ] xT=false
MEMBER stv 3/2 2 2 shape=[ 1, 1, 2, 2 ] tors=[ 4, 4 ] order4=12 norm111=0 xTpass=0
  D4 above=T3 pat=000 resclass=[ -3, 3, -1 ] xT=false
  D4 above=T3 pat=000 resclass=[ -3, 3, -1 ] xT=false
  D4 above=T1 pat=000 resclass=[ 814, -2442, -3 ] xT=false
  D4 above=T2 pat=000 resclass=[ -2442, -814, 3 ] xT=false
  D4 above=T1 pat=000 resclass=[ 814, -2442, -3 ] xT=false
  D4 above=T2 pat=000 resclass=[ -2442, -814, 3 ] xT=false
  D4 above=T3 pat=000 resclass=[ -3, 3, -1 ] xT=false
  D4 above=T3 pat=000 resclass=[ -3, 3, -1 ] xT=false
  D4 above=T1 pat=000 resclass=[ 814, -2442, -3 ] xT=false
  D4 above=T2 pat=000 resclass=[ -2442, -814, 3 ] xT=false
  D4 above=T1 pat=000 resclass=[ 814, -2442, -3 ] xT=false
  D4 above=T2 pat=000 resclass=[ -2442, -814, 3 ] xT=false
MEMBER stv 2 3/2 3/4 shape=[ 1, 1, 2, 2 ] tors=[ 4, 4 ] order4=12 norm111=0 xTpass=0
  D4 above=T2 pat=000 resclass=[ 15, 3, 5 ] xT=false
  D4 above=T2 pat=000 resclass=[ 15, 3, 5 ] xT=false
  D4 above=T1 pat=000 resclass=[ 65, 15, 39 ] xT=false
  D4 above=T3 pat=000 resclass=[ 39, 5, 195 ] xT=false
  D4 above=T1 pat=000 resclass=[ 65, 15, 39 ] xT=false
  D4 above=T3 pat=000 resclass=[ 39, 5, 195 ] xT=false
  D4 above=T2 pat=000 resclass=[ 15, 3, 5 ] xT=false
  D4 above=T2 pat=000 resclass=[ 15, 3, 5 ] xT=false
  D4 above=T1 pat=000 resclass=[ 65, 15, 39 ] xT=false
  D4 above=T3 pat=000 resclass=[ 39, 5, 195 ] xT=false
  D4 above=T1 pat=000 resclass=[ 65, 15, 39 ] xT=false
  D4 above=T3 pat=000 resclass=[ 39, 5, 195 ] xT=false
MEMBER stv 3 4/3 1/4 shape=[ 1, 1, 2, 2 ] tors=[ 4, 4 ] order4=12 norm111=0 xTpass=0
  D4 above=T3 pat=000 resclass=[ 170, 7, 1190 ] xT=false
  D4 above=T3 pat=000 resclass=[ 170, 7, 1190 ] xT=false
  D4 above=T2 pat=000 resclass=[ 85631, 12233, 7 ] xT=false
  D4 above=T1 pat=000 resclass=[ 14557270, 85631, 170 ] xT=false
  D4 above=T2 pat=000 resclass=[ 85631, 12233, 7 ] xT=false
  D4 above=T1 pat=000 resclass=[ 14557270, 85631, 170 ] xT=false
  D4 above=T3 pat=000 resclass=[ 170, 7, 1190 ] xT=false
  D4 above=T3 pat=000 resclass=[ 170, 7, 1190 ] xT=false
  D4 above=T2 pat=000 resclass=[ 85631, 12233, 7 ] xT=false
  D4 above=T1 pat=000 resclass=[ 14557270, 85631, 170 ] xT=false
  D4 above=T2 pat=000 resclass=[ 85631, 12233, 7 ] xT=false
  D4 above=T1 pat=000 resclass=[ 14557270, 85631, 170 ] xT=false
MEMBER stv 4 2/3 3/2 shape=[ 1, 1, 2, 2 ] tors=[ 4, 4 ] order4=12 norm111=0 xTpass=0
  D4 above=T1 pat=000 resclass=[ -348254, -274, 1271 ] xT=false
  D4 above=T1 pat=000 resclass=[ -348254, -274, 1271 ] xT=false
  D4 above=T2 pat=000 resclass=[ -274, 1370, -5 ] xT=false
  D4 above=T3 pat=000 resclass=[ 1271, -5, -6355 ] xT=false
  D4 above=T2 pat=000 resclass=[ -274, 1370, -5 ] xT=false
  D4 above=T3 pat=000 resclass=[ 1271, -5, -6355 ] xT=false
  D4 above=T1 pat=000 resclass=[ -348254, -274, 1271 ] xT=false
  D4 above=T1 pat=000 resclass=[ -348254, -274, 1271 ] xT=false
  D4 above=T2 pat=000 resclass=[ -274, 1370, -5 ] xT=false
  D4 above=T3 pat=000 resclass=[ 1271, -5, -6355 ] xT=false
  D4 above=T2 pat=000 resclass=[ -274, 1370, -5 ] xT=false
  D4 above=T3 pat=000 resclass=[ 1271, -5, -6355 ] xT=false
MEMBER stv 16/19 2 -4/9 shape=[ 1, 1, 2, 2 ] tors=[ 4, 4 ] order4=12 norm111=0 xTpass=0
  D4 above=T3 pat=000 resclass=[ -2993, 3, -8979 ] xT=false
  D4 above=T3 pat=000 resclass=[ -2993, 3, -8979 ] xT=false
  D4 above=T2 pat=000 resclass=[ -5220651, -1740217, 3 ] xT=false
  D4 above=T1 pat=000 resclass=[ 15625408443, -5220651, -2993 ] xT=false
  D4 above=T2 pat=000 resclass=[ -5220651, -1740217, 3 ] xT=false
  D4 above=T1 pat=000 resclass=[ 15625408443, -5220651, -2993 ] xT=false
  D4 above=T3 pat=000 resclass=[ -2993, 3, -8979 ] xT=false
  D4 above=T3 pat=000 resclass=[ -2993, 3, -8979 ] xT=false
  D4 above=T2 pat=000 resclass=[ -5220651, -1740217, 3 ] xT=false
  D4 above=T1 pat=000 resclass=[ 15625408443, -5220651, -2993 ] xT=false
  D4 above=T2 pat=000 resclass=[ -5220651, -1740217, 3 ] xT=false
  D4 above=T1 pat=000 resclass=[ 15625408443, -5220651, -2993 ] xT=false
MEMBER stv 11/20 15/14 -17/4 shape=[ 1, 1, 2, 2 ] tors=[ 4, 4 ] order4=12 norm111=0 xTpass=0
  D4 above=T1 pat=000 resclass=[ 706631118925562, 94393684067, 7486 ] xT=false
  D4 above=T1 pat=000 resclass=[ 706631118925562, 94393684067, 7486 ] xT=false
  D4 above=T2 pat=000 resclass=[ 94393684067, 3254954623, 29 ] xT=false
  D4 above=T3 pat=000 resclass=[ 7486, 29, 217094 ] xT=false
  D4 above=T2 pat=000 resclass=[ 94393684067, 3254954623, 29 ] xT=false
  D4 above=T3 pat=000 resclass=[ 7486, 29, 217094 ] xT=false
  D4 above=T1 pat=000 resclass=[ 706631118925562, 94393684067, 7486 ] xT=false
  D4 above=T1 pat=000 resclass=[ 706631118925562, 94393684067, 7486 ] xT=false
  D4 above=T2 pat=000 resclass=[ 94393684067, 3254954623, 29 ] xT=false
  D4 above=T3 pat=000 resclass=[ 7486, 29, 217094 ] xT=false
  D4 above=T2 pat=000 resclass=[ 94393684067, 3254954623, 29 ] xT=false
  D4 above=T3 pat=000 resclass=[ 7486, 29, 217094 ] xT=false
MEMBER stv 11/18 3/7 -9/7 shape=[ 1, 1, 2, 2 ] tors=[ 4, 4 ] order4=12 norm111=0 xTpass=0
  D4 above=T2 pat=000 resclass=[ 1814660470, -181466047, -10 ] xT=false
  D4 above=T2 pat=000 resclass=[ 1814660470, -181466047, -10 ] xT=false
  D4 above=T3 pat=000 resclass=[ -227879, -10, 2278790 ] xT=false
  D4 above=T1 pat=000 resclass=[ -413523013243130, 1814660470, -227879 ] xT=false
  D4 above=T3 pat=000 resclass=[ -227879, -10, 2278790 ] xT=false
  D4 above=T1 pat=000 resclass=[ -413523013243130, 1814660470, -227879 ] xT=false
  D4 above=T2 pat=000 resclass=[ 1814660470, -181466047, -10 ] xT=false
  D4 above=T2 pat=000 resclass=[ 1814660470, -181466047, -10 ] xT=false
  D4 above=T3 pat=000 resclass=[ -227879, -10, 2278790 ] xT=false
  D4 above=T1 pat=000 resclass=[ -413523013243130, 1814660470, -227879 ] xT=false
  D4 above=T3 pat=000 resclass=[ -227879, -10, 2278790 ] xT=false
  D4 above=T1 pat=000 resclass=[ -413523013243130, 1814660470, -227879 ] xT=false
PART_DONE part=45
