MEMBER stv 1/4 1/4 -1/4 shape=[ 1, 1, 2, 2 ] tors=[ 4, 4 ] order4=12 norm111=0 xTpass=0
  D4 above=T3 pat=000 resclass=[ -209, -15, 3135 ] xT=false
  D4 above=T3 pat=000 resclass=[ -209, -15, 3135 ] xT=false
  D4 above=T1 pat=000 resclass=[ -2421265, 11585, -209 ] xT=false
  D4 above=T2 pat=000 resclass=[ 11585, -6951, -15 ] xT=false
  D4 above=T1 pat=000 resclass=[ -2421265, 11585, -209 ] xT=false
  D4 above=T2 pat=000 resclass=[ 11585, -6951, -15 ] xT=false
  D4 above=T3 pat=000 resclass=[ -209, -15, 3135 ] xT=false
  D4 above=T3 pat=000 resclass=[ -209, -15, 3135 ] xT=false
  D4 above=T1 pat=000 resclass=[ -2421265, 11585, -209 ] xT=false
  D4 above=T2 pat=000 resclass=[ 11585, -6951, -15 ] xT=false
  D4 above=T1 pat=000 resclass=[ -2421265, 11585, -209 ] xT=false
  D4 above=T2 pat=000 resclass=[ 11585, -6951, -15 ] xT=false
MEMBER stv 1/4 3 -3/2 shape=[ 1, 1, 2, 2 ] tors=[ 4, 4 ] order4=12 norm111=0 xTpass=0
  D4 above=T1 pat=000 resclass=[ 34463165, -303195, -1023 ] xT=false
  D4 above=T1 pat=000 resclass=[ 34463165, -303195, -1023 ] xT=false
  D4 above=T3 pat=000 resclass=[ -1023, 2, -2046 ] xT=false
  D4 above=T2 pat=000 resclass=[ -303195, -606390, 2 ] xT=false
  D4 above=T3 pat=000 resclass=[ -1023, 2, -2046 ] xT=false
  D4 above=T2 pat=000 resclass=[ -303195, -606390, 2 ] xT=false
  D4 above=T1 pat=000 resclass=[ 34463165, -303195, -1023 ] xT=false
  D4 above=T1 pat=000 resclass=[ 34463165, -303195, -1023 ] xT=false
  D4 above=T3 pat=000 resclass=[ -1023, 2, -2046 ] xT=false
  D4 above=T2 pat=000 resclass=[ -303195, -606390, 2 ] xT=false
  D4 above=T3 pat=000 resclass=[ -1023, 2, -2046 ] xT=false
  D4 above=T2 pat=000 resclass=[ -303195, -606390, 2 ] xT=false
MEMBER stv 1/3 2 -2/3 shape=[ 1, 1, 2, 2 ] tors=[ 4, 4 ] order4=12 norm111=0 xTpass=0
  D4 above=T2 pat=000 resclass=[ -482, -1446, 3 ] xT=false
  D4 above=T2 pat=000 resclass=[ -482, -1446, 3 ] xT=false
  D4 above=T1 pat=000 resclass=[ 2410, -482, -5 ] xT=false
  D4 above=T3 pat=000 resclass=[ -5, 3, -15 ] xT=false
  D4 above=T1 pat=000 resclass=[ 2410, -482, -5 ] xT=false
  D4 above=T3 pat=000 resclass=[ -5, 3, -15 ] xT=false
  D4 above=T2 pat=000 resclass=[ -482, -1446, 3 ] xT=false
  D4 above=T2 pat=000 resclass=[ -482, -1446, 3 ] xT=false
  D4 above=T1 pat=000 resclass=[ 2410, -482, -5 ] xT=false
  D4 above=T3 pat=000 resclass=[ -5, 3, -15 ] xT=false
  D4 above=T1 pat=000 resclass=[ 2410, -482, -5 ] xT=false
  D4 above=T3 pat=000 resclass=[ -5, 3, -15 ] xT=false
MEMBER stv 1/2 4/3 -4 INVALID
MEMBER stv 2/3 3/4 -4/3 shape=[ 1, 1, 2, 2 ] tors=[ 4, 4 ] order4=12 norm111=0 xTpass=0
  D4 above=T3 pat=000 resclass=[ 583, -7, -4081 ] xT=false
  D4 above=T3 pat=000 resclass=[ 583, -7, -4081 ] xT=false
  D4 above=T2 pat=000 resclass=[ 31647, -4521, -7 ] xT=false
  D4 above=T1 pat=000 resclass=[ 152481, 31647, 583 ] xT=false
  D4 above=T2 pat=000 resclass=[ 31647, -4521, -7 ] xT=false
  D4 above=T1 pat=000 resclass=[ 152481, 31647, 583 ] xT=false
  D4 above=T3 pat=000 resclass=[ 583, -7, -4081 ] xT=false
  D4 above=T3 pat=000 resclass=[ 583, -7, -4081 ] xT=false
  D4 above=T2 pat=000 resclass=[ 31647, -4521, -7 ] xT=false
  D4 above=T1 pat=000 resclass=[ 152481, 31647, 583 ] xT=false
  D4 above=T2 pat=000 resclass=[ 31647, -4521, -7 ] xT=false
  D4 above=T1 pat=000 resclass=[ 152481, 31647, 583 ] xT=false
MEMBER stv 3/4 2/3 -1/2 shape=[ 1, 1, 2, 2 ] tors=[ 4, 4 ] order4=12 norm111=0 xTpass=0
  D4 above=T2 pat=000 resclass=[ 354890, -70978, -5 ] xT=false
  D4 above=T2 pat=000 resclass=[ 354890, -70978, -5 ] xT=false
  D4 above=T3 pat=000 resclass=[ 329, -5, -1645 ] xT=false
  D4 above=T1 pat=000 resclass=[ 116758810, 354890, 329 ] xT=false
  D4 above=T3 pat=000 resclass=[ 329, -5, -1645 ] xT=false
  D4 above=T1 pat=000 resclass=[ 116758810, 354890, 329 ] xT=false
  D4 above=T2 pat=000 resclass=[ 354890, -70978, -5 ] xT=false
  D4 above=T2 pat=000 resclass=[ 354890, -70978, -5 ] xT=false
  D4 above=T3 pat=000 resclass=[ 329, -5, -1645 ] xT=false
  D4 above=T1 pat=000 resclass=[ 116758810, 354890, 329 ] xT=false
  D4 above=T3 pat=000 resclass=[ 329, -5, -1645 ] xT=false
  D4 above=T1 pat=000 resclass=[ 116758810, 354890, 329 ] xT=false
MEMBER stv 1 1/3 -3 shape=[ 1, 1, 2, 2 ] tors=[ 4, 4 ] order4=12 norm111=0 xTpass=0
  D4 above=T2 pat=000 resclass=[ 62, -31, -2 ] xT=false
  D4 above=T2 pat=000 resclass=[ 62, -31, -2 ] xT=false
  D4 above=T1 pat=000 resclass=[ 1054, 62, 17 ] xT=false
  D4 above=T3 pat=000 resclass=[ 17, -2, -34 ] xT=false
  D4 above=T1 pat=000 resclass=[ 1054, 62, 17 ] xT=false
  D4 above=T3 pat=000 resclass=[ 17, -2, -34 ] xT=false
  D4 above=T2 pat=000 resclass=[ 62, -31, -2 ] xT=false
  D4 above=T2 pat=000 resclass=[ 62, -31, -2 ] xT=false
  D4 above=T1 pat=000 resclass=[ 1054, 62, 17 ] xT=false
  D4 above=T3 pat=000 resclass=[ 17, -2, -34 ] xT=false
  D4 above=T1 pat=000 resclass=[ 1054, 62, 17 ] xT=false
  D4 above=T3 pat=000 resclass=[ 17, -2, -34 ] xT=false
MEMBER stv 4/3 1/4 -1 shape=[ 1, 1, 2, 2 ] tors=[ 4, 4 ] order4=12 norm111=0 xTpass=0
  D4 above=T2 pat=000 resclass=[ 202335, -13489, -15 ] xT=false
  D4 above=T2 pat=000 resclass=[ 202335, -13489, -15 ] xT=false
  D4 above=T3 pat=000 resclass=[ 2071, -15, -31065 ] xT=false
  D4 above=T1 pat=000 resclass=[ 419035785, 202335, 2071 ] xT=false
  D4 above=T3 pat=000 resclass=[ 2071, -15, -31065 ] xT=false
  D4 above=T1 pat=000 resclass=[ 419035785, 202335, 2071 ] xT=false
  D4 above=T2 pat=000 resclass=[ 202335, -13489, -15 ] xT=false
  D4 above=T2 pat=000 resclass=[ 202335, -13489, -15 ] xT=false
  D4 above=T3 pat=000 resclass=[ 2071, -15, -31065 ] xT=false
  D4 above=T1 pat=000 resclass=[ 419035785, 202335, 2071 ] xT=false
  D4 above=T3 pat=000 resclass=[ 2071, -15, -31065 ] xT=false
  D4 above=T1 pat=000 resclass=[ 419035785, 202335, 2071 ] xT=false
MEMBER stv 4/3 4 -1/3 shape=[ 1, 1, 2, 2 ] tors=[ 4, 4 ] order4=12 norm111=0 xTpass=0
  D4 above=T2 pat=000 resclass=[ -119405, -71643, 15 ] xT=false
  D4 above=T2 pat=000 resclass=[ -119405, -71643, 15 ] xT=false
  D4 above=T1 pat=000 resclass=[ 4895605, -119405, -41 ] xT=false
  D4 above=T3 pat=000 resclass=[ -41, 15, -615 ] xT=false
  D4 above=T1 pat=000 resclass=[ 4895605, -119405, -41 ] xT=false
  D4 above=T3 pat=000 resclass=[ -41, 15, -615 ] xT=false
  D4 above=T2 pat=000 resclass=[ -119405, -71643, 15 ] xT=false
  D4 above=T2 pat=000 resclass=[ -119405, -71643, 15 ] xT=false
  D4 above=T1 pat=000 resclass=[ 4895605, -119405, -41 ] xT=false
  D4 above=T3 pat=000 resclass=[ -41, 15, -615 ] xT=false
  D4 above=T1 pat=000 resclass=[ 4895605, -119405, -41 ] xT=false
  D4 above=T3 pat=000 resclass=[ -41, 15, -615 ] xT=false
MEMBER stv 3/2 2 -2 shape=[ 1, 1, 2, 2 ] tors=[ 4, 4 ] order4=12 norm111=0 xTpass=0
  D4 above=T3 pat=000 resclass=[ -3, 3, -1 ] xT=false
  D4 above=T3 pat=000 resclass=[ -3, 3, -1 ] xT=false
  D4 above=T2 pat=000 resclass=[ 1722, 574, 3 ] xT=false
  D4 above=T1 pat=000 resclass=[ -574, 1722, -3 ] xT=false
  D4 above=T2 pat=000 resclass=[ 1722, 574, 3 ] xT=false
  D4 above=T1 pat=000 resclass=[ -574, 1722, -3 ] xT=false
  D4 above=T3 pat=000 resclass=[ -3, 3, -1 ] xT=false
  D4 above=T3 pat=000 resclass=[ -3, 3, -1 ] xT=false
  D4 above=T2 pat=000 resclass=[ 1722, 574, 3 ] xT=false
  D4 above=T1 pat=000 resclass=[ -574, 1722, -3 ] xT=false
  D4 above=T2 pat=000 resclass=[ 1722, 574, 3 ] xT=false
  D4 above=T1 pat=000 resclass=[ -574, 1722, -3 ] xT=false
MEMBER stv 2 3/2 -3/4 shape=[ 1, 1, 2, 2 ] tors=[ 4, 4 ] order4=12 norm111=0 xTpass=0
  D4 above=T2 pat=000 resclass=[ 210, 42, 5 ] xT=false
  D4 above=T2 pat=000 resclass=[ 210, 42, 5 ] xT=false
  D4 above=T3 pat=000 resclass=[ 39, 5, 195 ] xT=false
  D4 above=T1 pat=000 resclass=[ 910, 210, 39 ] xT=false
  D4 above=T3 pat=000 resclass=[ 39, 5, 195 ] xT=false
  D4 above=T1 pat=000 resclass=[ 910, 210, 39 ] xT=false
  D4 above=T2 pat=000 resclass=[ 210, 42, 5 ] xT=false
  D4 above=T2 pat=000 resclass=[ 210, 42, 5 ] xT=false
  D4 above=T3 pat=000 resclass=[ 39, 5, 195 ] xT=false
  D4 above=T1 pat=000 resclass=[ 910, 210, 39 ] xT=false
  D4 above=T3 pat=000 resclass=[ 39, 5, 195 ] xT=false
  D4 above=T1 pat=000 resclass=[ 910, 210, 39 ] xT=false
MEMBER stv 3 4/3 -1/4 shape=[ 1, 1, 2, 2 ] tors=[ 4, 4 ] order4=12 norm111=0 xTpass=0
  D4 above=T3 pat=000 resclass=[ 170, 7, 1190 ] xT=false
  D4 above=T3 pat=000 resclass=[ 170, 7, 1190 ] xT=false
  D4 above=T1 pat=000 resclass=[ -69734, -10255, 170 ] xT=false
  D4 above=T2 pat=000 resclass=[ -10255, -1465, 7 ] xT=false
  D4 above=T1 pat=000 resclass=[ -69734, -10255, 170 ] xT=false
  D4 above=T2 pat=000 resclass=[ -10255, -1465, 7 ] xT=false
  D4 above=T3 pat=000 resclass=[ 170, 7, 1190 ] xT=false
  D4 above=T3 pat=000 resclass=[ 170, 7, 1190 ] xT=false
  D4 above=T1 pat=000 resclass=[ -69734, -10255, 170 ] xT=false
  D4 above=T2 pat=000 resclass=[ -10255, -1465, 7 ] xT=false
  D4 above=T1 pat=000 resclass=[ -69734, -10255, 170 ] xT=false
  D4 above=T2 pat=000 resclass=[ -10255, -1465, 7 ] xT=false
MEMBER stv 4 2/3 -3/2 shape=[ 1, 1, 2, 2 ] tors=[ 4, 4 ] order4=12 norm111=0 xTpass=0
  D4 above=T1 pat=000 resclass=[ 184460230, 145130, 1271 ] xT=false
  D4 above=T1 pat=000 resclass=[ 184460230, 145130, 1271 ] xT=false
  D4 above=T2 pat=000 resclass=[ 145130, -29026, -5 ] xT=false
  D4 above=T3 pat=000 resclass=[ 1271, -5, -6355 ] xT=false
  D4 above=T2 pat=000 resclass=[ 145130, -29026, -5 ] xT=false
  D4 above=T3 pat=000 resclass=[ 1271, -5, -6355 ] xT=false
  D4 above=T1 pat=000 resclass=[ 184460230, 145130, 1271 ] xT=false
  D4 above=T1 pat=000 resclass=[ 184460230, 145130, 1271 ] xT=false
  D4 above=T2 pat=000 resclass=[ 145130, -29026, -5 ] xT=false
  D4 above=T3 pat=000 resclass=[ 1271, -5, -6355 ] xT=false
  D4 above=T2 pat=000 resclass=[ 145130, -29026, -5 ] xT=false
  D4 above=T3 pat=000 resclass=[ 1271, -5, -6355 ] xT=false
MEMBER stv 1/8 7 19/11 shape=[ 1, 1, 2, 2 ] tors=[ 4, 4 ] order4=12 norm111=0 xTpass=0
  D4 above=T1 pat=000 resclass=[ 19500962342995, -16002281669, -147455 ] xT=false
  D4 above=T1 pat=000 resclass=[ 19500962342995, -16002281669, -147455 ] xT=false
  D4 above=T3 pat=000 resclass=[ -147455, 3, -442365 ] xT=false
  D4 above=T2 pat=000 resclass=[ -16002281669, -48006845007, 3 ] xT=false
  D4 above=T3 pat=000 resclass=[ -147455, 3, -442365 ] xT=false
  D4 above=T2 pat=000 resclass=[ -16002281669, -48006845007, 3 ] xT=false
  D4 above=T1 pat=000 resclass=[ 19500962342995, -16002281669, -147455 ] xT=false
  D4 above=T1 pat=000 resclass=[ 19500962342995, -16002281669, -147455 ] xT=false
  D4 above=T3 pat=000 resclass=[ -147455, 3, -442365 ] xT=false
  D4 above=T2 pat=000 resclass=[ -16002281669, -48006845007, 3 ] xT=false
  D4 above=T3 pat=000 resclass=[ -147455, 3, -442365 ] xT=false
  D4 above=T2 pat=000 resclass=[ -16002281669, -48006845007, 3 ] xT=false
MEMBER stv 5/11 9/13 -19/14 shape=[ 1, 1, 2, 2 ] tors=[ 4, 4 ] order4=12 norm111=0 xTpass=0
  D4 above=T3 pat=000 resclass=[ -4551, -22, 100122 ] xT=false
  D4 above=T3 pat=000 resclass=[ -4551, -22, 100122 ] xT=false
  D4 above=T1 pat=000 resclass=[ -149570830290447489, 32865486770039, -4551 ] xT=false
  D4 above=T2 pat=000 resclass=[ 32865486770039, -5975543049098, -22 ] xT=false
  D4 above=T1 pat=000 resclass=[ -149570830290447489, 32865486770039, -4551 ] xT=false
  D4 above=T2 pat=000 resclass=[ 32865486770039, -5975543049098, -22 ] xT=false
  D4 above=T3 pat=000 resclass=[ -4551, -22, 100122 ] xT=false
  D4 above=T3 pat=000 resclass=[ -4551, -22, 100122 ] xT=false
  D4 above=T1 pat=000 resclass=[ -149570830290447489, 32865486770039, -4551 ] xT=false
  D4 above=T2 pat=000 resclass=[ 32865486770039, -5975543049098, -22 ] xT=false
  D4 above=T1 pat=000 resclass=[ -149570830290447489, 32865486770039, -4551 ] xT=false
  D4 above=T2 pat=000 resclass=[ 32865486770039, -5975543049098, -22 ] xT=false
MEMBER stv 1/5 7/2 4/19 shape=[ 1, 1, 2, 2 ] tors=[ 4, 4 ] order4=12 norm111=0 xTpass=0
  D4 above=T2 pat=000 resclass=[ -2421275545, -484255109, 5 ] xT=false
  D4 above=T2 pat=000 resclass=[ -2421275545, -484255109, 5 ] xT=false
  D4 above=T3 pat=000 resclass=[ -50609, 5, -253045 ] xT=false
  D4 above=T1 pat=000 resclass=[ 725078899745, -2421275545, -50609 ] xT=false
  D4 above=T3 pat=000 resclass=[ -50609, 5, -253045 ] xT=false
  D4 above=T1 pat=000 resclass=[ 725078899745, -2421275545, -50609 ] xT=false
  D4 above=T2 pat=000 resclass=[ -2421275545, -484255109, 5 ] xT=false
  D4 above=T2 pat=000 resclass=[ -2421275545, -484255109, 5 ] xT=false
  D4 above=T3 pat=000 resclass=[ -50609, 5, -253045 ] xT=false
  D4 above=T1 pat=000 resclass=[ 725078899745, -2421275545, -50609 ] xT=false
  D4 above=T3 pat=000 resclass=[ -50609, 5, -253045 ] xT=false
  D4 above=T1 pat=000 resclass=[ 725078899745, -2421275545, -50609 ] xT=false
PART_DONE part=46
