MEMBER stv 1/4 1/4 1/3 shape=[ 1, 1, 2, 2 ] tors=[ 4, 4 ] order4=12 norm111=0 xTpass=0
  D4 above=T2 pat=000 resclass=[ -3995, 2397, -15 ] xT=false
  D4 above=T2 pat=000 resclass=[ -3995, 2397, -15 ] xT=false
  D4 above=T1 pat=000 resclass=[ 834955, -3995, -209 ] xT=false
  D4 above=T3 pat=000 resclass=[ -209, -15, 3135 ] xT=false
  D4 above=T1 pat=000 resclass=[ 834955, -3995, -209 ] xT=false
  D4 above=T3 pat=000 resclass=[ -209, -15, 3135 ] xT=false
  D4 above=T2 pat=000 resclass=[ -3995, 2397, -15 ] xT=false
  D4 above=T2 pat=000 resclass=[ -3995, 2397, -15 ] xT=false
  D4 above=T1 pat=000 resclass=[ 834955, -3995, -209 ] xT=false
  D4 above=T3 pat=000 resclass=[ -209, -15, 3135 ] xT=false
  D4 above=T1 pat=000 resclass=[ 834955, -3995, -209 ] xT=false
  D4 above=T3 pat=000 resclass=[ -209, -15, 3135 ] xT=false
MEMBER stv 1/4 3 2 shape=[ 1, 1, 2, 2 ] tors=[ 4, 4 ] order4=12 norm111=0 xTpass=0
  D4 above=T2 pat=000 resclass=[ -127, -254, 2 ] xT=false
  D4 above=T2 pat=000 resclass=[ -127, -254, 2 ] xT=false
  D4 above=T1 pat=000 resclass=[ 129921, -127, -1023 ] xT=false
  D4 above=T3 pat=000 resclass=[ -1023, 2, -2046 ] xT=false
  D4 above=T1 pat=000 resclass=[ 129921, -127, -1023 ] xT=false
  D4 above=T3 pat=000 resclass=[ -1023, 2, -2046 ] xT=false
  D4 above=T2 pat=000 resclass=[ -127, -254, 2 ] xT=false
  D4 above=T2 pat=000 resclass=[ -127, -254, 2 ] xT=false
  D4 above=T1 pat=000 resclass=[ 129921, -127, -1023 ] xT=false
  D4 above=T3 pat=000 resclass=[ -1023, 2, -2046 ] xT=false
  D4 above=T1 pat=000 resclass=[ 129921, -127, -1023 ] xT=false
  D4 above=T3 pat=000 resclass=[ -1023, 2, -2046 ] xT=false
MEMBER stv 1/3 2 3/4 shape=[ 1, 1, 2, 2 ] tors=[ 4, 4 ] order4=12 norm111=0 xTpass=0
  D4 above=T2 pat=000 resclass=[ -1235, -3705, 3 ] xT=false
  D4 above=T2 pat=000 resclass=[ -1235, -3705, 3 ] xT=false
  D4 above=T1 pat=000 resclass=[ 247, -1235, -5 ] xT=false
  D4 above=T3 pat=000 resclass=[ -5, 3, -15 ] xT=false
  D4 above=T1 pat=000 resclass=[ 247, -1235, -5 ] xT=false
  D4 above=T3 pat=000 resclass=[ -5, 3, -15 ] xT=false
  D4 above=T2 pat=000 resclass=[ -1235, -3705, 3 ] xT=false
  D4 above=T2 pat=000 resclass=[ -1235, -3705, 3 ] xT=false
  D4 above=T1 pat=000 resclass=[ 247, -1235, -5 ] xT=false
  D4 above=T3 pat=000 resclass=[ -5, 3, -15 ] xT=false
  D4 above=T1 pat=000 resclass=[ 247, -1235, -5 ] xT=false
  D4 above=T3 pat=000 resclass=[ -5, 3, -15 ] xT=false
MEMBER stv 1/2 3/2 1/4 shape=[ 1, 1, 2, 2 ] tors=[ 4, 4 ] order4=12 norm111=0 xTpass=0
  D4 above=T1 pat=000 resclass=[ -41055, 1955, -21 ] xT=false
  D4 above=T1 pat=000 resclass=[ -41055, 1955, -21 ] xT=false
  D4 above=T2 pat=000 resclass=[ 1955, 391, 5 ] xT=false
  D4 above=T3 pat=000 resclass=[ -21, 5, -105 ] xT=false
  D4 above=T2 pat=000 resclass=[ 1955, 391, 5 ] xT=false
  D4 above=T3 pat=000 resclass=[ -21, 5, -105 ] xT=false
  D4 above=T1 pat=000 resclass=[ -41055, 1955, -21 ] xT=false
  D4 above=T1 pat=000 resclass=[ -41055, 1955, -21 ] xT=false
  D4 above=T2 pat=000 resclass=[ 1955, 391, 5 ] xT=false
  D4 above=T3 pat=000 resclass=[ -21, 5, -105 ] xT=false
  D4 above=T2 pat=000 resclass=[ 1955, 391, 5 ] xT=false
  D4 above=T3 pat=000 resclass=[ -21, 5, -105 ] xT=false
MEMBER stv 2/3 3/4 3/2 shape=[ 1, 1, 2, 2 ] tors=[ 4, 4 ] order4=12 norm111=0 xTpass=0
  D4 above=T1 pat=000 resclass=[ -68145, -328335, 583 ] xT=false
  D4 above=T1 pat=000 resclass=[ -68145, -328335, 583 ] xT=false
  D4 above=T3 pat=000 resclass=[ 583, -7, -4081 ] xT=false
  D4 above=T2 pat=000 resclass=[ -328335, 46905, -7 ] xT=false
  D4 above=T3 pat=000 resclass=[ 583, -7, -4081 ] xT=false
  D4 above=T2 pat=000 resclass=[ -328335, 46905, -7 ] xT=false
  D4 above=T1 pat=000 resclass=[ -68145, -328335, 583 ] xT=false
  D4 above=T1 pat=000 resclass=[ -68145, -328335, 583 ] xT=false
  D4 above=T3 pat=000 resclass=[ 583, -7, -4081 ] xT=false
  D4 above=T2 pat=000 resclass=[ -328335, 46905, -7 ] xT=false
  D4 above=T3 pat=000 resclass=[ 583, -7, -4081 ] xT=false
  D4 above=T2 pat=000 resclass=[ -328335, 46905, -7 ] xT=false
MEMBER stv 3/4 2/3 2/3 shape=[ 1, 1, 2, 2 ] tors=[ 4, 4 ] order4=12 norm111=0 xTpass=0
  D4 above=T2 pat=000 resclass=[ -329230, 65846, -5 ] xT=false
  D4 above=T2 pat=000 resclass=[ -329230, 65846, -5 ] xT=false
  D4 above=T1 pat=000 resclass=[ -108316670, -329230, 329 ] xT=false
  D4 above=T3 pat=000 resclass=[ 329, -5, -1645 ] xT=false
  D4 above=T1 pat=000 resclass=[ -108316670, -329230, 329 ] xT=false
  D4 above=T3 pat=000 resclass=[ 329, -5, -1645 ] xT=false
  D4 above=T2 pat=000 resclass=[ -329230, 65846, -5 ] xT=false
  D4 above=T2 pat=000 resclass=[ -329230, 65846, -5 ] xT=false
  D4 above=T1 pat=000 resclass=[ -108316670, -329230, 329 ] xT=false
  D4 above=T3 pat=000 resclass=[ 329, -5, -1645 ] xT=false
  D4 above=T1 pat=000 resclass=[ -108316670, -329230, 329 ] xT=false
  D4 above=T3 pat=000 resclass=[ 329, -5, -1645 ] xT=false
MEMBER stv 1 1/3 4 shape=[ 1, 1, 2, 2 ] tors=[ 4, 4 ] order4=12 norm111=0 xTpass=0
  D4 above=T3 pat=000 resclass=[ 17, -2, -34 ] xT=false
  D4 above=T3 pat=000 resclass=[ 17, -2, -34 ] xT=false
  D4 above=T1 pat=000 resclass=[ -74290, -4370, 17 ] xT=false
  D4 above=T2 pat=000 resclass=[ -4370, 2185, -2 ] xT=false
  D4 above=T1 pat=000 resclass=[ -74290, -4370, 17 ] xT=false
  D4 above=T2 pat=000 resclass=[ -4370, 2185, -2 ] xT=false
  D4 above=T3 pat=000 resclass=[ 17, -2, -34 ] xT=false
  D4 above=T3 pat=000 resclass=[ 17, -2, -34 ] xT=false
  D4 above=T1 pat=000 resclass=[ -74290, -4370, 17 ] xT=false
  D4 above=T2 pat=000 resclass=[ -4370, 2185, -2 ] xT=false
  D4 above=T1 pat=000 resclass=[ -74290, -4370, 17 ] xT=false
  D4 above=T2 pat=000 resclass=[ -4370, 2185, -2 ] xT=false
MEMBER stv 4/3 1/4 4/3 shape=[ 1, 1, 2, 2 ] tors=[ 4, 4 ] order4=12 norm111=0 xTpass=0
  D4 above=T1 pat=000 resclass=[ -5615195495, -2711345, 2071 ] xT=false
  D4 above=T1 pat=000 resclass=[ -5615195495, -2711345, 2071 ] xT=false
  D4 above=T2 pat=000 resclass=[ -2711345, 1626807, -15 ] xT=false
  D4 above=T3 pat=000 resclass=[ 2071, -15, -31065 ] xT=false
  D4 above=T2 pat=000 resclass=[ -2711345, 1626807, -15 ] xT=false
  D4 above=T3 pat=000 resclass=[ 2071, -15, -31065 ] xT=false
  D4 above=T1 pat=000 resclass=[ -5615195495, -2711345, 2071 ] xT=false
  D4 above=T1 pat=000 resclass=[ -5615195495, -2711345, 2071 ] xT=false
  D4 above=T2 pat=000 resclass=[ -2711345, 1626807, -15 ] xT=false
  D4 above=T3 pat=000 resclass=[ 2071, -15, -31065 ] xT=false
  D4 above=T2 pat=000 resclass=[ -2711345, 1626807, -15 ] xT=false
  D4 above=T3 pat=000 resclass=[ 2071, -15, -31065 ] xT=false
MEMBER stv 4/3 4 1/2 shape=[ 1, 1, 2, 2 ] tors=[ 4, 4 ] order4=12 norm111=0 xTpass=0
  D4 above=T1 pat=000 resclass=[ 22227330, -542130, -41 ] xT=false
  D4 above=T1 pat=000 resclass=[ 22227330, -542130, -41 ] xT=false
  D4 above=T2 pat=000 resclass=[ -542130, -36142, 15 ] xT=false
  D4 above=T3 pat=000 resclass=[ -41, 15, -615 ] xT=false
  D4 above=T2 pat=000 resclass=[ -542130, -36142, 15 ] xT=false
  D4 above=T3 pat=000 resclass=[ -41, 15, -615 ] xT=false
  D4 above=T1 pat=000 resclass=[ 22227330, -542130, -41 ] xT=false
  D4 above=T1 pat=000 resclass=[ 22227330, -542130, -41 ] xT=false
  D4 above=T2 pat=000 resclass=[ -542130, -36142, 15 ] xT=false
  D4 above=T3 pat=000 resclass=[ -41, 15, -615 ] xT=false
  D4 above=T2 pat=000 resclass=[ -542130, -36142, 15 ] xT=false
  D4 above=T3 pat=000 resclass=[ -41, 15, -615 ] xT=false
MEMBER stv 3/2 2 3 shape=[ 1, 1, 2, 2 ] tors=[ 4, 4 ] order4=12 norm111=0 xTpass=0
  D4 above=T2 pat=000 resclass=[ -3503, -10509, 3 ] xT=false
  D4 above=T2 pat=000 resclass=[ -3503, -10509, 3 ] xT=false
  D4 above=T3 pat=000 resclass=[ -3, 3, -1 ] xT=false
  D4 above=T1 pat=000 resclass=[ 10509, -3503, -3 ] xT=false
  D4 above=T3 pat=000 resclass=[ -3, 3, -1 ] xT=false
  D4 above=T1 pat=000 resclass=[ 10509, -3503, -3 ] xT=false
  D4 above=T2 pat=000 resclass=[ -3503, -10509, 3 ] xT=false
  D4 above=T2 pat=000 resclass=[ -3503, -10509, 3 ] xT=false
  D4 above=T3 pat=000 resclass=[ -3, 3, -1 ] xT=false
  D4 above=T1 pat=000 resclass=[ 10509, -3503, -3 ] xT=false
  D4 above=T3 pat=000 resclass=[ -3, 3, -1 ] xT=false
  D4 above=T1 pat=000 resclass=[ 10509, -3503, -3 ] xT=false
MEMBER stv 2 3/2 1 shape=[ 1, 1, 2, 2 ] tors=[ 4, 4 ] order4=12 norm111=0 xTpass=0
  D4 above=T3 pat=000 resclass=[ 39, 5, 195 ] xT=false
  D4 above=T3 pat=000 resclass=[ 39, 5, 195 ] xT=false
  D4 above=T1 pat=000 resclass=[ 1365, 35, 39 ] xT=false
  D4 above=T2 pat=000 resclass=[ 35, 7, 5 ] xT=false
  D4 above=T1 pat=000 resclass=[ 1365, 35, 39 ] xT=false
  D4 above=T2 pat=000 resclass=[ 35, 7, 5 ] xT=false
  D4 above=T3 pat=000 resclass=[ 39, 5, 195 ] xT=false
  D4 above=T3 pat=000 resclass=[ 39, 5, 195 ] xT=false
  D4 above=T1 pat=000 resclass=[ 1365, 35, 39 ] xT=false
  D4 above=T2 pat=000 resclass=[ 35, 7, 5 ] xT=false
  D4 above=T1 pat=000 resclass=[ 1365, 35, 39 ] xT=false
  D4 above=T2 pat=000 resclass=[ 35, 7, 5 ] xT=false
MEMBER stv 3 4/3 1/3 shape=[ 1, 1, 2, 2 ] tors=[ 4, 4 ] order4=12 norm111=0 xTpass=0
  D4 above=T3 pat=000 resclass=[ 170, 7, 1190 ] xT=false
  D4 above=T3 pat=000 resclass=[ 170, 7, 1190 ] xT=false
  D4 above=T1 pat=000 resclass=[ 10234, 1505, 170 ] xT=false
  D4 above=T2 pat=000 resclass=[ 1505, 215, 7 ] xT=false
  D4 above=T1 pat=000 resclass=[ 10234, 1505, 170 ] xT=false
  D4 above=T2 pat=000 resclass=[ 1505, 215, 7 ] xT=false
  D4 above=T3 pat=000 resclass=[ 170, 7, 1190 ] xT=false
  D4 above=T3 pat=000 resclass=[ 170, 7, 1190 ] xT=false
  D4 above=T1 pat=000 resclass=[ 10234, 1505, 170 ] xT=false
  D4 above=T2 pat=000 resclass=[ 1505, 215, 7 ] xT=false
  D4 above=T1 pat=000 resclass=[ 10234, 1505, 170 ] xT=false
  D4 above=T2 pat=000 resclass=[ 1505, 215, 7 ] xT=false
MEMBER stv 4 2/3 2 shape=[ 1, 1, 2, 2 ] tors=[ 4, 4 ] order4=12 norm111=0 xTpass=0
  D4 above=T2 pat=000 resclass=[ -895290, 179058, -5 ] xT=false
  D4 above=T2 pat=000 resclass=[ -895290, 179058, -5 ] xT=false
  D4 above=T3 pat=000 resclass=[ 1271, -5, -6355 ] xT=false
  D4 above=T1 pat=000 resclass=[ -1137913590, -895290, 1271 ] xT=false
  D4 above=T3 pat=000 resclass=[ 1271, -5, -6355 ] xT=false
  D4 above=T1 pat=000 resclass=[ -1137913590, -895290, 1271 ] xT=false
  D4 above=T2 pat=000 resclass=[ -895290, 179058, -5 ] xT=false
  D4 above=T2 pat=000 resclass=[ -895290, 179058, -5 ] xT=false
  D4 above=T3 pat=000 resclass=[ 1271, -5, -6355 ] xT=false
  D4 above=T1 pat=000 resclass=[ -1137913590, -895290, 1271 ] xT=false
  D4 above=T3 pat=000 resclass=[ 1271, -5, -6355 ] xT=false
  D4 above=T1 pat=000 resclass=[ -1137913590, -895290, 1271 ] xT=false
MEMBER stv 17/11 1/6 -17/10 shape=[ 1, 1, 2, 2 ] tors=[ 4, 4 ] order4=12 norm111=0 xTpass=0
  D4 above=T1 pat=000 resclass=[ 37482233538218, 165616822, 226319 ] xT=false
  D4 above=T1 pat=000 resclass=[ 37482233538218, 165616822, 226319 ] xT=false
  D4 above=T2 pat=000 resclass=[ 165616822, -118297730, -35 ] xT=false
  D4 above=T3 pat=000 resclass=[ 226319, -35, -7921165 ] xT=false
  D4 above=T2 pat=000 resclass=[ 165616822, -118297730, -35 ] xT=false
  D4 above=T3 pat=000 resclass=[ 226319, -35, -7921165 ] xT=false
  D4 above=T1 pat=000 resclass=[ 37482233538218, 165616822, 226319 ] xT=false
  D4 above=T1 pat=000 resclass=[ 37482233538218, 165616822, 226319 ] xT=false
  D4 above=T2 pat=000 resclass=[ 165616822, -118297730, -35 ] xT=false
  D4 above=T3 pat=000 resclass=[ 226319, -35, -7921165 ] xT=false
  D4 above=T2 pat=000 resclass=[ 165616822, -118297730, -35 ] xT=false
  D4 above=T3 pat=000 resclass=[ 226319, -35, -7921165 ] xT=false
MEMBER stv 1/18 19/16 -5/4 shape=[ 1, 1, 2, 2 ] tors=[ 4, 4 ] order4=12 norm111=0 xTpass=0
  D4 above=T3 pat=000 resclass=[ -876641, 105, -92047305 ] xT=false
  D4 above=T3 pat=000 resclass=[ -876641, 105, -92047305 ] xT=false
  D4 above=T1 pat=000 resclass=[ 867559109573159619, -989640125859, -876641 ] xT=false
  D4 above=T2 pat=000 resclass=[ -989640125859, -235628601395, 105 ] xT=false
  D4 above=T1 pat=000 resclass=[ 867559109573159619, -989640125859, -876641 ] xT=false
  D4 above=T2 pat=000 resclass=[ -989640125859, -235628601395, 105 ] xT=false
  D4 above=T3 pat=000 resclass=[ -876641, 105, -92047305 ] xT=false
  D4 above=T3 pat=000 resclass=[ -876641, 105, -92047305 ] xT=false
  D4 above=T1 pat=000 resclass=[ 867559109573159619, -989640125859, -876641 ] xT=false
  D4 above=T2 pat=000 resclass=[ -989640125859, -235628601395, 105 ] xT=false
  D4 above=T1 pat=000 resclass=[ 867559109573159619, -989640125859, -876641 ] xT=false
  D4 above=T2 pat=000 resclass=[ -989640125859, -235628601395, 105 ] xT=false
MEMBER stv 11/12 2 -1/2 shape=[ 1, 1, 2, 2 ] tors=[ 4, 4 ] order4=12 norm111=0 xTpass=0
  D4 above=T1 pat=000 resclass=[ 89243130, -1898790, -47 ] xT=false
  D4 above=T1 pat=000 resclass=[ 89243130, -1898790, -47 ] xT=false
  D4 above=T3 pat=000 resclass=[ -47, 3, -141 ] xT=false
  D4 above=T2 pat=000 resclass=[ -1898790, -632930, 3 ] xT=false
  D4 above=T3 pat=000 resclass=[ -47, 3, -141 ] xT=false
  D4 above=T2 pat=000 resclass=[ -1898790, -632930, 3 ] xT=false
  D4 above=T1 pat=000 resclass=[ 89243130, -1898790, -47 ] xT=false
  D4 above=T1 pat=000 resclass=[ 89243130, -1898790, -47 ] xT=false
  D4 above=T3 pat=000 resclass=[ -47, 3, -141 ] xT=false
  D4 above=T2 pat=000 resclass=[ -1898790, -632930, 3 ] xT=false
  D4 above=T3 pat=000 resclass=[ -47, 3, -141 ] xT=false
  D4 above=T2 pat=000 resclass=[ -1898790, -632930, 3 ] xT=false
PART_DONE part=47
