MEMBER stv 1/4 1/4 -1/3 shape=[ 1, 1, 2, 2 ] tors=[ 4, 4 ] order4=12 norm111=0 xTpass=0
  D4 above=T3 pat=000 resclass=[ -209, -15, 3135 ] xT=false
  D4 above=T3 pat=000 resclass=[ -209, -15, 3135 ] xT=false
  D4 above=T2 pat=000 resclass=[ 173195, -103917, -15 ] xT=false
  D4 above=T1 pat=000 resclass=[ -299155, 173195, -209 ] xT=false
  D4 above=T2 pat=000 resclass=[ 173195, -103917, -15 ] xT=false
  D4 above=T1 pat=000 resclass=[ -299155, 173195, -209 ] xT=false
  D4 above=T3 pat=000 resclass=[ -209, -15, 3135 ] xT=false
  D4 above=T3 pat=000 resclass=[ -209, -15, 3135 ] xT=false
  D4 above=T2 pat=000 resclass=[ 173195, -103917, -15 ] xT=false
  D4 above=T1 pat=000 resclass=[ -299155, 173195, -209 ] xT=false
  D4 above=T2 pat=000 resclass=[ 173195, -103917, -15 ] xT=false
  D4 above=T1 pat=000 resclass=[ -299155, 173195, -209 ] xT=false
MEMBER stv 1/4 3 -2 shape=[ 1, 1, 2, 2 ] tors=[ 4, 4 ] order4=12 norm111=0 xTpass=0
  D4 above=T3 pat=000 resclass=[ -1023, 2, -2046 ] xT=false
  D4 above=T3 pat=000 resclass=[ -1023, 2, -2046 ] xT=false
  D4 above=T2 pat=000 resclass=[ -8113, -16226, 2 ] xT=false
  D4 above=T1 pat=000 resclass=[ 8299599, -8113, -1023 ] xT=false
  D4 above=T2 pat=000 resclass=[ -8113, -16226, 2 ] xT=false
  D4 above=T1 pat=000 resclass=[ 8299599, -8113, -1023 ] xT=false
  D4 above=T3 pat=000 resclass=[ -1023, 2, -2046 ] xT=false
  D4 above=T3 pat=000 resclass=[ -1023, 2, -2046 ] xT=false
  D4 above=T2 pat=000 resclass=[ -8113, -16226, 2 ] xT=false
  D4 above=T1 pat=000 resclass=[ 8299599, -8113, -1023 ] xT=false
  D4 above=T2 pat=000 resclass=[ -8113, -16226, 2 ] xT=false
  D4 above=T1 pat=000 resclass=[ 8299599, -8113, -1023 ] xT=false
MEMBER stv 1/3 2 -3/4 shape=[ 1, 1, 2, 2 ] tors=[ 4, 4 ] order4=12 norm111=0 xTpass=0
  D4 above=T2 pat=000 resclass=[ -1309, -3927, 3 ] xT=false
  D4 above=T2 pat=000 resclass=[ -1309, -3927, 3 ] xT=false
  D4 above=T1 pat=000 resclass=[ 6545, -1309, -5 ] xT=false
  D4 above=T3 pat=000 resclass=[ -5, 3, -15 ] xT=false
  D4 above=T1 pat=000 resclass=[ 6545, -1309, -5 ] xT=false
  D4 above=T3 pat=000 resclass=[ -5, 3, -15 ] xT=false
  D4 above=T2 pat=000 resclass=[ -1309, -3927, 3 ] xT=false
  D4 above=T2 pat=000 resclass=[ -1309, -3927, 3 ] xT=false
  D4 above=T1 pat=000 resclass=[ 6545, -1309, -5 ] xT=false
  D4 above=T3 pat=000 resclass=[ -5, 3, -15 ] xT=false
  D4 above=T1 pat=000 resclass=[ 6545, -1309, -5 ] xT=false
  D4 above=T3 pat=000 resclass=[ -5, 3, -15 ] xT=false
MEMBER stv 1/2 3/2 -1/4 shape=[ 1, 1, 2, 2 ] tors=[ 4, 4 ] order4=12 norm111=0 xTpass=0
  D4 above=T3 pat=000 resclass=[ -21, 5, -105 ] xT=false
  D4 above=T3 pat=000 resclass=[ -21, 5, -105 ] xT=false
  D4 above=T1 pat=000 resclass=[ 15, -35, -21 ] xT=false
  D4 above=T2 pat=000 resclass=[ -35, -7, 5 ] xT=false
  D4 above=T1 pat=000 resclass=[ 15, -35, -21 ] xT=false
  D4 above=T2 pat=000 resclass=[ -35, -7, 5 ] xT=false
  D4 above=T3 pat=000 resclass=[ -21, 5, -105 ] xT=false
  D4 above=T3 pat=000 resclass=[ -21, 5, -105 ] xT=false
  D4 above=T1 pat=000 resclass=[ 15, -35, -21 ] xT=false
  D4 above=T2 pat=000 resclass=[ -35, -7, 5 ] xT=false
  D4 above=T1 pat=000 resclass=[ 15, -35, -21 ] xT=false
  D4 above=T2 pat=000 resclass=[ -35, -7, 5 ] xT=false
MEMBER stv 2/3 3/4 -3/2 shape=[ 1, 1, 2, 2 ] tors=[ 4, 4 ] order4=12 norm111=0 xTpass=0
  D4 above=T1 pat=000 resclass=[ -5565, -1155, 583 ] xT=false
  D4 above=T1 pat=000 resclass=[ -5565, -1155, 583 ] xT=false
  D4 above=T3 pat=000 resclass=[ 583, -7, -4081 ] xT=false
  D4 above=T2 pat=000 resclass=[ -1155, 165, -7 ] xT=false
  D4 above=T3 pat=000 resclass=[ 583, -7, -4081 ] xT=false
  D4 above=T2 pat=000 resclass=[ -1155, 165, -7 ] xT=false
  D4 above=T1 pat=000 resclass=[ -5565, -1155, 583 ] xT=false
  D4 above=T1 pat=000 resclass=[ -5565, -1155, 583 ] xT=false
  D4 above=T3 pat=000 resclass=[ 583, -7, -4081 ] xT=false
  D4 above=T2 pat=000 resclass=[ -1155, 165, -7 ] xT=false
  D4 above=T3 pat=000 resclass=[ 583, -7, -4081 ] xT=false
  D4 above=T2 pat=000 resclass=[ -1155, 165, -7 ] xT=false
MEMBER stv 3/4 2/3 -2/3 shape=[ 1, 1, 2, 2 ] tors=[ 4, 4 ] order4=12 norm111=0 xTpass=0
  D4 above=T1 pat=000 resclass=[ 588910, 1790, 329 ] xT=false
  D4 above=T1 pat=000 resclass=[ 588910, 1790, 329 ] xT=false
  D4 above=T3 pat=000 resclass=[ 329, -5, -1645 ] xT=false
  D4 above=T2 pat=000 resclass=[ 1790, -358, -5 ] xT=false
  D4 above=T3 pat=000 resclass=[ 329, -5, -1645 ] xT=false
  D4 above=T2 pat=000 resclass=[ 1790, -358, -5 ] xT=false
  D4 above=T1 pat=000 resclass=[ 588910, 1790, 329 ] xT=false
  D4 above=T1 pat=000 resclass=[ 588910, 1790, 329 ] xT=false
  D4 above=T3 pat=000 resclass=[ 329, -5, -1645 ] xT=false
  D4 above=T2 pat=000 resclass=[ 1790, -358, -5 ] xT=false
  D4 above=T3 pat=000 resclass=[ 329, -5, -1645 ] xT=false
  D4 above=T2 pat=000 resclass=[ 1790, -358, -5 ] xT=false
MEMBER stv 1 1/3 -4 shape=[ 1, 1, 2, 2 ] tors=[ 4, 4 ] order4=12 norm111=0 xTpass=0
  D4 above=T2 pat=000 resclass=[ 66, -33, -2 ] xT=false
  D4 above=T2 pat=000 resclass=[ 66, -33, -2 ] xT=false
  D4 above=T3 pat=000 resclass=[ 17, -2, -34 ] xT=false
  D4 above=T1 pat=000 resclass=[ 1122, 66, 17 ] xT=false
  D4 above=T3 pat=000 resclass=[ 17, -2, -34 ] xT=false
  D4 above=T1 pat=000 resclass=[ 1122, 66, 17 ] xT=false
  D4 above=T2 pat=000 resclass=[ 66, -33, -2 ] xT=false
  D4 above=T2 pat=000 resclass=[ 66, -33, -2 ] xT=false
  D4 above=T3 pat=000 resclass=[ 17, -2, -34 ] xT=false
  D4 above=T1 pat=000 resclass=[ 1122, 66, 17 ] xT=false
  D4 above=T3 pat=000 resclass=[ 17, -2, -34 ] xT=false
  D4 above=T1 pat=000 resclass=[ 1122, 66, 17 ] xT=false
MEMBER stv 4/3 1/4 -4/3 shape=[ 1, 1, 2, 2 ] tors=[ 4, 4 ] order4=12 norm111=0 xTpass=0
  D4 above=T3 pat=000 resclass=[ 2071, -15, -31065 ] xT=false
  D4 above=T3 pat=000 resclass=[ 2071, -15, -31065 ] xT=false
  D4 above=T1 pat=000 resclass=[ 958986905, 463055, 2071 ] xT=false
  D4 above=T2 pat=000 resclass=[ 463055, -277833, -15 ] xT=false
  D4 above=T1 pat=000 resclass=[ 958986905, 463055, 2071 ] xT=false
  D4 above=T2 pat=000 resclass=[ 463055, -277833, -15 ] xT=false
  D4 above=T3 pat=000 resclass=[ 2071, -15, -31065 ] xT=false
  D4 above=T3 pat=000 resclass=[ 2071, -15, -31065 ] xT=false
  D4 above=T1 pat=000 resclass=[ 958986905, 463055, 2071 ] xT=false
  D4 above=T2 pat=000 resclass=[ 463055, -277833, -15 ] xT=false
  D4 above=T1 pat=000 resclass=[ 958986905, 463055, 2071 ] xT=false
  D4 above=T2 pat=000 resclass=[ 463055, -277833, -15 ] xT=false
MEMBER stv 4/3 4 -1/2 shape=[ 1, 1, 2, 2 ] tors=[ 4, 4 ] order4=12 norm111=0 xTpass=0
  D4 above=T2 pat=000 resclass=[ -32430, -2162, 15 ] xT=false
  D4 above=T2 pat=000 resclass=[ -32430, -2162, 15 ] xT=false
  D4 above=T1 pat=000 resclass=[ 1329630, -32430, -41 ] xT=false
  D4 above=T3 pat=000 resclass=[ -41, 15, -615 ] xT=false
  D4 above=T1 pat=000 resclass=[ 1329630, -32430, -41 ] xT=false
  D4 above=T3 pat=000 resclass=[ -41, 15, -615 ] xT=false
  D4 above=T2 pat=000 resclass=[ -32430, -2162, 15 ] xT=false
  D4 above=T2 pat=000 resclass=[ -32430, -2162, 15 ] xT=false
  D4 above=T1 pat=000 resclass=[ 1329630, -32430, -41 ] xT=false
  D4 above=T3 pat=000 resclass=[ -41, 15, -615 ] xT=false
  D4 above=T1 pat=000 resclass=[ 1329630, -32430, -41 ] xT=false
  D4 above=T3 pat=000 resclass=[ -41, 15, -615 ] xT=false
MEMBER stv 3/2 2 -3 shape=[ 1, 1, 2, 2 ] tors=[ 4, 4 ] order4=12 norm111=0 xTpass=0
  D4 above=T3 pat=000 resclass=[ -3, 3, -1 ] xT=false
  D4 above=T3 pat=000 resclass=[ -3, 3, -1 ] xT=false
  D4 above=T2 pat=000 resclass=[ 23, 69, 3 ] xT=false
  D4 above=T1 pat=000 resclass=[ -69, 23, -3 ] xT=false
  D4 above=T2 pat=000 resclass=[ 23, 69, 3 ] xT=false
  D4 above=T1 pat=000 resclass=[ -69, 23, -3 ] xT=false
  D4 above=T3 pat=000 resclass=[ -3, 3, -1 ] xT=false
  D4 above=T3 pat=000 resclass=[ -3, 3, -1 ] xT=false
  D4 above=T2 pat=000 resclass=[ 23, 69, 3 ] xT=false
  D4 above=T1 pat=000 resclass=[ -69, 23, -3 ] xT=false
  D4 above=T2 pat=000 resclass=[ 23, 69, 3 ] xT=false
  D4 above=T1 pat=000 resclass=[ -69, 23, -3 ] xT=false
MEMBER stv 2 3/2 -1 shape=[ 1, 1, 2, 2 ] tors=[ 4, 4 ] order4=12 norm111=0 xTpass=0
  D4 above=T2 pat=000 resclass=[ -5, -1, 5 ] xT=false
  D4 above=T2 pat=000 resclass=[ -5, -1, 5 ] xT=false
  D4 above=T3 pat=000 resclass=[ 39, 5, 195 ] xT=false
  D4 above=T1 pat=000 resclass=[ -195, -5, 39 ] xT=false
  D4 above=T3 pat=000 resclass=[ 39, 5, 195 ] xT=false
  D4 above=T1 pat=000 resclass=[ -195, -5, 39 ] xT=false
  D4 above=T2 pat=000 resclass=[ -5, -1, 5 ] xT=false
  D4 above=T2 pat=000 resclass=[ -5, -1, 5 ] xT=false
  D4 above=T3 pat=000 resclass=[ 39, 5, 195 ] xT=false
  D4 above=T1 pat=000 resclass=[ -195, -5, 39 ] xT=false
  D4 above=T3 pat=000 resclass=[ 39, 5, 195 ] xT=false
  D4 above=T1 pat=000 resclass=[ -195, -5, 39 ] xT=false
MEMBER stv 3 4/3 -1/3 shape=[ 1, 1, 2, 2 ] tors=[ 4, 4 ] order4=12 norm111=0 xTpass=0
  D4 above=T3 pat=000 resclass=[ 170, 7, 1190 ] xT=false
  D4 above=T3 pat=000 resclass=[ 170, 7, 1190 ] xT=false
  D4 above=T2 pat=000 resclass=[ -1309, -187, 7 ] xT=false
  D4 above=T1 pat=000 resclass=[ -770, -1309, 170 ] xT=false
  D4 above=T2 pat=000 resclass=[ -1309, -187, 7 ] xT=false
  D4 above=T1 pat=000 resclass=[ -770, -1309, 170 ] xT=false
  D4 above=T3 pat=000 resclass=[ 170, 7, 1190 ] xT=false
  D4 above=T3 pat=000 resclass=[ 170, 7, 1190 ] xT=false
  D4 above=T2 pat=000 resclass=[ -1309, -187, 7 ] xT=false
  D4 above=T1 pat=000 resclass=[ -770, -1309, 170 ] xT=false
  D4 above=T2 pat=000 resclass=[ -1309, -187, 7 ] xT=false
  D4 above=T1 pat=000 resclass=[ -770, -1309, 170 ] xT=false
MEMBER stv 4 2/3 -2 shape=[ 1, 1, 2, 2 ] tors=[ 4, 4 ] order4=12 norm111=0 xTpass=0
  D4 above=T2 pat=000 resclass=[ 790810, -158162, -5 ] xT=false
  D4 above=T2 pat=000 resclass=[ 790810, -158162, -5 ] xT=false
  D4 above=T1 pat=000 resclass=[ 1045910, 790810, 1271 ] xT=false
  D4 above=T3 pat=000 resclass=[ 1271, -5, -6355 ] xT=false
  D4 above=T1 pat=000 resclass=[ 1045910, 790810, 1271 ] xT=false
  D4 above=T3 pat=000 resclass=[ 1271, -5, -6355 ] xT=false
  D4 above=T2 pat=000 resclass=[ 790810, -158162, -5 ] xT=false
  D4 above=T2 pat=000 resclass=[ 790810, -158162, -5 ] xT=false
  D4 above=T1 pat=000 resclass=[ 1045910, 790810, 1271 ] xT=false
  D4 above=T3 pat=000 resclass=[ 1271, -5, -6355 ] xT=false
  D4 above=T1 pat=000 resclass=[ 1045910, 790810, 1271 ] xT=false
  D4 above=T3 pat=000 resclass=[ 1271, -5, -6355 ] xT=false
MEMBER stv 18/13 19/7 9/10 shape=[ 1, 1, 2, 2 ] tors=[ 4, 4 ] order4=12 norm111=0 xTpass=0
  D4 above=T1 pat=000 resclass=[ 604382538156735, -734365173945, -823 ] xT=false
  D4 above=T1 pat=000 resclass=[ 604382538156735, -734365173945, -823 ] xT=false
  D4 above=T2 pat=000 resclass=[ -734365173945, -37659752510, 78 ] xT=false
  D4 above=T3 pat=000 resclass=[ -823, 78, -64194 ] xT=false
  D4 above=T2 pat=000 resclass=[ -734365173945, -37659752510, 78 ] xT=false
  D4 above=T3 pat=000 resclass=[ -823, 78, -64194 ] xT=false
  D4 above=T1 pat=000 resclass=[ 604382538156735, -734365173945, -823 ] xT=false
  D4 above=T1 pat=000 resclass=[ 604382538156735, -734365173945, -823 ] xT=false
  D4 above=T2 pat=000 resclass=[ -734365173945, -37659752510, 78 ] xT=false
  D4 above=T3 pat=000 resclass=[ -823, 78, -64194 ] xT=false
  D4 above=T2 pat=000 resclass=[ -734365173945, -37659752510, 78 ] xT=false
  D4 above=T3 pat=000 resclass=[ -823, 78, -64194 ] xT=false
MEMBER stv 5/3 3/4 -20/13 shape=[ 1, 1, 2, 2 ] tors=[ 4, 4 ] order4=12 norm111=0 xTpass=0
  D4 above=T1 pat=000 resclass=[ 28398359106845, 4765624955, 5959 ] xT=false
  D4 above=T1 pat=000 resclass=[ 28398359106845, 4765624955, 5959 ] xT=false
  D4 above=T2 pat=000 resclass=[ 4765624955, -680803565, -7 ] xT=false
  D4 above=T3 pat=000 resclass=[ 5959, -7, -41713 ] xT=false
  D4 above=T2 pat=000 resclass=[ 4765624955, -680803565, -7 ] xT=false
  D4 above=T3 pat=000 resclass=[ 5959, -7, -41713 ] xT=false
  D4 above=T1 pat=000 resclass=[ 28398359106845, 4765624955, 5959 ] xT=false
  D4 above=T1 pat=000 resclass=[ 28398359106845, 4765624955, 5959 ] xT=false
  D4 above=T2 pat=000 resclass=[ 4765624955, -680803565, -7 ] xT=false
  D4 above=T3 pat=000 resclass=[ 5959, -7, -41713 ] xT=false
  D4 above=T2 pat=000 resclass=[ 4765624955, -680803565, -7 ] xT=false
  D4 above=T3 pat=000 resclass=[ 5959, -7, -41713 ] xT=false
MEMBER stv 7/5 11/17 1/5 shape=[ 1, 1, 2, 2 ] tors=[ 4, 4 ] order4=12 norm111=0 xTpass=0
  D4 above=T2 pat=000 resclass=[ -1696274090, 363487305, -42 ] xT=false
  D4 above=T2 pat=000 resclass=[ -1696274090, 363487305, -42 ] xT=false
  D4 above=T1 pat=000 resclass=[ -693776102810, -1696274090, 409 ] xT=false
  D4 above=T3 pat=000 resclass=[ 409, -42, -17178 ] xT=false
  D4 above=T1 pat=000 resclass=[ -693776102810, -1696274090, 409 ] xT=false
  D4 above=T3 pat=000 resclass=[ 409, -42, -17178 ] xT=false
  D4 above=T2 pat=000 resclass=[ -1696274090, 363487305, -42 ] xT=false
  D4 above=T2 pat=000 resclass=[ -1696274090, 363487305, -42 ] xT=false
  D4 above=T1 pat=000 resclass=[ -693776102810, -1696274090, 409 ] xT=false
  D4 above=T3 pat=000 resclass=[ 409, -42, -17178 ] xT=false
  D4 above=T1 pat=000 resclass=[ -693776102810, -1696274090, 409 ] xT=false
  D4 above=T3 pat=000 resclass=[ 409, -42, -17178 ] xT=false
PART_DONE part=48
