MEMBER mnv 3 2 -1 shape=[ 1, 1, 2, 2 ] tors=[ 4, 4 ] order4=12 norm111=4 xTpass=0
  D4 above=T3 pat=111 resclass=[ 1, 1, 1 ] xT=false
  D4 above=T3 pat=111 resclass=[ 1, 1, 1 ] xT=false
  D4 above=T1 pat=001 resclass=[ 253346, 253346, 1 ] xT=false
  D4 above=T2 pat=001 resclass=[ 253346, 253346, 1 ] xT=false
  D4 above=T1 pat=001 resclass=[ 253346, 253346, 1 ] xT=false
  D4 above=T2 pat=001 resclass=[ 253346, 253346, 1 ] xT=false
  D4 above=T3 pat=111 resclass=[ 1, 1, 1 ] xT=false
  D4 above=T3 pat=111 resclass=[ 1, 1, 1 ] xT=false
  D4 above=T1 pat=001 resclass=[ 253346, 253346, 1 ] xT=false
  D4 above=T2 pat=001 resclass=[ 253346, 253346, 1 ] xT=false
  D4 above=T1 pat=001 resclass=[ 253346, 253346, 1 ] xT=false
  D4 above=T2 pat=001 resclass=[ 253346, 253346, 1 ] xT=false
MEMBER stv 1/4 3/2 3 shape=[ 1, 1, 2, 2 ] tors=[ 4, 4 ] order4=12 norm111=0 xTpass=0
  D4 above=T1 pat=000 resclass=[ 5510, -8265, -6 ] xT=false
  D4 above=T1 pat=000 resclass=[ 5510, -8265, -6 ] xT=false
  D4 above=T3 pat=000 resclass=[ -6, 5, -30 ] xT=false
  D4 above=T2 pat=000 resclass=[ -8265, -1653, 5 ] xT=false
  D4 above=T3 pat=000 resclass=[ -6, 5, -30 ] xT=false
  D4 above=T2 pat=000 resclass=[ -8265, -1653, 5 ] xT=false
  D4 above=T1 pat=000 resclass=[ 5510, -8265, -6 ] xT=false
  D4 above=T1 pat=000 resclass=[ 5510, -8265, -6 ] xT=false
  D4 above=T3 pat=000 resclass=[ -6, 5, -30 ] xT=false
  D4 above=T2 pat=000 resclass=[ -8265, -1653, 5 ] xT=false
  D4 above=T3 pat=000 resclass=[ -6, 5, -30 ] xT=false
  D4 above=T2 pat=000 resclass=[ -8265, -1653, 5 ] xT=false
MEMBER stv 1/3 4/3 1 shape=[ 1, 1, 2, 2 ] tors=[ 4, 4 ] order4=12 norm111=0 xTpass=0
  D4 above=T1 pat=000 resclass=[ 154, -385, -10 ] xT=false
  D4 above=T1 pat=000 resclass=[ 154, -385, -10 ] xT=false
  D4 above=T2 pat=000 resclass=[ -385, -55, 7 ] xT=false
  D4 above=T3 pat=000 resclass=[ -10, 7, -70 ] xT=false
  D4 above=T2 pat=000 resclass=[ -385, -55, 7 ] xT=false
  D4 above=T3 pat=000 resclass=[ -10, 7, -70 ] xT=false
  D4 above=T1 pat=000 resclass=[ 154, -385, -10 ] xT=false
  D4 above=T1 pat=000 resclass=[ 154, -385, -10 ] xT=false
  D4 above=T2 pat=000 resclass=[ -385, -55, 7 ] xT=false
  D4 above=T3 pat=000 resclass=[ -10, 7, -70 ] xT=false
  D4 above=T2 pat=000 resclass=[ -385, -55, 7 ] xT=false
  D4 above=T3 pat=000 resclass=[ -10, 7, -70 ] xT=false
MEMBER stv 1/2 3/4 1/3 shape=[ 1, 1, 2, 2 ] tors=[ 4, 4 ] order4=12 norm111=0 xTpass=0
  D4 above=T1 pat=000 resclass=[ -16289, -244335, 15 ] xT=false
  D4 above=T1 pat=000 resclass=[ -16289, -244335, 15 ] xT=false
  D4 above=T3 pat=000 resclass=[ 15, -7, -105 ] xT=false
  D4 above=T2 pat=000 resclass=[ -244335, 34905, -7 ] xT=false
  D4 above=T3 pat=000 resclass=[ 15, -7, -105 ] xT=false
  D4 above=T2 pat=000 resclass=[ -244335, 34905, -7 ] xT=false
  D4 above=T1 pat=000 resclass=[ -16289, -244335, 15 ] xT=false
  D4 above=T1 pat=000 resclass=[ -16289, -244335, 15 ] xT=false
  D4 above=T3 pat=000 resclass=[ 15, -7, -105 ] xT=false
  D4 above=T2 pat=000 resclass=[ -244335, 34905, -7 ] xT=false
  D4 above=T3 pat=000 resclass=[ 15, -7, -105 ] xT=false
  D4 above=T2 pat=000 resclass=[ -244335, 34905, -7 ] xT=false
MEMBER stv 2/3 1/2 2 shape=[ 1, 1, 2, 2 ] tors=[ 4, 4 ] order4=12 norm111=0 xTpass=0
  D4 above=T3 pat=000 resclass=[ -17, -3, 51 ] xT=false
  D4 above=T3 pat=000 resclass=[ -17, -3, 51 ] xT=false
  D4 above=T2 pat=000 resclass=[ -8313, 2771, -3 ] xT=false
  D4 above=T1 pat=000 resclass=[ 489, -8313, -17 ] xT=false
  D4 above=T2 pat=000 resclass=[ -8313, 2771, -3 ] xT=false
  D4 above=T1 pat=000 resclass=[ 489, -8313, -17 ] xT=false
  D4 above=T3 pat=000 resclass=[ -17, -3, 51 ] xT=false
  D4 above=T3 pat=000 resclass=[ -17, -3, 51 ] xT=false
  D4 above=T2 pat=000 resclass=[ -8313, 2771, -3 ] xT=false
  D4 above=T1 pat=000 resclass=[ 489, -8313, -17 ] xT=false
  D4 above=T2 pat=000 resclass=[ -8313, 2771, -3 ] xT=false
  D4 above=T1 pat=000 resclass=[ 489, -8313, -17 ] xT=false
MEMBER stv 3/4 1/3 3/4 shape=[ 1, 1, 2, 2 ] tors=[ 4, 4 ] order4=12 norm111=0 xTpass=0
  D4 above=T2 pat=000 resclass=[ -470470, 235235, -2 ] xT=false
  D4 above=T2 pat=000 resclass=[ -470470, 235235, -2 ] xT=false
  D4 above=T1 pat=000 resclass=[ 5551546, -470470, -295 ] xT=false
  D4 above=T3 pat=000 resclass=[ -295, -2, 590 ] xT=false
  D4 above=T1 pat=000 resclass=[ 5551546, -470470, -295 ] xT=false
  D4 above=T3 pat=000 resclass=[ -295, -2, 590 ] xT=false
  D4 above=T2 pat=000 resclass=[ -470470, 235235, -2 ] xT=false
  D4 above=T2 pat=000 resclass=[ -470470, 235235, -2 ] xT=false
  D4 above=T1 pat=000 resclass=[ 5551546, -470470, -295 ] xT=false
  D4 above=T3 pat=000 resclass=[ -295, -2, 590 ] xT=false
  D4 above=T1 pat=000 resclass=[ 5551546, -470470, -295 ] xT=false
  D4 above=T3 pat=000 resclass=[ -295, -2, 590 ] xT=false
MEMBER stv 1 1/4 1/4 shape=[ 1, 1, 2, 2 ] tors=[ 4, 4 ] order4=12 norm111=0 xTpass=0
  D4 above=T1 pat=000 resclass=[ -120435, -3885, 31 ] xT=false
  D4 above=T1 pat=000 resclass=[ -120435, -3885, 31 ] xT=false
  D4 above=T2 pat=000 resclass=[ -3885, 259, -15 ] xT=false
  D4 above=T3 pat=000 resclass=[ 31, -15, -465 ] xT=false
  D4 above=T2 pat=000 resclass=[ -3885, 259, -15 ] xT=false
  D4 above=T3 pat=000 resclass=[ 31, -15, -465 ] xT=false
  D4 above=T1 pat=000 resclass=[ -120435, -3885, 31 ] xT=false
  D4 above=T1 pat=000 resclass=[ -120435, -3885, 31 ] xT=false
  D4 above=T2 pat=000 resclass=[ -3885, 259, -15 ] xT=false
  D4 above=T3 pat=000 resclass=[ 31, -15, -465 ] xT=false
  D4 above=T2 pat=000 resclass=[ -3885, 259, -15 ] xT=false
  D4 above=T3 pat=000 resclass=[ 31, -15, -465 ] xT=false
MEMBER stv 1 3 3/2 shape=[ 1, 1, 2, 2 ] tors=[ 4, 4 ] order4=12 norm111=0 xTpass=0
  D4 above=T3 pat=000 resclass=[ -7, 2, -14 ] xT=false
  D4 above=T3 pat=000 resclass=[ -7, 2, -14 ] xT=false
  D4 above=T2 pat=000 resclass=[ -3165, -6330, 2 ] xT=false
  D4 above=T1 pat=000 resclass=[ 22155, -3165, -7 ] xT=false
  D4 above=T2 pat=000 resclass=[ -3165, -6330, 2 ] xT=false
  D4 above=T1 pat=000 resclass=[ 22155, -3165, -7 ] xT=false
  D4 above=T3 pat=000 resclass=[ -7, 2, -14 ] xT=false
  D4 above=T3 pat=000 resclass=[ -7, 2, -14 ] xT=false
  D4 above=T2 pat=000 resclass=[ -3165, -6330, 2 ] xT=false
  D4 above=T1 pat=000 resclass=[ 22155, -3165, -7 ] xT=false
  D4 above=T2 pat=000 resclass=[ -3165, -6330, 2 ] xT=false
  D4 above=T1 pat=000 resclass=[ 22155, -3165, -7 ] xT=false
MEMBER stv 4/3 2 2/3 shape=[ 1, 1, 2, 2 ] tors=[ 4, 4 ] order4=12 norm111=0 xTpass=0
  D4 above=T1 pat=000 resclass=[ 1204190, -18526, -65 ] xT=false
  D4 above=T1 pat=000 resclass=[ 1204190, -18526, -65 ] xT=false
  D4 above=T2 pat=000 resclass=[ -18526, -55578, 3 ] xT=false
  D4 above=T3 pat=000 resclass=[ -65, 3, -195 ] xT=false
  D4 above=T2 pat=000 resclass=[ -18526, -55578, 3 ] xT=false
  D4 above=T3 pat=000 resclass=[ -65, 3, -195 ] xT=false
  D4 above=T1 pat=000 resclass=[ 1204190, -18526, -65 ] xT=false
  D4 above=T1 pat=000 resclass=[ 1204190, -18526, -65 ] xT=false
  D4 above=T2 pat=000 resclass=[ -18526, -55578, 3 ] xT=false
  D4 above=T3 pat=000 resclass=[ -65, 3, -195 ] xT=false
  D4 above=T2 pat=000 resclass=[ -18526, -55578, 3 ] xT=false
  D4 above=T3 pat=000 resclass=[ -65, 3, -195 ] xT=false
MEMBER stv 3/2 4/3 4 shape=[ 1, 1, 2, 2 ] tors=[ 4, 4 ] order4=12 norm111=0 xTpass=0
  D4 above=T3 pat=000 resclass=[ 533, 7, 3731 ] xT=false
  D4 above=T3 pat=000 resclass=[ 533, 7, 3731 ] xT=false
  D4 above=T1 pat=000 resclass=[ 3376555, 6335, 533 ] xT=false
  D4 above=T2 pat=000 resclass=[ 6335, 905, 7 ] xT=false
  D4 above=T1 pat=000 resclass=[ 3376555, 6335, 533 ] xT=false
  D4 above=T2 pat=000 resclass=[ 6335, 905, 7 ] xT=false
  D4 above=T3 pat=000 resclass=[ 533, 7, 3731 ] xT=false
  D4 above=T3 pat=000 resclass=[ 533, 7, 3731 ] xT=false
  D4 above=T1 pat=000 resclass=[ 3376555, 6335, 533 ] xT=false
  D4 above=T2 pat=000 resclass=[ 6335, 905, 7 ] xT=false
  D4 above=T1 pat=000 resclass=[ 3376555, 6335, 533 ] xT=false
  D4 above=T2 pat=000 resclass=[ 6335, 905, 7 ] xT=false
MEMBER stv 2 3/4 4/3 shape=[ 1, 1, 2, 2 ] tors=[ 4, 4 ] order4=12 norm111=0 xTpass=0
  D4 above=T2 pat=000 resclass=[ -510321, 72903, -7 ] xT=false
  D4 above=T2 pat=000 resclass=[ -510321, 72903, -7 ] xT=false
  D4 above=T3 pat=000 resclass=[ 39, -7, -273 ] xT=false
  D4 above=T1 pat=000 resclass=[ -2211391, -510321, 39 ] xT=false
  D4 above=T3 pat=000 resclass=[ 39, -7, -273 ] xT=false
  D4 above=T1 pat=000 resclass=[ -2211391, -510321, 39 ] xT=false
  D4 above=T2 pat=000 resclass=[ -510321, 72903, -7 ] xT=false
  D4 above=T2 pat=000 resclass=[ -510321, 72903, -7 ] xT=false
  D4 above=T3 pat=000 resclass=[ 39, -7, -273 ] xT=false
  D4 above=T1 pat=000 resclass=[ -2211391, -510321, 39 ] xT=false
  D4 above=T3 pat=000 resclass=[ 39, -7, -273 ] xT=false
  D4 above=T1 pat=000 resclass=[ -2211391, -510321, 39 ] xT=false
MEMBER stv 3 2/3 1/2 shape=[ 1, 1, 2, 2 ] tors=[ 4, 4 ] order4=12 norm111=0 xTpass=0
  D4 above=T1 pat=000 resclass=[ -9110, -100210, 11 ] xT=false
  D4 above=T1 pat=000 resclass=[ -9110, -100210, 11 ] xT=false
  D4 above=T2 pat=000 resclass=[ -100210, 20042, -5 ] xT=false
  D4 above=T3 pat=000 resclass=[ 11, -5, -55 ] xT=false
  D4 above=T2 pat=000 resclass=[ -100210, 20042, -5 ] xT=false
  D4 above=T3 pat=000 resclass=[ 11, -5, -55 ] xT=false
  D4 above=T1 pat=000 resclass=[ -9110, -100210, 11 ] xT=false
  D4 above=T1 pat=000 resclass=[ -9110, -100210, 11 ] xT=false
  D4 above=T2 pat=000 resclass=[ -100210, 20042, -5 ] xT=false
  D4 above=T3 pat=000 resclass=[ 11, -5, -55 ] xT=false
  D4 above=T2 pat=000 resclass=[ -100210, 20042, -5 ] xT=false
  D4 above=T3 pat=000 resclass=[ 11, -5, -55 ] xT=false
MEMBER stv 4 1/3 3 shape=[ 1, 1, 2, 2 ] tors=[ 4, 4 ] order4=12 norm111=0 xTpass=0
  D4 above=T3 pat=000 resclass=[ 77, -2, -154 ] xT=false
  D4 above=T3 pat=000 resclass=[ 77, -2, -154 ] xT=false
  D4 above=T1 pat=000 resclass=[ -14, -22, 77 ] xT=false
  D4 above=T2 pat=000 resclass=[ -22, 11, -2 ] xT=false
  D4 above=T1 pat=000 resclass=[ -14, -22, 77 ] xT=false
  D4 above=T2 pat=000 resclass=[ -22, 11, -2 ] xT=false
  D4 above=T3 pat=000 resclass=[ 77, -2, -154 ] xT=false
  D4 above=T3 pat=000 resclass=[ 77, -2, -154 ] xT=false
  D4 above=T1 pat=000 resclass=[ -14, -22, 77 ] xT=false
  D4 above=T2 pat=000 resclass=[ -22, 11, -2 ] xT=false
  D4 above=T1 pat=000 resclass=[ -14, -22, 77 ] xT=false
  D4 above=T2 pat=000 resclass=[ -22, 11, -2 ] xT=false
MEMBER stv 6/5 11/17 2 shape=[ 1, 1, 2, 2 ] tors=[ 4, 4 ] order4=12 norm111=0 xTpass=0
  D4 above=T3 pat=000 resclass=[ 63921, -42, -298298 ] xT=false
  D4 above=T3 pat=000 resclass=[ 63921, -42, -298298 ] xT=false
  D4 above=T1 pat=000 resclass=[ -131913325004461, -18573237669, 63921 ] xT=false
  D4 above=T2 pat=000 resclass=[ -18573237669, 1768879778, -42 ] xT=false
  D4 above=T1 pat=000 resclass=[ -131913325004461, -18573237669, 63921 ] xT=false
  D4 above=T2 pat=000 resclass=[ -18573237669, 1768879778, -42 ] xT=false
  D4 above=T3 pat=000 resclass=[ 63921, -42, -298298 ] xT=false
  D4 above=T3 pat=000 resclass=[ 63921, -42, -298298 ] xT=false
  D4 above=T1 pat=000 resclass=[ -131913325004461, -18573237669, 63921 ] xT=false
  D4 above=T2 pat=000 resclass=[ -18573237669, 1768879778, -42 ] xT=false
  D4 above=T1 pat=000 resclass=[ -131913325004461, -18573237669, 63921 ] xT=false
  D4 above=T2 pat=000 resclass=[ -18573237669, 1768879778, -42 ] xT=false
MEMBER stv 14/3 6/5 19/9 shape=[ 1, 1, 2, 2 ] tors=[ 4, 4 ] order4=12 norm111=0 xTpass=0
  D4 above=T2 pat=000 resclass=[ 1837341205205, 167031018655, 11 ] xT=false
  D4 above=T2 pat=000 resclass=[ 1837341205205, 167031018655, 11 ] xT=false
  D4 above=T3 pat=000 resclass=[ 121411, 11, 1335521 ] xT=false
  D4 above=T1 pat=000 resclass=[ 223073433065144255, 1837341205205, 121411 ] xT=false
  D4 above=T3 pat=000 resclass=[ 121411, 11, 1335521 ] xT=false
  D4 above=T1 pat=000 resclass=[ 223073433065144255, 1837341205205, 121411 ] xT=false
  D4 above=T2 pat=000 resclass=[ 1837341205205, 167031018655, 11 ] xT=false
  D4 above=T2 pat=000 resclass=[ 1837341205205, 167031018655, 11 ] xT=false
  D4 above=T3 pat=000 resclass=[ 121411, 11, 1335521 ] xT=false
  D4 above=T1 pat=000 resclass=[ 223073433065144255, 1837341205205, 121411 ] xT=false
  D4 above=T3 pat=000 resclass=[ 121411, 11, 1335521 ] xT=false
  D4 above=T1 pat=000 resclass=[ 223073433065144255, 1837341205205, 121411 ] xT=false
MEMBER stv 1/8 4/7 1 shape=[ 1, 1, 2, 2 ] tors=[ 4, 4 ] order4=12 norm111=0 xTpass=0
  D4 above=T1 pat=000 resclass=[ 1096217420727, -407243265, -67295 ] xT=false
  D4 above=T1 pat=000 resclass=[ 1096217420727, -407243265, -67295 ] xT=false
  D4 above=T3 pat=000 resclass=[ -67295, -33, 2220735 ] xT=false
  D4 above=T2 pat=000 resclass=[ -407243265, 12340705, -33 ] xT=false
  D4 above=T3 pat=000 resclass=[ -67295, -33, 2220735 ] xT=false
  D4 above=T2 pat=000 resclass=[ -407243265, 12340705, -33 ] xT=false
  D4 above=T1 pat=000 resclass=[ 1096217420727, -407243265, -67295 ] xT=false
  D4 above=T1 pat=000 resclass=[ 1096217420727, -407243265, -67295 ] xT=false
  D4 above=T3 pat=000 resclass=[ -67295, -33, 2220735 ] xT=false
  D4 above=T2 pat=000 resclass=[ -407243265, 12340705, -33 ] xT=false
  D4 above=T3 pat=000 resclass=[ -67295, -33, 2220735 ] xT=false
  D4 above=T2 pat=000 resclass=[ -407243265, 12340705, -33 ] xT=false
MEMBER stv 4/13 20/3 7/2 shape=[ 1, 1, 2, 2 ] tors=[ 4, 4 ] order4=12 norm111=0 xTpass=0
  D4 above=T3 pat=000 resclass=[ -527257, 391, -206157487 ] xT=false
  D4 above=T3 pat=000 resclass=[ -527257, 391, -206157487 ] xT=false
  D4 above=T2 pat=000 resclass=[ -20252130430, -51795730, 391 ] xT=false
  D4 above=T1 pat=000 resclass=[ 10678077534130510, -20252130430, -527257 ] xT=false
  D4 above=T2 pat=000 resclass=[ -20252130430, -51795730, 391 ] xT=false
  D4 above=T1 pat=000 resclass=[ 10678077534130510, -20252130430, -527257 ] xT=false
  D4 above=T3 pat=000 resclass=[ -527257, 391, -206157487 ] xT=false
  D4 above=T3 pat=000 resclass=[ -527257, 391, -206157487 ] xT=false
  D4 above=T2 pat=000 resclass=[ -20252130430, -51795730, 391 ] xT=false
  D4 above=T1 pat=000 resclass=[ 10678077534130510, -20252130430, -527257 ] xT=false
  D4 above=T2 pat=000 resclass=[ -20252130430, -51795730, 391 ] xT=false
  D4 above=T1 pat=000 resclass=[ 10678077534130510, -20252130430, -527257 ] xT=false
PART_DONE part=5
