MEMBER stv 1/4 1/4 -1/2 shape=[ 1, 1, 2, 2 ] tors=[ 4, 4 ] order4=12 norm111=0 xTpass=0
  D4 above=T2 pat=000 resclass=[ 447330, -29822, -15 ] xT=false
  D4 above=T2 pat=000 resclass=[ 447330, -29822, -15 ] xT=false
  D4 above=T1 pat=000 resclass=[ -93491970, 447330, -209 ] xT=false
  D4 above=T3 pat=000 resclass=[ -209, -15, 3135 ] xT=false
  D4 above=T1 pat=000 resclass=[ -93491970, 447330, -209 ] xT=false
  D4 above=T3 pat=000 resclass=[ -209, -15, 3135 ] xT=false
  D4 above=T2 pat=000 resclass=[ 447330, -29822, -15 ] xT=false
  D4 above=T2 pat=000 resclass=[ 447330, -29822, -15 ] xT=false
  D4 above=T1 pat=000 resclass=[ -93491970, 447330, -209 ] xT=false
  D4 above=T3 pat=000 resclass=[ -209, -15, 3135 ] xT=false
  D4 above=T1 pat=000 resclass=[ -93491970, 447330, -209 ] xT=false
  D4 above=T3 pat=000 resclass=[ -209, -15, 3135 ] xT=false
MEMBER stv 1/4 3 -3 shape=[ 1, 1, 2, 2 ] tors=[ 4, 4 ] order4=12 norm111=0 xTpass=0
  D4 above=T3 pat=000 resclass=[ -1023, 2, -2046 ] xT=false
  D4 above=T3 pat=000 resclass=[ -1023, 2, -2046 ] xT=false
  D4 above=T2 pat=000 resclass=[ -270582, -135291, 2 ] xT=false
  D4 above=T1 pat=000 resclass=[ 30756154, -270582, -1023 ] xT=false
  D4 above=T2 pat=000 resclass=[ -270582, -135291, 2 ] xT=false
  D4 above=T1 pat=000 resclass=[ 30756154, -270582, -1023 ] xT=false
  D4 above=T3 pat=000 resclass=[ -1023, 2, -2046 ] xT=false
  D4 above=T3 pat=000 resclass=[ -1023, 2, -2046 ] xT=false
  D4 above=T2 pat=000 resclass=[ -270582, -135291, 2 ] xT=false
  D4 above=T1 pat=000 resclass=[ 30756154, -270582, -1023 ] xT=false
  D4 above=T2 pat=000 resclass=[ -270582, -135291, 2 ] xT=false
  D4 above=T1 pat=000 resclass=[ 30756154, -270582, -1023 ] xT=false
MEMBER stv 1/3 2 -1 shape=[ 1, 1, 2, 2 ] tors=[ 4, 4 ] order4=12 norm111=0 xTpass=0
  D4 above=T1 pat=000 resclass=[ 870, -174, -5 ] xT=false
  D4 above=T1 pat=000 resclass=[ 870, -174, -5 ] xT=false
  D4 above=T2 pat=000 resclass=[ -174, -58, 3 ] xT=false
  D4 above=T3 pat=000 resclass=[ -5, 3, -15 ] xT=false
  D4 above=T2 pat=000 resclass=[ -174, -58, 3 ] xT=false
  D4 above=T3 pat=000 resclass=[ -5, 3, -15 ] xT=false
  D4 above=T1 pat=000 resclass=[ 870, -174, -5 ] xT=false
  D4 above=T1 pat=000 resclass=[ 870, -174, -5 ] xT=false
  D4 above=T2 pat=000 resclass=[ -174, -58, 3 ] xT=false
  D4 above=T3 pat=000 resclass=[ -5, 3, -15 ] xT=false
  D4 above=T2 pat=000 resclass=[ -174, -58, 3 ] xT=false
  D4 above=T3 pat=000 resclass=[ -5, 3, -15 ] xT=false
MEMBER stv 1/2 3/2 -1/3 shape=[ 1, 1, 2, 2 ] tors=[ 4, 4 ] order4=12 norm111=0 xTpass=0
  D4 above=T3 pat=000 resclass=[ -21, 5, -105 ] xT=false
  D4 above=T3 pat=000 resclass=[ -21, 5, -105 ] xT=false
  D4 above=T2 pat=000 resclass=[ -14685, -2937, 5 ] xT=false
  D4 above=T1 pat=000 resclass=[ 34265, -14685, -21 ] xT=false
  D4 above=T2 pat=000 resclass=[ -14685, -2937, 5 ] xT=false
  D4 above=T1 pat=000 resclass=[ 34265, -14685, -21 ] xT=false
  D4 above=T3 pat=000 resclass=[ -21, 5, -105 ] xT=false
  D4 above=T3 pat=000 resclass=[ -21, 5, -105 ] xT=false
  D4 above=T2 pat=000 resclass=[ -14685, -2937, 5 ] xT=false
  D4 above=T1 pat=000 resclass=[ 34265, -14685, -21 ] xT=false
  D4 above=T2 pat=000 resclass=[ -14685, -2937, 5 ] xT=false
  D4 above=T1 pat=000 resclass=[ 34265, -14685, -21 ] xT=false
MEMBER stv 2/3 3/4 -2 shape=[ 1, 1, 2, 2 ] tors=[ 4, 4 ] order4=12 norm111=0 xTpass=0
  D4 above=T3 pat=000 resclass=[ 583, -7, -4081 ] xT=false
  D4 above=T3 pat=000 resclass=[ 583, -7, -4081 ] xT=false
  D4 above=T2 pat=000 resclass=[ -3073, 439, -7 ] xT=false
  D4 above=T1 pat=000 resclass=[ -1791559, -3073, 583 ] xT=false
  D4 above=T2 pat=000 resclass=[ -3073, 439, -7 ] xT=false
  D4 above=T1 pat=000 resclass=[ -1791559, -3073, 583 ] xT=false
  D4 above=T3 pat=000 resclass=[ 583, -7, -4081 ] xT=false
  D4 above=T3 pat=000 resclass=[ 583, -7, -4081 ] xT=false
  D4 above=T2 pat=000 resclass=[ -3073, 439, -7 ] xT=false
  D4 above=T1 pat=000 resclass=[ -1791559, -3073, 583 ] xT=false
  D4 above=T2 pat=000 resclass=[ -3073, 439, -7 ] xT=false
  D4 above=T1 pat=000 resclass=[ -1791559, -3073, 583 ] xT=false
MEMBER stv 3/4 2/3 -3/4 shape=[ 1, 1, 2, 2 ] tors=[ 4, 4 ] order4=12 norm111=0 xTpass=0
  D4 above=T2 pat=000 resclass=[ 125615, -25123, -5 ] xT=false
  D4 above=T2 pat=000 resclass=[ 125615, -25123, -5 ] xT=false
  D4 above=T3 pat=000 resclass=[ 329, -5, -1645 ] xT=false
  D4 above=T1 pat=000 resclass=[ 843415, 125615, 329 ] xT=false
  D4 above=T3 pat=000 resclass=[ 329, -5, -1645 ] xT=false
  D4 above=T1 pat=000 resclass=[ 843415, 125615, 329 ] xT=false
  D4 above=T2 pat=000 resclass=[ 125615, -25123, -5 ] xT=false
  D4 above=T2 pat=000 resclass=[ 125615, -25123, -5 ] xT=false
  D4 above=T3 pat=000 resclass=[ 329, -5, -1645 ] xT=false
  D4 above=T1 pat=000 resclass=[ 843415, 125615, 329 ] xT=false
  D4 above=T3 pat=000 resclass=[ 329, -5, -1645 ] xT=false
  D4 above=T1 pat=000 resclass=[ 843415, 125615, 329 ] xT=false
MEMBER stv 1 1/2 -1/4 shape=[ 1, 1, 2, 2 ] tors=[ 4, 4 ] order4=12 norm111=0 xTpass=0
  D4 above=T1 pat=000 resclass=[ 35, 5, 7 ] xT=false
  D4 above=T1 pat=000 resclass=[ 35, 5, 7 ] xT=false
  D4 above=T3 pat=000 resclass=[ 7, -3, -21 ] xT=false
  D4 above=T2 pat=000 resclass=[ 5, -15, -3 ] xT=false
  D4 above=T3 pat=000 resclass=[ 7, -3, -21 ] xT=false
  D4 above=T2 pat=000 resclass=[ 5, -15, -3 ] xT=false
  D4 above=T1 pat=000 resclass=[ 35, 5, 7 ] xT=false
  D4 above=T1 pat=000 resclass=[ 35, 5, 7 ] xT=false
  D4 above=T3 pat=000 resclass=[ 7, -3, -21 ] xT=false
  D4 above=T2 pat=000 resclass=[ 5, -15, -3 ] xT=false
  D4 above=T3 pat=000 resclass=[ 7, -3, -21 ] xT=false
  D4 above=T2 pat=000 resclass=[ 5, -15, -3 ] xT=false
MEMBER stv 4/3 1/4 -3/2 shape=[ 1, 1, 2, 2 ] tors=[ 4, 4 ] order4=12 norm111=0 xTpass=0
  D4 above=T2 pat=000 resclass=[ 55, -33, -15 ] xT=false
  D4 above=T2 pat=000 resclass=[ 55, -33, -15 ] xT=false
  D4 above=T1 pat=000 resclass=[ 113905, 55, 2071 ] xT=false
  D4 above=T3 pat=000 resclass=[ 2071, -15, -31065 ] xT=false
  D4 above=T1 pat=000 resclass=[ 113905, 55, 2071 ] xT=false
  D4 above=T3 pat=000 resclass=[ 2071, -15, -31065 ] xT=false
  D4 above=T2 pat=000 resclass=[ 55, -33, -15 ] xT=false
  D4 above=T2 pat=000 resclass=[ 55, -33, -15 ] xT=false
  D4 above=T1 pat=000 resclass=[ 113905, 55, 2071 ] xT=false
  D4 above=T3 pat=000 resclass=[ 2071, -15, -31065 ] xT=false
  D4 above=T1 pat=000 resclass=[ 113905, 55, 2071 ] xT=false
  D4 above=T3 pat=000 resclass=[ 2071, -15, -31065 ] xT=false
MEMBER stv 4/3 4 -2/3 shape=[ 1, 1, 2, 2 ] tors=[ 4, 4 ] order4=12 norm111=0 xTpass=0
  D4 above=T3 pat=000 resclass=[ -41, 15, -615 ] xT=false
  D4 above=T3 pat=000 resclass=[ -41, 15, -615 ] xT=false
  D4 above=T1 pat=000 resclass=[ -353830, 8630, -41 ] xT=false
  D4 above=T2 pat=000 resclass=[ 8630, 5178, 15 ] xT=false
  D4 above=T1 pat=000 resclass=[ -353830, 8630, -41 ] xT=false
  D4 above=T2 pat=000 resclass=[ 8630, 5178, 15 ] xT=false
  D4 above=T3 pat=000 resclass=[ -41, 15, -615 ] xT=false
  D4 above=T3 pat=000 resclass=[ -41, 15, -615 ] xT=false
  D4 above=T1 pat=000 resclass=[ -353830, 8630, -41 ] xT=false
  D4 above=T2 pat=000 resclass=[ 8630, 5178, 15 ] xT=false
  D4 above=T1 pat=000 resclass=[ -353830, 8630, -41 ] xT=false
  D4 above=T2 pat=000 resclass=[ 8630, 5178, 15 ] xT=false
MEMBER stv 3/2 2 -4 shape=[ 1, 1, 2, 2 ] tors=[ 4, 4 ] order4=12 norm111=0 xTpass=0
  D4 above=T2 pat=000 resclass=[ 15, 5, 3 ] xT=false
  D4 above=T2 pat=000 resclass=[ 15, 5, 3 ] xT=false
  D4 above=T1 pat=000 resclass=[ -5, 15, -3 ] xT=false
  D4 above=T3 pat=000 resclass=[ -3, 3, -1 ] xT=false
  D4 above=T1 pat=000 resclass=[ -5, 15, -3 ] xT=false
  D4 above=T3 pat=000 resclass=[ -3, 3, -1 ] xT=false
  D4 above=T2 pat=000 resclass=[ 15, 5, 3 ] xT=false
  D4 above=T2 pat=000 resclass=[ 15, 5, 3 ] xT=false
  D4 above=T1 pat=000 resclass=[ -5, 15, -3 ] xT=false
  D4 above=T3 pat=000 resclass=[ -3, 3, -1 ] xT=false
  D4 above=T1 pat=000 resclass=[ -5, 15, -3 ] xT=false
  D4 above=T3 pat=000 resclass=[ -3, 3, -1 ] xT=false
MEMBER stv 2 3/2 -4/3 shape=[ 1, 1, 2, 2 ] tors=[ 4, 4 ] order4=12 norm111=0 xTpass=0
  D4 above=T3 pat=000 resclass=[ 39, 5, 195 ] xT=false
  D4 above=T3 pat=000 resclass=[ 39, 5, 195 ] xT=false
  D4 above=T1 pat=000 resclass=[ -35, -1365, 39 ] xT=false
  D4 above=T2 pat=000 resclass=[ -1365, -273, 5 ] xT=false
  D4 above=T1 pat=000 resclass=[ -35, -1365, 39 ] xT=false
  D4 above=T2 pat=000 resclass=[ -1365, -273, 5 ] xT=false
  D4 above=T3 pat=000 resclass=[ 39, 5, 195 ] xT=false
  D4 above=T3 pat=000 resclass=[ 39, 5, 195 ] xT=false
  D4 above=T1 pat=000 resclass=[ -35, -1365, 39 ] xT=false
  D4 above=T2 pat=000 resclass=[ -1365, -273, 5 ] xT=false
  D4 above=T1 pat=000 resclass=[ -35, -1365, 39 ] xT=false
  D4 above=T2 pat=000 resclass=[ -1365, -273, 5 ] xT=false
MEMBER stv 3 4/3 -1/2 shape=[ 1, 1, 2, 2 ] tors=[ 4, 4 ] order4=12 norm111=0 xTpass=0
  D4 above=T3 pat=000 resclass=[ 170, 7, 1190 ] xT=false
  D4 above=T3 pat=000 resclass=[ 170, 7, 1190 ] xT=false
  D4 above=T2 pat=000 resclass=[ -910, -130, 7 ] xT=false
  D4 above=T1 pat=000 resclass=[ -1547, -910, 170 ] xT=false
  D4 above=T2 pat=000 resclass=[ -910, -130, 7 ] xT=false
  D4 above=T1 pat=000 resclass=[ -1547, -910, 170 ] xT=false
  D4 above=T3 pat=000 resclass=[ 170, 7, 1190 ] xT=false
  D4 above=T3 pat=000 resclass=[ 170, 7, 1190 ] xT=false
  D4 above=T2 pat=000 resclass=[ -910, -130, 7 ] xT=false
  D4 above=T1 pat=000 resclass=[ -1547, -910, 170 ] xT=false
  D4 above=T2 pat=000 resclass=[ -910, -130, 7 ] xT=false
  D4 above=T1 pat=000 resclass=[ -1547, -910, 170 ] xT=false
MEMBER stv 4 2/3 -3 shape=[ 1, 1, 2, 2 ] tors=[ 4, 4 ] order4=12 norm111=0 xTpass=0
  D4 above=T2 pat=000 resclass=[ 302915, -60583, -5 ] xT=false
  D4 above=T2 pat=000 resclass=[ 302915, -60583, -5 ] xT=false
  D4 above=T1 pat=000 resclass=[ 385004965, 302915, 1271 ] xT=false
  D4 above=T3 pat=000 resclass=[ 1271, -5, -6355 ] xT=false
  D4 above=T1 pat=000 resclass=[ 385004965, 302915, 1271 ] xT=false
  D4 above=T3 pat=000 resclass=[ 1271, -5, -6355 ] xT=false
  D4 above=T2 pat=000 resclass=[ 302915, -60583, -5 ] xT=false
  D4 above=T2 pat=000 resclass=[ 302915, -60583, -5 ] xT=false
  D4 above=T1 pat=000 resclass=[ 385004965, 302915, 1271 ] xT=false
  D4 above=T3 pat=000 resclass=[ 1271, -5, -6355 ] xT=false
  D4 above=T1 pat=000 resclass=[ 385004965, 302915, 1271 ] xT=false
  D4 above=T3 pat=000 resclass=[ 1271, -5, -6355 ] xT=false
MEMBER stv 17/12 3/4 7/3 shape=[ 1, 1, 2, 2 ] tors=[ 4, 4 ] order4=12 norm111=0 xTpass=0
  D4 above=T3 pat=000 resclass=[ 4183, -7, -29281 ] xT=false
  D4 above=T3 pat=000 resclass=[ 4183, -7, -29281 ] xT=false
  D4 above=T1 pat=000 resclass=[ -1332406325955, -318528885, 4183 ] xT=false
  D4 above=T2 pat=000 resclass=[ -318528885, 2229702195, -7 ] xT=false
  D4 above=T1 pat=000 resclass=[ -1332406325955, -318528885, 4183 ] xT=false
  D4 above=T2 pat=000 resclass=[ -318528885, 2229702195, -7 ] xT=false
  D4 above=T3 pat=000 resclass=[ 4183, -7, -29281 ] xT=false
  D4 above=T3 pat=000 resclass=[ 4183, -7, -29281 ] xT=false
  D4 above=T1 pat=000 resclass=[ -1332406325955, -318528885, 4183 ] xT=false
  D4 above=T2 pat=000 resclass=[ -318528885, 2229702195, -7 ] xT=false
  D4 above=T1 pat=000 resclass=[ -1332406325955, -318528885, 4183 ] xT=false
  D4 above=T2 pat=000 resclass=[ -318528885, 2229702195, -7 ] xT=false
MEMBER stv 1 9/16 -19/17 shape=[ 1, 1, 2, 2 ] tors=[ 4, 4 ] order4=12 norm111=0 xTpass=0
  D4 above=T3 pat=000 resclass=[ 431, -7, -3017 ] xT=false
  D4 above=T3 pat=000 resclass=[ 431, -7, -3017 ] xT=false
  D4 above=T1 pat=000 resclass=[ 780366545854, 1810595234, 431 ] xT=false
  D4 above=T2 pat=000 resclass=[ 1810595234, -258656462, -7 ] xT=false
  D4 above=T1 pat=000 resclass=[ 780366545854, 1810595234, 431 ] xT=false
  D4 above=T2 pat=000 resclass=[ 1810595234, -258656462, -7 ] xT=false
  D4 above=T3 pat=000 resclass=[ 431, -7, -3017 ] xT=false
  D4 above=T3 pat=000 resclass=[ 431, -7, -3017 ] xT=false
  D4 above=T1 pat=000 resclass=[ 780366545854, 1810595234, 431 ] xT=false
  D4 above=T2 pat=000 resclass=[ 1810595234, -258656462, -7 ] xT=false
  D4 above=T1 pat=000 resclass=[ 780366545854, 1810595234, 431 ] xT=false
  D4 above=T2 pat=000 resclass=[ 1810595234, -258656462, -7 ] xT=false
MEMBER stv 3/10 2 2/19 shape=[ 1, 1, 2, 2 ] tors=[ 4, 4 ] order4=12 norm111=0 xTpass=0
  D4 above=T2 pat=000 resclass=[ -26347566, -8782522, 3 ] xT=false
  D4 above=T2 pat=000 resclass=[ -26347566, -8782522, 3 ] xT=false
  D4 above=T3 pat=000 resclass=[ -11, 3, -33 ] xT=false
  D4 above=T1 pat=000 resclass=[ 289823226, -26347566, -11 ] xT=false
  D4 above=T3 pat=000 resclass=[ -11, 3, -33 ] xT=false
  D4 above=T1 pat=000 resclass=[ 289823226, -26347566, -11 ] xT=false
  D4 above=T2 pat=000 resclass=[ -26347566, -8782522, 3 ] xT=false
  D4 above=T2 pat=000 resclass=[ -26347566, -8782522, 3 ] xT=false
  D4 above=T3 pat=000 resclass=[ -11, 3, -33 ] xT=false
  D4 above=T1 pat=000 resclass=[ 289823226, -26347566, -11 ] xT=false
  D4 above=T3 pat=000 resclass=[ -11, 3, -33 ] xT=false
  D4 above=T1 pat=000 resclass=[ 289823226, -26347566, -11 ] xT=false
PART_DONE part=50
