MEMBER stv 1/4 1/4 2/3 shape=[ 1, 1, 2, 2 ] tors=[ 4, 4 ] order4=12 norm111=0 xTpass=0
  D4 above=T3 pat=000 resclass=[ -209, -15, 3135 ] xT=false
  D4 above=T3 pat=000 resclass=[ -209, -15, 3135 ] xT=false
  D4 above=T2 pat=000 resclass=[ -166, 2490, -15 ] xT=false
  D4 above=T1 pat=000 resclass=[ 34694, -166, -209 ] xT=false
  D4 above=T2 pat=000 resclass=[ -166, 2490, -15 ] xT=false
  D4 above=T1 pat=000 resclass=[ 34694, -166, -209 ] xT=false
  D4 above=T3 pat=000 resclass=[ -209, -15, 3135 ] xT=false
  D4 above=T3 pat=000 resclass=[ -209, -15, 3135 ] xT=false
  D4 above=T2 pat=000 resclass=[ -166, 2490, -15 ] xT=false
  D4 above=T1 pat=000 resclass=[ 34694, -166, -209 ] xT=false
  D4 above=T2 pat=000 resclass=[ -166, 2490, -15 ] xT=false
  D4 above=T1 pat=000 resclass=[ 34694, -166, -209 ] xT=false
MEMBER stv 1/4 3 4 shape=[ 1, 1, 2, 2 ] tors=[ 4, 4 ] order4=12 norm111=0 xTpass=0
  D4 above=T2 pat=000 resclass=[ -11470, -5735, 2 ] xT=false
  D4 above=T2 pat=000 resclass=[ -11470, -5735, 2 ] xT=false
  D4 above=T3 pat=000 resclass=[ -1023, 2, -2046 ] xT=false
  D4 above=T1 pat=000 resclass=[ 12210, -11470, -1023 ] xT=false
  D4 above=T3 pat=000 resclass=[ -1023, 2, -2046 ] xT=false
  D4 above=T1 pat=000 resclass=[ 12210, -11470, -1023 ] xT=false
  D4 above=T2 pat=000 resclass=[ -11470, -5735, 2 ] xT=false
  D4 above=T2 pat=000 resclass=[ -11470, -5735, 2 ] xT=false
  D4 above=T3 pat=000 resclass=[ -1023, 2, -2046 ] xT=false
  D4 above=T1 pat=000 resclass=[ 12210, -11470, -1023 ] xT=false
  D4 above=T3 pat=000 resclass=[ -1023, 2, -2046 ] xT=false
  D4 above=T1 pat=000 resclass=[ 12210, -11470, -1023 ] xT=false
MEMBER stv 1/3 2 4/3 shape=[ 1, 1, 2, 2 ] tors=[ 4, 4 ] order4=12 norm111=0 xTpass=0
  D4 above=T1 pat=000 resclass=[ 62155, -12431, -5 ] xT=false
  D4 above=T1 pat=000 resclass=[ 62155, -12431, -5 ] xT=false
  D4 above=T3 pat=000 resclass=[ -5, 3, -15 ] xT=false
  D4 above=T2 pat=000 resclass=[ -12431, -37293, 3 ] xT=false
  D4 above=T3 pat=000 resclass=[ -5, 3, -15 ] xT=false
  D4 above=T2 pat=000 resclass=[ -12431, -37293, 3 ] xT=false
  D4 above=T1 pat=000 resclass=[ 62155, -12431, -5 ] xT=false
  D4 above=T1 pat=000 resclass=[ 62155, -12431, -5 ] xT=false
  D4 above=T3 pat=000 resclass=[ -5, 3, -15 ] xT=false
  D4 above=T2 pat=000 resclass=[ -12431, -37293, 3 ] xT=false
  D4 above=T3 pat=000 resclass=[ -5, 3, -15 ] xT=false
  D4 above=T2 pat=000 resclass=[ -12431, -37293, 3 ] xT=false
MEMBER stv 1/2 3/2 1/2 shape=[ 1, 1, 2, 2 ] tors=[ 4, 4 ] order4=12 norm111=0 xTpass=0
  D4 above=T1 pat=000 resclass=[ 210, -10, -21 ] xT=false
  D4 above=T1 pat=000 resclass=[ 210, -10, -21 ] xT=false
  D4 above=T2 pat=000 resclass=[ -10, -2, 5 ] xT=false
  D4 above=T3 pat=000 resclass=[ -21, 5, -105 ] xT=false
  D4 above=T2 pat=000 resclass=[ -10, -2, 5 ] xT=false
  D4 above=T3 pat=000 resclass=[ -21, 5, -105 ] xT=false
  D4 above=T1 pat=000 resclass=[ 210, -10, -21 ] xT=false
  D4 above=T1 pat=000 resclass=[ 210, -10, -21 ] xT=false
  D4 above=T2 pat=000 resclass=[ -10, -2, 5 ] xT=false
  D4 above=T3 pat=000 resclass=[ -21, 5, -105 ] xT=false
  D4 above=T2 pat=000 resclass=[ -10, -2, 5 ] xT=false
  D4 above=T3 pat=000 resclass=[ -21, 5, -105 ] xT=false
MEMBER stv 2/3 3/4 3 shape=[ 1, 1, 2, 2 ] tors=[ 4, 4 ] order4=12 norm111=0 xTpass=0
  D4 above=T3 pat=000 resclass=[ 583, -7, -4081 ] xT=false
  D4 above=T3 pat=000 resclass=[ 583, -7, -4081 ] xT=false
  D4 above=T2 pat=000 resclass=[ -7077, 1011, -7 ] xT=false
  D4 above=T1 pat=000 resclass=[ -4125891, -7077, 583 ] xT=false
  D4 above=T2 pat=000 resclass=[ -7077, 1011, -7 ] xT=false
  D4 above=T1 pat=000 resclass=[ -4125891, -7077, 583 ] xT=false
  D4 above=T3 pat=000 resclass=[ 583, -7, -4081 ] xT=false
  D4 above=T3 pat=000 resclass=[ 583, -7, -4081 ] xT=false
  D4 above=T2 pat=000 resclass=[ -7077, 1011, -7 ] xT=false
  D4 above=T1 pat=000 resclass=[ -4125891, -7077, 583 ] xT=false
  D4 above=T2 pat=000 resclass=[ -7077, 1011, -7 ] xT=false
  D4 above=T1 pat=000 resclass=[ -4125891, -7077, 583 ] xT=false
MEMBER stv 3/4 2/3 1 shape=[ 1, 1, 2, 2 ] tors=[ 4, 4 ] order4=12 norm111=0 xTpass=0
  D4 above=T3 pat=000 resclass=[ 329, -5, -1645 ] xT=false
  D4 above=T3 pat=000 resclass=[ 329, -5, -1645 ] xT=false
  D4 above=T1 pat=000 resclass=[ -3149, -469, 329 ] xT=false
  D4 above=T2 pat=000 resclass=[ -469, 2345, -5 ] xT=false
  D4 above=T1 pat=000 resclass=[ -3149, -469, 329 ] xT=false
  D4 above=T2 pat=000 resclass=[ -469, 2345, -5 ] xT=false
  D4 above=T3 pat=000 resclass=[ 329, -5, -1645 ] xT=false
  D4 above=T3 pat=000 resclass=[ 329, -5, -1645 ] xT=false
  D4 above=T1 pat=000 resclass=[ -3149, -469, 329 ] xT=false
  D4 above=T2 pat=000 resclass=[ -469, 2345, -5 ] xT=false
  D4 above=T1 pat=000 resclass=[ -3149, -469, 329 ] xT=false
  D4 above=T2 pat=000 resclass=[ -469, 2345, -5 ] xT=false
MEMBER stv 1 1/2 1/3 shape=[ 1, 1, 2, 2 ] tors=[ 4, 4 ] order4=12 norm111=0 xTpass=0
  D4 above=T1 pat=000 resclass=[ -469, -67, 7 ] xT=false
  D4 above=T1 pat=000 resclass=[ -469, -67, 7 ] xT=false
  D4 above=T2 pat=000 resclass=[ -67, 201, -3 ] xT=false
  D4 above=T3 pat=000 resclass=[ 7, -3, -21 ] xT=false
  D4 above=T2 pat=000 resclass=[ -67, 201, -3 ] xT=false
  D4 above=T3 pat=000 resclass=[ 7, -3, -21 ] xT=false
  D4 above=T1 pat=000 resclass=[ -469, -67, 7 ] xT=false
  D4 above=T1 pat=000 resclass=[ -469, -67, 7 ] xT=false
  D4 above=T2 pat=000 resclass=[ -67, 201, -3 ] xT=false
  D4 above=T3 pat=000 resclass=[ 7, -3, -21 ] xT=false
  D4 above=T2 pat=000 resclass=[ -67, 201, -3 ] xT=false
  D4 above=T3 pat=000 resclass=[ 7, -3, -21 ] xT=false
MEMBER stv 4/3 1/4 2 shape=[ 1, 1, 2, 2 ] tors=[ 4, 4 ] order4=12 norm111=0 xTpass=0
  D4 above=T2 pat=000 resclass=[ -3310545, 220703, -15 ] xT=false
  D4 above=T2 pat=000 resclass=[ -3310545, 220703, -15 ] xT=false
  D4 above=T3 pat=000 resclass=[ 2071, -15, -31065 ] xT=false
  D4 above=T1 pat=000 resclass=[ -6856138695, -3310545, 2071 ] xT=false
  D4 above=T3 pat=000 resclass=[ 2071, -15, -31065 ] xT=false
  D4 above=T1 pat=000 resclass=[ -6856138695, -3310545, 2071 ] xT=false
  D4 above=T2 pat=000 resclass=[ -3310545, 220703, -15 ] xT=false
  D4 above=T2 pat=000 resclass=[ -3310545, 220703, -15 ] xT=false
  D4 above=T3 pat=000 resclass=[ 2071, -15, -31065 ] xT=false
  D4 above=T1 pat=000 resclass=[ -6856138695, -3310545, 2071 ] xT=false
  D4 above=T3 pat=000 resclass=[ 2071, -15, -31065 ] xT=false
  D4 above=T1 pat=000 resclass=[ -6856138695, -3310545, 2071 ] xT=false
MEMBER stv 4/3 4 3/4 shape=[ 1, 1, 2, 2 ] tors=[ 4, 4 ] order4=12 norm111=0 xTpass=0
  D4 above=T2 pat=000 resclass=[ -18655, -11193, 15 ] xT=false
  D4 above=T2 pat=000 resclass=[ -18655, -11193, 15 ] xT=false
  D4 above=T3 pat=000 resclass=[ -41, 15, -615 ] xT=false
  D4 above=T1 pat=000 resclass=[ 455, -18655, -41 ] xT=false
  D4 above=T3 pat=000 resclass=[ -41, 15, -615 ] xT=false
  D4 above=T1 pat=000 resclass=[ 455, -18655, -41 ] xT=false
  D4 above=T2 pat=000 resclass=[ -18655, -11193, 15 ] xT=false
  D4 above=T2 pat=000 resclass=[ -18655, -11193, 15 ] xT=false
  D4 above=T3 pat=000 resclass=[ -41, 15, -615 ] xT=false
  D4 above=T1 pat=000 resclass=[ 455, -18655, -41 ] xT=false
  D4 above=T3 pat=000 resclass=[ -41, 15, -615 ] xT=false
  D4 above=T1 pat=000 resclass=[ 455, -18655, -41 ] xT=false
MEMBER stv 3/2 3 1/4 shape=[ 1, 1, 2, 2 ] tors=[ 4, 4 ] order4=12 norm111=0 xTpass=0
  D4 above=T1 pat=000 resclass=[ 129922, -526, -247 ] xT=false
  D4 above=T1 pat=000 resclass=[ 129922, -526, -247 ] xT=false
  D4 above=T3 pat=000 resclass=[ -247, 2, -494 ] xT=false
  D4 above=T2 pat=000 resclass=[ -526, -263, 2 ] xT=false
  D4 above=T3 pat=000 resclass=[ -247, 2, -494 ] xT=false
  D4 above=T2 pat=000 resclass=[ -526, -263, 2 ] xT=false
  D4 above=T1 pat=000 resclass=[ 129922, -526, -247 ] xT=false
  D4 above=T1 pat=000 resclass=[ 129922, -526, -247 ] xT=false
  D4 above=T3 pat=000 resclass=[ -247, 2, -494 ] xT=false
  D4 above=T2 pat=000 resclass=[ -526, -263, 2 ] xT=false
  D4 above=T3 pat=000 resclass=[ -247, 2, -494 ] xT=false
  D4 above=T2 pat=000 resclass=[ -526, -263, 2 ] xT=false
MEMBER stv 2 3/2 3/2 shape=[ 1, 1, 2, 2 ] tors=[ 4, 4 ] order4=12 norm111=0 xTpass=0
  D4 above=T1 pat=000 resclass=[ 40495, 9345, 39 ] xT=false
  D4 above=T1 pat=000 resclass=[ 40495, 9345, 39 ] xT=false
  D4 above=T2 pat=000 resclass=[ 9345, 1869, 5 ] xT=false
  D4 above=T3 pat=000 resclass=[ 39, 5, 195 ] xT=false
  D4 above=T2 pat=000 resclass=[ 9345, 1869, 5 ] xT=false
  D4 above=T3 pat=000 resclass=[ 39, 5, 195 ] xT=false
  D4 above=T1 pat=000 resclass=[ 40495, 9345, 39 ] xT=false
  D4 above=T1 pat=000 resclass=[ 40495, 9345, 39 ] xT=false
  D4 above=T2 pat=000 resclass=[ 9345, 1869, 5 ] xT=false
  D4 above=T3 pat=000 resclass=[ 39, 5, 195 ] xT=false
  D4 above=T2 pat=000 resclass=[ 9345, 1869, 5 ] xT=false
  D4 above=T3 pat=000 resclass=[ 39, 5, 195 ] xT=false
MEMBER stv 3 4/3 2/3 shape=[ 1, 1, 2, 2 ] tors=[ 4, 4 ] order4=12 norm111=0 xTpass=0
  D4 above=T1 pat=000 resclass=[ 125545, 2954, 170 ] xT=false
  D4 above=T1 pat=000 resclass=[ 125545, 2954, 170 ] xT=false
  D4 above=T2 pat=000 resclass=[ 2954, 422, 7 ] xT=false
  D4 above=T3 pat=000 resclass=[ 170, 7, 1190 ] xT=false
  D4 above=T2 pat=000 resclass=[ 2954, 422, 7 ] xT=false
  D4 above=T3 pat=000 resclass=[ 170, 7, 1190 ] xT=false
  D4 above=T1 pat=000 resclass=[ 125545, 2954, 170 ] xT=false
  D4 above=T1 pat=000 resclass=[ 125545, 2954, 170 ] xT=false
  D4 above=T2 pat=000 resclass=[ 2954, 422, 7 ] xT=false
  D4 above=T3 pat=000 resclass=[ 170, 7, 1190 ] xT=false
  D4 above=T2 pat=000 resclass=[ 2954, 422, 7 ] xT=false
  D4 above=T3 pat=000 resclass=[ 170, 7, 1190 ] xT=false
MEMBER stv 4 2/3 4 shape=[ 1, 1, 2, 2 ] tors=[ 4, 4 ] order4=12 norm111=0 xTpass=0
  D4 above=T1 pat=000 resclass=[ -88315435, -69485, 1271 ] xT=false
  D4 above=T1 pat=000 resclass=[ -88315435, -69485, 1271 ] xT=false
  D4 above=T2 pat=000 resclass=[ -69485, 13897, -5 ] xT=false
  D4 above=T3 pat=000 resclass=[ 1271, -5, -6355 ] xT=false
  D4 above=T2 pat=000 resclass=[ -69485, 13897, -5 ] xT=false
  D4 above=T3 pat=000 resclass=[ 1271, -5, -6355 ] xT=false
  D4 above=T1 pat=000 resclass=[ -88315435, -69485, 1271 ] xT=false
  D4 above=T1 pat=000 resclass=[ -88315435, -69485, 1271 ] xT=false
  D4 above=T2 pat=000 resclass=[ -69485, 13897, -5 ] xT=false
  D4 above=T3 pat=000 resclass=[ 1271, -5, -6355 ] xT=false
  D4 above=T2 pat=000 resclass=[ -69485, 13897, -5 ] xT=false
  D4 above=T3 pat=000 resclass=[ 1271, -5, -6355 ] xT=false
MEMBER stv 1 5/2 -17/7 shape=[ 1, 1, 2, 2 ] tors=[ 4, 4 ] order4=12 norm111=0 xTpass=0
  D4 above=T3 pat=000 resclass=[ -17, 21, -357 ] xT=false
  D4 above=T3 pat=000 resclass=[ -17, 21, -357 ] xT=false
  D4 above=T2 pat=000 resclass=[ 178806, 417214, 21 ] xT=false
  D4 above=T1 pat=000 resclass=[ -10518, 178806, -17 ] xT=false
  D4 above=T2 pat=000 resclass=[ 178806, 417214, 21 ] xT=false
  D4 above=T1 pat=000 resclass=[ -10518, 178806, -17 ] xT=false
  D4 above=T3 pat=000 resclass=[ -17, 21, -357 ] xT=false
  D4 above=T3 pat=000 resclass=[ -17, 21, -357 ] xT=false
  D4 above=T2 pat=000 resclass=[ 178806, 417214, 21 ] xT=false
  D4 above=T1 pat=000 resclass=[ -10518, 178806, -17 ] xT=false
  D4 above=T2 pat=000 resclass=[ 178806, 417214, 21 ] xT=false
  D4 above=T1 pat=000 resclass=[ -10518, 178806, -17 ] xT=false
MEMBER stv 1/18 4/9 16/19 shape=[ 1, 1, 2, 2 ] tors=[ 4, 4 ] order4=12 norm111=0 xTpass=0
  D4 above=T3 pat=000 resclass=[ -139, -65, 9035 ] xT=false
  D4 above=T3 pat=000 resclass=[ -139, -65, 9035 ] xT=false
  D4 above=T1 pat=000 resclass=[ 37512972071185, -269877496915, -139 ] xT=false
  D4 above=T2 pat=000 resclass=[ -269877496915, 4151961491, -65 ] xT=false
  D4 above=T1 pat=000 resclass=[ 37512972071185, -269877496915, -139 ] xT=false
  D4 above=T2 pat=000 resclass=[ -269877496915, 4151961491, -65 ] xT=false
  D4 above=T3 pat=000 resclass=[ -139, -65, 9035 ] xT=false
  D4 above=T3 pat=000 resclass=[ -139, -65, 9035 ] xT=false
  D4 above=T1 pat=000 resclass=[ 37512972071185, -269877496915, -139 ] xT=false
  D4 above=T2 pat=000 resclass=[ -269877496915, 4151961491, -65 ] xT=false
  D4 above=T1 pat=000 resclass=[ 37512972071185, -269877496915, -139 ] xT=false
  D4 above=T2 pat=000 resclass=[ -269877496915, 4151961491, -65 ] xT=false
MEMBER stv 13/7 11/10 -2/5 shape=[ 1, 1, 2, 2 ] tors=[ 4, 4 ] order4=12 norm111=0 xTpass=0
  D4 above=T2 pat=000 resclass=[ -369432735, -17592035, 21 ] xT=false
  D4 above=T2 pat=000 resclass=[ -369432735, -17592035, 21 ] xT=false
  D4 above=T3 pat=000 resclass=[ 1668391, 21, 35036211 ] xT=false
  D4 above=T1 pat=000 resclass=[ -616358250179385, -369432735, 1668391 ] xT=false
  D4 above=T3 pat=000 resclass=[ 1668391, 21, 35036211 ] xT=false
  D4 above=T1 pat=000 resclass=[ -616358250179385, -369432735, 1668391 ] xT=false
  D4 above=T2 pat=000 resclass=[ -369432735, -17592035, 21 ] xT=false
  D4 above=T2 pat=000 resclass=[ -369432735, -17592035, 21 ] xT=false
  D4 above=T3 pat=000 resclass=[ 1668391, 21, 35036211 ] xT=false
  D4 above=T1 pat=000 resclass=[ -616358250179385, -369432735, 1668391 ] xT=false
  D4 above=T3 pat=000 resclass=[ 1668391, 21, 35036211 ] xT=false
  D4 above=T1 pat=000 resclass=[ -616358250179385, -369432735, 1668391 ] xT=false
PART_DONE part=51
