MEMBER stv 1/4 1/4 -2/3 shape=[ 1, 1, 2, 2 ] tors=[ 4, 4 ] order4=12 norm111=0 xTpass=0
  D4 above=T2 pat=000 resclass=[ 81190, -48714, -15 ] xT=false
  D4 above=T2 pat=000 resclass=[ 81190, -48714, -15 ] xT=false
  D4 above=T1 pat=000 resclass=[ -16968710, 81190, -209 ] xT=false
  D4 above=T3 pat=000 resclass=[ -209, -15, 3135 ] xT=false
  D4 above=T1 pat=000 resclass=[ -16968710, 81190, -209 ] xT=false
  D4 above=T3 pat=000 resclass=[ -209, -15, 3135 ] xT=false
  D4 above=T2 pat=000 resclass=[ 81190, -48714, -15 ] xT=false
  D4 above=T2 pat=000 resclass=[ 81190, -48714, -15 ] xT=false
  D4 above=T1 pat=000 resclass=[ -16968710, 81190, -209 ] xT=false
  D4 above=T3 pat=000 resclass=[ -209, -15, 3135 ] xT=false
  D4 above=T1 pat=000 resclass=[ -16968710, 81190, -209 ] xT=false
  D4 above=T3 pat=000 resclass=[ -209, -15, 3135 ] xT=false
MEMBER stv 1/4 3 -4 shape=[ 1, 1, 2, 2 ] tors=[ 4, 4 ] order4=12 norm111=0 xTpass=0
  D4 above=T1 pat=000 resclass=[ 6510, -770, -1023 ] xT=false
  D4 above=T1 pat=000 resclass=[ 6510, -770, -1023 ] xT=false
  D4 above=T3 pat=000 resclass=[ -1023, 2, -2046 ] xT=false
  D4 above=T2 pat=000 resclass=[ -770, -385, 2 ] xT=false
  D4 above=T3 pat=000 resclass=[ -1023, 2, -2046 ] xT=false
  D4 above=T2 pat=000 resclass=[ -770, -385, 2 ] xT=false
  D4 above=T1 pat=000 resclass=[ 6510, -770, -1023 ] xT=false
  D4 above=T1 pat=000 resclass=[ 6510, -770, -1023 ] xT=false
  D4 above=T3 pat=000 resclass=[ -1023, 2, -2046 ] xT=false
  D4 above=T2 pat=000 resclass=[ -770, -385, 2 ] xT=false
  D4 above=T3 pat=000 resclass=[ -1023, 2, -2046 ] xT=false
  D4 above=T2 pat=000 resclass=[ -770, -385, 2 ] xT=false
MEMBER stv 1/3 2 -4/3 shape=[ 1, 1, 2, 2 ] tors=[ 4, 4 ] order4=12 norm111=0 xTpass=0
  D4 above=T1 pat=000 resclass=[ 2093, -10465, -5 ] xT=false
  D4 above=T1 pat=000 resclass=[ 2093, -10465, -5 ] xT=false
  D4 above=T3 pat=000 resclass=[ -5, 3, -15 ] xT=false
  D4 above=T2 pat=000 resclass=[ -10465, -31395, 3 ] xT=false
  D4 above=T3 pat=000 resclass=[ -5, 3, -15 ] xT=false
  D4 above=T2 pat=000 resclass=[ -10465, -31395, 3 ] xT=false
  D4 above=T1 pat=000 resclass=[ 2093, -10465, -5 ] xT=false
  D4 above=T1 pat=000 resclass=[ 2093, -10465, -5 ] xT=false
  D4 above=T3 pat=000 resclass=[ -5, 3, -15 ] xT=false
  D4 above=T2 pat=000 resclass=[ -10465, -31395, 3 ] xT=false
  D4 above=T3 pat=000 resclass=[ -5, 3, -15 ] xT=false
  D4 above=T2 pat=000 resclass=[ -10465, -31395, 3 ] xT=false
MEMBER stv 1/2 3/2 -1/2 shape=[ 1, 1, 2, 2 ] tors=[ 4, 4 ] order4=12 norm111=0 xTpass=0
  D4 above=T2 pat=000 resclass=[ -5110, -1022, 5 ] xT=false
  D4 above=T2 pat=000 resclass=[ -5110, -1022, 5 ] xT=false
  D4 above=T3 pat=000 resclass=[ -21, 5, -105 ] xT=false
  D4 above=T1 pat=000 resclass=[ 2190, -5110, -21 ] xT=false
  D4 above=T3 pat=000 resclass=[ -21, 5, -105 ] xT=false
  D4 above=T1 pat=000 resclass=[ 2190, -5110, -21 ] xT=false
  D4 above=T2 pat=000 resclass=[ -5110, -1022, 5 ] xT=false
  D4 above=T2 pat=000 resclass=[ -5110, -1022, 5 ] xT=false
  D4 above=T3 pat=000 resclass=[ -21, 5, -105 ] xT=false
  D4 above=T1 pat=000 resclass=[ 2190, -5110, -21 ] xT=false
  D4 above=T3 pat=000 resclass=[ -21, 5, -105 ] xT=false
  D4 above=T1 pat=000 resclass=[ 2190, -5110, -21 ] xT=false
MEMBER stv 2/3 3/4 -3 shape=[ 1, 1, 2, 2 ] tors=[ 4, 4 ] order4=12 norm111=0 xTpass=0
  D4 above=T2 pat=000 resclass=[ 17283, -2469, -7 ] xT=false
  D4 above=T2 pat=000 resclass=[ 17283, -2469, -7 ] xT=false
  D4 above=T1 pat=000 resclass=[ 10075989, 17283, 583 ] xT=false
  D4 above=T3 pat=000 resclass=[ 583, -7, -4081 ] xT=false
  D4 above=T1 pat=000 resclass=[ 10075989, 17283, 583 ] xT=false
  D4 above=T3 pat=000 resclass=[ 583, -7, -4081 ] xT=false
  D4 above=T2 pat=000 resclass=[ 17283, -2469, -7 ] xT=false
  D4 above=T2 pat=000 resclass=[ 17283, -2469, -7 ] xT=false
  D4 above=T1 pat=000 resclass=[ 10075989, 17283, 583 ] xT=false
  D4 above=T3 pat=000 resclass=[ 583, -7, -4081 ] xT=false
  D4 above=T1 pat=000 resclass=[ 10075989, 17283, 583 ] xT=false
  D4 above=T3 pat=000 resclass=[ 583, -7, -4081 ] xT=false
MEMBER stv 3/4 2/3 -1 shape=[ 1, 1, 2, 2 ] tors=[ 4, 4 ] order4=12 norm111=0 xTpass=0
  D4 above=T2 pat=000 resclass=[ 8645, -1729, -5 ] xT=false
  D4 above=T2 pat=000 resclass=[ 8645, -1729, -5 ] xT=false
  D4 above=T3 pat=000 resclass=[ 329, -5, -1645 ] xT=false
  D4 above=T1 pat=000 resclass=[ 58045, 8645, 329 ] xT=false
  D4 above=T3 pat=000 resclass=[ 329, -5, -1645 ] xT=false
  D4 above=T1 pat=000 resclass=[ 58045, 8645, 329 ] xT=false
  D4 above=T2 pat=000 resclass=[ 8645, -1729, -5 ] xT=false
  D4 above=T2 pat=000 resclass=[ 8645, -1729, -5 ] xT=false
  D4 above=T3 pat=000 resclass=[ 329, -5, -1645 ] xT=false
  D4 above=T1 pat=000 resclass=[ 58045, 8645, 329 ] xT=false
  D4 above=T3 pat=000 resclass=[ 329, -5, -1645 ] xT=false
  D4 above=T1 pat=000 resclass=[ 58045, 8645, 329 ] xT=false
MEMBER stv 1 1/2 -1/3 shape=[ 1, 1, 2, 2 ] tors=[ 4, 4 ] order4=12 norm111=0 xTpass=0
  D4 above=T3 pat=000 resclass=[ 7, -3, -21 ] xT=false
  D4 above=T3 pat=000 resclass=[ 7, -3, -21 ] xT=false
  D4 above=T2 pat=000 resclass=[ 58, -174, -3 ] xT=false
  D4 above=T1 pat=000 resclass=[ 406, 58, 7 ] xT=false
  D4 above=T2 pat=000 resclass=[ 58, -174, -3 ] xT=false
  D4 above=T1 pat=000 resclass=[ 406, 58, 7 ] xT=false
  D4 above=T3 pat=000 resclass=[ 7, -3, -21 ] xT=false
  D4 above=T3 pat=000 resclass=[ 7, -3, -21 ] xT=false
  D4 above=T2 pat=000 resclass=[ 58, -174, -3 ] xT=false
  D4 above=T1 pat=000 resclass=[ 406, 58, 7 ] xT=false
  D4 above=T2 pat=000 resclass=[ 58, -174, -3 ] xT=false
  D4 above=T1 pat=000 resclass=[ 406, 58, 7 ] xT=false
MEMBER stv 4/3 1/4 -2 shape=[ 1, 1, 2, 2 ] tors=[ 4, 4 ] order4=12 norm111=0 xTpass=0
  D4 above=T2 pat=000 resclass=[ 1062255, -70817, -15 ] xT=false
  D4 above=T2 pat=000 resclass=[ 1062255, -70817, -15 ] xT=false
  D4 above=T1 pat=000 resclass=[ 2199930105, 1062255, 2071 ] xT=false
  D4 above=T3 pat=000 resclass=[ 2071, -15, -31065 ] xT=false
  D4 above=T1 pat=000 resclass=[ 2199930105, 1062255, 2071 ] xT=false
  D4 above=T3 pat=000 resclass=[ 2071, -15, -31065 ] xT=false
  D4 above=T2 pat=000 resclass=[ 1062255, -70817, -15 ] xT=false
  D4 above=T2 pat=000 resclass=[ 1062255, -70817, -15 ] xT=false
  D4 above=T1 pat=000 resclass=[ 2199930105, 1062255, 2071 ] xT=false
  D4 above=T3 pat=000 resclass=[ 2071, -15, -31065 ] xT=false
  D4 above=T1 pat=000 resclass=[ 2199930105, 1062255, 2071 ] xT=false
  D4 above=T3 pat=000 resclass=[ 2071, -15, -31065 ] xT=false
MEMBER stv 4/3 4 -3/4 shape=[ 1, 1, 2, 2 ] tors=[ 4, 4 ] order4=12 norm111=0 xTpass=0
  D4 above=T3 pat=000 resclass=[ -41, 15, -615 ] xT=false
  D4 above=T3 pat=000 resclass=[ -41, 15, -615 ] xT=false
  D4 above=T2 pat=000 resclass=[ 55, 33, 15 ] xT=false
  D4 above=T1 pat=000 resclass=[ -2255, 55, -41 ] xT=false
  D4 above=T2 pat=000 resclass=[ 55, 33, 15 ] xT=false
  D4 above=T1 pat=000 resclass=[ -2255, 55, -41 ] xT=false
  D4 above=T3 pat=000 resclass=[ -41, 15, -615 ] xT=false
  D4 above=T3 pat=000 resclass=[ -41, 15, -615 ] xT=false
  D4 above=T2 pat=000 resclass=[ 55, 33, 15 ] xT=false
  D4 above=T1 pat=000 resclass=[ -2255, 55, -41 ] xT=false
  D4 above=T2 pat=000 resclass=[ 55, 33, 15 ] xT=false
  D4 above=T1 pat=000 resclass=[ -2255, 55, -41 ] xT=false
MEMBER stv 3/2 3 -1/4 shape=[ 1, 1, 2, 2 ] tors=[ 4, 4 ] order4=12 norm111=0 xTpass=0
  D4 above=T1 pat=000 resclass=[ 1020110, -4130, -247 ] xT=false
  D4 above=T1 pat=000 resclass=[ 1020110, -4130, -247 ] xT=false
  D4 above=T3 pat=000 resclass=[ -247, 2, -494 ] xT=false
  D4 above=T2 pat=000 resclass=[ -4130, -2065, 2 ] xT=false
  D4 above=T3 pat=000 resclass=[ -247, 2, -494 ] xT=false
  D4 above=T2 pat=000 resclass=[ -4130, -2065, 2 ] xT=false
  D4 above=T1 pat=000 resclass=[ 1020110, -4130, -247 ] xT=false
  D4 above=T1 pat=000 resclass=[ 1020110, -4130, -247 ] xT=false
  D4 above=T3 pat=000 resclass=[ -247, 2, -494 ] xT=false
  D4 above=T2 pat=000 resclass=[ -4130, -2065, 2 ] xT=false
  D4 above=T3 pat=000 resclass=[ -247, 2, -494 ] xT=false
  D4 above=T2 pat=000 resclass=[ -4130, -2065, 2 ] xT=false
MEMBER stv 2 3/2 -3/2 shape=[ 1, 1, 2, 2 ] tors=[ 4, 4 ] order4=12 norm111=0 xTpass=0
  D4 above=T3 pat=000 resclass=[ 39, 5, 195 ] xT=false
  D4 above=T3 pat=000 resclass=[ 39, 5, 195 ] xT=false
  D4 above=T1 pat=000 resclass=[ -13, -3, 39 ] xT=false
  D4 above=T2 pat=000 resclass=[ -3, -15, 5 ] xT=false
  D4 above=T1 pat=000 resclass=[ -13, -3, 39 ] xT=false
  D4 above=T2 pat=000 resclass=[ -3, -15, 5 ] xT=false
  D4 above=T3 pat=000 resclass=[ 39, 5, 195 ] xT=false
  D4 above=T3 pat=000 resclass=[ 39, 5, 195 ] xT=false
  D4 above=T1 pat=000 resclass=[ -13, -3, 39 ] xT=false
  D4 above=T2 pat=000 resclass=[ -3, -15, 5 ] xT=false
  D4 above=T1 pat=000 resclass=[ -13, -3, 39 ] xT=false
  D4 above=T2 pat=000 resclass=[ -3, -15, 5 ] xT=false
MEMBER stv 3 4/3 -2/3 shape=[ 1, 1, 2, 2 ] tors=[ 4, 4 ] order4=12 norm111=0 xTpass=0
  D4 above=T1 pat=000 resclass=[ -117929, -69370, 170 ] xT=false
  D4 above=T1 pat=000 resclass=[ -117929, -69370, 170 ] xT=false
  D4 above=T2 pat=000 resclass=[ -69370, -9910, 7 ] xT=false
  D4 above=T3 pat=000 resclass=[ 170, 7, 1190 ] xT=false
  D4 above=T2 pat=000 resclass=[ -69370, -9910, 7 ] xT=false
  D4 above=T3 pat=000 resclass=[ 170, 7, 1190 ] xT=false
  D4 above=T1 pat=000 resclass=[ -117929, -69370, 170 ] xT=false
  D4 above=T1 pat=000 resclass=[ -117929, -69370, 170 ] xT=false
  D4 above=T2 pat=000 resclass=[ -69370, -9910, 7 ] xT=false
  D4 above=T3 pat=000 resclass=[ 170, 7, 1190 ] xT=false
  D4 above=T2 pat=000 resclass=[ -69370, -9910, 7 ] xT=false
  D4 above=T3 pat=000 resclass=[ 170, 7, 1190 ] xT=false
MEMBER stv 4 2/3 -4 shape=[ 1, 1, 2, 2 ] tors=[ 4, 4 ] order4=12 norm111=0 xTpass=0
  D4 above=T1 pat=000 resclass=[ 230565755, 181405, 1271 ] xT=false
  D4 above=T1 pat=000 resclass=[ 230565755, 181405, 1271 ] xT=false
  D4 above=T3 pat=000 resclass=[ 1271, -5, -6355 ] xT=false
  D4 above=T2 pat=000 resclass=[ 181405, -36281, -5 ] xT=false
  D4 above=T3 pat=000 resclass=[ 1271, -5, -6355 ] xT=false
  D4 above=T2 pat=000 resclass=[ 181405, -36281, -5 ] xT=false
  D4 above=T1 pat=000 resclass=[ 230565755, 181405, 1271 ] xT=false
  D4 above=T1 pat=000 resclass=[ 230565755, 181405, 1271 ] xT=false
  D4 above=T3 pat=000 resclass=[ 1271, -5, -6355 ] xT=false
  D4 above=T2 pat=000 resclass=[ 181405, -36281, -5 ] xT=false
  D4 above=T3 pat=000 resclass=[ 1271, -5, -6355 ] xT=false
  D4 above=T2 pat=000 resclass=[ 181405, -36281, -5 ] xT=false
MEMBER stv 4/13 4/19 13/17 shape=[ 1, 1, 2, 2 ] tors=[ 4, 4 ] order4=12 norm111=0 xTpass=0
  D4 above=T2 pat=000 resclass=[ -63885624580245, 185175723421, -345 ] xT=false
  D4 above=T2 pat=000 resclass=[ -63885624580245, 185175723421, -345 ] xT=false
  D4 above=T1 pat=000 resclass=[ 194276184348525045, -63885624580245, -3041 ] xT=false
  D4 above=T3 pat=000 resclass=[ -3041, -345, 1049145 ] xT=false
  D4 above=T1 pat=000 resclass=[ 194276184348525045, -63885624580245, -3041 ] xT=false
  D4 above=T3 pat=000 resclass=[ -3041, -345, 1049145 ] xT=false
  D4 above=T2 pat=000 resclass=[ -63885624580245, 185175723421, -345 ] xT=false
  D4 above=T2 pat=000 resclass=[ -63885624580245, 185175723421, -345 ] xT=false
  D4 above=T1 pat=000 resclass=[ 194276184348525045, -63885624580245, -3041 ] xT=false
  D4 above=T3 pat=000 resclass=[ -3041, -345, 1049145 ] xT=false
  D4 above=T1 pat=000 resclass=[ 194276184348525045, -63885624580245, -3041 ] xT=false
  D4 above=T3 pat=000 resclass=[ -3041, -345, 1049145 ] xT=false
MEMBER stv 1/15 15/14 1/20 shape=[ 1, 1, 2, 2 ] tors=[ 4, 4 ] order4=12 norm111=0 xTpass=0
  D4 above=T2 pat=000 resclass=[ 111890954009695, 3858308758955, 29 ] xT=false
  D4 above=T2 pat=000 resclass=[ 111890954009695, 3858308758955, 29 ] xT=false
  D4 above=T1 pat=000 resclass=[ -16874162883248093255, 111890954009695, -150809 ] xT=false
  D4 above=T3 pat=000 resclass=[ -150809, 29, -4373461 ] xT=false
  D4 above=T1 pat=000 resclass=[ -16874162883248093255, 111890954009695, -150809 ] xT=false
  D4 above=T3 pat=000 resclass=[ -150809, 29, -4373461 ] xT=false
  D4 above=T2 pat=000 resclass=[ 111890954009695, 3858308758955, 29 ] xT=false
  D4 above=T2 pat=000 resclass=[ 111890954009695, 3858308758955, 29 ] xT=false
  D4 above=T1 pat=000 resclass=[ -16874162883248093255, 111890954009695, -150809 ] xT=false
  D4 above=T3 pat=000 resclass=[ -150809, 29, -4373461 ] xT=false
  D4 above=T1 pat=000 resclass=[ -16874162883248093255, 111890954009695, -150809 ] xT=false
  D4 above=T3 pat=000 resclass=[ -150809, 29, -4373461 ] xT=false
MEMBER stv 7/6 19/16 19/9 shape=[ 1, 1, 2, 2 ] tors=[ 4, 4 ] order4=12 norm111=0 xTpass=0
  D4 above=T2 pat=000 resclass=[ 8512665, 81073, 105 ] xT=false
  D4 above=T2 pat=000 resclass=[ 8512665, 81073, 105 ] xT=false
  D4 above=T3 pat=000 resclass=[ 14359, 105, 1507695 ] xT=false
  D4 above=T1 pat=000 resclass=[ 122233356735, 8512665, 14359 ] xT=false
  D4 above=T3 pat=000 resclass=[ 14359, 105, 1507695 ] xT=false
  D4 above=T1 pat=000 resclass=[ 122233356735, 8512665, 14359 ] xT=false
  D4 above=T2 pat=000 resclass=[ 8512665, 81073, 105 ] xT=false
  D4 above=T2 pat=000 resclass=[ 8512665, 81073, 105 ] xT=false
  D4 above=T3 pat=000 resclass=[ 14359, 105, 1507695 ] xT=false
  D4 above=T1 pat=000 resclass=[ 122233356735, 8512665, 14359 ] xT=false
  D4 above=T3 pat=000 resclass=[ 14359, 105, 1507695 ] xT=false
  D4 above=T1 pat=000 resclass=[ 122233356735, 8512665, 14359 ] xT=false
PART_DONE part=52
