MEMBER stv 1/4 1/4 3/4 shape=[ 1, 1, 2, 2 ] tors=[ 4, 4 ] order4=12 norm111=0 xTpass=0
  D4 above=T1 pat=000 resclass=[ 78206755, -374195, -209 ] xT=false
  D4 above=T1 pat=000 resclass=[ 78206755, -374195, -209 ] xT=false
  D4 above=T3 pat=000 resclass=[ -209, -15, 3135 ] xT=false
  D4 above=T2 pat=000 resclass=[ -374195, 224517, -15 ] xT=false
  D4 above=T3 pat=000 resclass=[ -209, -15, 3135 ] xT=false
  D4 above=T2 pat=000 resclass=[ -374195, 224517, -15 ] xT=false
  D4 above=T1 pat=000 resclass=[ 78206755, -374195, -209 ] xT=false
  D4 above=T1 pat=000 resclass=[ 78206755, -374195, -209 ] xT=false
  D4 above=T3 pat=000 resclass=[ -209, -15, 3135 ] xT=false
  D4 above=T2 pat=000 resclass=[ -374195, 224517, -15 ] xT=false
  D4 above=T3 pat=000 resclass=[ -209, -15, 3135 ] xT=false
  D4 above=T2 pat=000 resclass=[ -374195, 224517, -15 ] xT=false
MEMBER stv 1/4 4 1/4 shape=[ 1, 1, 2, 2 ] tors=[ 4, 4 ] order4=12 norm111=0 xTpass=0
  D4 above=T2 pat=000 resclass=[ -5889, -9815, 15 ] xT=false
  D4 above=T2 pat=000 resclass=[ -5889, -9815, 15 ] xT=false
  D4 above=T1 pat=000 resclass=[ 21194511, -5889, -3599 ] xT=false
  D4 above=T3 pat=000 resclass=[ -3599, 15, -53985 ] xT=false
  D4 above=T1 pat=000 resclass=[ 21194511, -5889, -3599 ] xT=false
  D4 above=T3 pat=000 resclass=[ -3599, 15, -53985 ] xT=false
  D4 above=T2 pat=000 resclass=[ -5889, -9815, 15 ] xT=false
  D4 above=T2 pat=000 resclass=[ -5889, -9815, 15 ] xT=false
  D4 above=T1 pat=000 resclass=[ 21194511, -5889, -3599 ] xT=false
  D4 above=T3 pat=000 resclass=[ -3599, 15, -53985 ] xT=false
  D4 above=T1 pat=000 resclass=[ 21194511, -5889, -3599 ] xT=false
  D4 above=T3 pat=000 resclass=[ -3599, 15, -53985 ] xT=false
MEMBER stv 1/3 2 3/2 shape=[ 1, 1, 2, 2 ] tors=[ 4, 4 ] order4=12 norm111=0 xTpass=0
  D4 above=T3 pat=000 resclass=[ -5, 3, -15 ] xT=false
  D4 above=T3 pat=000 resclass=[ -5, 3, -15 ] xT=false
  D4 above=T1 pat=000 resclass=[ 7070, -1414, -5 ] xT=false
  D4 above=T2 pat=000 resclass=[ -1414, -4242, 3 ] xT=false
  D4 above=T1 pat=000 resclass=[ 7070, -1414, -5 ] xT=false
  D4 above=T2 pat=000 resclass=[ -1414, -4242, 3 ] xT=false
  D4 above=T3 pat=000 resclass=[ -5, 3, -15 ] xT=false
  D4 above=T3 pat=000 resclass=[ -5, 3, -15 ] xT=false
  D4 above=T1 pat=000 resclass=[ 7070, -1414, -5 ] xT=false
  D4 above=T2 pat=000 resclass=[ -1414, -4242, 3 ] xT=false
  D4 above=T1 pat=000 resclass=[ 7070, -1414, -5 ] xT=false
  D4 above=T2 pat=000 resclass=[ -1414, -4242, 3 ] xT=false
MEMBER stv 1/2 3/2 2/3 shape=[ 1, 1, 2, 2 ] tors=[ 4, 4 ] order4=12 norm111=0 xTpass=0
  D4 above=T1 pat=000 resclass=[ 170, -3570, -21 ] xT=false
  D4 above=T1 pat=000 resclass=[ 170, -3570, -21 ] xT=false
  D4 above=T3 pat=000 resclass=[ -21, 5, -105 ] xT=false
  D4 above=T2 pat=000 resclass=[ -3570, -714, 5 ] xT=false
  D4 above=T3 pat=000 resclass=[ -21, 5, -105 ] xT=false
  D4 above=T2 pat=000 resclass=[ -3570, -714, 5 ] xT=false
  D4 above=T1 pat=000 resclass=[ 170, -3570, -21 ] xT=false
  D4 above=T1 pat=000 resclass=[ 170, -3570, -21 ] xT=false
  D4 above=T3 pat=000 resclass=[ -21, 5, -105 ] xT=false
  D4 above=T2 pat=000 resclass=[ -3570, -714, 5 ] xT=false
  D4 above=T3 pat=000 resclass=[ -21, 5, -105 ] xT=false
  D4 above=T2 pat=000 resclass=[ -3570, -714, 5 ] xT=false
MEMBER stv 2/3 3/4 4 shape=[ 1, 1, 2, 2 ] tors=[ 4, 4 ] order4=12 norm111=0 xTpass=0
  D4 above=T3 pat=000 resclass=[ 583, -7, -4081 ] xT=false
  D4 above=T3 pat=000 resclass=[ 583, -7, -4081 ] xT=false
  D4 above=T2 pat=000 resclass=[ -15169, 2167, -7 ] xT=false
  D4 above=T1 pat=000 resclass=[ -73087, -15169, 583 ] xT=false
  D4 above=T2 pat=000 resclass=[ -15169, 2167, -7 ] xT=false
  D4 above=T1 pat=000 resclass=[ -73087, -15169, 583 ] xT=false
  D4 above=T3 pat=000 resclass=[ 583, -7, -4081 ] xT=false
  D4 above=T3 pat=000 resclass=[ 583, -7, -4081 ] xT=false
  D4 above=T2 pat=000 resclass=[ -15169, 2167, -7 ] xT=false
  D4 above=T1 pat=000 resclass=[ -73087, -15169, 583 ] xT=false
  D4 above=T2 pat=000 resclass=[ -15169, 2167, -7 ] xT=false
  D4 above=T1 pat=000 resclass=[ -73087, -15169, 583 ] xT=false
MEMBER stv 3/4 2/3 4/3 shape=[ 1, 1, 2, 2 ] tors=[ 4, 4 ] order4=12 norm111=0 xTpass=0
  D4 above=T2 pat=000 resclass=[ -70735, 14147, -5 ] xT=false
  D4 above=T2 pat=000 resclass=[ -70735, 14147, -5 ] xT=false
  D4 above=T1 pat=000 resclass=[ -215, -70735, 329 ] xT=false
  D4 above=T3 pat=000 resclass=[ 329, -5, -1645 ] xT=false
  D4 above=T1 pat=000 resclass=[ -215, -70735, 329 ] xT=false
  D4 above=T3 pat=000 resclass=[ 329, -5, -1645 ] xT=false
  D4 above=T2 pat=000 resclass=[ -70735, 14147, -5 ] xT=false
  D4 above=T2 pat=000 resclass=[ -70735, 14147, -5 ] xT=false
  D4 above=T1 pat=000 resclass=[ -215, -70735, 329 ] xT=false
  D4 above=T3 pat=000 resclass=[ 329, -5, -1645 ] xT=false
  D4 above=T1 pat=000 resclass=[ -215, -70735, 329 ] xT=false
  D4 above=T3 pat=000 resclass=[ 329, -5, -1645 ] xT=false
MEMBER stv 1 1/2 1/2 shape=[ 1, 1, 2, 2 ] tors=[ 4, 4 ] order4=12 norm111=0 xTpass=0
  D4 above=T3 pat=000 resclass=[ 7, -3, -21 ] xT=false
  D4 above=T3 pat=000 resclass=[ 7, -3, -21 ] xT=false
  D4 above=T2 pat=000 resclass=[ -102, 34, -3 ] xT=false
  D4 above=T1 pat=000 resclass=[ -714, -102, 7 ] xT=false
  D4 above=T2 pat=000 resclass=[ -102, 34, -3 ] xT=false
  D4 above=T1 pat=000 resclass=[ -714, -102, 7 ] xT=false
  D4 above=T3 pat=000 resclass=[ 7, -3, -21 ] xT=false
  D4 above=T3 pat=000 resclass=[ 7, -3, -21 ] xT=false
  D4 above=T2 pat=000 resclass=[ -102, 34, -3 ] xT=false
  D4 above=T1 pat=000 resclass=[ -714, -102, 7 ] xT=false
  D4 above=T2 pat=000 resclass=[ -102, 34, -3 ] xT=false
  D4 above=T1 pat=000 resclass=[ -714, -102, 7 ] xT=false
MEMBER stv 4/3 1/4 3 shape=[ 1, 1, 2, 2 ] tors=[ 4, 4 ] order4=12 norm111=0 xTpass=0
  D4 above=T2 pat=000 resclass=[ -474905, 284943, -15 ] xT=false
  D4 above=T2 pat=000 resclass=[ -474905, 284943, -15 ] xT=false
  D4 above=T3 pat=000 resclass=[ 2071, -15, -31065 ] xT=false
  D4 above=T1 pat=000 resclass=[ -2724455, -474905, 2071 ] xT=false
  D4 above=T3 pat=000 resclass=[ 2071, -15, -31065 ] xT=false
  D4 above=T1 pat=000 resclass=[ -2724455, -474905, 2071 ] xT=false
  D4 above=T2 pat=000 resclass=[ -474905, 284943, -15 ] xT=false
  D4 above=T2 pat=000 resclass=[ -474905, 284943, -15 ] xT=false
  D4 above=T3 pat=000 resclass=[ 2071, -15, -31065 ] xT=false
  D4 above=T1 pat=000 resclass=[ -2724455, -474905, 2071 ] xT=false
  D4 above=T3 pat=000 resclass=[ 2071, -15, -31065 ] xT=false
  D4 above=T1 pat=000 resclass=[ -2724455, -474905, 2071 ] xT=false
MEMBER stv 4/3 4 1 shape=[ 1, 1, 2, 2 ] tors=[ 4, 4 ] order4=12 norm111=0 xTpass=0
  D4 above=T2 pat=000 resclass=[ -1281, -2135, 15 ] xT=false
  D4 above=T2 pat=000 resclass=[ -1281, -2135, 15 ] xT=false
  D4 above=T1 pat=000 resclass=[ 52521, -1281, -41 ] xT=false
  D4 above=T3 pat=000 resclass=[ -41, 15, -615 ] xT=false
  D4 above=T1 pat=000 resclass=[ 52521, -1281, -41 ] xT=false
  D4 above=T3 pat=000 resclass=[ -41, 15, -615 ] xT=false
  D4 above=T2 pat=000 resclass=[ -1281, -2135, 15 ] xT=false
  D4 above=T2 pat=000 resclass=[ -1281, -2135, 15 ] xT=false
  D4 above=T1 pat=000 resclass=[ 52521, -1281, -41 ] xT=false
  D4 above=T3 pat=000 resclass=[ -41, 15, -615 ] xT=false
  D4 above=T1 pat=000 resclass=[ 52521, -1281, -41 ] xT=false
  D4 above=T3 pat=000 resclass=[ -41, 15, -615 ] xT=false
MEMBER stv 3/2 3 1/3 shape=[ 1, 1, 2, 2 ] tors=[ 4, 4 ] order4=12 norm111=0 xTpass=0
  D4 above=T1 pat=000 resclass=[ 923286, -3738, -247 ] xT=false
  D4 above=T1 pat=000 resclass=[ 923286, -3738, -247 ] xT=false
  D4 above=T3 pat=000 resclass=[ -247, 2, -494 ] xT=false
  D4 above=T2 pat=000 resclass=[ -3738, -1869, 2 ] xT=false
  D4 above=T3 pat=000 resclass=[ -247, 2, -494 ] xT=false
  D4 above=T2 pat=000 resclass=[ -3738, -1869, 2 ] xT=false
  D4 above=T1 pat=000 resclass=[ 923286, -3738, -247 ] xT=false
  D4 above=T1 pat=000 resclass=[ 923286, -3738, -247 ] xT=false
  D4 above=T3 pat=000 resclass=[ -247, 2, -494 ] xT=false
  D4 above=T2 pat=000 resclass=[ -3738, -1869, 2 ] xT=false
  D4 above=T3 pat=000 resclass=[ -247, 2, -494 ] xT=false
  D4 above=T2 pat=000 resclass=[ -3738, -1869, 2 ] xT=false
MEMBER stv 2 3/2 2 shape=[ 1, 1, 2, 2 ] tors=[ 4, 4 ] order4=12 norm111=0 xTpass=0
  D4 above=T3 pat=000 resclass=[ 39, 5, 195 ] xT=false
  D4 above=T3 pat=000 resclass=[ 39, 5, 195 ] xT=false
  D4 above=T2 pat=000 resclass=[ 15, 3, 5 ] xT=false
  D4 above=T1 pat=000 resclass=[ 65, 15, 39 ] xT=false
  D4 above=T2 pat=000 resclass=[ 15, 3, 5 ] xT=false
  D4 above=T1 pat=000 resclass=[ 65, 15, 39 ] xT=false
  D4 above=T3 pat=000 resclass=[ 39, 5, 195 ] xT=false
  D4 above=T3 pat=000 resclass=[ 39, 5, 195 ] xT=false
  D4 above=T2 pat=000 resclass=[ 15, 3, 5 ] xT=false
  D4 above=T1 pat=000 resclass=[ 65, 15, 39 ] xT=false
  D4 above=T2 pat=000 resclass=[ 15, 3, 5 ] xT=false
  D4 above=T1 pat=000 resclass=[ 65, 15, 39 ] xT=false
MEMBER stv 3 4/3 3/4 shape=[ 1, 1, 2, 2 ] tors=[ 4, 4 ] order4=12 norm111=0 xTpass=0
  D4 above=T1 pat=000 resclass=[ 1069810, 6293, 170 ] xT=false
  D4 above=T1 pat=000 resclass=[ 1069810, 6293, 170 ] xT=false
  D4 above=T3 pat=000 resclass=[ 170, 7, 1190 ] xT=false
  D4 above=T2 pat=000 resclass=[ 6293, 899, 7 ] xT=false
  D4 above=T3 pat=000 resclass=[ 170, 7, 1190 ] xT=false
  D4 above=T2 pat=000 resclass=[ 6293, 899, 7 ] xT=false
  D4 above=T1 pat=000 resclass=[ 1069810, 6293, 170 ] xT=false
  D4 above=T1 pat=000 resclass=[ 1069810, 6293, 170 ] xT=false
  D4 above=T3 pat=000 resclass=[ 170, 7, 1190 ] xT=false
  D4 above=T2 pat=000 resclass=[ 6293, 899, 7 ] xT=false
  D4 above=T3 pat=000 resclass=[ 170, 7, 1190 ] xT=false
  D4 above=T2 pat=000 resclass=[ 6293, 899, 7 ] xT=false
MEMBER stv 4 3/4 1/4 shape=[ 1, 1, 2, 2 ] tors=[ 4, 4 ] order4=12 norm111=0 xTpass=0
  D4 above=T2 pat=000 resclass=[ -181405, 25915, -7 ] xT=false
  D4 above=T2 pat=000 resclass=[ -181405, 25915, -7 ] xT=false
  D4 above=T1 pat=000 resclass=[ -145635, -181405, 4047 ] xT=false
  D4 above=T3 pat=000 resclass=[ 4047, -7, -28329 ] xT=false
  D4 above=T1 pat=000 resclass=[ -145635, -181405, 4047 ] xT=false
  D4 above=T3 pat=000 resclass=[ 4047, -7, -28329 ] xT=false
  D4 above=T2 pat=000 resclass=[ -181405, 25915, -7 ] xT=false
  D4 above=T2 pat=000 resclass=[ -181405, 25915, -7 ] xT=false
  D4 above=T1 pat=000 resclass=[ -145635, -181405, 4047 ] xT=false
  D4 above=T3 pat=000 resclass=[ 4047, -7, -28329 ] xT=false
  D4 above=T1 pat=000 resclass=[ -145635, -181405, 4047 ] xT=false
  D4 above=T3 pat=000 resclass=[ 4047, -7, -28329 ] xT=false
MEMBER stv 1 6 -2/5 shape=[ 1, 1, 2, 2 ] tors=[ 4, 4 ] order4=12 norm111=0 xTpass=0
  D4 above=T3 pat=000 resclass=[ -34, 35, -1190 ] xT=false
  D4 above=T3 pat=000 resclass=[ -34, 35, -1190 ] xT=false
  D4 above=T2 pat=000 resclass=[ -14, -10, 35 ] xT=false
  D4 above=T1 pat=000 resclass=[ 119, -14, -34 ] xT=false
  D4 above=T2 pat=000 resclass=[ -14, -10, 35 ] xT=false
  D4 above=T1 pat=000 resclass=[ 119, -14, -34 ] xT=false
  D4 above=T3 pat=000 resclass=[ -34, 35, -1190 ] xT=false
  D4 above=T3 pat=000 resclass=[ -34, 35, -1190 ] xT=false
  D4 above=T2 pat=000 resclass=[ -14, -10, 35 ] xT=false
  D4 above=T1 pat=000 resclass=[ 119, -14, -34 ] xT=false
  D4 above=T2 pat=000 resclass=[ -14, -10, 35 ] xT=false
  D4 above=T1 pat=000 resclass=[ 119, -14, -34 ] xT=false
MEMBER stv 9/17 7/5 5 shape=[ 1, 1, 2, 2 ] tors=[ 4, 4 ] order4=12 norm111=0 xTpass=0
  D4 above=T1 pat=000 resclass=[ 3391401336054, -263491674, -12871 ] xT=false
  D4 above=T1 pat=000 resclass=[ 3391401336054, -263491674, -12871 ] xT=false
  D4 above=T2 pat=000 resclass=[ -263491674, -43915279, 6 ] xT=false
  D4 above=T3 pat=000 resclass=[ -12871, 6, -77226 ] xT=false
  D4 above=T2 pat=000 resclass=[ -263491674, -43915279, 6 ] xT=false
  D4 above=T3 pat=000 resclass=[ -12871, 6, -77226 ] xT=false
  D4 above=T1 pat=000 resclass=[ 3391401336054, -263491674, -12871 ] xT=false
  D4 above=T1 pat=000 resclass=[ 3391401336054, -263491674, -12871 ] xT=false
  D4 above=T2 pat=000 resclass=[ -263491674, -43915279, 6 ] xT=false
  D4 above=T3 pat=000 resclass=[ -12871, 6, -77226 ] xT=false
  D4 above=T2 pat=000 resclass=[ -263491674, -43915279, 6 ] xT=false
  D4 above=T3 pat=000 resclass=[ -12871, 6, -77226 ] xT=false
MEMBER stv 11/4 4/7 5/6 shape=[ 1, 1, 2, 2 ] tors=[ 4, 4 ] order4=12 norm111=0 xTpass=0
  D4 above=T1 pat=000 resclass=[ -300273637459070, -133041044510, 2257 ] xT=false
  D4 above=T1 pat=000 resclass=[ -300273637459070, -133041044510, 2257 ] xT=false
  D4 above=T2 pat=000 resclass=[ -133041044510, 36283921230, -33 ] xT=false
  D4 above=T3 pat=000 resclass=[ 2257, -33, -74481 ] xT=false
  D4 above=T2 pat=000 resclass=[ -133041044510, 36283921230, -33 ] xT=false
  D4 above=T3 pat=000 resclass=[ 2257, -33, -74481 ] xT=false
  D4 above=T1 pat=000 resclass=[ -300273637459070, -133041044510, 2257 ] xT=false
  D4 above=T1 pat=000 resclass=[ -300273637459070, -133041044510, 2257 ] xT=false
  D4 above=T2 pat=000 resclass=[ -133041044510, 36283921230, -33 ] xT=false
  D4 above=T3 pat=000 resclass=[ 2257, -33, -74481 ] xT=false
  D4 above=T2 pat=000 resclass=[ -133041044510, 36283921230, -33 ] xT=false
  D4 above=T3 pat=000 resclass=[ 2257, -33, -74481 ] xT=false
PART_DONE part=53
