MEMBER stv 1/4 1/4 -3/4 shape=[ 1, 1, 2, 2 ] tors=[ 4, 4 ] order4=12 norm111=0 xTpass=0
  D4 above=T2 pat=000 resclass=[ 5795, -3477, -15 ] xT=false
  D4 above=T2 pat=000 resclass=[ 5795, -3477, -15 ] xT=false
  D4 above=T1 pat=000 resclass=[ -3355, 5795, -209 ] xT=false
  D4 above=T3 pat=000 resclass=[ -209, -15, 3135 ] xT=false
  D4 above=T1 pat=000 resclass=[ -3355, 5795, -209 ] xT=false
  D4 above=T3 pat=000 resclass=[ -209, -15, 3135 ] xT=false
  D4 above=T2 pat=000 resclass=[ 5795, -3477, -15 ] xT=false
  D4 above=T2 pat=000 resclass=[ 5795, -3477, -15 ] xT=false
  D4 above=T1 pat=000 resclass=[ -3355, 5795, -209 ] xT=false
  D4 above=T3 pat=000 resclass=[ -209, -15, 3135 ] xT=false
  D4 above=T1 pat=000 resclass=[ -3355, 5795, -209 ] xT=false
  D4 above=T3 pat=000 resclass=[ -209, -15, 3135 ] xT=false
MEMBER stv 1/4 4 -1/4 shape=[ 1, 1, 2, 2 ] tors=[ 4, 4 ] order4=12 norm111=0 xTpass=0
  D4 above=T2 pat=000 resclass=[ -45535, -27321, 15 ] xT=false
  D4 above=T2 pat=000 resclass=[ -45535, -27321, 15 ] xT=false
  D4 above=T1 pat=000 resclass=[ 163880465, -45535, -3599 ] xT=false
  D4 above=T3 pat=000 resclass=[ -3599, 15, -53985 ] xT=false
  D4 above=T1 pat=000 resclass=[ 163880465, -45535, -3599 ] xT=false
  D4 above=T3 pat=000 resclass=[ -3599, 15, -53985 ] xT=false
  D4 above=T2 pat=000 resclass=[ -45535, -27321, 15 ] xT=false
  D4 above=T2 pat=000 resclass=[ -45535, -27321, 15 ] xT=false
  D4 above=T1 pat=000 resclass=[ 163880465, -45535, -3599 ] xT=false
  D4 above=T3 pat=000 resclass=[ -3599, 15, -53985 ] xT=false
  D4 above=T1 pat=000 resclass=[ 163880465, -45535, -3599 ] xT=false
  D4 above=T3 pat=000 resclass=[ -3599, 15, -53985 ] xT=false
MEMBER stv 1/3 2 -3/2 shape=[ 1, 1, 2, 2 ] tors=[ 4, 4 ] order4=12 norm111=0 xTpass=0
  D4 above=T3 pat=000 resclass=[ -5, 3, -15 ] xT=false
  D4 above=T3 pat=000 resclass=[ -5, 3, -15 ] xT=false
  D4 above=T2 pat=000 resclass=[ -1130, -3390, 3 ] xT=false
  D4 above=T1 pat=000 resclass=[ 226, -1130, -5 ] xT=false
  D4 above=T2 pat=000 resclass=[ -1130, -3390, 3 ] xT=false
  D4 above=T1 pat=000 resclass=[ 226, -1130, -5 ] xT=false
  D4 above=T3 pat=000 resclass=[ -5, 3, -15 ] xT=false
  D4 above=T3 pat=000 resclass=[ -5, 3, -15 ] xT=false
  D4 above=T2 pat=000 resclass=[ -1130, -3390, 3 ] xT=false
  D4 above=T1 pat=000 resclass=[ 226, -1130, -5 ] xT=false
  D4 above=T2 pat=000 resclass=[ -1130, -3390, 3 ] xT=false
  D4 above=T1 pat=000 resclass=[ 226, -1130, -5 ] xT=false
MEMBER stv 1/2 3/2 -2/3 shape=[ 1, 1, 2, 2 ] tors=[ 4, 4 ] order4=12 norm111=0 xTpass=0
  D4 above=T3 pat=000 resclass=[ -21, 5, -105 ] xT=false
  D4 above=T3 pat=000 resclass=[ -21, 5, -105 ] xT=false
  D4 above=T2 pat=000 resclass=[ -390, -78, 5 ] xT=false
  D4 above=T1 pat=000 resclass=[ 910, -390, -21 ] xT=false
  D4 above=T2 pat=000 resclass=[ -390, -78, 5 ] xT=false
  D4 above=T1 pat=000 resclass=[ 910, -390, -21 ] xT=false
  D4 above=T3 pat=000 resclass=[ -21, 5, -105 ] xT=false
  D4 above=T3 pat=000 resclass=[ -21, 5, -105 ] xT=false
  D4 above=T2 pat=000 resclass=[ -390, -78, 5 ] xT=false
  D4 above=T1 pat=000 resclass=[ 910, -390, -21 ] xT=false
  D4 above=T2 pat=000 resclass=[ -390, -78, 5 ] xT=false
  D4 above=T1 pat=000 resclass=[ 910, -390, -21 ] xT=false
MEMBER stv 2/3 3/4 -4 shape=[ 1, 1, 2, 2 ] tors=[ 4, 4 ] order4=12 norm111=0 xTpass=0
  D4 above=T3 pat=000 resclass=[ 583, -7, -4081 ] xT=false
  D4 above=T3 pat=000 resclass=[ 583, -7, -4081 ] xT=false
  D4 above=T2 pat=000 resclass=[ 1015, -145, -7 ] xT=false
  D4 above=T1 pat=000 resclass=[ 591745, 1015, 583 ] xT=false
  D4 above=T2 pat=000 resclass=[ 1015, -145, -7 ] xT=false
  D4 above=T1 pat=000 resclass=[ 591745, 1015, 583 ] xT=false
  D4 above=T3 pat=000 resclass=[ 583, -7, -4081 ] xT=false
  D4 above=T3 pat=000 resclass=[ 583, -7, -4081 ] xT=false
  D4 above=T2 pat=000 resclass=[ 1015, -145, -7 ] xT=false
  D4 above=T1 pat=000 resclass=[ 591745, 1015, 583 ] xT=false
  D4 above=T2 pat=000 resclass=[ 1015, -145, -7 ] xT=false
  D4 above=T1 pat=000 resclass=[ 591745, 1015, 583 ] xT=false
MEMBER stv 3/4 2/3 -4/3 shape=[ 1, 1, 2, 2 ] tors=[ 4, 4 ] order4=12 norm111=0 xTpass=0
  D4 above=T3 pat=000 resclass=[ 329, -5, -1645 ] xT=false
  D4 above=T3 pat=000 resclass=[ 329, -5, -1645 ] xT=false
  D4 above=T1 pat=000 resclass=[ -2585, -385, 329 ] xT=false
  D4 above=T2 pat=000 resclass=[ -385, 77, -5 ] xT=false
  D4 above=T1 pat=000 resclass=[ -2585, -385, 329 ] xT=false
  D4 above=T2 pat=000 resclass=[ -385, 77, -5 ] xT=false
  D4 above=T3 pat=000 resclass=[ 329, -5, -1645 ] xT=false
  D4 above=T3 pat=000 resclass=[ 329, -5, -1645 ] xT=false
  D4 above=T1 pat=000 resclass=[ -2585, -385, 329 ] xT=false
  D4 above=T2 pat=000 resclass=[ -385, 77, -5 ] xT=false
  D4 above=T1 pat=000 resclass=[ -2585, -385, 329 ] xT=false
  D4 above=T2 pat=000 resclass=[ -385, 77, -5 ] xT=false
MEMBER stv 1 1/2 -1/2 shape=[ 1, 1, 2, 2 ] tors=[ 4, 4 ] order4=12 norm111=0 xTpass=0
  D4 above=T2 pat=000 resclass=[ 78, -26, -3 ] xT=false
  D4 above=T2 pat=000 resclass=[ 78, -26, -3 ] xT=false
  D4 above=T1 pat=000 resclass=[ 546, 78, 7 ] xT=false
  D4 above=T3 pat=000 resclass=[ 7, -3, -21 ] xT=false
  D4 above=T1 pat=000 resclass=[ 546, 78, 7 ] xT=false
  D4 above=T3 pat=000 resclass=[ 7, -3, -21 ] xT=false
  D4 above=T2 pat=000 resclass=[ 78, -26, -3 ] xT=false
  D4 above=T2 pat=000 resclass=[ 78, -26, -3 ] xT=false
  D4 above=T1 pat=000 resclass=[ 546, 78, 7 ] xT=false
  D4 above=T3 pat=000 resclass=[ 7, -3, -21 ] xT=false
  D4 above=T1 pat=000 resclass=[ 546, 78, 7 ] xT=false
  D4 above=T3 pat=000 resclass=[ 7, -3, -21 ] xT=false
MEMBER stv 4/3 1/4 -3 shape=[ 1, 1, 2, 2 ] tors=[ 4, 4 ] order4=12 norm111=0 xTpass=0
  D4 above=T2 pat=000 resclass=[ 225095, -135057, -15 ] xT=false
  D4 above=T2 pat=000 resclass=[ 225095, -135057, -15 ] xT=false
  D4 above=T3 pat=000 resclass=[ 2071, -15, -31065 ] xT=false
  D4 above=T1 pat=000 resclass=[ 466171745, 225095, 2071 ] xT=false
  D4 above=T3 pat=000 resclass=[ 2071, -15, -31065 ] xT=false
  D4 above=T1 pat=000 resclass=[ 466171745, 225095, 2071 ] xT=false
  D4 above=T2 pat=000 resclass=[ 225095, -135057, -15 ] xT=false
  D4 above=T2 pat=000 resclass=[ 225095, -135057, -15 ] xT=false
  D4 above=T3 pat=000 resclass=[ 2071, -15, -31065 ] xT=false
  D4 above=T1 pat=000 resclass=[ 466171745, 225095, 2071 ] xT=false
  D4 above=T3 pat=000 resclass=[ 2071, -15, -31065 ] xT=false
  D4 above=T1 pat=000 resclass=[ 466171745, 225095, 2071 ] xT=false
MEMBER stv 4/3 4 -1 shape=[ 1, 1, 2, 2 ] tors=[ 4, 4 ] order4=12 norm111=0 xTpass=0
  D4 above=T1 pat=000 resclass=[ -9268665, 226065, -41 ] xT=false
  D4 above=T1 pat=000 resclass=[ -9268665, 226065, -41 ] xT=false
  D4 above=T2 pat=000 resclass=[ 226065, 15071, 15 ] xT=false
  D4 above=T3 pat=000 resclass=[ -41, 15, -615 ] xT=false
  D4 above=T2 pat=000 resclass=[ 226065, 15071, 15 ] xT=false
  D4 above=T3 pat=000 resclass=[ -41, 15, -615 ] xT=false
  D4 above=T1 pat=000 resclass=[ -9268665, 226065, -41 ] xT=false
  D4 above=T1 pat=000 resclass=[ -9268665, 226065, -41 ] xT=false
  D4 above=T2 pat=000 resclass=[ 226065, 15071, 15 ] xT=false
  D4 above=T3 pat=000 resclass=[ -41, 15, -615 ] xT=false
  D4 above=T2 pat=000 resclass=[ 226065, 15071, 15 ] xT=false
  D4 above=T3 pat=000 resclass=[ -41, 15, -615 ] xT=false
MEMBER stv 3/2 3 -1/3 shape=[ 1, 1, 2, 2 ] tors=[ 4, 4 ] order4=12 norm111=0 xTpass=0
  D4 above=T1 pat=000 resclass=[ 143754, -582, -247 ] xT=false
  D4 above=T1 pat=000 resclass=[ 143754, -582, -247 ] xT=false
  D4 above=T2 pat=000 resclass=[ -582, -291, 2 ] xT=false
  D4 above=T3 pat=000 resclass=[ -247, 2, -494 ] xT=false
  D4 above=T2 pat=000 resclass=[ -582, -291, 2 ] xT=false
  D4 above=T3 pat=000 resclass=[ -247, 2, -494 ] xT=false
  D4 above=T1 pat=000 resclass=[ 143754, -582, -247 ] xT=false
  D4 above=T1 pat=000 resclass=[ 143754, -582, -247 ] xT=false
  D4 above=T2 pat=000 resclass=[ -582, -291, 2 ] xT=false
  D4 above=T3 pat=000 resclass=[ -247, 2, -494 ] xT=false
  D4 above=T2 pat=000 resclass=[ -582, -291, 2 ] xT=false
  D4 above=T3 pat=000 resclass=[ -247, 2, -494 ] xT=false
MEMBER stv 2 3/2 -2 shape=[ 1, 1, 2, 2 ] tors=[ 4, 4 ] order4=12 norm111=0 xTpass=0
  D4 above=T2 pat=000 resclass=[ -385, -77, 5 ] xT=false
  D4 above=T2 pat=000 resclass=[ -385, -77, 5 ] xT=false
  D4 above=T1 pat=000 resclass=[ -15015, -385, 39 ] xT=false
  D4 above=T3 pat=000 resclass=[ 39, 5, 195 ] xT=false
  D4 above=T1 pat=000 resclass=[ -15015, -385, 39 ] xT=false
  D4 above=T3 pat=000 resclass=[ 39, 5, 195 ] xT=false
  D4 above=T2 pat=000 resclass=[ -385, -77, 5 ] xT=false
  D4 above=T2 pat=000 resclass=[ -385, -77, 5 ] xT=false
  D4 above=T1 pat=000 resclass=[ -15015, -385, 39 ] xT=false
  D4 above=T3 pat=000 resclass=[ 39, 5, 195 ] xT=false
  D4 above=T1 pat=000 resclass=[ -15015, -385, 39 ] xT=false
  D4 above=T3 pat=000 resclass=[ 39, 5, 195 ] xT=false
MEMBER stv 3 4/3 -3/4 shape=[ 1, 1, 2, 2 ] tors=[ 4, 4 ] order4=12 norm111=0 xTpass=0
  D4 above=T3 pat=000 resclass=[ 170, 7, 1190 ] xT=false
  D4 above=T3 pat=000 resclass=[ 170, 7, 1190 ] xT=false
  D4 above=T2 pat=000 resclass=[ -81949, -11707, 7 ] xT=false
  D4 above=T1 pat=000 resclass=[ -13931330, -81949, 170 ] xT=false
  D4 above=T2 pat=000 resclass=[ -81949, -11707, 7 ] xT=false
  D4 above=T1 pat=000 resclass=[ -13931330, -81949, 170 ] xT=false
  D4 above=T3 pat=000 resclass=[ 170, 7, 1190 ] xT=false
  D4 above=T3 pat=000 resclass=[ 170, 7, 1190 ] xT=false
  D4 above=T2 pat=000 resclass=[ -81949, -11707, 7 ] xT=false
  D4 above=T1 pat=000 resclass=[ -13931330, -81949, 170 ] xT=false
  D4 above=T2 pat=000 resclass=[ -81949, -11707, 7 ] xT=false
  D4 above=T1 pat=000 resclass=[ -13931330, -81949, 170 ] xT=false
MEMBER stv 4 3/4 -1/4 shape=[ 1, 1, 2, 2 ] tors=[ 4, 4 ] order4=12 norm111=0 xTpass=0
  D4 above=T1 pat=000 resclass=[ 82005, 7315, 4047 ] xT=false
  D4 above=T1 pat=000 resclass=[ 82005, 7315, 4047 ] xT=false
  D4 above=T3 pat=000 resclass=[ 4047, -7, -28329 ] xT=false
  D4 above=T2 pat=000 resclass=[ 7315, -1045, -7 ] xT=false
  D4 above=T3 pat=000 resclass=[ 4047, -7, -28329 ] xT=false
  D4 above=T2 pat=000 resclass=[ 7315, -1045, -7 ] xT=false
  D4 above=T1 pat=000 resclass=[ 82005, 7315, 4047 ] xT=false
  D4 above=T1 pat=000 resclass=[ 82005, 7315, 4047 ] xT=false
  D4 above=T3 pat=000 resclass=[ 4047, -7, -28329 ] xT=false
  D4 above=T2 pat=000 resclass=[ 7315, -1045, -7 ] xT=false
  D4 above=T3 pat=000 resclass=[ 4047, -7, -28329 ] xT=false
  D4 above=T2 pat=000 resclass=[ 7315, -1045, -7 ] xT=false
MEMBER stv 3/2 17/18 1/2 shape=[ 1, 1, 2, 2 ] tors=[ 4, 4 ] order4=12 norm111=0 xTpass=0
  D4 above=T3 pat=000 resclass=[ 234971, -35, -8223985 ] xT=false
  D4 above=T3 pat=000 resclass=[ 234971, -35, -8223985 ] xT=false
  D4 above=T1 pat=000 resclass=[ -441447066830, -1878730, 234971 ] xT=false
  D4 above=T2 pat=000 resclass=[ -1878730, 53678, -35 ] xT=false
  D4 above=T1 pat=000 resclass=[ -441447066830, -1878730, 234971 ] xT=false
  D4 above=T2 pat=000 resclass=[ -1878730, 53678, -35 ] xT=false
  D4 above=T3 pat=000 resclass=[ 234971, -35, -8223985 ] xT=false
  D4 above=T3 pat=000 resclass=[ 234971, -35, -8223985 ] xT=false
  D4 above=T1 pat=000 resclass=[ -441447066830, -1878730, 234971 ] xT=false
  D4 above=T2 pat=000 resclass=[ -1878730, 53678, -35 ] xT=false
  D4 above=T1 pat=000 resclass=[ -441447066830, -1878730, 234971 ] xT=false
  D4 above=T2 pat=000 resclass=[ -1878730, 53678, -35 ] xT=false
MEMBER stv 1/3 10 -20/11 shape=[ 1, 1, 2, 2 ] tors=[ 4, 4 ] order4=12 norm111=0 xTpass=0
  D4 above=T1 pat=000 resclass=[ 4614408565, -837005, -5513 ] xT=false
  D4 above=T1 pat=000 resclass=[ 4614408565, -837005, -5513 ] xT=false
  D4 above=T2 pat=000 resclass=[ -837005, -9207055, 11 ] xT=false
  D4 above=T3 pat=000 resclass=[ -5513, 11, -60643 ] xT=false
  D4 above=T2 pat=000 resclass=[ -837005, -9207055, 11 ] xT=false
  D4 above=T3 pat=000 resclass=[ -5513, 11, -60643 ] xT=false
  D4 above=T1 pat=000 resclass=[ 4614408565, -837005, -5513 ] xT=false
  D4 above=T1 pat=000 resclass=[ 4614408565, -837005, -5513 ] xT=false
  D4 above=T2 pat=000 resclass=[ -837005, -9207055, 11 ] xT=false
  D4 above=T3 pat=000 resclass=[ -5513, 11, -60643 ] xT=false
  D4 above=T2 pat=000 resclass=[ -837005, -9207055, 11 ] xT=false
  D4 above=T3 pat=000 resclass=[ -5513, 11, -60643 ] xT=false
MEMBER stv 11/13 17/9 2/5 shape=[ 1, 1, 2, 2 ] tors=[ 4, 4 ] order4=12 norm111=0 xTpass=0
  D4 above=T1 pat=000 resclass=[ 9913983500241314, -1863320584190, -133015 ] xT=false
  D4 above=T1 pat=000 resclass=[ 9913983500241314, -1863320584190, -133015 ] xT=false
  D4 above=T2 pat=000 resclass=[ -1863320584190, -143332352630, 13 ] xT=false
  D4 above=T3 pat=000 resclass=[ -133015, 13, -1729195 ] xT=false
  D4 above=T2 pat=000 resclass=[ -1863320584190, -143332352630, 13 ] xT=false
  D4 above=T3 pat=000 resclass=[ -133015, 13, -1729195 ] xT=false
  D4 above=T1 pat=000 resclass=[ 9913983500241314, -1863320584190, -133015 ] xT=false
  D4 above=T1 pat=000 resclass=[ 9913983500241314, -1863320584190, -133015 ] xT=false
  D4 above=T2 pat=000 resclass=[ -1863320584190, -143332352630, 13 ] xT=false
  D4 above=T3 pat=000 resclass=[ -133015, 13, -1729195 ] xT=false
  D4 above=T2 pat=000 resclass=[ -1863320584190, -143332352630, 13 ] xT=false
  D4 above=T3 pat=000 resclass=[ -133015, 13, -1729195 ] xT=false
PART_DONE part=54
