MEMBER stv 1/4 1/4 1 shape=[ 1, 1, 2, 2 ] tors=[ 4, 4 ] order4=12 norm111=0 xTpass=0
  D4 above=T2 pat=000 resclass=[ -73185, 4879, -15 ] xT=false
  D4 above=T2 pat=000 resclass=[ -73185, 4879, -15 ] xT=false
  D4 above=T1 pat=000 resclass=[ 15295665, -73185, -209 ] xT=false
  D4 above=T3 pat=000 resclass=[ -209, -15, 3135 ] xT=false
  D4 above=T1 pat=000 resclass=[ 15295665, -73185, -209 ] xT=false
  D4 above=T3 pat=000 resclass=[ -209, -15, 3135 ] xT=false
  D4 above=T2 pat=000 resclass=[ -73185, 4879, -15 ] xT=false
  D4 above=T2 pat=000 resclass=[ -73185, 4879, -15 ] xT=false
  D4 above=T1 pat=000 resclass=[ 15295665, -73185, -209 ] xT=false
  D4 above=T3 pat=000 resclass=[ -209, -15, 3135 ] xT=false
  D4 above=T1 pat=000 resclass=[ 15295665, -73185, -209 ] xT=false
  D4 above=T3 pat=000 resclass=[ -209, -15, 3135 ] xT=false
MEMBER stv 1/4 4 1/3 shape=[ 1, 1, 2, 2 ] tors=[ 4, 4 ] order4=12 norm111=0 xTpass=0
  D4 above=T2 pat=000 resclass=[ -18955, -11373, 15 ] xT=false
  D4 above=T2 pat=000 resclass=[ -18955, -11373, 15 ] xT=false
  D4 above=T3 pat=000 resclass=[ -3599, 15, -53985 ] xT=false
  D4 above=T1 pat=000 resclass=[ 68219045, -18955, -3599 ] xT=false
  D4 above=T3 pat=000 resclass=[ -3599, 15, -53985 ] xT=false
  D4 above=T1 pat=000 resclass=[ 68219045, -18955, -3599 ] xT=false
  D4 above=T2 pat=000 resclass=[ -18955, -11373, 15 ] xT=false
  D4 above=T2 pat=000 resclass=[ -18955, -11373, 15 ] xT=false
  D4 above=T3 pat=000 resclass=[ -3599, 15, -53985 ] xT=false
  D4 above=T1 pat=000 resclass=[ 68219045, -18955, -3599 ] xT=false
  D4 above=T3 pat=000 resclass=[ -3599, 15, -53985 ] xT=false
  D4 above=T1 pat=000 resclass=[ 68219045, -18955, -3599 ] xT=false
MEMBER stv 1/3 2 2 shape=[ 1, 1, 2, 2 ] tors=[ 4, 4 ] order4=12 norm111=0 xTpass=0
  D4 above=T3 pat=000 resclass=[ -5, 3, -15 ] xT=false
  D4 above=T3 pat=000 resclass=[ -5, 3, -15 ] xT=false
  D4 above=T1 pat=000 resclass=[ 2706, -13530, -5 ] xT=false
  D4 above=T2 pat=000 resclass=[ -13530, -4510, 3 ] xT=false
  D4 above=T1 pat=000 resclass=[ 2706, -13530, -5 ] xT=false
  D4 above=T2 pat=000 resclass=[ -13530, -4510, 3 ] xT=false
  D4 above=T3 pat=000 resclass=[ -5, 3, -15 ] xT=false
  D4 above=T3 pat=000 resclass=[ -5, 3, -15 ] xT=false
  D4 above=T1 pat=000 resclass=[ 2706, -13530, -5 ] xT=false
  D4 above=T2 pat=000 resclass=[ -13530, -4510, 3 ] xT=false
  D4 above=T1 pat=000 resclass=[ 2706, -13530, -5 ] xT=false
  D4 above=T2 pat=000 resclass=[ -13530, -4510, 3 ] xT=false
MEMBER stv 1/2 3/2 3/4 shape=[ 1, 1, 2, 2 ] tors=[ 4, 4 ] order4=12 norm111=0 xTpass=0
  D4 above=T3 pat=000 resclass=[ -21, 5, -105 ] xT=false
  D4 above=T3 pat=000 resclass=[ -21, 5, -105 ] xT=false
  D4 above=T2 pat=000 resclass=[ -16815, -3363, 5 ] xT=false
  D4 above=T1 pat=000 resclass=[ 39235, -16815, -21 ] xT=false
  D4 above=T2 pat=000 resclass=[ -16815, -3363, 5 ] xT=false
  D4 above=T1 pat=000 resclass=[ 39235, -16815, -21 ] xT=false
  D4 above=T3 pat=000 resclass=[ -21, 5, -105 ] xT=false
  D4 above=T3 pat=000 resclass=[ -21, 5, -105 ] xT=false
  D4 above=T2 pat=000 resclass=[ -16815, -3363, 5 ] xT=false
  D4 above=T1 pat=000 resclass=[ 39235, -16815, -21 ] xT=false
  D4 above=T2 pat=000 resclass=[ -16815, -3363, 5 ] xT=false
  D4 above=T1 pat=000 resclass=[ 39235, -16815, -21 ] xT=false
MEMBER stv 2/3 4/3 1/4 shape=[ 1, 1, 2, 2 ] tors=[ 4, 4 ] order4=12 norm111=0 xTpass=0
  D4 above=T2 pat=000 resclass=[ 1085, 155, 7 ] xT=false
  D4 above=T2 pat=000 resclass=[ 1085, 155, 7 ] xT=false
  D4 above=T3 pat=000 resclass=[ -13, 7, -91 ] xT=false
  D4 above=T1 pat=000 resclass=[ -14105, 1085, -13 ] xT=false
  D4 above=T3 pat=000 resclass=[ -13, 7, -91 ] xT=false
  D4 above=T1 pat=000 resclass=[ -14105, 1085, -13 ] xT=false
  D4 above=T2 pat=000 resclass=[ 1085, 155, 7 ] xT=false
  D4 above=T2 pat=000 resclass=[ 1085, 155, 7 ] xT=false
  D4 above=T3 pat=000 resclass=[ -13, 7, -91 ] xT=false
  D4 above=T1 pat=000 resclass=[ -14105, 1085, -13 ] xT=false
  D4 above=T3 pat=000 resclass=[ -13, 7, -91 ] xT=false
  D4 above=T1 pat=000 resclass=[ -14105, 1085, -13 ] xT=false
MEMBER stv 3/4 2/3 3/2 shape=[ 1, 1, 2, 2 ] tors=[ 4, 4 ] order4=12 norm111=0 xTpass=0
  D4 above=T2 pat=000 resclass=[ -1128670, 225734, -5 ] xT=false
  D4 above=T2 pat=000 resclass=[ -1128670, 225734, -5 ] xT=false
  D4 above=T1 pat=000 resclass=[ -371332430, -1128670, 329 ] xT=false
  D4 above=T3 pat=000 resclass=[ 329, -5, -1645 ] xT=false
  D4 above=T1 pat=000 resclass=[ -371332430, -1128670, 329 ] xT=false
  D4 above=T3 pat=000 resclass=[ 329, -5, -1645 ] xT=false
  D4 above=T2 pat=000 resclass=[ -1128670, 225734, -5 ] xT=false
  D4 above=T2 pat=000 resclass=[ -1128670, 225734, -5 ] xT=false
  D4 above=T1 pat=000 resclass=[ -371332430, -1128670, 329 ] xT=false
  D4 above=T3 pat=000 resclass=[ 329, -5, -1645 ] xT=false
  D4 above=T1 pat=000 resclass=[ -371332430, -1128670, 329 ] xT=false
  D4 above=T3 pat=000 resclass=[ 329, -5, -1645 ] xT=false
MEMBER stv 1 1/2 2/3 shape=[ 1, 1, 2, 2 ] tors=[ 4, 4 ] order4=12 norm111=0 xTpass=0
  D4 above=T3 pat=000 resclass=[ 7, -3, -21 ] xT=false
  D4 above=T3 pat=000 resclass=[ 7, -3, -21 ] xT=false
  D4 above=T2 pat=000 resclass=[ -215, 645, -3 ] xT=false
  D4 above=T1 pat=000 resclass=[ -1505, -215, 7 ] xT=false
  D4 above=T2 pat=000 resclass=[ -215, 645, -3 ] xT=false
  D4 above=T1 pat=000 resclass=[ -1505, -215, 7 ] xT=false
  D4 above=T3 pat=000 resclass=[ 7, -3, -21 ] xT=false
  D4 above=T3 pat=000 resclass=[ 7, -3, -21 ] xT=false
  D4 above=T2 pat=000 resclass=[ -215, 645, -3 ] xT=false
  D4 above=T1 pat=000 resclass=[ -1505, -215, 7 ] xT=false
  D4 above=T2 pat=000 resclass=[ -215, 645, -3 ] xT=false
  D4 above=T1 pat=000 resclass=[ -1505, -215, 7 ] xT=false
MEMBER stv 4/3 1/4 4 shape=[ 1, 1, 2, 2 ] tors=[ 4, 4 ] order4=12 norm111=0 xTpass=0
  D4 above=T1 pat=000 resclass=[ -30196815, -5263665, 2071 ] xT=false
  D4 above=T1 pat=000 resclass=[ -30196815, -5263665, 2071 ] xT=false
  D4 above=T3 pat=000 resclass=[ 2071, -15, -31065 ] xT=false
  D4 above=T2 pat=000 resclass=[ -5263665, 350911, -15 ] xT=false
  D4 above=T3 pat=000 resclass=[ 2071, -15, -31065 ] xT=false
  D4 above=T2 pat=000 resclass=[ -5263665, 350911, -15 ] xT=false
  D4 above=T1 pat=000 resclass=[ -30196815, -5263665, 2071 ] xT=false
  D4 above=T1 pat=000 resclass=[ -30196815, -5263665, 2071 ] xT=false
  D4 above=T3 pat=000 resclass=[ 2071, -15, -31065 ] xT=false
  D4 above=T2 pat=000 resclass=[ -5263665, 350911, -15 ] xT=false
  D4 above=T3 pat=000 resclass=[ 2071, -15, -31065 ] xT=false
  D4 above=T2 pat=000 resclass=[ -5263665, 350911, -15 ] xT=false
MEMBER stv 4/3 4 4/3 shape=[ 1, 1, 2, 2 ] tors=[ 4, 4 ] order4=12 norm111=0 xTpass=0
  D4 above=T1 pat=000 resclass=[ 159481595, -3889795, -41 ] xT=false
  D4 above=T1 pat=000 resclass=[ 159481595, -3889795, -41 ] xT=false
  D4 above=T3 pat=000 resclass=[ -41, 15, -615 ] xT=false
  D4 above=T2 pat=000 resclass=[ -3889795, -2333877, 15 ] xT=false
  D4 above=T3 pat=000 resclass=[ -41, 15, -615 ] xT=false
  D4 above=T2 pat=000 resclass=[ -3889795, -2333877, 15 ] xT=false
  D4 above=T1 pat=000 resclass=[ 159481595, -3889795, -41 ] xT=false
  D4 above=T1 pat=000 resclass=[ 159481595, -3889795, -41 ] xT=false
  D4 above=T3 pat=000 resclass=[ -41, 15, -615 ] xT=false
  D4 above=T2 pat=000 resclass=[ -3889795, -2333877, 15 ] xT=false
  D4 above=T3 pat=000 resclass=[ -41, 15, -615 ] xT=false
  D4 above=T2 pat=000 resclass=[ -3889795, -2333877, 15 ] xT=false
MEMBER stv 3/2 3 1/2 shape=[ 1, 1, 2, 2 ] tors=[ 4, 4 ] order4=12 norm111=0 xTpass=0
  D4 above=T2 pat=000 resclass=[ -4607, -9214, 2 ] xT=false
  D4 above=T2 pat=000 resclass=[ -4607, -9214, 2 ] xT=false
  D4 above=T1 pat=000 resclass=[ 1137929, -4607, -247 ] xT=false
  D4 above=T3 pat=000 resclass=[ -247, 2, -494 ] xT=false
  D4 above=T1 pat=000 resclass=[ 1137929, -4607, -247 ] xT=false
  D4 above=T3 pat=000 resclass=[ -247, 2, -494 ] xT=false
  D4 above=T2 pat=000 resclass=[ -4607, -9214, 2 ] xT=false
  D4 above=T2 pat=000 resclass=[ -4607, -9214, 2 ] xT=false
  D4 above=T1 pat=000 resclass=[ 1137929, -4607, -247 ] xT=false
  D4 above=T3 pat=000 resclass=[ -247, 2, -494 ] xT=false
  D4 above=T1 pat=000 resclass=[ 1137929, -4607, -247 ] xT=false
  D4 above=T3 pat=000 resclass=[ -247, 2, -494 ] xT=false
MEMBER stv 2 3/2 3 shape=[ 1, 1, 2, 2 ] tors=[ 4, 4 ] order4=12 norm111=0 xTpass=0
  D4 above=T1 pat=000 resclass=[ 365, 14235, 39 ] xT=false
  D4 above=T1 pat=000 resclass=[ 365, 14235, 39 ] xT=false
  D4 above=T3 pat=000 resclass=[ 39, 5, 195 ] xT=false
  D4 above=T2 pat=000 resclass=[ 14235, 2847, 5 ] xT=false
  D4 above=T3 pat=000 resclass=[ 39, 5, 195 ] xT=false
  D4 above=T2 pat=000 resclass=[ 14235, 2847, 5 ] xT=false
  D4 above=T1 pat=000 resclass=[ 365, 14235, 39 ] xT=false
  D4 above=T1 pat=000 resclass=[ 365, 14235, 39 ] xT=false
  D4 above=T3 pat=000 resclass=[ 39, 5, 195 ] xT=false
  D4 above=T2 pat=000 resclass=[ 14235, 2847, 5 ] xT=false
  D4 above=T3 pat=000 resclass=[ 39, 5, 195 ] xT=false
  D4 above=T2 pat=000 resclass=[ 14235, 2847, 5 ] xT=false
MEMBER stv 3 4/3 1 shape=[ 1, 1, 2, 2 ] tors=[ 4, 4 ] order4=12 norm111=0 xTpass=0
  D4 above=T2 pat=000 resclass=[ 12215, 1745, 7 ] xT=false
  D4 above=T2 pat=000 resclass=[ 12215, 1745, 7 ] xT=false
  D4 above=T3 pat=000 resclass=[ 170, 7, 1190 ] xT=false
  D4 above=T1 pat=000 resclass=[ 83062, 12215, 170 ] xT=false
  D4 above=T3 pat=000 resclass=[ 170, 7, 1190 ] xT=false
  D4 above=T1 pat=000 resclass=[ 83062, 12215, 170 ] xT=false
  D4 above=T2 pat=000 resclass=[ 12215, 1745, 7 ] xT=false
  D4 above=T2 pat=000 resclass=[ 12215, 1745, 7 ] xT=false
  D4 above=T3 pat=000 resclass=[ 170, 7, 1190 ] xT=false
  D4 above=T1 pat=000 resclass=[ 83062, 12215, 170 ] xT=false
  D4 above=T3 pat=000 resclass=[ 170, 7, 1190 ] xT=false
  D4 above=T1 pat=000 resclass=[ 83062, 12215, 170 ] xT=false
MEMBER stv 4 3/4 1/3 shape=[ 1, 1, 2, 2 ] tors=[ 4, 4 ] order4=12 norm111=0 xTpass=0
  D4 above=T1 pat=000 resclass=[ -2448719, -1965873, 4047 ] xT=false
  D4 above=T1 pat=000 resclass=[ -2448719, -1965873, 4047 ] xT=false
  D4 above=T2 pat=000 resclass=[ -1965873, 280839, -7 ] xT=false
  D4 above=T3 pat=000 resclass=[ 4047, -7, -28329 ] xT=false
  D4 above=T2 pat=000 resclass=[ -1965873, 280839, -7 ] xT=false
  D4 above=T3 pat=000 resclass=[ 4047, -7, -28329 ] xT=false
  D4 above=T1 pat=000 resclass=[ -2448719, -1965873, 4047 ] xT=false
  D4 above=T1 pat=000 resclass=[ -2448719, -1965873, 4047 ] xT=false
  D4 above=T2 pat=000 resclass=[ -1965873, 280839, -7 ] xT=false
  D4 above=T3 pat=000 resclass=[ 4047, -7, -28329 ] xT=false
  D4 above=T2 pat=000 resclass=[ -1965873, 280839, -7 ] xT=false
  D4 above=T3 pat=000 resclass=[ 4047, -7, -28329 ] xT=false
MEMBER stv 1/18 3 16/19 shape=[ 1, 1, 2, 2 ] tors=[ 4, 4 ] order4=12 norm111=0 xTpass=0
  D4 above=T1 pat=000 resclass=[ 111570546826310, -5380783546, -20735 ] xT=false
  D4 above=T1 pat=000 resclass=[ 111570546826310, -5380783546, -20735 ] xT=false
  D4 above=T2 pat=000 resclass=[ -5380783546, -2690391773, 2 ] xT=false
  D4 above=T3 pat=000 resclass=[ -20735, 2, -41470 ] xT=false
  D4 above=T2 pat=000 resclass=[ -5380783546, -2690391773, 2 ] xT=false
  D4 above=T3 pat=000 resclass=[ -20735, 2, -41470 ] xT=false
  D4 above=T1 pat=000 resclass=[ 111570546826310, -5380783546, -20735 ] xT=false
  D4 above=T1 pat=000 resclass=[ 111570546826310, -5380783546, -20735 ] xT=false
  D4 above=T2 pat=000 resclass=[ -5380783546, -2690391773, 2 ] xT=false
  D4 above=T3 pat=000 resclass=[ -20735, 2, -41470 ] xT=false
  D4 above=T2 pat=000 resclass=[ -5380783546, -2690391773, 2 ] xT=false
  D4 above=T3 pat=000 resclass=[ -20735, 2, -41470 ] xT=false
MEMBER stv 1 7/15 11/5 shape=[ 1, 1, 2, 2 ] tors=[ 4, 4 ] order4=12 norm111=0 xTpass=0
  D4 above=T3 pat=000 resclass=[ 401, -11, -4411 ] xT=false
  D4 above=T3 pat=000 resclass=[ 401, -11, -4411 ] xT=false
  D4 above=T1 pat=000 resclass=[ -113390770, -282770, 401 ] xT=false
  D4 above=T2 pat=000 resclass=[ -282770, 3110470, -11 ] xT=false
  D4 above=T1 pat=000 resclass=[ -113390770, -282770, 401 ] xT=false
  D4 above=T2 pat=000 resclass=[ -282770, 3110470, -11 ] xT=false
  D4 above=T3 pat=000 resclass=[ 401, -11, -4411 ] xT=false
  D4 above=T3 pat=000 resclass=[ 401, -11, -4411 ] xT=false
  D4 above=T1 pat=000 resclass=[ -113390770, -282770, 401 ] xT=false
  D4 above=T2 pat=000 resclass=[ -282770, 3110470, -11 ] xT=false
  D4 above=T1 pat=000 resclass=[ -113390770, -282770, 401 ] xT=false
  D4 above=T2 pat=000 resclass=[ -282770, 3110470, -11 ] xT=false
MEMBER stv 8/11 17/13 -13/8 shape=[ 1, 1, 2, 2 ] tors=[ 4, 4 ] order4=12 norm111=0 xTpass=0
  D4 above=T2 pat=000 resclass=[ -123945, -16526, 30 ] xT=false
  D4 above=T2 pat=000 resclass=[ -123945, -16526, 30 ] xT=false
  D4 above=T1 pat=000 resclass=[ -41397630, -123945, 334 ] xT=false
  D4 above=T3 pat=000 resclass=[ 334, 30, 2505 ] xT=false
  D4 above=T1 pat=000 resclass=[ -41397630, -123945, 334 ] xT=false
  D4 above=T3 pat=000 resclass=[ 334, 30, 2505 ] xT=false
  D4 above=T2 pat=000 resclass=[ -123945, -16526, 30 ] xT=false
  D4 above=T2 pat=000 resclass=[ -123945, -16526, 30 ] xT=false
  D4 above=T1 pat=000 resclass=[ -41397630, -123945, 334 ] xT=false
  D4 above=T3 pat=000 resclass=[ 334, 30, 2505 ] xT=false
  D4 above=T1 pat=000 resclass=[ -41397630, -123945, 334 ] xT=false
  D4 above=T3 pat=000 resclass=[ 334, 30, 2505 ] xT=false
PART_DONE part=55
