MEMBER stv 1/4 1/4 -1 shape=[ 1, 1, 2, 2 ] tors=[ 4, 4 ] order4=12 norm111=0 xTpass=0
  D4 above=T2 pat=100 resclass=[ 1, -15, -15 ] xT=false
  D4 above=T2 pat=100 resclass=[ 1, -15, -15 ] xT=false
  D4 above=T1 pat=010 resclass=[ -209, 1, -209 ] xT=false
  D4 above=T3 pat=000 resclass=[ -209, -15, 3135 ] xT=false
  D4 above=T1 pat=010 resclass=[ -209, 1, -209 ] xT=false
  D4 above=T3 pat=000 resclass=[ -209, -15, 3135 ] xT=false
  D4 above=T2 pat=100 resclass=[ 1, -15, -15 ] xT=false
  D4 above=T2 pat=100 resclass=[ 1, -15, -15 ] xT=false
  D4 above=T1 pat=010 resclass=[ -209, 1, -209 ] xT=false
  D4 above=T3 pat=000 resclass=[ -209, -15, 3135 ] xT=false
  D4 above=T1 pat=010 resclass=[ -209, 1, -209 ] xT=false
  D4 above=T3 pat=000 resclass=[ -209, -15, 3135 ] xT=false
MEMBER stv 1/4 4 -1/3 shape=[ 1, 1, 2, 2 ] tors=[ 4, 4 ] order4=12 norm111=0 xTpass=0
  D4 above=T3 pat=000 resclass=[ -3599, 15, -53985 ] xT=false
  D4 above=T3 pat=000 resclass=[ -3599, 15, -53985 ] xT=false
  D4 above=T1 pat=000 resclass=[ 19452595, -5405, -3599 ] xT=false
  D4 above=T2 pat=000 resclass=[ -5405, -3243, 15 ] xT=false
  D4 above=T1 pat=000 resclass=[ 19452595, -5405, -3599 ] xT=false
  D4 above=T2 pat=000 resclass=[ -5405, -3243, 15 ] xT=false
  D4 above=T3 pat=000 resclass=[ -3599, 15, -53985 ] xT=false
  D4 above=T3 pat=000 resclass=[ -3599, 15, -53985 ] xT=false
  D4 above=T1 pat=000 resclass=[ 19452595, -5405, -3599 ] xT=false
  D4 above=T2 pat=000 resclass=[ -5405, -3243, 15 ] xT=false
  D4 above=T1 pat=000 resclass=[ 19452595, -5405, -3599 ] xT=false
  D4 above=T2 pat=000 resclass=[ -5405, -3243, 15 ] xT=false
MEMBER stv 1/3 2 -2 shape=[ 1, 1, 2, 2 ] tors=[ 4, 4 ] order4=12 norm111=0 xTpass=0
  D4 above=T3 pat=000 resclass=[ -5, 3, -15 ] xT=false
  D4 above=T3 pat=000 resclass=[ -5, 3, -15 ] xT=false
  D4 above=T2 pat=000 resclass=[ -9366, -3122, 3 ] xT=false
  D4 above=T1 pat=000 resclass=[ 46830, -9366, -5 ] xT=false
  D4 above=T2 pat=000 resclass=[ -9366, -3122, 3 ] xT=false
  D4 above=T1 pat=000 resclass=[ 46830, -9366, -5 ] xT=false
  D4 above=T3 pat=000 resclass=[ -5, 3, -15 ] xT=false
  D4 above=T3 pat=000 resclass=[ -5, 3, -15 ] xT=false
  D4 above=T2 pat=000 resclass=[ -9366, -3122, 3 ] xT=false
  D4 above=T1 pat=000 resclass=[ 46830, -9366, -5 ] xT=false
  D4 above=T2 pat=000 resclass=[ -9366, -3122, 3 ] xT=false
  D4 above=T1 pat=000 resclass=[ 46830, -9366, -5 ] xT=false
MEMBER stv 1/2 3/2 -3/4 shape=[ 1, 1, 2, 2 ] tors=[ 4, 4 ] order4=12 norm111=0 xTpass=0
  D4 above=T2 pat=000 resclass=[ -36465, -7293, 5 ] xT=false
  D4 above=T2 pat=000 resclass=[ -36465, -7293, 5 ] xT=false
  D4 above=T3 pat=000 resclass=[ -21, 5, -105 ] xT=false
  D4 above=T1 pat=000 resclass=[ 85085, -36465, -21 ] xT=false
  D4 above=T3 pat=000 resclass=[ -21, 5, -105 ] xT=false
  D4 above=T1 pat=000 resclass=[ 85085, -36465, -21 ] xT=false
  D4 above=T2 pat=000 resclass=[ -36465, -7293, 5 ] xT=false
  D4 above=T2 pat=000 resclass=[ -36465, -7293, 5 ] xT=false
  D4 above=T3 pat=000 resclass=[ -21, 5, -105 ] xT=false
  D4 above=T1 pat=000 resclass=[ 85085, -36465, -21 ] xT=false
  D4 above=T3 pat=000 resclass=[ -21, 5, -105 ] xT=false
  D4 above=T1 pat=000 resclass=[ 85085, -36465, -21 ] xT=false
MEMBER stv 2/3 4/3 -1/4 shape=[ 1, 1, 2, 2 ] tors=[ 4, 4 ] order4=12 norm111=0 xTpass=0
  D4 above=T3 pat=000 resclass=[ -13, 7, -91 ] xT=false
  D4 above=T3 pat=000 resclass=[ -13, 7, -91 ] xT=false
  D4 above=T1 pat=000 resclass=[ 182, -14, -13 ] xT=false
  D4 above=T2 pat=000 resclass=[ -14, -2, 7 ] xT=false
  D4 above=T1 pat=000 resclass=[ 182, -14, -13 ] xT=false
  D4 above=T2 pat=000 resclass=[ -14, -2, 7 ] xT=false
  D4 above=T3 pat=000 resclass=[ -13, 7, -91 ] xT=false
  D4 above=T3 pat=000 resclass=[ -13, 7, -91 ] xT=false
  D4 above=T1 pat=000 resclass=[ 182, -14, -13 ] xT=false
  D4 above=T2 pat=000 resclass=[ -14, -2, 7 ] xT=false
  D4 above=T1 pat=000 resclass=[ 182, -14, -13 ] xT=false
  D4 above=T2 pat=000 resclass=[ -14, -2, 7 ] xT=false
MEMBER stv 3/4 2/3 -3/2 shape=[ 1, 1, 2, 2 ] tors=[ 4, 4 ] order4=12 norm111=0 xTpass=0
  D4 above=T3 pat=000 resclass=[ 329, -5, -1645 ] xT=false
  D4 above=T3 pat=000 resclass=[ 329, -5, -1645 ] xT=false
  D4 above=T2 pat=000 resclass=[ -370, 74, -5 ] xT=false
  D4 above=T1 pat=000 resclass=[ -121730, -370, 329 ] xT=false
  D4 above=T2 pat=000 resclass=[ -370, 74, -5 ] xT=false
  D4 above=T1 pat=000 resclass=[ -121730, -370, 329 ] xT=false
  D4 above=T3 pat=000 resclass=[ 329, -5, -1645 ] xT=false
  D4 above=T3 pat=000 resclass=[ 329, -5, -1645 ] xT=false
  D4 above=T2 pat=000 resclass=[ -370, 74, -5 ] xT=false
  D4 above=T1 pat=000 resclass=[ -121730, -370, 329 ] xT=false
  D4 above=T2 pat=000 resclass=[ -370, 74, -5 ] xT=false
  D4 above=T1 pat=000 resclass=[ -121730, -370, 329 ] xT=false
MEMBER stv 1 1/2 -2/3 shape=[ 1, 1, 2, 2 ] tors=[ 4, 4 ] order4=12 norm111=0 xTpass=0
  D4 above=T2 pat=000 resclass=[ 5, -15, -3 ] xT=false
  D4 above=T2 pat=000 resclass=[ 5, -15, -3 ] xT=false
  D4 above=T1 pat=000 resclass=[ 35, 5, 7 ] xT=false
  D4 above=T3 pat=000 resclass=[ 7, -3, -21 ] xT=false
  D4 above=T1 pat=000 resclass=[ 35, 5, 7 ] xT=false
  D4 above=T3 pat=000 resclass=[ 7, -3, -21 ] xT=false
  D4 above=T2 pat=000 resclass=[ 5, -15, -3 ] xT=false
  D4 above=T2 pat=000 resclass=[ 5, -15, -3 ] xT=false
  D4 above=T1 pat=000 resclass=[ 35, 5, 7 ] xT=false
  D4 above=T3 pat=000 resclass=[ 7, -3, -21 ] xT=false
  D4 above=T1 pat=000 resclass=[ 35, 5, 7 ] xT=false
  D4 above=T3 pat=000 resclass=[ 7, -3, -21 ] xT=false
MEMBER stv 4/3 1/4 -4 shape=[ 1, 1, 2, 2 ] tors=[ 4, 4 ] order4=12 norm111=0 xTpass=0
  D4 above=T1 pat=000 resclass=[ 249793665, 120615, 2071 ] xT=false
  D4 above=T1 pat=000 resclass=[ 249793665, 120615, 2071 ] xT=false
  D4 above=T2 pat=000 resclass=[ 120615, -8041, -15 ] xT=false
  D4 above=T3 pat=000 resclass=[ 2071, -15, -31065 ] xT=false
  D4 above=T2 pat=000 resclass=[ 120615, -8041, -15 ] xT=false
  D4 above=T3 pat=000 resclass=[ 2071, -15, -31065 ] xT=false
  D4 above=T1 pat=000 resclass=[ 249793665, 120615, 2071 ] xT=false
  D4 above=T1 pat=000 resclass=[ 249793665, 120615, 2071 ] xT=false
  D4 above=T2 pat=000 resclass=[ 120615, -8041, -15 ] xT=false
  D4 above=T3 pat=000 resclass=[ 2071, -15, -31065 ] xT=false
  D4 above=T2 pat=000 resclass=[ 120615, -8041, -15 ] xT=false
  D4 above=T3 pat=000 resclass=[ 2071, -15, -31065 ] xT=false
MEMBER stv 4/3 4 -4/3 shape=[ 1, 1, 2, 2 ] tors=[ 4, 4 ] order4=12 norm111=0 xTpass=0
  D4 above=T1 pat=000 resclass=[ -65253755, 1591555, -41 ] xT=false
  D4 above=T1 pat=000 resclass=[ -65253755, 1591555, -41 ] xT=false
  D4 above=T2 pat=000 resclass=[ 1591555, 954933, 15 ] xT=false
  D4 above=T3 pat=000 resclass=[ -41, 15, -615 ] xT=false
  D4 above=T2 pat=000 resclass=[ 1591555, 954933, 15 ] xT=false
  D4 above=T3 pat=000 resclass=[ -41, 15, -615 ] xT=false
  D4 above=T1 pat=000 resclass=[ -65253755, 1591555, -41 ] xT=false
  D4 above=T1 pat=000 resclass=[ -65253755, 1591555, -41 ] xT=false
  D4 above=T2 pat=000 resclass=[ 1591555, 954933, 15 ] xT=false
  D4 above=T3 pat=000 resclass=[ -41, 15, -615 ] xT=false
  D4 above=T2 pat=000 resclass=[ 1591555, 954933, 15 ] xT=false
  D4 above=T3 pat=000 resclass=[ -41, 15, -615 ] xT=false
MEMBER stv 3/2 3 -1/2 shape=[ 1, 1, 2, 2 ] tors=[ 4, 4 ] order4=12 norm111=0 xTpass=0
  D4 above=T1 pat=000 resclass=[ -70889, 287, -247 ] xT=false
  D4 above=T1 pat=000 resclass=[ -70889, 287, -247 ] xT=false
  D4 above=T3 pat=000 resclass=[ -247, 2, -494 ] xT=false
  D4 above=T2 pat=000 resclass=[ 287, 574, 2 ] xT=false
  D4 above=T3 pat=000 resclass=[ -247, 2, -494 ] xT=false
  D4 above=T2 pat=000 resclass=[ 287, 574, 2 ] xT=false
  D4 above=T1 pat=000 resclass=[ -70889, 287, -247 ] xT=false
  D4 above=T1 pat=000 resclass=[ -70889, 287, -247 ] xT=false
  D4 above=T3 pat=000 resclass=[ -247, 2, -494 ] xT=false
  D4 above=T2 pat=000 resclass=[ 287, 574, 2 ] xT=false
  D4 above=T3 pat=000 resclass=[ -247, 2, -494 ] xT=false
  D4 above=T2 pat=000 resclass=[ 287, 574, 2 ] xT=false
MEMBER stv 2 3/2 -3 shape=[ 1, 1, 2, 2 ] tors=[ 4, 4 ] order4=12 norm111=0 xTpass=0
  D4 above=T3 pat=000 resclass=[ 39, 5, 195 ] xT=false
  D4 above=T3 pat=000 resclass=[ 39, 5, 195 ] xT=false
  D4 above=T2 pat=000 resclass=[ -6765, -1353, 5 ] xT=false
  D4 above=T1 pat=000 resclass=[ -29315, -6765, 39 ] xT=false
  D4 above=T2 pat=000 resclass=[ -6765, -1353, 5 ] xT=false
  D4 above=T1 pat=000 resclass=[ -29315, -6765, 39 ] xT=false
  D4 above=T3 pat=000 resclass=[ 39, 5, 195 ] xT=false
  D4 above=T3 pat=000 resclass=[ 39, 5, 195 ] xT=false
  D4 above=T2 pat=000 resclass=[ -6765, -1353, 5 ] xT=false
  D4 above=T1 pat=000 resclass=[ -29315, -6765, 39 ] xT=false
  D4 above=T2 pat=000 resclass=[ -6765, -1353, 5 ] xT=false
  D4 above=T1 pat=000 resclass=[ -29315, -6765, 39 ] xT=false
MEMBER stv 3 4/3 -1 shape=[ 1, 1, 2, 2 ] tors=[ 4, 4 ] order4=12 norm111=0 xTpass=0
  D4 above=T3 pat=000 resclass=[ 170, 7, 1190 ] xT=false
  D4 above=T3 pat=000 resclass=[ 170, 7, 1190 ] xT=false
  D4 above=T2 pat=000 resclass=[ -469, -67, 7 ] xT=false
  D4 above=T1 pat=000 resclass=[ -79730, -469, 170 ] xT=false
  D4 above=T2 pat=000 resclass=[ -469, -67, 7 ] xT=false
  D4 above=T1 pat=000 resclass=[ -79730, -469, 170 ] xT=false
  D4 above=T3 pat=000 resclass=[ 170, 7, 1190 ] xT=false
  D4 above=T3 pat=000 resclass=[ 170, 7, 1190 ] xT=false
  D4 above=T2 pat=000 resclass=[ -469, -67, 7 ] xT=false
  D4 above=T1 pat=000 resclass=[ -79730, -469, 170 ] xT=false
  D4 above=T2 pat=000 resclass=[ -469, -67, 7 ] xT=false
  D4 above=T1 pat=000 resclass=[ -79730, -469, 170 ] xT=false
MEMBER stv 4 3/4 -1/3 shape=[ 1, 1, 2, 2 ] tors=[ 4, 4 ] order4=12 norm111=0 xTpass=0
  D4 above=T2 pat=000 resclass=[ 925743, -132249, -7 ] xT=false
  D4 above=T2 pat=000 resclass=[ 925743, -132249, -7 ] xT=false
  D4 above=T3 pat=000 resclass=[ 4047, -7, -28329 ] xT=false
  D4 above=T1 pat=000 resclass=[ 416275769, 925743, 4047 ] xT=false
  D4 above=T3 pat=000 resclass=[ 4047, -7, -28329 ] xT=false
  D4 above=T1 pat=000 resclass=[ 416275769, 925743, 4047 ] xT=false
  D4 above=T2 pat=000 resclass=[ 925743, -132249, -7 ] xT=false
  D4 above=T2 pat=000 resclass=[ 925743, -132249, -7 ] xT=false
  D4 above=T3 pat=000 resclass=[ 4047, -7, -28329 ] xT=false
  D4 above=T1 pat=000 resclass=[ 416275769, 925743, 4047 ] xT=false
  D4 above=T3 pat=000 resclass=[ 4047, -7, -28329 ] xT=false
  D4 above=T1 pat=000 resclass=[ 416275769, 925743, 4047 ] xT=false
MEMBER stv 2 8 -5 shape=[ 1, 1, 2, 2 ] tors=[ 4, 4 ] order4=12 norm111=0 xTpass=0
  D4 above=T1 pat=000 resclass=[ -2124251129, 13393765, -3965 ] xT=false
  D4 above=T1 pat=000 resclass=[ -2124251129, 13393765, -3965 ] xT=false
  D4 above=T3 pat=000 resclass=[ -3965, 7, -27755 ] xT=false
  D4 above=T2 pat=000 resclass=[ 13393765, 1913395, 7 ] xT=false
  D4 above=T3 pat=000 resclass=[ -3965, 7, -27755 ] xT=false
  D4 above=T2 pat=000 resclass=[ 13393765, 1913395, 7 ] xT=false
  D4 above=T1 pat=000 resclass=[ -2124251129, 13393765, -3965 ] xT=false
  D4 above=T1 pat=000 resclass=[ -2124251129, 13393765, -3965 ] xT=false
  D4 above=T3 pat=000 resclass=[ -3965, 7, -27755 ] xT=false
  D4 above=T2 pat=000 resclass=[ 13393765, 1913395, 7 ] xT=false
  D4 above=T3 pat=000 resclass=[ -3965, 7, -27755 ] xT=false
  D4 above=T2 pat=000 resclass=[ 13393765, 1913395, 7 ] xT=false
MEMBER stv 2 3/10 -11/16 shape=[ 1, 1, 2, 2 ] tors=[ 4, 4 ] order4=12 norm111=0 xTpass=0
  D4 above=T1 pat=000 resclass=[ 1310891935353, 41328287, 31719 ] xT=false
  D4 above=T1 pat=000 resclass=[ 1310891935353, 41328287, 31719 ] xT=false
  D4 above=T3 pat=000 resclass=[ 31719, -91, -2886429 ] xT=false
  D4 above=T2 pat=000 resclass=[ 41328287, -454157, -91 ] xT=false
  D4 above=T3 pat=000 resclass=[ 31719, -91, -2886429 ] xT=false
  D4 above=T2 pat=000 resclass=[ 41328287, -454157, -91 ] xT=false
  D4 above=T1 pat=000 resclass=[ 1310891935353, 41328287, 31719 ] xT=false
  D4 above=T1 pat=000 resclass=[ 1310891935353, 41328287, 31719 ] xT=false
  D4 above=T3 pat=000 resclass=[ 31719, -91, -2886429 ] xT=false
  D4 above=T2 pat=000 resclass=[ 41328287, -454157, -91 ] xT=false
  D4 above=T3 pat=000 resclass=[ 31719, -91, -2886429 ] xT=false
  D4 above=T2 pat=000 resclass=[ 41328287, -454157, -91 ] xT=false
MEMBER stv 9/14 6/19 -13 shape=[ 1, 1, 2, 2 ] tors=[ 4, 4 ] order4=12 norm111=0 xTpass=0
  D4 above=T3 pat=000 resclass=[ -10146499, -13, 131904487 ] xT=false
  D4 above=T3 pat=000 resclass=[ -10146499, -13, 131904487 ] xT=false
  D4 above=T1 pat=000 resclass=[ -1230391553084029171, 121262669329, -10146499 ] xT=false
  D4 above=T2 pat=000 resclass=[ 121262669329, -1576414701277, -13 ] xT=false
  D4 above=T1 pat=000 resclass=[ -1230391553084029171, 121262669329, -10146499 ] xT=false
  D4 above=T2 pat=000 resclass=[ 121262669329, -1576414701277, -13 ] xT=false
  D4 above=T3 pat=000 resclass=[ -10146499, -13, 131904487 ] xT=false
  D4 above=T3 pat=000 resclass=[ -10146499, -13, 131904487 ] xT=false
  D4 above=T1 pat=000 resclass=[ -1230391553084029171, 121262669329, -10146499 ] xT=false
  D4 above=T2 pat=000 resclass=[ 121262669329, -1576414701277, -13 ] xT=false
  D4 above=T1 pat=000 resclass=[ -1230391553084029171, 121262669329, -10146499 ] xT=false
  D4 above=T2 pat=000 resclass=[ 121262669329, -1576414701277, -13 ] xT=false
PART_DONE part=56
