MEMBER stv 1/4 1/4 4/3 shape=[ 1, 1, 2, 2 ] tors=[ 4, 4 ] order4=12 norm111=0 xTpass=0
  D4 above=T1 pat=000 resclass=[ 3029455, -14495, -209 ] xT=false
  D4 above=T1 pat=000 resclass=[ 3029455, -14495, -209 ] xT=false
  D4 above=T2 pat=000 resclass=[ -14495, 8697, -15 ] xT=false
  D4 above=T3 pat=000 resclass=[ -209, -15, 3135 ] xT=false
  D4 above=T2 pat=000 resclass=[ -14495, 8697, -15 ] xT=false
  D4 above=T3 pat=000 resclass=[ -209, -15, 3135 ] xT=false
  D4 above=T1 pat=000 resclass=[ 3029455, -14495, -209 ] xT=false
  D4 above=T1 pat=000 resclass=[ 3029455, -14495, -209 ] xT=false
  D4 above=T2 pat=000 resclass=[ -14495, 8697, -15 ] xT=false
  D4 above=T3 pat=000 resclass=[ -209, -15, 3135 ] xT=false
  D4 above=T2 pat=000 resclass=[ -14495, 8697, -15 ] xT=false
  D4 above=T3 pat=000 resclass=[ -209, -15, 3135 ] xT=false
MEMBER stv 1/4 4 1/2 shape=[ 1, 1, 2, 2 ] tors=[ 4, 4 ] order4=12 norm111=0 xTpass=0
  D4 above=T1 pat=000 resclass=[ 18606830, -5170, -3599 ] xT=false
  D4 above=T1 pat=000 resclass=[ 18606830, -5170, -3599 ] xT=false
  D4 above=T3 pat=000 resclass=[ -3599, 15, -53985 ] xT=false
  D4 above=T2 pat=000 resclass=[ -5170, -3102, 15 ] xT=false
  D4 above=T3 pat=000 resclass=[ -3599, 15, -53985 ] xT=false
  D4 above=T2 pat=000 resclass=[ -5170, -3102, 15 ] xT=false
  D4 above=T1 pat=000 resclass=[ 18606830, -5170, -3599 ] xT=false
  D4 above=T1 pat=000 resclass=[ 18606830, -5170, -3599 ] xT=false
  D4 above=T3 pat=000 resclass=[ -3599, 15, -53985 ] xT=false
  D4 above=T2 pat=000 resclass=[ -5170, -3102, 15 ] xT=false
  D4 above=T3 pat=000 resclass=[ -3599, 15, -53985 ] xT=false
  D4 above=T2 pat=000 resclass=[ -5170, -3102, 15 ] xT=false
MEMBER stv 1/3 2 3 shape=[ 1, 1, 2, 2 ] tors=[ 4, 4 ] order4=12 norm111=0 xTpass=0
  D4 above=T1 pat=000 resclass=[ 130, -26, -5 ] xT=false
  D4 above=T1 pat=000 resclass=[ 130, -26, -5 ] xT=false
  D4 above=T3 pat=000 resclass=[ -5, 3, -15 ] xT=false
  D4 above=T2 pat=000 resclass=[ -26, -78, 3 ] xT=false
  D4 above=T3 pat=000 resclass=[ -5, 3, -15 ] xT=false
  D4 above=T2 pat=000 resclass=[ -26, -78, 3 ] xT=false
  D4 above=T1 pat=000 resclass=[ 130, -26, -5 ] xT=false
  D4 above=T1 pat=000 resclass=[ 130, -26, -5 ] xT=false
  D4 above=T3 pat=000 resclass=[ -5, 3, -15 ] xT=false
  D4 above=T2 pat=000 resclass=[ -26, -78, 3 ] xT=false
  D4 above=T3 pat=000 resclass=[ -5, 3, -15 ] xT=false
  D4 above=T2 pat=000 resclass=[ -26, -78, 3 ] xT=false
MEMBER stv 1/2 3/2 1 shape=[ 1, 1, 2, 2 ] tors=[ 4, 4 ] order4=12 norm111=0 xTpass=0
  D4 above=T1 pat=000 resclass=[ 21, -1, -21 ] xT=false
  D4 above=T1 pat=000 resclass=[ 21, -1, -21 ] xT=false
  D4 above=T3 pat=000 resclass=[ -21, 5, -105 ] xT=false
  D4 above=T2 pat=000 resclass=[ -1, -5, 5 ] xT=false
  D4 above=T3 pat=000 resclass=[ -21, 5, -105 ] xT=false
  D4 above=T2 pat=000 resclass=[ -1, -5, 5 ] xT=false
  D4 above=T1 pat=000 resclass=[ 21, -1, -21 ] xT=false
  D4 above=T1 pat=000 resclass=[ 21, -1, -21 ] xT=false
  D4 above=T3 pat=000 resclass=[ -21, 5, -105 ] xT=false
  D4 above=T2 pat=000 resclass=[ -1, -5, 5 ] xT=false
  D4 above=T3 pat=000 resclass=[ -21, 5, -105 ] xT=false
  D4 above=T2 pat=000 resclass=[ -1, -5, 5 ] xT=false
MEMBER stv 2/3 4/3 1/3 shape=[ 1, 1, 2, 2 ] tors=[ 4, 4 ] order4=12 norm111=0 xTpass=0
  D4 above=T2 pat=000 resclass=[ 108717, 15531, 7 ] xT=false
  D4 above=T2 pat=000 resclass=[ 108717, 15531, 7 ] xT=false
  D4 above=T1 pat=000 resclass=[ -1413321, 108717, -13 ] xT=false
  D4 above=T3 pat=000 resclass=[ -13, 7, -91 ] xT=false
  D4 above=T1 pat=000 resclass=[ -1413321, 108717, -13 ] xT=false
  D4 above=T3 pat=000 resclass=[ -13, 7, -91 ] xT=false
  D4 above=T2 pat=000 resclass=[ 108717, 15531, 7 ] xT=false
  D4 above=T2 pat=000 resclass=[ 108717, 15531, 7 ] xT=false
  D4 above=T1 pat=000 resclass=[ -1413321, 108717, -13 ] xT=false
  D4 above=T3 pat=000 resclass=[ -13, 7, -91 ] xT=false
  D4 above=T1 pat=000 resclass=[ -1413321, 108717, -13 ] xT=false
  D4 above=T3 pat=000 resclass=[ -13, 7, -91 ] xT=false
MEMBER stv 3/4 2/3 2 shape=[ 1, 1, 2, 2 ] tors=[ 4, 4 ] order4=12 norm111=0 xTpass=0
  D4 above=T2 pat=000 resclass=[ -288490, 57698, -5 ] xT=false
  D4 above=T2 pat=000 resclass=[ -288490, 57698, -5 ] xT=false
  D4 above=T3 pat=000 resclass=[ 329, -5, -1645 ] xT=false
  D4 above=T1 pat=000 resclass=[ -94913210, -288490, 329 ] xT=false
  D4 above=T3 pat=000 resclass=[ 329, -5, -1645 ] xT=false
  D4 above=T1 pat=000 resclass=[ -94913210, -288490, 329 ] xT=false
  D4 above=T2 pat=000 resclass=[ -288490, 57698, -5 ] xT=false
  D4 above=T2 pat=000 resclass=[ -288490, 57698, -5 ] xT=false
  D4 above=T3 pat=000 resclass=[ 329, -5, -1645 ] xT=false
  D4 above=T1 pat=000 resclass=[ -94913210, -288490, 329 ] xT=false
  D4 above=T3 pat=000 resclass=[ 329, -5, -1645 ] xT=false
  D4 above=T1 pat=000 resclass=[ -94913210, -288490, 329 ] xT=false
MEMBER stv 1 1/2 3/4 shape=[ 1, 1, 2, 2 ] tors=[ 4, 4 ] order4=12 norm111=0 xTpass=0
  D4 above=T3 pat=000 resclass=[ 7, -3, -21 ] xT=false
  D4 above=T3 pat=000 resclass=[ 7, -3, -21 ] xT=false
  D4 above=T2 pat=000 resclass=[ -7, 21, -3 ] xT=false
  D4 above=T1 pat=000 resclass=[ -1, -7, 7 ] xT=false
  D4 above=T2 pat=000 resclass=[ -7, 21, -3 ] xT=false
  D4 above=T1 pat=000 resclass=[ -1, -7, 7 ] xT=false
  D4 above=T3 pat=000 resclass=[ 7, -3, -21 ] xT=false
  D4 above=T3 pat=000 resclass=[ 7, -3, -21 ] xT=false
  D4 above=T2 pat=000 resclass=[ -7, 21, -3 ] xT=false
  D4 above=T1 pat=000 resclass=[ -1, -7, 7 ] xT=false
  D4 above=T2 pat=000 resclass=[ -7, 21, -3 ] xT=false
  D4 above=T1 pat=000 resclass=[ -1, -7, 7 ] xT=false
MEMBER stv 4/3 1/3 1/4 shape=[ 1, 1, 2, 2 ] tors=[ 4, 4 ] order4=12 norm111=0 xTpass=0
  D4 above=T3 pat=000 resclass=[ 5, -2, -10 ] xT=false
  D4 above=T3 pat=000 resclass=[ 5, -2, -10 ] xT=false
  D4 above=T2 pat=000 resclass=[ -3094, 1547, -2 ] xT=false
  D4 above=T1 pat=000 resclass=[ -15470, -3094, 5 ] xT=false
  D4 above=T2 pat=000 resclass=[ -3094, 1547, -2 ] xT=false
  D4 above=T1 pat=000 resclass=[ -15470, -3094, 5 ] xT=false
  D4 above=T3 pat=000 resclass=[ 5, -2, -10 ] xT=false
  D4 above=T3 pat=000 resclass=[ 5, -2, -10 ] xT=false
  D4 above=T2 pat=000 resclass=[ -3094, 1547, -2 ] xT=false
  D4 above=T1 pat=000 resclass=[ -15470, -3094, 5 ] xT=false
  D4 above=T2 pat=000 resclass=[ -3094, 1547, -2 ] xT=false
  D4 above=T1 pat=000 resclass=[ -15470, -3094, 5 ] xT=false
MEMBER stv 4/3 4 3/2 shape=[ 1, 1, 2, 2 ] tors=[ 4, 4 ] order4=12 norm111=0 xTpass=0
  D4 above=T2 pat=000 resclass=[ -117590, -70554, 15 ] xT=false
  D4 above=T2 pat=000 resclass=[ -117590, -70554, 15 ] xT=false
  D4 above=T1 pat=000 resclass=[ 4821190, -117590, -41 ] xT=false
  D4 above=T3 pat=000 resclass=[ -41, 15, -615 ] xT=false
  D4 above=T1 pat=000 resclass=[ 4821190, -117590, -41 ] xT=false
  D4 above=T3 pat=000 resclass=[ -41, 15, -615 ] xT=false
  D4 above=T2 pat=000 resclass=[ -117590, -70554, 15 ] xT=false
  D4 above=T2 pat=000 resclass=[ -117590, -70554, 15 ] xT=false
  D4 above=T1 pat=000 resclass=[ 4821190, -117590, -41 ] xT=false
  D4 above=T3 pat=000 resclass=[ -41, 15, -615 ] xT=false
  D4 above=T1 pat=000 resclass=[ 4821190, -117590, -41 ] xT=false
  D4 above=T3 pat=000 resclass=[ -41, 15, -615 ] xT=false
MEMBER stv 3/2 3 2/3 shape=[ 1, 1, 2, 2 ] tors=[ 4, 4 ] order4=12 norm111=0 xTpass=0
  D4 above=T2 pat=000 resclass=[ -1365, -2730, 2 ] xT=false
  D4 above=T2 pat=000 resclass=[ -1365, -2730, 2 ] xT=false
  D4 above=T1 pat=000 resclass=[ 1995, -1365, -247 ] xT=false
  D4 above=T3 pat=000 resclass=[ -247, 2, -494 ] xT=false
  D4 above=T1 pat=000 resclass=[ 1995, -1365, -247 ] xT=false
  D4 above=T3 pat=000 resclass=[ -247, 2, -494 ] xT=false
  D4 above=T2 pat=000 resclass=[ -1365, -2730, 2 ] xT=false
  D4 above=T2 pat=000 resclass=[ -1365, -2730, 2 ] xT=false
  D4 above=T1 pat=000 resclass=[ 1995, -1365, -247 ] xT=false
  D4 above=T3 pat=000 resclass=[ -247, 2, -494 ] xT=false
  D4 above=T1 pat=000 resclass=[ 1995, -1365, -247 ] xT=false
  D4 above=T3 pat=000 resclass=[ -247, 2, -494 ] xT=false
MEMBER stv 2 3/2 4 shape=[ 1, 1, 2, 2 ] tors=[ 4, 4 ] order4=12 norm111=0 xTpass=0
  D4 above=T2 pat=000 resclass=[ 1955, 391, 5 ] xT=false
  D4 above=T2 pat=000 resclass=[ 1955, 391, 5 ] xT=false
  D4 above=T3 pat=000 resclass=[ 39, 5, 195 ] xT=false
  D4 above=T1 pat=000 resclass=[ 76245, 1955, 39 ] xT=false
  D4 above=T3 pat=000 resclass=[ 39, 5, 195 ] xT=false
  D4 above=T1 pat=000 resclass=[ 76245, 1955, 39 ] xT=false
  D4 above=T2 pat=000 resclass=[ 1955, 391, 5 ] xT=false
  D4 above=T2 pat=000 resclass=[ 1955, 391, 5 ] xT=false
  D4 above=T3 pat=000 resclass=[ 39, 5, 195 ] xT=false
  D4 above=T1 pat=000 resclass=[ 76245, 1955, 39 ] xT=false
  D4 above=T3 pat=000 resclass=[ 39, 5, 195 ] xT=false
  D4 above=T1 pat=000 resclass=[ 76245, 1955, 39 ] xT=false
MEMBER stv 3 4/3 4/3 shape=[ 1, 1, 2, 2 ] tors=[ 4, 4 ] order4=12 norm111=0 xTpass=0
  D4 above=T3 pat=000 resclass=[ 170, 7, 1190 ] xT=false
  D4 above=T3 pat=000 resclass=[ 170, 7, 1190 ] xT=false
  D4 above=T1 pat=000 resclass=[ 41939170, 246701, 170 ] xT=false
  D4 above=T2 pat=000 resclass=[ 246701, 35243, 7 ] xT=false
  D4 above=T1 pat=000 resclass=[ 41939170, 246701, 170 ] xT=false
  D4 above=T2 pat=000 resclass=[ 246701, 35243, 7 ] xT=false
  D4 above=T3 pat=000 resclass=[ 170, 7, 1190 ] xT=false
  D4 above=T3 pat=000 resclass=[ 170, 7, 1190 ] xT=false
  D4 above=T1 pat=000 resclass=[ 41939170, 246701, 170 ] xT=false
  D4 above=T2 pat=000 resclass=[ 246701, 35243, 7 ] xT=false
  D4 above=T1 pat=000 resclass=[ 41939170, 246701, 170 ] xT=false
  D4 above=T2 pat=000 resclass=[ 246701, 35243, 7 ] xT=false
MEMBER stv 4 3/4 1/2 shape=[ 1, 1, 2, 2 ] tors=[ 4, 4 ] order4=12 norm111=0 xTpass=0
  D4 above=T1 pat=000 resclass=[ -1633639, -3633, 4047 ] xT=false
  D4 above=T1 pat=000 resclass=[ -1633639, -3633, 4047 ] xT=false
  D4 above=T2 pat=000 resclass=[ -3633, 519, -7 ] xT=false
  D4 above=T3 pat=000 resclass=[ 4047, -7, -28329 ] xT=false
  D4 above=T2 pat=000 resclass=[ -3633, 519, -7 ] xT=false
  D4 above=T3 pat=000 resclass=[ 4047, -7, -28329 ] xT=false
  D4 above=T1 pat=000 resclass=[ -1633639, -3633, 4047 ] xT=false
  D4 above=T1 pat=000 resclass=[ -1633639, -3633, 4047 ] xT=false
  D4 above=T2 pat=000 resclass=[ -3633, 519, -7 ] xT=false
  D4 above=T3 pat=000 resclass=[ 4047, -7, -28329 ] xT=false
  D4 above=T2 pat=000 resclass=[ -3633, 519, -7 ] xT=false
  D4 above=T3 pat=000 resclass=[ 4047, -7, -28329 ] xT=false
MEMBER stv 17/13 7/3 -16 shape=[ 1, 1, 2, 2 ] tors=[ 4, 4 ] order4=12 norm111=0 xTpass=0
  D4 above=T1 pat=000 resclass=[ -26837466570970, 108657670, -246991 ] xT=false
  D4 above=T1 pat=000 resclass=[ -26837466570970, 108657670, -246991 ] xT=false
  D4 above=T3 pat=000 resclass=[ -246991, 10, -2469910 ] xT=false
  D4 above=T2 pat=000 resclass=[ 108657670, 10865767, 10 ] xT=false
  D4 above=T3 pat=000 resclass=[ -246991, 10, -2469910 ] xT=false
  D4 above=T2 pat=000 resclass=[ 108657670, 10865767, 10 ] xT=false
  D4 above=T1 pat=000 resclass=[ -26837466570970, 108657670, -246991 ] xT=false
  D4 above=T1 pat=000 resclass=[ -26837466570970, 108657670, -246991 ] xT=false
  D4 above=T3 pat=000 resclass=[ -246991, 10, -2469910 ] xT=false
  D4 above=T2 pat=000 resclass=[ 108657670, 10865767, 10 ] xT=false
  D4 above=T3 pat=000 resclass=[ -246991, 10, -2469910 ] xT=false
  D4 above=T2 pat=000 resclass=[ 108657670, 10865767, 10 ] xT=false
MEMBER stv 3/5 1/12 -1/3 shape=[ 1, 1, 2, 2 ] tors=[ 4, 4 ] order4=12 norm111=0 xTpass=0
  D4 above=T2 pat=000 resclass=[ 293306, -248182, -143 ] xT=false
  D4 above=T2 pat=000 resclass=[ 293306, -248182, -143 ] xT=false
  D4 above=T3 pat=000 resclass=[ -324601, -143, 46417943 ] xT=false
  D4 above=T1 pat=000 resclass=[ -95207420906, 293306, -324601 ] xT=false
  D4 above=T3 pat=000 resclass=[ -324601, -143, 46417943 ] xT=false
  D4 above=T1 pat=000 resclass=[ -95207420906, 293306, -324601 ] xT=false
  D4 above=T2 pat=000 resclass=[ 293306, -248182, -143 ] xT=false
  D4 above=T2 pat=000 resclass=[ 293306, -248182, -143 ] xT=false
  D4 above=T3 pat=000 resclass=[ -324601, -143, 46417943 ] xT=false
  D4 above=T1 pat=000 resclass=[ -95207420906, 293306, -324601 ] xT=false
  D4 above=T3 pat=000 resclass=[ -324601, -143, 46417943 ] xT=false
  D4 above=T1 pat=000 resclass=[ -95207420906, 293306, -324601 ] xT=false
MEMBER stv 9/13 12/7 -3/4 shape=[ 1, 1, 2, 2 ] tors=[ 4, 4 ] order4=12 norm111=0 xTpass=0
  D4 above=T3 pat=000 resclass=[ -332686, 95, -31605170 ] xT=false
  D4 above=T3 pat=000 resclass=[ -332686, 95, -31605170 ] xT=false
  D4 above=T1 pat=000 resclass=[ 327430683404771190, -984203373165, -332686 ] xT=false
  D4 above=T2 pat=000 resclass=[ -984203373165, -10360035507, 95 ] xT=false
  D4 above=T1 pat=000 resclass=[ 327430683404771190, -984203373165, -332686 ] xT=false
  D4 above=T2 pat=000 resclass=[ -984203373165, -10360035507, 95 ] xT=false
  D4 above=T3 pat=000 resclass=[ -332686, 95, -31605170 ] xT=false
  D4 above=T3 pat=000 resclass=[ -332686, 95, -31605170 ] xT=false
  D4 above=T1 pat=000 resclass=[ 327430683404771190, -984203373165, -332686 ] xT=false
  D4 above=T2 pat=000 resclass=[ -984203373165, -10360035507, 95 ] xT=false
  D4 above=T1 pat=000 resclass=[ 327430683404771190, -984203373165, -332686 ] xT=false
  D4 above=T2 pat=000 resclass=[ -984203373165, -10360035507, 95 ] xT=false
PART_DONE part=57
