MEMBER stv 1/4 1/4 -4/3 shape=[ 1, 1, 2, 2 ] tors=[ 4, 4 ] order4=12 norm111=0 xTpass=0
  D4 above=T2 pat=000 resclass=[ 8855, -5313, -15 ] xT=false
  D4 above=T2 pat=000 resclass=[ 8855, -5313, -15 ] xT=false
  D4 above=T3 pat=000 resclass=[ -209, -15, 3135 ] xT=false
  D4 above=T1 pat=000 resclass=[ -15295, 8855, -209 ] xT=false
  D4 above=T3 pat=000 resclass=[ -209, -15, 3135 ] xT=false
  D4 above=T1 pat=000 resclass=[ -15295, 8855, -209 ] xT=false
  D4 above=T2 pat=000 resclass=[ 8855, -5313, -15 ] xT=false
  D4 above=T2 pat=000 resclass=[ 8855, -5313, -15 ] xT=false
  D4 above=T3 pat=000 resclass=[ -209, -15, 3135 ] xT=false
  D4 above=T1 pat=000 resclass=[ -15295, 8855, -209 ] xT=false
  D4 above=T3 pat=000 resclass=[ -209, -15, 3135 ] xT=false
  D4 above=T1 pat=000 resclass=[ -15295, 8855, -209 ] xT=false
MEMBER stv 1/4 4 -1/2 shape=[ 1, 1, 2, 2 ] tors=[ 4, 4 ] order4=12 norm111=0 xTpass=0
  D4 above=T1 pat=000 resclass=[ 264418530, -73470, -3599 ] xT=false
  D4 above=T1 pat=000 resclass=[ 264418530, -73470, -3599 ] xT=false
  D4 above=T2 pat=000 resclass=[ -73470, -4898, 15 ] xT=false
  D4 above=T3 pat=000 resclass=[ -3599, 15, -53985 ] xT=false
  D4 above=T2 pat=000 resclass=[ -73470, -4898, 15 ] xT=false
  D4 above=T3 pat=000 resclass=[ -3599, 15, -53985 ] xT=false
  D4 above=T1 pat=000 resclass=[ 264418530, -73470, -3599 ] xT=false
  D4 above=T1 pat=000 resclass=[ 264418530, -73470, -3599 ] xT=false
  D4 above=T2 pat=000 resclass=[ -73470, -4898, 15 ] xT=false
  D4 above=T3 pat=000 resclass=[ -3599, 15, -53985 ] xT=false
  D4 above=T2 pat=000 resclass=[ -73470, -4898, 15 ] xT=false
  D4 above=T3 pat=000 resclass=[ -3599, 15, -53985 ] xT=false
MEMBER stv 1/3 2 -3 shape=[ 1, 1, 2, 2 ] tors=[ 4, 4 ] order4=12 norm111=0 xTpass=0
  D4 above=T3 pat=000 resclass=[ -5, 3, -15 ] xT=false
  D4 above=T3 pat=000 resclass=[ -5, 3, -15 ] xT=false
  D4 above=T2 pat=000 resclass=[ -55, -165, 3 ] xT=false
  D4 above=T1 pat=000 resclass=[ 11, -55, -5 ] xT=false
  D4 above=T2 pat=000 resclass=[ -55, -165, 3 ] xT=false
  D4 above=T1 pat=000 resclass=[ 11, -55, -5 ] xT=false
  D4 above=T3 pat=000 resclass=[ -5, 3, -15 ] xT=false
  D4 above=T3 pat=000 resclass=[ -5, 3, -15 ] xT=false
  D4 above=T2 pat=000 resclass=[ -55, -165, 3 ] xT=false
  D4 above=T1 pat=000 resclass=[ 11, -55, -5 ] xT=false
  D4 above=T2 pat=000 resclass=[ -55, -165, 3 ] xT=false
  D4 above=T1 pat=000 resclass=[ 11, -55, -5 ] xT=false
MEMBER stv 1/2 3/2 -1 shape=[ 1, 1, 2, 2 ] tors=[ 4, 4 ] order4=12 norm111=0 xTpass=0
  D4 above=T1 pat=000 resclass=[ 1995, -95, -21 ] xT=false
  D4 above=T1 pat=000 resclass=[ 1995, -95, -21 ] xT=false
  D4 above=T3 pat=000 resclass=[ -21, 5, -105 ] xT=false
  D4 above=T2 pat=000 resclass=[ -95, -19, 5 ] xT=false
  D4 above=T3 pat=000 resclass=[ -21, 5, -105 ] xT=false
  D4 above=T2 pat=000 resclass=[ -95, -19, 5 ] xT=false
  D4 above=T1 pat=000 resclass=[ 1995, -95, -21 ] xT=false
  D4 above=T1 pat=000 resclass=[ 1995, -95, -21 ] xT=false
  D4 above=T3 pat=000 resclass=[ -21, 5, -105 ] xT=false
  D4 above=T2 pat=000 resclass=[ -95, -19, 5 ] xT=false
  D4 above=T3 pat=000 resclass=[ -21, 5, -105 ] xT=false
  D4 above=T2 pat=000 resclass=[ -95, -19, 5 ] xT=false
MEMBER stv 2/3 4/3 -1/3 shape=[ 1, 1, 2, 2 ] tors=[ 4, 4 ] order4=12 norm111=0 xTpass=0
  D4 above=T1 pat=000 resclass=[ 2003001, -154077, -13 ] xT=false
  D4 above=T1 pat=000 resclass=[ 2003001, -154077, -13 ] xT=false
  D4 above=T2 pat=000 resclass=[ -154077, -22011, 7 ] xT=false
  D4 above=T3 pat=000 resclass=[ -13, 7, -91 ] xT=false
  D4 above=T2 pat=000 resclass=[ -154077, -22011, 7 ] xT=false
  D4 above=T3 pat=000 resclass=[ -13, 7, -91 ] xT=false
  D4 above=T1 pat=000 resclass=[ 2003001, -154077, -13 ] xT=false
  D4 above=T1 pat=000 resclass=[ 2003001, -154077, -13 ] xT=false
  D4 above=T2 pat=000 resclass=[ -154077, -22011, 7 ] xT=false
  D4 above=T3 pat=000 resclass=[ -13, 7, -91 ] xT=false
  D4 above=T2 pat=000 resclass=[ -154077, -22011, 7 ] xT=false
  D4 above=T3 pat=000 resclass=[ -13, 7, -91 ] xT=false
MEMBER stv 3/4 2/3 -2 shape=[ 1, 1, 2, 2 ] tors=[ 4, 4 ] order4=12 norm111=0 xTpass=0
  D4 above=T1 pat=000 resclass=[ 1319290, 4010, 329 ] xT=false
  D4 above=T1 pat=000 resclass=[ 1319290, 4010, 329 ] xT=false
  D4 above=T3 pat=000 resclass=[ 329, -5, -1645 ] xT=false
  D4 above=T2 pat=000 resclass=[ 4010, -802, -5 ] xT=false
  D4 above=T3 pat=000 resclass=[ 329, -5, -1645 ] xT=false
  D4 above=T2 pat=000 resclass=[ 4010, -802, -5 ] xT=false
  D4 above=T1 pat=000 resclass=[ 1319290, 4010, 329 ] xT=false
  D4 above=T1 pat=000 resclass=[ 1319290, 4010, 329 ] xT=false
  D4 above=T3 pat=000 resclass=[ 329, -5, -1645 ] xT=false
  D4 above=T2 pat=000 resclass=[ 4010, -802, -5 ] xT=false
  D4 above=T3 pat=000 resclass=[ 329, -5, -1645 ] xT=false
  D4 above=T2 pat=000 resclass=[ 4010, -802, -5 ] xT=false
MEMBER stv 1 1/2 -3/4 shape=[ 1, 1, 2, 2 ] tors=[ 4, 4 ] order4=12 norm111=0 xTpass=0
  D4 above=T2 pat=000 resclass=[ 7, -21, -3 ] xT=false
  D4 above=T2 pat=000 resclass=[ 7, -21, -3 ] xT=false
  D4 above=T3 pat=000 resclass=[ 7, -3, -21 ] xT=false
  D4 above=T1 pat=100 resclass=[ 1, 7, 7 ] xT=false
  D4 above=T3 pat=000 resclass=[ 7, -3, -21 ] xT=false
  D4 above=T1 pat=100 resclass=[ 1, 7, 7 ] xT=false
  D4 above=T2 pat=000 resclass=[ 7, -21, -3 ] xT=false
  D4 above=T2 pat=000 resclass=[ 7, -21, -3 ] xT=false
  D4 above=T3 pat=000 resclass=[ 7, -3, -21 ] xT=false
  D4 above=T1 pat=100 resclass=[ 1, 7, 7 ] xT=false
  D4 above=T3 pat=000 resclass=[ 7, -3, -21 ] xT=false
  D4 above=T1 pat=100 resclass=[ 1, 7, 7 ] xT=false
MEMBER stv 4/3 1/3 -1/4 shape=[ 1, 1, 2, 2 ] tors=[ 4, 4 ] order4=12 norm111=0 xTpass=0
  D4 above=T1 pat=000 resclass=[ 86, 430, 5 ] xT=false
  D4 above=T1 pat=000 resclass=[ 86, 430, 5 ] xT=false
  D4 above=T2 pat=000 resclass=[ 430, -215, -2 ] xT=false
  D4 above=T3 pat=000 resclass=[ 5, -2, -10 ] xT=false
  D4 above=T2 pat=000 resclass=[ 430, -215, -2 ] xT=false
  D4 above=T3 pat=000 resclass=[ 5, -2, -10 ] xT=false
  D4 above=T1 pat=000 resclass=[ 86, 430, 5 ] xT=false
  D4 above=T1 pat=000 resclass=[ 86, 430, 5 ] xT=false
  D4 above=T2 pat=000 resclass=[ 430, -215, -2 ] xT=false
  D4 above=T3 pat=000 resclass=[ 5, -2, -10 ] xT=false
  D4 above=T2 pat=000 resclass=[ 430, -215, -2 ] xT=false
  D4 above=T3 pat=000 resclass=[ 5, -2, -10 ] xT=false
MEMBER stv 4/3 4 -3/2 shape=[ 1, 1, 2, 2 ] tors=[ 4, 4 ] order4=12 norm111=0 xTpass=0
  D4 above=T1 pat=000 resclass=[ -3526, 86, -41 ] xT=false
  D4 above=T1 pat=000 resclass=[ -3526, 86, -41 ] xT=false
  D4 above=T2 pat=000 resclass=[ 86, 1290, 15 ] xT=false
  D4 above=T3 pat=000 resclass=[ -41, 15, -615 ] xT=false
  D4 above=T2 pat=000 resclass=[ 86, 1290, 15 ] xT=false
  D4 above=T3 pat=000 resclass=[ -41, 15, -615 ] xT=false
  D4 above=T1 pat=000 resclass=[ -3526, 86, -41 ] xT=false
  D4 above=T1 pat=000 resclass=[ -3526, 86, -41 ] xT=false
  D4 above=T2 pat=000 resclass=[ 86, 1290, 15 ] xT=false
  D4 above=T3 pat=000 resclass=[ -41, 15, -615 ] xT=false
  D4 above=T2 pat=000 resclass=[ 86, 1290, 15 ] xT=false
  D4 above=T3 pat=000 resclass=[ -41, 15, -615 ] xT=false
MEMBER stv 3/2 3 -2/3 shape=[ 1, 1, 2, 2 ] tors=[ 4, 4 ] order4=12 norm111=0 xTpass=0
  D4 above=T3 pat=000 resclass=[ -247, 2, -494 ] xT=false
  D4 above=T3 pat=000 resclass=[ -247, 2, -494 ] xT=false
  D4 above=T1 pat=000 resclass=[ -195, 285, -247 ] xT=false
  D4 above=T2 pat=000 resclass=[ 285, 570, 2 ] xT=false
  D4 above=T1 pat=000 resclass=[ -195, 285, -247 ] xT=false
  D4 above=T2 pat=000 resclass=[ 285, 570, 2 ] xT=false
  D4 above=T3 pat=000 resclass=[ -247, 2, -494 ] xT=false
  D4 above=T3 pat=000 resclass=[ -247, 2, -494 ] xT=false
  D4 above=T1 pat=000 resclass=[ -195, 285, -247 ] xT=false
  D4 above=T2 pat=000 resclass=[ 285, 570, 2 ] xT=false
  D4 above=T1 pat=000 resclass=[ -195, 285, -247 ] xT=false
  D4 above=T2 pat=000 resclass=[ 285, 570, 2 ] xT=false
MEMBER stv 2 3/2 -4 shape=[ 1, 1, 2, 2 ] tors=[ 4, 4 ] order4=12 norm111=0 xTpass=0
  D4 above=T2 pat=000 resclass=[ -5, -1, 5 ] xT=false
  D4 above=T2 pat=000 resclass=[ -5, -1, 5 ] xT=false
  D4 above=T3 pat=000 resclass=[ 39, 5, 195 ] xT=false
  D4 above=T1 pat=000 resclass=[ -195, -5, 39 ] xT=false
  D4 above=T3 pat=000 resclass=[ 39, 5, 195 ] xT=false
  D4 above=T1 pat=000 resclass=[ -195, -5, 39 ] xT=false
  D4 above=T2 pat=000 resclass=[ -5, -1, 5 ] xT=false
  D4 above=T2 pat=000 resclass=[ -5, -1, 5 ] xT=false
  D4 above=T3 pat=000 resclass=[ 39, 5, 195 ] xT=false
  D4 above=T1 pat=000 resclass=[ -195, -5, 39 ] xT=false
  D4 above=T3 pat=000 resclass=[ 39, 5, 195 ] xT=false
  D4 above=T1 pat=000 resclass=[ -195, -5, 39 ] xT=false
MEMBER stv 3 4/3 -4/3 shape=[ 1, 1, 2, 2 ] tors=[ 4, 4 ] order4=12 norm111=0 xTpass=0
  D4 above=T2 pat=000 resclass=[ -6853, -979, 7 ] xT=false
  D4 above=T2 pat=000 resclass=[ -6853, -979, 7 ] xT=false
  D4 above=T1 pat=000 resclass=[ -1165010, -6853, 170 ] xT=false
  D4 above=T3 pat=000 resclass=[ 170, 7, 1190 ] xT=false
  D4 above=T1 pat=000 resclass=[ -1165010, -6853, 170 ] xT=false
  D4 above=T3 pat=000 resclass=[ 170, 7, 1190 ] xT=false
  D4 above=T2 pat=000 resclass=[ -6853, -979, 7 ] xT=false
  D4 above=T2 pat=000 resclass=[ -6853, -979, 7 ] xT=false
  D4 above=T1 pat=000 resclass=[ -1165010, -6853, 170 ] xT=false
  D4 above=T3 pat=000 resclass=[ 170, 7, 1190 ] xT=false
  D4 above=T1 pat=000 resclass=[ -1165010, -6853, 170 ] xT=false
  D4 above=T3 pat=000 resclass=[ 170, 7, 1190 ] xT=false
MEMBER stv 4 3/4 -1/2 shape=[ 1, 1, 2, 2 ] tors=[ 4, 4 ] order4=12 norm111=0 xTpass=0
  D4 above=T1 pat=000 resclass=[ 14759409, 3647, 4047 ] xT=false
  D4 above=T1 pat=000 resclass=[ 14759409, 3647, 4047 ] xT=false
  D4 above=T2 pat=000 resclass=[ 3647, -521, -7 ] xT=false
  D4 above=T3 pat=000 resclass=[ 4047, -7, -28329 ] xT=false
  D4 above=T2 pat=000 resclass=[ 3647, -521, -7 ] xT=false
  D4 above=T3 pat=000 resclass=[ 4047, -7, -28329 ] xT=false
  D4 above=T1 pat=000 resclass=[ 14759409, 3647, 4047 ] xT=false
  D4 above=T1 pat=000 resclass=[ 14759409, 3647, 4047 ] xT=false
  D4 above=T2 pat=000 resclass=[ 3647, -521, -7 ] xT=false
  D4 above=T3 pat=000 resclass=[ 4047, -7, -28329 ] xT=false
  D4 above=T2 pat=000 resclass=[ 3647, -521, -7 ] xT=false
  D4 above=T3 pat=000 resclass=[ 4047, -7, -28329 ] xT=false
MEMBER stv 19/18 11/12 -16/7 shape=[ 1, 1, 2, 2 ] tors=[ 4, 4 ] order4=12 norm111=0 xTpass=0
  D4 above=T1 pat=000 resclass=[ 4861513565, 2374227555, 903 ] xT=false
  D4 above=T1 pat=000 resclass=[ 4861513565, 2374227555, 903 ] xT=false
  D4 above=T3 pat=000 resclass=[ 903, -23, -20769 ] xT=false
  D4 above=T2 pat=000 resclass=[ 2374227555, -103227285, -23 ] xT=false
  D4 above=T3 pat=000 resclass=[ 903, -23, -20769 ] xT=false
  D4 above=T2 pat=000 resclass=[ 2374227555, -103227285, -23 ] xT=false
  D4 above=T1 pat=000 resclass=[ 4861513565, 2374227555, 903 ] xT=false
  D4 above=T1 pat=000 resclass=[ 4861513565, 2374227555, 903 ] xT=false
  D4 above=T3 pat=000 resclass=[ 903, -23, -20769 ] xT=false
  D4 above=T2 pat=000 resclass=[ 2374227555, -103227285, -23 ] xT=false
  D4 above=T3 pat=000 resclass=[ 903, -23, -20769 ] xT=false
  D4 above=T2 pat=000 resclass=[ 2374227555, -103227285, -23 ] xT=false
MEMBER stv 1/15 2/5 -16/3 shape=[ 1, 1, 2, 2 ] tors=[ 4, 4 ] order4=12 norm111=0 xTpass=0
  D4 above=T1 pat=000 resclass=[ -23683142, 20200327, -986 ] xT=false
  D4 above=T1 pat=000 resclass=[ -23683142, 20200327, -986 ] xT=false
  D4 above=T3 pat=000 resclass=[ -986, -21, 20706 ] xT=false
  D4 above=T2 pat=000 resclass=[ 20200327, -8657283, -21 ] xT=false
  D4 above=T3 pat=000 resclass=[ -986, -21, 20706 ] xT=false
  D4 above=T2 pat=000 resclass=[ 20200327, -8657283, -21 ] xT=false
  D4 above=T1 pat=000 resclass=[ -23683142, 20200327, -986 ] xT=false
  D4 above=T1 pat=000 resclass=[ -23683142, 20200327, -986 ] xT=false
  D4 above=T3 pat=000 resclass=[ -986, -21, 20706 ] xT=false
  D4 above=T2 pat=000 resclass=[ 20200327, -8657283, -21 ] xT=false
  D4 above=T3 pat=000 resclass=[ -986, -21, 20706 ] xT=false
  D4 above=T2 pat=000 resclass=[ 20200327, -8657283, -21 ] xT=false
MEMBER stv 1 9/10 3/8 shape=[ 1, 1, 2, 2 ] tors=[ 4, 4 ] order4=12 norm111=0 xTpass=0
  D4 above=T1 pat=000 resclass=[ -17103836442, -143729718, 119 ] xT=false
  D4 above=T1 pat=000 resclass=[ -17103836442, -143729718, 119 ] xT=false
  D4 above=T2 pat=000 resclass=[ -143729718, 7564722, -19 ] xT=false
  D4 above=T3 pat=000 resclass=[ 119, -19, -2261 ] xT=false
  D4 above=T2 pat=000 resclass=[ -143729718, 7564722, -19 ] xT=false
  D4 above=T3 pat=000 resclass=[ 119, -19, -2261 ] xT=false
  D4 above=T1 pat=000 resclass=[ -17103836442, -143729718, 119 ] xT=false
  D4 above=T1 pat=000 resclass=[ -17103836442, -143729718, 119 ] xT=false
  D4 above=T2 pat=000 resclass=[ -143729718, 7564722, -19 ] xT=false
  D4 above=T3 pat=000 resclass=[ 119, -19, -2261 ] xT=false
  D4 above=T2 pat=000 resclass=[ -143729718, 7564722, -19 ] xT=false
  D4 above=T3 pat=000 resclass=[ 119, -19, -2261 ] xT=false
PART_DONE part=58
