MEMBER stv 1/4 1/4 3/2 shape=[ 1, 1, 2, 2 ] tors=[ 4, 4 ] order4=12 norm111=0 xTpass=0
  D4 above=T1 pat=000 resclass=[ 14630, -70, -209 ] xT=false
  D4 above=T1 pat=000 resclass=[ 14630, -70, -209 ] xT=false
  D4 above=T2 pat=000 resclass=[ -70, 42, -15 ] xT=false
  D4 above=T3 pat=000 resclass=[ -209, -15, 3135 ] xT=false
  D4 above=T2 pat=000 resclass=[ -70, 42, -15 ] xT=false
  D4 above=T3 pat=000 resclass=[ -209, -15, 3135 ] xT=false
  D4 above=T1 pat=000 resclass=[ 14630, -70, -209 ] xT=false
  D4 above=T1 pat=000 resclass=[ 14630, -70, -209 ] xT=false
  D4 above=T2 pat=000 resclass=[ -70, 42, -15 ] xT=false
  D4 above=T3 pat=000 resclass=[ -209, -15, 3135 ] xT=false
  D4 above=T2 pat=000 resclass=[ -70, 42, -15 ] xT=false
  D4 above=T3 pat=000 resclass=[ -209, -15, 3135 ] xT=false
MEMBER stv 1/4 4 2/3 shape=[ 1, 1, 2, 2 ] tors=[ 4, 4 ] order4=12 norm111=0 xTpass=0
  D4 above=T2 pat=000 resclass=[ -1526, -22890, 15 ] xT=false
  D4 above=T2 pat=000 resclass=[ -1526, -22890, 15 ] xT=false
  D4 above=T1 pat=000 resclass=[ 5492074, -1526, -3599 ] xT=false
  D4 above=T3 pat=000 resclass=[ -3599, 15, -53985 ] xT=false
  D4 above=T1 pat=000 resclass=[ 5492074, -1526, -3599 ] xT=false
  D4 above=T3 pat=000 resclass=[ -3599, 15, -53985 ] xT=false
  D4 above=T2 pat=000 resclass=[ -1526, -22890, 15 ] xT=false
  D4 above=T2 pat=000 resclass=[ -1526, -22890, 15 ] xT=false
  D4 above=T1 pat=000 resclass=[ 5492074, -1526, -3599 ] xT=false
  D4 above=T3 pat=000 resclass=[ -3599, 15, -53985 ] xT=false
  D4 above=T1 pat=000 resclass=[ 5492074, -1526, -3599 ] xT=false
  D4 above=T3 pat=000 resclass=[ -3599, 15, -53985 ] xT=false
MEMBER stv 1/3 2 4 shape=[ 1, 1, 2, 2 ] tors=[ 4, 4 ] order4=12 norm111=0 xTpass=0
  D4 above=T1 pat=000 resclass=[ 81705, -16341, -5 ] xT=false
  D4 above=T1 pat=000 resclass=[ 81705, -16341, -5 ] xT=false
  D4 above=T3 pat=000 resclass=[ -5, 3, -15 ] xT=false
  D4 above=T2 pat=000 resclass=[ -16341, -5447, 3 ] xT=false
  D4 above=T3 pat=000 resclass=[ -5, 3, -15 ] xT=false
  D4 above=T2 pat=000 resclass=[ -16341, -5447, 3 ] xT=false
  D4 above=T1 pat=000 resclass=[ 81705, -16341, -5 ] xT=false
  D4 above=T1 pat=000 resclass=[ 81705, -16341, -5 ] xT=false
  D4 above=T3 pat=000 resclass=[ -5, 3, -15 ] xT=false
  D4 above=T2 pat=000 resclass=[ -16341, -5447, 3 ] xT=false
  D4 above=T3 pat=000 resclass=[ -5, 3, -15 ] xT=false
  D4 above=T2 pat=000 resclass=[ -16341, -5447, 3 ] xT=false
MEMBER stv 1/2 3/2 4/3 shape=[ 1, 1, 2, 2 ] tors=[ 4, 4 ] order4=12 norm111=0 xTpass=0
  D4 above=T1 pat=000 resclass=[ 1015, -435, -21 ] xT=false
  D4 above=T1 pat=000 resclass=[ 1015, -435, -21 ] xT=false
  D4 above=T3 pat=000 resclass=[ -21, 5, -105 ] xT=false
  D4 above=T2 pat=000 resclass=[ -435, -87, 5 ] xT=false
  D4 above=T3 pat=000 resclass=[ -21, 5, -105 ] xT=false
  D4 above=T2 pat=000 resclass=[ -435, -87, 5 ] xT=false
  D4 above=T1 pat=000 resclass=[ 1015, -435, -21 ] xT=false
  D4 above=T1 pat=000 resclass=[ 1015, -435, -21 ] xT=false
  D4 above=T3 pat=000 resclass=[ -21, 5, -105 ] xT=false
  D4 above=T2 pat=000 resclass=[ -435, -87, 5 ] xT=false
  D4 above=T3 pat=000 resclass=[ -21, 5, -105 ] xT=false
  D4 above=T2 pat=000 resclass=[ -435, -87, 5 ] xT=false
MEMBER stv 2/3 4/3 1/2 shape=[ 1, 1, 2, 2 ] tors=[ 4, 4 ] order4=12 norm111=0 xTpass=0
  D4 above=T3 pat=000 resclass=[ -13, 7, -91 ] xT=false
  D4 above=T3 pat=000 resclass=[ -13, 7, -91 ] xT=false
  D4 above=T2 pat=000 resclass=[ 6622, 946, 7 ] xT=false
  D4 above=T1 pat=000 resclass=[ -86086, 6622, -13 ] xT=false
  D4 above=T2 pat=000 resclass=[ 6622, 946, 7 ] xT=false
  D4 above=T1 pat=000 resclass=[ -86086, 6622, -13 ] xT=false
  D4 above=T3 pat=000 resclass=[ -13, 7, -91 ] xT=false
  D4 above=T3 pat=000 resclass=[ -13, 7, -91 ] xT=false
  D4 above=T2 pat=000 resclass=[ 6622, 946, 7 ] xT=false
  D4 above=T1 pat=000 resclass=[ -86086, 6622, -13 ] xT=false
  D4 above=T2 pat=000 resclass=[ 6622, 946, 7 ] xT=false
  D4 above=T1 pat=000 resclass=[ -86086, 6622, -13 ] xT=false
MEMBER stv 3/4 2/3 3 shape=[ 1, 1, 2, 2 ] tors=[ 4, 4 ] order4=12 norm111=0 xTpass=0
  D4 above=T1 pat=000 resclass=[ -104758535, -318415, 329 ] xT=false
  D4 above=T1 pat=000 resclass=[ -104758535, -318415, 329 ] xT=false
  D4 above=T2 pat=000 resclass=[ -318415, 63683, -5 ] xT=false
  D4 above=T3 pat=000 resclass=[ 329, -5, -1645 ] xT=false
  D4 above=T2 pat=000 resclass=[ -318415, 63683, -5 ] xT=false
  D4 above=T3 pat=000 resclass=[ 329, -5, -1645 ] xT=false
  D4 above=T1 pat=000 resclass=[ -104758535, -318415, 329 ] xT=false
  D4 above=T1 pat=000 resclass=[ -104758535, -318415, 329 ] xT=false
  D4 above=T2 pat=000 resclass=[ -318415, 63683, -5 ] xT=false
  D4 above=T3 pat=000 resclass=[ 329, -5, -1645 ] xT=false
  D4 above=T2 pat=000 resclass=[ -318415, 63683, -5 ] xT=false
  D4 above=T3 pat=000 resclass=[ 329, -5, -1645 ] xT=false
MEMBER stv 1 1/2 1 shape=[ 1, 1, 2, 2 ] tors=[ 4, 4 ] order4=12 norm111=0 xTpass=0
  D4 above=T2 pat=000 resclass=[ -210, 70, -3 ] xT=false
  D4 above=T2 pat=000 resclass=[ -210, 70, -3 ] xT=false
  D4 above=T1 pat=000 resclass=[ -30, -210, 7 ] xT=false
  D4 above=T3 pat=000 resclass=[ 7, -3, -21 ] xT=false
  D4 above=T1 pat=000 resclass=[ -30, -210, 7 ] xT=false
  D4 above=T3 pat=000 resclass=[ 7, -3, -21 ] xT=false
  D4 above=T2 pat=000 resclass=[ -210, 70, -3 ] xT=false
  D4 above=T2 pat=000 resclass=[ -210, 70, -3 ] xT=false
  D4 above=T1 pat=000 resclass=[ -30, -210, 7 ] xT=false
  D4 above=T3 pat=000 resclass=[ 7, -3, -21 ] xT=false
  D4 above=T1 pat=000 resclass=[ -30, -210, 7 ] xT=false
  D4 above=T3 pat=000 resclass=[ 7, -3, -21 ] xT=false
MEMBER stv 4/3 1/3 1/3 shape=[ 1, 1, 2, 2 ] tors=[ 4, 4 ] order4=12 norm111=0 xTpass=0
  D4 above=T1 pat=000 resclass=[ -20382, -101910, 5 ] xT=false
  D4 above=T1 pat=000 resclass=[ -20382, -101910, 5 ] xT=false
  D4 above=T3 pat=000 resclass=[ 5, -2, -10 ] xT=false
  D4 above=T2 pat=000 resclass=[ -101910, 50955, -2 ] xT=false
  D4 above=T3 pat=000 resclass=[ 5, -2, -10 ] xT=false
  D4 above=T2 pat=000 resclass=[ -101910, 50955, -2 ] xT=false
  D4 above=T1 pat=000 resclass=[ -20382, -101910, 5 ] xT=false
  D4 above=T1 pat=000 resclass=[ -20382, -101910, 5 ] xT=false
  D4 above=T3 pat=000 resclass=[ 5, -2, -10 ] xT=false
  D4 above=T2 pat=000 resclass=[ -101910, 50955, -2 ] xT=false
  D4 above=T3 pat=000 resclass=[ 5, -2, -10 ] xT=false
  D4 above=T2 pat=000 resclass=[ -101910, 50955, -2 ] xT=false
MEMBER stv 4/3 4 2 shape=[ 1, 1, 2, 2 ] tors=[ 4, 4 ] order4=12 norm111=0 xTpass=0
  D4 above=T2 pat=000 resclass=[ -5263170, -350878, 15 ] xT=false
  D4 above=T2 pat=000 resclass=[ -5263170, -350878, 15 ] xT=false
  D4 above=T1 pat=000 resclass=[ 128370, -5263170, -41 ] xT=false
  D4 above=T3 pat=000 resclass=[ -41, 15, -615 ] xT=false
  D4 above=T1 pat=000 resclass=[ 128370, -5263170, -41 ] xT=false
  D4 above=T3 pat=000 resclass=[ -41, 15, -615 ] xT=false
  D4 above=T2 pat=000 resclass=[ -5263170, -350878, 15 ] xT=false
  D4 above=T2 pat=000 resclass=[ -5263170, -350878, 15 ] xT=false
  D4 above=T1 pat=000 resclass=[ 128370, -5263170, -41 ] xT=false
  D4 above=T3 pat=000 resclass=[ -41, 15, -615 ] xT=false
  D4 above=T1 pat=000 resclass=[ 128370, -5263170, -41 ] xT=false
  D4 above=T3 pat=000 resclass=[ -41, 15, -615 ] xT=false
MEMBER stv 3/2 3 3/4 shape=[ 1, 1, 2, 2 ] tors=[ 4, 4 ] order4=12 norm111=0 xTpass=0
  D4 above=T2 pat=000 resclass=[ -211818, -105909, 2 ] xT=false
  D4 above=T2 pat=000 resclass=[ -211818, -105909, 2 ] xT=false
  D4 above=T1 pat=000 resclass=[ 52319046, -211818, -247 ] xT=false
  D4 above=T3 pat=000 resclass=[ -247, 2, -494 ] xT=false
  D4 above=T1 pat=000 resclass=[ 52319046, -211818, -247 ] xT=false
  D4 above=T3 pat=000 resclass=[ -247, 2, -494 ] xT=false
  D4 above=T2 pat=000 resclass=[ -211818, -105909, 2 ] xT=false
  D4 above=T2 pat=000 resclass=[ -211818, -105909, 2 ] xT=false
  D4 above=T1 pat=000 resclass=[ 52319046, -211818, -247 ] xT=false
  D4 above=T3 pat=000 resclass=[ -247, 2, -494 ] xT=false
  D4 above=T1 pat=000 resclass=[ 52319046, -211818, -247 ] xT=false
  D4 above=T3 pat=000 resclass=[ -247, 2, -494 ] xT=false
MEMBER stv 2 2 1/4 shape=[ 1, 1, 2, 2 ] tors=[ 4, 4 ] order4=12 norm111=0 xTpass=0
  D4 above=T2 pat=000 resclass=[ -6, -2, 3 ] xT=false
  D4 above=T2 pat=000 resclass=[ -6, -2, 3 ] xT=false
  D4 above=T3 pat=000 resclass=[ -5, 3, -15 ] xT=false
  D4 above=T1 pat=000 resclass=[ 30, -6, -5 ] xT=false
  D4 above=T3 pat=000 resclass=[ -5, 3, -15 ] xT=false
  D4 above=T1 pat=000 resclass=[ 30, -6, -5 ] xT=false
  D4 above=T2 pat=000 resclass=[ -6, -2, 3 ] xT=false
  D4 above=T2 pat=000 resclass=[ -6, -2, 3 ] xT=false
  D4 above=T3 pat=000 resclass=[ -5, 3, -15 ] xT=false
  D4 above=T1 pat=000 resclass=[ 30, -6, -5 ] xT=false
  D4 above=T3 pat=000 resclass=[ -5, 3, -15 ] xT=false
  D4 above=T1 pat=000 resclass=[ 30, -6, -5 ] xT=false
MEMBER stv 3 4/3 3/2 shape=[ 1, 1, 2, 2 ] tors=[ 4, 4 ] order4=12 norm111=0 xTpass=0
  D4 above=T2 pat=000 resclass=[ 272426, 38918, 7 ] xT=false
  D4 above=T2 pat=000 resclass=[ 272426, 38918, 7 ] xT=false
  D4 above=T1 pat=000 resclass=[ 11578105, 272426, 170 ] xT=false
  D4 above=T3 pat=000 resclass=[ 170, 7, 1190 ] xT=false
  D4 above=T1 pat=000 resclass=[ 11578105, 272426, 170 ] xT=false
  D4 above=T3 pat=000 resclass=[ 170, 7, 1190 ] xT=false
  D4 above=T2 pat=000 resclass=[ 272426, 38918, 7 ] xT=false
  D4 above=T2 pat=000 resclass=[ 272426, 38918, 7 ] xT=false
  D4 above=T1 pat=000 resclass=[ 11578105, 272426, 170 ] xT=false
  D4 above=T3 pat=000 resclass=[ 170, 7, 1190 ] xT=false
  D4 above=T1 pat=000 resclass=[ 11578105, 272426, 170 ] xT=false
  D4 above=T3 pat=000 resclass=[ 170, 7, 1190 ] xT=false
MEMBER stv 4 3/4 2/3 shape=[ 1, 1, 2, 2 ] tors=[ 4, 4 ] order4=12 norm111=0 xTpass=0
  D4 above=T1 pat=000 resclass=[ -30642535, -68145, 4047 ] xT=false
  D4 above=T1 pat=000 resclass=[ -30642535, -68145, 4047 ] xT=false
  D4 above=T2 pat=000 resclass=[ -68145, 9735, -7 ] xT=false
  D4 above=T3 pat=000 resclass=[ 4047, -7, -28329 ] xT=false
  D4 above=T2 pat=000 resclass=[ -68145, 9735, -7 ] xT=false
  D4 above=T3 pat=000 resclass=[ 4047, -7, -28329 ] xT=false
  D4 above=T1 pat=000 resclass=[ -30642535, -68145, 4047 ] xT=false
  D4 above=T1 pat=000 resclass=[ -30642535, -68145, 4047 ] xT=false
  D4 above=T2 pat=000 resclass=[ -68145, 9735, -7 ] xT=false
  D4 above=T3 pat=000 resclass=[ 4047, -7, -28329 ] xT=false
  D4 above=T2 pat=000 resclass=[ -68145, 9735, -7 ] xT=false
  D4 above=T3 pat=000 resclass=[ 4047, -7, -28329 ] xT=false
MEMBER stv 1 16/13 3 shape=[ 1, 1, 2, 2 ] tors=[ 4, 4 ] order4=12 norm111=0 xTpass=0
  D4 above=T3 pat=000 resclass=[ 82, 87, 7134 ] xT=false
  D4 above=T3 pat=000 resclass=[ 82, 87, 7134 ] xT=false
  D4 above=T2 pat=000 resclass=[ 343853, 35571, 87 ] xT=false
  D4 above=T1 pat=000 resclass=[ 28195946, 343853, 82 ] xT=false
  D4 above=T2 pat=000 resclass=[ 343853, 35571, 87 ] xT=false
  D4 above=T1 pat=000 resclass=[ 28195946, 343853, 82 ] xT=false
  D4 above=T3 pat=000 resclass=[ 82, 87, 7134 ] xT=false
  D4 above=T3 pat=000 resclass=[ 82, 87, 7134 ] xT=false
  D4 above=T2 pat=000 resclass=[ 343853, 35571, 87 ] xT=false
  D4 above=T1 pat=000 resclass=[ 28195946, 343853, 82 ] xT=false
  D4 above=T2 pat=000 resclass=[ 343853, 35571, 87 ] xT=false
  D4 above=T1 pat=000 resclass=[ 28195946, 343853, 82 ] xT=false
MEMBER stv 7/6 11/9 -7/3 shape=[ 1, 1, 2, 2 ] tors=[ 4, 4 ] order4=12 norm111=0 xTpass=0
  D4 above=T1 pat=000 resclass=[ -2071802214930, -70659330, 29321 ] xT=false
  D4 above=T1 pat=000 resclass=[ -2071802214930, -70659330, 29321 ] xT=false
  D4 above=T2 pat=000 resclass=[ -70659330, -7065933, 10 ] xT=false
  D4 above=T3 pat=000 resclass=[ 29321, 10, 293210 ] xT=false
  D4 above=T2 pat=000 resclass=[ -70659330, -7065933, 10 ] xT=false
  D4 above=T3 pat=000 resclass=[ 29321, 10, 293210 ] xT=false
  D4 above=T1 pat=000 resclass=[ -2071802214930, -70659330, 29321 ] xT=false
  D4 above=T1 pat=000 resclass=[ -2071802214930, -70659330, 29321 ] xT=false
  D4 above=T2 pat=000 resclass=[ -70659330, -7065933, 10 ] xT=false
  D4 above=T3 pat=000 resclass=[ 29321, 10, 293210 ] xT=false
  D4 above=T2 pat=000 resclass=[ -70659330, -7065933, 10 ] xT=false
  D4 above=T3 pat=000 resclass=[ 29321, 10, 293210 ] xT=false
MEMBER stv 2 2/5 -3/4 shape=[ 1, 1, 2, 2 ] tors=[ 4, 4 ] order4=12 norm111=0 xTpass=0
  D4 above=T3 pat=000 resclass=[ 2059, -21, -43239 ] xT=false
  D4 above=T3 pat=000 resclass=[ 2059, -21, -43239 ] xT=false
  D4 above=T2 pat=000 resclass=[ 18382, -7878, -21 ] xT=false
  D4 above=T1 pat=000 resclass=[ 37848538, 18382, 2059 ] xT=false
  D4 above=T2 pat=000 resclass=[ 18382, -7878, -21 ] xT=false
  D4 above=T1 pat=000 resclass=[ 37848538, 18382, 2059 ] xT=false
  D4 above=T3 pat=000 resclass=[ 2059, -21, -43239 ] xT=false
  D4 above=T3 pat=000 resclass=[ 2059, -21, -43239 ] xT=false
  D4 above=T2 pat=000 resclass=[ 18382, -7878, -21 ] xT=false
  D4 above=T1 pat=000 resclass=[ 37848538, 18382, 2059 ] xT=false
  D4 above=T2 pat=000 resclass=[ 18382, -7878, -21 ] xT=false
  D4 above=T1 pat=000 resclass=[ 37848538, 18382, 2059 ] xT=false
PART_DONE part=59
