MEMBER mnv 1/2 2 1 shape=[ 1, 1, 2, 2 ] tors=[ 4, 4 ] order4=12 norm111=4 xTpass=0
  D4 above=T2 pat=001 resclass=[ 3059424417601, 3059424417601, 1 ] xT=false
  D4 above=T2 pat=001 resclass=[ 3059424417601, 3059424417601, 1 ] xT=false
  D4 above=T3 pat=111 resclass=[ 1, 1, 1 ] xT=false
  D4 above=T1 pat=001 resclass=[ 3059424417601, 3059424417601, 1 ] xT=false
  D4 above=T3 pat=111 resclass=[ 1, 1, 1 ] xT=false
  D4 above=T1 pat=001 resclass=[ 3059424417601, 3059424417601, 1 ] xT=false
  D4 above=T2 pat=001 resclass=[ 3059424417601, 3059424417601, 1 ] xT=false
  D4 above=T2 pat=001 resclass=[ 3059424417601, 3059424417601, 1 ] xT=false
  D4 above=T3 pat=111 resclass=[ 1, 1, 1 ] xT=false
  D4 above=T1 pat=001 resclass=[ 3059424417601, 3059424417601, 1 ] xT=false
  D4 above=T3 pat=111 resclass=[ 1, 1, 1 ] xT=false
  D4 above=T1 pat=001 resclass=[ 3059424417601, 3059424417601, 1 ] xT=false
MEMBER stv 1/4 3/2 -3 shape=[ 1, 1, 2, 2 ] tors=[ 4, 4 ] order4=12 norm111=0 xTpass=0
  D4 above=T1 pat=000 resclass=[ 4810, -7215, -6 ] xT=false
  D4 above=T1 pat=000 resclass=[ 4810, -7215, -6 ] xT=false
  D4 above=T2 pat=000 resclass=[ -7215, -1443, 5 ] xT=false
  D4 above=T3 pat=000 resclass=[ -6, 5, -30 ] xT=false
  D4 above=T2 pat=000 resclass=[ -7215, -1443, 5 ] xT=false
  D4 above=T3 pat=000 resclass=[ -6, 5, -30 ] xT=false
  D4 above=T1 pat=000 resclass=[ 4810, -7215, -6 ] xT=false
  D4 above=T1 pat=000 resclass=[ 4810, -7215, -6 ] xT=false
  D4 above=T2 pat=000 resclass=[ -7215, -1443, 5 ] xT=false
  D4 above=T3 pat=000 resclass=[ -6, 5, -30 ] xT=false
  D4 above=T2 pat=000 resclass=[ -7215, -1443, 5 ] xT=false
  D4 above=T3 pat=000 resclass=[ -6, 5, -30 ] xT=false
MEMBER stv 1/3 4/3 -1 shape=[ 1, 1, 2, 2 ] tors=[ 4, 4 ] order4=12 norm111=0 xTpass=0
  D4 above=T1 pat=000 resclass=[ 1610, -161, -10 ] xT=false
  D4 above=T1 pat=000 resclass=[ 1610, -161, -10 ] xT=false
  D4 above=T3 pat=000 resclass=[ -10, 7, -70 ] xT=false
  D4 above=T2 pat=000 resclass=[ -161, -23, 7 ] xT=false
  D4 above=T3 pat=000 resclass=[ -10, 7, -70 ] xT=false
  D4 above=T2 pat=000 resclass=[ -161, -23, 7 ] xT=false
  D4 above=T1 pat=000 resclass=[ 1610, -161, -10 ] xT=false
  D4 above=T1 pat=000 resclass=[ 1610, -161, -10 ] xT=false
  D4 above=T3 pat=000 resclass=[ -10, 7, -70 ] xT=false
  D4 above=T2 pat=000 resclass=[ -161, -23, 7 ] xT=false
  D4 above=T3 pat=000 resclass=[ -10, 7, -70 ] xT=false
  D4 above=T2 pat=000 resclass=[ -161, -23, 7 ] xT=false
MEMBER stv 1/2 3/4 -1/3 shape=[ 1, 1, 2, 2 ] tors=[ 4, 4 ] order4=12 norm111=0 xTpass=0
  D4 above=T2 pat=000 resclass=[ 148071, -21153, -7 ] xT=false
  D4 above=T2 pat=000 resclass=[ 148071, -21153, -7 ] xT=false
  D4 above=T1 pat=000 resclass=[ 246785, 148071, 15 ] xT=false
  D4 above=T3 pat=000 resclass=[ 15, -7, -105 ] xT=false
  D4 above=T1 pat=000 resclass=[ 246785, 148071, 15 ] xT=false
  D4 above=T3 pat=000 resclass=[ 15, -7, -105 ] xT=false
  D4 above=T2 pat=000 resclass=[ 148071, -21153, -7 ] xT=false
  D4 above=T2 pat=000 resclass=[ 148071, -21153, -7 ] xT=false
  D4 above=T1 pat=000 resclass=[ 246785, 148071, 15 ] xT=false
  D4 above=T3 pat=000 resclass=[ 15, -7, -105 ] xT=false
  D4 above=T1 pat=000 resclass=[ 246785, 148071, 15 ] xT=false
  D4 above=T3 pat=000 resclass=[ 15, -7, -105 ] xT=false
MEMBER stv 2/3 1/2 -2 shape=[ 1, 1, 2, 2 ] tors=[ 4, 4 ] order4=12 norm111=0 xTpass=0
  D4 above=T1 pat=000 resclass=[ 969, -57, -17 ] xT=false
  D4 above=T1 pat=000 resclass=[ 969, -57, -17 ] xT=false
  D4 above=T3 pat=000 resclass=[ -17, -3, 51 ] xT=false
  D4 above=T2 pat=000 resclass=[ -57, 19, -3 ] xT=false
  D4 above=T3 pat=000 resclass=[ -17, -3, 51 ] xT=false
  D4 above=T2 pat=000 resclass=[ -57, 19, -3 ] xT=false
  D4 above=T1 pat=000 resclass=[ 969, -57, -17 ] xT=false
  D4 above=T1 pat=000 resclass=[ 969, -57, -17 ] xT=false
  D4 above=T3 pat=000 resclass=[ -17, -3, 51 ] xT=false
  D4 above=T2 pat=000 resclass=[ -57, 19, -3 ] xT=false
  D4 above=T3 pat=000 resclass=[ -17, -3, 51 ] xT=false
  D4 above=T2 pat=000 resclass=[ -57, 19, -3 ] xT=false
MEMBER stv 3/4 1/3 -3/4 shape=[ 1, 1, 2, 2 ] tors=[ 4, 4 ] order4=12 norm111=0 xTpass=0
  D4 above=T3 pat=000 resclass=[ -295, -2, 590 ] xT=false
  D4 above=T3 pat=000 resclass=[ -295, -2, 590 ] xT=false
  D4 above=T1 pat=000 resclass=[ -19013930, 64454, -295 ] xT=false
  D4 above=T2 pat=000 resclass=[ 64454, -32227, -2 ] xT=false
  D4 above=T1 pat=000 resclass=[ -19013930, 64454, -295 ] xT=false
  D4 above=T2 pat=000 resclass=[ 64454, -32227, -2 ] xT=false
  D4 above=T3 pat=000 resclass=[ -295, -2, 590 ] xT=false
  D4 above=T3 pat=000 resclass=[ -295, -2, 590 ] xT=false
  D4 above=T1 pat=000 resclass=[ -19013930, 64454, -295 ] xT=false
  D4 above=T2 pat=000 resclass=[ 64454, -32227, -2 ] xT=false
  D4 above=T1 pat=000 resclass=[ -19013930, 64454, -295 ] xT=false
  D4 above=T2 pat=000 resclass=[ 64454, -32227, -2 ] xT=false
MEMBER stv 1 1/4 -1/4 shape=[ 1, 1, 2, 2 ] tors=[ 4, 4 ] order4=12 norm111=0 xTpass=0
  D4 above=T1 pat=000 resclass=[ 116715, 3765, 31 ] xT=false
  D4 above=T1 pat=000 resclass=[ 116715, 3765, 31 ] xT=false
  D4 above=T2 pat=000 resclass=[ 3765, -251, -15 ] xT=false
  D4 above=T3 pat=000 resclass=[ 31, -15, -465 ] xT=false
  D4 above=T2 pat=000 resclass=[ 3765, -251, -15 ] xT=false
  D4 above=T3 pat=000 resclass=[ 31, -15, -465 ] xT=false
  D4 above=T1 pat=000 resclass=[ 116715, 3765, 31 ] xT=false
  D4 above=T1 pat=000 resclass=[ 116715, 3765, 31 ] xT=false
  D4 above=T2 pat=000 resclass=[ 3765, -251, -15 ] xT=false
  D4 above=T3 pat=000 resclass=[ 31, -15, -465 ] xT=false
  D4 above=T2 pat=000 resclass=[ 3765, -251, -15 ] xT=false
  D4 above=T3 pat=000 resclass=[ 31, -15, -465 ] xT=false
MEMBER stv 1 3 -3/2 shape=[ 1, 1, 2, 2 ] tors=[ 4, 4 ] order4=12 norm111=0 xTpass=0
  D4 above=T3 pat=000 resclass=[ -7, 2, -14 ] xT=false
  D4 above=T3 pat=000 resclass=[ -7, 2, -14 ] xT=false
  D4 above=T2 pat=000 resclass=[ 645, 1290, 2 ] xT=false
  D4 above=T1 pat=000 resclass=[ -4515, 645, -7 ] xT=false
  D4 above=T2 pat=000 resclass=[ 645, 1290, 2 ] xT=false
  D4 above=T1 pat=000 resclass=[ -4515, 645, -7 ] xT=false
  D4 above=T3 pat=000 resclass=[ -7, 2, -14 ] xT=false
  D4 above=T3 pat=000 resclass=[ -7, 2, -14 ] xT=false
  D4 above=T2 pat=000 resclass=[ 645, 1290, 2 ] xT=false
  D4 above=T1 pat=000 resclass=[ -4515, 645, -7 ] xT=false
  D4 above=T2 pat=000 resclass=[ 645, 1290, 2 ] xT=false
  D4 above=T1 pat=000 resclass=[ -4515, 645, -7 ] xT=false
MEMBER stv 4/3 2 -2/3 shape=[ 1, 1, 2, 2 ] tors=[ 4, 4 ] order4=12 norm111=0 xTpass=0
  D4 above=T3 pat=000 resclass=[ -65, 3, -195 ] xT=false
  D4 above=T3 pat=000 resclass=[ -65, 3, -195 ] xT=false
  D4 above=T2 pat=000 resclass=[ 2110, 6330, 3 ] xT=false
  D4 above=T1 pat=000 resclass=[ -5486, 2110, -65 ] xT=false
  D4 above=T2 pat=000 resclass=[ 2110, 6330, 3 ] xT=false
  D4 above=T1 pat=000 resclass=[ -5486, 2110, -65 ] xT=false
  D4 above=T3 pat=000 resclass=[ -65, 3, -195 ] xT=false
  D4 above=T3 pat=000 resclass=[ -65, 3, -195 ] xT=false
  D4 above=T2 pat=000 resclass=[ 2110, 6330, 3 ] xT=false
  D4 above=T1 pat=000 resclass=[ -5486, 2110, -65 ] xT=false
  D4 above=T2 pat=000 resclass=[ 2110, 6330, 3 ] xT=false
  D4 above=T1 pat=000 resclass=[ -5486, 2110, -65 ] xT=false
MEMBER stv 3/2 4/3 -4 shape=[ 1, 1, 2, 2 ] tors=[ 4, 4 ] order4=12 norm111=0 xTpass=0
  D4 above=T1 pat=000 resclass=[ -3731, -7, 533 ] xT=false
  D4 above=T1 pat=000 resclass=[ -3731, -7, 533 ] xT=false
  D4 above=T2 pat=000 resclass=[ -7, -1, 7 ] xT=false
  D4 above=T3 pat=000 resclass=[ 533, 7, 3731 ] xT=false
  D4 above=T2 pat=000 resclass=[ -7, -1, 7 ] xT=false
  D4 above=T3 pat=000 resclass=[ 533, 7, 3731 ] xT=false
  D4 above=T1 pat=000 resclass=[ -3731, -7, 533 ] xT=false
  D4 above=T1 pat=000 resclass=[ -3731, -7, 533 ] xT=false
  D4 above=T2 pat=000 resclass=[ -7, -1, 7 ] xT=false
  D4 above=T3 pat=000 resclass=[ 533, 7, 3731 ] xT=false
  D4 above=T2 pat=000 resclass=[ -7, -1, 7 ] xT=false
  D4 above=T3 pat=000 resclass=[ 533, 7, 3731 ] xT=false
MEMBER stv 2 3/4 -4/3 shape=[ 1, 1, 2, 2 ] tors=[ 4, 4 ] order4=12 norm111=0 xTpass=0
  D4 above=T3 pat=000 resclass=[ 39, -7, -273 ] xT=false
  D4 above=T3 pat=000 resclass=[ 39, -7, -273 ] xT=false
  D4 above=T1 pat=000 resclass=[ 6265, 244335, 39 ] xT=false
  D4 above=T2 pat=000 resclass=[ 244335, -34905, -7 ] xT=false
  D4 above=T1 pat=000 resclass=[ 6265, 244335, 39 ] xT=false
  D4 above=T2 pat=000 resclass=[ 244335, -34905, -7 ] xT=false
  D4 above=T3 pat=000 resclass=[ 39, -7, -273 ] xT=false
  D4 above=T3 pat=000 resclass=[ 39, -7, -273 ] xT=false
  D4 above=T1 pat=000 resclass=[ 6265, 244335, 39 ] xT=false
  D4 above=T2 pat=000 resclass=[ 244335, -34905, -7 ] xT=false
  D4 above=T1 pat=000 resclass=[ 6265, 244335, 39 ] xT=false
  D4 above=T2 pat=000 resclass=[ 244335, -34905, -7 ] xT=false
MEMBER stv 3 2/3 -1/2 shape=[ 1, 1, 2, 2 ] tors=[ 4, 4 ] order4=12 norm111=0 xTpass=0
  D4 above=T1 pat=000 resclass=[ 451990, 41090, 11 ] xT=false
  D4 above=T1 pat=000 resclass=[ 451990, 41090, 11 ] xT=false
  D4 above=T3 pat=000 resclass=[ 11, -5, -55 ] xT=false
  D4 above=T2 pat=000 resclass=[ 41090, -8218, -5 ] xT=false
  D4 above=T3 pat=000 resclass=[ 11, -5, -55 ] xT=false
  D4 above=T2 pat=000 resclass=[ 41090, -8218, -5 ] xT=false
  D4 above=T1 pat=000 resclass=[ 451990, 41090, 11 ] xT=false
  D4 above=T1 pat=000 resclass=[ 451990, 41090, 11 ] xT=false
  D4 above=T3 pat=000 resclass=[ 11, -5, -55 ] xT=false
  D4 above=T2 pat=000 resclass=[ 41090, -8218, -5 ] xT=false
  D4 above=T3 pat=000 resclass=[ 11, -5, -55 ] xT=false
  D4 above=T2 pat=000 resclass=[ 41090, -8218, -5 ] xT=false
MEMBER stv 4 1/3 -3 shape=[ 1, 1, 2, 2 ] tors=[ 4, 4 ] order4=12 norm111=0 xTpass=0
  D4 above=T2 pat=000 resclass=[ 120038, -60019, -2 ] xT=false
  D4 above=T2 pat=000 resclass=[ 120038, -60019, -2 ] xT=false
  D4 above=T3 pat=000 resclass=[ 77, -2, -154 ] xT=false
  D4 above=T1 pat=000 resclass=[ 9242926, 120038, 77 ] xT=false
  D4 above=T3 pat=000 resclass=[ 77, -2, -154 ] xT=false
  D4 above=T1 pat=000 resclass=[ 9242926, 120038, 77 ] xT=false
  D4 above=T2 pat=000 resclass=[ 120038, -60019, -2 ] xT=false
  D4 above=T2 pat=000 resclass=[ 120038, -60019, -2 ] xT=false
  D4 above=T3 pat=000 resclass=[ 77, -2, -154 ] xT=false
  D4 above=T1 pat=000 resclass=[ 9242926, 120038, 77 ] xT=false
  D4 above=T3 pat=000 resclass=[ 77, -2, -154 ] xT=false
  D4 above=T1 pat=000 resclass=[ 9242926, 120038, 77 ] xT=false
MEMBER stv 7/10 3/14 -15/16 shape=[ 1, 1, 2, 2 ] tors=[ 4, 4 ] order4=12 norm111=0 xTpass=0
  D4 above=T3 pat=000 resclass=[ -403629, -187, 75478623 ] xT=false
  D4 above=T3 pat=000 resclass=[ -403629, -187, 75478623 ] xT=false
  D4 above=T2 pat=000 resclass=[ 745011340755, -3984017865, -187 ] xT=false
  D4 above=T1 pat=000 resclass=[ -33412020273066655, 745011340755, -403629 ] xT=false
  D4 above=T2 pat=000 resclass=[ 745011340755, -3984017865, -187 ] xT=false
  D4 above=T1 pat=000 resclass=[ -33412020273066655, 745011340755, -403629 ] xT=false
  D4 above=T3 pat=000 resclass=[ -403629, -187, 75478623 ] xT=false
  D4 above=T3 pat=000 resclass=[ -403629, -187, 75478623 ] xT=false
  D4 above=T2 pat=000 resclass=[ 745011340755, -3984017865, -187 ] xT=false
  D4 above=T1 pat=000 resclass=[ -33412020273066655, 745011340755, -403629 ] xT=false
  D4 above=T2 pat=000 resclass=[ 745011340755, -3984017865, -187 ] xT=false
  D4 above=T1 pat=000 resclass=[ -33412020273066655, 745011340755, -403629 ] xT=false
MEMBER stv 13/4 7/16 -7/12 shape=[ 1, 1, 2, 2 ] tors=[ 4, 4 ] order4=12 norm111=0 xTpass=0
  D4 above=T3 pat=000 resclass=[ 1039, -23, -23897 ] xT=false
  D4 above=T3 pat=000 resclass=[ 1039, -23, -23897 ] xT=false
  D4 above=T2 pat=000 resclass=[ 1976902465461, -85952281107, -23 ] xT=false
  D4 above=T1 pat=000 resclass=[ 2054001661613979, 1976902465461, 1039 ] xT=false
  D4 above=T2 pat=000 resclass=[ 1976902465461, -85952281107, -23 ] xT=false
  D4 above=T1 pat=000 resclass=[ 2054001661613979, 1976902465461, 1039 ] xT=false
  D4 above=T3 pat=000 resclass=[ 1039, -23, -23897 ] xT=false
  D4 above=T3 pat=000 resclass=[ 1039, -23, -23897 ] xT=false
  D4 above=T2 pat=000 resclass=[ 1976902465461, -85952281107, -23 ] xT=false
  D4 above=T1 pat=000 resclass=[ 2054001661613979, 1976902465461, 1039 ] xT=false
  D4 above=T2 pat=000 resclass=[ 1976902465461, -85952281107, -23 ] xT=false
  D4 above=T1 pat=000 resclass=[ 2054001661613979, 1976902465461, 1039 ] xT=false
MEMBER stv 7 7/17 7/4 shape=[ 1, 1, 2, 2 ] tors=[ 4, 4 ] order4=12 norm111=0 xTpass=0
  D4 above=T1 pat=000 resclass=[ -4272791044526638305, -1058950738545, 4034929 ] xT=false
  D4 above=T1 pat=000 resclass=[ -4272791044526638305, -1058950738545, 4034929 ] xT=false
  D4 above=T2 pat=000 resclass=[ -1058950738545, 70596715903, -15 ] xT=false
  D4 above=T3 pat=000 resclass=[ 4034929, -15, -60523935 ] xT=false
  D4 above=T2 pat=000 resclass=[ -1058950738545, 70596715903, -15 ] xT=false
  D4 above=T3 pat=000 resclass=[ 4034929, -15, -60523935 ] xT=false
  D4 above=T1 pat=000 resclass=[ -4272791044526638305, -1058950738545, 4034929 ] xT=false
  D4 above=T1 pat=000 resclass=[ -4272791044526638305, -1058950738545, 4034929 ] xT=false
  D4 above=T2 pat=000 resclass=[ -1058950738545, 70596715903, -15 ] xT=false
  D4 above=T3 pat=000 resclass=[ 4034929, -15, -60523935 ] xT=false
  D4 above=T2 pat=000 resclass=[ -1058950738545, 70596715903, -15 ] xT=false
  D4 above=T3 pat=000 resclass=[ 4034929, -15, -60523935 ] xT=false
MEMBER stv 13/2 16/9 17/6 shape=[ 1, 1, 2, 2 ] tors=[ 4, 4 ] order4=12 norm111=0 xTpass=0
  D4 above=T3 pat=000 resclass=[ 986309, 7, 6904163 ] xT=false
  D4 above=T3 pat=000 resclass=[ 986309, 7, 6904163 ] xT=false
  D4 above=T2 pat=000 resclass=[ 33014279610186, 4716325658598, 7 ] xT=false
  D4 above=T1 pat=000 resclass=[ 90200224676019234, 33014279610186, 986309 ] xT=false
  D4 above=T2 pat=000 resclass=[ 33014279610186, 4716325658598, 7 ] xT=false
  D4 above=T1 pat=000 resclass=[ 90200224676019234, 33014279610186, 986309 ] xT=false
  D4 above=T3 pat=000 resclass=[ 986309, 7, 6904163 ] xT=false
  D4 above=T3 pat=000 resclass=[ 986309, 7, 6904163 ] xT=false
  D4 above=T2 pat=000 resclass=[ 33014279610186, 4716325658598, 7 ] xT=false
  D4 above=T1 pat=000 resclass=[ 90200224676019234, 33014279610186, 986309 ] xT=false
  D4 above=T2 pat=000 resclass=[ 33014279610186, 4716325658598, 7 ] xT=false
  D4 above=T1 pat=000 resclass=[ 90200224676019234, 33014279610186, 986309 ] xT=false
PART_DONE part=6
