MEMBER stv 1/4 1/4 2 shape=[ 1, 1, 2, 2 ] tors=[ 4, 4 ] order4=12 norm111=0 xTpass=0
  D4 above=T2 pat=000 resclass=[ -530, 318, -15 ] xT=false
  D4 above=T2 pat=000 resclass=[ -530, 318, -15 ] xT=false
  D4 above=T1 pat=000 resclass=[ 110770, -530, -209 ] xT=false
  D4 above=T3 pat=000 resclass=[ -209, -15, 3135 ] xT=false
  D4 above=T1 pat=000 resclass=[ 110770, -530, -209 ] xT=false
  D4 above=T3 pat=000 resclass=[ -209, -15, 3135 ] xT=false
  D4 above=T2 pat=000 resclass=[ -530, 318, -15 ] xT=false
  D4 above=T2 pat=000 resclass=[ -530, 318, -15 ] xT=false
  D4 above=T1 pat=000 resclass=[ 110770, -530, -209 ] xT=false
  D4 above=T3 pat=000 resclass=[ -209, -15, 3135 ] xT=false
  D4 above=T1 pat=000 resclass=[ 110770, -530, -209 ] xT=false
  D4 above=T3 pat=000 resclass=[ -209, -15, 3135 ] xT=false
MEMBER stv 1/4 4 3/4 shape=[ 1, 1, 2, 2 ] tors=[ 4, 4 ] order4=12 norm111=0 xTpass=0
  D4 above=T1 pat=000 resclass=[ 13808481245, -3836755, -3599 ] xT=false
  D4 above=T1 pat=000 resclass=[ 13808481245, -3836755, -3599 ] xT=false
  D4 above=T3 pat=000 resclass=[ -3599, 15, -53985 ] xT=false
  D4 above=T2 pat=000 resclass=[ -3836755, -2302053, 15 ] xT=false
  D4 above=T3 pat=000 resclass=[ -3599, 15, -53985 ] xT=false
  D4 above=T2 pat=000 resclass=[ -3836755, -2302053, 15 ] xT=false
  D4 above=T1 pat=000 resclass=[ 13808481245, -3836755, -3599 ] xT=false
  D4 above=T1 pat=000 resclass=[ 13808481245, -3836755, -3599 ] xT=false
  D4 above=T3 pat=000 resclass=[ -3599, 15, -53985 ] xT=false
  D4 above=T2 pat=000 resclass=[ -3836755, -2302053, 15 ] xT=false
  D4 above=T3 pat=000 resclass=[ -3599, 15, -53985 ] xT=false
  D4 above=T2 pat=000 resclass=[ -3836755, -2302053, 15 ] xT=false
MEMBER stv 1/3 3 1/4 shape=[ 1, 1, 2, 2 ] tors=[ 4, 4 ] order4=12 norm111=0 xTpass=0
  D4 above=T1 pat=000 resclass=[ 1039922, -45214, -23 ] xT=false
  D4 above=T1 pat=000 resclass=[ 1039922, -45214, -23 ] xT=false
  D4 above=T3 pat=000 resclass=[ -23, 2, -46 ] xT=false
  D4 above=T2 pat=000 resclass=[ -45214, -22607, 2 ] xT=false
  D4 above=T3 pat=000 resclass=[ -23, 2, -46 ] xT=false
  D4 above=T2 pat=000 resclass=[ -45214, -22607, 2 ] xT=false
  D4 above=T1 pat=000 resclass=[ 1039922, -45214, -23 ] xT=false
  D4 above=T1 pat=000 resclass=[ 1039922, -45214, -23 ] xT=false
  D4 above=T3 pat=000 resclass=[ -23, 2, -46 ] xT=false
  D4 above=T2 pat=000 resclass=[ -45214, -22607, 2 ] xT=false
  D4 above=T3 pat=000 resclass=[ -23, 2, -46 ] xT=false
  D4 above=T2 pat=000 resclass=[ -45214, -22607, 2 ] xT=false
MEMBER stv 1/2 3/2 3/2 shape=[ 1, 1, 2, 2 ] tors=[ 4, 4 ] order4=12 norm111=0 xTpass=0
  D4 above=T1 pat=000 resclass=[ 1430, -30030, -21 ] xT=false
  D4 above=T1 pat=000 resclass=[ 1430, -30030, -21 ] xT=false
  D4 above=T3 pat=000 resclass=[ -21, 5, -105 ] xT=false
  D4 above=T2 pat=000 resclass=[ -30030, -6006, 5 ] xT=false
  D4 above=T3 pat=000 resclass=[ -21, 5, -105 ] xT=false
  D4 above=T2 pat=000 resclass=[ -30030, -6006, 5 ] xT=false
  D4 above=T1 pat=000 resclass=[ 1430, -30030, -21 ] xT=false
  D4 above=T1 pat=000 resclass=[ 1430, -30030, -21 ] xT=false
  D4 above=T3 pat=000 resclass=[ -21, 5, -105 ] xT=false
  D4 above=T2 pat=000 resclass=[ -30030, -6006, 5 ] xT=false
  D4 above=T3 pat=000 resclass=[ -21, 5, -105 ] xT=false
  D4 above=T2 pat=000 resclass=[ -30030, -6006, 5 ] xT=false
MEMBER stv 2/3 4/3 2/3 shape=[ 1, 1, 2, 2 ] tors=[ 4, 4 ] order4=12 norm111=0 xTpass=0
  D4 above=T1 pat=000 resclass=[ -210, 2730, -13 ] xT=false
  D4 above=T1 pat=000 resclass=[ -210, 2730, -13 ] xT=false
  D4 above=T2 pat=000 resclass=[ 2730, 390, 7 ] xT=false
  D4 above=T3 pat=000 resclass=[ -13, 7, -91 ] xT=false
  D4 above=T2 pat=000 resclass=[ 2730, 390, 7 ] xT=false
  D4 above=T3 pat=000 resclass=[ -13, 7, -91 ] xT=false
  D4 above=T1 pat=000 resclass=[ -210, 2730, -13 ] xT=false
  D4 above=T1 pat=000 resclass=[ -210, 2730, -13 ] xT=false
  D4 above=T2 pat=000 resclass=[ 2730, 390, 7 ] xT=false
  D4 above=T3 pat=000 resclass=[ -13, 7, -91 ] xT=false
  D4 above=T2 pat=000 resclass=[ 2730, 390, 7 ] xT=false
  D4 above=T3 pat=000 resclass=[ -13, 7, -91 ] xT=false
MEMBER stv 3/4 2/3 4 shape=[ 1, 1, 2, 2 ] tors=[ 4, 4 ] order4=12 norm111=0 xTpass=0
  D4 above=T1 pat=000 resclass=[ -29361605, -89245, 329 ] xT=false
  D4 above=T1 pat=000 resclass=[ -29361605, -89245, 329 ] xT=false
  D4 above=T3 pat=000 resclass=[ 329, -5, -1645 ] xT=false
  D4 above=T2 pat=000 resclass=[ -89245, 17849, -5 ] xT=false
  D4 above=T3 pat=000 resclass=[ 329, -5, -1645 ] xT=false
  D4 above=T2 pat=000 resclass=[ -89245, 17849, -5 ] xT=false
  D4 above=T1 pat=000 resclass=[ -29361605, -89245, 329 ] xT=false
  D4 above=T1 pat=000 resclass=[ -29361605, -89245, 329 ] xT=false
  D4 above=T3 pat=000 resclass=[ 329, -5, -1645 ] xT=false
  D4 above=T2 pat=000 resclass=[ -89245, 17849, -5 ] xT=false
  D4 above=T3 pat=000 resclass=[ 329, -5, -1645 ] xT=false
  D4 above=T2 pat=000 resclass=[ -89245, 17849, -5 ] xT=false
MEMBER stv 1 1/2 4/3 shape=[ 1, 1, 2, 2 ] tors=[ 4, 4 ] order4=12 norm111=0 xTpass=0
  D4 above=T1 pat=000 resclass=[ -31, -217, 7 ] xT=false
  D4 above=T1 pat=000 resclass=[ -31, -217, 7 ] xT=false
  D4 above=T3 pat=000 resclass=[ 7, -3, -21 ] xT=false
  D4 above=T2 pat=000 resclass=[ -217, 651, -3 ] xT=false
  D4 above=T3 pat=000 resclass=[ 7, -3, -21 ] xT=false
  D4 above=T2 pat=000 resclass=[ -217, 651, -3 ] xT=false
  D4 above=T1 pat=000 resclass=[ -31, -217, 7 ] xT=false
  D4 above=T1 pat=000 resclass=[ -31, -217, 7 ] xT=false
  D4 above=T3 pat=000 resclass=[ 7, -3, -21 ] xT=false
  D4 above=T2 pat=000 resclass=[ -217, 651, -3 ] xT=false
  D4 above=T3 pat=000 resclass=[ 7, -3, -21 ] xT=false
  D4 above=T2 pat=000 resclass=[ -217, 651, -3 ] xT=false
MEMBER stv 4/3 1/3 1/2 shape=[ 1, 1, 2, 2 ] tors=[ 4, 4 ] order4=12 norm111=0 xTpass=0
  D4 above=T3 pat=000 resclass=[ 5, -2, -10 ] xT=false
  D4 above=T3 pat=000 resclass=[ 5, -2, -10 ] xT=false
  D4 above=T2 pat=000 resclass=[ -2669, 5338, -2 ] xT=false
  D4 above=T1 pat=000 resclass=[ -13345, -2669, 5 ] xT=false
  D4 above=T2 pat=000 resclass=[ -2669, 5338, -2 ] xT=false
  D4 above=T1 pat=000 resclass=[ -13345, -2669, 5 ] xT=false
  D4 above=T3 pat=000 resclass=[ 5, -2, -10 ] xT=false
  D4 above=T3 pat=000 resclass=[ 5, -2, -10 ] xT=false
  D4 above=T2 pat=000 resclass=[ -2669, 5338, -2 ] xT=false
  D4 above=T1 pat=000 resclass=[ -13345, -2669, 5 ] xT=false
  D4 above=T2 pat=000 resclass=[ -2669, 5338, -2 ] xT=false
  D4 above=T1 pat=000 resclass=[ -13345, -2669, 5 ] xT=false
MEMBER stv 4/3 4 3 shape=[ 1, 1, 2, 2 ] tors=[ 4, 4 ] order4=12 norm111=0 xTpass=0
  D4 above=T3 pat=000 resclass=[ -41, 15, -615 ] xT=false
  D4 above=T3 pat=000 resclass=[ -41, 15, -615 ] xT=false
  D4 above=T1 pat=000 resclass=[ 8339195, -203395, -41 ] xT=false
  D4 above=T2 pat=000 resclass=[ -203395, -122037, 15 ] xT=false
  D4 above=T1 pat=000 resclass=[ 8339195, -203395, -41 ] xT=false
  D4 above=T2 pat=000 resclass=[ -203395, -122037, 15 ] xT=false
  D4 above=T3 pat=000 resclass=[ -41, 15, -615 ] xT=false
  D4 above=T3 pat=000 resclass=[ -41, 15, -615 ] xT=false
  D4 above=T1 pat=000 resclass=[ 8339195, -203395, -41 ] xT=false
  D4 above=T2 pat=000 resclass=[ -203395, -122037, 15 ] xT=false
  D4 above=T1 pat=000 resclass=[ 8339195, -203395, -41 ] xT=false
  D4 above=T2 pat=000 resclass=[ -203395, -122037, 15 ] xT=false
MEMBER stv 3/2 3 1 shape=[ 1, 1, 2, 2 ] tors=[ 4, 4 ] order4=12 norm111=0 xTpass=0
  D4 above=T1 pat=000 resclass=[ 418, -286, -247 ] xT=false
  D4 above=T1 pat=000 resclass=[ 418, -286, -247 ] xT=false
  D4 above=T3 pat=000 resclass=[ -247, 2, -494 ] xT=false
  D4 above=T2 pat=000 resclass=[ -286, -143, 2 ] xT=false
  D4 above=T3 pat=000 resclass=[ -247, 2, -494 ] xT=false
  D4 above=T2 pat=000 resclass=[ -286, -143, 2 ] xT=false
  D4 above=T1 pat=000 resclass=[ 418, -286, -247 ] xT=false
  D4 above=T1 pat=000 resclass=[ 418, -286, -247 ] xT=false
  D4 above=T3 pat=000 resclass=[ -247, 2, -494 ] xT=false
  D4 above=T2 pat=000 resclass=[ -286, -143, 2 ] xT=false
  D4 above=T3 pat=000 resclass=[ -247, 2, -494 ] xT=false
  D4 above=T2 pat=000 resclass=[ -286, -143, 2 ] xT=false
MEMBER stv 2 2 1/3 shape=[ 1, 1, 2, 2 ] tors=[ 4, 4 ] order4=12 norm111=0 xTpass=0
  D4 above=T3 pat=000 resclass=[ -5, 3, -15 ] xT=false
  D4 above=T3 pat=000 resclass=[ -5, 3, -15 ] xT=false
  D4 above=T2 pat=000 resclass=[ -35, -105, 3 ] xT=false
  D4 above=T1 pat=000 resclass=[ 7, -35, -5 ] xT=false
  D4 above=T2 pat=000 resclass=[ -35, -105, 3 ] xT=false
  D4 above=T1 pat=000 resclass=[ 7, -35, -5 ] xT=false
  D4 above=T3 pat=000 resclass=[ -5, 3, -15 ] xT=false
  D4 above=T3 pat=000 resclass=[ -5, 3, -15 ] xT=false
  D4 above=T2 pat=000 resclass=[ -35, -105, 3 ] xT=false
  D4 above=T1 pat=000 resclass=[ 7, -35, -5 ] xT=false
  D4 above=T2 pat=000 resclass=[ -35, -105, 3 ] xT=false
  D4 above=T1 pat=000 resclass=[ 7, -35, -5 ] xT=false
MEMBER stv 3 4/3 2 shape=[ 1, 1, 2, 2 ] tors=[ 4, 4 ] order4=12 norm111=0 xTpass=0
  D4 above=T2 pat=000 resclass=[ 349790, 49970, 7 ] xT=false
  D4 above=T2 pat=000 resclass=[ 349790, 49970, 7 ] xT=false
  D4 above=T3 pat=000 resclass=[ 170, 7, 1190 ] xT=false
  D4 above=T1 pat=000 resclass=[ 594643, 349790, 170 ] xT=false
  D4 above=T3 pat=000 resclass=[ 170, 7, 1190 ] xT=false
  D4 above=T1 pat=000 resclass=[ 594643, 349790, 170 ] xT=false
  D4 above=T2 pat=000 resclass=[ 349790, 49970, 7 ] xT=false
  D4 above=T2 pat=000 resclass=[ 349790, 49970, 7 ] xT=false
  D4 above=T3 pat=000 resclass=[ 170, 7, 1190 ] xT=false
  D4 above=T1 pat=000 resclass=[ 594643, 349790, 170 ] xT=false
  D4 above=T3 pat=000 resclass=[ 170, 7, 1190 ] xT=false
  D4 above=T1 pat=000 resclass=[ 594643, 349790, 170 ] xT=false
MEMBER stv 4 3/4 3/4 shape=[ 1, 1, 2, 2 ] tors=[ 4, 4 ] order4=12 norm111=0 xTpass=0
  D4 above=T3 pat=000 resclass=[ 4047, -7, -28329 ] xT=false
  D4 above=T3 pat=000 resclass=[ 4047, -7, -28329 ] xT=false
  D4 above=T1 pat=000 resclass=[ -1657369259, -3685773, 4047 ] xT=false
  D4 above=T2 pat=000 resclass=[ -3685773, 526539, -7 ] xT=false
  D4 above=T1 pat=000 resclass=[ -1657369259, -3685773, 4047 ] xT=false
  D4 above=T2 pat=000 resclass=[ -3685773, 526539, -7 ] xT=false
  D4 above=T3 pat=000 resclass=[ 4047, -7, -28329 ] xT=false
  D4 above=T3 pat=000 resclass=[ 4047, -7, -28329 ] xT=false
  D4 above=T1 pat=000 resclass=[ -1657369259, -3685773, 4047 ] xT=false
  D4 above=T2 pat=000 resclass=[ -3685773, 526539, -7 ] xT=false
  D4 above=T1 pat=000 resclass=[ -1657369259, -3685773, 4047 ] xT=false
  D4 above=T2 pat=000 resclass=[ -3685773, 526539, -7 ] xT=false
MEMBER stv 5/13 10/7 -12/13 shape=[ 1, 1, 2, 2 ] tors=[ 4, 4 ] order4=12 norm111=0 xTpass=0
  D4 above=T3 pat=000 resclass=[ -94886, 51, -4839186 ] xT=false
  D4 above=T3 pat=000 resclass=[ -94886, 51, -4839186 ] xT=false
  D4 above=T2 pat=000 resclass=[ -6245581949789, -1102161520551, 51 ] xT=false
  D4 above=T1 pat=000 resclass=[ 592618288887679054, -6245581949789, -94886 ] xT=false
  D4 above=T2 pat=000 resclass=[ -6245581949789, -1102161520551, 51 ] xT=false
  D4 above=T1 pat=000 resclass=[ 592618288887679054, -6245581949789, -94886 ] xT=false
  D4 above=T3 pat=000 resclass=[ -94886, 51, -4839186 ] xT=false
  D4 above=T3 pat=000 resclass=[ -94886, 51, -4839186 ] xT=false
  D4 above=T2 pat=000 resclass=[ -6245581949789, -1102161520551, 51 ] xT=false
  D4 above=T1 pat=000 resclass=[ 592618288887679054, -6245581949789, -94886 ] xT=false
  D4 above=T2 pat=000 resclass=[ -6245581949789, -1102161520551, 51 ] xT=false
  D4 above=T1 pat=000 resclass=[ 592618288887679054, -6245581949789, -94886 ] xT=false
MEMBER stv 3/4 1/9 -19/11 shape=[ 1, 1, 2, 2 ] tors=[ 4, 4 ] order4=12 norm111=0 xTpass=0
  D4 above=T2 pat=000 resclass=[ 1773365, -354673, -5 ] xT=false
  D4 above=T2 pat=000 resclass=[ 1773365, -354673, -5 ] xT=false
  D4 above=T1 pat=000 resclass=[ -635348315, 1773365, -43351 ] xT=false
  D4 above=T3 pat=000 resclass=[ -43351, -5, 216755 ] xT=false
  D4 above=T1 pat=000 resclass=[ -635348315, 1773365, -43351 ] xT=false
  D4 above=T3 pat=000 resclass=[ -43351, -5, 216755 ] xT=false
  D4 above=T2 pat=000 resclass=[ 1773365, -354673, -5 ] xT=false
  D4 above=T2 pat=000 resclass=[ 1773365, -354673, -5 ] xT=false
  D4 above=T1 pat=000 resclass=[ -635348315, 1773365, -43351 ] xT=false
  D4 above=T3 pat=000 resclass=[ -43351, -5, 216755 ] xT=false
  D4 above=T1 pat=000 resclass=[ -635348315, 1773365, -43351 ] xT=false
  D4 above=T3 pat=000 resclass=[ -43351, -5, 216755 ] xT=false
MEMBER stv 11/16 3/2 -8/7 shape=[ 1, 1, 2, 2 ] tors=[ 4, 4 ] order4=12 norm111=0 xTpass=0
  D4 above=T3 pat=000 resclass=[ -31, 5, -155 ] xT=false
  D4 above=T3 pat=000 resclass=[ -31, 5, -155 ] xT=false
  D4 above=T2 pat=000 resclass=[ -5933830, -1186766, 5 ] xT=false
  D4 above=T1 pat=000 resclass=[ 183948730, -5933830, -31 ] xT=false
  D4 above=T2 pat=000 resclass=[ -5933830, -1186766, 5 ] xT=false
  D4 above=T1 pat=000 resclass=[ 183948730, -5933830, -31 ] xT=false
  D4 above=T3 pat=000 resclass=[ -31, 5, -155 ] xT=false
  D4 above=T3 pat=000 resclass=[ -31, 5, -155 ] xT=false
  D4 above=T2 pat=000 resclass=[ -5933830, -1186766, 5 ] xT=false
  D4 above=T1 pat=000 resclass=[ 183948730, -5933830, -31 ] xT=false
  D4 above=T2 pat=000 resclass=[ -5933830, -1186766, 5 ] xT=false
  D4 above=T1 pat=000 resclass=[ 183948730, -5933830, -31 ] xT=false
PART_DONE part=61
