MEMBER stv 1/4 1/4 3 shape=[ 1, 1, 2, 2 ] tors=[ 4, 4 ] order4=12 norm111=0 xTpass=0
  D4 above=T1 pat=000 resclass=[ 19195, -33155, -209 ] xT=false
  D4 above=T1 pat=000 resclass=[ 19195, -33155, -209 ] xT=false
  D4 above=T3 pat=000 resclass=[ -209, -15, 3135 ] xT=false
  D4 above=T2 pat=000 resclass=[ -33155, 19893, -15 ] xT=false
  D4 above=T3 pat=000 resclass=[ -209, -15, 3135 ] xT=false
  D4 above=T2 pat=000 resclass=[ -33155, 19893, -15 ] xT=false
  D4 above=T1 pat=000 resclass=[ 19195, -33155, -209 ] xT=false
  D4 above=T1 pat=000 resclass=[ 19195, -33155, -209 ] xT=false
  D4 above=T3 pat=000 resclass=[ -209, -15, 3135 ] xT=false
  D4 above=T2 pat=000 resclass=[ -33155, 19893, -15 ] xT=false
  D4 above=T3 pat=000 resclass=[ -209, -15, 3135 ] xT=false
  D4 above=T2 pat=000 resclass=[ -33155, 19893, -15 ] xT=false
MEMBER stv 1/4 4 1 shape=[ 1, 1, 2, 2 ] tors=[ 4, 4 ] order4=12 norm111=0 xTpass=0
  D4 above=T1 pat=000 resclass=[ 3508539135, -974865, -3599 ] xT=false
  D4 above=T1 pat=000 resclass=[ 3508539135, -974865, -3599 ] xT=false
  D4 above=T2 pat=000 resclass=[ -974865, -64991, 15 ] xT=false
  D4 above=T3 pat=000 resclass=[ -3599, 15, -53985 ] xT=false
  D4 above=T2 pat=000 resclass=[ -974865, -64991, 15 ] xT=false
  D4 above=T3 pat=000 resclass=[ -3599, 15, -53985 ] xT=false
  D4 above=T1 pat=000 resclass=[ 3508539135, -974865, -3599 ] xT=false
  D4 above=T1 pat=000 resclass=[ 3508539135, -974865, -3599 ] xT=false
  D4 above=T2 pat=000 resclass=[ -974865, -64991, 15 ] xT=false
  D4 above=T3 pat=000 resclass=[ -3599, 15, -53985 ] xT=false
  D4 above=T2 pat=000 resclass=[ -974865, -64991, 15 ] xT=false
  D4 above=T3 pat=000 resclass=[ -3599, 15, -53985 ] xT=false
MEMBER stv 1/3 3 1/3 shape=[ 1, 1, 2, 2 ] tors=[ 4, 4 ] order4=12 norm111=0 xTpass=0
  D4 above=T2 pat=000 resclass=[ -6510, -3255, 2 ] xT=false
  D4 above=T2 pat=000 resclass=[ -6510, -3255, 2 ] xT=false
  D4 above=T3 pat=000 resclass=[ -23, 2, -46 ] xT=false
  D4 above=T1 pat=000 resclass=[ 149730, -6510, -23 ] xT=false
  D4 above=T3 pat=000 resclass=[ -23, 2, -46 ] xT=false
  D4 above=T1 pat=000 resclass=[ 149730, -6510, -23 ] xT=false
  D4 above=T2 pat=000 resclass=[ -6510, -3255, 2 ] xT=false
  D4 above=T2 pat=000 resclass=[ -6510, -3255, 2 ] xT=false
  D4 above=T3 pat=000 resclass=[ -23, 2, -46 ] xT=false
  D4 above=T1 pat=000 resclass=[ 149730, -6510, -23 ] xT=false
  D4 above=T3 pat=000 resclass=[ -23, 2, -46 ] xT=false
  D4 above=T1 pat=000 resclass=[ 149730, -6510, -23 ] xT=false
MEMBER stv 1/2 3/2 2 shape=[ 1, 1, 2, 2 ] tors=[ 4, 4 ] order4=12 norm111=0 xTpass=0
  D4 above=T1 pat=000 resclass=[ 2310, -110, -21 ] xT=false
  D4 above=T1 pat=000 resclass=[ 2310, -110, -21 ] xT=false
  D4 above=T3 pat=000 resclass=[ -21, 5, -105 ] xT=false
  D4 above=T2 pat=000 resclass=[ -110, -22, 5 ] xT=false
  D4 above=T3 pat=000 resclass=[ -21, 5, -105 ] xT=false
  D4 above=T2 pat=000 resclass=[ -110, -22, 5 ] xT=false
  D4 above=T1 pat=000 resclass=[ 2310, -110, -21 ] xT=false
  D4 above=T1 pat=000 resclass=[ 2310, -110, -21 ] xT=false
  D4 above=T3 pat=000 resclass=[ -21, 5, -105 ] xT=false
  D4 above=T2 pat=000 resclass=[ -110, -22, 5 ] xT=false
  D4 above=T3 pat=000 resclass=[ -21, 5, -105 ] xT=false
  D4 above=T2 pat=000 resclass=[ -110, -22, 5 ] xT=false
MEMBER stv 2/3 4/3 3/4 shape=[ 1, 1, 2, 2 ] tors=[ 4, 4 ] order4=12 norm111=0 xTpass=0
  D4 above=T1 pat=000 resclass=[ -546, 42, -13 ] xT=false
  D4 above=T1 pat=000 resclass=[ -546, 42, -13 ] xT=false
  D4 above=T2 pat=000 resclass=[ 42, 6, 7 ] xT=false
  D4 above=T3 pat=000 resclass=[ -13, 7, -91 ] xT=false
  D4 above=T2 pat=000 resclass=[ 42, 6, 7 ] xT=false
  D4 above=T3 pat=000 resclass=[ -13, 7, -91 ] xT=false
  D4 above=T1 pat=000 resclass=[ -546, 42, -13 ] xT=false
  D4 above=T1 pat=000 resclass=[ -546, 42, -13 ] xT=false
  D4 above=T2 pat=000 resclass=[ 42, 6, 7 ] xT=false
  D4 above=T3 pat=000 resclass=[ -13, 7, -91 ] xT=false
  D4 above=T2 pat=000 resclass=[ 42, 6, 7 ] xT=false
  D4 above=T3 pat=000 resclass=[ -13, 7, -91 ] xT=false
MEMBER stv 3/4 3/4 1/4 shape=[ 1, 1, 2, 2 ] tors=[ 4, 4 ] order4=12 norm111=0 xTpass=0
  D4 above=T1 pat=000 resclass=[ -59758895, -629041, 95 ] xT=false
  D4 above=T1 pat=000 resclass=[ -59758895, -629041, 95 ] xT=false
  D4 above=T2 pat=000 resclass=[ -629041, 89863, -7 ] xT=false
  D4 above=T3 pat=000 resclass=[ 95, -7, -665 ] xT=false
  D4 above=T2 pat=000 resclass=[ -629041, 89863, -7 ] xT=false
  D4 above=T3 pat=000 resclass=[ 95, -7, -665 ] xT=false
  D4 above=T1 pat=000 resclass=[ -59758895, -629041, 95 ] xT=false
  D4 above=T1 pat=000 resclass=[ -59758895, -629041, 95 ] xT=false
  D4 above=T2 pat=000 resclass=[ -629041, 89863, -7 ] xT=false
  D4 above=T3 pat=000 resclass=[ 95, -7, -665 ] xT=false
  D4 above=T2 pat=000 resclass=[ -629041, 89863, -7 ] xT=false
  D4 above=T3 pat=000 resclass=[ 95, -7, -665 ] xT=false
MEMBER stv 1 1/2 3/2 shape=[ 1, 1, 2, 2 ] tors=[ 4, 4 ] order4=12 norm111=0 xTpass=0
  D4 above=T3 pat=000 resclass=[ 7, -3, -21 ] xT=false
  D4 above=T3 pat=000 resclass=[ 7, -3, -21 ] xT=false
  D4 above=T2 pat=000 resclass=[ -890, 2670, -3 ] xT=false
  D4 above=T1 pat=000 resclass=[ -6230, -890, 7 ] xT=false
  D4 above=T2 pat=000 resclass=[ -890, 2670, -3 ] xT=false
  D4 above=T1 pat=000 resclass=[ -6230, -890, 7 ] xT=false
  D4 above=T3 pat=000 resclass=[ 7, -3, -21 ] xT=false
  D4 above=T3 pat=000 resclass=[ 7, -3, -21 ] xT=false
  D4 above=T2 pat=000 resclass=[ -890, 2670, -3 ] xT=false
  D4 above=T1 pat=000 resclass=[ -6230, -890, 7 ] xT=false
  D4 above=T2 pat=000 resclass=[ -890, 2670, -3 ] xT=false
  D4 above=T1 pat=000 resclass=[ -6230, -890, 7 ] xT=false
MEMBER stv 4/3 1/3 2/3 shape=[ 1, 1, 2, 2 ] tors=[ 4, 4 ] order4=12 norm111=0 xTpass=0
  D4 above=T1 pat=000 resclass=[ -484095, -96819, 5 ] xT=false
  D4 above=T1 pat=000 resclass=[ -484095, -96819, 5 ] xT=false
  D4 above=T2 pat=000 resclass=[ -96819, 193638, -2 ] xT=false
  D4 above=T3 pat=000 resclass=[ 5, -2, -10 ] xT=false
  D4 above=T2 pat=000 resclass=[ -96819, 193638, -2 ] xT=false
  D4 above=T3 pat=000 resclass=[ 5, -2, -10 ] xT=false
  D4 above=T1 pat=000 resclass=[ -484095, -96819, 5 ] xT=false
  D4 above=T1 pat=000 resclass=[ -484095, -96819, 5 ] xT=false
  D4 above=T2 pat=000 resclass=[ -96819, 193638, -2 ] xT=false
  D4 above=T3 pat=000 resclass=[ 5, -2, -10 ] xT=false
  D4 above=T2 pat=000 resclass=[ -96819, 193638, -2 ] xT=false
  D4 above=T3 pat=000 resclass=[ 5, -2, -10 ] xT=false
MEMBER stv 4/3 4 4 shape=[ 1, 1, 2, 2 ] tors=[ 4, 4 ] order4=12 norm111=0 xTpass=0
  D4 above=T1 pat=000 resclass=[ 384615465, -9380865, -41 ] xT=false
  D4 above=T1 pat=000 resclass=[ 384615465, -9380865, -41 ] xT=false
  D4 above=T3 pat=000 resclass=[ -41, 15, -615 ] xT=false
  D4 above=T2 pat=000 resclass=[ -9380865, -625391, 15 ] xT=false
  D4 above=T3 pat=000 resclass=[ -41, 15, -615 ] xT=false
  D4 above=T2 pat=000 resclass=[ -9380865, -625391, 15 ] xT=false
  D4 above=T1 pat=000 resclass=[ 384615465, -9380865, -41 ] xT=false
  D4 above=T1 pat=000 resclass=[ 384615465, -9380865, -41 ] xT=false
  D4 above=T3 pat=000 resclass=[ -41, 15, -615 ] xT=false
  D4 above=T2 pat=000 resclass=[ -9380865, -625391, 15 ] xT=false
  D4 above=T3 pat=000 resclass=[ -41, 15, -615 ] xT=false
  D4 above=T2 pat=000 resclass=[ -9380865, -625391, 15 ] xT=false
MEMBER stv 3/2 3 4/3 shape=[ 1, 1, 2, 2 ] tors=[ 4, 4 ] order4=12 norm111=0 xTpass=0
  D4 above=T1 pat=000 resclass=[ 34086, -138, -247 ] xT=false
  D4 above=T1 pat=000 resclass=[ 34086, -138, -247 ] xT=false
  D4 above=T2 pat=000 resclass=[ -138, -69, 2 ] xT=false
  D4 above=T3 pat=000 resclass=[ -247, 2, -494 ] xT=false
  D4 above=T2 pat=000 resclass=[ -138, -69, 2 ] xT=false
  D4 above=T3 pat=000 resclass=[ -247, 2, -494 ] xT=false
  D4 above=T1 pat=000 resclass=[ 34086, -138, -247 ] xT=false
  D4 above=T1 pat=000 resclass=[ 34086, -138, -247 ] xT=false
  D4 above=T2 pat=000 resclass=[ -138, -69, 2 ] xT=false
  D4 above=T3 pat=000 resclass=[ -247, 2, -494 ] xT=false
  D4 above=T2 pat=000 resclass=[ -138, -69, 2 ] xT=false
  D4 above=T3 pat=000 resclass=[ -247, 2, -494 ] xT=false
MEMBER stv 2 2 1/2 shape=[ 1, 1, 2, 2 ] tors=[ 4, 4 ] order4=12 norm111=0 xTpass=0
  D4 above=T2 pat=000 resclass=[ -6, -2, 3 ] xT=false
  D4 above=T2 pat=000 resclass=[ -6, -2, 3 ] xT=false
  D4 above=T3 pat=000 resclass=[ -5, 3, -15 ] xT=false
  D4 above=T1 pat=000 resclass=[ 30, -6, -5 ] xT=false
  D4 above=T3 pat=000 resclass=[ -5, 3, -15 ] xT=false
  D4 above=T1 pat=000 resclass=[ 30, -6, -5 ] xT=false
  D4 above=T2 pat=000 resclass=[ -6, -2, 3 ] xT=false
  D4 above=T2 pat=000 resclass=[ -6, -2, 3 ] xT=false
  D4 above=T3 pat=000 resclass=[ -5, 3, -15 ] xT=false
  D4 above=T1 pat=000 resclass=[ 30, -6, -5 ] xT=false
  D4 above=T3 pat=000 resclass=[ -5, 3, -15 ] xT=false
  D4 above=T1 pat=000 resclass=[ 30, -6, -5 ] xT=false
MEMBER stv 3 4/3 3 shape=[ 1, 1, 2, 2 ] tors=[ 4, 4 ] order4=12 norm111=0 xTpass=0
  D4 above=T3 pat=000 resclass=[ 170, 7, 1190 ] xT=false
  D4 above=T3 pat=000 resclass=[ 170, 7, 1190 ] xT=false
  D4 above=T1 pat=000 resclass=[ 27370, 161, 170 ] xT=false
  D4 above=T2 pat=000 resclass=[ 161, 23, 7 ] xT=false
  D4 above=T1 pat=000 resclass=[ 27370, 161, 170 ] xT=false
  D4 above=T2 pat=000 resclass=[ 161, 23, 7 ] xT=false
  D4 above=T3 pat=000 resclass=[ 170, 7, 1190 ] xT=false
  D4 above=T3 pat=000 resclass=[ 170, 7, 1190 ] xT=false
  D4 above=T1 pat=000 resclass=[ 27370, 161, 170 ] xT=false
  D4 above=T2 pat=000 resclass=[ 161, 23, 7 ] xT=false
  D4 above=T1 pat=000 resclass=[ 27370, 161, 170 ] xT=false
  D4 above=T2 pat=000 resclass=[ 161, 23, 7 ] xT=false
MEMBER stv 4 3/4 1 shape=[ 1, 1, 2, 2 ] tors=[ 4, 4 ] order4=12 norm111=0 xTpass=0
  D4 above=T2 pat=000 resclass=[ -525385, 75055, -7 ] xT=false
  D4 above=T2 pat=000 resclass=[ -525385, 75055, -7 ] xT=false
  D4 above=T1 pat=000 resclass=[ -2126233095, -525385, 4047 ] xT=false
  D4 above=T3 pat=000 resclass=[ 4047, -7, -28329 ] xT=false
  D4 above=T1 pat=000 resclass=[ -2126233095, -525385, 4047 ] xT=false
  D4 above=T3 pat=000 resclass=[ 4047, -7, -28329 ] xT=false
  D4 above=T2 pat=000 resclass=[ -525385, 75055, -7 ] xT=false
  D4 above=T2 pat=000 resclass=[ -525385, 75055, -7 ] xT=false
  D4 above=T1 pat=000 resclass=[ -2126233095, -525385, 4047 ] xT=false
  D4 above=T3 pat=000 resclass=[ 4047, -7, -28329 ] xT=false
  D4 above=T1 pat=000 resclass=[ -2126233095, -525385, 4047 ] xT=false
  D4 above=T3 pat=000 resclass=[ 4047, -7, -28329 ] xT=false
MEMBER stv 1/4 5 19/16 shape=[ 1, 1, 2, 2 ] tors=[ 4, 4 ] order4=12 norm111=0 xTpass=0
  D4 above=T3 pat=000 resclass=[ -9215, 6, -55290 ] xT=false
  D4 above=T3 pat=000 resclass=[ -9215, 6, -55290 ] xT=false
  D4 above=T2 pat=000 resclass=[ -9135390, -1522565, 6 ] xT=false
  D4 above=T1 pat=000 resclass=[ 9327714, -9135390, -9215 ] xT=false
  D4 above=T2 pat=000 resclass=[ -9135390, -1522565, 6 ] xT=false
  D4 above=T1 pat=000 resclass=[ 9327714, -9135390, -9215 ] xT=false
  D4 above=T3 pat=000 resclass=[ -9215, 6, -55290 ] xT=false
  D4 above=T3 pat=000 resclass=[ -9215, 6, -55290 ] xT=false
  D4 above=T2 pat=000 resclass=[ -9135390, -1522565, 6 ] xT=false
  D4 above=T1 pat=000 resclass=[ 9327714, -9135390, -9215 ] xT=false
  D4 above=T2 pat=000 resclass=[ -9135390, -1522565, 6 ] xT=false
  D4 above=T1 pat=000 resclass=[ 9327714, -9135390, -9215 ] xT=false
MEMBER stv 2 3 -5/2 shape=[ 1, 1, 2, 2 ] tors=[ 4, 4 ] order4=12 norm111=0 xTpass=0
  D4 above=T2 pat=000 resclass=[ 95, 190, 2 ] xT=false
  D4 above=T2 pat=000 resclass=[ 95, 190, 2 ] xT=false
  D4 above=T3 pat=000 resclass=[ -15, 2, -30 ] xT=false
  D4 above=T1 pat=000 resclass=[ -57, 95, -15 ] xT=false
  D4 above=T3 pat=000 resclass=[ -15, 2, -30 ] xT=false
  D4 above=T1 pat=000 resclass=[ -57, 95, -15 ] xT=false
  D4 above=T2 pat=000 resclass=[ 95, 190, 2 ] xT=false
  D4 above=T2 pat=000 resclass=[ 95, 190, 2 ] xT=false
  D4 above=T3 pat=000 resclass=[ -15, 2, -30 ] xT=false
  D4 above=T1 pat=000 resclass=[ -57, 95, -15 ] xT=false
  D4 above=T3 pat=000 resclass=[ -15, 2, -30 ] xT=false
  D4 above=T1 pat=000 resclass=[ -57, 95, -15 ] xT=false
MEMBER stv 4/7 11/19 7/2 shape=[ 1, 1, 2, 2 ] tors=[ 4, 4 ] order4=12 norm111=0 xTpass=0
  D4 above=T1 pat=000 resclass=[ 191115878030, -4147570, -46079 ] xT=false
  D4 above=T1 pat=000 resclass=[ 191115878030, -4147570, -46079 ] xT=false
  D4 above=T2 pat=000 resclass=[ -4147570, 2488542, -15 ] xT=false
  D4 above=T3 pat=000 resclass=[ -46079, -15, 691185 ] xT=false
  D4 above=T2 pat=000 resclass=[ -4147570, 2488542, -15 ] xT=false
  D4 above=T3 pat=000 resclass=[ -46079, -15, 691185 ] xT=false
  D4 above=T1 pat=000 resclass=[ 191115878030, -4147570, -46079 ] xT=false
  D4 above=T1 pat=000 resclass=[ 191115878030, -4147570, -46079 ] xT=false
  D4 above=T2 pat=000 resclass=[ -4147570, 2488542, -15 ] xT=false
  D4 above=T3 pat=000 resclass=[ -46079, -15, 691185 ] xT=false
  D4 above=T2 pat=000 resclass=[ -4147570, 2488542, -15 ] xT=false
  D4 above=T3 pat=000 resclass=[ -46079, -15, 691185 ] xT=false
PART_DONE part=63
