MEMBER stv 1/4 1/4 -3 shape=[ 1, 1, 2, 2 ] tors=[ 4, 4 ] order4=12 norm111=0 xTpass=0
  D4 above=T3 pat=000 resclass=[ -209, -15, 3135 ] xT=false
  D4 above=T3 pat=000 resclass=[ -209, -15, 3135 ] xT=false
  D4 above=T2 pat=000 resclass=[ 10595, -6357, -15 ] xT=false
  D4 above=T1 pat=000 resclass=[ -2214355, 10595, -209 ] xT=false
  D4 above=T2 pat=000 resclass=[ 10595, -6357, -15 ] xT=false
  D4 above=T1 pat=000 resclass=[ -2214355, 10595, -209 ] xT=false
  D4 above=T3 pat=000 resclass=[ -209, -15, 3135 ] xT=false
  D4 above=T3 pat=000 resclass=[ -209, -15, 3135 ] xT=false
  D4 above=T2 pat=000 resclass=[ 10595, -6357, -15 ] xT=false
  D4 above=T1 pat=000 resclass=[ -2214355, 10595, -209 ] xT=false
  D4 above=T2 pat=000 resclass=[ 10595, -6357, -15 ] xT=false
  D4 above=T1 pat=000 resclass=[ -2214355, 10595, -209 ] xT=false
MEMBER stv 1/4 4 -1 shape=[ 1, 1, 2, 2 ] tors=[ 4, 4 ] order4=12 norm111=0 xTpass=0
  D4 above=T2 pat=000 resclass=[ -3855, -257, 15 ] xT=false
  D4 above=T2 pat=000 resclass=[ -3855, -257, 15 ] xT=false
  D4 above=T1 pat=000 resclass=[ 13874145, -3855, -3599 ] xT=false
  D4 above=T3 pat=000 resclass=[ -3599, 15, -53985 ] xT=false
  D4 above=T1 pat=000 resclass=[ 13874145, -3855, -3599 ] xT=false
  D4 above=T3 pat=000 resclass=[ -3599, 15, -53985 ] xT=false
  D4 above=T2 pat=000 resclass=[ -3855, -257, 15 ] xT=false
  D4 above=T2 pat=000 resclass=[ -3855, -257, 15 ] xT=false
  D4 above=T1 pat=000 resclass=[ 13874145, -3855, -3599 ] xT=false
  D4 above=T3 pat=000 resclass=[ -3599, 15, -53985 ] xT=false
  D4 above=T1 pat=000 resclass=[ 13874145, -3855, -3599 ] xT=false
  D4 above=T3 pat=000 resclass=[ -3599, 15, -53985 ] xT=false
MEMBER stv 1/3 3 -1/3 shape=[ 1, 1, 2, 2 ] tors=[ 4, 4 ] order4=12 norm111=0 xTpass=0
  D4 above=T2 pat=000 resclass=[ -26286, -13143, 2 ] xT=false
  D4 above=T2 pat=000 resclass=[ -26286, -13143, 2 ] xT=false
  D4 above=T3 pat=000 resclass=[ -23, 2, -46 ] xT=false
  D4 above=T1 pat=000 resclass=[ 604578, -26286, -23 ] xT=false
  D4 above=T3 pat=000 resclass=[ -23, 2, -46 ] xT=false
  D4 above=T1 pat=000 resclass=[ 604578, -26286, -23 ] xT=false
  D4 above=T2 pat=000 resclass=[ -26286, -13143, 2 ] xT=false
  D4 above=T2 pat=000 resclass=[ -26286, -13143, 2 ] xT=false
  D4 above=T3 pat=000 resclass=[ -23, 2, -46 ] xT=false
  D4 above=T1 pat=000 resclass=[ 604578, -26286, -23 ] xT=false
  D4 above=T3 pat=000 resclass=[ -23, 2, -46 ] xT=false
  D4 above=T1 pat=000 resclass=[ 604578, -26286, -23 ] xT=false
MEMBER stv 1/2 3/2 -2 shape=[ 1, 1, 2, 2 ] tors=[ 4, 4 ] order4=12 norm111=0 xTpass=0
  D4 above=T1 pat=000 resclass=[ 210, -10, -21 ] xT=false
  D4 above=T1 pat=000 resclass=[ 210, -10, -21 ] xT=false
  D4 above=T3 pat=000 resclass=[ -21, 5, -105 ] xT=false
  D4 above=T2 pat=000 resclass=[ -10, -2, 5 ] xT=false
  D4 above=T3 pat=000 resclass=[ -21, 5, -105 ] xT=false
  D4 above=T2 pat=000 resclass=[ -10, -2, 5 ] xT=false
  D4 above=T1 pat=000 resclass=[ 210, -10, -21 ] xT=false
  D4 above=T1 pat=000 resclass=[ 210, -10, -21 ] xT=false
  D4 above=T3 pat=000 resclass=[ -21, 5, -105 ] xT=false
  D4 above=T2 pat=000 resclass=[ -10, -2, 5 ] xT=false
  D4 above=T3 pat=000 resclass=[ -21, 5, -105 ] xT=false
  D4 above=T2 pat=000 resclass=[ -10, -2, 5 ] xT=false
MEMBER stv 2/3 4/3 -3/4 shape=[ 1, 1, 2, 2 ] tors=[ 4, 4 ] order4=12 norm111=0 xTpass=0
  D4 above=T2 pat=000 resclass=[ -483, -69, 7 ] xT=false
  D4 above=T2 pat=000 resclass=[ -483, -69, 7 ] xT=false
  D4 above=T3 pat=000 resclass=[ -13, 7, -91 ] xT=false
  D4 above=T1 pat=000 resclass=[ 6279, -483, -13 ] xT=false
  D4 above=T3 pat=000 resclass=[ -13, 7, -91 ] xT=false
  D4 above=T1 pat=000 resclass=[ 6279, -483, -13 ] xT=false
  D4 above=T2 pat=000 resclass=[ -483, -69, 7 ] xT=false
  D4 above=T2 pat=000 resclass=[ -483, -69, 7 ] xT=false
  D4 above=T3 pat=000 resclass=[ -13, 7, -91 ] xT=false
  D4 above=T1 pat=000 resclass=[ 6279, -483, -13 ] xT=false
  D4 above=T3 pat=000 resclass=[ -13, 7, -91 ] xT=false
  D4 above=T1 pat=000 resclass=[ 6279, -483, -13 ] xT=false
MEMBER stv 3/4 3/4 -1/4 shape=[ 1, 1, 2, 2 ] tors=[ 4, 4 ] order4=12 norm111=0 xTpass=0
  D4 above=T2 pat=000 resclass=[ 314545, -44935, -7 ] xT=false
  D4 above=T2 pat=000 resclass=[ 314545, -44935, -7 ] xT=false
  D4 above=T1 pat=000 resclass=[ 3311, 314545, 95 ] xT=false
  D4 above=T3 pat=000 resclass=[ 95, -7, -665 ] xT=false
  D4 above=T1 pat=000 resclass=[ 3311, 314545, 95 ] xT=false
  D4 above=T3 pat=000 resclass=[ 95, -7, -665 ] xT=false
  D4 above=T2 pat=000 resclass=[ 314545, -44935, -7 ] xT=false
  D4 above=T2 pat=000 resclass=[ 314545, -44935, -7 ] xT=false
  D4 above=T1 pat=000 resclass=[ 3311, 314545, 95 ] xT=false
  D4 above=T3 pat=000 resclass=[ 95, -7, -665 ] xT=false
  D4 above=T1 pat=000 resclass=[ 3311, 314545, 95 ] xT=false
  D4 above=T3 pat=000 resclass=[ 95, -7, -665 ] xT=false
MEMBER stv 1 1/2 -3/2 shape=[ 1, 1, 2, 2 ] tors=[ 4, 4 ] order4=12 norm111=0 xTpass=0
  D4 above=T1 pat=000 resclass=[ 14, 2, 7 ] xT=false
  D4 above=T1 pat=000 resclass=[ 14, 2, 7 ] xT=false
  D4 above=T2 pat=000 resclass=[ 2, -6, -3 ] xT=false
  D4 above=T3 pat=000 resclass=[ 7, -3, -21 ] xT=false
  D4 above=T2 pat=000 resclass=[ 2, -6, -3 ] xT=false
  D4 above=T3 pat=000 resclass=[ 7, -3, -21 ] xT=false
  D4 above=T1 pat=000 resclass=[ 14, 2, 7 ] xT=false
  D4 above=T1 pat=000 resclass=[ 14, 2, 7 ] xT=false
  D4 above=T2 pat=000 resclass=[ 2, -6, -3 ] xT=false
  D4 above=T3 pat=000 resclass=[ 7, -3, -21 ] xT=false
  D4 above=T2 pat=000 resclass=[ 2, -6, -3 ] xT=false
  D4 above=T3 pat=000 resclass=[ 7, -3, -21 ] xT=false
MEMBER stv 4/3 1/3 -2/3 shape=[ 1, 1, 2, 2 ] tors=[ 4, 4 ] order4=12 norm111=0 xTpass=0
  D4 above=T2 pat=000 resclass=[ 915, -1830, -2 ] xT=false
  D4 above=T2 pat=000 resclass=[ 915, -1830, -2 ] xT=false
  D4 above=T1 pat=000 resclass=[ 183, 915, 5 ] xT=false
  D4 above=T3 pat=000 resclass=[ 5, -2, -10 ] xT=false
  D4 above=T1 pat=000 resclass=[ 183, 915, 5 ] xT=false
  D4 above=T3 pat=000 resclass=[ 5, -2, -10 ] xT=false
  D4 above=T2 pat=000 resclass=[ 915, -1830, -2 ] xT=false
  D4 above=T2 pat=000 resclass=[ 915, -1830, -2 ] xT=false
  D4 above=T1 pat=000 resclass=[ 183, 915, 5 ] xT=false
  D4 above=T3 pat=000 resclass=[ 5, -2, -10 ] xT=false
  D4 above=T1 pat=000 resclass=[ 183, 915, 5 ] xT=false
  D4 above=T3 pat=000 resclass=[ 5, -2, -10 ] xT=false
MEMBER stv 4/3 4 -4 shape=[ 1, 1, 2, 2 ] tors=[ 4, 4 ] order4=12 norm111=0 xTpass=0
  D4 above=T3 pat=000 resclass=[ -41, 15, -615 ] xT=false
  D4 above=T3 pat=000 resclass=[ -41, 15, -615 ] xT=false
  D4 above=T1 pat=000 resclass=[ -11615505, 283305, -41 ] xT=false
  D4 above=T2 pat=000 resclass=[ 283305, 18887, 15 ] xT=false
  D4 above=T1 pat=000 resclass=[ -11615505, 283305, -41 ] xT=false
  D4 above=T2 pat=000 resclass=[ 283305, 18887, 15 ] xT=false
  D4 above=T3 pat=000 resclass=[ -41, 15, -615 ] xT=false
  D4 above=T3 pat=000 resclass=[ -41, 15, -615 ] xT=false
  D4 above=T1 pat=000 resclass=[ -11615505, 283305, -41 ] xT=false
  D4 above=T2 pat=000 resclass=[ 283305, 18887, 15 ] xT=false
  D4 above=T1 pat=000 resclass=[ -11615505, 283305, -41 ] xT=false
  D4 above=T2 pat=000 resclass=[ 283305, 18887, 15 ] xT=false
MEMBER stv 3/2 3 -4/3 shape=[ 1, 1, 2, 2 ] tors=[ 4, 4 ] order4=12 norm111=0 xTpass=0
  D4 above=T3 pat=000 resclass=[ -247, 2, -494 ] xT=false
  D4 above=T3 pat=000 resclass=[ -247, 2, -494 ] xT=false
  D4 above=T2 pat=000 resclass=[ 282, 141, 2 ] xT=false
  D4 above=T1 pat=000 resclass=[ -69654, 282, -247 ] xT=false
  D4 above=T2 pat=000 resclass=[ 282, 141, 2 ] xT=false
  D4 above=T1 pat=000 resclass=[ -69654, 282, -247 ] xT=false
  D4 above=T3 pat=000 resclass=[ -247, 2, -494 ] xT=false
  D4 above=T3 pat=000 resclass=[ -247, 2, -494 ] xT=false
  D4 above=T2 pat=000 resclass=[ 282, 141, 2 ] xT=false
  D4 above=T1 pat=000 resclass=[ -69654, 282, -247 ] xT=false
  D4 above=T2 pat=000 resclass=[ 282, 141, 2 ] xT=false
  D4 above=T1 pat=000 resclass=[ -69654, 282, -247 ] xT=false
MEMBER stv 2 2 -1/2 shape=[ 1, 1, 2, 2 ] tors=[ 4, 4 ] order4=12 norm111=0 xTpass=0
  D4 above=T3 pat=000 resclass=[ -5, 3, -15 ] xT=false
  D4 above=T3 pat=000 resclass=[ -5, 3, -15 ] xT=false
  D4 above=T1 pat=000 resclass=[ -6, 30, -5 ] xT=false
  D4 above=T2 pat=000 resclass=[ 30, 10, 3 ] xT=false
  D4 above=T1 pat=000 resclass=[ -6, 30, -5 ] xT=false
  D4 above=T2 pat=000 resclass=[ 30, 10, 3 ] xT=false
  D4 above=T3 pat=000 resclass=[ -5, 3, -15 ] xT=false
  D4 above=T3 pat=000 resclass=[ -5, 3, -15 ] xT=false
  D4 above=T1 pat=000 resclass=[ -6, 30, -5 ] xT=false
  D4 above=T2 pat=000 resclass=[ 30, 10, 3 ] xT=false
  D4 above=T1 pat=000 resclass=[ -6, 30, -5 ] xT=false
  D4 above=T2 pat=000 resclass=[ 30, 10, 3 ] xT=false
MEMBER stv 3 4/3 -3 shape=[ 1, 1, 2, 2 ] tors=[ 4, 4 ] order4=12 norm111=0 xTpass=0
  D4 above=T2 pat=000 resclass=[ -26845, -3835, 7 ] xT=false
  D4 above=T2 pat=000 resclass=[ -26845, -3835, 7 ] xT=false
  D4 above=T1 pat=000 resclass=[ -182546, -26845, 170 ] xT=false
  D4 above=T3 pat=000 resclass=[ 170, 7, 1190 ] xT=false
  D4 above=T1 pat=000 resclass=[ -182546, -26845, 170 ] xT=false
  D4 above=T3 pat=000 resclass=[ 170, 7, 1190 ] xT=false
  D4 above=T2 pat=000 resclass=[ -26845, -3835, 7 ] xT=false
  D4 above=T2 pat=000 resclass=[ -26845, -3835, 7 ] xT=false
  D4 above=T1 pat=000 resclass=[ -182546, -26845, 170 ] xT=false
  D4 above=T3 pat=000 resclass=[ 170, 7, 1190 ] xT=false
  D4 above=T1 pat=000 resclass=[ -182546, -26845, 170 ] xT=false
  D4 above=T3 pat=000 resclass=[ 170, 7, 1190 ] xT=false
MEMBER stv 4 3/4 -1 shape=[ 1, 1, 2, 2 ] tors=[ 4, 4 ] order4=12 norm111=0 xTpass=0
  D4 above=T3 pat=000 resclass=[ 4047, -7, -28329 ] xT=false
  D4 above=T3 pat=000 resclass=[ 4047, -7, -28329 ] xT=false
  D4 above=T2 pat=000 resclass=[ 45535, -6505, -7 ] xT=false
  D4 above=T1 pat=000 resclass=[ 184280145, 45535, 4047 ] xT=false
  D4 above=T2 pat=000 resclass=[ 45535, -6505, -7 ] xT=false
  D4 above=T1 pat=000 resclass=[ 184280145, 45535, 4047 ] xT=false
  D4 above=T3 pat=000 resclass=[ 4047, -7, -28329 ] xT=false
  D4 above=T3 pat=000 resclass=[ 4047, -7, -28329 ] xT=false
  D4 above=T2 pat=000 resclass=[ 45535, -6505, -7 ] xT=false
  D4 above=T1 pat=000 resclass=[ 184280145, 45535, 4047 ] xT=false
  D4 above=T2 pat=000 resclass=[ 45535, -6505, -7 ] xT=false
  D4 above=T1 pat=000 resclass=[ 184280145, 45535, 4047 ] xT=false
MEMBER stv 11/9 16/19 -11/14 shape=[ 1, 1, 2, 2 ] tors=[ 4, 4 ] order4=12 norm111=0 xTpass=0
  D4 above=T1 pat=000 resclass=[ 2999347407402418545, 3226011838170, 3718954 ] xT=false
  D4 above=T1 pat=000 resclass=[ 2999347407402418545, 3226011838170, 3718954 ] xT=false
  D4 above=T2 pat=000 resclass=[ 3226011838170, -1505472191146, -105 ] xT=false
  D4 above=T3 pat=000 resclass=[ 3718954, -105, -390490170 ] xT=false
  D4 above=T2 pat=000 resclass=[ 3226011838170, -1505472191146, -105 ] xT=false
  D4 above=T3 pat=000 resclass=[ 3718954, -105, -390490170 ] xT=false
  D4 above=T1 pat=000 resclass=[ 2999347407402418545, 3226011838170, 3718954 ] xT=false
  D4 above=T1 pat=000 resclass=[ 2999347407402418545, 3226011838170, 3718954 ] xT=false
  D4 above=T2 pat=000 resclass=[ 3226011838170, -1505472191146, -105 ] xT=false
  D4 above=T3 pat=000 resclass=[ 3718954, -105, -390490170 ] xT=false
  D4 above=T2 pat=000 resclass=[ 3226011838170, -1505472191146, -105 ] xT=false
  D4 above=T3 pat=000 resclass=[ 3718954, -105, -390490170 ] xT=false
MEMBER stv 1/2 16/17 1/2 shape=[ 1, 1, 2, 2 ] tors=[ 4, 4 ] order4=12 norm111=0 xTpass=0
  D4 above=T1 pat=000 resclass=[ -456005758010, -5760194, 79165 ] xT=false
  D4 above=T1 pat=000 resclass=[ -456005758010, -5760194, 79165 ] xT=false
  D4 above=T3 pat=000 resclass=[ 79165, -33, -2612445 ] xT=false
  D4 above=T2 pat=000 resclass=[ -5760194, 1570962, -33 ] xT=false
  D4 above=T3 pat=000 resclass=[ 79165, -33, -2612445 ] xT=false
  D4 above=T2 pat=000 resclass=[ -5760194, 1570962, -33 ] xT=false
  D4 above=T1 pat=000 resclass=[ -456005758010, -5760194, 79165 ] xT=false
  D4 above=T1 pat=000 resclass=[ -456005758010, -5760194, 79165 ] xT=false
  D4 above=T3 pat=000 resclass=[ 79165, -33, -2612445 ] xT=false
  D4 above=T2 pat=000 resclass=[ -5760194, 1570962, -33 ] xT=false
  D4 above=T3 pat=000 resclass=[ 79165, -33, -2612445 ] xT=false
  D4 above=T2 pat=000 resclass=[ -5760194, 1570962, -33 ] xT=false
MEMBER stv 5/2 7/18 -4/3 shape=[ 1, 1, 2, 2 ] tors=[ 4, 4 ] order4=12 norm111=0 xTpass=0
  D4 above=T1 pat=000 resclass=[ 680270262, 29298, 23219 ] xT=false
  D4 above=T1 pat=000 resclass=[ 680270262, 29298, 23219 ] xT=false
  D4 above=T2 pat=000 resclass=[ 29298, -322278, -11 ] xT=false
  D4 above=T3 pat=000 resclass=[ 23219, -11, -255409 ] xT=false
  D4 above=T2 pat=000 resclass=[ 29298, -322278, -11 ] xT=false
  D4 above=T3 pat=000 resclass=[ 23219, -11, -255409 ] xT=false
  D4 above=T1 pat=000 resclass=[ 680270262, 29298, 23219 ] xT=false
  D4 above=T1 pat=000 resclass=[ 680270262, 29298, 23219 ] xT=false
  D4 above=T2 pat=000 resclass=[ 29298, -322278, -11 ] xT=false
  D4 above=T3 pat=000 resclass=[ 23219, -11, -255409 ] xT=false
  D4 above=T2 pat=000 resclass=[ 29298, -322278, -11 ] xT=false
  D4 above=T3 pat=000 resclass=[ 23219, -11, -255409 ] xT=false
PART_DONE part=64
