MEMBER stv 1/4 1/4 4 shape=[ 1, 1, 2, 2 ] tors=[ 4, 4 ] order4=12 norm111=0 xTpass=0
  D4 above=T2 pat=000 resclass=[ -285, 19, -15 ] xT=false
  D4 above=T2 pat=000 resclass=[ -285, 19, -15 ] xT=false
  D4 above=T1 pat=000 resclass=[ 165, -285, -209 ] xT=false
  D4 above=T3 pat=000 resclass=[ -209, -15, 3135 ] xT=false
  D4 above=T1 pat=000 resclass=[ 165, -285, -209 ] xT=false
  D4 above=T3 pat=000 resclass=[ -209, -15, 3135 ] xT=false
  D4 above=T2 pat=000 resclass=[ -285, 19, -15 ] xT=false
  D4 above=T2 pat=000 resclass=[ -285, 19, -15 ] xT=false
  D4 above=T1 pat=000 resclass=[ 165, -285, -209 ] xT=false
  D4 above=T3 pat=000 resclass=[ -209, -15, 3135 ] xT=false
  D4 above=T1 pat=000 resclass=[ 165, -285, -209 ] xT=false
  D4 above=T3 pat=000 resclass=[ -209, -15, 3135 ] xT=false
MEMBER stv 1/4 4 4/3 shape=[ 1, 1, 2, 2 ] tors=[ 4, 4 ] order4=12 norm111=0 xTpass=0
  D4 above=T3 pat=000 resclass=[ -3599, 15, -53985 ] xT=false
  D4 above=T3 pat=000 resclass=[ -3599, 15, -53985 ] xT=false
  D4 above=T2 pat=000 resclass=[ -248755, -149253, 15 ] xT=false
  D4 above=T1 pat=000 resclass=[ 895269245, -248755, -3599 ] xT=false
  D4 above=T2 pat=000 resclass=[ -248755, -149253, 15 ] xT=false
  D4 above=T1 pat=000 resclass=[ 895269245, -248755, -3599 ] xT=false
  D4 above=T3 pat=000 resclass=[ -3599, 15, -53985 ] xT=false
  D4 above=T3 pat=000 resclass=[ -3599, 15, -53985 ] xT=false
  D4 above=T2 pat=000 resclass=[ -248755, -149253, 15 ] xT=false
  D4 above=T1 pat=000 resclass=[ 895269245, -248755, -3599 ] xT=false
  D4 above=T2 pat=000 resclass=[ -248755, -149253, 15 ] xT=false
  D4 above=T1 pat=000 resclass=[ 895269245, -248755, -3599 ] xT=false
MEMBER stv 1/3 3 1/2 shape=[ 1, 1, 2, 2 ] tors=[ 4, 4 ] order4=12 norm111=0 xTpass=0
  D4 above=T2 pat=000 resclass=[ -11951, -23902, 2 ] xT=false
  D4 above=T2 pat=000 resclass=[ -11951, -23902, 2 ] xT=false
  D4 above=T3 pat=000 resclass=[ -23, 2, -46 ] xT=false
  D4 above=T1 pat=000 resclass=[ 274873, -11951, -23 ] xT=false
  D4 above=T3 pat=000 resclass=[ -23, 2, -46 ] xT=false
  D4 above=T1 pat=000 resclass=[ 274873, -11951, -23 ] xT=false
  D4 above=T2 pat=000 resclass=[ -11951, -23902, 2 ] xT=false
  D4 above=T2 pat=000 resclass=[ -11951, -23902, 2 ] xT=false
  D4 above=T3 pat=000 resclass=[ -23, 2, -46 ] xT=false
  D4 above=T1 pat=000 resclass=[ 274873, -11951, -23 ] xT=false
  D4 above=T3 pat=000 resclass=[ -23, 2, -46 ] xT=false
  D4 above=T1 pat=000 resclass=[ 274873, -11951, -23 ] xT=false
MEMBER stv 1/2 3/2 3 shape=[ 1, 1, 2, 2 ] tors=[ 4, 4 ] order4=12 norm111=0 xTpass=0
  D4 above=T2 pat=000 resclass=[ -11235, -2247, 5 ] xT=false
  D4 above=T2 pat=000 resclass=[ -11235, -2247, 5 ] xT=false
  D4 above=T1 pat=000 resclass=[ 535, -11235, -21 ] xT=false
  D4 above=T3 pat=000 resclass=[ -21, 5, -105 ] xT=false
  D4 above=T1 pat=000 resclass=[ 535, -11235, -21 ] xT=false
  D4 above=T3 pat=000 resclass=[ -21, 5, -105 ] xT=false
  D4 above=T2 pat=000 resclass=[ -11235, -2247, 5 ] xT=false
  D4 above=T2 pat=000 resclass=[ -11235, -2247, 5 ] xT=false
  D4 above=T1 pat=000 resclass=[ 535, -11235, -21 ] xT=false
  D4 above=T3 pat=000 resclass=[ -21, 5, -105 ] xT=false
  D4 above=T1 pat=000 resclass=[ 535, -11235, -21 ] xT=false
  D4 above=T3 pat=000 resclass=[ -21, 5, -105 ] xT=false
MEMBER stv 2/3 4/3 1 shape=[ 1, 1, 2, 2 ] tors=[ 4, 4 ] order4=12 norm111=0 xTpass=0
  D4 above=T2 pat=000 resclass=[ 455, 65, 7 ] xT=false
  D4 above=T2 pat=000 resclass=[ 455, 65, 7 ] xT=false
  D4 above=T1 pat=000 resclass=[ -35, 455, -13 ] xT=false
  D4 above=T3 pat=000 resclass=[ -13, 7, -91 ] xT=false
  D4 above=T1 pat=000 resclass=[ -35, 455, -13 ] xT=false
  D4 above=T3 pat=000 resclass=[ -13, 7, -91 ] xT=false
  D4 above=T2 pat=000 resclass=[ 455, 65, 7 ] xT=false
  D4 above=T2 pat=000 resclass=[ 455, 65, 7 ] xT=false
  D4 above=T1 pat=000 resclass=[ -35, 455, -13 ] xT=false
  D4 above=T3 pat=000 resclass=[ -13, 7, -91 ] xT=false
  D4 above=T1 pat=000 resclass=[ -35, 455, -13 ] xT=false
  D4 above=T3 pat=000 resclass=[ -13, 7, -91 ] xT=false
MEMBER stv 3/4 3/4 1/3 shape=[ 1, 1, 2, 2 ] tors=[ 4, 4 ] order4=12 norm111=0 xTpass=0
  D4 above=T2 pat=000 resclass=[ -5187, 741, -7 ] xT=false
  D4 above=T2 pat=000 resclass=[ -5187, 741, -7 ] xT=false
  D4 above=T1 pat=000 resclass=[ -1365, -5187, 95 ] xT=false
  D4 above=T3 pat=000 resclass=[ 95, -7, -665 ] xT=false
  D4 above=T1 pat=000 resclass=[ -1365, -5187, 95 ] xT=false
  D4 above=T3 pat=000 resclass=[ 95, -7, -665 ] xT=false
  D4 above=T2 pat=000 resclass=[ -5187, 741, -7 ] xT=false
  D4 above=T2 pat=000 resclass=[ -5187, 741, -7 ] xT=false
  D4 above=T1 pat=000 resclass=[ -1365, -5187, 95 ] xT=false
  D4 above=T3 pat=000 resclass=[ 95, -7, -665 ] xT=false
  D4 above=T1 pat=000 resclass=[ -1365, -5187, 95 ] xT=false
  D4 above=T3 pat=000 resclass=[ 95, -7, -665 ] xT=false
MEMBER stv 1 1/2 2 shape=[ 1, 1, 2, 2 ] tors=[ 4, 4 ] order4=12 norm111=0 xTpass=0
  D4 above=T1 pat=000 resclass=[ -21, -3, 7 ] xT=false
  D4 above=T1 pat=000 resclass=[ -21, -3, 7 ] xT=false
  D4 above=T2 pat=010 resclass=[ -3, 1, -3 ] xT=false
  D4 above=T3 pat=000 resclass=[ 7, -3, -21 ] xT=false
  D4 above=T2 pat=010 resclass=[ -3, 1, -3 ] xT=false
  D4 above=T3 pat=000 resclass=[ 7, -3, -21 ] xT=false
  D4 above=T1 pat=000 resclass=[ -21, -3, 7 ] xT=false
  D4 above=T1 pat=000 resclass=[ -21, -3, 7 ] xT=false
  D4 above=T2 pat=010 resclass=[ -3, 1, -3 ] xT=false
  D4 above=T3 pat=000 resclass=[ 7, -3, -21 ] xT=false
  D4 above=T2 pat=010 resclass=[ -3, 1, -3 ] xT=false
  D4 above=T3 pat=000 resclass=[ 7, -3, -21 ] xT=false
MEMBER stv 4/3 1/3 3/4 shape=[ 1, 1, 2, 2 ] tors=[ 4, 4 ] order4=12 norm111=0 xTpass=0
  D4 above=T1 pat=000 resclass=[ -546, -2730, 5 ] xT=false
  D4 above=T1 pat=000 resclass=[ -546, -2730, 5 ] xT=false
  D4 above=T2 pat=000 resclass=[ -2730, 1365, -2 ] xT=false
  D4 above=T3 pat=000 resclass=[ 5, -2, -10 ] xT=false
  D4 above=T2 pat=000 resclass=[ -2730, 1365, -2 ] xT=false
  D4 above=T3 pat=000 resclass=[ 5, -2, -10 ] xT=false
  D4 above=T1 pat=000 resclass=[ -546, -2730, 5 ] xT=false
  D4 above=T1 pat=000 resclass=[ -546, -2730, 5 ] xT=false
  D4 above=T2 pat=000 resclass=[ -2730, 1365, -2 ] xT=false
  D4 above=T3 pat=000 resclass=[ 5, -2, -10 ] xT=false
  D4 above=T2 pat=000 resclass=[ -2730, 1365, -2 ] xT=false
  D4 above=T3 pat=000 resclass=[ 5, -2, -10 ] xT=false
MEMBER stv 3/2 1/4 1/4 shape=[ 1, 1, 2, 2 ] tors=[ 4, 4 ] order4=12 norm111=0 xTpass=0
  D4 above=T2 pat=000 resclass=[ -969, 1615, -15 ] xT=false
  D4 above=T2 pat=000 resclass=[ -969, 1615, -15 ] xT=false
  D4 above=T1 pat=000 resclass=[ -4199, -969, 39 ] xT=false
  D4 above=T3 pat=000 resclass=[ 39, -15, -65 ] xT=false
  D4 above=T1 pat=000 resclass=[ -4199, -969, 39 ] xT=false
  D4 above=T3 pat=000 resclass=[ 39, -15, -65 ] xT=false
  D4 above=T2 pat=000 resclass=[ -969, 1615, -15 ] xT=false
  D4 above=T2 pat=000 resclass=[ -969, 1615, -15 ] xT=false
  D4 above=T1 pat=000 resclass=[ -4199, -969, 39 ] xT=false
  D4 above=T3 pat=000 resclass=[ 39, -15, -65 ] xT=false
  D4 above=T1 pat=000 resclass=[ -4199, -969, 39 ] xT=false
  D4 above=T3 pat=000 resclass=[ 39, -15, -65 ] xT=false
MEMBER stv 3/2 3 3/2 shape=[ 1, 1, 2, 2 ] tors=[ 4, 4 ] order4=12 norm111=0 xTpass=0
  D4 above=T2 pat=000 resclass=[ -87045, -174090, 2 ] xT=false
  D4 above=T2 pat=000 resclass=[ -87045, -174090, 2 ] xT=false
  D4 above=T3 pat=000 resclass=[ -247, 2, -494 ] xT=false
  D4 above=T1 pat=000 resclass=[ 21500115, -87045, -247 ] xT=false
  D4 above=T3 pat=000 resclass=[ -247, 2, -494 ] xT=false
  D4 above=T1 pat=000 resclass=[ 21500115, -87045, -247 ] xT=false
  D4 above=T2 pat=000 resclass=[ -87045, -174090, 2 ] xT=false
  D4 above=T2 pat=000 resclass=[ -87045, -174090, 2 ] xT=false
  D4 above=T3 pat=000 resclass=[ -247, 2, -494 ] xT=false
  D4 above=T1 pat=000 resclass=[ 21500115, -87045, -247 ] xT=false
  D4 above=T3 pat=000 resclass=[ -247, 2, -494 ] xT=false
  D4 above=T1 pat=000 resclass=[ 21500115, -87045, -247 ] xT=false
MEMBER stv 2 2 2/3 shape=[ 1, 1, 2, 2 ] tors=[ 4, 4 ] order4=12 norm111=0 xTpass=0
  D4 above=T1 pat=000 resclass=[ 1430, -286, -5 ] xT=false
  D4 above=T1 pat=000 resclass=[ 1430, -286, -5 ] xT=false
  D4 above=T3 pat=000 resclass=[ -5, 3, -15 ] xT=false
  D4 above=T2 pat=000 resclass=[ -286, -858, 3 ] xT=false
  D4 above=T3 pat=000 resclass=[ -5, 3, -15 ] xT=false
  D4 above=T2 pat=000 resclass=[ -286, -858, 3 ] xT=false
  D4 above=T1 pat=000 resclass=[ 1430, -286, -5 ] xT=false
  D4 above=T1 pat=000 resclass=[ 1430, -286, -5 ] xT=false
  D4 above=T3 pat=000 resclass=[ -5, 3, -15 ] xT=false
  D4 above=T2 pat=000 resclass=[ -286, -858, 3 ] xT=false
  D4 above=T3 pat=000 resclass=[ -5, 3, -15 ] xT=false
  D4 above=T2 pat=000 resclass=[ -286, -858, 3 ] xT=false
MEMBER stv 3 4/3 4 shape=[ 1, 1, 2, 2 ] tors=[ 4, 4 ] order4=12 norm111=0 xTpass=0
  D4 above=T1 pat=000 resclass=[ 112232470, 660191, 170 ] xT=false
  D4 above=T1 pat=000 resclass=[ 112232470, 660191, 170 ] xT=false
  D4 above=T3 pat=000 resclass=[ 170, 7, 1190 ] xT=false
  D4 above=T2 pat=000 resclass=[ 660191, 94313, 7 ] xT=false
  D4 above=T3 pat=000 resclass=[ 170, 7, 1190 ] xT=false
  D4 above=T2 pat=000 resclass=[ 660191, 94313, 7 ] xT=false
  D4 above=T1 pat=000 resclass=[ 112232470, 660191, 170 ] xT=false
  D4 above=T1 pat=000 resclass=[ 112232470, 660191, 170 ] xT=false
  D4 above=T3 pat=000 resclass=[ 170, 7, 1190 ] xT=false
  D4 above=T2 pat=000 resclass=[ 660191, 94313, 7 ] xT=false
  D4 above=T3 pat=000 resclass=[ 170, 7, 1190 ] xT=false
  D4 above=T2 pat=000 resclass=[ 660191, 94313, 7 ] xT=false
MEMBER stv 4 3/4 4/3 shape=[ 1, 1, 2, 2 ] tors=[ 4, 4 ] order4=12 norm111=0 xTpass=0
  D4 above=T3 pat=000 resclass=[ 4047, -7, -28329 ] xT=false
  D4 above=T3 pat=000 resclass=[ 4047, -7, -28329 ] xT=false
  D4 above=T1 pat=000 resclass=[ -7625471, -6121857, 4047 ] xT=false
  D4 above=T2 pat=000 resclass=[ -6121857, 874551, -7 ] xT=false
  D4 above=T1 pat=000 resclass=[ -7625471, -6121857, 4047 ] xT=false
  D4 above=T2 pat=000 resclass=[ -6121857, 874551, -7 ] xT=false
  D4 above=T3 pat=000 resclass=[ 4047, -7, -28329 ] xT=false
  D4 above=T3 pat=000 resclass=[ 4047, -7, -28329 ] xT=false
  D4 above=T1 pat=000 resclass=[ -7625471, -6121857, 4047 ] xT=false
  D4 above=T2 pat=000 resclass=[ -6121857, 874551, -7 ] xT=false
  D4 above=T1 pat=000 resclass=[ -7625471, -6121857, 4047 ] xT=false
  D4 above=T2 pat=000 resclass=[ -6121857, 874551, -7 ] xT=false
MEMBER stv 1 11/5 8/5 shape=[ 1, 1, 2, 2 ] tors=[ 4, 4 ] order4=12 norm111=0 xTpass=0
  D4 above=T1 pat=000 resclass=[ 1174097535, -16536585, -71 ] xT=false
  D4 above=T1 pat=000 resclass=[ 1174097535, -16536585, -71 ] xT=false
  D4 above=T3 pat=000 resclass=[ -71, 6, -426 ] xT=false
  D4 above=T2 pat=000 resclass=[ -16536585, -11024390, 6 ] xT=false
  D4 above=T3 pat=000 resclass=[ -71, 6, -426 ] xT=false
  D4 above=T2 pat=000 resclass=[ -16536585, -11024390, 6 ] xT=false
  D4 above=T1 pat=000 resclass=[ 1174097535, -16536585, -71 ] xT=false
  D4 above=T1 pat=000 resclass=[ 1174097535, -16536585, -71 ] xT=false
  D4 above=T3 pat=000 resclass=[ -71, 6, -426 ] xT=false
  D4 above=T2 pat=000 resclass=[ -16536585, -11024390, 6 ] xT=false
  D4 above=T3 pat=000 resclass=[ -71, 6, -426 ] xT=false
  D4 above=T2 pat=000 resclass=[ -16536585, -11024390, 6 ] xT=false
MEMBER stv 10/19 1/10 5/16 shape=[ 1, 1, 2, 2 ] tors=[ 4, 4 ] order4=12 norm111=0 xTpass=0
  D4 above=T1 pat=000 resclass=[ 61268890440167729, -24139087489, -2538161 ] xT=false
  D4 above=T1 pat=000 resclass=[ 61268890440167729, -24139087489, -2538161 ] xT=false
  D4 above=T3 pat=000 resclass=[ -2538161, -11, 27919771 ] xT=false
  D4 above=T2 pat=000 resclass=[ -24139087489, 2194462499, -11 ] xT=false
  D4 above=T3 pat=000 resclass=[ -2538161, -11, 27919771 ] xT=false
  D4 above=T2 pat=000 resclass=[ -24139087489, 2194462499, -11 ] xT=false
  D4 above=T1 pat=000 resclass=[ 61268890440167729, -24139087489, -2538161 ] xT=false
  D4 above=T1 pat=000 resclass=[ 61268890440167729, -24139087489, -2538161 ] xT=false
  D4 above=T3 pat=000 resclass=[ -2538161, -11, 27919771 ] xT=false
  D4 above=T2 pat=000 resclass=[ -24139087489, 2194462499, -11 ] xT=false
  D4 above=T3 pat=000 resclass=[ -2538161, -11, 27919771 ] xT=false
  D4 above=T2 pat=000 resclass=[ -24139087489, 2194462499, -11 ] xT=false
MEMBER stv 1 2/15 -1/9 shape=[ 1, 1, 2, 2 ] tors=[ 4, 4 ] order4=12 norm111=0 xTpass=0
  D4 above=T2 pat=000 resclass=[ 44654818, -202058, -221 ] xT=false
  D4 above=T2 pat=000 resclass=[ 44654818, -202058, -221 ] xT=false
  D4 above=T3 pat=000 resclass=[ 446, -221, -98566 ] xT=false
  D4 above=T1 pat=000 resclass=[ 4979012207, 44654818, 446 ] xT=false
  D4 above=T3 pat=000 resclass=[ 446, -221, -98566 ] xT=false
  D4 above=T1 pat=000 resclass=[ 4979012207, 44654818, 446 ] xT=false
  D4 above=T2 pat=000 resclass=[ 44654818, -202058, -221 ] xT=false
  D4 above=T2 pat=000 resclass=[ 44654818, -202058, -221 ] xT=false
  D4 above=T3 pat=000 resclass=[ 446, -221, -98566 ] xT=false
  D4 above=T1 pat=000 resclass=[ 4979012207, 44654818, 446 ] xT=false
  D4 above=T3 pat=000 resclass=[ 446, -221, -98566 ] xT=false
  D4 above=T1 pat=000 resclass=[ 4979012207, 44654818, 446 ] xT=false
PART_DONE part=65
