MEMBER stv 1/4 1/4 -4 shape=[ 1, 1, 2, 2 ] tors=[ 4, 4 ] order4=12 norm111=0 xTpass=0
  D4 above=T1 pat=000 resclass=[ -285, 165, -209 ] xT=false
  D4 above=T1 pat=000 resclass=[ -285, 165, -209 ] xT=false
  D4 above=T2 pat=000 resclass=[ 165, -11, -15 ] xT=false
  D4 above=T3 pat=000 resclass=[ -209, -15, 3135 ] xT=false
  D4 above=T2 pat=000 resclass=[ 165, -11, -15 ] xT=false
  D4 above=T3 pat=000 resclass=[ -209, -15, 3135 ] xT=false
  D4 above=T1 pat=000 resclass=[ -285, 165, -209 ] xT=false
  D4 above=T1 pat=000 resclass=[ -285, 165, -209 ] xT=false
  D4 above=T2 pat=000 resclass=[ 165, -11, -15 ] xT=false
  D4 above=T3 pat=000 resclass=[ -209, -15, 3135 ] xT=false
  D4 above=T2 pat=000 resclass=[ 165, -11, -15 ] xT=false
  D4 above=T3 pat=000 resclass=[ -209, -15, 3135 ] xT=false
MEMBER stv 1/4 4 -4/3 shape=[ 1, 1, 2, 2 ] tors=[ 4, 4 ] order4=12 norm111=0 xTpass=0
  D4 above=T1 pat=000 resclass=[ 762286195, -211805, -3599 ] xT=false
  D4 above=T1 pat=000 resclass=[ 762286195, -211805, -3599 ] xT=false
  D4 above=T2 pat=000 resclass=[ -211805, -127083, 15 ] xT=false
  D4 above=T3 pat=000 resclass=[ -3599, 15, -53985 ] xT=false
  D4 above=T2 pat=000 resclass=[ -211805, -127083, 15 ] xT=false
  D4 above=T3 pat=000 resclass=[ -3599, 15, -53985 ] xT=false
  D4 above=T1 pat=000 resclass=[ 762286195, -211805, -3599 ] xT=false
  D4 above=T1 pat=000 resclass=[ 762286195, -211805, -3599 ] xT=false
  D4 above=T2 pat=000 resclass=[ -211805, -127083, 15 ] xT=false
  D4 above=T3 pat=000 resclass=[ -3599, 15, -53985 ] xT=false
  D4 above=T2 pat=000 resclass=[ -211805, -127083, 15 ] xT=false
  D4 above=T3 pat=000 resclass=[ -3599, 15, -53985 ] xT=false
MEMBER stv 1/3 3 -1/2 shape=[ 1, 1, 2, 2 ] tors=[ 4, 4 ] order4=12 norm111=0 xTpass=0
  D4 above=T1 pat=000 resclass=[ 260015, -11305, -23 ] xT=false
  D4 above=T1 pat=000 resclass=[ 260015, -11305, -23 ] xT=false
  D4 above=T2 pat=000 resclass=[ -11305, -22610, 2 ] xT=false
  D4 above=T3 pat=000 resclass=[ -23, 2, -46 ] xT=false
  D4 above=T2 pat=000 resclass=[ -11305, -22610, 2 ] xT=false
  D4 above=T3 pat=000 resclass=[ -23, 2, -46 ] xT=false
  D4 above=T1 pat=000 resclass=[ 260015, -11305, -23 ] xT=false
  D4 above=T1 pat=000 resclass=[ 260015, -11305, -23 ] xT=false
  D4 above=T2 pat=000 resclass=[ -11305, -22610, 2 ] xT=false
  D4 above=T3 pat=000 resclass=[ -23, 2, -46 ] xT=false
  D4 above=T2 pat=000 resclass=[ -11305, -22610, 2 ] xT=false
  D4 above=T3 pat=000 resclass=[ -23, 2, -46 ] xT=false
MEMBER stv 1/2 3/2 -3 shape=[ 1, 1, 2, 2 ] tors=[ 4, 4 ] order4=12 norm111=0 xTpass=0
  D4 above=T2 pat=000 resclass=[ -2085, -417, 5 ] xT=false
  D4 above=T2 pat=000 resclass=[ -2085, -417, 5 ] xT=false
  D4 above=T3 pat=000 resclass=[ -21, 5, -105 ] xT=false
  D4 above=T1 pat=000 resclass=[ 4865, -2085, -21 ] xT=false
  D4 above=T3 pat=000 resclass=[ -21, 5, -105 ] xT=false
  D4 above=T1 pat=000 resclass=[ 4865, -2085, -21 ] xT=false
  D4 above=T2 pat=000 resclass=[ -2085, -417, 5 ] xT=false
  D4 above=T2 pat=000 resclass=[ -2085, -417, 5 ] xT=false
  D4 above=T3 pat=000 resclass=[ -21, 5, -105 ] xT=false
  D4 above=T1 pat=000 resclass=[ 4865, -2085, -21 ] xT=false
  D4 above=T3 pat=000 resclass=[ -21, 5, -105 ] xT=false
  D4 above=T1 pat=000 resclass=[ 4865, -2085, -21 ] xT=false
MEMBER stv 2/3 4/3 -1 shape=[ 1, 1, 2, 2 ] tors=[ 4, 4 ] order4=12 norm111=0 xTpass=0
  D4 above=T3 pat=000 resclass=[ -13, 7, -91 ] xT=false
  D4 above=T3 pat=000 resclass=[ -13, 7, -91 ] xT=false
  D4 above=T2 pat=000 resclass=[ -5495, -785, 7 ] xT=false
  D4 above=T1 pat=000 resclass=[ 71435, -5495, -13 ] xT=false
  D4 above=T2 pat=000 resclass=[ -5495, -785, 7 ] xT=false
  D4 above=T1 pat=000 resclass=[ 71435, -5495, -13 ] xT=false
  D4 above=T3 pat=000 resclass=[ -13, 7, -91 ] xT=false
  D4 above=T3 pat=000 resclass=[ -13, 7, -91 ] xT=false
  D4 above=T2 pat=000 resclass=[ -5495, -785, 7 ] xT=false
  D4 above=T1 pat=000 resclass=[ 71435, -5495, -13 ] xT=false
  D4 above=T2 pat=000 resclass=[ -5495, -785, 7 ] xT=false
  D4 above=T1 pat=000 resclass=[ 71435, -5495, -13 ] xT=false
MEMBER stv 3/4 3/4 -1/3 shape=[ 1, 1, 2, 2 ] tors=[ 4, 4 ] order4=12 norm111=0 xTpass=0
  D4 above=T3 pat=000 resclass=[ 95, -7, -665 ] xT=false
  D4 above=T3 pat=000 resclass=[ 95, -7, -665 ] xT=false
  D4 above=T1 pat=000 resclass=[ 4849845, 51051, 95 ] xT=false
  D4 above=T2 pat=000 resclass=[ 51051, -7293, -7 ] xT=false
  D4 above=T1 pat=000 resclass=[ 4849845, 51051, 95 ] xT=false
  D4 above=T2 pat=000 resclass=[ 51051, -7293, -7 ] xT=false
  D4 above=T3 pat=000 resclass=[ 95, -7, -665 ] xT=false
  D4 above=T3 pat=000 resclass=[ 95, -7, -665 ] xT=false
  D4 above=T1 pat=000 resclass=[ 4849845, 51051, 95 ] xT=false
  D4 above=T2 pat=000 resclass=[ 51051, -7293, -7 ] xT=false
  D4 above=T1 pat=000 resclass=[ 4849845, 51051, 95 ] xT=false
  D4 above=T2 pat=000 resclass=[ 51051, -7293, -7 ] xT=false
MEMBER stv 1 1/2 -2 shape=[ 1, 1, 2, 2 ] tors=[ 4, 4 ] order4=12 norm111=0 xTpass=0
  D4 above=T2 pat=000 resclass=[ 33, -11, -3 ] xT=false
  D4 above=T2 pat=000 resclass=[ 33, -11, -3 ] xT=false
  D4 above=T1 pat=000 resclass=[ 231, 33, 7 ] xT=false
  D4 above=T3 pat=000 resclass=[ 7, -3, -21 ] xT=false
  D4 above=T1 pat=000 resclass=[ 231, 33, 7 ] xT=false
  D4 above=T3 pat=000 resclass=[ 7, -3, -21 ] xT=false
  D4 above=T2 pat=000 resclass=[ 33, -11, -3 ] xT=false
  D4 above=T2 pat=000 resclass=[ 33, -11, -3 ] xT=false
  D4 above=T1 pat=000 resclass=[ 231, 33, 7 ] xT=false
  D4 above=T3 pat=000 resclass=[ 7, -3, -21 ] xT=false
  D4 above=T1 pat=000 resclass=[ 231, 33, 7 ] xT=false
  D4 above=T3 pat=000 resclass=[ 7, -3, -21 ] xT=false
MEMBER stv 4/3 1/3 -3/4 shape=[ 1, 1, 2, 2 ] tors=[ 4, 4 ] order4=12 norm111=0 xTpass=0
  D4 above=T3 pat=000 resclass=[ 5, -2, -10 ] xT=false
  D4 above=T3 pat=000 resclass=[ 5, -2, -10 ] xT=false
  D4 above=T1 pat=000 resclass=[ 330, 66, 5 ] xT=false
  D4 above=T2 pat=000 resclass=[ 66, -33, -2 ] xT=false
  D4 above=T1 pat=000 resclass=[ 330, 66, 5 ] xT=false
  D4 above=T2 pat=000 resclass=[ 66, -33, -2 ] xT=false
  D4 above=T3 pat=000 resclass=[ 5, -2, -10 ] xT=false
  D4 above=T3 pat=000 resclass=[ 5, -2, -10 ] xT=false
  D4 above=T1 pat=000 resclass=[ 330, 66, 5 ] xT=false
  D4 above=T2 pat=000 resclass=[ 66, -33, -2 ] xT=false
  D4 above=T1 pat=000 resclass=[ 330, 66, 5 ] xT=false
  D4 above=T2 pat=000 resclass=[ 66, -33, -2 ] xT=false
MEMBER stv 3/2 1/4 -1/4 shape=[ 1, 1, 2, 2 ] tors=[ 4, 4 ] order4=12 norm111=0 xTpass=0
  D4 above=T1 pat=000 resclass=[ 197015, 45465, 39 ] xT=false
  D4 above=T1 pat=000 resclass=[ 197015, 45465, 39 ] xT=false
  D4 above=T3 pat=000 resclass=[ 39, -15, -65 ] xT=false
  D4 above=T2 pat=000 resclass=[ 45465, -3031, -15 ] xT=false
  D4 above=T3 pat=000 resclass=[ 39, -15, -65 ] xT=false
  D4 above=T2 pat=000 resclass=[ 45465, -3031, -15 ] xT=false
  D4 above=T1 pat=000 resclass=[ 197015, 45465, 39 ] xT=false
  D4 above=T1 pat=000 resclass=[ 197015, 45465, 39 ] xT=false
  D4 above=T3 pat=000 resclass=[ 39, -15, -65 ] xT=false
  D4 above=T2 pat=000 resclass=[ 45465, -3031, -15 ] xT=false
  D4 above=T3 pat=000 resclass=[ 39, -15, -65 ] xT=false
  D4 above=T2 pat=000 resclass=[ 45465, -3031, -15 ] xT=false
MEMBER stv 3/2 3 -3/2 shape=[ 1, 1, 2, 2 ] tors=[ 4, 4 ] order4=12 norm111=0 xTpass=0
  D4 above=T1 pat=000 resclass=[ -195, 285, -247 ] xT=false
  D4 above=T1 pat=000 resclass=[ -195, 285, -247 ] xT=false
  D4 above=T2 pat=000 resclass=[ 285, 570, 2 ] xT=false
  D4 above=T3 pat=000 resclass=[ -247, 2, -494 ] xT=false
  D4 above=T2 pat=000 resclass=[ 285, 570, 2 ] xT=false
  D4 above=T3 pat=000 resclass=[ -247, 2, -494 ] xT=false
  D4 above=T1 pat=000 resclass=[ -195, 285, -247 ] xT=false
  D4 above=T1 pat=000 resclass=[ -195, 285, -247 ] xT=false
  D4 above=T2 pat=000 resclass=[ 285, 570, 2 ] xT=false
  D4 above=T3 pat=000 resclass=[ -247, 2, -494 ] xT=false
  D4 above=T2 pat=000 resclass=[ 285, 570, 2 ] xT=false
  D4 above=T3 pat=000 resclass=[ -247, 2, -494 ] xT=false
MEMBER stv 2 2 -2/3 shape=[ 1, 1, 2, 2 ] tors=[ 4, 4 ] order4=12 norm111=0 xTpass=0
  D4 above=T3 pat=000 resclass=[ -5, 3, -15 ] xT=false
  D4 above=T3 pat=000 resclass=[ -5, 3, -15 ] xT=false
  D4 above=T2 pat=000 resclass=[ 190, 570, 3 ] xT=false
  D4 above=T1 pat=000 resclass=[ -38, 190, -5 ] xT=false
  D4 above=T2 pat=000 resclass=[ 190, 570, 3 ] xT=false
  D4 above=T1 pat=000 resclass=[ -38, 190, -5 ] xT=false
  D4 above=T3 pat=000 resclass=[ -5, 3, -15 ] xT=false
  D4 above=T3 pat=000 resclass=[ -5, 3, -15 ] xT=false
  D4 above=T2 pat=000 resclass=[ 190, 570, 3 ] xT=false
  D4 above=T1 pat=000 resclass=[ -38, 190, -5 ] xT=false
  D4 above=T2 pat=000 resclass=[ 190, 570, 3 ] xT=false
  D4 above=T1 pat=000 resclass=[ -38, 190, -5 ] xT=false
MEMBER stv 3 4/3 -4 shape=[ 1, 1, 2, 2 ] tors=[ 4, 4 ] order4=12 norm111=0 xTpass=0
  D4 above=T3 pat=000 resclass=[ 170, 7, 1190 ] xT=false
  D4 above=T3 pat=000 resclass=[ 170, 7, 1190 ] xT=false
  D4 above=T2 pat=000 resclass=[ -11935, -1705, 7 ] xT=false
  D4 above=T1 pat=000 resclass=[ -81158, -11935, 170 ] xT=false
  D4 above=T2 pat=000 resclass=[ -11935, -1705, 7 ] xT=false
  D4 above=T1 pat=000 resclass=[ -81158, -11935, 170 ] xT=false
  D4 above=T3 pat=000 resclass=[ 170, 7, 1190 ] xT=false
  D4 above=T3 pat=000 resclass=[ 170, 7, 1190 ] xT=false
  D4 above=T2 pat=000 resclass=[ -11935, -1705, 7 ] xT=false
  D4 above=T1 pat=000 resclass=[ -81158, -11935, 170 ] xT=false
  D4 above=T2 pat=000 resclass=[ -11935, -1705, 7 ] xT=false
  D4 above=T1 pat=000 resclass=[ -81158, -11935, 170 ] xT=false
MEMBER stv 4 3/4 -4/3 shape=[ 1, 1, 2, 2 ] tors=[ 4, 4 ] order4=12 norm111=0 xTpass=0
  D4 above=T2 pat=000 resclass=[ 5081727, -725961, -7 ] xT=false
  D4 above=T2 pat=000 resclass=[ 5081727, -725961, -7 ] xT=false
  D4 above=T1 pat=000 resclass=[ 2285083241, 5081727, 4047 ] xT=false
  D4 above=T3 pat=000 resclass=[ 4047, -7, -28329 ] xT=false
  D4 above=T1 pat=000 resclass=[ 2285083241, 5081727, 4047 ] xT=false
  D4 above=T3 pat=000 resclass=[ 4047, -7, -28329 ] xT=false
  D4 above=T2 pat=000 resclass=[ 5081727, -725961, -7 ] xT=false
  D4 above=T2 pat=000 resclass=[ 5081727, -725961, -7 ] xT=false
  D4 above=T1 pat=000 resclass=[ 2285083241, 5081727, 4047 ] xT=false
  D4 above=T3 pat=000 resclass=[ 4047, -7, -28329 ] xT=false
  D4 above=T1 pat=000 resclass=[ 2285083241, 5081727, 4047 ] xT=false
  D4 above=T3 pat=000 resclass=[ 4047, -7, -28329 ] xT=false
MEMBER stv 1/2 4/15 7/8 shape=[ 1, 1, 2, 2 ] tors=[ 4, 4 ] order4=12 norm111=0 xTpass=0
  D4 above=T3 pat=000 resclass=[ -124099, -209, 25936691 ] xT=false
  D4 above=T3 pat=000 resclass=[ -124099, -209, 25936691 ] xT=false
  D4 above=T1 pat=000 resclass=[ 29285943165481002, -235988550798, -124099 ] xT=false
  D4 above=T2 pat=000 resclass=[ -235988550798, 1129131822, -209 ] xT=false
  D4 above=T1 pat=000 resclass=[ 29285943165481002, -235988550798, -124099 ] xT=false
  D4 above=T2 pat=000 resclass=[ -235988550798, 1129131822, -209 ] xT=false
  D4 above=T3 pat=000 resclass=[ -124099, -209, 25936691 ] xT=false
  D4 above=T3 pat=000 resclass=[ -124099, -209, 25936691 ] xT=false
  D4 above=T1 pat=000 resclass=[ 29285943165481002, -235988550798, -124099 ] xT=false
  D4 above=T2 pat=000 resclass=[ -235988550798, 1129131822, -209 ] xT=false
  D4 above=T1 pat=000 resclass=[ 29285943165481002, -235988550798, -124099 ] xT=false
  D4 above=T2 pat=000 resclass=[ -235988550798, 1129131822, -209 ] xT=false
MEMBER stv 17/2 10 -13/6 shape=[ 1, 1, 2, 2 ] tors=[ 4, 4 ] order4=12 norm111=0 xTpass=0
  D4 above=T2 pat=000 resclass=[ 1636903649238, 148809422658, 11 ] xT=false
  D4 above=T2 pat=000 resclass=[ 1636903649238, 148809422658, 11 ] xT=false
  D4 above=T3 pat=000 resclass=[ -38915, 11, -428065 ] xT=false
  D4 above=T1 pat=000 resclass=[ -63700105510096770, 1636903649238, -38915 ] xT=false
  D4 above=T3 pat=000 resclass=[ -38915, 11, -428065 ] xT=false
  D4 above=T1 pat=000 resclass=[ -63700105510096770, 1636903649238, -38915 ] xT=false
  D4 above=T2 pat=000 resclass=[ 1636903649238, 148809422658, 11 ] xT=false
  D4 above=T2 pat=000 resclass=[ 1636903649238, 148809422658, 11 ] xT=false
  D4 above=T3 pat=000 resclass=[ -38915, 11, -428065 ] xT=false
  D4 above=T1 pat=000 resclass=[ -63700105510096770, 1636903649238, -38915 ] xT=false
  D4 above=T3 pat=000 resclass=[ -38915, 11, -428065 ] xT=false
  D4 above=T1 pat=000 resclass=[ -63700105510096770, 1636903649238, -38915 ] xT=false
MEMBER stv 11/2 5/4 3 shape=[ 1, 1, 2, 2 ] tors=[ 4, 4 ] order4=12 norm111=0 xTpass=0
  D4 above=T2 pat=001 resclass=[ 25117113, 25117113, 1 ] xT=false
  D4 above=T2 pat=001 resclass=[ 25117113, 25117113, 1 ] xT=false
  D4 above=T3 pat=010 resclass=[ 7663, 1, 7663 ] xT=false
  D4 above=T1 pat=000 resclass=[ 192472436919, 25117113, 7663 ] xT=false
  D4 above=T3 pat=010 resclass=[ 7663, 1, 7663 ] xT=false
  D4 above=T1 pat=000 resclass=[ 192472436919, 25117113, 7663 ] xT=false
  D4 above=T2 pat=001 resclass=[ 25117113, 25117113, 1 ] xT=false
  D4 above=T2 pat=001 resclass=[ 25117113, 25117113, 1 ] xT=false
  D4 above=T3 pat=010 resclass=[ 7663, 1, 7663 ] xT=false
  D4 above=T1 pat=000 resclass=[ 192472436919, 25117113, 7663 ] xT=false
  D4 above=T3 pat=010 resclass=[ 7663, 1, 7663 ] xT=false
  D4 above=T1 pat=000 resclass=[ 192472436919, 25117113, 7663 ] xT=false
PART_DONE part=66
