MEMBER stv 1/4 1/3 1/4 shape=[ 1, 1, 2, 2 ] tors=[ 4, 4 ] order4=12 norm111=0 xTpass=0
  D4 above=T2 pat=000 resclass=[ -701090, 350545, -2 ] xT=false
  D4 above=T2 pat=000 resclass=[ -701090, 350545, -2 ] xT=false
  D4 above=T3 pat=000 resclass=[ -943, -2, 1886 ] xT=false
  D4 above=T1 pat=000 resclass=[ 661127870, -701090, -943 ] xT=false
  D4 above=T3 pat=000 resclass=[ -943, -2, 1886 ] xT=false
  D4 above=T1 pat=000 resclass=[ 661127870, -701090, -943 ] xT=false
  D4 above=T2 pat=000 resclass=[ -701090, 350545, -2 ] xT=false
  D4 above=T2 pat=000 resclass=[ -701090, 350545, -2 ] xT=false
  D4 above=T3 pat=000 resclass=[ -943, -2, 1886 ] xT=false
  D4 above=T1 pat=000 resclass=[ 661127870, -701090, -943 ] xT=false
  D4 above=T3 pat=000 resclass=[ -943, -2, 1886 ] xT=false
  D4 above=T1 pat=000 resclass=[ 661127870, -701090, -943 ] xT=false
MEMBER stv 1/4 4 3/2 shape=[ 1, 1, 2, 2 ] tors=[ 4, 4 ] order4=12 norm111=0 xTpass=0
  D4 above=T2 pat=000 resclass=[ -160790, -96474, 15 ] xT=false
  D4 above=T2 pat=000 resclass=[ -160790, -96474, 15 ] xT=false
  D4 above=T3 pat=000 resclass=[ -3599, 15, -53985 ] xT=false
  D4 above=T1 pat=000 resclass=[ 578683210, -160790, -3599 ] xT=false
  D4 above=T3 pat=000 resclass=[ -3599, 15, -53985 ] xT=false
  D4 above=T1 pat=000 resclass=[ 578683210, -160790, -3599 ] xT=false
  D4 above=T2 pat=000 resclass=[ -160790, -96474, 15 ] xT=false
  D4 above=T2 pat=000 resclass=[ -160790, -96474, 15 ] xT=false
  D4 above=T3 pat=000 resclass=[ -3599, 15, -53985 ] xT=false
  D4 above=T1 pat=000 resclass=[ 578683210, -160790, -3599 ] xT=false
  D4 above=T3 pat=000 resclass=[ -3599, 15, -53985 ] xT=false
  D4 above=T1 pat=000 resclass=[ 578683210, -160790, -3599 ] xT=false
MEMBER stv 1/3 3 2/3 shape=[ 1, 1, 2, 2 ] tors=[ 4, 4 ] order4=12 norm111=0 xTpass=0
  D4 above=T1 pat=000 resclass=[ 2535267, -110229, -23 ] xT=false
  D4 above=T1 pat=000 resclass=[ 2535267, -110229, -23 ] xT=false
  D4 above=T2 pat=000 resclass=[ -110229, -220458, 2 ] xT=false
  D4 above=T3 pat=000 resclass=[ -23, 2, -46 ] xT=false
  D4 above=T2 pat=000 resclass=[ -110229, -220458, 2 ] xT=false
  D4 above=T3 pat=000 resclass=[ -23, 2, -46 ] xT=false
  D4 above=T1 pat=000 resclass=[ 2535267, -110229, -23 ] xT=false
  D4 above=T1 pat=000 resclass=[ 2535267, -110229, -23 ] xT=false
  D4 above=T2 pat=000 resclass=[ -110229, -220458, 2 ] xT=false
  D4 above=T3 pat=000 resclass=[ -23, 2, -46 ] xT=false
  D4 above=T2 pat=000 resclass=[ -110229, -220458, 2 ] xT=false
  D4 above=T3 pat=000 resclass=[ -23, 2, -46 ] xT=false
MEMBER stv 1/2 3/2 4 shape=[ 1, 1, 2, 2 ] tors=[ 4, 4 ] order4=12 norm111=0 xTpass=0
  D4 above=T3 pat=000 resclass=[ -21, 5, -105 ] xT=false
  D4 above=T3 pat=000 resclass=[ -21, 5, -105 ] xT=false
  D4 above=T1 pat=000 resclass=[ 7770, -370, -21 ] xT=false
  D4 above=T2 pat=000 resclass=[ -370, -74, 5 ] xT=false
  D4 above=T1 pat=000 resclass=[ 7770, -370, -21 ] xT=false
  D4 above=T2 pat=000 resclass=[ -370, -74, 5 ] xT=false
  D4 above=T3 pat=000 resclass=[ -21, 5, -105 ] xT=false
  D4 above=T3 pat=000 resclass=[ -21, 5, -105 ] xT=false
  D4 above=T1 pat=000 resclass=[ 7770, -370, -21 ] xT=false
  D4 above=T2 pat=000 resclass=[ -370, -74, 5 ] xT=false
  D4 above=T1 pat=000 resclass=[ 7770, -370, -21 ] xT=false
  D4 above=T2 pat=000 resclass=[ -370, -74, 5 ] xT=false
MEMBER stv 2/3 4/3 4/3 shape=[ 1, 1, 2, 2 ] tors=[ 4, 4 ] order4=12 norm111=0 xTpass=0
  D4 above=T2 pat=000 resclass=[ -55083, -7869, 7 ] xT=false
  D4 above=T2 pat=000 resclass=[ -55083, -7869, 7 ] xT=false
  D4 above=T3 pat=000 resclass=[ -13, 7, -91 ] xT=false
  D4 above=T1 pat=000 resclass=[ 716079, -55083, -13 ] xT=false
  D4 above=T3 pat=000 resclass=[ -13, 7, -91 ] xT=false
  D4 above=T1 pat=000 resclass=[ 716079, -55083, -13 ] xT=false
  D4 above=T2 pat=000 resclass=[ -55083, -7869, 7 ] xT=false
  D4 above=T2 pat=000 resclass=[ -55083, -7869, 7 ] xT=false
  D4 above=T3 pat=000 resclass=[ -13, 7, -91 ] xT=false
  D4 above=T1 pat=000 resclass=[ 716079, -55083, -13 ] xT=false
  D4 above=T3 pat=000 resclass=[ -13, 7, -91 ] xT=false
  D4 above=T1 pat=000 resclass=[ 716079, -55083, -13 ] xT=false
MEMBER stv 3/4 3/4 1/2 shape=[ 1, 1, 2, 2 ] tors=[ 4, 4 ] order4=12 norm111=0 xTpass=0
  D4 above=T2 pat=000 resclass=[ -412706, 58958, -7 ] xT=false
  D4 above=T2 pat=000 resclass=[ -412706, 58958, -7 ] xT=false
  D4 above=T1 pat=000 resclass=[ -39207070, -412706, 95 ] xT=false
  D4 above=T3 pat=000 resclass=[ 95, -7, -665 ] xT=false
  D4 above=T1 pat=000 resclass=[ -39207070, -412706, 95 ] xT=false
  D4 above=T3 pat=000 resclass=[ 95, -7, -665 ] xT=false
  D4 above=T2 pat=000 resclass=[ -412706, 58958, -7 ] xT=false
  D4 above=T2 pat=000 resclass=[ -412706, 58958, -7 ] xT=false
  D4 above=T1 pat=000 resclass=[ -39207070, -412706, 95 ] xT=false
  D4 above=T3 pat=000 resclass=[ 95, -7, -665 ] xT=false
  D4 above=T1 pat=000 resclass=[ -39207070, -412706, 95 ] xT=false
  D4 above=T3 pat=000 resclass=[ 95, -7, -665 ] xT=false
MEMBER stv 1 1/2 3 shape=[ 1, 1, 2, 2 ] tors=[ 4, 4 ] order4=12 norm111=0 xTpass=0
  D4 above=T3 pat=000 resclass=[ 7, -3, -21 ] xT=false
  D4 above=T3 pat=000 resclass=[ 7, -3, -21 ] xT=false
  D4 above=T1 pat=000 resclass=[ -511, -73, 7 ] xT=false
  D4 above=T2 pat=000 resclass=[ -73, 219, -3 ] xT=false
  D4 above=T1 pat=000 resclass=[ -511, -73, 7 ] xT=false
  D4 above=T2 pat=000 resclass=[ -73, 219, -3 ] xT=false
  D4 above=T3 pat=000 resclass=[ 7, -3, -21 ] xT=false
  D4 above=T3 pat=000 resclass=[ 7, -3, -21 ] xT=false
  D4 above=T1 pat=000 resclass=[ -511, -73, 7 ] xT=false
  D4 above=T2 pat=000 resclass=[ -73, 219, -3 ] xT=false
  D4 above=T1 pat=000 resclass=[ -511, -73, 7 ] xT=false
  D4 above=T2 pat=000 resclass=[ -73, 219, -3 ] xT=false
MEMBER stv 4/3 1/3 1 shape=[ 1, 1, 2, 2 ] tors=[ 4, 4 ] order4=12 norm111=0 xTpass=0
  D4 above=T1 pat=000 resclass=[ -2330, -466, 5 ] xT=false
  D4 above=T1 pat=000 resclass=[ -2330, -466, 5 ] xT=false
  D4 above=T2 pat=000 resclass=[ -466, 233, -2 ] xT=false
  D4 above=T3 pat=000 resclass=[ 5, -2, -10 ] xT=false
  D4 above=T2 pat=000 resclass=[ -466, 233, -2 ] xT=false
  D4 above=T3 pat=000 resclass=[ 5, -2, -10 ] xT=false
  D4 above=T1 pat=000 resclass=[ -2330, -466, 5 ] xT=false
  D4 above=T1 pat=000 resclass=[ -2330, -466, 5 ] xT=false
  D4 above=T2 pat=000 resclass=[ -466, 233, -2 ] xT=false
  D4 above=T3 pat=000 resclass=[ 5, -2, -10 ] xT=false
  D4 above=T2 pat=000 resclass=[ -466, 233, -2 ] xT=false
  D4 above=T3 pat=000 resclass=[ 5, -2, -10 ] xT=false
MEMBER stv 3/2 1/4 1/3 shape=[ 1, 1, 2, 2 ] tors=[ 4, 4 ] order4=12 norm111=0 xTpass=0
  D4 above=T3 pat=000 resclass=[ 39, -15, -65 ] xT=false
  D4 above=T3 pat=000 resclass=[ 39, -15, -65 ] xT=false
  D4 above=T1 pat=000 resclass=[ -68705, -15855, 39 ] xT=false
  D4 above=T2 pat=000 resclass=[ -15855, 1057, -15 ] xT=false
  D4 above=T1 pat=000 resclass=[ -68705, -15855, 39 ] xT=false
  D4 above=T2 pat=000 resclass=[ -15855, 1057, -15 ] xT=false
  D4 above=T3 pat=000 resclass=[ 39, -15, -65 ] xT=false
  D4 above=T3 pat=000 resclass=[ 39, -15, -65 ] xT=false
  D4 above=T1 pat=000 resclass=[ -68705, -15855, 39 ] xT=false
  D4 above=T2 pat=000 resclass=[ -15855, 1057, -15 ] xT=false
  D4 above=T1 pat=000 resclass=[ -68705, -15855, 39 ] xT=false
  D4 above=T2 pat=000 resclass=[ -15855, 1057, -15 ] xT=false
MEMBER stv 3/2 3 2 shape=[ 1, 1, 2, 2 ] tors=[ 4, 4 ] order4=12 norm111=0 xTpass=0
  D4 above=T1 pat=000 resclass=[ 752609, -3047, -247 ] xT=false
  D4 above=T1 pat=000 resclass=[ 752609, -3047, -247 ] xT=false
  D4 above=T2 pat=000 resclass=[ -3047, -6094, 2 ] xT=false
  D4 above=T3 pat=000 resclass=[ -247, 2, -494 ] xT=false
  D4 above=T2 pat=000 resclass=[ -3047, -6094, 2 ] xT=false
  D4 above=T3 pat=000 resclass=[ -247, 2, -494 ] xT=false
  D4 above=T1 pat=000 resclass=[ 752609, -3047, -247 ] xT=false
  D4 above=T1 pat=000 resclass=[ 752609, -3047, -247 ] xT=false
  D4 above=T2 pat=000 resclass=[ -3047, -6094, 2 ] xT=false
  D4 above=T3 pat=000 resclass=[ -247, 2, -494 ] xT=false
  D4 above=T2 pat=000 resclass=[ -3047, -6094, 2 ] xT=false
  D4 above=T3 pat=000 resclass=[ -247, 2, -494 ] xT=false
MEMBER stv 2 2 3/4 shape=[ 1, 1, 1, 1, 2 ] tors=[ 2, 4, 4 ] order4=24 norm111=0 xTpass=0
  D4 above=T3 pat=000 resclass=[ -5, 3, -15 ] xT=false
  D4 above=T3 pat=000 resclass=[ 5, -3, -15 ] xT=false
  D4 above=T3 pat=000 resclass=[ -5, 3, -15 ] xT=false
  D4 above=T3 pat=000 resclass=[ 5, -3, -15 ] xT=false
  D4 above=T1 pat=000 resclass=[ -1, 5, -5 ] xT=false
  D4 above=T1 pat=100 resclass=[ 1, -5, -5 ] xT=false
  D4 above=T2 pat=000 resclass=[ 5, 15, 3 ] xT=false
  D4 above=T2 pat=000 resclass=[ -5, -15, 3 ] xT=false
  D4 above=T1 pat=000 resclass=[ -1, 5, -5 ] xT=false
  D4 above=T1 pat=100 resclass=[ 1, -5, -5 ] xT=false
  D4 above=T2 pat=000 resclass=[ 5, 15, 3 ] xT=false
  D4 above=T2 pat=000 resclass=[ -5, -15, 3 ] xT=false
  D4 above=T3 pat=000 resclass=[ -5, 3, -15 ] xT=false
  D4 above=T3 pat=000 resclass=[ 5, -3, -15 ] xT=false
  D4 above=T3 pat=000 resclass=[ -5, 3, -15 ] xT=false
  D4 above=T3 pat=000 resclass=[ 5, -3, -15 ] xT=false
  D4 above=T1 pat=000 resclass=[ -1, 5, -5 ] xT=false
  D4 above=T1 pat=100 resclass=[ 1, -5, -5 ] xT=false
  D4 above=T2 pat=000 resclass=[ 5, 15, 3 ] xT=false
  D4 above=T2 pat=000 resclass=[ -5, -15, 3 ] xT=false
  D4 above=T1 pat=000 resclass=[ -1, 5, -5 ] xT=false
  D4 above=T1 pat=100 resclass=[ 1, -5, -5 ] xT=false
  D4 above=T2 pat=000 resclass=[ 5, 15, 3 ] xT=false
  D4 above=T2 pat=000 resclass=[ -5, -15, 3 ] xT=false
MEMBER stv 3 3/2 1/4 shape=[ 1, 1, 2, 2 ] tors=[ 4, 4 ] order4=12 norm111=0 xTpass=0
  D4 above=T3 pat=000 resclass=[ 119, 5, 595 ] xT=false
  D4 above=T3 pat=000 resclass=[ 119, 5, 595 ] xT=false
  D4 above=T2 pat=000 resclass=[ 10595, 2119, 5 ] xT=false
  D4 above=T1 pat=000 resclass=[ 1260805, 10595, 119 ] xT=false
  D4 above=T2 pat=000 resclass=[ 10595, 2119, 5 ] xT=false
  D4 above=T1 pat=000 resclass=[ 1260805, 10595, 119 ] xT=false
  D4 above=T3 pat=000 resclass=[ 119, 5, 595 ] xT=false
  D4 above=T3 pat=000 resclass=[ 119, 5, 595 ] xT=false
  D4 above=T2 pat=000 resclass=[ 10595, 2119, 5 ] xT=false
  D4 above=T1 pat=000 resclass=[ 1260805, 10595, 119 ] xT=false
  D4 above=T2 pat=000 resclass=[ 10595, 2119, 5 ] xT=false
  D4 above=T1 pat=000 resclass=[ 1260805, 10595, 119 ] xT=false
MEMBER stv 4 3/4 3/2 shape=[ 1, 1, 2, 2 ] tors=[ 4, 4 ] order4=12 norm111=0 xTpass=0
  D4 above=T2 pat=000 resclass=[ -272769, 38967, -7 ] xT=false
  D4 above=T2 pat=000 resclass=[ -272769, 38967, -7 ] xT=false
  D4 above=T3 pat=000 resclass=[ 4047, -7, -28329 ] xT=false
  D4 above=T1 pat=000 resclass=[ -122655127, -272769, 4047 ] xT=false
  D4 above=T3 pat=000 resclass=[ 4047, -7, -28329 ] xT=false
  D4 above=T1 pat=000 resclass=[ -122655127, -272769, 4047 ] xT=false
  D4 above=T2 pat=000 resclass=[ -272769, 38967, -7 ] xT=false
  D4 above=T2 pat=000 resclass=[ -272769, 38967, -7 ] xT=false
  D4 above=T3 pat=000 resclass=[ 4047, -7, -28329 ] xT=false
  D4 above=T1 pat=000 resclass=[ -122655127, -272769, 4047 ] xT=false
  D4 above=T3 pat=000 resclass=[ 4047, -7, -28329 ] xT=false
  D4 above=T1 pat=000 resclass=[ -122655127, -272769, 4047 ] xT=false
MEMBER stv 4/13 19/11 -11/12 shape=[ 1, 1, 2, 2 ] tors=[ 4, 4 ] order4=12 norm111=0 xTpass=0
  D4 above=T1 pat=000 resclass=[ 5878674735263405, -9900775795, -593759 ] xT=false
  D4 above=T1 pat=000 resclass=[ 5878674735263405, -9900775795, -593759 ] xT=false
  D4 above=T2 pat=000 resclass=[ -9900775795, -5940465477, 15 ] xT=false
  D4 above=T3 pat=000 resclass=[ -593759, 15, -8906385 ] xT=false
  D4 above=T2 pat=000 resclass=[ -9900775795, -5940465477, 15 ] xT=false
  D4 above=T3 pat=000 resclass=[ -593759, 15, -8906385 ] xT=false
  D4 above=T1 pat=000 resclass=[ 5878674735263405, -9900775795, -593759 ] xT=false
  D4 above=T1 pat=000 resclass=[ 5878674735263405, -9900775795, -593759 ] xT=false
  D4 above=T2 pat=000 resclass=[ -9900775795, -5940465477, 15 ] xT=false
  D4 above=T3 pat=000 resclass=[ -593759, 15, -8906385 ] xT=false
  D4 above=T2 pat=000 resclass=[ -9900775795, -5940465477, 15 ] xT=false
  D4 above=T3 pat=000 resclass=[ -593759, 15, -8906385 ] xT=false
MEMBER stv 1/2 9/10 -4/3 shape=[ 1, 1, 2, 2 ] tors=[ 4, 4 ] order4=12 norm111=0 xTpass=0
  D4 above=T1 pat=000 resclass=[ 93772334, 394554, 2139 ] xT=false
  D4 above=T1 pat=000 resclass=[ 93772334, 394554, 2139 ] xT=false
  D4 above=T3 pat=000 resclass=[ 2139, -19, -40641 ] xT=false
  D4 above=T2 pat=000 resclass=[ 394554, -20766, -19 ] xT=false
  D4 above=T3 pat=000 resclass=[ 2139, -19, -40641 ] xT=false
  D4 above=T2 pat=000 resclass=[ 394554, -20766, -19 ] xT=false
  D4 above=T1 pat=000 resclass=[ 93772334, 394554, 2139 ] xT=false
  D4 above=T1 pat=000 resclass=[ 93772334, 394554, 2139 ] xT=false
  D4 above=T3 pat=000 resclass=[ 2139, -19, -40641 ] xT=false
  D4 above=T2 pat=000 resclass=[ 394554, -20766, -19 ] xT=false
  D4 above=T3 pat=000 resclass=[ 2139, -19, -40641 ] xT=false
  D4 above=T2 pat=000 resclass=[ 394554, -20766, -19 ] xT=false
MEMBER stv 5/7 2/11 -13/9 shape=[ 1, 1, 2, 2 ] tors=[ 4, 4 ] order4=12 norm111=0 xTpass=0
  D4 above=T1 pat=000 resclass=[ -48337510010, 2537935, -19046 ] xT=false
  D4 above=T1 pat=000 resclass=[ -48337510010, 2537935, -19046 ] xT=false
  D4 above=T3 pat=000 resclass=[ -19046, -13, 247598 ] xT=false
  D4 above=T2 pat=000 resclass=[ 2537935, -32993155, -13 ] xT=false
  D4 above=T3 pat=000 resclass=[ -19046, -13, 247598 ] xT=false
  D4 above=T2 pat=000 resclass=[ 2537935, -32993155, -13 ] xT=false
  D4 above=T1 pat=000 resclass=[ -48337510010, 2537935, -19046 ] xT=false
  D4 above=T1 pat=000 resclass=[ -48337510010, 2537935, -19046 ] xT=false
  D4 above=T3 pat=000 resclass=[ -19046, -13, 247598 ] xT=false
  D4 above=T2 pat=000 resclass=[ 2537935, -32993155, -13 ] xT=false
  D4 above=T3 pat=000 resclass=[ -19046, -13, 247598 ] xT=false
  D4 above=T2 pat=000 resclass=[ 2537935, -32993155, -13 ] xT=false
PART_DONE part=67
