MEMBER stv 1/4 1/3 -1/4 shape=[ 1, 1, 2, 2 ] tors=[ 4, 4 ] order4=12 norm111=0 xTpass=0
  D4 above=T1 pat=000 resclass=[ -2627198, 2786, -943 ] xT=false
  D4 above=T1 pat=000 resclass=[ -2627198, 2786, -943 ] xT=false
  D4 above=T2 pat=000 resclass=[ 2786, -1393, -2 ] xT=false
  D4 above=T3 pat=000 resclass=[ -943, -2, 1886 ] xT=false
  D4 above=T2 pat=000 resclass=[ 2786, -1393, -2 ] xT=false
  D4 above=T3 pat=000 resclass=[ -943, -2, 1886 ] xT=false
  D4 above=T1 pat=000 resclass=[ -2627198, 2786, -943 ] xT=false
  D4 above=T1 pat=000 resclass=[ -2627198, 2786, -943 ] xT=false
  D4 above=T2 pat=000 resclass=[ 2786, -1393, -2 ] xT=false
  D4 above=T3 pat=000 resclass=[ -943, -2, 1886 ] xT=false
  D4 above=T2 pat=000 resclass=[ 2786, -1393, -2 ] xT=false
  D4 above=T3 pat=000 resclass=[ -943, -2, 1886 ] xT=false
MEMBER stv 1/4 4 -3/2 shape=[ 1, 1, 2, 2 ] tors=[ 4, 4 ] order4=12 norm111=0 xTpass=0
  D4 above=T2 pat=000 resclass=[ -3349210, -2009526, 15 ] xT=false
  D4 above=T2 pat=000 resclass=[ -3349210, -2009526, 15 ] xT=false
  D4 above=T1 pat=000 resclass=[ 12053806790, -3349210, -3599 ] xT=false
  D4 above=T3 pat=000 resclass=[ -3599, 15, -53985 ] xT=false
  D4 above=T1 pat=000 resclass=[ 12053806790, -3349210, -3599 ] xT=false
  D4 above=T3 pat=000 resclass=[ -3599, 15, -53985 ] xT=false
  D4 above=T2 pat=000 resclass=[ -3349210, -2009526, 15 ] xT=false
  D4 above=T2 pat=000 resclass=[ -3349210, -2009526, 15 ] xT=false
  D4 above=T1 pat=000 resclass=[ 12053806790, -3349210, -3599 ] xT=false
  D4 above=T3 pat=000 resclass=[ -3599, 15, -53985 ] xT=false
  D4 above=T1 pat=000 resclass=[ 12053806790, -3349210, -3599 ] xT=false
  D4 above=T3 pat=000 resclass=[ -3599, 15, -53985 ] xT=false
MEMBER stv 1/3 3 -2/3 shape=[ 1, 1, 2, 2 ] tors=[ 4, 4 ] order4=12 norm111=0 xTpass=0
  D4 above=T3 pat=000 resclass=[ -23, 2, -46 ] xT=false
  D4 above=T3 pat=000 resclass=[ -23, 2, -46 ] xT=false
  D4 above=T2 pat=000 resclass=[ -3963, -7926, 2 ] xT=false
  D4 above=T1 pat=000 resclass=[ 91149, -3963, -23 ] xT=false
  D4 above=T2 pat=000 resclass=[ -3963, -7926, 2 ] xT=false
  D4 above=T1 pat=000 resclass=[ 91149, -3963, -23 ] xT=false
  D4 above=T3 pat=000 resclass=[ -23, 2, -46 ] xT=false
  D4 above=T3 pat=000 resclass=[ -23, 2, -46 ] xT=false
  D4 above=T2 pat=000 resclass=[ -3963, -7926, 2 ] xT=false
  D4 above=T1 pat=000 resclass=[ 91149, -3963, -23 ] xT=false
  D4 above=T2 pat=000 resclass=[ -3963, -7926, 2 ] xT=false
  D4 above=T1 pat=000 resclass=[ 91149, -3963, -23 ] xT=false
MEMBER stv 1/2 3/2 -4 INVALID
MEMBER stv 2/3 4/3 -4/3 shape=[ 1, 1, 2, 2 ] tors=[ 4, 4 ] order4=12 norm111=0 xTpass=0
  D4 above=T2 pat=000 resclass=[ -126357, -18051, 7 ] xT=false
  D4 above=T2 pat=000 resclass=[ -126357, -18051, 7 ] xT=false
  D4 above=T1 pat=000 resclass=[ 1642641, -126357, -13 ] xT=false
  D4 above=T3 pat=000 resclass=[ -13, 7, -91 ] xT=false
  D4 above=T1 pat=000 resclass=[ 1642641, -126357, -13 ] xT=false
  D4 above=T3 pat=000 resclass=[ -13, 7, -91 ] xT=false
  D4 above=T2 pat=000 resclass=[ -126357, -18051, 7 ] xT=false
  D4 above=T2 pat=000 resclass=[ -126357, -18051, 7 ] xT=false
  D4 above=T1 pat=000 resclass=[ 1642641, -126357, -13 ] xT=false
  D4 above=T3 pat=000 resclass=[ -13, 7, -91 ] xT=false
  D4 above=T1 pat=000 resclass=[ 1642641, -126357, -13 ] xT=false
  D4 above=T3 pat=000 resclass=[ -13, 7, -91 ] xT=false
MEMBER stv 3/4 3/4 -1/2 shape=[ 1, 1, 2, 2 ] tors=[ 4, 4 ] order4=12 norm111=0 xTpass=0
  D4 above=T1 pat=000 resclass=[ 373198, 98210, 95 ] xT=false
  D4 above=T1 pat=000 resclass=[ 373198, 98210, 95 ] xT=false
  D4 above=T3 pat=000 resclass=[ 95, -7, -665 ] xT=false
  D4 above=T2 pat=000 resclass=[ 98210, -14030, -7 ] xT=false
  D4 above=T3 pat=000 resclass=[ 95, -7, -665 ] xT=false
  D4 above=T2 pat=000 resclass=[ 98210, -14030, -7 ] xT=false
  D4 above=T1 pat=000 resclass=[ 373198, 98210, 95 ] xT=false
  D4 above=T1 pat=000 resclass=[ 373198, 98210, 95 ] xT=false
  D4 above=T3 pat=000 resclass=[ 95, -7, -665 ] xT=false
  D4 above=T2 pat=000 resclass=[ 98210, -14030, -7 ] xT=false
  D4 above=T3 pat=000 resclass=[ 95, -7, -665 ] xT=false
  D4 above=T2 pat=000 resclass=[ 98210, -14030, -7 ] xT=false
MEMBER stv 1 1/2 -3 shape=[ 1, 1, 2, 2 ] tors=[ 4, 4 ] order4=12 norm111=0 xTpass=0
  D4 above=T2 pat=000 resclass=[ 82, -246, -3 ] xT=false
  D4 above=T2 pat=000 resclass=[ 82, -246, -3 ] xT=false
  D4 above=T1 pat=000 resclass=[ 574, 82, 7 ] xT=false
  D4 above=T3 pat=000 resclass=[ 7, -3, -21 ] xT=false
  D4 above=T1 pat=000 resclass=[ 574, 82, 7 ] xT=false
  D4 above=T3 pat=000 resclass=[ 7, -3, -21 ] xT=false
  D4 above=T2 pat=000 resclass=[ 82, -246, -3 ] xT=false
  D4 above=T2 pat=000 resclass=[ 82, -246, -3 ] xT=false
  D4 above=T1 pat=000 resclass=[ 574, 82, 7 ] xT=false
  D4 above=T3 pat=000 resclass=[ 7, -3, -21 ] xT=false
  D4 above=T1 pat=000 resclass=[ 574, 82, 7 ] xT=false
  D4 above=T3 pat=000 resclass=[ 7, -3, -21 ] xT=false
MEMBER stv 4/3 1/3 -1 shape=[ 1, 1, 2, 2 ] tors=[ 4, 4 ] order4=12 norm111=0 xTpass=0
  D4 above=T1 pat=000 resclass=[ 4970, 994, 5 ] xT=false
  D4 above=T1 pat=000 resclass=[ 4970, 994, 5 ] xT=false
  D4 above=T3 pat=000 resclass=[ 5, -2, -10 ] xT=false
  D4 above=T2 pat=000 resclass=[ 994, -497, -2 ] xT=false
  D4 above=T3 pat=000 resclass=[ 5, -2, -10 ] xT=false
  D4 above=T2 pat=000 resclass=[ 994, -497, -2 ] xT=false
  D4 above=T1 pat=000 resclass=[ 4970, 994, 5 ] xT=false
  D4 above=T1 pat=000 resclass=[ 4970, 994, 5 ] xT=false
  D4 above=T3 pat=000 resclass=[ 5, -2, -10 ] xT=false
  D4 above=T2 pat=000 resclass=[ 994, -497, -2 ] xT=false
  D4 above=T3 pat=000 resclass=[ 5, -2, -10 ] xT=false
  D4 above=T2 pat=000 resclass=[ 994, -497, -2 ] xT=false
MEMBER stv 3/2 1/4 -1/3 shape=[ 1, 1, 2, 2 ] tors=[ 4, 4 ] order4=12 norm111=0 xTpass=0
  D4 above=T1 pat=000 resclass=[ 11505, 295, 39 ] xT=false
  D4 above=T1 pat=000 resclass=[ 11505, 295, 39 ] xT=false
  D4 above=T2 pat=000 resclass=[ 295, -177, -15 ] xT=false
  D4 above=T3 pat=000 resclass=[ 39, -15, -65 ] xT=false
  D4 above=T2 pat=000 resclass=[ 295, -177, -15 ] xT=false
  D4 above=T3 pat=000 resclass=[ 39, -15, -65 ] xT=false
  D4 above=T1 pat=000 resclass=[ 11505, 295, 39 ] xT=false
  D4 above=T1 pat=000 resclass=[ 11505, 295, 39 ] xT=false
  D4 above=T2 pat=000 resclass=[ 295, -177, -15 ] xT=false
  D4 above=T3 pat=000 resclass=[ 39, -15, -65 ] xT=false
  D4 above=T2 pat=000 resclass=[ 295, -177, -15 ] xT=false
  D4 above=T3 pat=000 resclass=[ 39, -15, -65 ] xT=false
MEMBER stv 3/2 3 -2 shape=[ 1, 1, 2, 2 ] tors=[ 4, 4 ] order4=12 norm111=0 xTpass=0
  D4 above=T1 pat=000 resclass=[ -485849, 1967, -247 ] xT=false
  D4 above=T1 pat=000 resclass=[ -485849, 1967, -247 ] xT=false
  D4 above=T3 pat=000 resclass=[ -247, 2, -494 ] xT=false
  D4 above=T2 pat=000 resclass=[ 1967, 3934, 2 ] xT=false
  D4 above=T3 pat=000 resclass=[ -247, 2, -494 ] xT=false
  D4 above=T2 pat=000 resclass=[ 1967, 3934, 2 ] xT=false
  D4 above=T1 pat=000 resclass=[ -485849, 1967, -247 ] xT=false
  D4 above=T1 pat=000 resclass=[ -485849, 1967, -247 ] xT=false
  D4 above=T3 pat=000 resclass=[ -247, 2, -494 ] xT=false
  D4 above=T2 pat=000 resclass=[ 1967, 3934, 2 ] xT=false
  D4 above=T3 pat=000 resclass=[ -247, 2, -494 ] xT=false
  D4 above=T2 pat=000 resclass=[ 1967, 3934, 2 ] xT=false
MEMBER stv 2 2 -3/4 shape=[ 1, 1, 2, 2 ] tors=[ 4, 4 ] order4=12 norm111=0 xTpass=0
  D4 above=T1 pat=000 resclass=[ -70, 14, -5 ] xT=false
  D4 above=T1 pat=000 resclass=[ -70, 14, -5 ] xT=false
  D4 above=T3 pat=000 resclass=[ -5, 3, -15 ] xT=false
  D4 above=T2 pat=000 resclass=[ 14, 42, 3 ] xT=false
  D4 above=T3 pat=000 resclass=[ -5, 3, -15 ] xT=false
  D4 above=T2 pat=000 resclass=[ 14, 42, 3 ] xT=false
  D4 above=T1 pat=000 resclass=[ -70, 14, -5 ] xT=false
  D4 above=T1 pat=000 resclass=[ -70, 14, -5 ] xT=false
  D4 above=T3 pat=000 resclass=[ -5, 3, -15 ] xT=false
  D4 above=T2 pat=000 resclass=[ 14, 42, 3 ] xT=false
  D4 above=T3 pat=000 resclass=[ -5, 3, -15 ] xT=false
  D4 above=T2 pat=000 resclass=[ 14, 42, 3 ] xT=false
MEMBER stv 3 3/2 -1/4 shape=[ 1, 1, 2, 2 ] tors=[ 4, 4 ] order4=12 norm111=0 xTpass=0
  D4 above=T3 pat=000 resclass=[ 119, 5, 595 ] xT=false
  D4 above=T3 pat=000 resclass=[ 119, 5, 595 ] xT=false
  D4 above=T1 pat=000 resclass=[ -85, -35, 119 ] xT=false
  D4 above=T2 pat=000 resclass=[ -35, -7, 5 ] xT=false
  D4 above=T1 pat=000 resclass=[ -85, -35, 119 ] xT=false
  D4 above=T2 pat=000 resclass=[ -35, -7, 5 ] xT=false
  D4 above=T3 pat=000 resclass=[ 119, 5, 595 ] xT=false
  D4 above=T3 pat=000 resclass=[ 119, 5, 595 ] xT=false
  D4 above=T1 pat=000 resclass=[ -85, -35, 119 ] xT=false
  D4 above=T2 pat=000 resclass=[ -35, -7, 5 ] xT=false
  D4 above=T1 pat=000 resclass=[ -85, -35, 119 ] xT=false
  D4 above=T2 pat=000 resclass=[ -35, -7, 5 ] xT=false
MEMBER stv 4 3/4 -3/2 shape=[ 1, 1, 2, 2 ] tors=[ 4, 4 ] order4=12 norm111=0 xTpass=0
  D4 above=T3 pat=000 resclass=[ 4047, -7, -28329 ] xT=false
  D4 above=T3 pat=000 resclass=[ 4047, -7, -28329 ] xT=false
  D4 above=T1 pat=000 resclass=[ 2598666385, 5779095, 4047 ] xT=false
  D4 above=T2 pat=000 resclass=[ 5779095, -825585, -7 ] xT=false
  D4 above=T1 pat=000 resclass=[ 2598666385, 5779095, 4047 ] xT=false
  D4 above=T2 pat=000 resclass=[ 5779095, -825585, -7 ] xT=false
  D4 above=T3 pat=000 resclass=[ 4047, -7, -28329 ] xT=false
  D4 above=T3 pat=000 resclass=[ 4047, -7, -28329 ] xT=false
  D4 above=T1 pat=000 resclass=[ 2598666385, 5779095, 4047 ] xT=false
  D4 above=T2 pat=000 resclass=[ 5779095, -825585, -7 ] xT=false
  D4 above=T1 pat=000 resclass=[ 2598666385, 5779095, 4047 ] xT=false
  D4 above=T2 pat=000 resclass=[ 5779095, -825585, -7 ] xT=false
MEMBER stv 1 2/3 -19/20 shape=[ 1, 1, 2, 2 ] tors=[ 4, 4 ] order4=12 norm111=0 xTpass=0
  D4 above=T1 pat=000 resclass=[ -79534, -5681, 14 ] xT=false
  D4 above=T1 pat=000 resclass=[ -79534, -5681, 14 ] xT=false
  D4 above=T3 pat=000 resclass=[ 14, -5, -70 ] xT=false
  D4 above=T2 pat=000 resclass=[ -5681, 28405, -5 ] xT=false
  D4 above=T3 pat=000 resclass=[ 14, -5, -70 ] xT=false
  D4 above=T2 pat=000 resclass=[ -5681, 28405, -5 ] xT=false
  D4 above=T1 pat=000 resclass=[ -79534, -5681, 14 ] xT=false
  D4 above=T1 pat=000 resclass=[ -79534, -5681, 14 ] xT=false
  D4 above=T3 pat=000 resclass=[ 14, -5, -70 ] xT=false
  D4 above=T2 pat=000 resclass=[ -5681, 28405, -5 ] xT=false
  D4 above=T3 pat=000 resclass=[ 14, -5, -70 ] xT=false
  D4 above=T2 pat=000 resclass=[ -5681, 28405, -5 ] xT=false
MEMBER stv 2/3 5/6 15/11 shape=[ 1, 1, 2, 2 ] tors=[ 4, 4 ] order4=12 norm111=0 xTpass=0
  D4 above=T1 pat=000 resclass=[ -130322283, -7160565, 455 ] xT=false
  D4 above=T1 pat=000 resclass=[ -130322283, -7160565, 455 ] xT=false
  D4 above=T3 pat=000 resclass=[ 455, -11, -5005 ] xT=false
  D4 above=T2 pat=000 resclass=[ -7160565, 78766215, -11 ] xT=false
  D4 above=T3 pat=000 resclass=[ 455, -11, -5005 ] xT=false
  D4 above=T2 pat=000 resclass=[ -7160565, 78766215, -11 ] xT=false
  D4 above=T1 pat=000 resclass=[ -130322283, -7160565, 455 ] xT=false
  D4 above=T1 pat=000 resclass=[ -130322283, -7160565, 455 ] xT=false
  D4 above=T3 pat=000 resclass=[ 455, -11, -5005 ] xT=false
  D4 above=T2 pat=000 resclass=[ -7160565, 78766215, -11 ] xT=false
  D4 above=T3 pat=000 resclass=[ 455, -11, -5005 ] xT=false
  D4 above=T2 pat=000 resclass=[ -7160565, 78766215, -11 ] xT=false
MEMBER stv 19/13 5/2 17/8 shape=[ 1, 1, 2, 2 ] tors=[ 4, 4 ] order4=12 norm111=0 xTpass=0
  D4 above=T3 pat=000 resclass=[ -68753, 21, -1443813 ] xT=false
  D4 above=T3 pat=000 resclass=[ -68753, 21, -1443813 ] xT=false
  D4 above=T2 pat=000 resclass=[ -7424517568146, -353548455626, 21 ] xT=false
  D4 above=T1 pat=000 resclass=[ 510457856362741938, -7424517568146, -68753 ] xT=false
  D4 above=T2 pat=000 resclass=[ -7424517568146, -353548455626, 21 ] xT=false
  D4 above=T1 pat=000 resclass=[ 510457856362741938, -7424517568146, -68753 ] xT=false
  D4 above=T3 pat=000 resclass=[ -68753, 21, -1443813 ] xT=false
  D4 above=T3 pat=000 resclass=[ -68753, 21, -1443813 ] xT=false
  D4 above=T2 pat=000 resclass=[ -7424517568146, -353548455626, 21 ] xT=false
  D4 above=T1 pat=000 resclass=[ 510457856362741938, -7424517568146, -68753 ] xT=false
  D4 above=T2 pat=000 resclass=[ -7424517568146, -353548455626, 21 ] xT=false
  D4 above=T1 pat=000 resclass=[ 510457856362741938, -7424517568146, -68753 ] xT=false
PART_DONE part=68
