MEMBER stv 1/4 1/3 1/3 shape=[ 1, 1, 2, 2 ] tors=[ 4, 4 ] order4=12 norm111=0 xTpass=0
  D4 above=T2 pat=000 resclass=[ -24582, 12291, -2 ] xT=false
  D4 above=T2 pat=000 resclass=[ -24582, 12291, -2 ] xT=false
  D4 above=T3 pat=000 resclass=[ -943, -2, 1886 ] xT=false
  D4 above=T1 pat=000 resclass=[ 23180826, -24582, -943 ] xT=false
  D4 above=T3 pat=000 resclass=[ -943, -2, 1886 ] xT=false
  D4 above=T1 pat=000 resclass=[ 23180826, -24582, -943 ] xT=false
  D4 above=T2 pat=000 resclass=[ -24582, 12291, -2 ] xT=false
  D4 above=T2 pat=000 resclass=[ -24582, 12291, -2 ] xT=false
  D4 above=T3 pat=000 resclass=[ -943, -2, 1886 ] xT=false
  D4 above=T1 pat=000 resclass=[ 23180826, -24582, -943 ] xT=false
  D4 above=T3 pat=000 resclass=[ -943, -2, 1886 ] xT=false
  D4 above=T1 pat=000 resclass=[ 23180826, -24582, -943 ] xT=false
MEMBER stv 1/4 4 2 shape=[ 1, 1, 2, 2 ] tors=[ 4, 4 ] order4=12 norm111=0 xTpass=0
  D4 above=T1 pat=000 resclass=[ 45959230, -12770, -3599 ] xT=false
  D4 above=T1 pat=000 resclass=[ 45959230, -12770, -3599 ] xT=false
  D4 above=T3 pat=000 resclass=[ -3599, 15, -53985 ] xT=false
  D4 above=T2 pat=000 resclass=[ -12770, -7662, 15 ] xT=false
  D4 above=T3 pat=000 resclass=[ -3599, 15, -53985 ] xT=false
  D4 above=T2 pat=000 resclass=[ -12770, -7662, 15 ] xT=false
  D4 above=T1 pat=000 resclass=[ 45959230, -12770, -3599 ] xT=false
  D4 above=T1 pat=000 resclass=[ 45959230, -12770, -3599 ] xT=false
  D4 above=T3 pat=000 resclass=[ -3599, 15, -53985 ] xT=false
  D4 above=T2 pat=000 resclass=[ -12770, -7662, 15 ] xT=false
  D4 above=T3 pat=000 resclass=[ -3599, 15, -53985 ] xT=false
  D4 above=T2 pat=000 resclass=[ -12770, -7662, 15 ] xT=false
MEMBER stv 1/3 3 3/4 shape=[ 1, 1, 2, 2 ] tors=[ 4, 4 ] order4=12 norm111=0 xTpass=0
  D4 above=T2 pat=000 resclass=[ -49530, -24765, 2 ] xT=false
  D4 above=T2 pat=000 resclass=[ -49530, -24765, 2 ] xT=false
  D4 above=T1 pat=000 resclass=[ 1139190, -49530, -23 ] xT=false
  D4 above=T3 pat=000 resclass=[ -23, 2, -46 ] xT=false
  D4 above=T1 pat=000 resclass=[ 1139190, -49530, -23 ] xT=false
  D4 above=T3 pat=000 resclass=[ -23, 2, -46 ] xT=false
  D4 above=T2 pat=000 resclass=[ -49530, -24765, 2 ] xT=false
  D4 above=T2 pat=000 resclass=[ -49530, -24765, 2 ] xT=false
  D4 above=T1 pat=000 resclass=[ 1139190, -49530, -23 ] xT=false
  D4 above=T3 pat=000 resclass=[ -23, 2, -46 ] xT=false
  D4 above=T1 pat=000 resclass=[ 1139190, -49530, -23 ] xT=false
  D4 above=T3 pat=000 resclass=[ -23, 2, -46 ] xT=false
MEMBER stv 1/2 2 1/4 shape=[ 1, 1, 2, 2 ] tors=[ 4, 4 ] order4=12 norm111=0 xTpass=0
  D4 above=T3 pat=000 resclass=[ -35, 3, -105 ] xT=false
  D4 above=T3 pat=000 resclass=[ -35, 3, -105 ] xT=false
  D4 above=T1 pat=000 resclass=[ 55335, -1581, -35 ] xT=false
  D4 above=T2 pat=000 resclass=[ -1581, -527, 3 ] xT=false
  D4 above=T1 pat=000 resclass=[ 55335, -1581, -35 ] xT=false
  D4 above=T2 pat=000 resclass=[ -1581, -527, 3 ] xT=false
  D4 above=T3 pat=000 resclass=[ -35, 3, -105 ] xT=false
  D4 above=T3 pat=000 resclass=[ -35, 3, -105 ] xT=false
  D4 above=T1 pat=000 resclass=[ 55335, -1581, -35 ] xT=false
  D4 above=T2 pat=000 resclass=[ -1581, -527, 3 ] xT=false
  D4 above=T1 pat=000 resclass=[ 55335, -1581, -35 ] xT=false
  D4 above=T2 pat=000 resclass=[ -1581, -527, 3 ] xT=false
MEMBER stv 2/3 4/3 3/2 shape=[ 1, 1, 2, 2 ] tors=[ 4, 4 ] order4=12 norm111=0 xTpass=0
  D4 above=T1 pat=000 resclass=[ 30030, -2310, -13 ] xT=false
  D4 above=T1 pat=000 resclass=[ 30030, -2310, -13 ] xT=false
  D4 above=T3 pat=000 resclass=[ -13, 7, -91 ] xT=false
  D4 above=T2 pat=000 resclass=[ -2310, -330, 7 ] xT=false
  D4 above=T3 pat=000 resclass=[ -13, 7, -91 ] xT=false
  D4 above=T2 pat=000 resclass=[ -2310, -330, 7 ] xT=false
  D4 above=T1 pat=000 resclass=[ 30030, -2310, -13 ] xT=false
  D4 above=T1 pat=000 resclass=[ 30030, -2310, -13 ] xT=false
  D4 above=T3 pat=000 resclass=[ -13, 7, -91 ] xT=false
  D4 above=T2 pat=000 resclass=[ -2310, -330, 7 ] xT=false
  D4 above=T3 pat=000 resclass=[ -13, 7, -91 ] xT=false
  D4 above=T2 pat=000 resclass=[ -2310, -330, 7 ] xT=false
MEMBER stv 3/4 3/4 2/3 shape=[ 1, 1, 2, 2 ] tors=[ 4, 4 ] order4=12 norm111=0 xTpass=0
  D4 above=T3 pat=000 resclass=[ 95, -7, -665 ] xT=false
  D4 above=T3 pat=000 resclass=[ 95, -7, -665 ] xT=false
  D4 above=T2 pat=000 resclass=[ -91014, 13002, -7 ] xT=false
  D4 above=T1 pat=000 resclass=[ -8646330, -91014, 95 ] xT=false
  D4 above=T2 pat=000 resclass=[ -91014, 13002, -7 ] xT=false
  D4 above=T1 pat=000 resclass=[ -8646330, -91014, 95 ] xT=false
  D4 above=T3 pat=000 resclass=[ 95, -7, -665 ] xT=false
  D4 above=T3 pat=000 resclass=[ 95, -7, -665 ] xT=false
  D4 above=T2 pat=000 resclass=[ -91014, 13002, -7 ] xT=false
  D4 above=T1 pat=000 resclass=[ -8646330, -91014, 95 ] xT=false
  D4 above=T2 pat=000 resclass=[ -91014, 13002, -7 ] xT=false
  D4 above=T1 pat=000 resclass=[ -8646330, -91014, 95 ] xT=false
MEMBER stv 1 1/2 4 shape=[ 1, 1, 2, 2 ] tors=[ 4, 4 ] order4=12 norm111=0 xTpass=0
  D4 above=T2 pat=000 resclass=[ -345, 115, -3 ] xT=false
  D4 above=T2 pat=000 resclass=[ -345, 115, -3 ] xT=false
  D4 above=T1 pat=000 resclass=[ -2415, -345, 7 ] xT=false
  D4 above=T3 pat=000 resclass=[ 7, -3, -21 ] xT=false
  D4 above=T1 pat=000 resclass=[ -2415, -345, 7 ] xT=false
  D4 above=T3 pat=000 resclass=[ 7, -3, -21 ] xT=false
  D4 above=T2 pat=000 resclass=[ -345, 115, -3 ] xT=false
  D4 above=T2 pat=000 resclass=[ -345, 115, -3 ] xT=false
  D4 above=T1 pat=000 resclass=[ -2415, -345, 7 ] xT=false
  D4 above=T3 pat=000 resclass=[ 7, -3, -21 ] xT=false
  D4 above=T1 pat=000 resclass=[ -2415, -345, 7 ] xT=false
  D4 above=T3 pat=000 resclass=[ 7, -3, -21 ] xT=false
MEMBER stv 4/3 1/3 4/3 shape=[ 1, 1, 2, 2 ] tors=[ 4, 4 ] order4=12 norm111=0 xTpass=0
  D4 above=T2 pat=000 resclass=[ -464646, 232323, -2 ] xT=false
  D4 above=T2 pat=000 resclass=[ -464646, 232323, -2 ] xT=false
  D4 above=T3 pat=000 resclass=[ 5, -2, -10 ] xT=false
  D4 above=T1 pat=000 resclass=[ -2323230, -464646, 5 ] xT=false
  D4 above=T3 pat=000 resclass=[ 5, -2, -10 ] xT=false
  D4 above=T1 pat=000 resclass=[ -2323230, -464646, 5 ] xT=false
  D4 above=T2 pat=000 resclass=[ -464646, 232323, -2 ] xT=false
  D4 above=T2 pat=000 resclass=[ -464646, 232323, -2 ] xT=false
  D4 above=T3 pat=000 resclass=[ 5, -2, -10 ] xT=false
  D4 above=T1 pat=000 resclass=[ -2323230, -464646, 5 ] xT=false
  D4 above=T3 pat=000 resclass=[ 5, -2, -10 ] xT=false
  D4 above=T1 pat=000 resclass=[ -2323230, -464646, 5 ] xT=false
MEMBER stv 3/2 1/4 1/2 shape=[ 1, 1, 2, 2 ] tors=[ 4, 4 ] order4=12 norm111=0 xTpass=0
  D4 above=T2 pat=000 resclass=[ -562530, 37502, -15 ] xT=false
  D4 above=T2 pat=000 resclass=[ -562530, 37502, -15 ] xT=false
  D4 above=T1 pat=000 resclass=[ -2437630, -562530, 39 ] xT=false
  D4 above=T3 pat=000 resclass=[ 39, -15, -65 ] xT=false
  D4 above=T1 pat=000 resclass=[ -2437630, -562530, 39 ] xT=false
  D4 above=T3 pat=000 resclass=[ 39, -15, -65 ] xT=false
  D4 above=T2 pat=000 resclass=[ -562530, 37502, -15 ] xT=false
  D4 above=T2 pat=000 resclass=[ -562530, 37502, -15 ] xT=false
  D4 above=T1 pat=000 resclass=[ -2437630, -562530, 39 ] xT=false
  D4 above=T3 pat=000 resclass=[ 39, -15, -65 ] xT=false
  D4 above=T1 pat=000 resclass=[ -2437630, -562530, 39 ] xT=false
  D4 above=T3 pat=000 resclass=[ 39, -15, -65 ] xT=false
MEMBER stv 3/2 3 3 shape=[ 1, 1, 2, 2 ] tors=[ 4, 4 ] order4=12 norm111=0 xTpass=0
  D4 above=T3 pat=000 resclass=[ -247, 2, -494 ] xT=false
  D4 above=T3 pat=000 resclass=[ -247, 2, -494 ] xT=false
  D4 above=T1 pat=000 resclass=[ 781014, -3162, -247 ] xT=false
  D4 above=T2 pat=000 resclass=[ -3162, -1581, 2 ] xT=false
  D4 above=T1 pat=000 resclass=[ 781014, -3162, -247 ] xT=false
  D4 above=T2 pat=000 resclass=[ -3162, -1581, 2 ] xT=false
  D4 above=T3 pat=000 resclass=[ -247, 2, -494 ] xT=false
  D4 above=T3 pat=000 resclass=[ -247, 2, -494 ] xT=false
  D4 above=T1 pat=000 resclass=[ 781014, -3162, -247 ] xT=false
  D4 above=T2 pat=000 resclass=[ -3162, -1581, 2 ] xT=false
  D4 above=T1 pat=000 resclass=[ 781014, -3162, -247 ] xT=false
  D4 above=T2 pat=000 resclass=[ -3162, -1581, 2 ] xT=false
MEMBER stv 2 2 1 shape=[ 1, 1, 2, 2 ] tors=[ 4, 4 ] order4=12 norm111=0 xTpass=0
  D4 above=T3 pat=000 resclass=[ -5, 3, -15 ] xT=false
  D4 above=T3 pat=000 resclass=[ -5, 3, -15 ] xT=false
  D4 above=T2 pat=000 resclass=[ -105, -35, 3 ] xT=false
  D4 above=T1 pat=000 resclass=[ 21, -105, -5 ] xT=false
  D4 above=T2 pat=000 resclass=[ -105, -35, 3 ] xT=false
  D4 above=T1 pat=000 resclass=[ 21, -105, -5 ] xT=false
  D4 above=T3 pat=000 resclass=[ -5, 3, -15 ] xT=false
  D4 above=T3 pat=000 resclass=[ -5, 3, -15 ] xT=false
  D4 above=T2 pat=000 resclass=[ -105, -35, 3 ] xT=false
  D4 above=T1 pat=000 resclass=[ 21, -105, -5 ] xT=false
  D4 above=T2 pat=000 resclass=[ -105, -35, 3 ] xT=false
  D4 above=T1 pat=000 resclass=[ 21, -105, -5 ] xT=false
MEMBER stv 3 3/2 1/3 shape=[ 1, 1, 2, 2 ] tors=[ 4, 4 ] order4=12 norm111=0 xTpass=0
  D4 above=T2 pat=000 resclass=[ 15, 3, 5 ] xT=false
  D4 above=T2 pat=000 resclass=[ 15, 3, 5 ] xT=false
  D4 above=T1 pat=000 resclass=[ 1785, 15, 119 ] xT=false
  D4 above=T3 pat=000 resclass=[ 119, 5, 595 ] xT=false
  D4 above=T1 pat=000 resclass=[ 1785, 15, 119 ] xT=false
  D4 above=T3 pat=000 resclass=[ 119, 5, 595 ] xT=false
  D4 above=T2 pat=000 resclass=[ 15, 3, 5 ] xT=false
  D4 above=T2 pat=000 resclass=[ 15, 3, 5 ] xT=false
  D4 above=T1 pat=000 resclass=[ 1785, 15, 119 ] xT=false
  D4 above=T3 pat=000 resclass=[ 119, 5, 595 ] xT=false
  D4 above=T1 pat=000 resclass=[ 1785, 15, 119 ] xT=false
  D4 above=T3 pat=000 resclass=[ 119, 5, 595 ] xT=false
MEMBER stv 4 3/4 2 shape=[ 1, 1, 2, 2 ] tors=[ 4, 4 ] order4=12 norm111=0 xTpass=0
  D4 above=T2 pat=000 resclass=[ -110033, 15719, -7 ] xT=false
  D4 above=T2 pat=000 resclass=[ -110033, 15719, -7 ] xT=false
  D4 above=T1 pat=000 resclass=[ -445303551, -110033, 4047 ] xT=false
  D4 above=T3 pat=000 resclass=[ 4047, -7, -28329 ] xT=false
  D4 above=T1 pat=000 resclass=[ -445303551, -110033, 4047 ] xT=false
  D4 above=T3 pat=000 resclass=[ 4047, -7, -28329 ] xT=false
  D4 above=T2 pat=000 resclass=[ -110033, 15719, -7 ] xT=false
  D4 above=T2 pat=000 resclass=[ -110033, 15719, -7 ] xT=false
  D4 above=T1 pat=000 resclass=[ -445303551, -110033, 4047 ] xT=false
  D4 above=T3 pat=000 resclass=[ 4047, -7, -28329 ] xT=false
  D4 above=T1 pat=000 resclass=[ -445303551, -110033, 4047 ] xT=false
  D4 above=T3 pat=000 resclass=[ 4047, -7, -28329 ] xT=false
MEMBER stv 2/15 11/19 -4/3 shape=[ 1, 1, 2, 2 ] tors=[ 4, 4 ] order4=12 norm111=0 xTpass=0
  D4 above=T2 pat=000 resclass=[ 196861551005, -118116930603, -15 ] xT=false
  D4 above=T2 pat=000 resclass=[ 196861551005, -118116930603, -15 ] xT=false
  D4 above=T3 pat=000 resclass=[ -3109679, -15, 46645185 ] xT=false
  D4 above=T1 pat=000 resclass=[ -612176231067677395, 196861551005, -3109679 ] xT=false
  D4 above=T3 pat=000 resclass=[ -3109679, -15, 46645185 ] xT=false
  D4 above=T1 pat=000 resclass=[ -612176231067677395, 196861551005, -3109679 ] xT=false
  D4 above=T2 pat=000 resclass=[ 196861551005, -118116930603, -15 ] xT=false
  D4 above=T2 pat=000 resclass=[ 196861551005, -118116930603, -15 ] xT=false
  D4 above=T3 pat=000 resclass=[ -3109679, -15, 46645185 ] xT=false
  D4 above=T1 pat=000 resclass=[ -612176231067677395, 196861551005, -3109679 ] xT=false
  D4 above=T3 pat=000 resclass=[ -3109679, -15, 46645185 ] xT=false
  D4 above=T1 pat=000 resclass=[ -612176231067677395, 196861551005, -3109679 ] xT=false
MEMBER stv 3/17 7/17 -17/18 shape=[ 1, 1, 2, 2 ] tors=[ 4, 4 ] order4=12 norm111=0 xTpass=0
  D4 above=T3 pat=000 resclass=[ -679, -15, 10185 ] xT=false
  D4 above=T3 pat=000 resclass=[ -679, -15, 10185 ] xT=false
  D4 above=T2 pat=000 resclass=[ 138516510, -9234434, -15 ] xT=false
  D4 above=T1 pat=000 resclass=[ -94052710290, 138516510, -679 ] xT=false
  D4 above=T2 pat=000 resclass=[ 138516510, -9234434, -15 ] xT=false
  D4 above=T1 pat=000 resclass=[ -94052710290, 138516510, -679 ] xT=false
  D4 above=T3 pat=000 resclass=[ -679, -15, 10185 ] xT=false
  D4 above=T3 pat=000 resclass=[ -679, -15, 10185 ] xT=false
  D4 above=T2 pat=000 resclass=[ 138516510, -9234434, -15 ] xT=false
  D4 above=T1 pat=000 resclass=[ -94052710290, 138516510, -679 ] xT=false
  D4 above=T2 pat=000 resclass=[ 138516510, -9234434, -15 ] xT=false
  D4 above=T1 pat=000 resclass=[ -94052710290, 138516510, -679 ] xT=false
MEMBER stv 17/2 8 -3 shape=[ 1, 1, 2, 2 ] tors=[ 4, 4 ] order4=12 norm111=0 xTpass=0
  D4 above=T2 pat=000 resclass=[ 861223083, 123031869, 7 ] xT=false
  D4 above=T2 pat=000 resclass=[ 861223083, 123031869, 7 ] xT=false
  D4 above=T1 pat=000 resclass=[ -13423884194721, 861223083, -15587 ] xT=false
  D4 above=T3 pat=000 resclass=[ -15587, 7, -109109 ] xT=false
  D4 above=T1 pat=000 resclass=[ -13423884194721, 861223083, -15587 ] xT=false
  D4 above=T3 pat=000 resclass=[ -15587, 7, -109109 ] xT=false
  D4 above=T2 pat=000 resclass=[ 861223083, 123031869, 7 ] xT=false
  D4 above=T2 pat=000 resclass=[ 861223083, 123031869, 7 ] xT=false
  D4 above=T1 pat=000 resclass=[ -13423884194721, 861223083, -15587 ] xT=false
  D4 above=T3 pat=000 resclass=[ -15587, 7, -109109 ] xT=false
  D4 above=T1 pat=000 resclass=[ -13423884194721, 861223083, -15587 ] xT=false
  D4 above=T3 pat=000 resclass=[ -15587, 7, -109109 ] xT=false
PART_DONE part=69
