MEMBER mnv 2/3 1 1 shape=[ 1, 1, 2, 2 ] tors=[ 4, 4 ] order4=12 norm111=4 xTpass=0
  D4 above=T2 pat=001 resclass=[ 158931954070454761, 158931954070454761, 1 ] xT=false
  D4 above=T2 pat=001 resclass=[ 158931954070454761, 158931954070454761, 1 ] xT=false
  D4 above=T3 pat=111 resclass=[ 1, 1, 1 ] xT=false
  D4 above=T1 pat=001 resclass=[ 158931954070454761, 158931954070454761, 1 ] xT=false
  D4 above=T3 pat=111 resclass=[ 1, 1, 1 ] xT=false
  D4 above=T1 pat=001 resclass=[ 158931954070454761, 158931954070454761, 1 ] xT=false
  D4 above=T2 pat=001 resclass=[ 158931954070454761, 158931954070454761, 1 ] xT=false
  D4 above=T2 pat=001 resclass=[ 158931954070454761, 158931954070454761, 1 ] xT=false
  D4 above=T3 pat=111 resclass=[ 1, 1, 1 ] xT=false
  D4 above=T1 pat=001 resclass=[ 158931954070454761, 158931954070454761, 1 ] xT=false
  D4 above=T3 pat=111 resclass=[ 1, 1, 1 ] xT=false
  D4 above=T1 pat=001 resclass=[ 158931954070454761, 158931954070454761, 1 ] xT=false
MEMBER stv 1/4 3/2 4 shape=[ 1, 1, 2, 2 ] tors=[ 4, 4 ] order4=12 norm111=0 xTpass=0
  D4 above=T1 pat=000 resclass=[ 15, -10, -6 ] xT=false
  D4 above=T1 pat=000 resclass=[ 15, -10, -6 ] xT=false
  D4 above=T2 pat=000 resclass=[ -10, -2, 5 ] xT=false
  D4 above=T3 pat=000 resclass=[ -6, 5, -30 ] xT=false
  D4 above=T2 pat=000 resclass=[ -10, -2, 5 ] xT=false
  D4 above=T3 pat=000 resclass=[ -6, 5, -30 ] xT=false
  D4 above=T1 pat=000 resclass=[ 15, -10, -6 ] xT=false
  D4 above=T1 pat=000 resclass=[ 15, -10, -6 ] xT=false
  D4 above=T2 pat=000 resclass=[ -10, -2, 5 ] xT=false
  D4 above=T3 pat=000 resclass=[ -6, 5, -30 ] xT=false
  D4 above=T2 pat=000 resclass=[ -10, -2, 5 ] xT=false
  D4 above=T3 pat=000 resclass=[ -6, 5, -30 ] xT=false
MEMBER stv 1/3 4/3 4/3 shape=[ 1, 1, 2, 2 ] tors=[ 4, 4 ] order4=12 norm111=0 xTpass=0
  D4 above=T2 pat=000 resclass=[ -651, -93, 7 ] xT=false
  D4 above=T2 pat=000 resclass=[ -651, -93, 7 ] xT=false
  D4 above=T1 pat=000 resclass=[ 6510, -651, -10 ] xT=false
  D4 above=T3 pat=000 resclass=[ -10, 7, -70 ] xT=false
  D4 above=T1 pat=000 resclass=[ 6510, -651, -10 ] xT=false
  D4 above=T3 pat=000 resclass=[ -10, 7, -70 ] xT=false
  D4 above=T2 pat=000 resclass=[ -651, -93, 7 ] xT=false
  D4 above=T2 pat=000 resclass=[ -651, -93, 7 ] xT=false
  D4 above=T1 pat=000 resclass=[ 6510, -651, -10 ] xT=false
  D4 above=T3 pat=000 resclass=[ -10, 7, -70 ] xT=false
  D4 above=T1 pat=000 resclass=[ 6510, -651, -10 ] xT=false
  D4 above=T3 pat=000 resclass=[ -10, 7, -70 ] xT=false
MEMBER stv 1/2 3/4 1/2 shape=[ 1, 1, 2, 2 ] tors=[ 4, 4 ] order4=12 norm111=0 xTpass=0
  D4 above=T1 pat=000 resclass=[ -14910, -994, 15 ] xT=false
  D4 above=T1 pat=000 resclass=[ -14910, -994, 15 ] xT=false
  D4 above=T2 pat=000 resclass=[ -994, 142, -7 ] xT=false
  D4 above=T3 pat=000 resclass=[ 15, -7, -105 ] xT=false
  D4 above=T2 pat=000 resclass=[ -994, 142, -7 ] xT=false
  D4 above=T3 pat=000 resclass=[ 15, -7, -105 ] xT=false
  D4 above=T1 pat=000 resclass=[ -14910, -994, 15 ] xT=false
  D4 above=T1 pat=000 resclass=[ -14910, -994, 15 ] xT=false
  D4 above=T2 pat=000 resclass=[ -994, 142, -7 ] xT=false
  D4 above=T3 pat=000 resclass=[ 15, -7, -105 ] xT=false
  D4 above=T2 pat=000 resclass=[ -994, 142, -7 ] xT=false
  D4 above=T3 pat=000 resclass=[ 15, -7, -105 ] xT=false
MEMBER stv 2/3 1/2 3 shape=[ 1, 1, 2, 2 ] tors=[ 4, 4 ] order4=12 norm111=0 xTpass=0
  D4 above=T2 pat=000 resclass=[ -973, 2919, -3 ] xT=false
  D4 above=T2 pat=000 resclass=[ -973, 2919, -3 ] xT=false
  D4 above=T1 pat=000 resclass=[ 16541, -973, -17 ] xT=false
  D4 above=T3 pat=000 resclass=[ -17, -3, 51 ] xT=false
  D4 above=T1 pat=000 resclass=[ 16541, -973, -17 ] xT=false
  D4 above=T3 pat=000 resclass=[ -17, -3, 51 ] xT=false
  D4 above=T2 pat=000 resclass=[ -973, 2919, -3 ] xT=false
  D4 above=T2 pat=000 resclass=[ -973, 2919, -3 ] xT=false
  D4 above=T1 pat=000 resclass=[ 16541, -973, -17 ] xT=false
  D4 above=T3 pat=000 resclass=[ -17, -3, 51 ] xT=false
  D4 above=T1 pat=000 resclass=[ 16541, -973, -17 ] xT=false
  D4 above=T3 pat=000 resclass=[ -17, -3, 51 ] xT=false
MEMBER stv 3/4 1/3 1 shape=[ 1, 1, 2, 2 ] tors=[ 4, 4 ] order4=12 norm111=0 xTpass=0
  D4 above=T1 pat=000 resclass=[ 1270270, -4306, -295 ] xT=false
  D4 above=T1 pat=000 resclass=[ 1270270, -4306, -295 ] xT=false
  D4 above=T2 pat=000 resclass=[ -4306, 2153, -2 ] xT=false
  D4 above=T3 pat=000 resclass=[ -295, -2, 590 ] xT=false
  D4 above=T2 pat=000 resclass=[ -4306, 2153, -2 ] xT=false
  D4 above=T3 pat=000 resclass=[ -295, -2, 590 ] xT=false
  D4 above=T1 pat=000 resclass=[ 1270270, -4306, -295 ] xT=false
  D4 above=T1 pat=000 resclass=[ 1270270, -4306, -295 ] xT=false
  D4 above=T2 pat=000 resclass=[ -4306, 2153, -2 ] xT=false
  D4 above=T3 pat=000 resclass=[ -295, -2, 590 ] xT=false
  D4 above=T2 pat=000 resclass=[ -4306, 2153, -2 ] xT=false
  D4 above=T3 pat=000 resclass=[ -295, -2, 590 ] xT=false
MEMBER stv 1 1/4 1/3 shape=[ 1, 1, 2, 2 ] tors=[ 4, 4 ] order4=12 norm111=0 xTpass=0
  D4 above=T2 pat=000 resclass=[ -5195, 3117, -15 ] xT=false
  D4 above=T2 pat=000 resclass=[ -5195, 3117, -15 ] xT=false
  D4 above=T3 pat=000 resclass=[ 31, -15, -465 ] xT=false
  D4 above=T1 pat=000 resclass=[ -161045, -5195, 31 ] xT=false
  D4 above=T3 pat=000 resclass=[ 31, -15, -465 ] xT=false
  D4 above=T1 pat=000 resclass=[ -161045, -5195, 31 ] xT=false
  D4 above=T2 pat=000 resclass=[ -5195, 3117, -15 ] xT=false
  D4 above=T2 pat=000 resclass=[ -5195, 3117, -15 ] xT=false
  D4 above=T3 pat=000 resclass=[ 31, -15, -465 ] xT=false
  D4 above=T1 pat=000 resclass=[ -161045, -5195, 31 ] xT=false
  D4 above=T3 pat=000 resclass=[ 31, -15, -465 ] xT=false
  D4 above=T1 pat=000 resclass=[ -161045, -5195, 31 ] xT=false
MEMBER stv 1 3 2 shape=[ 1, 1, 2, 2 ] tors=[ 4, 4 ] order4=12 norm111=0 xTpass=0
  D4 above=T3 pat=000 resclass=[ -7, 2, -14 ] xT=false
  D4 above=T3 pat=000 resclass=[ -7, 2, -14 ] xT=false
  D4 above=T1 pat=000 resclass=[ 329, -47, -7 ] xT=false
  D4 above=T2 pat=000 resclass=[ -47, -94, 2 ] xT=false
  D4 above=T1 pat=000 resclass=[ 329, -47, -7 ] xT=false
  D4 above=T2 pat=000 resclass=[ -47, -94, 2 ] xT=false
  D4 above=T3 pat=000 resclass=[ -7, 2, -14 ] xT=false
  D4 above=T3 pat=000 resclass=[ -7, 2, -14 ] xT=false
  D4 above=T1 pat=000 resclass=[ 329, -47, -7 ] xT=false
  D4 above=T2 pat=000 resclass=[ -47, -94, 2 ] xT=false
  D4 above=T1 pat=000 resclass=[ 329, -47, -7 ] xT=false
  D4 above=T2 pat=000 resclass=[ -47, -94, 2 ] xT=false
MEMBER stv 4/3 2 3/4 shape=[ 1, 1, 2, 2 ] tors=[ 4, 4 ] order4=12 norm111=0 xTpass=0
  D4 above=T1 pat=000 resclass=[ 91, -35, -65 ] xT=false
  D4 above=T1 pat=000 resclass=[ 91, -35, -65 ] xT=false
  D4 above=T2 pat=000 resclass=[ -35, -105, 3 ] xT=false
  D4 above=T3 pat=000 resclass=[ -65, 3, -195 ] xT=false
  D4 above=T2 pat=000 resclass=[ -35, -105, 3 ] xT=false
  D4 above=T3 pat=000 resclass=[ -65, 3, -195 ] xT=false
  D4 above=T1 pat=000 resclass=[ 91, -35, -65 ] xT=false
  D4 above=T1 pat=000 resclass=[ 91, -35, -65 ] xT=false
  D4 above=T2 pat=000 resclass=[ -35, -105, 3 ] xT=false
  D4 above=T3 pat=000 resclass=[ -65, 3, -195 ] xT=false
  D4 above=T2 pat=000 resclass=[ -35, -105, 3 ] xT=false
  D4 above=T3 pat=000 resclass=[ -65, 3, -195 ] xT=false
MEMBER stv 3/2 3/2 1/4 shape=[ 1, 1, 2, 2 ] tors=[ 4, 4 ] order4=12 norm111=0 xTpass=0
  D4 above=T1 pat=100 resclass=[ 1, 11, 11 ] xT=false
  D4 above=T1 pat=100 resclass=[ 1, 11, 11 ] xT=false
  D4 above=T2 pat=000 resclass=[ 11, 55, 5 ] xT=false
  D4 above=T3 pat=000 resclass=[ 11, 5, 55 ] xT=false
  D4 above=T2 pat=000 resclass=[ 11, 55, 5 ] xT=false
  D4 above=T3 pat=000 resclass=[ 11, 5, 55 ] xT=false
  D4 above=T1 pat=100 resclass=[ 1, 11, 11 ] xT=false
  D4 above=T1 pat=100 resclass=[ 1, 11, 11 ] xT=false
  D4 above=T2 pat=000 resclass=[ 11, 55, 5 ] xT=false
  D4 above=T3 pat=000 resclass=[ 11, 5, 55 ] xT=false
  D4 above=T2 pat=000 resclass=[ 11, 55, 5 ] xT=false
  D4 above=T3 pat=000 resclass=[ 11, 5, 55 ] xT=false
MEMBER stv 2 3/4 3/2 shape=[ 1, 1, 2, 2 ] tors=[ 4, 4 ] order4=12 norm111=0 xTpass=0
  D4 above=T3 pat=000 resclass=[ 39, -7, -273 ] xT=false
  D4 above=T3 pat=000 resclass=[ 39, -7, -273 ] xT=false
  D4 above=T1 pat=000 resclass=[ -1001, -231, 39 ] xT=false
  D4 above=T2 pat=000 resclass=[ -231, 33, -7 ] xT=false
  D4 above=T1 pat=000 resclass=[ -1001, -231, 39 ] xT=false
  D4 above=T2 pat=000 resclass=[ -231, 33, -7 ] xT=false
  D4 above=T3 pat=000 resclass=[ 39, -7, -273 ] xT=false
  D4 above=T3 pat=000 resclass=[ 39, -7, -273 ] xT=false
  D4 above=T1 pat=000 resclass=[ -1001, -231, 39 ] xT=false
  D4 above=T2 pat=000 resclass=[ -231, 33, -7 ] xT=false
  D4 above=T1 pat=000 resclass=[ -1001, -231, 39 ] xT=false
  D4 above=T2 pat=000 resclass=[ -231, 33, -7 ] xT=false
MEMBER stv 3 2/3 2/3 shape=[ 1, 1, 2, 2 ] tors=[ 4, 4 ] order4=12 norm111=0 xTpass=0
  D4 above=T3 pat=000 resclass=[ 11, -5, -55 ] xT=false
  D4 above=T3 pat=000 resclass=[ 11, -5, -55 ] xT=false
  D4 above=T1 pat=000 resclass=[ -1340570, -121870, 11 ] xT=false
  D4 above=T2 pat=000 resclass=[ -121870, 24374, -5 ] xT=false
  D4 above=T1 pat=000 resclass=[ -1340570, -121870, 11 ] xT=false
  D4 above=T2 pat=000 resclass=[ -121870, 24374, -5 ] xT=false
  D4 above=T3 pat=000 resclass=[ 11, -5, -55 ] xT=false
  D4 above=T3 pat=000 resclass=[ 11, -5, -55 ] xT=false
  D4 above=T1 pat=000 resclass=[ -1340570, -121870, 11 ] xT=false
  D4 above=T2 pat=000 resclass=[ -121870, 24374, -5 ] xT=false
  D4 above=T1 pat=000 resclass=[ -1340570, -121870, 11 ] xT=false
  D4 above=T2 pat=000 resclass=[ -121870, 24374, -5 ] xT=false
MEMBER stv 4 1/3 4 shape=[ 1, 1, 2, 2 ] tors=[ 4, 4 ] order4=12 norm111=0 xTpass=0
  D4 above=T1 pat=000 resclass=[ -53022970, -688610, 77 ] xT=false
  D4 above=T1 pat=000 resclass=[ -53022970, -688610, 77 ] xT=false
  D4 above=T3 pat=000 resclass=[ 77, -2, -154 ] xT=false
  D4 above=T2 pat=000 resclass=[ -688610, 344305, -2 ] xT=false
  D4 above=T3 pat=000 resclass=[ 77, -2, -154 ] xT=false
  D4 above=T2 pat=000 resclass=[ -688610, 344305, -2 ] xT=false
  D4 above=T1 pat=000 resclass=[ -53022970, -688610, 77 ] xT=false
  D4 above=T1 pat=000 resclass=[ -53022970, -688610, 77 ] xT=false
  D4 above=T3 pat=000 resclass=[ 77, -2, -154 ] xT=false
  D4 above=T2 pat=000 resclass=[ -688610, 344305, -2 ] xT=false
  D4 above=T3 pat=000 resclass=[ 77, -2, -154 ] xT=false
  D4 above=T2 pat=000 resclass=[ -688610, 344305, -2 ] xT=false
MEMBER stv 11/6 11/3 -1/10 shape=[ 1, 1, 2, 2 ] tors=[ 4, 4 ] order4=12 norm111=0 xTpass=0
  D4 above=T1 pat=000 resclass=[ 46283448518090, -942886070, -49087 ] xT=false
  D4 above=T1 pat=000 resclass=[ 46283448518090, -942886070, -49087 ] xT=false
  D4 above=T3 pat=000 resclass=[ -49087, 7, -343609 ] xT=false
  D4 above=T2 pat=000 resclass=[ -942886070, -134698010, 7 ] xT=false
  D4 above=T3 pat=000 resclass=[ -49087, 7, -343609 ] xT=false
  D4 above=T2 pat=000 resclass=[ -942886070, -134698010, 7 ] xT=false
  D4 above=T1 pat=000 resclass=[ 46283448518090, -942886070, -49087 ] xT=false
  D4 above=T1 pat=000 resclass=[ 46283448518090, -942886070, -49087 ] xT=false
  D4 above=T3 pat=000 resclass=[ -49087, 7, -343609 ] xT=false
  D4 above=T2 pat=000 resclass=[ -942886070, -134698010, 7 ] xT=false
  D4 above=T3 pat=000 resclass=[ -49087, 7, -343609 ] xT=false
  D4 above=T2 pat=000 resclass=[ -942886070, -134698010, 7 ] xT=false
MEMBER stv 2/3 15/11 4/5 shape=[ 1, 1, 2, 2 ] tors=[ 4, 4 ] order4=12 norm111=0 xTpass=0
  D4 above=T1 pat=000 resclass=[ -3182009246, 402058930, -9695 ] xT=false
  D4 above=T1 pat=000 resclass=[ -3182009246, 402058930, -9695 ] xT=false
  D4 above=T3 pat=000 resclass=[ -9695, 26, -252070 ] xT=false
  D4 above=T2 pat=000 resclass=[ 402058930, 15463805, 26 ] xT=false
  D4 above=T3 pat=000 resclass=[ -9695, 26, -252070 ] xT=false
  D4 above=T2 pat=000 resclass=[ 402058930, 15463805, 26 ] xT=false
  D4 above=T1 pat=000 resclass=[ -3182009246, 402058930, -9695 ] xT=false
  D4 above=T1 pat=000 resclass=[ -3182009246, 402058930, -9695 ] xT=false
  D4 above=T3 pat=000 resclass=[ -9695, 26, -252070 ] xT=false
  D4 above=T2 pat=000 resclass=[ 402058930, 15463805, 26 ] xT=false
  D4 above=T3 pat=000 resclass=[ -9695, 26, -252070 ] xT=false
  D4 above=T2 pat=000 resclass=[ 402058930, 15463805, 26 ] xT=false
MEMBER stv 1 9/17 8/15 shape=[ 1, 1, 2, 2 ] tors=[ 4, 4 ] order4=12 norm111=0 xTpass=0
  D4 above=T1 pat=000 resclass=[ -187036618470, -18440229990, 497 ] xT=false
  D4 above=T1 pat=000 resclass=[ -187036618470, -18440229990, 497 ] xT=false
  D4 above=T3 pat=000 resclass=[ 497, -13, -6461 ] xT=false
  D4 above=T2 pat=000 resclass=[ -18440229990, 1418479230, -13 ] xT=false
  D4 above=T3 pat=000 resclass=[ 497, -13, -6461 ] xT=false
  D4 above=T2 pat=000 resclass=[ -18440229990, 1418479230, -13 ] xT=false
  D4 above=T1 pat=000 resclass=[ -187036618470, -18440229990, 497 ] xT=false
  D4 above=T1 pat=000 resclass=[ -187036618470, -18440229990, 497 ] xT=false
  D4 above=T3 pat=000 resclass=[ 497, -13, -6461 ] xT=false
  D4 above=T2 pat=000 resclass=[ -18440229990, 1418479230, -13 ] xT=false
  D4 above=T3 pat=000 resclass=[ 497, -13, -6461 ] xT=false
  D4 above=T2 pat=000 resclass=[ -18440229990, 1418479230, -13 ] xT=false
MEMBER stv 1/8 16 -2 shape=[ 1, 1, 2, 2 ] tors=[ 4, 4 ] order4=12 norm111=0 xTpass=0
  D4 above=T2 pat=000 resclass=[ -66053405310, -259032962, 255 ] xT=false
  D4 above=T2 pat=000 resclass=[ -66053405310, -259032962, 255 ] xT=false
  D4 above=T1 pat=000 resclass=[ 274887785484690690, -66053405310, -4161599 ] xT=false
  D4 above=T3 pat=000 resclass=[ -4161599, 255, -1061207745 ] xT=false
  D4 above=T1 pat=000 resclass=[ 274887785484690690, -66053405310, -4161599 ] xT=false
  D4 above=T3 pat=000 resclass=[ -4161599, 255, -1061207745 ] xT=false
  D4 above=T2 pat=000 resclass=[ -66053405310, -259032962, 255 ] xT=false
  D4 above=T2 pat=000 resclass=[ -66053405310, -259032962, 255 ] xT=false
  D4 above=T1 pat=000 resclass=[ 274887785484690690, -66053405310, -4161599 ] xT=false
  D4 above=T3 pat=000 resclass=[ -4161599, 255, -1061207745 ] xT=false
  D4 above=T1 pat=000 resclass=[ 274887785484690690, -66053405310, -4161599 ] xT=false
  D4 above=T3 pat=000 resclass=[ -4161599, 255, -1061207745 ] xT=false
PART_DONE part=7
