MEMBER stv 1/4 1/3 -1/3 shape=[ 1, 1, 2, 2 ] tors=[ 4, 4 ] order4=12 norm111=0 xTpass=0
  D4 above=T2 pat=000 resclass=[ 1037478, -518739, -2 ] xT=false
  D4 above=T2 pat=000 resclass=[ 1037478, -518739, -2 ] xT=false
  D4 above=T1 pat=000 resclass=[ -978341754, 1037478, -943 ] xT=false
  D4 above=T3 pat=000 resclass=[ -943, -2, 1886 ] xT=false
  D4 above=T1 pat=000 resclass=[ -978341754, 1037478, -943 ] xT=false
  D4 above=T3 pat=000 resclass=[ -943, -2, 1886 ] xT=false
  D4 above=T2 pat=000 resclass=[ 1037478, -518739, -2 ] xT=false
  D4 above=T2 pat=000 resclass=[ 1037478, -518739, -2 ] xT=false
  D4 above=T1 pat=000 resclass=[ -978341754, 1037478, -943 ] xT=false
  D4 above=T3 pat=000 resclass=[ -943, -2, 1886 ] xT=false
  D4 above=T1 pat=000 resclass=[ -978341754, 1037478, -943 ] xT=false
  D4 above=T3 pat=000 resclass=[ -943, -2, 1886 ] xT=false
MEMBER stv 1/4 4 -2 shape=[ 1, 1, 2, 2 ] tors=[ 4, 4 ] order4=12 norm111=0 xTpass=0
  D4 above=T3 pat=000 resclass=[ -3599, 15, -53985 ] xT=false
  D4 above=T3 pat=000 resclass=[ -3599, 15, -53985 ] xT=false
  D4 above=T1 pat=000 resclass=[ 2907524130, -807870, -3599 ] xT=false
  D4 above=T2 pat=000 resclass=[ -807870, -53858, 15 ] xT=false
  D4 above=T1 pat=000 resclass=[ 2907524130, -807870, -3599 ] xT=false
  D4 above=T2 pat=000 resclass=[ -807870, -53858, 15 ] xT=false
  D4 above=T3 pat=000 resclass=[ -3599, 15, -53985 ] xT=false
  D4 above=T3 pat=000 resclass=[ -3599, 15, -53985 ] xT=false
  D4 above=T1 pat=000 resclass=[ 2907524130, -807870, -3599 ] xT=false
  D4 above=T2 pat=000 resclass=[ -807870, -53858, 15 ] xT=false
  D4 above=T1 pat=000 resclass=[ 2907524130, -807870, -3599 ] xT=false
  D4 above=T2 pat=000 resclass=[ -807870, -53858, 15 ] xT=false
MEMBER stv 1/3 3 -3/4 shape=[ 1, 1, 2, 2 ] tors=[ 4, 4 ] order4=12 norm111=0 xTpass=0
  D4 above=T3 pat=000 resclass=[ -23, 2, -46 ] xT=false
  D4 above=T3 pat=000 resclass=[ -23, 2, -46 ] xT=false
  D4 above=T2 pat=000 resclass=[ -43494, -21747, 2 ] xT=false
  D4 above=T1 pat=000 resclass=[ 1000362, -43494, -23 ] xT=false
  D4 above=T2 pat=000 resclass=[ -43494, -21747, 2 ] xT=false
  D4 above=T1 pat=000 resclass=[ 1000362, -43494, -23 ] xT=false
  D4 above=T3 pat=000 resclass=[ -23, 2, -46 ] xT=false
  D4 above=T3 pat=000 resclass=[ -23, 2, -46 ] xT=false
  D4 above=T2 pat=000 resclass=[ -43494, -21747, 2 ] xT=false
  D4 above=T1 pat=000 resclass=[ 1000362, -43494, -23 ] xT=false
  D4 above=T2 pat=000 resclass=[ -43494, -21747, 2 ] xT=false
  D4 above=T1 pat=000 resclass=[ 1000362, -43494, -23 ] xT=false
MEMBER stv 1/2 2 -1/4 shape=[ 1, 1, 2, 2 ] tors=[ 4, 4 ] order4=12 norm111=0 xTpass=0
  D4 above=T1 pat=100 resclass=[ 1, -35, -35 ] xT=false
  D4 above=T1 pat=100 resclass=[ 1, -35, -35 ] xT=false
  D4 above=T3 pat=000 resclass=[ -35, 3, -105 ] xT=false
  D4 above=T2 pat=000 resclass=[ -35, -105, 3 ] xT=false
  D4 above=T3 pat=000 resclass=[ -35, 3, -105 ] xT=false
  D4 above=T2 pat=000 resclass=[ -35, -105, 3 ] xT=false
  D4 above=T1 pat=100 resclass=[ 1, -35, -35 ] xT=false
  D4 above=T1 pat=100 resclass=[ 1, -35, -35 ] xT=false
  D4 above=T3 pat=000 resclass=[ -35, 3, -105 ] xT=false
  D4 above=T2 pat=000 resclass=[ -35, -105, 3 ] xT=false
  D4 above=T3 pat=000 resclass=[ -35, 3, -105 ] xT=false
  D4 above=T2 pat=000 resclass=[ -35, -105, 3 ] xT=false
MEMBER stv 2/3 4/3 -3/2 shape=[ 1, 1, 2, 2 ] tors=[ 4, 4 ] order4=12 norm111=0 xTpass=0
  D4 above=T1 pat=000 resclass=[ 210, -2730, -13 ] xT=false
  D4 above=T1 pat=000 resclass=[ 210, -2730, -13 ] xT=false
  D4 above=T2 pat=000 resclass=[ -2730, -390, 7 ] xT=false
  D4 above=T3 pat=000 resclass=[ -13, 7, -91 ] xT=false
  D4 above=T2 pat=000 resclass=[ -2730, -390, 7 ] xT=false
  D4 above=T3 pat=000 resclass=[ -13, 7, -91 ] xT=false
  D4 above=T1 pat=000 resclass=[ 210, -2730, -13 ] xT=false
  D4 above=T1 pat=000 resclass=[ 210, -2730, -13 ] xT=false
  D4 above=T2 pat=000 resclass=[ -2730, -390, 7 ] xT=false
  D4 above=T3 pat=000 resclass=[ -13, 7, -91 ] xT=false
  D4 above=T2 pat=000 resclass=[ -2730, -390, 7 ] xT=false
  D4 above=T3 pat=000 resclass=[ -13, 7, -91 ] xT=false
MEMBER stv 3/4 3/4 -2/3 shape=[ 1, 1, 2, 2 ] tors=[ 4, 4 ] order4=12 norm111=0 xTpass=0
  D4 above=T1 pat=000 resclass=[ 47082, 12390, 95 ] xT=false
  D4 above=T1 pat=000 resclass=[ 47082, 12390, 95 ] xT=false
  D4 above=T2 pat=000 resclass=[ 12390, -1770, -7 ] xT=false
  D4 above=T3 pat=000 resclass=[ 95, -7, -665 ] xT=false
  D4 above=T2 pat=000 resclass=[ 12390, -1770, -7 ] xT=false
  D4 above=T3 pat=000 resclass=[ 95, -7, -665 ] xT=false
  D4 above=T1 pat=000 resclass=[ 47082, 12390, 95 ] xT=false
  D4 above=T1 pat=000 resclass=[ 47082, 12390, 95 ] xT=false
  D4 above=T2 pat=000 resclass=[ 12390, -1770, -7 ] xT=false
  D4 above=T3 pat=000 resclass=[ 95, -7, -665 ] xT=false
  D4 above=T2 pat=000 resclass=[ 12390, -1770, -7 ] xT=false
  D4 above=T3 pat=000 resclass=[ 95, -7, -665 ] xT=false
MEMBER stv 1 1/2 -4 shape=[ 1, 1, 2, 2 ] tors=[ 4, 4 ] order4=12 norm111=0 xTpass=0
  D4 above=T3 pat=000 resclass=[ 7, -3, -21 ] xT=false
  D4 above=T3 pat=000 resclass=[ 7, -3, -21 ] xT=false
  D4 above=T2 pat=000 resclass=[ 15, -5, -3 ] xT=false
  D4 above=T1 pat=000 resclass=[ 105, 15, 7 ] xT=false
  D4 above=T2 pat=000 resclass=[ 15, -5, -3 ] xT=false
  D4 above=T1 pat=000 resclass=[ 105, 15, 7 ] xT=false
  D4 above=T3 pat=000 resclass=[ 7, -3, -21 ] xT=false
  D4 above=T3 pat=000 resclass=[ 7, -3, -21 ] xT=false
  D4 above=T2 pat=000 resclass=[ 15, -5, -3 ] xT=false
  D4 above=T1 pat=000 resclass=[ 105, 15, 7 ] xT=false
  D4 above=T2 pat=000 resclass=[ 15, -5, -3 ] xT=false
  D4 above=T1 pat=000 resclass=[ 105, 15, 7 ] xT=false
MEMBER stv 4/3 1/3 -4/3 shape=[ 1, 1, 2, 2 ] tors=[ 4, 4 ] order4=12 norm111=0 xTpass=0
  D4 above=T2 pat=000 resclass=[ 81030, -40515, -2 ] xT=false
  D4 above=T2 pat=000 resclass=[ 81030, -40515, -2 ] xT=false
  D4 above=T3 pat=000 resclass=[ 5, -2, -10 ] xT=false
  D4 above=T1 pat=000 resclass=[ 16206, 81030, 5 ] xT=false
  D4 above=T3 pat=000 resclass=[ 5, -2, -10 ] xT=false
  D4 above=T1 pat=000 resclass=[ 16206, 81030, 5 ] xT=false
  D4 above=T2 pat=000 resclass=[ 81030, -40515, -2 ] xT=false
  D4 above=T2 pat=000 resclass=[ 81030, -40515, -2 ] xT=false
  D4 above=T3 pat=000 resclass=[ 5, -2, -10 ] xT=false
  D4 above=T1 pat=000 resclass=[ 16206, 81030, 5 ] xT=false
  D4 above=T3 pat=000 resclass=[ 5, -2, -10 ] xT=false
  D4 above=T1 pat=000 resclass=[ 16206, 81030, 5 ] xT=false
MEMBER stv 3/2 1/4 -1/2 shape=[ 1, 1, 2, 2 ] tors=[ 4, 4 ] order4=12 norm111=0 xTpass=0
  D4 above=T2 pat=000 resclass=[ 2370, -158, -15 ] xT=false
  D4 above=T2 pat=000 resclass=[ 2370, -158, -15 ] xT=false
  D4 above=T1 pat=000 resclass=[ 10270, 2370, 39 ] xT=false
  D4 above=T3 pat=000 resclass=[ 39, -15, -65 ] xT=false
  D4 above=T1 pat=000 resclass=[ 10270, 2370, 39 ] xT=false
  D4 above=T3 pat=000 resclass=[ 39, -15, -65 ] xT=false
  D4 above=T2 pat=000 resclass=[ 2370, -158, -15 ] xT=false
  D4 above=T2 pat=000 resclass=[ 2370, -158, -15 ] xT=false
  D4 above=T1 pat=000 resclass=[ 10270, 2370, 39 ] xT=false
  D4 above=T3 pat=000 resclass=[ 39, -15, -65 ] xT=false
  D4 above=T1 pat=000 resclass=[ 10270, 2370, 39 ] xT=false
  D4 above=T3 pat=000 resclass=[ 39, -15, -65 ] xT=false
MEMBER stv 3/2 3 -3 shape=[ 1, 1, 2, 2 ] tors=[ 4, 4 ] order4=12 norm111=0 xTpass=0
  D4 above=T2 pat=000 resclass=[ 138, 69, 2 ] xT=false
  D4 above=T2 pat=000 resclass=[ 138, 69, 2 ] xT=false
  D4 above=T3 pat=000 resclass=[ -247, 2, -494 ] xT=false
  D4 above=T1 pat=000 resclass=[ -34086, 138, -247 ] xT=false
  D4 above=T3 pat=000 resclass=[ -247, 2, -494 ] xT=false
  D4 above=T1 pat=000 resclass=[ -34086, 138, -247 ] xT=false
  D4 above=T2 pat=000 resclass=[ 138, 69, 2 ] xT=false
  D4 above=T2 pat=000 resclass=[ 138, 69, 2 ] xT=false
  D4 above=T3 pat=000 resclass=[ -247, 2, -494 ] xT=false
  D4 above=T1 pat=000 resclass=[ -34086, 138, -247 ] xT=false
  D4 above=T3 pat=000 resclass=[ -247, 2, -494 ] xT=false
  D4 above=T1 pat=000 resclass=[ -34086, 138, -247 ] xT=false
MEMBER stv 2 2 -1 shape=[ 1, 1, 2, 2 ] tors=[ 4, 4 ] order4=12 norm111=0 xTpass=0
  D4 above=T1 pat=010 resclass=[ -5, 1, -5 ] xT=false
  D4 above=T1 pat=010 resclass=[ -5, 1, -5 ] xT=false
  D4 above=T2 pat=100 resclass=[ 1, 3, 3 ] xT=false
  D4 above=T3 pat=000 resclass=[ -5, 3, -15 ] xT=false
  D4 above=T2 pat=100 resclass=[ 1, 3, 3 ] xT=false
  D4 above=T3 pat=000 resclass=[ -5, 3, -15 ] xT=false
  D4 above=T1 pat=010 resclass=[ -5, 1, -5 ] xT=false
  D4 above=T1 pat=010 resclass=[ -5, 1, -5 ] xT=false
  D4 above=T2 pat=100 resclass=[ 1, 3, 3 ] xT=false
  D4 above=T3 pat=000 resclass=[ -5, 3, -15 ] xT=false
  D4 above=T2 pat=100 resclass=[ 1, 3, 3 ] xT=false
  D4 above=T3 pat=000 resclass=[ -5, 3, -15 ] xT=false
MEMBER stv 3 3/2 -1/3 shape=[ 1, 1, 2, 2 ] tors=[ 4, 4 ] order4=12 norm111=0 xTpass=0
  D4 above=T2 pat=000 resclass=[ -510, -102, 5 ] xT=false
  D4 above=T2 pat=000 resclass=[ -510, -102, 5 ] xT=false
  D4 above=T3 pat=000 resclass=[ 119, 5, 595 ] xT=false
  D4 above=T1 pat=000 resclass=[ -210, -510, 119 ] xT=false
  D4 above=T3 pat=000 resclass=[ 119, 5, 595 ] xT=false
  D4 above=T1 pat=000 resclass=[ -210, -510, 119 ] xT=false
  D4 above=T2 pat=000 resclass=[ -510, -102, 5 ] xT=false
  D4 above=T2 pat=000 resclass=[ -510, -102, 5 ] xT=false
  D4 above=T3 pat=000 resclass=[ 119, 5, 595 ] xT=false
  D4 above=T1 pat=000 resclass=[ -210, -510, 119 ] xT=false
  D4 above=T3 pat=000 resclass=[ 119, 5, 595 ] xT=false
  D4 above=T1 pat=000 resclass=[ -210, -510, 119 ] xT=false
MEMBER stv 4 3/4 -2 shape=[ 1, 1, 2, 2 ] tors=[ 4, 4 ] order4=12 norm111=0 xTpass=0
  D4 above=T2 pat=000 resclass=[ 874727, -124961, -7 ] xT=false
  D4 above=T2 pat=000 resclass=[ 874727, -124961, -7 ] xT=false
  D4 above=T3 pat=000 resclass=[ 4047, -7, -28329 ] xT=false
  D4 above=T1 pat=000 resclass=[ 3540020169, 874727, 4047 ] xT=false
  D4 above=T3 pat=000 resclass=[ 4047, -7, -28329 ] xT=false
  D4 above=T1 pat=000 resclass=[ 3540020169, 874727, 4047 ] xT=false
  D4 above=T2 pat=000 resclass=[ 874727, -124961, -7 ] xT=false
  D4 above=T2 pat=000 resclass=[ 874727, -124961, -7 ] xT=false
  D4 above=T3 pat=000 resclass=[ 4047, -7, -28329 ] xT=false
  D4 above=T1 pat=000 resclass=[ 3540020169, 874727, 4047 ] xT=false
  D4 above=T3 pat=000 resclass=[ 4047, -7, -28329 ] xT=false
  D4 above=T1 pat=000 resclass=[ 3540020169, 874727, 4047 ] xT=false
MEMBER stv 1/2 16/19 -16/17 shape=[ 1, 1, 2, 2 ] tors=[ 4, 4 ] order4=12 norm111=0 xTpass=0
  D4 above=T3 pat=000 resclass=[ 86221, -105, -9053205 ] xT=false
  D4 above=T3 pat=000 resclass=[ 86221, -105, -9053205 ] xT=false
  D4 above=T1 pat=000 resclass=[ 2529144568042365, 29333278065, 86221 ] xT=false
  D4 above=T2 pat=000 resclass=[ 29333278065, -279364553, -105 ] xT=false
  D4 above=T1 pat=000 resclass=[ 2529144568042365, 29333278065, 86221 ] xT=false
  D4 above=T2 pat=000 resclass=[ 29333278065, -279364553, -105 ] xT=false
  D4 above=T3 pat=000 resclass=[ 86221, -105, -9053205 ] xT=false
  D4 above=T3 pat=000 resclass=[ 86221, -105, -9053205 ] xT=false
  D4 above=T1 pat=000 resclass=[ 2529144568042365, 29333278065, 86221 ] xT=false
  D4 above=T2 pat=000 resclass=[ 29333278065, -279364553, -105 ] xT=false
  D4 above=T1 pat=000 resclass=[ 2529144568042365, 29333278065, 86221 ] xT=false
  D4 above=T2 pat=000 resclass=[ 29333278065, -279364553, -105 ] xT=false
MEMBER stv 3 11/15 7 shape=[ 1, 1, 2, 2 ] tors=[ 4, 4 ] order4=12 norm111=0 xTpass=0
  D4 above=T1 pat=000 resclass=[ -16839134757809, -37857001, 444809 ] xT=false
  D4 above=T1 pat=000 resclass=[ -16839134757809, -37857001, 444809 ] xT=false
  D4 above=T3 pat=000 resclass=[ 444809, -26, -11565034 ] xT=false
  D4 above=T2 pat=000 resclass=[ -37857001, 5824154, -26 ] xT=false
  D4 above=T3 pat=000 resclass=[ 444809, -26, -11565034 ] xT=false
  D4 above=T2 pat=000 resclass=[ -37857001, 5824154, -26 ] xT=false
  D4 above=T1 pat=000 resclass=[ -16839134757809, -37857001, 444809 ] xT=false
  D4 above=T1 pat=000 resclass=[ -16839134757809, -37857001, 444809 ] xT=false
  D4 above=T3 pat=000 resclass=[ 444809, -26, -11565034 ] xT=false
  D4 above=T2 pat=000 resclass=[ -37857001, 5824154, -26 ] xT=false
  D4 above=T3 pat=000 resclass=[ 444809, -26, -11565034 ] xT=false
  D4 above=T2 pat=000 resclass=[ -37857001, 5824154, -26 ] xT=false
MEMBER stv 9/19 13/15 19 shape=[ 1, 1, 2, 2 ] tors=[ 4, 4 ] order4=12 norm111=0 xTpass=0
  D4 above=T2 pat=000 resclass=[ -563853766, 40275269, -14 ] xT=false
  D4 above=T2 pat=000 resclass=[ -563853766, 40275269, -14 ] xT=false
  D4 above=T3 pat=000 resclass=[ 3089, -14, -43246 ] xT=false
  D4 above=T1 pat=000 resclass=[ -1741744283174, -563853766, 3089 ] xT=false
  D4 above=T3 pat=000 resclass=[ 3089, -14, -43246 ] xT=false
  D4 above=T1 pat=000 resclass=[ -1741744283174, -563853766, 3089 ] xT=false
  D4 above=T2 pat=000 resclass=[ -563853766, 40275269, -14 ] xT=false
  D4 above=T2 pat=000 resclass=[ -563853766, 40275269, -14 ] xT=false
  D4 above=T3 pat=000 resclass=[ 3089, -14, -43246 ] xT=false
  D4 above=T1 pat=000 resclass=[ -1741744283174, -563853766, 3089 ] xT=false
  D4 above=T3 pat=000 resclass=[ 3089, -14, -43246 ] xT=false
  D4 above=T1 pat=000 resclass=[ -1741744283174, -563853766, 3089 ] xT=false
PART_DONE part=70
