MEMBER stv 1/4 1/3 -1/2 shape=[ 1, 1, 2, 2 ] tors=[ 4, 4 ] order4=12 norm111=0 xTpass=0
  D4 above=T2 pat=000 resclass=[ 73873, -147746, -2 ] xT=false
  D4 above=T2 pat=000 resclass=[ 73873, -147746, -2 ] xT=false
  D4 above=T1 pat=000 resclass=[ -69662239, 73873, -943 ] xT=false
  D4 above=T3 pat=000 resclass=[ -943, -2, 1886 ] xT=false
  D4 above=T1 pat=000 resclass=[ -69662239, 73873, -943 ] xT=false
  D4 above=T3 pat=000 resclass=[ -943, -2, 1886 ] xT=false
  D4 above=T2 pat=000 resclass=[ 73873, -147746, -2 ] xT=false
  D4 above=T2 pat=000 resclass=[ 73873, -147746, -2 ] xT=false
  D4 above=T1 pat=000 resclass=[ -69662239, 73873, -943 ] xT=false
  D4 above=T3 pat=000 resclass=[ -943, -2, 1886 ] xT=false
  D4 above=T1 pat=000 resclass=[ -69662239, 73873, -943 ] xT=false
  D4 above=T3 pat=000 resclass=[ -943, -2, 1886 ] xT=false
MEMBER stv 1/4 4 -3 shape=[ 1, 1, 2, 2 ] tors=[ 4, 4 ] order4=12 norm111=0 xTpass=0
  D4 above=T3 pat=000 resclass=[ -3599, 15, -53985 ] xT=false
  D4 above=T3 pat=000 resclass=[ -3599, 15, -53985 ] xT=false
  D4 above=T2 pat=000 resclass=[ -749645, -449787, 15 ] xT=false
  D4 above=T1 pat=000 resclass=[ 2697972355, -749645, -3599 ] xT=false
  D4 above=T2 pat=000 resclass=[ -749645, -449787, 15 ] xT=false
  D4 above=T1 pat=000 resclass=[ 2697972355, -749645, -3599 ] xT=false
  D4 above=T3 pat=000 resclass=[ -3599, 15, -53985 ] xT=false
  D4 above=T3 pat=000 resclass=[ -3599, 15, -53985 ] xT=false
  D4 above=T2 pat=000 resclass=[ -749645, -449787, 15 ] xT=false
  D4 above=T1 pat=000 resclass=[ 2697972355, -749645, -3599 ] xT=false
  D4 above=T2 pat=000 resclass=[ -749645, -449787, 15 ] xT=false
  D4 above=T1 pat=000 resclass=[ 2697972355, -749645, -3599 ] xT=false
MEMBER stv 1/3 3 -1 shape=[ 1, 1, 2, 2 ] tors=[ 4, 4 ] order4=12 norm111=0 xTpass=0
  D4 above=T1 pat=000 resclass=[ 943, -41, -23 ] xT=false
  D4 above=T1 pat=000 resclass=[ 943, -41, -23 ] xT=false
  D4 above=T2 pat=000 resclass=[ -41, -82, 2 ] xT=false
  D4 above=T3 pat=000 resclass=[ -23, 2, -46 ] xT=false
  D4 above=T2 pat=000 resclass=[ -41, -82, 2 ] xT=false
  D4 above=T3 pat=000 resclass=[ -23, 2, -46 ] xT=false
  D4 above=T1 pat=000 resclass=[ 943, -41, -23 ] xT=false
  D4 above=T1 pat=000 resclass=[ 943, -41, -23 ] xT=false
  D4 above=T2 pat=000 resclass=[ -41, -82, 2 ] xT=false
  D4 above=T3 pat=000 resclass=[ -23, 2, -46 ] xT=false
  D4 above=T2 pat=000 resclass=[ -41, -82, 2 ] xT=false
  D4 above=T3 pat=000 resclass=[ -23, 2, -46 ] xT=false
MEMBER stv 1/2 2 -1/3 shape=[ 1, 1, 2, 2 ] tors=[ 4, 4 ] order4=12 norm111=0 xTpass=0
  D4 above=T2 pat=000 resclass=[ -649, -1947, 3 ] xT=false
  D4 above=T2 pat=000 resclass=[ -649, -1947, 3 ] xT=false
  D4 above=T3 pat=000 resclass=[ -35, 3, -105 ] xT=false
  D4 above=T1 pat=000 resclass=[ 22715, -649, -35 ] xT=false
  D4 above=T3 pat=000 resclass=[ -35, 3, -105 ] xT=false
  D4 above=T1 pat=000 resclass=[ 22715, -649, -35 ] xT=false
  D4 above=T2 pat=000 resclass=[ -649, -1947, 3 ] xT=false
  D4 above=T2 pat=000 resclass=[ -649, -1947, 3 ] xT=false
  D4 above=T3 pat=000 resclass=[ -35, 3, -105 ] xT=false
  D4 above=T1 pat=000 resclass=[ 22715, -649, -35 ] xT=false
  D4 above=T3 pat=000 resclass=[ -35, 3, -105 ] xT=false
  D4 above=T1 pat=000 resclass=[ 22715, -649, -35 ] xT=false
MEMBER stv 2/3 4/3 -2 shape=[ 1, 1, 2, 2 ] tors=[ 4, 4 ] order4=12 norm111=0 xTpass=0
  D4 above=T2 pat=000 resclass=[ -3262, -466, 7 ] xT=false
  D4 above=T2 pat=000 resclass=[ -3262, -466, 7 ] xT=false
  D4 above=T1 pat=000 resclass=[ 42406, -3262, -13 ] xT=false
  D4 above=T3 pat=000 resclass=[ -13, 7, -91 ] xT=false
  D4 above=T1 pat=000 resclass=[ 42406, -3262, -13 ] xT=false
  D4 above=T3 pat=000 resclass=[ -13, 7, -91 ] xT=false
  D4 above=T2 pat=000 resclass=[ -3262, -466, 7 ] xT=false
  D4 above=T2 pat=000 resclass=[ -3262, -466, 7 ] xT=false
  D4 above=T1 pat=000 resclass=[ 42406, -3262, -13 ] xT=false
  D4 above=T3 pat=000 resclass=[ -13, 7, -91 ] xT=false
  D4 above=T1 pat=000 resclass=[ 42406, -3262, -13 ] xT=false
  D4 above=T3 pat=000 resclass=[ -13, 7, -91 ] xT=false
MEMBER stv 3/4 3/4 -3/4 shape=[ 1, 1, 2, 2 ] tors=[ 4, 4 ] order4=12 norm111=0 xTpass=0
  D4 above=T3 pat=000 resclass=[ 95, -7, -665 ] xT=false
  D4 above=T3 pat=000 resclass=[ 95, -7, -665 ] xT=false
  D4 above=T2 pat=000 resclass=[ 313131, -44733, -7 ] xT=false
  D4 above=T1 pat=000 resclass=[ 29747445, 313131, 95 ] xT=false
  D4 above=T2 pat=000 resclass=[ 313131, -44733, -7 ] xT=false
  D4 above=T1 pat=000 resclass=[ 29747445, 313131, 95 ] xT=false
  D4 above=T3 pat=000 resclass=[ 95, -7, -665 ] xT=false
  D4 above=T3 pat=000 resclass=[ 95, -7, -665 ] xT=false
  D4 above=T2 pat=000 resclass=[ 313131, -44733, -7 ] xT=false
  D4 above=T1 pat=000 resclass=[ 29747445, 313131, 95 ] xT=false
  D4 above=T2 pat=000 resclass=[ 313131, -44733, -7 ] xT=false
  D4 above=T1 pat=000 resclass=[ 29747445, 313131, 95 ] xT=false
MEMBER stv 1 2/3 -1/4 shape=[ 1, 1, 2, 2 ] tors=[ 4, 4 ] order4=12 norm111=0 xTpass=0
  D4 above=T2 pat=000 resclass=[ 3345, -669, -5 ] xT=false
  D4 above=T2 pat=000 resclass=[ 3345, -669, -5 ] xT=false
  D4 above=T3 pat=000 resclass=[ 14, -5, -70 ] xT=false
  D4 above=T1 pat=000 resclass=[ 46830, 3345, 14 ] xT=false
  D4 above=T3 pat=000 resclass=[ 14, -5, -70 ] xT=false
  D4 above=T1 pat=000 resclass=[ 46830, 3345, 14 ] xT=false
  D4 above=T2 pat=000 resclass=[ 3345, -669, -5 ] xT=false
  D4 above=T2 pat=000 resclass=[ 3345, -669, -5 ] xT=false
  D4 above=T3 pat=000 resclass=[ 14, -5, -70 ] xT=false
  D4 above=T1 pat=000 resclass=[ 46830, 3345, 14 ] xT=false
  D4 above=T3 pat=000 resclass=[ 14, -5, -70 ] xT=false
  D4 above=T1 pat=000 resclass=[ 46830, 3345, 14 ] xT=false
MEMBER stv 4/3 1/3 -3/2 shape=[ 1, 1, 2, 2 ] tors=[ 4, 4 ] order4=12 norm111=0 xTpass=0
  D4 above=T3 pat=000 resclass=[ 5, -2, -10 ] xT=false
  D4 above=T3 pat=000 resclass=[ 5, -2, -10 ] xT=false
  D4 above=T2 pat=000 resclass=[ 15, -30, -2 ] xT=false
  D4 above=T1 pat=000 resclass=[ 3, 15, 5 ] xT=false
  D4 above=T2 pat=000 resclass=[ 15, -30, -2 ] xT=false
  D4 above=T1 pat=000 resclass=[ 3, 15, 5 ] xT=false
  D4 above=T3 pat=000 resclass=[ 5, -2, -10 ] xT=false
  D4 above=T3 pat=000 resclass=[ 5, -2, -10 ] xT=false
  D4 above=T2 pat=000 resclass=[ 15, -30, -2 ] xT=false
  D4 above=T1 pat=000 resclass=[ 3, 15, 5 ] xT=false
  D4 above=T2 pat=000 resclass=[ 15, -30, -2 ] xT=false
  D4 above=T1 pat=000 resclass=[ 3, 15, 5 ] xT=false
MEMBER stv 3/2 1/4 -2/3 shape=[ 1, 1, 2, 2 ] tors=[ 4, 4 ] order4=12 norm111=0 xTpass=0
  D4 above=T3 pat=000 resclass=[ 39, -15, -65 ] xT=false
  D4 above=T3 pat=000 resclass=[ 39, -15, -65 ] xT=false
  D4 above=T2 pat=000 resclass=[ 690, -46, -15 ] xT=false
  D4 above=T1 pat=000 resclass=[ 2990, 690, 39 ] xT=false
  D4 above=T2 pat=000 resclass=[ 690, -46, -15 ] xT=false
  D4 above=T1 pat=000 resclass=[ 2990, 690, 39 ] xT=false
  D4 above=T3 pat=000 resclass=[ 39, -15, -65 ] xT=false
  D4 above=T3 pat=000 resclass=[ 39, -15, -65 ] xT=false
  D4 above=T2 pat=000 resclass=[ 690, -46, -15 ] xT=false
  D4 above=T1 pat=000 resclass=[ 2990, 690, 39 ] xT=false
  D4 above=T2 pat=000 resclass=[ 690, -46, -15 ] xT=false
  D4 above=T1 pat=000 resclass=[ 2990, 690, 39 ] xT=false
MEMBER stv 3/2 3 -4 shape=[ 1, 1, 2, 2 ] tors=[ 4, 4 ] order4=12 norm111=0 xTpass=0
  D4 above=T2 pat=000 resclass=[ 70, 35, 2 ] xT=false
  D4 above=T2 pat=000 resclass=[ 70, 35, 2 ] xT=false
  D4 above=T3 pat=000 resclass=[ -247, 2, -494 ] xT=false
  D4 above=T1 pat=000 resclass=[ -17290, 70, -247 ] xT=false
  D4 above=T3 pat=000 resclass=[ -247, 2, -494 ] xT=false
  D4 above=T1 pat=000 resclass=[ -17290, 70, -247 ] xT=false
  D4 above=T2 pat=000 resclass=[ 70, 35, 2 ] xT=false
  D4 above=T2 pat=000 resclass=[ 70, 35, 2 ] xT=false
  D4 above=T3 pat=000 resclass=[ -247, 2, -494 ] xT=false
  D4 above=T1 pat=000 resclass=[ -17290, 70, -247 ] xT=false
  D4 above=T3 pat=000 resclass=[ -247, 2, -494 ] xT=false
  D4 above=T1 pat=000 resclass=[ -17290, 70, -247 ] xT=false
MEMBER stv 2 2 -4/3 shape=[ 1, 1, 2, 2 ] tors=[ 4, 4 ] order4=12 norm111=0 xTpass=0
  D4 above=T1 pat=000 resclass=[ -91, 455, -5 ] xT=false
  D4 above=T1 pat=000 resclass=[ -91, 455, -5 ] xT=false
  D4 above=T3 pat=000 resclass=[ -5, 3, -15 ] xT=false
  D4 above=T2 pat=000 resclass=[ 455, 1365, 3 ] xT=false
  D4 above=T3 pat=000 resclass=[ -5, 3, -15 ] xT=false
  D4 above=T2 pat=000 resclass=[ 455, 1365, 3 ] xT=false
  D4 above=T1 pat=000 resclass=[ -91, 455, -5 ] xT=false
  D4 above=T1 pat=000 resclass=[ -91, 455, -5 ] xT=false
  D4 above=T3 pat=000 resclass=[ -5, 3, -15 ] xT=false
  D4 above=T2 pat=000 resclass=[ 455, 1365, 3 ] xT=false
  D4 above=T3 pat=000 resclass=[ -5, 3, -15 ] xT=false
  D4 above=T2 pat=000 resclass=[ 455, 1365, 3 ] xT=false
MEMBER stv 3 3/2 -1/2 shape=[ 1, 1, 2, 2 ] tors=[ 4, 4 ] order4=12 norm111=0 xTpass=0
  D4 above=T3 pat=000 resclass=[ 119, 5, 595 ] xT=false
  D4 above=T3 pat=000 resclass=[ 119, 5, 595 ] xT=false
  D4 above=T2 pat=000 resclass=[ -4690, -938, 5 ] xT=false
  D4 above=T1 pat=000 resclass=[ -11390, -4690, 119 ] xT=false
  D4 above=T2 pat=000 resclass=[ -4690, -938, 5 ] xT=false
  D4 above=T1 pat=000 resclass=[ -11390, -4690, 119 ] xT=false
  D4 above=T3 pat=000 resclass=[ 119, 5, 595 ] xT=false
  D4 above=T3 pat=000 resclass=[ 119, 5, 595 ] xT=false
  D4 above=T2 pat=000 resclass=[ -4690, -938, 5 ] xT=false
  D4 above=T1 pat=000 resclass=[ -11390, -4690, 119 ] xT=false
  D4 above=T2 pat=000 resclass=[ -4690, -938, 5 ] xT=false
  D4 above=T1 pat=000 resclass=[ -11390, -4690, 119 ] xT=false
MEMBER stv 4 3/4 -3 shape=[ 1, 1, 2, 2 ] tors=[ 4, 4 ] order4=12 norm111=0 xTpass=0
  D4 above=T3 pat=000 resclass=[ 4047, -7, -28329 ] xT=false
  D4 above=T3 pat=000 resclass=[ 4047, -7, -28329 ] xT=false
  D4 above=T1 pat=000 resclass=[ 44825921, 99687, 4047 ] xT=false
  D4 above=T2 pat=000 resclass=[ 99687, -14241, -7 ] xT=false
  D4 above=T1 pat=000 resclass=[ 44825921, 99687, 4047 ] xT=false
  D4 above=T2 pat=000 resclass=[ 99687, -14241, -7 ] xT=false
  D4 above=T3 pat=000 resclass=[ 4047, -7, -28329 ] xT=false
  D4 above=T3 pat=000 resclass=[ 4047, -7, -28329 ] xT=false
  D4 above=T1 pat=000 resclass=[ 44825921, 99687, 4047 ] xT=false
  D4 above=T2 pat=000 resclass=[ 99687, -14241, -7 ] xT=false
  D4 above=T1 pat=000 resclass=[ 44825921, 99687, 4047 ] xT=false
  D4 above=T2 pat=000 resclass=[ 99687, -14241, -7 ] xT=false
MEMBER stv 3/8 1/2 2/3 shape=[ 1, 1, 2, 2 ] tors=[ 4, 4 ] order4=12 norm111=0 xTpass=0
  D4 above=T2 pat=000 resclass=[ -2730, 910, -3 ] xT=false
  D4 above=T2 pat=000 resclass=[ -2730, 910, -3 ] xT=false
  D4 above=T3 pat=001 resclass=[ -3, -3, 1 ] xT=false
  D4 above=T1 pat=000 resclass=[ 910, -2730, -3 ] xT=false
  D4 above=T3 pat=001 resclass=[ -3, -3, 1 ] xT=false
  D4 above=T1 pat=000 resclass=[ 910, -2730, -3 ] xT=false
  D4 above=T2 pat=000 resclass=[ -2730, 910, -3 ] xT=false
  D4 above=T2 pat=000 resclass=[ -2730, 910, -3 ] xT=false
  D4 above=T3 pat=001 resclass=[ -3, -3, 1 ] xT=false
  D4 above=T1 pat=000 resclass=[ 910, -2730, -3 ] xT=false
  D4 above=T3 pat=001 resclass=[ -3, -3, 1 ] xT=false
  D4 above=T1 pat=000 resclass=[ 910, -2730, -3 ] xT=false
MEMBER stv 3/4 17/6 6/19 shape=[ 1, 1, 2, 2 ] tors=[ 4, 4 ] order4=12 norm111=0 xTpass=0
  D4 above=T3 pat=000 resclass=[ -3955, 253, -1000615 ] xT=false
  D4 above=T3 pat=000 resclass=[ -3955, 253, -1000615 ] xT=false
  D4 above=T1 pat=000 resclass=[ 116188353919330, -29377586326, -3955 ] xT=false
  D4 above=T2 pat=000 resclass=[ -29377586326, -116116942, 253 ] xT=false
  D4 above=T1 pat=000 resclass=[ 116188353919330, -29377586326, -3955 ] xT=false
  D4 above=T2 pat=000 resclass=[ -29377586326, -116116942, 253 ] xT=false
  D4 above=T3 pat=000 resclass=[ -3955, 253, -1000615 ] xT=false
  D4 above=T3 pat=000 resclass=[ -3955, 253, -1000615 ] xT=false
  D4 above=T1 pat=000 resclass=[ 116188353919330, -29377586326, -3955 ] xT=false
  D4 above=T2 pat=000 resclass=[ -29377586326, -116116942, 253 ] xT=false
  D4 above=T1 pat=000 resclass=[ 116188353919330, -29377586326, -3955 ] xT=false
  D4 above=T2 pat=000 resclass=[ -29377586326, -116116942, 253 ] xT=false
MEMBER stv 2 1/2 3/2 shape=[ 1, 1, 2, 2 ] tors=[ 4, 4 ] order4=12 norm111=0 xTpass=0
  D4 above=T1 pat=000 resclass=[ -89705, -1631, 55 ] xT=false
  D4 above=T1 pat=000 resclass=[ -89705, -1631, 55 ] xT=false
  D4 above=T2 pat=000 resclass=[ -1631, 4893, -3 ] xT=false
  D4 above=T3 pat=000 resclass=[ 55, -3, -165 ] xT=false
  D4 above=T2 pat=000 resclass=[ -1631, 4893, -3 ] xT=false
  D4 above=T3 pat=000 resclass=[ 55, -3, -165 ] xT=false
  D4 above=T1 pat=000 resclass=[ -89705, -1631, 55 ] xT=false
  D4 above=T1 pat=000 resclass=[ -89705, -1631, 55 ] xT=false
  D4 above=T2 pat=000 resclass=[ -1631, 4893, -3 ] xT=false
  D4 above=T3 pat=000 resclass=[ 55, -3, -165 ] xT=false
  D4 above=T2 pat=000 resclass=[ -1631, 4893, -3 ] xT=false
  D4 above=T3 pat=000 resclass=[ 55, -3, -165 ] xT=false
PART_DONE part=72
