MEMBER stv 1/4 1/3 2/3 shape=[ 1, 1, 2, 2 ] tors=[ 4, 4 ] order4=12 norm111=0 xTpass=0
  D4 above=T3 pat=000 resclass=[ -943, -2, 1886 ] xT=false
  D4 above=T3 pat=000 resclass=[ -943, -2, 1886 ] xT=false
  D4 above=T1 pat=000 resclass=[ 6090837, -6459, -943 ] xT=false
  D4 above=T2 pat=000 resclass=[ -6459, 12918, -2 ] xT=false
  D4 above=T1 pat=000 resclass=[ 6090837, -6459, -943 ] xT=false
  D4 above=T2 pat=000 resclass=[ -6459, 12918, -2 ] xT=false
  D4 above=T3 pat=000 resclass=[ -943, -2, 1886 ] xT=false
  D4 above=T3 pat=000 resclass=[ -943, -2, 1886 ] xT=false
  D4 above=T1 pat=000 resclass=[ 6090837, -6459, -943 ] xT=false
  D4 above=T2 pat=000 resclass=[ -6459, 12918, -2 ] xT=false
  D4 above=T1 pat=000 resclass=[ 6090837, -6459, -943 ] xT=false
  D4 above=T2 pat=000 resclass=[ -6459, 12918, -2 ] xT=false
MEMBER stv 1/4 4 4 shape=[ 1, 1, 2, 2 ] tors=[ 4, 4 ] order4=12 norm111=0 xTpass=0
  D4 above=T3 pat=000 resclass=[ -3599, 15, -53985 ] xT=false
  D4 above=T3 pat=000 resclass=[ -3599, 15, -53985 ] xT=false
  D4 above=T2 pat=000 resclass=[ -11505, -767, 15 ] xT=false
  D4 above=T1 pat=000 resclass=[ 11895, -11505, -3599 ] xT=false
  D4 above=T2 pat=000 resclass=[ -11505, -767, 15 ] xT=false
  D4 above=T1 pat=000 resclass=[ 11895, -11505, -3599 ] xT=false
  D4 above=T3 pat=000 resclass=[ -3599, 15, -53985 ] xT=false
  D4 above=T3 pat=000 resclass=[ -3599, 15, -53985 ] xT=false
  D4 above=T2 pat=000 resclass=[ -11505, -767, 15 ] xT=false
  D4 above=T1 pat=000 resclass=[ 11895, -11505, -3599 ] xT=false
  D4 above=T2 pat=000 resclass=[ -11505, -767, 15 ] xT=false
  D4 above=T1 pat=000 resclass=[ 11895, -11505, -3599 ] xT=false
MEMBER stv 1/3 3 4/3 shape=[ 1, 1, 2, 2 ] tors=[ 4, 4 ] order4=12 norm111=0 xTpass=0
  D4 above=T1 pat=000 resclass=[ 10955958, -476346, -23 ] xT=false
  D4 above=T1 pat=000 resclass=[ 10955958, -476346, -23 ] xT=false
  D4 above=T2 pat=000 resclass=[ -476346, -238173, 2 ] xT=false
  D4 above=T3 pat=000 resclass=[ -23, 2, -46 ] xT=false
  D4 above=T2 pat=000 resclass=[ -476346, -238173, 2 ] xT=false
  D4 above=T3 pat=000 resclass=[ -23, 2, -46 ] xT=false
  D4 above=T1 pat=000 resclass=[ 10955958, -476346, -23 ] xT=false
  D4 above=T1 pat=000 resclass=[ 10955958, -476346, -23 ] xT=false
  D4 above=T2 pat=000 resclass=[ -476346, -238173, 2 ] xT=false
  D4 above=T3 pat=000 resclass=[ -23, 2, -46 ] xT=false
  D4 above=T2 pat=000 resclass=[ -476346, -238173, 2 ] xT=false
  D4 above=T3 pat=000 resclass=[ -23, 2, -46 ] xT=false
MEMBER stv 1/2 2 1/2 shape=[ 1, 1, 2, 2 ] tors=[ 4, 4 ] order4=12 norm111=0 xTpass=0
  D4 above=T1 pat=000 resclass=[ 910, -26, -35 ] xT=false
  D4 above=T1 pat=000 resclass=[ 910, -26, -35 ] xT=false
  D4 above=T2 pat=000 resclass=[ -26, -78, 3 ] xT=false
  D4 above=T3 pat=000 resclass=[ -35, 3, -105 ] xT=false
  D4 above=T2 pat=000 resclass=[ -26, -78, 3 ] xT=false
  D4 above=T3 pat=000 resclass=[ -35, 3, -105 ] xT=false
  D4 above=T1 pat=000 resclass=[ 910, -26, -35 ] xT=false
  D4 above=T1 pat=000 resclass=[ 910, -26, -35 ] xT=false
  D4 above=T2 pat=000 resclass=[ -26, -78, 3 ] xT=false
  D4 above=T3 pat=000 resclass=[ -35, 3, -105 ] xT=false
  D4 above=T2 pat=000 resclass=[ -26, -78, 3 ] xT=false
  D4 above=T3 pat=000 resclass=[ -35, 3, -105 ] xT=false
MEMBER stv 2/3 4/3 3 shape=[ 1, 1, 2, 2 ] tors=[ 4, 4 ] order4=12 norm111=0 xTpass=0
  D4 above=T2 pat=000 resclass=[ -3, -21, 7 ] xT=false
  D4 above=T2 pat=000 resclass=[ -3, -21, 7 ] xT=false
  D4 above=T1 pat=000 resclass=[ 39, -3, -13 ] xT=false
  D4 above=T3 pat=000 resclass=[ -13, 7, -91 ] xT=false
  D4 above=T1 pat=000 resclass=[ 39, -3, -13 ] xT=false
  D4 above=T3 pat=000 resclass=[ -13, 7, -91 ] xT=false
  D4 above=T2 pat=000 resclass=[ -3, -21, 7 ] xT=false
  D4 above=T2 pat=000 resclass=[ -3, -21, 7 ] xT=false
  D4 above=T1 pat=000 resclass=[ 39, -3, -13 ] xT=false
  D4 above=T3 pat=000 resclass=[ -13, 7, -91 ] xT=false
  D4 above=T1 pat=000 resclass=[ 39, -3, -13 ] xT=false
  D4 above=T3 pat=000 resclass=[ -13, 7, -91 ] xT=false
MEMBER stv 3/4 3/4 1 shape=[ 1, 1, 2, 2 ] tors=[ 4, 4 ] order4=12 norm111=0 xTpass=0
  D4 above=T3 pat=000 resclass=[ 95, -7, -665 ] xT=false
  D4 above=T3 pat=000 resclass=[ 95, -7, -665 ] xT=false
  D4 above=T2 pat=000 resclass=[ -3241, 463, -7 ] xT=false
  D4 above=T1 pat=000 resclass=[ -307895, -3241, 95 ] xT=false
  D4 above=T2 pat=000 resclass=[ -3241, 463, -7 ] xT=false
  D4 above=T1 pat=000 resclass=[ -307895, -3241, 95 ] xT=false
  D4 above=T3 pat=000 resclass=[ 95, -7, -665 ] xT=false
  D4 above=T3 pat=000 resclass=[ 95, -7, -665 ] xT=false
  D4 above=T2 pat=000 resclass=[ -3241, 463, -7 ] xT=false
  D4 above=T1 pat=000 resclass=[ -307895, -3241, 95 ] xT=false
  D4 above=T2 pat=000 resclass=[ -3241, 463, -7 ] xT=false
  D4 above=T1 pat=000 resclass=[ -307895, -3241, 95 ] xT=false
MEMBER stv 1 2/3 1/3 shape=[ 1, 1, 2, 2 ] tors=[ 4, 4 ] order4=12 norm111=0 xTpass=0
  D4 above=T1 pat=000 resclass=[ -4515, -1290, 14 ] xT=false
  D4 above=T1 pat=000 resclass=[ -4515, -1290, 14 ] xT=false
  D4 above=T2 pat=000 resclass=[ -1290, 258, -5 ] xT=false
  D4 above=T3 pat=000 resclass=[ 14, -5, -70 ] xT=false
  D4 above=T2 pat=000 resclass=[ -1290, 258, -5 ] xT=false
  D4 above=T3 pat=000 resclass=[ 14, -5, -70 ] xT=false
  D4 above=T1 pat=000 resclass=[ -4515, -1290, 14 ] xT=false
  D4 above=T1 pat=000 resclass=[ -4515, -1290, 14 ] xT=false
  D4 above=T2 pat=000 resclass=[ -1290, 258, -5 ] xT=false
  D4 above=T3 pat=000 resclass=[ 14, -5, -70 ] xT=false
  D4 above=T2 pat=000 resclass=[ -1290, 258, -5 ] xT=false
  D4 above=T3 pat=000 resclass=[ 14, -5, -70 ] xT=false
MEMBER stv 4/3 1/3 2 shape=[ 1, 1, 2, 2 ] tors=[ 4, 4 ] order4=12 norm111=0 xTpass=0
  D4 above=T1 pat=000 resclass=[ -3157, -15785, 5 ] xT=false
  D4 above=T1 pat=000 resclass=[ -3157, -15785, 5 ] xT=false
  D4 above=T3 pat=000 resclass=[ 5, -2, -10 ] xT=false
  D4 above=T2 pat=000 resclass=[ -15785, 31570, -2 ] xT=false
  D4 above=T3 pat=000 resclass=[ 5, -2, -10 ] xT=false
  D4 above=T2 pat=000 resclass=[ -15785, 31570, -2 ] xT=false
  D4 above=T1 pat=000 resclass=[ -3157, -15785, 5 ] xT=false
  D4 above=T1 pat=000 resclass=[ -3157, -15785, 5 ] xT=false
  D4 above=T3 pat=000 resclass=[ 5, -2, -10 ] xT=false
  D4 above=T2 pat=000 resclass=[ -15785, 31570, -2 ] xT=false
  D4 above=T3 pat=000 resclass=[ 5, -2, -10 ] xT=false
  D4 above=T2 pat=000 resclass=[ -15785, 31570, -2 ] xT=false
MEMBER stv 3/2 1/4 3/4 shape=[ 1, 1, 2, 2 ] tors=[ 4, 4 ] order4=12 norm111=0 xTpass=0
  D4 above=T1 pat=000 resclass=[ -23452845, -601355, 39 ] xT=false
  D4 above=T1 pat=000 resclass=[ -23452845, -601355, 39 ] xT=false
  D4 above=T2 pat=000 resclass=[ -601355, 360813, -15 ] xT=false
  D4 above=T3 pat=000 resclass=[ 39, -15, -65 ] xT=false
  D4 above=T2 pat=000 resclass=[ -601355, 360813, -15 ] xT=false
  D4 above=T3 pat=000 resclass=[ 39, -15, -65 ] xT=false
  D4 above=T1 pat=000 resclass=[ -23452845, -601355, 39 ] xT=false
  D4 above=T1 pat=000 resclass=[ -23452845, -601355, 39 ] xT=false
  D4 above=T2 pat=000 resclass=[ -601355, 360813, -15 ] xT=false
  D4 above=T3 pat=000 resclass=[ 39, -15, -65 ] xT=false
  D4 above=T2 pat=000 resclass=[ -601355, 360813, -15 ] xT=false
  D4 above=T3 pat=000 resclass=[ 39, -15, -65 ] xT=false
MEMBER stv 3/2 4 1/4 shape=[ 1, 1, 2, 2 ] tors=[ 4, 4 ] order4=12 norm111=0 xTpass=0
  D4 above=T3 pat=000 resclass=[ -11, 15, -165 ] xT=false
  D4 above=T3 pat=000 resclass=[ -11, 15, -165 ] xT=false
  D4 above=T2 pat=000 resclass=[ -561, -935, 15 ] xT=false
  D4 above=T1 pat=000 resclass=[ 51, -561, -11 ] xT=false
  D4 above=T2 pat=000 resclass=[ -561, -935, 15 ] xT=false
  D4 above=T1 pat=000 resclass=[ 51, -561, -11 ] xT=false
  D4 above=T3 pat=000 resclass=[ -11, 15, -165 ] xT=false
  D4 above=T3 pat=000 resclass=[ -11, 15, -165 ] xT=false
  D4 above=T2 pat=000 resclass=[ -561, -935, 15 ] xT=false
  D4 above=T1 pat=000 resclass=[ 51, -561, -11 ] xT=false
  D4 above=T2 pat=000 resclass=[ -561, -935, 15 ] xT=false
  D4 above=T1 pat=000 resclass=[ 51, -561, -11 ] xT=false
MEMBER stv 2 2 3/2 shape=[ 1, 1, 2, 2 ] tors=[ 4, 4 ] order4=12 norm111=0 xTpass=0
  D4 above=T2 pat=000 resclass=[ -154, -462, 3 ] xT=false
  D4 above=T2 pat=000 resclass=[ -154, -462, 3 ] xT=false
  D4 above=T3 pat=000 resclass=[ -5, 3, -15 ] xT=false
  D4 above=T1 pat=000 resclass=[ 770, -154, -5 ] xT=false
  D4 above=T3 pat=000 resclass=[ -5, 3, -15 ] xT=false
  D4 above=T1 pat=000 resclass=[ 770, -154, -5 ] xT=false
  D4 above=T2 pat=000 resclass=[ -154, -462, 3 ] xT=false
  D4 above=T2 pat=000 resclass=[ -154, -462, 3 ] xT=false
  D4 above=T3 pat=000 resclass=[ -5, 3, -15 ] xT=false
  D4 above=T1 pat=000 resclass=[ 770, -154, -5 ] xT=false
  D4 above=T3 pat=000 resclass=[ -5, 3, -15 ] xT=false
  D4 above=T1 pat=000 resclass=[ 770, -154, -5 ] xT=false
MEMBER stv 3 3/2 2/3 shape=[ 1, 1, 2, 2 ] tors=[ 4, 4 ] order4=12 norm111=0 xTpass=0
  D4 above=T1 pat=000 resclass=[ 10455, 4305, 119 ] xT=false
  D4 above=T1 pat=000 resclass=[ 10455, 4305, 119 ] xT=false
  D4 above=T2 pat=000 resclass=[ 4305, 861, 5 ] xT=false
  D4 above=T3 pat=000 resclass=[ 119, 5, 595 ] xT=false
  D4 above=T2 pat=000 resclass=[ 4305, 861, 5 ] xT=false
  D4 above=T3 pat=000 resclass=[ 119, 5, 595 ] xT=false
  D4 above=T1 pat=000 resclass=[ 10455, 4305, 119 ] xT=false
  D4 above=T1 pat=000 resclass=[ 10455, 4305, 119 ] xT=false
  D4 above=T2 pat=000 resclass=[ 4305, 861, 5 ] xT=false
  D4 above=T3 pat=000 resclass=[ 119, 5, 595 ] xT=false
  D4 above=T2 pat=000 resclass=[ 4305, 861, 5 ] xT=false
  D4 above=T3 pat=000 resclass=[ 119, 5, 595 ] xT=false
MEMBER stv 4 3/4 4 shape=[ 1, 1, 2, 2 ] tors=[ 4, 4 ] order4=12 norm111=0 xTpass=0
  D4 above=T2 pat=000 resclass=[ -1921465, 274495, -7 ] xT=false
  D4 above=T2 pat=000 resclass=[ -1921465, 274495, -7 ] xT=false
  D4 above=T3 pat=000 resclass=[ 4047, -7, -28329 ] xT=false
  D4 above=T1 pat=000 resclass=[ -7776168855, -1921465, 4047 ] xT=false
  D4 above=T3 pat=000 resclass=[ 4047, -7, -28329 ] xT=false
  D4 above=T1 pat=000 resclass=[ -7776168855, -1921465, 4047 ] xT=false
  D4 above=T2 pat=000 resclass=[ -1921465, 274495, -7 ] xT=false
  D4 above=T2 pat=000 resclass=[ -1921465, 274495, -7 ] xT=false
  D4 above=T3 pat=000 resclass=[ 4047, -7, -28329 ] xT=false
  D4 above=T1 pat=000 resclass=[ -7776168855, -1921465, 4047 ] xT=false
  D4 above=T3 pat=000 resclass=[ 4047, -7, -28329 ] xT=false
  D4 above=T1 pat=000 resclass=[ -7776168855, -1921465, 4047 ] xT=false
MEMBER stv 8/19 9/16 11/10 shape=[ 1, 1, 2, 2 ] tors=[ 4, 4 ] order4=12 norm111=0 xTpass=0
  D4 above=T1 pat=000 resclass=[ 23847764649714033105, -31281131118545, -762369 ] xT=false
  D4 above=T1 pat=000 resclass=[ 23847764649714033105, -31281131118545, -762369 ] xT=false
  D4 above=T3 pat=000 resclass=[ -762369, -7, 5336583 ] xT=false
  D4 above=T2 pat=000 resclass=[ -31281131118545, 4468733016935, -7 ] xT=false
  D4 above=T3 pat=000 resclass=[ -762369, -7, 5336583 ] xT=false
  D4 above=T2 pat=000 resclass=[ -31281131118545, 4468733016935, -7 ] xT=false
  D4 above=T1 pat=000 resclass=[ 23847764649714033105, -31281131118545, -762369 ] xT=false
  D4 above=T1 pat=000 resclass=[ 23847764649714033105, -31281131118545, -762369 ] xT=false
  D4 above=T3 pat=000 resclass=[ -762369, -7, 5336583 ] xT=false
  D4 above=T2 pat=000 resclass=[ -31281131118545, 4468733016935, -7 ] xT=false
  D4 above=T3 pat=000 resclass=[ -762369, -7, 5336583 ] xT=false
  D4 above=T2 pat=000 resclass=[ -31281131118545, 4468733016935, -7 ] xT=false
MEMBER stv 5/4 2 -7/5 shape=[ 1, 1, 2, 2 ] tors=[ 4, 4 ] order4=12 norm111=0 xTpass=0
  D4 above=T1 pat=000 resclass=[ -1210281, 498351, -119 ] xT=false
  D4 above=T1 pat=000 resclass=[ -1210281, 498351, -119 ] xT=false
  D4 above=T3 pat=000 resclass=[ -119, 3, -357 ] xT=false
  D4 above=T2 pat=000 resclass=[ 498351, 166117, 3 ] xT=false
  D4 above=T3 pat=000 resclass=[ -119, 3, -357 ] xT=false
  D4 above=T2 pat=000 resclass=[ 498351, 166117, 3 ] xT=false
  D4 above=T1 pat=000 resclass=[ -1210281, 498351, -119 ] xT=false
  D4 above=T1 pat=000 resclass=[ -1210281, 498351, -119 ] xT=false
  D4 above=T3 pat=000 resclass=[ -119, 3, -357 ] xT=false
  D4 above=T2 pat=000 resclass=[ 498351, 166117, 3 ] xT=false
  D4 above=T3 pat=000 resclass=[ -119, 3, -357 ] xT=false
  D4 above=T2 pat=000 resclass=[ 498351, 166117, 3 ] xT=false
MEMBER stv 7/15 2 5/19 shape=[ 1, 1, 2, 2 ] tors=[ 4, 4 ] order4=12 norm111=0 xTpass=0
  D4 above=T1 pat=000 resclass=[ 9893715, -28920090, -494 ] xT=false
  D4 above=T1 pat=000 resclass=[ 9893715, -28920090, -494 ] xT=false
  D4 above=T2 pat=000 resclass=[ -28920090, -9640030, 3 ] xT=false
  D4 above=T3 pat=000 resclass=[ -494, 3, -1482 ] xT=false
  D4 above=T2 pat=000 resclass=[ -28920090, -9640030, 3 ] xT=false
  D4 above=T3 pat=000 resclass=[ -494, 3, -1482 ] xT=false
  D4 above=T1 pat=000 resclass=[ 9893715, -28920090, -494 ] xT=false
  D4 above=T1 pat=000 resclass=[ 9893715, -28920090, -494 ] xT=false
  D4 above=T2 pat=000 resclass=[ -28920090, -9640030, 3 ] xT=false
  D4 above=T3 pat=000 resclass=[ -494, 3, -1482 ] xT=false
  D4 above=T2 pat=000 resclass=[ -28920090, -9640030, 3 ] xT=false
  D4 above=T3 pat=000 resclass=[ -494, 3, -1482 ] xT=false
PART_DONE part=73
