MEMBER stv 1/4 1/3 -2/3 shape=[ 1, 1, 2, 2 ] tors=[ 4, 4 ] order4=12 norm111=0 xTpass=0
  D4 above=T1 pat=000 resclass=[ -213405, 119715, -943 ] xT=false
  D4 above=T1 pat=000 resclass=[ -213405, 119715, -943 ] xT=false
  D4 above=T2 pat=000 resclass=[ 119715, -239430, -2 ] xT=false
  D4 above=T3 pat=000 resclass=[ -943, -2, 1886 ] xT=false
  D4 above=T2 pat=000 resclass=[ 119715, -239430, -2 ] xT=false
  D4 above=T3 pat=000 resclass=[ -943, -2, 1886 ] xT=false
  D4 above=T1 pat=000 resclass=[ -213405, 119715, -943 ] xT=false
  D4 above=T1 pat=000 resclass=[ -213405, 119715, -943 ] xT=false
  D4 above=T2 pat=000 resclass=[ 119715, -239430, -2 ] xT=false
  D4 above=T3 pat=000 resclass=[ -943, -2, 1886 ] xT=false
  D4 above=T2 pat=000 resclass=[ 119715, -239430, -2 ] xT=false
  D4 above=T3 pat=000 resclass=[ -943, -2, 1886 ] xT=false
MEMBER stv 1/4 4 -4 shape=[ 1, 1, 2, 2 ] tors=[ 4, 4 ] order4=12 norm111=0 xTpass=0
  D4 above=T3 pat=000 resclass=[ -3599, 15, -53985 ] xT=false
  D4 above=T3 pat=000 resclass=[ -3599, 15, -53985 ] xT=false
  D4 above=T1 pat=000 resclass=[ 2065, -2135, -3599 ] xT=false
  D4 above=T2 pat=000 resclass=[ -2135, -1281, 15 ] xT=false
  D4 above=T1 pat=000 resclass=[ 2065, -2135, -3599 ] xT=false
  D4 above=T2 pat=000 resclass=[ -2135, -1281, 15 ] xT=false
  D4 above=T3 pat=000 resclass=[ -3599, 15, -53985 ] xT=false
  D4 above=T3 pat=000 resclass=[ -3599, 15, -53985 ] xT=false
  D4 above=T1 pat=000 resclass=[ 2065, -2135, -3599 ] xT=false
  D4 above=T2 pat=000 resclass=[ -2135, -1281, 15 ] xT=false
  D4 above=T1 pat=000 resclass=[ 2065, -2135, -3599 ] xT=false
  D4 above=T2 pat=000 resclass=[ -2135, -1281, 15 ] xT=false
MEMBER stv 1/3 3 -4/3 shape=[ 1, 1, 2, 2 ] tors=[ 4, 4 ] order4=12 norm111=0 xTpass=0
  D4 above=T1 pat=000 resclass=[ 15690, -360870, -23 ] xT=false
  D4 above=T1 pat=000 resclass=[ 15690, -360870, -23 ] xT=false
  D4 above=T2 pat=000 resclass=[ -360870, -180435, 2 ] xT=false
  D4 above=T3 pat=000 resclass=[ -23, 2, -46 ] xT=false
  D4 above=T2 pat=000 resclass=[ -360870, -180435, 2 ] xT=false
  D4 above=T3 pat=000 resclass=[ -23, 2, -46 ] xT=false
  D4 above=T1 pat=000 resclass=[ 15690, -360870, -23 ] xT=false
  D4 above=T1 pat=000 resclass=[ 15690, -360870, -23 ] xT=false
  D4 above=T2 pat=000 resclass=[ -360870, -180435, 2 ] xT=false
  D4 above=T3 pat=000 resclass=[ -23, 2, -46 ] xT=false
  D4 above=T2 pat=000 resclass=[ -360870, -180435, 2 ] xT=false
  D4 above=T3 pat=000 resclass=[ -23, 2, -46 ] xT=false
MEMBER stv 1/2 2 -1/2 shape=[ 1, 1, 2, 2 ] tors=[ 4, 4 ] order4=12 norm111=0 xTpass=0
  D4 above=T3 pat=000 resclass=[ -35, 3, -105 ] xT=false
  D4 above=T3 pat=000 resclass=[ -35, 3, -105 ] xT=false
  D4 above=T2 pat=000 resclass=[ -2310, -770, 3 ] xT=false
  D4 above=T1 pat=000 resclass=[ 66, -2310, -35 ] xT=false
  D4 above=T2 pat=000 resclass=[ -2310, -770, 3 ] xT=false
  D4 above=T1 pat=000 resclass=[ 66, -2310, -35 ] xT=false
  D4 above=T3 pat=000 resclass=[ -35, 3, -105 ] xT=false
  D4 above=T3 pat=000 resclass=[ -35, 3, -105 ] xT=false
  D4 above=T2 pat=000 resclass=[ -2310, -770, 3 ] xT=false
  D4 above=T1 pat=000 resclass=[ 66, -2310, -35 ] xT=false
  D4 above=T2 pat=000 resclass=[ -2310, -770, 3 ] xT=false
  D4 above=T1 pat=000 resclass=[ 66, -2310, -35 ] xT=false
MEMBER stv 2/3 4/3 -3 shape=[ 1, 1, 2, 2 ] tors=[ 4, 4 ] order4=12 norm111=0 xTpass=0
  D4 above=T2 pat=000 resclass=[ 2163, 309, 7 ] xT=false
  D4 above=T2 pat=000 resclass=[ 2163, 309, 7 ] xT=false
  D4 above=T1 pat=000 resclass=[ -28119, 2163, -13 ] xT=false
  D4 above=T3 pat=000 resclass=[ -13, 7, -91 ] xT=false
  D4 above=T1 pat=000 resclass=[ -28119, 2163, -13 ] xT=false
  D4 above=T3 pat=000 resclass=[ -13, 7, -91 ] xT=false
  D4 above=T2 pat=000 resclass=[ 2163, 309, 7 ] xT=false
  D4 above=T2 pat=000 resclass=[ 2163, 309, 7 ] xT=false
  D4 above=T1 pat=000 resclass=[ -28119, 2163, -13 ] xT=false
  D4 above=T3 pat=000 resclass=[ -13, 7, -91 ] xT=false
  D4 above=T1 pat=000 resclass=[ -28119, 2163, -13 ] xT=false
  D4 above=T3 pat=000 resclass=[ -13, 7, -91 ] xT=false
MEMBER stv 3/4 3/4 -1 shape=[ 1, 1, 2, 2 ] tors=[ 4, 4 ] order4=12 norm111=0 xTpass=0
  D4 above=T3 pat=000 resclass=[ 95, -7, -665 ] xT=false
  D4 above=T3 pat=000 resclass=[ 95, -7, -665 ] xT=false
  D4 above=T1 pat=010 resclass=[ 95, 1, 95 ] xT=false
  D4 above=T2 pat=100 resclass=[ 1, -7, -7 ] xT=false
  D4 above=T1 pat=010 resclass=[ 95, 1, 95 ] xT=false
  D4 above=T2 pat=100 resclass=[ 1, -7, -7 ] xT=false
  D4 above=T3 pat=000 resclass=[ 95, -7, -665 ] xT=false
  D4 above=T3 pat=000 resclass=[ 95, -7, -665 ] xT=false
  D4 above=T1 pat=010 resclass=[ 95, 1, 95 ] xT=false
  D4 above=T2 pat=100 resclass=[ 1, -7, -7 ] xT=false
  D4 above=T1 pat=010 resclass=[ 95, 1, 95 ] xT=false
  D4 above=T2 pat=100 resclass=[ 1, -7, -7 ] xT=false
MEMBER stv 1 2/3 -1/3 shape=[ 1, 1, 2, 2 ] tors=[ 4, 4 ] order4=12 norm111=0 xTpass=0
  D4 above=T3 pat=000 resclass=[ 14, -5, -70 ] xT=false
  D4 above=T3 pat=000 resclass=[ 14, -5, -70 ] xT=false
  D4 above=T1 pat=000 resclass=[ 14910, 1065, 14 ] xT=false
  D4 above=T2 pat=000 resclass=[ 1065, -213, -5 ] xT=false
  D4 above=T1 pat=000 resclass=[ 14910, 1065, 14 ] xT=false
  D4 above=T2 pat=000 resclass=[ 1065, -213, -5 ] xT=false
  D4 above=T3 pat=000 resclass=[ 14, -5, -70 ] xT=false
  D4 above=T3 pat=000 resclass=[ 14, -5, -70 ] xT=false
  D4 above=T1 pat=000 resclass=[ 14910, 1065, 14 ] xT=false
  D4 above=T2 pat=000 resclass=[ 1065, -213, -5 ] xT=false
  D4 above=T1 pat=000 resclass=[ 14910, 1065, 14 ] xT=false
  D4 above=T2 pat=000 resclass=[ 1065, -213, -5 ] xT=false
MEMBER stv 4/3 1/3 -2 shape=[ 1, 1, 2, 2 ] tors=[ 4, 4 ] order4=12 norm111=0 xTpass=0
  D4 above=T3 pat=000 resclass=[ 5, -2, -10 ] xT=false
  D4 above=T3 pat=000 resclass=[ 5, -2, -10 ] xT=false
  D4 above=T1 pat=000 resclass=[ 25645, 5129, 5 ] xT=false
  D4 above=T2 pat=000 resclass=[ 5129, -10258, -2 ] xT=false
  D4 above=T1 pat=000 resclass=[ 25645, 5129, 5 ] xT=false
  D4 above=T2 pat=000 resclass=[ 5129, -10258, -2 ] xT=false
  D4 above=T3 pat=000 resclass=[ 5, -2, -10 ] xT=false
  D4 above=T3 pat=000 resclass=[ 5, -2, -10 ] xT=false
  D4 above=T1 pat=000 resclass=[ 25645, 5129, 5 ] xT=false
  D4 above=T2 pat=000 resclass=[ 5129, -10258, -2 ] xT=false
  D4 above=T1 pat=000 resclass=[ 25645, 5129, 5 ] xT=false
  D4 above=T2 pat=000 resclass=[ 5129, -10258, -2 ] xT=false
MEMBER stv 3/2 1/4 -3/4 shape=[ 1, 1, 2, 2 ] tors=[ 4, 4 ] order4=12 norm111=0 xTpass=0
  D4 above=T3 pat=000 resclass=[ 39, -15, -65 ] xT=false
  D4 above=T3 pat=000 resclass=[ 39, -15, -65 ] xT=false
  D4 above=T1 pat=000 resclass=[ 1606605, 41195, 39 ] xT=false
  D4 above=T2 pat=000 resclass=[ 41195, -24717, -15 ] xT=false
  D4 above=T1 pat=000 resclass=[ 1606605, 41195, 39 ] xT=false
  D4 above=T2 pat=000 resclass=[ 41195, -24717, -15 ] xT=false
  D4 above=T3 pat=000 resclass=[ 39, -15, -65 ] xT=false
  D4 above=T3 pat=000 resclass=[ 39, -15, -65 ] xT=false
  D4 above=T1 pat=000 resclass=[ 1606605, 41195, 39 ] xT=false
  D4 above=T2 pat=000 resclass=[ 41195, -24717, -15 ] xT=false
  D4 above=T1 pat=000 resclass=[ 1606605, 41195, 39 ] xT=false
  D4 above=T2 pat=000 resclass=[ 41195, -24717, -15 ] xT=false
MEMBER stv 3/2 4 -1/4 shape=[ 1, 1, 2, 2 ] tors=[ 4, 4 ] order4=12 norm111=0 xTpass=0
  D4 above=T2 pat=000 resclass=[ -101535, -6769, 15 ] xT=false
  D4 above=T2 pat=000 resclass=[ -101535, -6769, 15 ] xT=false
  D4 above=T1 pat=000 resclass=[ 1116885, -101535, -11 ] xT=false
  D4 above=T3 pat=000 resclass=[ -11, 15, -165 ] xT=false
  D4 above=T1 pat=000 resclass=[ 1116885, -101535, -11 ] xT=false
  D4 above=T3 pat=000 resclass=[ -11, 15, -165 ] xT=false
  D4 above=T2 pat=000 resclass=[ -101535, -6769, 15 ] xT=false
  D4 above=T2 pat=000 resclass=[ -101535, -6769, 15 ] xT=false
  D4 above=T1 pat=000 resclass=[ 1116885, -101535, -11 ] xT=false
  D4 above=T3 pat=000 resclass=[ -11, 15, -165 ] xT=false
  D4 above=T1 pat=000 resclass=[ 1116885, -101535, -11 ] xT=false
  D4 above=T3 pat=000 resclass=[ -11, 15, -165 ] xT=false
MEMBER stv 2 2 -3/2 shape=[ 1, 1, 2, 2 ] tors=[ 4, 4 ] order4=12 norm111=0 xTpass=0
  D4 above=T3 pat=000 resclass=[ -5, 3, -15 ] xT=false
  D4 above=T3 pat=000 resclass=[ -5, 3, -15 ] xT=false
  D4 above=T2 pat=000 resclass=[ 130, 390, 3 ] xT=false
  D4 above=T1 pat=000 resclass=[ -26, 130, -5 ] xT=false
  D4 above=T2 pat=000 resclass=[ 130, 390, 3 ] xT=false
  D4 above=T1 pat=000 resclass=[ -26, 130, -5 ] xT=false
  D4 above=T3 pat=000 resclass=[ -5, 3, -15 ] xT=false
  D4 above=T3 pat=000 resclass=[ -5, 3, -15 ] xT=false
  D4 above=T2 pat=000 resclass=[ 130, 390, 3 ] xT=false
  D4 above=T1 pat=000 resclass=[ -26, 130, -5 ] xT=false
  D4 above=T2 pat=000 resclass=[ 130, 390, 3 ] xT=false
  D4 above=T1 pat=000 resclass=[ -26, 130, -5 ] xT=false
MEMBER stv 3 3/2 -2/3 shape=[ 1, 1, 2, 2 ] tors=[ 4, 4 ] order4=12 norm111=0 xTpass=0
  D4 above=T1 pat=000 resclass=[ -357, -3, 119 ] xT=false
  D4 above=T1 pat=000 resclass=[ -357, -3, 119 ] xT=false
  D4 above=T3 pat=000 resclass=[ 119, 5, 595 ] xT=false
  D4 above=T2 pat=000 resclass=[ -3, -15, 5 ] xT=false
  D4 above=T3 pat=000 resclass=[ 119, 5, 595 ] xT=false
  D4 above=T2 pat=000 resclass=[ -3, -15, 5 ] xT=false
  D4 above=T1 pat=000 resclass=[ -357, -3, 119 ] xT=false
  D4 above=T1 pat=000 resclass=[ -357, -3, 119 ] xT=false
  D4 above=T3 pat=000 resclass=[ 119, 5, 595 ] xT=false
  D4 above=T2 pat=000 resclass=[ -3, -15, 5 ] xT=false
  D4 above=T3 pat=000 resclass=[ 119, 5, 595 ] xT=false
  D4 above=T2 pat=000 resclass=[ -3, -15, 5 ] xT=false
MEMBER stv 4 3/4 -4 shape=[ 1, 1, 2, 2 ] tors=[ 4, 4 ] order4=12 norm111=0 xTpass=0
  D4 above=T2 pat=000 resclass=[ 455, -65, -7 ] xT=false
  D4 above=T2 pat=000 resclass=[ 455, -65, -7 ] xT=false
  D4 above=T1 pat=000 resclass=[ 1841385, 455, 4047 ] xT=false
  D4 above=T3 pat=000 resclass=[ 4047, -7, -28329 ] xT=false
  D4 above=T1 pat=000 resclass=[ 1841385, 455, 4047 ] xT=false
  D4 above=T3 pat=000 resclass=[ 4047, -7, -28329 ] xT=false
  D4 above=T2 pat=000 resclass=[ 455, -65, -7 ] xT=false
  D4 above=T2 pat=000 resclass=[ 455, -65, -7 ] xT=false
  D4 above=T1 pat=000 resclass=[ 1841385, 455, 4047 ] xT=false
  D4 above=T3 pat=000 resclass=[ 4047, -7, -28329 ] xT=false
  D4 above=T1 pat=000 resclass=[ 1841385, 455, 4047 ] xT=false
  D4 above=T3 pat=000 resclass=[ 4047, -7, -28329 ] xT=false
MEMBER stv 13/4 3/5 4/9 shape=[ 1, 1, 2, 2 ] tors=[ 4, 4 ] order4=12 norm111=0 xTpass=0
  D4 above=T3 pat=000 resclass=[ 11281, -1, -11281 ] xT=false
  D4 above=T3 pat=000 resclass=[ 11281, -1, -11281 ] xT=false
  D4 above=T2 pat=000 resclass=[ -26737945, 26737945, -1 ] xT=false
  D4 above=T1 pat=000 resclass=[ -301630757545, -26737945, 11281 ] xT=false
  D4 above=T2 pat=000 resclass=[ -26737945, 26737945, -1 ] xT=false
  D4 above=T1 pat=000 resclass=[ -301630757545, -26737945, 11281 ] xT=false
  D4 above=T3 pat=000 resclass=[ 11281, -1, -11281 ] xT=false
  D4 above=T3 pat=000 resclass=[ 11281, -1, -11281 ] xT=false
  D4 above=T2 pat=000 resclass=[ -26737945, 26737945, -1 ] xT=false
  D4 above=T1 pat=000 resclass=[ -301630757545, -26737945, 11281 ] xT=false
  D4 above=T2 pat=000 resclass=[ -26737945, 26737945, -1 ] xT=false
  D4 above=T1 pat=000 resclass=[ -301630757545, -26737945, 11281 ] xT=false
MEMBER stv 1 17/7 15/7 shape=[ 1, 1, 2, 2 ] tors=[ 4, 4 ] order4=12 norm111=0 xTpass=0
  D4 above=T1 pat=000 resclass=[ 7262154823, -38021753, -191 ] xT=false
  D4 above=T1 pat=000 resclass=[ 7262154823, -38021753, -191 ] xT=false
  D4 above=T3 pat=000 resclass=[ -191, 15, -2865 ] xT=false
  D4 above=T2 pat=000 resclass=[ -38021753, -570326295, 15 ] xT=false
  D4 above=T3 pat=000 resclass=[ -191, 15, -2865 ] xT=false
  D4 above=T2 pat=000 resclass=[ -38021753, -570326295, 15 ] xT=false
  D4 above=T1 pat=000 resclass=[ 7262154823, -38021753, -191 ] xT=false
  D4 above=T1 pat=000 resclass=[ 7262154823, -38021753, -191 ] xT=false
  D4 above=T3 pat=000 resclass=[ -191, 15, -2865 ] xT=false
  D4 above=T2 pat=000 resclass=[ -38021753, -570326295, 15 ] xT=false
  D4 above=T3 pat=000 resclass=[ -191, 15, -2865 ] xT=false
  D4 above=T2 pat=000 resclass=[ -38021753, -570326295, 15 ] xT=false
MEMBER stv 8 14/15 1/10 shape=[ 1, 1, 2, 2 ] tors=[ 4, 4 ] order4=12 norm111=0 xTpass=0
  D4 above=T2 pat=000 resclass=[ -20129125910, 694107790, -29 ] xT=false
  D4 above=T2 pat=000 resclass=[ -20129125910, 694107790, -29 ] xT=false
  D4 above=T3 pat=000 resclass=[ 3239159, -29, -93935611 ] xT=false
  D4 above=T1 pat=000 resclass=[ -65201439353509690, -20129125910, 3239159 ] xT=false
  D4 above=T3 pat=000 resclass=[ 3239159, -29, -93935611 ] xT=false
  D4 above=T1 pat=000 resclass=[ -65201439353509690, -20129125910, 3239159 ] xT=false
  D4 above=T2 pat=000 resclass=[ -20129125910, 694107790, -29 ] xT=false
  D4 above=T2 pat=000 resclass=[ -20129125910, 694107790, -29 ] xT=false
  D4 above=T3 pat=000 resclass=[ 3239159, -29, -93935611 ] xT=false
  D4 above=T1 pat=000 resclass=[ -65201439353509690, -20129125910, 3239159 ] xT=false
  D4 above=T3 pat=000 resclass=[ 3239159, -29, -93935611 ] xT=false
  D4 above=T1 pat=000 resclass=[ -65201439353509690, -20129125910, 3239159 ] xT=false
PART_DONE part=74
