MEMBER stv 1/4 1/3 3/4 shape=[ 1, 1, 2, 2 ] tors=[ 4, 4 ] order4=12 norm111=0 xTpass=0
  D4 above=T3 pat=000 resclass=[ -943, -2, 1886 ] xT=false
  D4 above=T3 pat=000 resclass=[ -943, -2, 1886 ] xT=false
  D4 above=T1 pat=000 resclass=[ 244763194, -259558, -943 ] xT=false
  D4 above=T2 pat=000 resclass=[ -259558, 129779, -2 ] xT=false
  D4 above=T1 pat=000 resclass=[ 244763194, -259558, -943 ] xT=false
  D4 above=T2 pat=000 resclass=[ -259558, 129779, -2 ] xT=false
  D4 above=T3 pat=000 resclass=[ -943, -2, 1886 ] xT=false
  D4 above=T3 pat=000 resclass=[ -943, -2, 1886 ] xT=false
  D4 above=T1 pat=000 resclass=[ 244763194, -259558, -943 ] xT=false
  D4 above=T2 pat=000 resclass=[ -259558, 129779, -2 ] xT=false
  D4 above=T1 pat=000 resclass=[ 244763194, -259558, -943 ] xT=false
  D4 above=T2 pat=000 resclass=[ -259558, 129779, -2 ] xT=false
MEMBER stv 1/3 1/4 1/4 shape=[ 1, 1, 2, 2 ] tors=[ 4, 4 ] order4=12 norm111=0 xTpass=0
  D4 above=T2 pat=000 resclass=[ -5331885, 355459, -15 ] xT=false
  D4 above=T2 pat=000 resclass=[ -5331885, 355459, -15 ] xT=false
  D4 above=T3 pat=000 resclass=[ -1769, -15, 26535 ] xT=false
  D4 above=T1 pat=000 resclass=[ 9432104565, -5331885, -1769 ] xT=false
  D4 above=T3 pat=000 resclass=[ -1769, -15, 26535 ] xT=false
  D4 above=T1 pat=000 resclass=[ 9432104565, -5331885, -1769 ] xT=false
  D4 above=T2 pat=000 resclass=[ -5331885, 355459, -15 ] xT=false
  D4 above=T2 pat=000 resclass=[ -5331885, 355459, -15 ] xT=false
  D4 above=T3 pat=000 resclass=[ -1769, -15, 26535 ] xT=false
  D4 above=T1 pat=000 resclass=[ 9432104565, -5331885, -1769 ] xT=false
  D4 above=T3 pat=000 resclass=[ -1769, -15, 26535 ] xT=false
  D4 above=T1 pat=000 resclass=[ 9432104565, -5331885, -1769 ] xT=false
MEMBER stv 1/3 3 3/2 shape=[ 1, 1, 2, 2 ] tors=[ 4, 4 ] order4=12 norm111=0 xTpass=0
  D4 above=T3 pat=000 resclass=[ -23, 2, -46 ] xT=false
  D4 above=T3 pat=000 resclass=[ -23, 2, -46 ] xT=false
  D4 above=T2 pat=000 resclass=[ -13461, -26922, 2 ] xT=false
  D4 above=T1 pat=000 resclass=[ 309603, -13461, -23 ] xT=false
  D4 above=T2 pat=000 resclass=[ -13461, -26922, 2 ] xT=false
  D4 above=T1 pat=000 resclass=[ 309603, -13461, -23 ] xT=false
  D4 above=T3 pat=000 resclass=[ -23, 2, -46 ] xT=false
  D4 above=T3 pat=000 resclass=[ -23, 2, -46 ] xT=false
  D4 above=T2 pat=000 resclass=[ -13461, -26922, 2 ] xT=false
  D4 above=T1 pat=000 resclass=[ 309603, -13461, -23 ] xT=false
  D4 above=T2 pat=000 resclass=[ -13461, -26922, 2 ] xT=false
  D4 above=T1 pat=000 resclass=[ 309603, -13461, -23 ] xT=false
MEMBER stv 1/2 2 2/3 shape=[ 1, 1, 2, 2 ] tors=[ 4, 4 ] order4=12 norm111=0 xTpass=0
  D4 above=T1 pat=000 resclass=[ 410, -574, -35 ] xT=false
  D4 above=T1 pat=000 resclass=[ 410, -574, -35 ] xT=false
  D4 above=T3 pat=000 resclass=[ -35, 3, -105 ] xT=false
  D4 above=T2 pat=000 resclass=[ -574, -1722, 3 ] xT=false
  D4 above=T3 pat=000 resclass=[ -35, 3, -105 ] xT=false
  D4 above=T2 pat=000 resclass=[ -574, -1722, 3 ] xT=false
  D4 above=T1 pat=000 resclass=[ 410, -574, -35 ] xT=false
  D4 above=T1 pat=000 resclass=[ 410, -574, -35 ] xT=false
  D4 above=T3 pat=000 resclass=[ -35, 3, -105 ] xT=false
  D4 above=T2 pat=000 resclass=[ -574, -1722, 3 ] xT=false
  D4 above=T3 pat=000 resclass=[ -35, 3, -105 ] xT=false
  D4 above=T2 pat=000 resclass=[ -574, -1722, 3 ] xT=false
MEMBER stv 2/3 4/3 4 shape=[ 1, 1, 2, 2 ] tors=[ 4, 4 ] order4=12 norm111=0 xTpass=0
  D4 above=T1 pat=000 resclass=[ 20293, -1561, -13 ] xT=false
  D4 above=T1 pat=000 resclass=[ 20293, -1561, -13 ] xT=false
  D4 above=T2 pat=000 resclass=[ -1561, -223, 7 ] xT=false
  D4 above=T3 pat=000 resclass=[ -13, 7, -91 ] xT=false
  D4 above=T2 pat=000 resclass=[ -1561, -223, 7 ] xT=false
  D4 above=T3 pat=000 resclass=[ -13, 7, -91 ] xT=false
  D4 above=T1 pat=000 resclass=[ 20293, -1561, -13 ] xT=false
  D4 above=T1 pat=000 resclass=[ 20293, -1561, -13 ] xT=false
  D4 above=T2 pat=000 resclass=[ -1561, -223, 7 ] xT=false
  D4 above=T3 pat=000 resclass=[ -13, 7, -91 ] xT=false
  D4 above=T2 pat=000 resclass=[ -1561, -223, 7 ] xT=false
  D4 above=T3 pat=000 resclass=[ -13, 7, -91 ] xT=false
MEMBER stv 3/4 3/4 4/3 shape=[ 1, 1, 2, 2 ] tors=[ 4, 4 ] order4=12 norm111=0 xTpass=0
  D4 above=T2 pat=000 resclass=[ -399, 57, -7 ] xT=false
  D4 above=T2 pat=000 resclass=[ -399, 57, -7 ] xT=false
  D4 above=T3 pat=000 resclass=[ 95, -7, -665 ] xT=false
  D4 above=T1 pat=000 resclass=[ -105, -399, 95 ] xT=false
  D4 above=T3 pat=000 resclass=[ 95, -7, -665 ] xT=false
  D4 above=T1 pat=000 resclass=[ -105, -399, 95 ] xT=false
  D4 above=T2 pat=000 resclass=[ -399, 57, -7 ] xT=false
  D4 above=T2 pat=000 resclass=[ -399, 57, -7 ] xT=false
  D4 above=T3 pat=000 resclass=[ 95, -7, -665 ] xT=false
  D4 above=T1 pat=000 resclass=[ -105, -399, 95 ] xT=false
  D4 above=T3 pat=000 resclass=[ 95, -7, -665 ] xT=false
  D4 above=T1 pat=000 resclass=[ -105, -399, 95 ] xT=false
MEMBER stv 1 2/3 1/2 shape=[ 1, 1, 2, 2 ] tors=[ 4, 4 ] order4=12 norm111=0 xTpass=0
  D4 above=T3 pat=000 resclass=[ 14, -5, -70 ] xT=false
  D4 above=T3 pat=000 resclass=[ 14, -5, -70 ] xT=false
  D4 above=T2 pat=000 resclass=[ -7890, 1578, -5 ] xT=false
  D4 above=T1 pat=000 resclass=[ -27615, -7890, 14 ] xT=false
  D4 above=T2 pat=000 resclass=[ -7890, 1578, -5 ] xT=false
  D4 above=T1 pat=000 resclass=[ -27615, -7890, 14 ] xT=false
  D4 above=T3 pat=000 resclass=[ 14, -5, -70 ] xT=false
  D4 above=T3 pat=000 resclass=[ 14, -5, -70 ] xT=false
  D4 above=T2 pat=000 resclass=[ -7890, 1578, -5 ] xT=false
  D4 above=T1 pat=000 resclass=[ -27615, -7890, 14 ] xT=false
  D4 above=T2 pat=000 resclass=[ -7890, 1578, -5 ] xT=false
  D4 above=T1 pat=000 resclass=[ -27615, -7890, 14 ] xT=false
MEMBER stv 4/3 1/3 3 shape=[ 1, 1, 2, 2 ] tors=[ 4, 4 ] order4=12 norm111=0 xTpass=0
  D4 above=T1 pat=000 resclass=[ -102030, -20406, 5 ] xT=false
  D4 above=T1 pat=000 resclass=[ -102030, -20406, 5 ] xT=false
  D4 above=T3 pat=000 resclass=[ 5, -2, -10 ] xT=false
  D4 above=T2 pat=000 resclass=[ -20406, 10203, -2 ] xT=false
  D4 above=T3 pat=000 resclass=[ 5, -2, -10 ] xT=false
  D4 above=T2 pat=000 resclass=[ -20406, 10203, -2 ] xT=false
  D4 above=T1 pat=000 resclass=[ -102030, -20406, 5 ] xT=false
  D4 above=T1 pat=000 resclass=[ -102030, -20406, 5 ] xT=false
  D4 above=T3 pat=000 resclass=[ 5, -2, -10 ] xT=false
  D4 above=T2 pat=000 resclass=[ -20406, 10203, -2 ] xT=false
  D4 above=T3 pat=000 resclass=[ 5, -2, -10 ] xT=false
  D4 above=T2 pat=000 resclass=[ -20406, 10203, -2 ] xT=false
MEMBER stv 3/2 1/4 1 shape=[ 1, 1, 2, 2 ] tors=[ 4, 4 ] order4=12 norm111=0 xTpass=0
  D4 above=T3 pat=000 resclass=[ 39, -15, -65 ] xT=false
  D4 above=T3 pat=000 resclass=[ 39, -15, -65 ] xT=false
  D4 above=T1 pat=000 resclass=[ -35, -1365, 39 ] xT=false
  D4 above=T2 pat=000 resclass=[ -1365, 91, -15 ] xT=false
  D4 above=T1 pat=000 resclass=[ -35, -1365, 39 ] xT=false
  D4 above=T2 pat=000 resclass=[ -1365, 91, -15 ] xT=false
  D4 above=T3 pat=000 resclass=[ 39, -15, -65 ] xT=false
  D4 above=T3 pat=000 resclass=[ 39, -15, -65 ] xT=false
  D4 above=T1 pat=000 resclass=[ -35, -1365, 39 ] xT=false
  D4 above=T2 pat=000 resclass=[ -1365, 91, -15 ] xT=false
  D4 above=T1 pat=000 resclass=[ -35, -1365, 39 ] xT=false
  D4 above=T2 pat=000 resclass=[ -1365, 91, -15 ] xT=false
MEMBER stv 3/2 4 1/3 shape=[ 1, 1, 2, 2 ] tors=[ 4, 4 ] order4=12 norm111=0 xTpass=0
  D4 above=T2 pat=000 resclass=[ -10955, -6573, 15 ] xT=false
  D4 above=T2 pat=000 resclass=[ -10955, -6573, 15 ] xT=false
  D4 above=T1 pat=000 resclass=[ 120505, -10955, -11 ] xT=false
  D4 above=T3 pat=000 resclass=[ -11, 15, -165 ] xT=false
  D4 above=T1 pat=000 resclass=[ 120505, -10955, -11 ] xT=false
  D4 above=T3 pat=000 resclass=[ -11, 15, -165 ] xT=false
  D4 above=T2 pat=000 resclass=[ -10955, -6573, 15 ] xT=false
  D4 above=T2 pat=000 resclass=[ -10955, -6573, 15 ] xT=false
  D4 above=T1 pat=000 resclass=[ 120505, -10955, -11 ] xT=false
  D4 above=T3 pat=000 resclass=[ -11, 15, -165 ] xT=false
  D4 above=T1 pat=000 resclass=[ 120505, -10955, -11 ] xT=false
  D4 above=T3 pat=000 resclass=[ -11, 15, -165 ] xT=false
MEMBER stv 2 2 2 shape=[ 1, 1, 2, 2 ] tors=[ 4, 4 ] order4=12 norm111=0 xTpass=0
  D4 above=T2 pat=000 resclass=[ -10, -30, 3 ] xT=false
  D4 above=T2 pat=000 resclass=[ -10, -30, 3 ] xT=false
  D4 above=T3 pat=000 resclass=[ -5, 3, -15 ] xT=false
  D4 above=T1 pat=000 resclass=[ 2, -10, -5 ] xT=false
  D4 above=T3 pat=000 resclass=[ -5, 3, -15 ] xT=false
  D4 above=T1 pat=000 resclass=[ 2, -10, -5 ] xT=false
  D4 above=T2 pat=000 resclass=[ -10, -30, 3 ] xT=false
  D4 above=T2 pat=000 resclass=[ -10, -30, 3 ] xT=false
  D4 above=T3 pat=000 resclass=[ -5, 3, -15 ] xT=false
  D4 above=T1 pat=000 resclass=[ 2, -10, -5 ] xT=false
  D4 above=T3 pat=000 resclass=[ -5, 3, -15 ] xT=false
  D4 above=T1 pat=000 resclass=[ 2, -10, -5 ] xT=false
MEMBER stv 3 3/2 3/4 shape=[ 1, 1, 2, 2 ] tors=[ 4, 4 ] order4=12 norm111=0 xTpass=0
  D4 above=T1 pat=000 resclass=[ 55335, 465, 119 ] xT=false
  D4 above=T1 pat=000 resclass=[ 55335, 465, 119 ] xT=false
  D4 above=T2 pat=000 resclass=[ 465, 93, 5 ] xT=false
  D4 above=T3 pat=000 resclass=[ 119, 5, 595 ] xT=false
  D4 above=T2 pat=000 resclass=[ 465, 93, 5 ] xT=false
  D4 above=T3 pat=000 resclass=[ 119, 5, 595 ] xT=false
  D4 above=T1 pat=000 resclass=[ 55335, 465, 119 ] xT=false
  D4 above=T1 pat=000 resclass=[ 55335, 465, 119 ] xT=false
  D4 above=T2 pat=000 resclass=[ 465, 93, 5 ] xT=false
  D4 above=T3 pat=000 resclass=[ 119, 5, 595 ] xT=false
  D4 above=T2 pat=000 resclass=[ 465, 93, 5 ] xT=false
  D4 above=T3 pat=000 resclass=[ 119, 5, 595 ] xT=false
MEMBER stv 4 4/3 1/4 shape=[ 1, 1, 2, 2 ] tors=[ 4, 4 ] order4=12 norm111=0 xTpass=0
  D4 above=T1 pat=000 resclass=[ 19565, 13195, 1247 ] xT=false
  D4 above=T1 pat=000 resclass=[ 19565, 13195, 1247 ] xT=false
  D4 above=T3 pat=000 resclass=[ 1247, 7, 8729 ] xT=false
  D4 above=T2 pat=000 resclass=[ 13195, 1885, 7 ] xT=false
  D4 above=T3 pat=000 resclass=[ 1247, 7, 8729 ] xT=false
  D4 above=T2 pat=000 resclass=[ 13195, 1885, 7 ] xT=false
  D4 above=T1 pat=000 resclass=[ 19565, 13195, 1247 ] xT=false
  D4 above=T1 pat=000 resclass=[ 19565, 13195, 1247 ] xT=false
  D4 above=T3 pat=000 resclass=[ 1247, 7, 8729 ] xT=false
  D4 above=T2 pat=000 resclass=[ 13195, 1885, 7 ] xT=false
  D4 above=T3 pat=000 resclass=[ 1247, 7, 8729 ] xT=false
  D4 above=T2 pat=000 resclass=[ 13195, 1885, 7 ] xT=false
MEMBER stv 9/2 2/5 -1/3 shape=[ 1, 1, 2, 2 ] tors=[ 4, 4 ] order4=12 norm111=0 xTpass=0
  D4 above=T3 pat=000 resclass=[ 5429, -21, -114009 ] xT=false
  D4 above=T3 pat=000 resclass=[ 5429, -21, -114009 ] xT=false
  D4 above=T1 pat=000 resclass=[ 12662637603, 2332407, 5429 ] xT=false
  D4 above=T2 pat=000 resclass=[ 2332407, -111067, -21 ] xT=false
  D4 above=T1 pat=000 resclass=[ 12662637603, 2332407, 5429 ] xT=false
  D4 above=T2 pat=000 resclass=[ 2332407, -111067, -21 ] xT=false
  D4 above=T3 pat=000 resclass=[ 5429, -21, -114009 ] xT=false
  D4 above=T3 pat=000 resclass=[ 5429, -21, -114009 ] xT=false
  D4 above=T1 pat=000 resclass=[ 12662637603, 2332407, 5429 ] xT=false
  D4 above=T2 pat=000 resclass=[ 2332407, -111067, -21 ] xT=false
  D4 above=T1 pat=000 resclass=[ 12662637603, 2332407, 5429 ] xT=false
  D4 above=T2 pat=000 resclass=[ 2332407, -111067, -21 ] xT=false
MEMBER stv 5/2 20/3 16/19 shape=[ 1, 1, 2, 2 ] tors=[ 4, 4 ] order4=12 norm111=0 xTpass=0
  D4 above=T2 pat=000 resclass=[ -7625355899, -19502189, 391 ] xT=false
  D4 above=T2 pat=000 resclass=[ -7625355899, -19502189, 391 ] xT=false
  D4 above=T3 pat=000 resclass=[ -609499, 391, -238314109 ] xT=false
  D4 above=T1 pat=000 resclass=[ 4647646795084601, -7625355899, -609499 ] xT=false
  D4 above=T3 pat=000 resclass=[ -609499, 391, -238314109 ] xT=false
  D4 above=T1 pat=000 resclass=[ 4647646795084601, -7625355899, -609499 ] xT=false
  D4 above=T2 pat=000 resclass=[ -7625355899, -19502189, 391 ] xT=false
  D4 above=T2 pat=000 resclass=[ -7625355899, -19502189, 391 ] xT=false
  D4 above=T3 pat=000 resclass=[ -609499, 391, -238314109 ] xT=false
  D4 above=T1 pat=000 resclass=[ 4647646795084601, -7625355899, -609499 ] xT=false
  D4 above=T3 pat=000 resclass=[ -609499, 391, -238314109 ] xT=false
  D4 above=T1 pat=000 resclass=[ 4647646795084601, -7625355899, -609499 ] xT=false
MEMBER stv 4/5 17/4 13/6 shape=[ 1, 1, 2, 2 ] tors=[ 4, 4 ] order4=12 norm111=0 xTpass=0
  D4 above=T1 pat=000 resclass=[ 59518148148247649, -32013995881, -1859129 ] xT=false
  D4 above=T1 pat=000 resclass=[ 59518148148247649, -32013995881, -1859129 ] xT=false
  D4 above=T2 pat=000 resclass=[ -32013995881, -178363691337, 273 ] xT=false
  D4 above=T3 pat=000 resclass=[ -1859129, 273, -507542217 ] xT=false
  D4 above=T2 pat=000 resclass=[ -32013995881, -178363691337, 273 ] xT=false
  D4 above=T3 pat=000 resclass=[ -1859129, 273, -507542217 ] xT=false
  D4 above=T1 pat=000 resclass=[ 59518148148247649, -32013995881, -1859129 ] xT=false
  D4 above=T1 pat=000 resclass=[ 59518148148247649, -32013995881, -1859129 ] xT=false
  D4 above=T2 pat=000 resclass=[ -32013995881, -178363691337, 273 ] xT=false
  D4 above=T3 pat=000 resclass=[ -1859129, 273, -507542217 ] xT=false
  D4 above=T2 pat=000 resclass=[ -32013995881, -178363691337, 273 ] xT=false
  D4 above=T3 pat=000 resclass=[ -1859129, 273, -507542217 ] xT=false
PART_DONE part=75
