MEMBER stv 1/4 1/3 -3/4 shape=[ 1, 1, 2, 2 ] tors=[ 4, 4 ] order4=12 norm111=0 xTpass=0
  D4 above=T2 pat=000 resclass=[ 3782, -1891, -2 ] xT=false
  D4 above=T2 pat=000 resclass=[ 3782, -1891, -2 ] xT=false
  D4 above=T3 pat=000 resclass=[ -943, -2, 1886 ] xT=false
  D4 above=T1 pat=000 resclass=[ -3566426, 3782, -943 ] xT=false
  D4 above=T3 pat=000 resclass=[ -943, -2, 1886 ] xT=false
  D4 above=T1 pat=000 resclass=[ -3566426, 3782, -943 ] xT=false
  D4 above=T2 pat=000 resclass=[ 3782, -1891, -2 ] xT=false
  D4 above=T2 pat=000 resclass=[ 3782, -1891, -2 ] xT=false
  D4 above=T3 pat=000 resclass=[ -943, -2, 1886 ] xT=false
  D4 above=T1 pat=000 resclass=[ -3566426, 3782, -943 ] xT=false
  D4 above=T3 pat=000 resclass=[ -943, -2, 1886 ] xT=false
  D4 above=T1 pat=000 resclass=[ -3566426, 3782, -943 ] xT=false
MEMBER stv 1/3 1/4 -1/4 shape=[ 1, 1, 2, 2 ] tors=[ 4, 4 ] order4=12 norm111=0 xTpass=0
  D4 above=T3 pat=000 resclass=[ -1769, -15, 26535 ] xT=false
  D4 above=T3 pat=000 resclass=[ -1769, -15, 26535 ] xT=false
  D4 above=T1 pat=000 resclass=[ -13113597, 7413, -1769 ] xT=false
  D4 above=T2 pat=000 resclass=[ 7413, -12355, -15 ] xT=false
  D4 above=T1 pat=000 resclass=[ -13113597, 7413, -1769 ] xT=false
  D4 above=T2 pat=000 resclass=[ 7413, -12355, -15 ] xT=false
  D4 above=T3 pat=000 resclass=[ -1769, -15, 26535 ] xT=false
  D4 above=T3 pat=000 resclass=[ -1769, -15, 26535 ] xT=false
  D4 above=T1 pat=000 resclass=[ -13113597, 7413, -1769 ] xT=false
  D4 above=T2 pat=000 resclass=[ 7413, -12355, -15 ] xT=false
  D4 above=T1 pat=000 resclass=[ -13113597, 7413, -1769 ] xT=false
  D4 above=T2 pat=000 resclass=[ 7413, -12355, -15 ] xT=false
MEMBER stv 1/3 3 -3/2 shape=[ 1, 1, 2, 2 ] tors=[ 4, 4 ] order4=12 norm111=0 xTpass=0
  D4 above=T2 pat=000 resclass=[ -9795, -19590, 2 ] xT=false
  D4 above=T2 pat=000 resclass=[ -9795, -19590, 2 ] xT=false
  D4 above=T3 pat=000 resclass=[ -23, 2, -46 ] xT=false
  D4 above=T1 pat=000 resclass=[ 225285, -9795, -23 ] xT=false
  D4 above=T3 pat=000 resclass=[ -23, 2, -46 ] xT=false
  D4 above=T1 pat=000 resclass=[ 225285, -9795, -23 ] xT=false
  D4 above=T2 pat=000 resclass=[ -9795, -19590, 2 ] xT=false
  D4 above=T2 pat=000 resclass=[ -9795, -19590, 2 ] xT=false
  D4 above=T3 pat=000 resclass=[ -23, 2, -46 ] xT=false
  D4 above=T1 pat=000 resclass=[ 225285, -9795, -23 ] xT=false
  D4 above=T3 pat=000 resclass=[ -23, 2, -46 ] xT=false
  D4 above=T1 pat=000 resclass=[ 225285, -9795, -23 ] xT=false
MEMBER stv 1/2 2 -2/3 shape=[ 1, 1, 2, 2 ] tors=[ 4, 4 ] order4=12 norm111=0 xTpass=0
  D4 above=T1 pat=000 resclass=[ 742, -530, -35 ] xT=false
  D4 above=T1 pat=000 resclass=[ 742, -530, -35 ] xT=false
  D4 above=T3 pat=000 resclass=[ -35, 3, -105 ] xT=false
  D4 above=T2 pat=000 resclass=[ -530, -1590, 3 ] xT=false
  D4 above=T3 pat=000 resclass=[ -35, 3, -105 ] xT=false
  D4 above=T2 pat=000 resclass=[ -530, -1590, 3 ] xT=false
  D4 above=T1 pat=000 resclass=[ 742, -530, -35 ] xT=false
  D4 above=T1 pat=000 resclass=[ 742, -530, -35 ] xT=false
  D4 above=T3 pat=000 resclass=[ -35, 3, -105 ] xT=false
  D4 above=T2 pat=000 resclass=[ -530, -1590, 3 ] xT=false
  D4 above=T3 pat=000 resclass=[ -35, 3, -105 ] xT=false
  D4 above=T2 pat=000 resclass=[ -530, -1590, 3 ] xT=false
MEMBER stv 2/3 4/3 -4 shape=[ 1, 1, 2, 2 ] tors=[ 4, 4 ] order4=12 norm111=0 xTpass=0
  D4 above=T3 pat=000 resclass=[ -13, 7, -91 ] xT=false
  D4 above=T3 pat=000 resclass=[ -13, 7, -91 ] xT=false
  D4 above=T1 pat=000 resclass=[ -5005, 385, -13 ] xT=false
  D4 above=T2 pat=000 resclass=[ 385, 55, 7 ] xT=false
  D4 above=T1 pat=000 resclass=[ -5005, 385, -13 ] xT=false
  D4 above=T2 pat=000 resclass=[ 385, 55, 7 ] xT=false
  D4 above=T3 pat=000 resclass=[ -13, 7, -91 ] xT=false
  D4 above=T3 pat=000 resclass=[ -13, 7, -91 ] xT=false
  D4 above=T1 pat=000 resclass=[ -5005, 385, -13 ] xT=false
  D4 above=T2 pat=000 resclass=[ 385, 55, 7 ] xT=false
  D4 above=T1 pat=000 resclass=[ -5005, 385, -13 ] xT=false
  D4 above=T2 pat=000 resclass=[ 385, 55, 7 ] xT=false
MEMBER stv 3/4 3/4 -4/3 shape=[ 1, 1, 2, 2 ] tors=[ 4, 4 ] order4=12 norm111=0 xTpass=0
  D4 above=T1 pat=000 resclass=[ -399, -105, 95 ] xT=false
  D4 above=T1 pat=000 resclass=[ -399, -105, 95 ] xT=false
  D4 above=T3 pat=000 resclass=[ 95, -7, -665 ] xT=false
  D4 above=T2 pat=000 resclass=[ -105, 15, -7 ] xT=false
  D4 above=T3 pat=000 resclass=[ 95, -7, -665 ] xT=false
  D4 above=T2 pat=000 resclass=[ -105, 15, -7 ] xT=false
  D4 above=T1 pat=000 resclass=[ -399, -105, 95 ] xT=false
  D4 above=T1 pat=000 resclass=[ -399, -105, 95 ] xT=false
  D4 above=T3 pat=000 resclass=[ 95, -7, -665 ] xT=false
  D4 above=T2 pat=000 resclass=[ -105, 15, -7 ] xT=false
  D4 above=T3 pat=000 resclass=[ 95, -7, -665 ] xT=false
  D4 above=T2 pat=000 resclass=[ -105, 15, -7 ] xT=false
MEMBER stv 1 2/3 -1/2 shape=[ 1, 1, 2, 2 ] tors=[ 4, 4 ] order4=12 norm111=0 xTpass=0
  D4 above=T3 pat=000 resclass=[ 14, -5, -70 ] xT=false
  D4 above=T3 pat=000 resclass=[ 14, -5, -70 ] xT=false
  D4 above=T1 pat=000 resclass=[ 2135, 610, 14 ] xT=false
  D4 above=T2 pat=000 resclass=[ 610, -122, -5 ] xT=false
  D4 above=T1 pat=000 resclass=[ 2135, 610, 14 ] xT=false
  D4 above=T2 pat=000 resclass=[ 610, -122, -5 ] xT=false
  D4 above=T3 pat=000 resclass=[ 14, -5, -70 ] xT=false
  D4 above=T3 pat=000 resclass=[ 14, -5, -70 ] xT=false
  D4 above=T1 pat=000 resclass=[ 2135, 610, 14 ] xT=false
  D4 above=T2 pat=000 resclass=[ 610, -122, -5 ] xT=false
  D4 above=T1 pat=000 resclass=[ 2135, 610, 14 ] xT=false
  D4 above=T2 pat=000 resclass=[ 610, -122, -5 ] xT=false
MEMBER stv 4/3 1/3 -3 shape=[ 1, 1, 2, 2 ] tors=[ 4, 4 ] order4=12 norm111=0 xTpass=0
  D4 above=T1 pat=000 resclass=[ 78, 390, 5 ] xT=false
  D4 above=T1 pat=000 resclass=[ 78, 390, 5 ] xT=false
  D4 above=T2 pat=000 resclass=[ 390, -195, -2 ] xT=false
  D4 above=T3 pat=000 resclass=[ 5, -2, -10 ] xT=false
  D4 above=T2 pat=000 resclass=[ 390, -195, -2 ] xT=false
  D4 above=T3 pat=000 resclass=[ 5, -2, -10 ] xT=false
  D4 above=T1 pat=000 resclass=[ 78, 390, 5 ] xT=false
  D4 above=T1 pat=000 resclass=[ 78, 390, 5 ] xT=false
  D4 above=T2 pat=000 resclass=[ 390, -195, -2 ] xT=false
  D4 above=T3 pat=000 resclass=[ 5, -2, -10 ] xT=false
  D4 above=T2 pat=000 resclass=[ 390, -195, -2 ] xT=false
  D4 above=T3 pat=000 resclass=[ 5, -2, -10 ] xT=false
MEMBER stv 3/2 1/4 -1 shape=[ 1, 1, 2, 2 ] tors=[ 4, 4 ] order4=12 norm111=0 xTpass=0
  D4 above=T2 pat=000 resclass=[ 1005, -67, -15 ] xT=false
  D4 above=T2 pat=000 resclass=[ 1005, -67, -15 ] xT=false
  D4 above=T3 pat=000 resclass=[ 39, -15, -65 ] xT=false
  D4 above=T1 pat=000 resclass=[ 4355, 1005, 39 ] xT=false
  D4 above=T3 pat=000 resclass=[ 39, -15, -65 ] xT=false
  D4 above=T1 pat=000 resclass=[ 4355, 1005, 39 ] xT=false
  D4 above=T2 pat=000 resclass=[ 1005, -67, -15 ] xT=false
  D4 above=T2 pat=000 resclass=[ 1005, -67, -15 ] xT=false
  D4 above=T3 pat=000 resclass=[ 39, -15, -65 ] xT=false
  D4 above=T1 pat=000 resclass=[ 4355, 1005, 39 ] xT=false
  D4 above=T3 pat=000 resclass=[ 39, -15, -65 ] xT=false
  D4 above=T1 pat=000 resclass=[ 4355, 1005, 39 ] xT=false
MEMBER stv 3/2 4 -1/3 shape=[ 1, 1, 2, 2 ] tors=[ 4, 4 ] order4=12 norm111=0 xTpass=0
  D4 above=T2 pat=000 resclass=[ -1605, -107, 15 ] xT=false
  D4 above=T2 pat=000 resclass=[ -1605, -107, 15 ] xT=false
  D4 above=T1 pat=000 resclass=[ 17655, -1605, -11 ] xT=false
  D4 above=T3 pat=000 resclass=[ -11, 15, -165 ] xT=false
  D4 above=T1 pat=000 resclass=[ 17655, -1605, -11 ] xT=false
  D4 above=T3 pat=000 resclass=[ -11, 15, -165 ] xT=false
  D4 above=T2 pat=000 resclass=[ -1605, -107, 15 ] xT=false
  D4 above=T2 pat=000 resclass=[ -1605, -107, 15 ] xT=false
  D4 above=T1 pat=000 resclass=[ 17655, -1605, -11 ] xT=false
  D4 above=T3 pat=000 resclass=[ -11, 15, -165 ] xT=false
  D4 above=T1 pat=000 resclass=[ 17655, -1605, -11 ] xT=false
  D4 above=T3 pat=000 resclass=[ -11, 15, -165 ] xT=false
MEMBER stv 2 2 -2 shape=[ 1, 1, 2, 2 ] tors=[ 4, 4 ] order4=12 norm111=0 xTpass=0
  D4 above=T2 pat=000 resclass=[ 714, 238, 3 ] xT=false
  D4 above=T2 pat=000 resclass=[ 714, 238, 3 ] xT=false
  D4 above=T3 pat=000 resclass=[ -5, 3, -15 ] xT=false
  D4 above=T1 pat=000 resclass=[ -3570, 714, -5 ] xT=false
  D4 above=T3 pat=000 resclass=[ -5, 3, -15 ] xT=false
  D4 above=T1 pat=000 resclass=[ -3570, 714, -5 ] xT=false
  D4 above=T2 pat=000 resclass=[ 714, 238, 3 ] xT=false
  D4 above=T2 pat=000 resclass=[ 714, 238, 3 ] xT=false
  D4 above=T3 pat=000 resclass=[ -5, 3, -15 ] xT=false
  D4 above=T1 pat=000 resclass=[ -3570, 714, -5 ] xT=false
  D4 above=T3 pat=000 resclass=[ -5, 3, -15 ] xT=false
  D4 above=T1 pat=000 resclass=[ -3570, 714, -5 ] xT=false
MEMBER stv 3 3/2 -3/4 shape=[ 1, 1, 2, 2 ] tors=[ 4, 4 ] order4=12 norm111=0 xTpass=0
  D4 above=T1 pat=000 resclass=[ -9565815, -80385, 119 ] xT=false
  D4 above=T1 pat=000 resclass=[ -9565815, -80385, 119 ] xT=false
  D4 above=T3 pat=000 resclass=[ 119, 5, 595 ] xT=false
  D4 above=T2 pat=000 resclass=[ -80385, -16077, 5 ] xT=false
  D4 above=T3 pat=000 resclass=[ 119, 5, 595 ] xT=false
  D4 above=T2 pat=000 resclass=[ -80385, -16077, 5 ] xT=false
  D4 above=T1 pat=000 resclass=[ -9565815, -80385, 119 ] xT=false
  D4 above=T1 pat=000 resclass=[ -9565815, -80385, 119 ] xT=false
  D4 above=T3 pat=000 resclass=[ 119, 5, 595 ] xT=false
  D4 above=T2 pat=000 resclass=[ -80385, -16077, 5 ] xT=false
  D4 above=T3 pat=000 resclass=[ 119, 5, 595 ] xT=false
  D4 above=T2 pat=000 resclass=[ -80385, -16077, 5 ] xT=false
MEMBER stv 4 4/3 -1/4 shape=[ 1, 1, 2, 2 ] tors=[ 4, 4 ] order4=12 norm111=0 xTpass=0
  D4 above=T3 pat=000 resclass=[ 1247, 7, 8729 ] xT=false
  D4 above=T3 pat=000 resclass=[ 1247, 7, 8729 ] xT=false
  D4 above=T2 pat=000 resclass=[ -4515, -645, 7 ] xT=false
  D4 above=T1 pat=000 resclass=[ -3045, -4515, 1247 ] xT=false
  D4 above=T2 pat=000 resclass=[ -4515, -645, 7 ] xT=false
  D4 above=T1 pat=000 resclass=[ -3045, -4515, 1247 ] xT=false
  D4 above=T3 pat=000 resclass=[ 1247, 7, 8729 ] xT=false
  D4 above=T3 pat=000 resclass=[ 1247, 7, 8729 ] xT=false
  D4 above=T2 pat=000 resclass=[ -4515, -645, 7 ] xT=false
  D4 above=T1 pat=000 resclass=[ -3045, -4515, 1247 ] xT=false
  D4 above=T2 pat=000 resclass=[ -4515, -645, 7 ] xT=false
  D4 above=T1 pat=000 resclass=[ -3045, -4515, 1247 ] xT=false
MEMBER stv 1/4 20/3 4/13 shape=[ 1, 1, 2, 2 ] tors=[ 4, 4 ] order4=12 norm111=0 xTpass=0
  D4 above=T3 pat=000 resclass=[ -20215, 391, -7904065 ] xT=false
  D4 above=T3 pat=000 resclass=[ -20215, 391, -7904065 ] xT=false
  D4 above=T1 pat=000 resclass=[ 80499661966355, -672987527693, -20215 ] xT=false
  D4 above=T2 pat=000 resclass=[ -672987527693, -1721195723, 391 ] xT=false
  D4 above=T1 pat=000 resclass=[ 80499661966355, -672987527693, -20215 ] xT=false
  D4 above=T2 pat=000 resclass=[ -672987527693, -1721195723, 391 ] xT=false
  D4 above=T3 pat=000 resclass=[ -20215, 391, -7904065 ] xT=false
  D4 above=T3 pat=000 resclass=[ -20215, 391, -7904065 ] xT=false
  D4 above=T1 pat=000 resclass=[ 80499661966355, -672987527693, -20215 ] xT=false
  D4 above=T2 pat=000 resclass=[ -672987527693, -1721195723, 391 ] xT=false
  D4 above=T1 pat=000 resclass=[ 80499661966355, -672987527693, -20215 ] xT=false
  D4 above=T2 pat=000 resclass=[ -672987527693, -1721195723, 391 ] xT=false
MEMBER stv 18/13 11 2/17 shape=[ 1, 1, 2, 2 ] tors=[ 4, 4 ] order4=12 norm111=0 xTpass=0
  D4 above=T3 pat=000 resclass=[ -67591, 30, -2027730 ] xT=false
  D4 above=T3 pat=000 resclass=[ -67591, 30, -2027730 ] xT=false
  D4 above=T1 pat=000 resclass=[ 297623146636955895, -4403295507345, -67591 ] xT=false
  D4 above=T2 pat=000 resclass=[ -4403295507345, -587106067646, 30 ] xT=false
  D4 above=T1 pat=000 resclass=[ 297623146636955895, -4403295507345, -67591 ] xT=false
  D4 above=T2 pat=000 resclass=[ -4403295507345, -587106067646, 30 ] xT=false
  D4 above=T3 pat=000 resclass=[ -67591, 30, -2027730 ] xT=false
  D4 above=T3 pat=000 resclass=[ -67591, 30, -2027730 ] xT=false
  D4 above=T1 pat=000 resclass=[ 297623146636955895, -4403295507345, -67591 ] xT=false
  D4 above=T2 pat=000 resclass=[ -4403295507345, -587106067646, 30 ] xT=false
  D4 above=T1 pat=000 resclass=[ 297623146636955895, -4403295507345, -67591 ] xT=false
  D4 above=T2 pat=000 resclass=[ -4403295507345, -587106067646, 30 ] xT=false
MEMBER stv 18/11 5/11 2/17 shape=[ 1, 1, 2, 2 ] tors=[ 4, 4 ] order4=12 norm111=0 xTpass=0
  D4 above=T3 pat=000 resclass=[ 17, -6, -102 ] xT=false
  D4 above=T3 pat=000 resclass=[ 17, -6, -102 ] xT=false
  D4 above=T2 pat=000 resclass=[ -1832621811, 1221747874, -6 ] xT=false
  D4 above=T1 pat=000 resclass=[ -107801283, -1832621811, 17 ] xT=false
  D4 above=T2 pat=000 resclass=[ -1832621811, 1221747874, -6 ] xT=false
  D4 above=T1 pat=000 resclass=[ -107801283, -1832621811, 17 ] xT=false
  D4 above=T3 pat=000 resclass=[ 17, -6, -102 ] xT=false
  D4 above=T3 pat=000 resclass=[ 17, -6, -102 ] xT=false
  D4 above=T2 pat=000 resclass=[ -1832621811, 1221747874, -6 ] xT=false
  D4 above=T1 pat=000 resclass=[ -107801283, -1832621811, 17 ] xT=false
  D4 above=T2 pat=000 resclass=[ -1832621811, 1221747874, -6 ] xT=false
  D4 above=T1 pat=000 resclass=[ -107801283, -1832621811, 17 ] xT=false
PART_DONE part=76
