MEMBER stv 1/4 1/3 1 shape=[ 1, 1, 2, 2 ] tors=[ 4, 4 ] order4=12 norm111=0 xTpass=0
  D4 above=T1 pat=000 resclass=[ 48253310, -51170, -943 ] xT=false
  D4 above=T1 pat=000 resclass=[ 48253310, -51170, -943 ] xT=false
  D4 above=T3 pat=000 resclass=[ -943, -2, 1886 ] xT=false
  D4 above=T2 pat=000 resclass=[ -51170, 25585, -2 ] xT=false
  D4 above=T3 pat=000 resclass=[ -943, -2, 1886 ] xT=false
  D4 above=T2 pat=000 resclass=[ -51170, 25585, -2 ] xT=false
  D4 above=T1 pat=000 resclass=[ 48253310, -51170, -943 ] xT=false
  D4 above=T1 pat=000 resclass=[ 48253310, -51170, -943 ] xT=false
  D4 above=T3 pat=000 resclass=[ -943, -2, 1886 ] xT=false
  D4 above=T2 pat=000 resclass=[ -51170, 25585, -2 ] xT=false
  D4 above=T3 pat=000 resclass=[ -943, -2, 1886 ] xT=false
  D4 above=T2 pat=000 resclass=[ -51170, 25585, -2 ] xT=false
MEMBER stv 1/3 1/4 1/3 shape=[ 1, 1, 2, 2 ] tors=[ 4, 4 ] order4=12 norm111=0 xTpass=0
  D4 above=T3 pat=000 resclass=[ -1769, -15, 26535 ] xT=false
  D4 above=T3 pat=000 resclass=[ -1769, -15, 26535 ] xT=false
  D4 above=T1 pat=000 resclass=[ 452165245, -255605, -1769 ] xT=false
  D4 above=T2 pat=000 resclass=[ -255605, 153363, -15 ] xT=false
  D4 above=T1 pat=000 resclass=[ 452165245, -255605, -1769 ] xT=false
  D4 above=T2 pat=000 resclass=[ -255605, 153363, -15 ] xT=false
  D4 above=T3 pat=000 resclass=[ -1769, -15, 26535 ] xT=false
  D4 above=T3 pat=000 resclass=[ -1769, -15, 26535 ] xT=false
  D4 above=T1 pat=000 resclass=[ 452165245, -255605, -1769 ] xT=false
  D4 above=T2 pat=000 resclass=[ -255605, 153363, -15 ] xT=false
  D4 above=T1 pat=000 resclass=[ 452165245, -255605, -1769 ] xT=false
  D4 above=T2 pat=000 resclass=[ -255605, 153363, -15 ] xT=false
MEMBER stv 1/3 3 2 shape=[ 1, 1, 2, 2 ] tors=[ 4, 4 ] order4=12 norm111=0 xTpass=0
  D4 above=T1 pat=000 resclass=[ 325105, -14135, -23 ] xT=false
  D4 above=T1 pat=000 resclass=[ 325105, -14135, -23 ] xT=false
  D4 above=T3 pat=000 resclass=[ -23, 2, -46 ] xT=false
  D4 above=T2 pat=000 resclass=[ -14135, -28270, 2 ] xT=false
  D4 above=T3 pat=000 resclass=[ -23, 2, -46 ] xT=false
  D4 above=T2 pat=000 resclass=[ -14135, -28270, 2 ] xT=false
  D4 above=T1 pat=000 resclass=[ 325105, -14135, -23 ] xT=false
  D4 above=T1 pat=000 resclass=[ 325105, -14135, -23 ] xT=false
  D4 above=T3 pat=000 resclass=[ -23, 2, -46 ] xT=false
  D4 above=T2 pat=000 resclass=[ -14135, -28270, 2 ] xT=false
  D4 above=T3 pat=000 resclass=[ -23, 2, -46 ] xT=false
  D4 above=T2 pat=000 resclass=[ -14135, -28270, 2 ] xT=false
MEMBER stv 1/2 2 3/4 shape=[ 1, 1, 2, 2 ] tors=[ 4, 4 ] order4=12 norm111=0 xTpass=0
  D4 above=T2 pat=000 resclass=[ -95, -285, 3 ] xT=false
  D4 above=T2 pat=000 resclass=[ -95, -285, 3 ] xT=false
  D4 above=T1 pat=000 resclass=[ 133, -95, -35 ] xT=false
  D4 above=T3 pat=000 resclass=[ -35, 3, -105 ] xT=false
  D4 above=T1 pat=000 resclass=[ 133, -95, -35 ] xT=false
  D4 above=T3 pat=000 resclass=[ -35, 3, -105 ] xT=false
  D4 above=T2 pat=000 resclass=[ -95, -285, 3 ] xT=false
  D4 above=T2 pat=000 resclass=[ -95, -285, 3 ] xT=false
  D4 above=T1 pat=000 resclass=[ 133, -95, -35 ] xT=false
  D4 above=T3 pat=000 resclass=[ -35, 3, -105 ] xT=false
  D4 above=T1 pat=000 resclass=[ 133, -95, -35 ] xT=false
  D4 above=T3 pat=000 resclass=[ -35, 3, -105 ] xT=false
MEMBER stv 2/3 3/2 1/4 shape=[ 1, 1, 2, 2 ] tors=[ 4, 4 ] order4=12 norm111=0 xTpass=0
  D4 above=T2 pat=000 resclass=[ 470, 94, 5 ] xT=false
  D4 above=T2 pat=000 resclass=[ 470, 94, 5 ] xT=false
  D4 above=T1 pat=000 resclass=[ -75670, 470, -161 ] xT=false
  D4 above=T3 pat=000 resclass=[ -161, 5, -805 ] xT=false
  D4 above=T1 pat=000 resclass=[ -75670, 470, -161 ] xT=false
  D4 above=T3 pat=000 resclass=[ -161, 5, -805 ] xT=false
  D4 above=T2 pat=000 resclass=[ 470, 94, 5 ] xT=false
  D4 above=T2 pat=000 resclass=[ 470, 94, 5 ] xT=false
  D4 above=T1 pat=000 resclass=[ -75670, 470, -161 ] xT=false
  D4 above=T3 pat=000 resclass=[ -161, 5, -805 ] xT=false
  D4 above=T1 pat=000 resclass=[ -75670, 470, -161 ] xT=false
  D4 above=T3 pat=000 resclass=[ -161, 5, -805 ] xT=false
MEMBER stv 3/4 3/4 3/2 shape=[ 1, 1, 2, 2 ] tors=[ 4, 4 ] order4=12 norm111=0 xTpass=0
  D4 above=T1 pat=000 resclass=[ -266719530, -2807574, 95 ] xT=false
  D4 above=T1 pat=000 resclass=[ -266719530, -2807574, 95 ] xT=false
  D4 above=T2 pat=000 resclass=[ -2807574, 401082, -7 ] xT=false
  D4 above=T3 pat=000 resclass=[ 95, -7, -665 ] xT=false
  D4 above=T2 pat=000 resclass=[ -2807574, 401082, -7 ] xT=false
  D4 above=T3 pat=000 resclass=[ 95, -7, -665 ] xT=false
  D4 above=T1 pat=000 resclass=[ -266719530, -2807574, 95 ] xT=false
  D4 above=T1 pat=000 resclass=[ -266719530, -2807574, 95 ] xT=false
  D4 above=T2 pat=000 resclass=[ -2807574, 401082, -7 ] xT=false
  D4 above=T3 pat=000 resclass=[ 95, -7, -665 ] xT=false
  D4 above=T2 pat=000 resclass=[ -2807574, 401082, -7 ] xT=false
  D4 above=T3 pat=000 resclass=[ 95, -7, -665 ] xT=false
MEMBER stv 1 2/3 2/3 shape=[ 1, 1, 2, 2 ] tors=[ 4, 4 ] order4=12 norm111=0 xTpass=0
  D4 above=T3 pat=000 resclass=[ 14, -5, -70 ] xT=false
  D4 above=T3 pat=000 resclass=[ 14, -5, -70 ] xT=false
  D4 above=T1 pat=000 resclass=[ -9345, -2670, 14 ] xT=false
  D4 above=T2 pat=000 resclass=[ -2670, 534, -5 ] xT=false
  D4 above=T1 pat=000 resclass=[ -9345, -2670, 14 ] xT=false
  D4 above=T2 pat=000 resclass=[ -2670, 534, -5 ] xT=false
  D4 above=T3 pat=000 resclass=[ 14, -5, -70 ] xT=false
  D4 above=T3 pat=000 resclass=[ 14, -5, -70 ] xT=false
  D4 above=T1 pat=000 resclass=[ -9345, -2670, 14 ] xT=false
  D4 above=T2 pat=000 resclass=[ -2670, 534, -5 ] xT=false
  D4 above=T1 pat=000 resclass=[ -9345, -2670, 14 ] xT=false
  D4 above=T2 pat=000 resclass=[ -2670, 534, -5 ] xT=false
MEMBER stv 4/3 1/3 4 shape=[ 1, 1, 2, 2 ] tors=[ 4, 4 ] order4=12 norm111=0 xTpass=0
  D4 above=T1 pat=000 resclass=[ -502970, -100594, 5 ] xT=false
  D4 above=T1 pat=000 resclass=[ -502970, -100594, 5 ] xT=false
  D4 above=T2 pat=000 resclass=[ -100594, 50297, -2 ] xT=false
  D4 above=T3 pat=000 resclass=[ 5, -2, -10 ] xT=false
  D4 above=T2 pat=000 resclass=[ -100594, 50297, -2 ] xT=false
  D4 above=T3 pat=000 resclass=[ 5, -2, -10 ] xT=false
  D4 above=T1 pat=000 resclass=[ -502970, -100594, 5 ] xT=false
  D4 above=T1 pat=000 resclass=[ -502970, -100594, 5 ] xT=false
  D4 above=T2 pat=000 resclass=[ -100594, 50297, -2 ] xT=false
  D4 above=T3 pat=000 resclass=[ 5, -2, -10 ] xT=false
  D4 above=T2 pat=000 resclass=[ -100594, 50297, -2 ] xT=false
  D4 above=T3 pat=000 resclass=[ 5, -2, -10 ] xT=false
MEMBER stv 3/2 1/4 4/3 shape=[ 1, 1, 2, 2 ] tors=[ 4, 4 ] order4=12 norm111=0 xTpass=0
  D4 above=T1 pat=000 resclass=[ -5655, -145, 39 ] xT=false
  D4 above=T1 pat=000 resclass=[ -5655, -145, 39 ] xT=false
  D4 above=T3 pat=000 resclass=[ 39, -15, -65 ] xT=false
  D4 above=T2 pat=000 resclass=[ -145, 87, -15 ] xT=false
  D4 above=T3 pat=000 resclass=[ 39, -15, -65 ] xT=false
  D4 above=T2 pat=000 resclass=[ -145, 87, -15 ] xT=false
  D4 above=T1 pat=000 resclass=[ -5655, -145, 39 ] xT=false
  D4 above=T1 pat=000 resclass=[ -5655, -145, 39 ] xT=false
  D4 above=T3 pat=000 resclass=[ 39, -15, -65 ] xT=false
  D4 above=T2 pat=000 resclass=[ -145, 87, -15 ] xT=false
  D4 above=T3 pat=000 resclass=[ 39, -15, -65 ] xT=false
  D4 above=T2 pat=000 resclass=[ -145, 87, -15 ] xT=false
MEMBER stv 3/2 4 1/2 shape=[ 1, 1, 2, 2 ] tors=[ 4, 4 ] order4=12 norm111=0 xTpass=0
  D4 above=T3 pat=000 resclass=[ -11, 15, -165 ] xT=false
  D4 above=T3 pat=000 resclass=[ -11, 15, -165 ] xT=false
  D4 above=T1 pat=000 resclass=[ 5290230, -480930, -11 ] xT=false
  D4 above=T2 pat=000 resclass=[ -480930, -32062, 15 ] xT=false
  D4 above=T1 pat=000 resclass=[ 5290230, -480930, -11 ] xT=false
  D4 above=T2 pat=000 resclass=[ -480930, -32062, 15 ] xT=false
  D4 above=T3 pat=000 resclass=[ -11, 15, -165 ] xT=false
  D4 above=T3 pat=000 resclass=[ -11, 15, -165 ] xT=false
  D4 above=T1 pat=000 resclass=[ 5290230, -480930, -11 ] xT=false
  D4 above=T2 pat=000 resclass=[ -480930, -32062, 15 ] xT=false
  D4 above=T1 pat=000 resclass=[ 5290230, -480930, -11 ] xT=false
  D4 above=T2 pat=000 resclass=[ -480930, -32062, 15 ] xT=false
MEMBER stv 2 2 3 shape=[ 1, 1, 2, 2 ] tors=[ 4, 4 ] order4=12 norm111=0 xTpass=0
  D4 above=T1 pat=000 resclass=[ 1495, -299, -5 ] xT=false
  D4 above=T1 pat=000 resclass=[ 1495, -299, -5 ] xT=false
  D4 above=T2 pat=000 resclass=[ -299, -897, 3 ] xT=false
  D4 above=T3 pat=000 resclass=[ -5, 3, -15 ] xT=false
  D4 above=T2 pat=000 resclass=[ -299, -897, 3 ] xT=false
  D4 above=T3 pat=000 resclass=[ -5, 3, -15 ] xT=false
  D4 above=T1 pat=000 resclass=[ 1495, -299, -5 ] xT=false
  D4 above=T1 pat=000 resclass=[ 1495, -299, -5 ] xT=false
  D4 above=T2 pat=000 resclass=[ -299, -897, 3 ] xT=false
  D4 above=T3 pat=000 resclass=[ -5, 3, -15 ] xT=false
  D4 above=T2 pat=000 resclass=[ -299, -897, 3 ] xT=false
  D4 above=T3 pat=000 resclass=[ -5, 3, -15 ] xT=false
MEMBER stv 3 3/2 1 shape=[ 1, 1, 2, 2 ] tors=[ 4, 4 ] order4=12 norm111=0 xTpass=0
  D4 above=T1 pat=000 resclass=[ 27370, 230, 119 ] xT=false
  D4 above=T1 pat=000 resclass=[ 27370, 230, 119 ] xT=false
  D4 above=T3 pat=000 resclass=[ 119, 5, 595 ] xT=false
  D4 above=T2 pat=000 resclass=[ 230, 46, 5 ] xT=false
  D4 above=T3 pat=000 resclass=[ 119, 5, 595 ] xT=false
  D4 above=T2 pat=000 resclass=[ 230, 46, 5 ] xT=false
  D4 above=T1 pat=000 resclass=[ 27370, 230, 119 ] xT=false
  D4 above=T1 pat=000 resclass=[ 27370, 230, 119 ] xT=false
  D4 above=T3 pat=000 resclass=[ 119, 5, 595 ] xT=false
  D4 above=T2 pat=000 resclass=[ 230, 46, 5 ] xT=false
  D4 above=T3 pat=000 resclass=[ 119, 5, 595 ] xT=false
  D4 above=T2 pat=000 resclass=[ 230, 46, 5 ] xT=false
MEMBER stv 4 4/3 1/3 shape=[ 1, 1, 2, 2 ] tors=[ 4, 4 ] order4=12 norm111=0 xTpass=0
  D4 above=T2 pat=000 resclass=[ 569373, 81339, 7 ] xT=false
  D4 above=T2 pat=000 resclass=[ 569373, 81339, 7 ] xT=false
  D4 above=T1 pat=000 resclass=[ 710008131, 569373, 1247 ] xT=false
  D4 above=T3 pat=000 resclass=[ 1247, 7, 8729 ] xT=false
  D4 above=T1 pat=000 resclass=[ 710008131, 569373, 1247 ] xT=false
  D4 above=T3 pat=000 resclass=[ 1247, 7, 8729 ] xT=false
  D4 above=T2 pat=000 resclass=[ 569373, 81339, 7 ] xT=false
  D4 above=T2 pat=000 resclass=[ 569373, 81339, 7 ] xT=false
  D4 above=T1 pat=000 resclass=[ 710008131, 569373, 1247 ] xT=false
  D4 above=T3 pat=000 resclass=[ 1247, 7, 8729 ] xT=false
  D4 above=T1 pat=000 resclass=[ 710008131, 569373, 1247 ] xT=false
  D4 above=T3 pat=000 resclass=[ 1247, 7, 8729 ] xT=false
MEMBER stv 1/2 7 -1/6 shape=[ 1, 1, 2, 2 ] tors=[ 4, 4 ] order4=12 norm111=0 xTpass=0
  D4 above=T1 pat=000 resclass=[ 3997706590, -433826, -9215 ] xT=false
  D4 above=T1 pat=000 resclass=[ 3997706590, -433826, -9215 ] xT=false
  D4 above=T2 pat=000 resclass=[ -433826, -1301478, 3 ] xT=false
  D4 above=T3 pat=000 resclass=[ -9215, 3, -27645 ] xT=false
  D4 above=T2 pat=000 resclass=[ -433826, -1301478, 3 ] xT=false
  D4 above=T3 pat=000 resclass=[ -9215, 3, -27645 ] xT=false
  D4 above=T1 pat=000 resclass=[ 3997706590, -433826, -9215 ] xT=false
  D4 above=T1 pat=000 resclass=[ 3997706590, -433826, -9215 ] xT=false
  D4 above=T2 pat=000 resclass=[ -433826, -1301478, 3 ] xT=false
  D4 above=T3 pat=000 resclass=[ -9215, 3, -27645 ] xT=false
  D4 above=T2 pat=000 resclass=[ -433826, -1301478, 3 ] xT=false
  D4 above=T3 pat=000 resclass=[ -9215, 3, -27645 ] xT=false
MEMBER stv 19/17 8/7 -11/6 shape=[ 1, 1, 2, 2 ] tors=[ 4, 4 ] order4=12 norm111=0 xTpass=0
  D4 above=T2 pat=000 resclass=[ -570684805790, -342410883474, 15 ] xT=false
  D4 above=T2 pat=000 resclass=[ -570684805790, -342410883474, 15 ] xT=false
  D4 above=T3 pat=000 resclass=[ 1186, 15, 17790 ] xT=false
  D4 above=T1 pat=000 resclass=[ -169208044916735, -570684805790, 1186 ] xT=false
  D4 above=T3 pat=000 resclass=[ 1186, 15, 17790 ] xT=false
  D4 above=T1 pat=000 resclass=[ -169208044916735, -570684805790, 1186 ] xT=false
  D4 above=T2 pat=000 resclass=[ -570684805790, -342410883474, 15 ] xT=false
  D4 above=T2 pat=000 resclass=[ -570684805790, -342410883474, 15 ] xT=false
  D4 above=T3 pat=000 resclass=[ 1186, 15, 17790 ] xT=false
  D4 above=T1 pat=000 resclass=[ -169208044916735, -570684805790, 1186 ] xT=false
  D4 above=T3 pat=000 resclass=[ 1186, 15, 17790 ] xT=false
  D4 above=T1 pat=000 resclass=[ -169208044916735, -570684805790, 1186 ] xT=false
MEMBER stv 8/5 19/4 -1/5 shape=[ 1, 1, 2, 2 ] tors=[ 4, 4 ] order4=12 norm111=0 xTpass=0
  D4 above=T2 pat=000 resclass=[ -13170975369, -954418505, 345 ] xT=false
  D4 above=T2 pat=000 resclass=[ -13170975369, -954418505, 345 ] xT=false
  D4 above=T1 pat=000 resclass=[ 134865364435761, -13170975369, -2959241 ] xT=false
  D4 above=T3 pat=000 resclass=[ -2959241, 345, -1020938145 ] xT=false
  D4 above=T1 pat=000 resclass=[ 134865364435761, -13170975369, -2959241 ] xT=false
  D4 above=T3 pat=000 resclass=[ -2959241, 345, -1020938145 ] xT=false
  D4 above=T2 pat=000 resclass=[ -13170975369, -954418505, 345 ] xT=false
  D4 above=T2 pat=000 resclass=[ -13170975369, -954418505, 345 ] xT=false
  D4 above=T1 pat=000 resclass=[ 134865364435761, -13170975369, -2959241 ] xT=false
  D4 above=T3 pat=000 resclass=[ -2959241, 345, -1020938145 ] xT=false
  D4 above=T1 pat=000 resclass=[ 134865364435761, -13170975369, -2959241 ] xT=false
  D4 above=T3 pat=000 resclass=[ -2959241, 345, -1020938145 ] xT=false
PART_DONE part=77
