MEMBER stv 1/4 1/3 -1 shape=[ 1, 1, 2, 2 ] tors=[ 4, 4 ] order4=12 norm111=0 xTpass=0
  D4 above=T1 pat=000 resclass=[ -30751230, 32610, -943 ] xT=false
  D4 above=T1 pat=000 resclass=[ -30751230, 32610, -943 ] xT=false
  D4 above=T2 pat=000 resclass=[ 32610, -16305, -2 ] xT=false
  D4 above=T3 pat=000 resclass=[ -943, -2, 1886 ] xT=false
  D4 above=T2 pat=000 resclass=[ 32610, -16305, -2 ] xT=false
  D4 above=T3 pat=000 resclass=[ -943, -2, 1886 ] xT=false
  D4 above=T1 pat=000 resclass=[ -30751230, 32610, -943 ] xT=false
  D4 above=T1 pat=000 resclass=[ -30751230, 32610, -943 ] xT=false
  D4 above=T2 pat=000 resclass=[ 32610, -16305, -2 ] xT=false
  D4 above=T3 pat=000 resclass=[ -943, -2, 1886 ] xT=false
  D4 above=T2 pat=000 resclass=[ 32610, -16305, -2 ] xT=false
  D4 above=T3 pat=000 resclass=[ -943, -2, 1886 ] xT=false
MEMBER stv 1/3 1/4 -1/3 shape=[ 1, 1, 2, 2 ] tors=[ 4, 4 ] order4=12 norm111=0 xTpass=0
  D4 above=T3 pat=000 resclass=[ -1769, -15, 26535 ] xT=false
  D4 above=T3 pat=000 resclass=[ -1769, -15, 26535 ] xT=false
  D4 above=T1 pat=000 resclass=[ -1499634370, 847730, -1769 ] xT=false
  D4 above=T2 pat=000 resclass=[ 847730, -508638, -15 ] xT=false
  D4 above=T1 pat=000 resclass=[ -1499634370, 847730, -1769 ] xT=false
  D4 above=T2 pat=000 resclass=[ 847730, -508638, -15 ] xT=false
  D4 above=T3 pat=000 resclass=[ -1769, -15, 26535 ] xT=false
  D4 above=T3 pat=000 resclass=[ -1769, -15, 26535 ] xT=false
  D4 above=T1 pat=000 resclass=[ -1499634370, 847730, -1769 ] xT=false
  D4 above=T2 pat=000 resclass=[ 847730, -508638, -15 ] xT=false
  D4 above=T1 pat=000 resclass=[ -1499634370, 847730, -1769 ] xT=false
  D4 above=T2 pat=000 resclass=[ 847730, -508638, -15 ] xT=false
MEMBER stv 1/3 3 -2 shape=[ 1, 1, 2, 2 ] tors=[ 4, 4 ] order4=12 norm111=0 xTpass=0
  D4 above=T1 pat=000 resclass=[ 209783, -9121, -23 ] xT=false
  D4 above=T1 pat=000 resclass=[ 209783, -9121, -23 ] xT=false
  D4 above=T2 pat=000 resclass=[ -9121, -18242, 2 ] xT=false
  D4 above=T3 pat=000 resclass=[ -23, 2, -46 ] xT=false
  D4 above=T2 pat=000 resclass=[ -9121, -18242, 2 ] xT=false
  D4 above=T3 pat=000 resclass=[ -23, 2, -46 ] xT=false
  D4 above=T1 pat=000 resclass=[ 209783, -9121, -23 ] xT=false
  D4 above=T1 pat=000 resclass=[ 209783, -9121, -23 ] xT=false
  D4 above=T2 pat=000 resclass=[ -9121, -18242, 2 ] xT=false
  D4 above=T3 pat=000 resclass=[ -23, 2, -46 ] xT=false
  D4 above=T2 pat=000 resclass=[ -9121, -18242, 2 ] xT=false
  D4 above=T3 pat=000 resclass=[ -23, 2, -46 ] xT=false
MEMBER stv 1/2 2 -3/4 shape=[ 1, 1, 2, 2 ] tors=[ 4, 4 ] order4=12 norm111=0 xTpass=0
  D4 above=T3 pat=000 resclass=[ -35, 3, -105 ] xT=false
  D4 above=T3 pat=000 resclass=[ -35, 3, -105 ] xT=false
  D4 above=T2 pat=000 resclass=[ -2041, -6123, 3 ] xT=false
  D4 above=T1 pat=000 resclass=[ 71435, -2041, -35 ] xT=false
  D4 above=T2 pat=000 resclass=[ -2041, -6123, 3 ] xT=false
  D4 above=T1 pat=000 resclass=[ 71435, -2041, -35 ] xT=false
  D4 above=T3 pat=000 resclass=[ -35, 3, -105 ] xT=false
  D4 above=T3 pat=000 resclass=[ -35, 3, -105 ] xT=false
  D4 above=T2 pat=000 resclass=[ -2041, -6123, 3 ] xT=false
  D4 above=T1 pat=000 resclass=[ 71435, -2041, -35 ] xT=false
  D4 above=T2 pat=000 resclass=[ -2041, -6123, 3 ] xT=false
  D4 above=T1 pat=000 resclass=[ 71435, -2041, -35 ] xT=false
MEMBER stv 2/3 3/2 -1/4 shape=[ 1, 1, 2, 2 ] tors=[ 4, 4 ] order4=12 norm111=0 xTpass=0
  D4 above=T2 pat=000 resclass=[ -9170, -1834, 5 ] xT=false
  D4 above=T2 pat=000 resclass=[ -9170, -1834, 5 ] xT=false
  D4 above=T3 pat=000 resclass=[ -161, 5, -805 ] xT=false
  D4 above=T1 pat=000 resclass=[ 30130, -9170, -161 ] xT=false
  D4 above=T3 pat=000 resclass=[ -161, 5, -805 ] xT=false
  D4 above=T1 pat=000 resclass=[ 30130, -9170, -161 ] xT=false
  D4 above=T2 pat=000 resclass=[ -9170, -1834, 5 ] xT=false
  D4 above=T2 pat=000 resclass=[ -9170, -1834, 5 ] xT=false
  D4 above=T3 pat=000 resclass=[ -161, 5, -805 ] xT=false
  D4 above=T1 pat=000 resclass=[ 30130, -9170, -161 ] xT=false
  D4 above=T3 pat=000 resclass=[ -161, 5, -805 ] xT=false
  D4 above=T1 pat=000 resclass=[ 30130, -9170, -161 ] xT=false
MEMBER stv 3/4 3/4 -3/2 shape=[ 1, 1, 2, 2 ] tors=[ 4, 4 ] order4=12 norm111=0 xTpass=0
  D4 above=T3 pat=000 resclass=[ 95, -7, -665 ] xT=false
  D4 above=T3 pat=000 resclass=[ 95, -7, -665 ] xT=false
  D4 above=T1 pat=000 resclass=[ -86982, -22890, 95 ] xT=false
  D4 above=T2 pat=000 resclass=[ -22890, 3270, -7 ] xT=false
  D4 above=T1 pat=000 resclass=[ -86982, -22890, 95 ] xT=false
  D4 above=T2 pat=000 resclass=[ -22890, 3270, -7 ] xT=false
  D4 above=T3 pat=000 resclass=[ 95, -7, -665 ] xT=false
  D4 above=T3 pat=000 resclass=[ 95, -7, -665 ] xT=false
  D4 above=T1 pat=000 resclass=[ -86982, -22890, 95 ] xT=false
  D4 above=T2 pat=000 resclass=[ -22890, 3270, -7 ] xT=false
  D4 above=T1 pat=000 resclass=[ -86982, -22890, 95 ] xT=false
  D4 above=T2 pat=000 resclass=[ -22890, 3270, -7 ] xT=false
MEMBER stv 1 2/3 -2/3 shape=[ 1, 1, 2, 2 ] tors=[ 4, 4 ] order4=12 norm111=0 xTpass=0
  D4 above=T1 pat=000 resclass=[ 4305, 1230, 14 ] xT=false
  D4 above=T1 pat=000 resclass=[ 4305, 1230, 14 ] xT=false
  D4 above=T3 pat=000 resclass=[ 14, -5, -70 ] xT=false
  D4 above=T2 pat=000 resclass=[ 1230, -246, -5 ] xT=false
  D4 above=T3 pat=000 resclass=[ 14, -5, -70 ] xT=false
  D4 above=T2 pat=000 resclass=[ 1230, -246, -5 ] xT=false
  D4 above=T1 pat=000 resclass=[ 4305, 1230, 14 ] xT=false
  D4 above=T1 pat=000 resclass=[ 4305, 1230, 14 ] xT=false
  D4 above=T3 pat=000 resclass=[ 14, -5, -70 ] xT=false
  D4 above=T2 pat=000 resclass=[ 1230, -246, -5 ] xT=false
  D4 above=T3 pat=000 resclass=[ 14, -5, -70 ] xT=false
  D4 above=T2 pat=000 resclass=[ 1230, -246, -5 ] xT=false
MEMBER stv 4/3 1/3 -4 shape=[ 1, 1, 2, 2 ] tors=[ 4, 4 ] order4=12 norm111=0 xTpass=0
  D4 above=T1 pat=000 resclass=[ 11594, 57970, 5 ] xT=false
  D4 above=T1 pat=000 resclass=[ 11594, 57970, 5 ] xT=false
  D4 above=T3 pat=000 resclass=[ 5, -2, -10 ] xT=false
  D4 above=T2 pat=000 resclass=[ 57970, -28985, -2 ] xT=false
  D4 above=T3 pat=000 resclass=[ 5, -2, -10 ] xT=false
  D4 above=T2 pat=000 resclass=[ 57970, -28985, -2 ] xT=false
  D4 above=T1 pat=000 resclass=[ 11594, 57970, 5 ] xT=false
  D4 above=T1 pat=000 resclass=[ 11594, 57970, 5 ] xT=false
  D4 above=T3 pat=000 resclass=[ 5, -2, -10 ] xT=false
  D4 above=T2 pat=000 resclass=[ 57970, -28985, -2 ] xT=false
  D4 above=T3 pat=000 resclass=[ 5, -2, -10 ] xT=false
  D4 above=T2 pat=000 resclass=[ 57970, -28985, -2 ] xT=false
MEMBER stv 3/2 1/4 -4/3 shape=[ 1, 1, 2, 2 ] tors=[ 4, 4 ] order4=12 norm111=0 xTpass=0
  D4 above=T3 pat=000 resclass=[ 39, -15, -65 ] xT=false
  D4 above=T3 pat=000 resclass=[ 39, -15, -65 ] xT=false
  D4 above=T2 pat=000 resclass=[ 1330, -798, -15 ] xT=false
  D4 above=T1 pat=000 resclass=[ 51870, 1330, 39 ] xT=false
  D4 above=T2 pat=000 resclass=[ 1330, -798, -15 ] xT=false
  D4 above=T1 pat=000 resclass=[ 51870, 1330, 39 ] xT=false
  D4 above=T3 pat=000 resclass=[ 39, -15, -65 ] xT=false
  D4 above=T3 pat=000 resclass=[ 39, -15, -65 ] xT=false
  D4 above=T2 pat=000 resclass=[ 1330, -798, -15 ] xT=false
  D4 above=T1 pat=000 resclass=[ 51870, 1330, 39 ] xT=false
  D4 above=T2 pat=000 resclass=[ 1330, -798, -15 ] xT=false
  D4 above=T1 pat=000 resclass=[ 51870, 1330, 39 ] xT=false
MEMBER stv 3/2 4 -1/2 shape=[ 1, 1, 2, 2 ] tors=[ 4, 4 ] order4=12 norm111=0 xTpass=0
  D4 above=T3 pat=000 resclass=[ -11, 15, -165 ] xT=false
  D4 above=T3 pat=000 resclass=[ -11, 15, -165 ] xT=false
  D4 above=T1 pat=000 resclass=[ -316470, 28770, -11 ] xT=false
  D4 above=T2 pat=000 resclass=[ 28770, 1918, 15 ] xT=false
  D4 above=T1 pat=000 resclass=[ -316470, 28770, -11 ] xT=false
  D4 above=T2 pat=000 resclass=[ 28770, 1918, 15 ] xT=false
  D4 above=T3 pat=000 resclass=[ -11, 15, -165 ] xT=false
  D4 above=T3 pat=000 resclass=[ -11, 15, -165 ] xT=false
  D4 above=T1 pat=000 resclass=[ -316470, 28770, -11 ] xT=false
  D4 above=T2 pat=000 resclass=[ 28770, 1918, 15 ] xT=false
  D4 above=T1 pat=000 resclass=[ -316470, 28770, -11 ] xT=false
  D4 above=T2 pat=000 resclass=[ 28770, 1918, 15 ] xT=false
MEMBER stv 2 2 -3 shape=[ 1, 1, 2, 2 ] tors=[ 4, 4 ] order4=12 norm111=0 xTpass=0
  D4 above=T3 pat=000 resclass=[ -5, 3, -15 ] xT=false
  D4 above=T3 pat=000 resclass=[ -5, 3, -15 ] xT=false
  D4 above=T1 pat=000 resclass=[ -55, 11, -5 ] xT=false
  D4 above=T2 pat=000 resclass=[ 11, 33, 3 ] xT=false
  D4 above=T1 pat=000 resclass=[ -55, 11, -5 ] xT=false
  D4 above=T2 pat=000 resclass=[ 11, 33, 3 ] xT=false
  D4 above=T3 pat=000 resclass=[ -5, 3, -15 ] xT=false
  D4 above=T3 pat=000 resclass=[ -5, 3, -15 ] xT=false
  D4 above=T1 pat=000 resclass=[ -55, 11, -5 ] xT=false
  D4 above=T2 pat=000 resclass=[ 11, 33, 3 ] xT=false
  D4 above=T1 pat=000 resclass=[ -55, 11, -5 ] xT=false
  D4 above=T2 pat=000 resclass=[ 11, 33, 3 ] xT=false
MEMBER stv 3 3/2 -1 shape=[ 1, 1, 2, 2 ] tors=[ 4, 4 ] order4=12 norm111=0 xTpass=0
  D4 above=T2 pat=000 resclass=[ -830, -166, 5 ] xT=false
  D4 above=T2 pat=000 resclass=[ -830, -166, 5 ] xT=false
  D4 above=T3 pat=000 resclass=[ 119, 5, 595 ] xT=false
  D4 above=T1 pat=000 resclass=[ -98770, -830, 119 ] xT=false
  D4 above=T3 pat=000 resclass=[ 119, 5, 595 ] xT=false
  D4 above=T1 pat=000 resclass=[ -98770, -830, 119 ] xT=false
  D4 above=T2 pat=000 resclass=[ -830, -166, 5 ] xT=false
  D4 above=T2 pat=000 resclass=[ -830, -166, 5 ] xT=false
  D4 above=T3 pat=000 resclass=[ 119, 5, 595 ] xT=false
  D4 above=T1 pat=000 resclass=[ -98770, -830, 119 ] xT=false
  D4 above=T3 pat=000 resclass=[ 119, 5, 595 ] xT=false
  D4 above=T1 pat=000 resclass=[ -98770, -830, 119 ] xT=false
MEMBER stv 4 4/3 -1/3 shape=[ 1, 1, 2, 2 ] tors=[ 4, 4 ] order4=12 norm111=0 xTpass=0
  D4 above=T3 pat=000 resclass=[ 1247, 7, 8729 ] xT=false
  D4 above=T3 pat=000 resclass=[ 1247, 7, 8729 ] xT=false
  D4 above=T2 pat=000 resclass=[ -256893, -36699, 7 ] xT=false
  D4 above=T1 pat=000 resclass=[ -320345571, -256893, 1247 ] xT=false
  D4 above=T2 pat=000 resclass=[ -256893, -36699, 7 ] xT=false
  D4 above=T1 pat=000 resclass=[ -320345571, -256893, 1247 ] xT=false
  D4 above=T3 pat=000 resclass=[ 1247, 7, 8729 ] xT=false
  D4 above=T3 pat=000 resclass=[ 1247, 7, 8729 ] xT=false
  D4 above=T2 pat=000 resclass=[ -256893, -36699, 7 ] xT=false
  D4 above=T1 pat=000 resclass=[ -320345571, -256893, 1247 ] xT=false
  D4 above=T2 pat=000 resclass=[ -256893, -36699, 7 ] xT=false
  D4 above=T1 pat=000 resclass=[ -320345571, -256893, 1247 ] xT=false
MEMBER stv 11/17 16/9 1/3 shape=[ 1, 1, 2, 2 ] tors=[ 4, 4 ] order4=12 norm111=0 xTpass=0
  D4 above=T3 pat=000 resclass=[ -2014186, 7, -14099302 ] xT=false
  D4 above=T3 pat=000 resclass=[ -2014186, 7, -14099302 ] xT=false
  D4 above=T2 pat=000 resclass=[ -8383400571, -1197628653, 7 ] xT=false
  D4 above=T1 pat=000 resclass=[ 16885728062500206, -8383400571, -2014186 ] xT=false
  D4 above=T2 pat=000 resclass=[ -8383400571, -1197628653, 7 ] xT=false
  D4 above=T1 pat=000 resclass=[ 16885728062500206, -8383400571, -2014186 ] xT=false
  D4 above=T3 pat=000 resclass=[ -2014186, 7, -14099302 ] xT=false
  D4 above=T3 pat=000 resclass=[ -2014186, 7, -14099302 ] xT=false
  D4 above=T2 pat=000 resclass=[ -8383400571, -1197628653, 7 ] xT=false
  D4 above=T1 pat=000 resclass=[ 16885728062500206, -8383400571, -2014186 ] xT=false
  D4 above=T2 pat=000 resclass=[ -8383400571, -1197628653, 7 ] xT=false
  D4 above=T1 pat=000 resclass=[ 16885728062500206, -8383400571, -2014186 ] xT=false
MEMBER stv 5/2 5/7 -20/13 shape=[ 1, 1, 2, 2 ] tors=[ 4, 4 ] order4=12 norm111=0 xTpass=0
  D4 above=T1 pat=000 resclass=[ 2766602739810, 47930610, 57721 ] xT=false
  D4 above=T1 pat=000 resclass=[ 2766602739810, 47930610, 57721 ] xT=false
  D4 above=T2 pat=000 resclass=[ 47930610, -7988435, -6 ] xT=false
  D4 above=T3 pat=000 resclass=[ 57721, -6, -346326 ] xT=false
  D4 above=T2 pat=000 resclass=[ 47930610, -7988435, -6 ] xT=false
  D4 above=T3 pat=000 resclass=[ 57721, -6, -346326 ] xT=false
  D4 above=T1 pat=000 resclass=[ 2766602739810, 47930610, 57721 ] xT=false
  D4 above=T1 pat=000 resclass=[ 2766602739810, 47930610, 57721 ] xT=false
  D4 above=T2 pat=000 resclass=[ 47930610, -7988435, -6 ] xT=false
  D4 above=T3 pat=000 resclass=[ 57721, -6, -346326 ] xT=false
  D4 above=T2 pat=000 resclass=[ 47930610, -7988435, -6 ] xT=false
  D4 above=T3 pat=000 resclass=[ 57721, -6, -346326 ] xT=false
MEMBER stv 3/16 7/4 7/8 shape=[ 1, 1, 2, 2 ] tors=[ 4, 4 ] order4=12 norm111=0 xTpass=0
  D4 above=T2 pat=000 resclass=[ -561274791, -17008327, 33 ] xT=false
  D4 above=T2 pat=000 resclass=[ -561274791, -17008327, 33 ] xT=false
  D4 above=T1 pat=000 resclass=[ 1870915970, -561274791, -30 ] xT=false
  D4 above=T3 pat=000 resclass=[ -30, 33, -110 ] xT=false
  D4 above=T1 pat=000 resclass=[ 1870915970, -561274791, -30 ] xT=false
  D4 above=T3 pat=000 resclass=[ -30, 33, -110 ] xT=false
  D4 above=T2 pat=000 resclass=[ -561274791, -17008327, 33 ] xT=false
  D4 above=T2 pat=000 resclass=[ -561274791, -17008327, 33 ] xT=false
  D4 above=T1 pat=000 resclass=[ 1870915970, -561274791, -30 ] xT=false
  D4 above=T3 pat=000 resclass=[ -30, 33, -110 ] xT=false
  D4 above=T1 pat=000 resclass=[ 1870915970, -561274791, -30 ] xT=false
  D4 above=T3 pat=000 resclass=[ -30, 33, -110 ] xT=false
PART_DONE part=78
