MEMBER stv 1/4 1/3 4/3 shape=[ 1, 1, 2, 2 ] tors=[ 4, 4 ] order4=12 norm111=0 xTpass=0
  D4 above=T2 pat=000 resclass=[ -92118, 46059, -2 ] xT=false
  D4 above=T2 pat=000 resclass=[ -92118, 46059, -2 ] xT=false
  D4 above=T1 pat=000 resclass=[ 86867274, -92118, -943 ] xT=false
  D4 above=T3 pat=000 resclass=[ -943, -2, 1886 ] xT=false
  D4 above=T1 pat=000 resclass=[ 86867274, -92118, -943 ] xT=false
  D4 above=T3 pat=000 resclass=[ -943, -2, 1886 ] xT=false
  D4 above=T2 pat=000 resclass=[ -92118, 46059, -2 ] xT=false
  D4 above=T2 pat=000 resclass=[ -92118, 46059, -2 ] xT=false
  D4 above=T1 pat=000 resclass=[ 86867274, -92118, -943 ] xT=false
  D4 above=T3 pat=000 resclass=[ -943, -2, 1886 ] xT=false
  D4 above=T1 pat=000 resclass=[ 86867274, -92118, -943 ] xT=false
  D4 above=T3 pat=000 resclass=[ -943, -2, 1886 ] xT=false
MEMBER stv 1/3 1/4 1/2 shape=[ 1, 1, 2, 2 ] tors=[ 4, 4 ] order4=12 norm111=0 xTpass=0
  D4 above=T3 pat=000 resclass=[ -1769, -15, 26535 ] xT=false
  D4 above=T3 pat=000 resclass=[ -1769, -15, 26535 ] xT=false
  D4 above=T2 pat=000 resclass=[ -2849430, 189962, -15 ] xT=false
  D4 above=T1 pat=000 resclass=[ 5040641670, -2849430, -1769 ] xT=false
  D4 above=T2 pat=000 resclass=[ -2849430, 189962, -15 ] xT=false
  D4 above=T1 pat=000 resclass=[ 5040641670, -2849430, -1769 ] xT=false
  D4 above=T3 pat=000 resclass=[ -1769, -15, 26535 ] xT=false
  D4 above=T3 pat=000 resclass=[ -1769, -15, 26535 ] xT=false
  D4 above=T2 pat=000 resclass=[ -2849430, 189962, -15 ] xT=false
  D4 above=T1 pat=000 resclass=[ 5040641670, -2849430, -1769 ] xT=false
  D4 above=T2 pat=000 resclass=[ -2849430, 189962, -15 ] xT=false
  D4 above=T1 pat=000 resclass=[ 5040641670, -2849430, -1769 ] xT=false
MEMBER stv 1/3 3 3 shape=[ 1, 1, 2, 2 ] tors=[ 4, 4 ] order4=12 norm111=0 xTpass=0
  D4 above=T1 pat=000 resclass=[ 42, -966, -23 ] xT=false
  D4 above=T1 pat=000 resclass=[ 42, -966, -23 ] xT=false
  D4 above=T2 pat=000 resclass=[ -966, -483, 2 ] xT=false
  D4 above=T3 pat=000 resclass=[ -23, 2, -46 ] xT=false
  D4 above=T2 pat=000 resclass=[ -966, -483, 2 ] xT=false
  D4 above=T3 pat=000 resclass=[ -23, 2, -46 ] xT=false
  D4 above=T1 pat=000 resclass=[ 42, -966, -23 ] xT=false
  D4 above=T1 pat=000 resclass=[ 42, -966, -23 ] xT=false
  D4 above=T2 pat=000 resclass=[ -966, -483, 2 ] xT=false
  D4 above=T3 pat=000 resclass=[ -23, 2, -46 ] xT=false
  D4 above=T2 pat=000 resclass=[ -966, -483, 2 ] xT=false
  D4 above=T3 pat=000 resclass=[ -23, 2, -46 ] xT=false
MEMBER stv 1/2 2 1 shape=[ 1, 1, 2, 2 ] tors=[ 4, 4 ] order4=12 norm111=0 xTpass=0
  D4 above=T2 pat=000 resclass=[ -645, -215, 3 ] xT=false
  D4 above=T2 pat=000 resclass=[ -645, -215, 3 ] xT=false
  D4 above=T3 pat=000 resclass=[ -35, 3, -105 ] xT=false
  D4 above=T1 pat=000 resclass=[ 903, -645, -35 ] xT=false
  D4 above=T3 pat=000 resclass=[ -35, 3, -105 ] xT=false
  D4 above=T1 pat=000 resclass=[ 903, -645, -35 ] xT=false
  D4 above=T2 pat=000 resclass=[ -645, -215, 3 ] xT=false
  D4 above=T2 pat=000 resclass=[ -645, -215, 3 ] xT=false
  D4 above=T3 pat=000 resclass=[ -35, 3, -105 ] xT=false
  D4 above=T1 pat=000 resclass=[ 903, -645, -35 ] xT=false
  D4 above=T3 pat=000 resclass=[ -35, 3, -105 ] xT=false
  D4 above=T1 pat=000 resclass=[ 903, -645, -35 ] xT=false
MEMBER stv 2/3 3/2 1/3 shape=[ 1, 1, 2, 2 ] tors=[ 4, 4 ] order4=12 norm111=0 xTpass=0
  D4 above=T3 pat=000 resclass=[ -161, 5, -805 ] xT=false
  D4 above=T3 pat=000 resclass=[ -161, 5, -805 ] xT=false
  D4 above=T1 pat=000 resclass=[ -139035, 42315, -161 ] xT=false
  D4 above=T2 pat=000 resclass=[ 42315, 8463, 5 ] xT=false
  D4 above=T1 pat=000 resclass=[ -139035, 42315, -161 ] xT=false
  D4 above=T2 pat=000 resclass=[ 42315, 8463, 5 ] xT=false
  D4 above=T3 pat=000 resclass=[ -161, 5, -805 ] xT=false
  D4 above=T3 pat=000 resclass=[ -161, 5, -805 ] xT=false
  D4 above=T1 pat=000 resclass=[ -139035, 42315, -161 ] xT=false
  D4 above=T2 pat=000 resclass=[ 42315, 8463, 5 ] xT=false
  D4 above=T1 pat=000 resclass=[ -139035, 42315, -161 ] xT=false
  D4 above=T2 pat=000 resclass=[ 42315, 8463, 5 ] xT=false
MEMBER stv 3/4 3/4 2 shape=[ 1, 1, 2, 2 ] tors=[ 4, 4 ] order4=12 norm111=0 xTpass=0
  D4 above=T1 pat=000 resclass=[ -302974, -79730, 95 ] xT=false
  D4 above=T1 pat=000 resclass=[ -302974, -79730, 95 ] xT=false
  D4 above=T3 pat=000 resclass=[ 95, -7, -665 ] xT=false
  D4 above=T2 pat=000 resclass=[ -79730, 11390, -7 ] xT=false
  D4 above=T3 pat=000 resclass=[ 95, -7, -665 ] xT=false
  D4 above=T2 pat=000 resclass=[ -79730, 11390, -7 ] xT=false
  D4 above=T1 pat=000 resclass=[ -302974, -79730, 95 ] xT=false
  D4 above=T1 pat=000 resclass=[ -302974, -79730, 95 ] xT=false
  D4 above=T3 pat=000 resclass=[ 95, -7, -665 ] xT=false
  D4 above=T2 pat=000 resclass=[ -79730, 11390, -7 ] xT=false
  D4 above=T3 pat=000 resclass=[ 95, -7, -665 ] xT=false
  D4 above=T2 pat=000 resclass=[ -79730, 11390, -7 ] xT=false
MEMBER stv 1 2/3 3/4 shape=[ 1, 1, 2, 2 ] tors=[ 4, 4 ] order4=12 norm111=0 xTpass=0
  D4 above=T3 pat=000 resclass=[ 14, -5, -70 ] xT=false
  D4 above=T3 pat=000 resclass=[ 14, -5, -70 ] xT=false
  D4 above=T1 pat=000 resclass=[ -2090, -7315, 14 ] xT=false
  D4 above=T2 pat=000 resclass=[ -7315, 1463, -5 ] xT=false
  D4 above=T1 pat=000 resclass=[ -2090, -7315, 14 ] xT=false
  D4 above=T2 pat=000 resclass=[ -7315, 1463, -5 ] xT=false
  D4 above=T3 pat=000 resclass=[ 14, -5, -70 ] xT=false
  D4 above=T3 pat=000 resclass=[ 14, -5, -70 ] xT=false
  D4 above=T1 pat=000 resclass=[ -2090, -7315, 14 ] xT=false
  D4 above=T2 pat=000 resclass=[ -7315, 1463, -5 ] xT=false
  D4 above=T1 pat=000 resclass=[ -2090, -7315, 14 ] xT=false
  D4 above=T2 pat=000 resclass=[ -7315, 1463, -5 ] xT=false
MEMBER stv 4/3 1/2 1/4 shape=[ 1, 1, 2, 2 ] tors=[ 4, 4 ] order4=12 norm111=0 xTpass=0
  D4 above=T3 pat=000 resclass=[ 7, -3, -21 ] xT=false
  D4 above=T3 pat=000 resclass=[ 7, -3, -21 ] xT=false
  D4 above=T2 pat=000 resclass=[ -33501, 11167, -3 ] xT=false
  D4 above=T1 pat=000 resclass=[ -234507, -33501, 7 ] xT=false
  D4 above=T2 pat=000 resclass=[ -33501, 11167, -3 ] xT=false
  D4 above=T1 pat=000 resclass=[ -234507, -33501, 7 ] xT=false
  D4 above=T3 pat=000 resclass=[ 7, -3, -21 ] xT=false
  D4 above=T3 pat=000 resclass=[ 7, -3, -21 ] xT=false
  D4 above=T2 pat=000 resclass=[ -33501, 11167, -3 ] xT=false
  D4 above=T1 pat=000 resclass=[ -234507, -33501, 7 ] xT=false
  D4 above=T2 pat=000 resclass=[ -33501, 11167, -3 ] xT=false
  D4 above=T1 pat=000 resclass=[ -234507, -33501, 7 ] xT=false
MEMBER stv 3/2 1/4 3/2 shape=[ 1, 1, 2, 2 ] tors=[ 4, 4 ] order4=12 norm111=0 xTpass=0
  D4 above=T3 pat=000 resclass=[ 39, -15, -65 ] xT=false
  D4 above=T3 pat=000 resclass=[ 39, -15, -65 ] xT=false
  D4 above=T2 pat=000 resclass=[ -31990, 19194, -15 ] xT=false
  D4 above=T1 pat=000 resclass=[ -1247610, -31990, 39 ] xT=false
  D4 above=T2 pat=000 resclass=[ -31990, 19194, -15 ] xT=false
  D4 above=T1 pat=000 resclass=[ -1247610, -31990, 39 ] xT=false
  D4 above=T3 pat=000 resclass=[ 39, -15, -65 ] xT=false
  D4 above=T3 pat=000 resclass=[ 39, -15, -65 ] xT=false
  D4 above=T2 pat=000 resclass=[ -31990, 19194, -15 ] xT=false
  D4 above=T1 pat=000 resclass=[ -1247610, -31990, 39 ] xT=false
  D4 above=T2 pat=000 resclass=[ -31990, 19194, -15 ] xT=false
  D4 above=T1 pat=000 resclass=[ -1247610, -31990, 39 ] xT=false
MEMBER stv 3/2 4 2/3 shape=[ 1, 1, 2, 2 ] tors=[ 4, 4 ] order4=12 norm111=0 xTpass=0
  D4 above=T3 pat=000 resclass=[ -11, 15, -165 ] xT=false
  D4 above=T3 pat=000 resclass=[ -11, 15, -165 ] xT=false
  D4 above=T2 pat=000 resclass=[ -70, -42, 15 ] xT=false
  D4 above=T1 pat=000 resclass=[ 770, -70, -11 ] xT=false
  D4 above=T2 pat=000 resclass=[ -70, -42, 15 ] xT=false
  D4 above=T1 pat=000 resclass=[ 770, -70, -11 ] xT=false
  D4 above=T3 pat=000 resclass=[ -11, 15, -165 ] xT=false
  D4 above=T3 pat=000 resclass=[ -11, 15, -165 ] xT=false
  D4 above=T2 pat=000 resclass=[ -70, -42, 15 ] xT=false
  D4 above=T1 pat=000 resclass=[ 770, -70, -11 ] xT=false
  D4 above=T2 pat=000 resclass=[ -70, -42, 15 ] xT=false
  D4 above=T1 pat=000 resclass=[ 770, -70, -11 ] xT=false
MEMBER stv 2 2 4 shape=[ 1, 1, 2, 2 ] tors=[ 4, 4 ] order4=12 norm111=0 xTpass=0
  D4 above=T2 pat=000 resclass=[ -1581, -527, 3 ] xT=false
  D4 above=T2 pat=000 resclass=[ -1581, -527, 3 ] xT=false
  D4 above=T3 pat=000 resclass=[ -5, 3, -15 ] xT=false
  D4 above=T1 pat=000 resclass=[ 7905, -1581, -5 ] xT=false
  D4 above=T3 pat=000 resclass=[ -5, 3, -15 ] xT=false
  D4 above=T1 pat=000 resclass=[ 7905, -1581, -5 ] xT=false
  D4 above=T2 pat=000 resclass=[ -1581, -527, 3 ] xT=false
  D4 above=T2 pat=000 resclass=[ -1581, -527, 3 ] xT=false
  D4 above=T3 pat=000 resclass=[ -5, 3, -15 ] xT=false
  D4 above=T1 pat=000 resclass=[ 7905, -1581, -5 ] xT=false
  D4 above=T3 pat=000 resclass=[ -5, 3, -15 ] xT=false
  D4 above=T1 pat=000 resclass=[ 7905, -1581, -5 ] xT=false
MEMBER stv 3 3/2 4/3 shape=[ 1, 1, 2, 2 ] tors=[ 4, 4 ] order4=12 norm111=0 xTpass=0
  D4 above=T1 pat=000 resclass=[ 858585, 7215, 119 ] xT=false
  D4 above=T1 pat=000 resclass=[ 858585, 7215, 119 ] xT=false
  D4 above=T2 pat=000 resclass=[ 7215, 1443, 5 ] xT=false
  D4 above=T3 pat=000 resclass=[ 119, 5, 595 ] xT=false
  D4 above=T2 pat=000 resclass=[ 7215, 1443, 5 ] xT=false
  D4 above=T3 pat=000 resclass=[ 119, 5, 595 ] xT=false
  D4 above=T1 pat=000 resclass=[ 858585, 7215, 119 ] xT=false
  D4 above=T1 pat=000 resclass=[ 858585, 7215, 119 ] xT=false
  D4 above=T2 pat=000 resclass=[ 7215, 1443, 5 ] xT=false
  D4 above=T3 pat=000 resclass=[ 119, 5, 595 ] xT=false
  D4 above=T2 pat=000 resclass=[ 7215, 1443, 5 ] xT=false
  D4 above=T3 pat=000 resclass=[ 119, 5, 595 ] xT=false
MEMBER stv 4 4/3 1/2 shape=[ 1, 1, 2, 2 ] tors=[ 4, 4 ] order4=12 norm111=0 xTpass=0
  D4 above=T2 pat=000 resclass=[ 9422, 1346, 7 ] xT=false
  D4 above=T2 pat=000 resclass=[ 9422, 1346, 7 ] xT=false
  D4 above=T1 pat=000 resclass=[ 11749234, 9422, 1247 ] xT=false
  D4 above=T3 pat=000 resclass=[ 1247, 7, 8729 ] xT=false
  D4 above=T1 pat=000 resclass=[ 11749234, 9422, 1247 ] xT=false
  D4 above=T3 pat=000 resclass=[ 1247, 7, 8729 ] xT=false
  D4 above=T2 pat=000 resclass=[ 9422, 1346, 7 ] xT=false
  D4 above=T2 pat=000 resclass=[ 9422, 1346, 7 ] xT=false
  D4 above=T1 pat=000 resclass=[ 11749234, 9422, 1247 ] xT=false
  D4 above=T3 pat=000 resclass=[ 1247, 7, 8729 ] xT=false
  D4 above=T1 pat=000 resclass=[ 11749234, 9422, 1247 ] xT=false
  D4 above=T3 pat=000 resclass=[ 1247, 7, 8729 ] xT=false
MEMBER stv 2/11 13/11 -1/4 shape=[ 1, 1, 2, 2 ] tors=[ 4, 4 ] order4=12 norm111=0 xTpass=0
  D4 above=T3 pat=000 resclass=[ -455, 3, -1365 ] xT=false
  D4 above=T3 pat=000 resclass=[ -455, 3, -1365 ] xT=false
  D4 above=T1 pat=000 resclass=[ 15366, -41370, -455 ] xT=false
  D4 above=T2 pat=000 resclass=[ -41370, -13790, 3 ] xT=false
  D4 above=T1 pat=000 resclass=[ 15366, -41370, -455 ] xT=false
  D4 above=T2 pat=000 resclass=[ -41370, -13790, 3 ] xT=false
  D4 above=T3 pat=000 resclass=[ -455, 3, -1365 ] xT=false
  D4 above=T3 pat=000 resclass=[ -455, 3, -1365 ] xT=false
  D4 above=T1 pat=000 resclass=[ 15366, -41370, -455 ] xT=false
  D4 above=T2 pat=000 resclass=[ -41370, -13790, 3 ] xT=false
  D4 above=T1 pat=000 resclass=[ 15366, -41370, -455 ] xT=false
  D4 above=T2 pat=000 resclass=[ -41370, -13790, 3 ] xT=false
MEMBER stv 5 5/11 -5/9 shape=[ 1, 1, 2, 2 ] tors=[ 4, 4 ] order4=12 norm111=0 xTpass=0
  D4 above=T1 pat=000 resclass=[ 132733815045870, 372002430, 356809 ] xT=false
  D4 above=T1 pat=000 resclass=[ 132733815045870, 372002430, 356809 ] xT=false
  D4 above=T3 pat=000 resclass=[ 356809, -6, -2140854 ] xT=false
  D4 above=T2 pat=000 resclass=[ 372002430, -62000405, -6 ] xT=false
  D4 above=T3 pat=000 resclass=[ 356809, -6, -2140854 ] xT=false
  D4 above=T2 pat=000 resclass=[ 372002430, -62000405, -6 ] xT=false
  D4 above=T1 pat=000 resclass=[ 132733815045870, 372002430, 356809 ] xT=false
  D4 above=T1 pat=000 resclass=[ 132733815045870, 372002430, 356809 ] xT=false
  D4 above=T3 pat=000 resclass=[ 356809, -6, -2140854 ] xT=false
  D4 above=T2 pat=000 resclass=[ 372002430, -62000405, -6 ] xT=false
  D4 above=T3 pat=000 resclass=[ 356809, -6, -2140854 ] xT=false
  D4 above=T2 pat=000 resclass=[ 372002430, -62000405, -6 ] xT=false
MEMBER stv 4 5/6 -11/8 shape=[ 1, 1, 2, 2 ] tors=[ 4, 4 ] order4=12 norm111=0 xTpass=0
  D4 above=T1 pat=000 resclass=[ 1950352755, 4635813, 20615 ] xT=false
  D4 above=T1 pat=000 resclass=[ 1950352755, 4635813, 20615 ] xT=false
  D4 above=T3 pat=000 resclass=[ 20615, -11, -226765 ] xT=false
  D4 above=T2 pat=000 resclass=[ 4635813, -50993943, -11 ] xT=false
  D4 above=T3 pat=000 resclass=[ 20615, -11, -226765 ] xT=false
  D4 above=T2 pat=000 resclass=[ 4635813, -50993943, -11 ] xT=false
  D4 above=T1 pat=000 resclass=[ 1950352755, 4635813, 20615 ] xT=false
  D4 above=T1 pat=000 resclass=[ 1950352755, 4635813, 20615 ] xT=false
  D4 above=T3 pat=000 resclass=[ 20615, -11, -226765 ] xT=false
  D4 above=T2 pat=000 resclass=[ 4635813, -50993943, -11 ] xT=false
  D4 above=T3 pat=000 resclass=[ 20615, -11, -226765 ] xT=false
  D4 above=T2 pat=000 resclass=[ 4635813, -50993943, -11 ] xT=false
PART_DONE part=79
