MEMBER mnv 2 5 1/2 shape=[ 1, 1, 2, 2 ] tors=[ 4, 4 ] order4=12 norm111=4 xTpass=0
  D4 above=T1 pat=001 resclass=[ 604386022749938, 604386022749938, 1 ] xT=false
  D4 above=T1 pat=001 resclass=[ 604386022749938, 604386022749938, 1 ] xT=false
  D4 above=T3 pat=111 resclass=[ 1, 1, 1 ] xT=false
  D4 above=T2 pat=001 resclass=[ 604386022749938, 604386022749938, 1 ] xT=false
  D4 above=T3 pat=111 resclass=[ 1, 1, 1 ] xT=false
  D4 above=T2 pat=001 resclass=[ 604386022749938, 604386022749938, 1 ] xT=false
  D4 above=T1 pat=001 resclass=[ 604386022749938, 604386022749938, 1 ] xT=false
  D4 above=T1 pat=001 resclass=[ 604386022749938, 604386022749938, 1 ] xT=false
  D4 above=T3 pat=111 resclass=[ 1, 1, 1 ] xT=false
  D4 above=T2 pat=001 resclass=[ 604386022749938, 604386022749938, 1 ] xT=false
  D4 above=T3 pat=111 resclass=[ 1, 1, 1 ] xT=false
  D4 above=T2 pat=001 resclass=[ 604386022749938, 604386022749938, 1 ] xT=false
MEMBER stv 1/4 3/2 -4 shape=[ 1, 1, 2, 2 ] tors=[ 4, 4 ] order4=12 norm111=0 xTpass=0
  D4 above=T3 pat=000 resclass=[ -6, 5, -30 ] xT=false
  D4 above=T3 pat=000 resclass=[ -6, 5, -30 ] xT=false
  D4 above=T1 pat=000 resclass=[ 30, -5, -6 ] xT=false
  D4 above=T2 pat=000 resclass=[ -5, -1, 5 ] xT=false
  D4 above=T1 pat=000 resclass=[ 30, -5, -6 ] xT=false
  D4 above=T2 pat=000 resclass=[ -5, -1, 5 ] xT=false
  D4 above=T3 pat=000 resclass=[ -6, 5, -30 ] xT=false
  D4 above=T3 pat=000 resclass=[ -6, 5, -30 ] xT=false
  D4 above=T1 pat=000 resclass=[ 30, -5, -6 ] xT=false
  D4 above=T2 pat=000 resclass=[ -5, -1, 5 ] xT=false
  D4 above=T1 pat=000 resclass=[ 30, -5, -6 ] xT=false
  D4 above=T2 pat=000 resclass=[ -5, -1, 5 ] xT=false
MEMBER stv 1/3 4/3 -4/3 shape=[ 1, 1, 2, 2 ] tors=[ 4, 4 ] order4=12 norm111=0 xTpass=0
  D4 above=T2 pat=000 resclass=[ -316365, -45195, 7 ] xT=false
  D4 above=T2 pat=000 resclass=[ -316365, -45195, 7 ] xT=false
  D4 above=T1 pat=000 resclass=[ 126546, -316365, -10 ] xT=false
  D4 above=T3 pat=000 resclass=[ -10, 7, -70 ] xT=false
  D4 above=T1 pat=000 resclass=[ 126546, -316365, -10 ] xT=false
  D4 above=T3 pat=000 resclass=[ -10, 7, -70 ] xT=false
  D4 above=T2 pat=000 resclass=[ -316365, -45195, 7 ] xT=false
  D4 above=T2 pat=000 resclass=[ -316365, -45195, 7 ] xT=false
  D4 above=T1 pat=000 resclass=[ 126546, -316365, -10 ] xT=false
  D4 above=T3 pat=000 resclass=[ -10, 7, -70 ] xT=false
  D4 above=T1 pat=000 resclass=[ 126546, -316365, -10 ] xT=false
  D4 above=T3 pat=000 resclass=[ -10, 7, -70 ] xT=false
MEMBER stv 1/2 3/4 -1/2 shape=[ 1, 1, 2, 2 ] tors=[ 4, 4 ] order4=12 norm111=0 xTpass=0
  D4 above=T3 pat=000 resclass=[ 15, -7, -105 ] xT=false
  D4 above=T3 pat=000 resclass=[ 15, -7, -105 ] xT=false
  D4 above=T2 pat=000 resclass=[ 770, -110, -7 ] xT=false
  D4 above=T1 pat=000 resclass=[ 462, 770, 15 ] xT=false
  D4 above=T2 pat=000 resclass=[ 770, -110, -7 ] xT=false
  D4 above=T1 pat=000 resclass=[ 462, 770, 15 ] xT=false
  D4 above=T3 pat=000 resclass=[ 15, -7, -105 ] xT=false
  D4 above=T3 pat=000 resclass=[ 15, -7, -105 ] xT=false
  D4 above=T2 pat=000 resclass=[ 770, -110, -7 ] xT=false
  D4 above=T1 pat=000 resclass=[ 462, 770, 15 ] xT=false
  D4 above=T2 pat=000 resclass=[ 770, -110, -7 ] xT=false
  D4 above=T1 pat=000 resclass=[ 462, 770, 15 ] xT=false
MEMBER stv 2/3 1/2 -3 shape=[ 1, 1, 2, 2 ] tors=[ 4, 4 ] order4=12 norm111=0 xTpass=0
  D4 above=T3 pat=000 resclass=[ -17, -3, 51 ] xT=false
  D4 above=T3 pat=000 resclass=[ -17, -3, 51 ] xT=false
  D4 above=T2 pat=000 resclass=[ 43, -129, -3 ] xT=false
  D4 above=T1 pat=000 resclass=[ -731, 43, -17 ] xT=false
  D4 above=T2 pat=000 resclass=[ 43, -129, -3 ] xT=false
  D4 above=T1 pat=000 resclass=[ -731, 43, -17 ] xT=false
  D4 above=T3 pat=000 resclass=[ -17, -3, 51 ] xT=false
  D4 above=T3 pat=000 resclass=[ -17, -3, 51 ] xT=false
  D4 above=T2 pat=000 resclass=[ 43, -129, -3 ] xT=false
  D4 above=T1 pat=000 resclass=[ -731, 43, -17 ] xT=false
  D4 above=T2 pat=000 resclass=[ 43, -129, -3 ] xT=false
  D4 above=T1 pat=000 resclass=[ -731, 43, -17 ] xT=false
MEMBER stv 3/4 1/3 -1 shape=[ 1, 1, 2, 2 ] tors=[ 4, 4 ] order4=12 norm111=0 xTpass=0
  D4 above=T2 pat=000 resclass=[ 6146, -3073, -2 ] xT=false
  D4 above=T2 pat=000 resclass=[ 6146, -3073, -2 ] xT=false
  D4 above=T3 pat=000 resclass=[ -295, -2, 590 ] xT=false
  D4 above=T1 pat=000 resclass=[ -1813070, 6146, -295 ] xT=false
  D4 above=T3 pat=000 resclass=[ -295, -2, 590 ] xT=false
  D4 above=T1 pat=000 resclass=[ -1813070, 6146, -295 ] xT=false
  D4 above=T2 pat=000 resclass=[ 6146, -3073, -2 ] xT=false
  D4 above=T2 pat=000 resclass=[ 6146, -3073, -2 ] xT=false
  D4 above=T3 pat=000 resclass=[ -295, -2, 590 ] xT=false
  D4 above=T1 pat=000 resclass=[ -1813070, 6146, -295 ] xT=false
  D4 above=T3 pat=000 resclass=[ -295, -2, 590 ] xT=false
  D4 above=T1 pat=000 resclass=[ -1813070, 6146, -295 ] xT=false
MEMBER stv 1 1/4 -1/3 shape=[ 1, 1, 2, 2 ] tors=[ 4, 4 ] order4=12 norm111=0 xTpass=0
  D4 above=T3 pat=000 resclass=[ 31, -15, -465 ] xT=false
  D4 above=T3 pat=000 resclass=[ 31, -15, -465 ] xT=false
  D4 above=T2 pat=000 resclass=[ 4970, -2982, -15 ] xT=false
  D4 above=T1 pat=000 resclass=[ 154070, 4970, 31 ] xT=false
  D4 above=T2 pat=000 resclass=[ 4970, -2982, -15 ] xT=false
  D4 above=T1 pat=000 resclass=[ 154070, 4970, 31 ] xT=false
  D4 above=T3 pat=000 resclass=[ 31, -15, -465 ] xT=false
  D4 above=T3 pat=000 resclass=[ 31, -15, -465 ] xT=false
  D4 above=T2 pat=000 resclass=[ 4970, -2982, -15 ] xT=false
  D4 above=T1 pat=000 resclass=[ 154070, 4970, 31 ] xT=false
  D4 above=T2 pat=000 resclass=[ 4970, -2982, -15 ] xT=false
  D4 above=T1 pat=000 resclass=[ 154070, 4970, 31 ] xT=false
MEMBER stv 1 3 -2 shape=[ 1, 1, 2, 2 ] tors=[ 4, 4 ] order4=12 norm111=0 xTpass=0
  D4 above=T2 pat=000 resclass=[ 143, 286, 2 ] xT=false
  D4 above=T2 pat=000 resclass=[ 143, 286, 2 ] xT=false
  D4 above=T1 pat=000 resclass=[ -1001, 143, -7 ] xT=false
  D4 above=T3 pat=000 resclass=[ -7, 2, -14 ] xT=false
  D4 above=T1 pat=000 resclass=[ -1001, 143, -7 ] xT=false
  D4 above=T3 pat=000 resclass=[ -7, 2, -14 ] xT=false
  D4 above=T2 pat=000 resclass=[ 143, 286, 2 ] xT=false
  D4 above=T2 pat=000 resclass=[ 143, 286, 2 ] xT=false
  D4 above=T1 pat=000 resclass=[ -1001, 143, -7 ] xT=false
  D4 above=T3 pat=000 resclass=[ -7, 2, -14 ] xT=false
  D4 above=T1 pat=000 resclass=[ -1001, 143, -7 ] xT=false
  D4 above=T3 pat=000 resclass=[ -7, 2, -14 ] xT=false
MEMBER stv 4/3 2 -3/4 shape=[ 1, 1, 2, 2 ] tors=[ 4, 4 ] order4=12 norm111=0 xTpass=0
  D4 above=T1 pat=000 resclass=[ -10, 26, -65 ] xT=false
  D4 above=T1 pat=000 resclass=[ -10, 26, -65 ] xT=false
  D4 above=T2 pat=000 resclass=[ 26, 78, 3 ] xT=false
  D4 above=T3 pat=000 resclass=[ -65, 3, -195 ] xT=false
  D4 above=T2 pat=000 resclass=[ 26, 78, 3 ] xT=false
  D4 above=T3 pat=000 resclass=[ -65, 3, -195 ] xT=false
  D4 above=T1 pat=000 resclass=[ -10, 26, -65 ] xT=false
  D4 above=T1 pat=000 resclass=[ -10, 26, -65 ] xT=false
  D4 above=T2 pat=000 resclass=[ 26, 78, 3 ] xT=false
  D4 above=T3 pat=000 resclass=[ -65, 3, -195 ] xT=false
  D4 above=T2 pat=000 resclass=[ 26, 78, 3 ] xT=false
  D4 above=T3 pat=000 resclass=[ -65, 3, -195 ] xT=false
MEMBER stv 3/2 3/2 -1/4 shape=[ 1, 1, 2, 2 ] tors=[ 4, 4 ] order4=12 norm111=0 xTpass=0
  D4 above=T1 pat=000 resclass=[ -28105, -2555, 11 ] xT=false
  D4 above=T1 pat=000 resclass=[ -28105, -2555, 11 ] xT=false
  D4 above=T2 pat=000 resclass=[ -2555, -511, 5 ] xT=false
  D4 above=T3 pat=000 resclass=[ 11, 5, 55 ] xT=false
  D4 above=T2 pat=000 resclass=[ -2555, -511, 5 ] xT=false
  D4 above=T3 pat=000 resclass=[ 11, 5, 55 ] xT=false
  D4 above=T1 pat=000 resclass=[ -28105, -2555, 11 ] xT=false
  D4 above=T1 pat=000 resclass=[ -28105, -2555, 11 ] xT=false
  D4 above=T2 pat=000 resclass=[ -2555, -511, 5 ] xT=false
  D4 above=T3 pat=000 resclass=[ 11, 5, 55 ] xT=false
  D4 above=T2 pat=000 resclass=[ -2555, -511, 5 ] xT=false
  D4 above=T3 pat=000 resclass=[ 11, 5, 55 ] xT=false
MEMBER stv 2 3/4 -3/2 shape=[ 1, 1, 2, 2 ] tors=[ 4, 4 ] order4=12 norm111=0 xTpass=0
  D4 above=T3 pat=000 resclass=[ 39, -7, -273 ] xT=false
  D4 above=T3 pat=000 resclass=[ 39, -7, -273 ] xT=false
  D4 above=T2 pat=000 resclass=[ 288645, -41235, -7 ] xT=false
  D4 above=T1 pat=000 resclass=[ 1250795, 288645, 39 ] xT=false
  D4 above=T2 pat=000 resclass=[ 288645, -41235, -7 ] xT=false
  D4 above=T1 pat=000 resclass=[ 1250795, 288645, 39 ] xT=false
  D4 above=T3 pat=000 resclass=[ 39, -7, -273 ] xT=false
  D4 above=T3 pat=000 resclass=[ 39, -7, -273 ] xT=false
  D4 above=T2 pat=000 resclass=[ 288645, -41235, -7 ] xT=false
  D4 above=T1 pat=000 resclass=[ 1250795, 288645, 39 ] xT=false
  D4 above=T2 pat=000 resclass=[ 288645, -41235, -7 ] xT=false
  D4 above=T1 pat=000 resclass=[ 1250795, 288645, 39 ] xT=false
MEMBER stv 3 2/3 -2/3 shape=[ 1, 1, 2, 2 ] tors=[ 4, 4 ] order4=12 norm111=0 xTpass=0
  D4 above=T2 pat=000 resclass=[ 2510, -502, -5 ] xT=false
  D4 above=T2 pat=000 resclass=[ 2510, -502, -5 ] xT=false
  D4 above=T1 pat=000 resclass=[ 27610, 2510, 11 ] xT=false
  D4 above=T3 pat=000 resclass=[ 11, -5, -55 ] xT=false
  D4 above=T1 pat=000 resclass=[ 27610, 2510, 11 ] xT=false
  D4 above=T3 pat=000 resclass=[ 11, -5, -55 ] xT=false
  D4 above=T2 pat=000 resclass=[ 2510, -502, -5 ] xT=false
  D4 above=T2 pat=000 resclass=[ 2510, -502, -5 ] xT=false
  D4 above=T1 pat=000 resclass=[ 27610, 2510, 11 ] xT=false
  D4 above=T3 pat=000 resclass=[ 11, -5, -55 ] xT=false
  D4 above=T1 pat=000 resclass=[ 27610, 2510, 11 ] xT=false
  D4 above=T3 pat=000 resclass=[ 11, -5, -55 ] xT=false
MEMBER stv 4 1/3 -4 shape=[ 1, 1, 2, 2 ] tors=[ 4, 4 ] order4=12 norm111=0 xTpass=0
  D4 above=T1 pat=000 resclass=[ 112970, 71890, 77 ] xT=false
  D4 above=T1 pat=000 resclass=[ 112970, 71890, 77 ] xT=false
  D4 above=T2 pat=000 resclass=[ 71890, -35945, -2 ] xT=false
  D4 above=T3 pat=000 resclass=[ 77, -2, -154 ] xT=false
  D4 above=T2 pat=000 resclass=[ 71890, -35945, -2 ] xT=false
  D4 above=T3 pat=000 resclass=[ 77, -2, -154 ] xT=false
  D4 above=T1 pat=000 resclass=[ 112970, 71890, 77 ] xT=false
  D4 above=T1 pat=000 resclass=[ 112970, 71890, 77 ] xT=false
  D4 above=T2 pat=000 resclass=[ 71890, -35945, -2 ] xT=false
  D4 above=T3 pat=000 resclass=[ 77, -2, -154 ] xT=false
  D4 above=T2 pat=000 resclass=[ 71890, -35945, -2 ] xT=false
  D4 above=T3 pat=000 resclass=[ 77, -2, -154 ] xT=false
MEMBER stv 1 13/17 -1/4 shape=[ 1, 1, 2, 2 ] tors=[ 4, 4 ] order4=12 norm111=0 xTpass=0
  D4 above=T3 pat=000 resclass=[ 409, -30, -12270 ] xT=false
  D4 above=T3 pat=000 resclass=[ 409, -30, -12270 ] xT=false
  D4 above=T1 pat=000 resclass=[ 11627870, 28430, 409 ] xT=false
  D4 above=T2 pat=000 resclass=[ 28430, -8529, -30 ] xT=false
  D4 above=T1 pat=000 resclass=[ 11627870, 28430, 409 ] xT=false
  D4 above=T2 pat=000 resclass=[ 28430, -8529, -30 ] xT=false
  D4 above=T3 pat=000 resclass=[ 409, -30, -12270 ] xT=false
  D4 above=T3 pat=000 resclass=[ 409, -30, -12270 ] xT=false
  D4 above=T1 pat=000 resclass=[ 11627870, 28430, 409 ] xT=false
  D4 above=T2 pat=000 resclass=[ 28430, -8529, -30 ] xT=false
  D4 above=T1 pat=000 resclass=[ 11627870, 28430, 409 ] xT=false
  D4 above=T2 pat=000 resclass=[ 28430, -8529, -30 ] xT=false
MEMBER stv 17/7 19/16 -7/10 shape=[ 1, 1, 2, 2 ] tors=[ 4, 4 ] order4=12 norm111=0 xTpass=0
  D4 above=T2 pat=000 resclass=[ -1824275694, -21283216430, 105 ] xT=false
  D4 above=T2 pat=000 resclass=[ -1824275694, -21283216430, 105 ] xT=false
  D4 above=T3 pat=000 resclass=[ 18399679, 105, 1931966295 ] xT=false
  D4 above=T1 pat=000 resclass=[ -33566087177102226, -1824275694, 18399679 ] xT=false
  D4 above=T3 pat=000 resclass=[ 18399679, 105, 1931966295 ] xT=false
  D4 above=T1 pat=000 resclass=[ -33566087177102226, -1824275694, 18399679 ] xT=false
  D4 above=T2 pat=000 resclass=[ -1824275694, -21283216430, 105 ] xT=false
  D4 above=T2 pat=000 resclass=[ -1824275694, -21283216430, 105 ] xT=false
  D4 above=T3 pat=000 resclass=[ 18399679, 105, 1931966295 ] xT=false
  D4 above=T1 pat=000 resclass=[ -33566087177102226, -1824275694, 18399679 ] xT=false
  D4 above=T3 pat=000 resclass=[ 18399679, 105, 1931966295 ] xT=false
  D4 above=T1 pat=000 resclass=[ -33566087177102226, -1824275694, 18399679 ] xT=false
MEMBER stv 3/5 8/19 13/4 shape=[ 1, 1, 2, 2 ] tors=[ 4, 4 ] order4=12 norm111=0 xTpass=0
  D4 above=T3 pat=000 resclass=[ -7169, -33, 236577 ] xT=false
  D4 above=T3 pat=000 resclass=[ -7169, -33, 236577 ] xT=false
  D4 above=T1 pat=000 resclass=[ 22996212254284269, -3207729425901, -7169 ] xT=false
  D4 above=T2 pat=000 resclass=[ -3207729425901, 97203921997, -33 ] xT=false
  D4 above=T1 pat=000 resclass=[ 22996212254284269, -3207729425901, -7169 ] xT=false
  D4 above=T2 pat=000 resclass=[ -3207729425901, 97203921997, -33 ] xT=false
  D4 above=T3 pat=000 resclass=[ -7169, -33, 236577 ] xT=false
  D4 above=T3 pat=000 resclass=[ -7169, -33, 236577 ] xT=false
  D4 above=T1 pat=000 resclass=[ 22996212254284269, -3207729425901, -7169 ] xT=false
  D4 above=T2 pat=000 resclass=[ -3207729425901, 97203921997, -33 ] xT=false
  D4 above=T1 pat=000 resclass=[ 22996212254284269, -3207729425901, -7169 ] xT=false
  D4 above=T2 pat=000 resclass=[ -3207729425901, 97203921997, -33 ] xT=false
MEMBER stv 5/4 4/5 -19/15 shape=[ 1, 1, 2, 2 ] tors=[ 4, 4 ] order4=12 norm111=0 xTpass=0
  D4 above=T1 pat=000 resclass=[ 7318594481541, 510754029, 14329 ] xT=false
  D4 above=T1 pat=000 resclass=[ 7318594481541, 510754029, 14329 ] xT=false
  D4 above=T2 pat=000 resclass=[ 510754029, -510754029, -1 ] xT=false
  D4 above=T3 pat=000 resclass=[ 14329, -1, -14329 ] xT=false
  D4 above=T2 pat=000 resclass=[ 510754029, -510754029, -1 ] xT=false
  D4 above=T3 pat=000 resclass=[ 14329, -1, -14329 ] xT=false
  D4 above=T1 pat=000 resclass=[ 7318594481541, 510754029, 14329 ] xT=false
  D4 above=T1 pat=000 resclass=[ 7318594481541, 510754029, 14329 ] xT=false
  D4 above=T2 pat=000 resclass=[ 510754029, -510754029, -1 ] xT=false
  D4 above=T3 pat=000 resclass=[ 14329, -1, -14329 ] xT=false
  D4 above=T2 pat=000 resclass=[ 510754029, -510754029, -1 ] xT=false
  D4 above=T3 pat=000 resclass=[ 14329, -1, -14329 ] xT=false
PART_DONE part=8
