MEMBER stv 1/4 1/3 -4/3 shape=[ 1, 1, 2, 2 ] tors=[ 4, 4 ] order4=12 norm111=0 xTpass=0
  D4 above=T2 pat=000 resclass=[ 50358, -25179, -2 ] xT=false
  D4 above=T2 pat=000 resclass=[ 50358, -25179, -2 ] xT=false
  D4 above=T3 pat=000 resclass=[ -943, -2, 1886 ] xT=false
  D4 above=T1 pat=000 resclass=[ -47487594, 50358, -943 ] xT=false
  D4 above=T3 pat=000 resclass=[ -943, -2, 1886 ] xT=false
  D4 above=T1 pat=000 resclass=[ -47487594, 50358, -943 ] xT=false
  D4 above=T2 pat=000 resclass=[ 50358, -25179, -2 ] xT=false
  D4 above=T2 pat=000 resclass=[ 50358, -25179, -2 ] xT=false
  D4 above=T3 pat=000 resclass=[ -943, -2, 1886 ] xT=false
  D4 above=T1 pat=000 resclass=[ -47487594, 50358, -943 ] xT=false
  D4 above=T3 pat=000 resclass=[ -943, -2, 1886 ] xT=false
  D4 above=T1 pat=000 resclass=[ -47487594, 50358, -943 ] xT=false
MEMBER stv 1/3 1/4 -1/2 shape=[ 1, 1, 2, 2 ] tors=[ 4, 4 ] order4=12 norm111=0 xTpass=0
  D4 above=T3 pat=000 resclass=[ -1769, -15, 26535 ] xT=false
  D4 above=T3 pat=000 resclass=[ -1769, -15, 26535 ] xT=false
  D4 above=T2 pat=000 resclass=[ 2150670, -143378, -15 ] xT=false
  D4 above=T1 pat=000 resclass=[ -3804535230, 2150670, -1769 ] xT=false
  D4 above=T2 pat=000 resclass=[ 2150670, -143378, -15 ] xT=false
  D4 above=T1 pat=000 resclass=[ -3804535230, 2150670, -1769 ] xT=false
  D4 above=T3 pat=000 resclass=[ -1769, -15, 26535 ] xT=false
  D4 above=T3 pat=000 resclass=[ -1769, -15, 26535 ] xT=false
  D4 above=T2 pat=000 resclass=[ 2150670, -143378, -15 ] xT=false
  D4 above=T1 pat=000 resclass=[ -3804535230, 2150670, -1769 ] xT=false
  D4 above=T2 pat=000 resclass=[ 2150670, -143378, -15 ] xT=false
  D4 above=T1 pat=000 resclass=[ -3804535230, 2150670, -1769 ] xT=false
MEMBER stv 1/3 3 -3 shape=[ 1, 1, 2, 2 ] tors=[ 4, 4 ] order4=12 norm111=0 xTpass=0
  D4 above=T3 pat=000 resclass=[ -23, 2, -46 ] xT=false
  D4 above=T3 pat=000 resclass=[ -23, 2, -46 ] xT=false
  D4 above=T2 pat=000 resclass=[ -78, -39, 2 ] xT=false
  D4 above=T1 pat=000 resclass=[ 1794, -78, -23 ] xT=false
  D4 above=T2 pat=000 resclass=[ -78, -39, 2 ] xT=false
  D4 above=T1 pat=000 resclass=[ 1794, -78, -23 ] xT=false
  D4 above=T3 pat=000 resclass=[ -23, 2, -46 ] xT=false
  D4 above=T3 pat=000 resclass=[ -23, 2, -46 ] xT=false
  D4 above=T2 pat=000 resclass=[ -78, -39, 2 ] xT=false
  D4 above=T1 pat=000 resclass=[ 1794, -78, -23 ] xT=false
  D4 above=T2 pat=000 resclass=[ -78, -39, 2 ] xT=false
  D4 above=T1 pat=000 resclass=[ 1794, -78, -23 ] xT=false
MEMBER stv 1/2 2 -1 shape=[ 1, 1, 2, 2 ] tors=[ 4, 4 ] order4=12 norm111=0 xTpass=0
  D4 above=T3 pat=000 resclass=[ -35, 3, -105 ] xT=false
  D4 above=T3 pat=000 resclass=[ -35, 3, -105 ] xT=false
  D4 above=T2 pat=000 resclass=[ -51, -17, 3 ] xT=false
  D4 above=T1 pat=000 resclass=[ 1785, -51, -35 ] xT=false
  D4 above=T2 pat=000 resclass=[ -51, -17, 3 ] xT=false
  D4 above=T1 pat=000 resclass=[ 1785, -51, -35 ] xT=false
  D4 above=T3 pat=000 resclass=[ -35, 3, -105 ] xT=false
  D4 above=T3 pat=000 resclass=[ -35, 3, -105 ] xT=false
  D4 above=T2 pat=000 resclass=[ -51, -17, 3 ] xT=false
  D4 above=T1 pat=000 resclass=[ 1785, -51, -35 ] xT=false
  D4 above=T2 pat=000 resclass=[ -51, -17, 3 ] xT=false
  D4 above=T1 pat=000 resclass=[ 1785, -51, -35 ] xT=false
MEMBER stv 2/3 3/2 -1/3 shape=[ 1, 1, 2, 2 ] tors=[ 4, 4 ] order4=12 norm111=0 xTpass=0
  D4 above=T3 pat=000 resclass=[ -161, 5, -805 ] xT=false
  D4 above=T3 pat=000 resclass=[ -161, 5, -805 ] xT=false
  D4 above=T2 pat=000 resclass=[ -266685, -53337, 5 ] xT=false
  D4 above=T1 pat=000 resclass=[ 81165, -266685, -161 ] xT=false
  D4 above=T2 pat=000 resclass=[ -266685, -53337, 5 ] xT=false
  D4 above=T1 pat=000 resclass=[ 81165, -266685, -161 ] xT=false
  D4 above=T3 pat=000 resclass=[ -161, 5, -805 ] xT=false
  D4 above=T3 pat=000 resclass=[ -161, 5, -805 ] xT=false
  D4 above=T2 pat=000 resclass=[ -266685, -53337, 5 ] xT=false
  D4 above=T1 pat=000 resclass=[ 81165, -266685, -161 ] xT=false
  D4 above=T2 pat=000 resclass=[ -266685, -53337, 5 ] xT=false
  D4 above=T1 pat=000 resclass=[ 81165, -266685, -161 ] xT=false
MEMBER stv 3/4 3/4 -2 shape=[ 1, 1, 2, 2 ] tors=[ 4, 4 ] order4=12 norm111=0 xTpass=0
  D4 above=T1 pat=000 resclass=[ 105070, 1106, 95 ] xT=false
  D4 above=T1 pat=000 resclass=[ 105070, 1106, 95 ] xT=false
  D4 above=T2 pat=000 resclass=[ 1106, -158, -7 ] xT=false
  D4 above=T3 pat=000 resclass=[ 95, -7, -665 ] xT=false
  D4 above=T2 pat=000 resclass=[ 1106, -158, -7 ] xT=false
  D4 above=T3 pat=000 resclass=[ 95, -7, -665 ] xT=false
  D4 above=T1 pat=000 resclass=[ 105070, 1106, 95 ] xT=false
  D4 above=T1 pat=000 resclass=[ 105070, 1106, 95 ] xT=false
  D4 above=T2 pat=000 resclass=[ 1106, -158, -7 ] xT=false
  D4 above=T3 pat=000 resclass=[ 95, -7, -665 ] xT=false
  D4 above=T2 pat=000 resclass=[ 1106, -158, -7 ] xT=false
  D4 above=T3 pat=000 resclass=[ 95, -7, -665 ] xT=false
MEMBER stv 1 2/3 -3/4 shape=[ 1, 1, 2, 2 ] tors=[ 4, 4 ] order4=12 norm111=0 xTpass=0
  D4 above=T2 pat=000 resclass=[ 35, -7, -5 ] xT=false
  D4 above=T2 pat=000 resclass=[ 35, -7, -5 ] xT=false
  D4 above=T3 pat=000 resclass=[ 14, -5, -70 ] xT=false
  D4 above=T1 pat=000 resclass=[ 10, 35, 14 ] xT=false
  D4 above=T3 pat=000 resclass=[ 14, -5, -70 ] xT=false
  D4 above=T1 pat=000 resclass=[ 10, 35, 14 ] xT=false
  D4 above=T2 pat=000 resclass=[ 35, -7, -5 ] xT=false
  D4 above=T2 pat=000 resclass=[ 35, -7, -5 ] xT=false
  D4 above=T3 pat=000 resclass=[ 14, -5, -70 ] xT=false
  D4 above=T1 pat=000 resclass=[ 10, 35, 14 ] xT=false
  D4 above=T3 pat=000 resclass=[ 14, -5, -70 ] xT=false
  D4 above=T1 pat=000 resclass=[ 10, 35, 14 ] xT=false
MEMBER stv 4/3 1/2 -1/4 shape=[ 1, 1, 2, 2 ] tors=[ 4, 4 ] order4=12 norm111=0 xTpass=0
  D4 above=T1 pat=000 resclass=[ 30765, 4395, 7 ] xT=false
  D4 above=T1 pat=000 resclass=[ 30765, 4395, 7 ] xT=false
  D4 above=T3 pat=000 resclass=[ 7, -3, -21 ] xT=false
  D4 above=T2 pat=000 resclass=[ 4395, -1465, -3 ] xT=false
  D4 above=T3 pat=000 resclass=[ 7, -3, -21 ] xT=false
  D4 above=T2 pat=000 resclass=[ 4395, -1465, -3 ] xT=false
  D4 above=T1 pat=000 resclass=[ 30765, 4395, 7 ] xT=false
  D4 above=T1 pat=000 resclass=[ 30765, 4395, 7 ] xT=false
  D4 above=T3 pat=000 resclass=[ 7, -3, -21 ] xT=false
  D4 above=T2 pat=000 resclass=[ 4395, -1465, -3 ] xT=false
  D4 above=T3 pat=000 resclass=[ 7, -3, -21 ] xT=false
  D4 above=T2 pat=000 resclass=[ 4395, -1465, -3 ] xT=false
MEMBER stv 3/2 1/4 -3/2 shape=[ 1, 1, 2, 2 ] tors=[ 4, 4 ] order4=12 norm111=0 xTpass=0
  D4 above=T1 pat=000 resclass=[ 55290, 239590, 39 ] xT=false
  D4 above=T1 pat=000 resclass=[ 55290, 239590, 39 ] xT=false
  D4 above=T2 pat=000 resclass=[ 239590, -143754, -15 ] xT=false
  D4 above=T3 pat=000 resclass=[ 39, -15, -65 ] xT=false
  D4 above=T2 pat=000 resclass=[ 239590, -143754, -15 ] xT=false
  D4 above=T3 pat=000 resclass=[ 39, -15, -65 ] xT=false
  D4 above=T1 pat=000 resclass=[ 55290, 239590, 39 ] xT=false
  D4 above=T1 pat=000 resclass=[ 55290, 239590, 39 ] xT=false
  D4 above=T2 pat=000 resclass=[ 239590, -143754, -15 ] xT=false
  D4 above=T3 pat=000 resclass=[ 39, -15, -65 ] xT=false
  D4 above=T2 pat=000 resclass=[ 239590, -143754, -15 ] xT=false
  D4 above=T3 pat=000 resclass=[ 39, -15, -65 ] xT=false
MEMBER stv 3/2 4 -2/3 shape=[ 1, 1, 2, 2 ] tors=[ 4, 4 ] order4=12 norm111=0 xTpass=0
  D4 above=T1 pat=000 resclass=[ -290, 3190, -11 ] xT=false
  D4 above=T1 pat=000 resclass=[ -290, 3190, -11 ] xT=false
  D4 above=T2 pat=000 resclass=[ 3190, 1914, 15 ] xT=false
  D4 above=T3 pat=000 resclass=[ -11, 15, -165 ] xT=false
  D4 above=T2 pat=000 resclass=[ 3190, 1914, 15 ] xT=false
  D4 above=T3 pat=000 resclass=[ -11, 15, -165 ] xT=false
  D4 above=T1 pat=000 resclass=[ -290, 3190, -11 ] xT=false
  D4 above=T1 pat=000 resclass=[ -290, 3190, -11 ] xT=false
  D4 above=T2 pat=000 resclass=[ 3190, 1914, 15 ] xT=false
  D4 above=T3 pat=000 resclass=[ -11, 15, -165 ] xT=false
  D4 above=T2 pat=000 resclass=[ 3190, 1914, 15 ] xT=false
  D4 above=T3 pat=000 resclass=[ -11, 15, -165 ] xT=false
MEMBER stv 2 2 -4 shape=[ 1, 1, 2, 2 ] tors=[ 4, 4 ] order4=12 norm111=0 xTpass=0
  D4 above=T3 pat=000 resclass=[ -5, 3, -15 ] xT=false
  D4 above=T3 pat=000 resclass=[ -5, 3, -15 ] xT=false
  D4 above=T2 pat=000 resclass=[ 165, 55, 3 ] xT=false
  D4 above=T1 pat=000 resclass=[ -33, 165, -5 ] xT=false
  D4 above=T2 pat=000 resclass=[ 165, 55, 3 ] xT=false
  D4 above=T1 pat=000 resclass=[ -33, 165, -5 ] xT=false
  D4 above=T3 pat=000 resclass=[ -5, 3, -15 ] xT=false
  D4 above=T3 pat=000 resclass=[ -5, 3, -15 ] xT=false
  D4 above=T2 pat=000 resclass=[ 165, 55, 3 ] xT=false
  D4 above=T1 pat=000 resclass=[ -33, 165, -5 ] xT=false
  D4 above=T2 pat=000 resclass=[ 165, 55, 3 ] xT=false
  D4 above=T1 pat=000 resclass=[ -33, 165, -5 ] xT=false
MEMBER stv 3 3/2 -4/3 shape=[ 1, 1, 2, 2 ] tors=[ 4, 4 ] order4=12 norm111=0 xTpass=0
  D4 above=T1 pat=000 resclass=[ -569415, -4785, 119 ] xT=false
  D4 above=T1 pat=000 resclass=[ -569415, -4785, 119 ] xT=false
  D4 above=T2 pat=000 resclass=[ -4785, -957, 5 ] xT=false
  D4 above=T3 pat=000 resclass=[ 119, 5, 595 ] xT=false
  D4 above=T2 pat=000 resclass=[ -4785, -957, 5 ] xT=false
  D4 above=T3 pat=000 resclass=[ 119, 5, 595 ] xT=false
  D4 above=T1 pat=000 resclass=[ -569415, -4785, 119 ] xT=false
  D4 above=T1 pat=000 resclass=[ -569415, -4785, 119 ] xT=false
  D4 above=T2 pat=000 resclass=[ -4785, -957, 5 ] xT=false
  D4 above=T3 pat=000 resclass=[ 119, 5, 595 ] xT=false
  D4 above=T2 pat=000 resclass=[ -4785, -957, 5 ] xT=false
  D4 above=T3 pat=000 resclass=[ 119, 5, 595 ] xT=false
MEMBER stv 4 4/3 -1/2 shape=[ 1, 1, 2, 2 ] tors=[ 4, 4 ] order4=12 norm111=0 xTpass=0
  D4 above=T3 pat=000 resclass=[ 1247, 7, 8729 ] xT=false
  D4 above=T3 pat=000 resclass=[ 1247, 7, 8729 ] xT=false
  D4 above=T2 pat=000 resclass=[ -1022, -146, 7 ] xT=false
  D4 above=T1 pat=000 resclass=[ -1274434, -1022, 1247 ] xT=false
  D4 above=T2 pat=000 resclass=[ -1022, -146, 7 ] xT=false
  D4 above=T1 pat=000 resclass=[ -1274434, -1022, 1247 ] xT=false
  D4 above=T3 pat=000 resclass=[ 1247, 7, 8729 ] xT=false
  D4 above=T3 pat=000 resclass=[ 1247, 7, 8729 ] xT=false
  D4 above=T2 pat=000 resclass=[ -1022, -146, 7 ] xT=false
  D4 above=T1 pat=000 resclass=[ -1274434, -1022, 1247 ] xT=false
  D4 above=T2 pat=000 resclass=[ -1022, -146, 7 ] xT=false
  D4 above=T1 pat=000 resclass=[ -1274434, -1022, 1247 ] xT=false
MEMBER stv 18/13 13/20 -17/13 shape=[ 1, 1, 2, 2 ] tors=[ 4, 4 ] order4=12 norm111=0 xTpass=0
  D4 above=T3 pat=000 resclass=[ 4757999, -231, -1099097769 ] xT=false
  D4 above=T3 pat=000 resclass=[ 4757999, -231, -1099097769 ] xT=false
  D4 above=T1 pat=000 resclass=[ 241201159244602557, 18300470110923, 4757999 ] xT=false
  D4 above=T2 pat=000 resclass=[ 18300470110923, -79222814333, -231 ] xT=false
  D4 above=T1 pat=000 resclass=[ 241201159244602557, 18300470110923, 4757999 ] xT=false
  D4 above=T2 pat=000 resclass=[ 18300470110923, -79222814333, -231 ] xT=false
  D4 above=T3 pat=000 resclass=[ 4757999, -231, -1099097769 ] xT=false
  D4 above=T3 pat=000 resclass=[ 4757999, -231, -1099097769 ] xT=false
  D4 above=T1 pat=000 resclass=[ 241201159244602557, 18300470110923, 4757999 ] xT=false
  D4 above=T2 pat=000 resclass=[ 18300470110923, -79222814333, -231 ] xT=false
  D4 above=T1 pat=000 resclass=[ 241201159244602557, 18300470110923, 4757999 ] xT=false
  D4 above=T2 pat=000 resclass=[ 18300470110923, -79222814333, -231 ] xT=false
MEMBER stv 3 18/7 1/6 shape=[ 1, 1, 2, 2 ] tors=[ 4, 4 ] order4=12 norm111=0 xTpass=0
  D4 above=T1 pat=000 resclass=[ 49284114, -233574, -211 ] xT=false
  D4 above=T1 pat=000 resclass=[ 49284114, -233574, -211 ] xT=false
  D4 above=T3 pat=000 resclass=[ -211, 11, -2321 ] xT=false
  D4 above=T2 pat=000 resclass=[ -233574, -21234, 11 ] xT=false
  D4 above=T3 pat=000 resclass=[ -211, 11, -2321 ] xT=false
  D4 above=T2 pat=000 resclass=[ -233574, -21234, 11 ] xT=false
  D4 above=T1 pat=000 resclass=[ 49284114, -233574, -211 ] xT=false
  D4 above=T1 pat=000 resclass=[ 49284114, -233574, -211 ] xT=false
  D4 above=T3 pat=000 resclass=[ -211, 11, -2321 ] xT=false
  D4 above=T2 pat=000 resclass=[ -233574, -21234, 11 ] xT=false
  D4 above=T3 pat=000 resclass=[ -211, 11, -2321 ] xT=false
  D4 above=T2 pat=000 resclass=[ -233574, -21234, 11 ] xT=false
MEMBER stv 7/6 8/5 -5/4 shape=[ 1, 1, 2, 2 ] tors=[ 4, 4 ] order4=12 norm111=0 xTpass=0
  D4 above=T1 pat=000 resclass=[ -2108865759, 304212909, -24131 ] xT=false
  D4 above=T1 pat=000 resclass=[ -2108865759, 304212909, -24131 ] xT=false
  D4 above=T3 pat=000 resclass=[ -24131, 39, -941109 ] xT=false
  D4 above=T2 pat=000 resclass=[ 304212909, 7800331, 39 ] xT=false
  D4 above=T3 pat=000 resclass=[ -24131, 39, -941109 ] xT=false
  D4 above=T2 pat=000 resclass=[ 304212909, 7800331, 39 ] xT=false
  D4 above=T1 pat=000 resclass=[ -2108865759, 304212909, -24131 ] xT=false
  D4 above=T1 pat=000 resclass=[ -2108865759, 304212909, -24131 ] xT=false
  D4 above=T3 pat=000 resclass=[ -24131, 39, -941109 ] xT=false
  D4 above=T2 pat=000 resclass=[ 304212909, 7800331, 39 ] xT=false
  D4 above=T3 pat=000 resclass=[ -24131, 39, -941109 ] xT=false
  D4 above=T2 pat=000 resclass=[ 304212909, 7800331, 39 ] xT=false
PART_DONE part=80
