MEMBER stv 1/4 1/3 3/2 shape=[ 1, 1, 2, 2 ] tors=[ 4, 4 ] order4=12 norm111=0 xTpass=0
  D4 above=T3 pat=000 resclass=[ -943, -2, 1886 ] xT=false
  D4 above=T3 pat=000 resclass=[ -943, -2, 1886 ] xT=false
  D4 above=T1 pat=000 resclass=[ 35414365, -37555, -943 ] xT=false
  D4 above=T2 pat=000 resclass=[ -37555, 75110, -2 ] xT=false
  D4 above=T1 pat=000 resclass=[ 35414365, -37555, -943 ] xT=false
  D4 above=T2 pat=000 resclass=[ -37555, 75110, -2 ] xT=false
  D4 above=T3 pat=000 resclass=[ -943, -2, 1886 ] xT=false
  D4 above=T3 pat=000 resclass=[ -943, -2, 1886 ] xT=false
  D4 above=T1 pat=000 resclass=[ 35414365, -37555, -943 ] xT=false
  D4 above=T2 pat=000 resclass=[ -37555, 75110, -2 ] xT=false
  D4 above=T1 pat=000 resclass=[ 35414365, -37555, -943 ] xT=false
  D4 above=T2 pat=000 resclass=[ -37555, 75110, -2 ] xT=false
MEMBER stv 1/3 1/4 2/3 shape=[ 1, 1, 2, 2 ] tors=[ 4, 4 ] order4=12 norm111=0 xTpass=0
  D4 above=T3 pat=000 resclass=[ -1769, -15, 26535 ] xT=false
  D4 above=T3 pat=000 resclass=[ -1769, -15, 26535 ] xT=false
  D4 above=T2 pat=000 resclass=[ -557815, 334689, -15 ] xT=false
  D4 above=T1 pat=000 resclass=[ 1173335, -557815, -1769 ] xT=false
  D4 above=T2 pat=000 resclass=[ -557815, 334689, -15 ] xT=false
  D4 above=T1 pat=000 resclass=[ 1173335, -557815, -1769 ] xT=false
  D4 above=T3 pat=000 resclass=[ -1769, -15, 26535 ] xT=false
  D4 above=T3 pat=000 resclass=[ -1769, -15, 26535 ] xT=false
  D4 above=T2 pat=000 resclass=[ -557815, 334689, -15 ] xT=false
  D4 above=T1 pat=000 resclass=[ 1173335, -557815, -1769 ] xT=false
  D4 above=T2 pat=000 resclass=[ -557815, 334689, -15 ] xT=false
  D4 above=T1 pat=000 resclass=[ 1173335, -557815, -1769 ] xT=false
MEMBER stv 1/3 3 4 shape=[ 1, 1, 2, 2 ] tors=[ 4, 4 ] order4=12 norm111=0 xTpass=0
  D4 above=T3 pat=000 resclass=[ -23, 2, -46 ] xT=false
  D4 above=T3 pat=000 resclass=[ -23, 2, -46 ] xT=false
  D4 above=T2 pat=000 resclass=[ -67054, -33527, 2 ] xT=false
  D4 above=T1 pat=000 resclass=[ 1542242, -67054, -23 ] xT=false
  D4 above=T2 pat=000 resclass=[ -67054, -33527, 2 ] xT=false
  D4 above=T1 pat=000 resclass=[ 1542242, -67054, -23 ] xT=false
  D4 above=T3 pat=000 resclass=[ -23, 2, -46 ] xT=false
  D4 above=T3 pat=000 resclass=[ -23, 2, -46 ] xT=false
  D4 above=T2 pat=000 resclass=[ -67054, -33527, 2 ] xT=false
  D4 above=T1 pat=000 resclass=[ 1542242, -67054, -23 ] xT=false
  D4 above=T2 pat=000 resclass=[ -67054, -33527, 2 ] xT=false
  D4 above=T1 pat=000 resclass=[ 1542242, -67054, -23 ] xT=false
MEMBER stv 1/2 2 4/3 shape=[ 1, 1, 2, 2 ] tors=[ 4, 4 ] order4=12 norm111=0 xTpass=0
  D4 above=T2 pat=000 resclass=[ -11, -33, 3 ] xT=false
  D4 above=T2 pat=000 resclass=[ -11, -33, 3 ] xT=false
  D4 above=T1 pat=000 resclass=[ 385, -11, -35 ] xT=false
  D4 above=T3 pat=000 resclass=[ -35, 3, -105 ] xT=false
  D4 above=T1 pat=000 resclass=[ 385, -11, -35 ] xT=false
  D4 above=T3 pat=000 resclass=[ -35, 3, -105 ] xT=false
  D4 above=T2 pat=000 resclass=[ -11, -33, 3 ] xT=false
  D4 above=T2 pat=000 resclass=[ -11, -33, 3 ] xT=false
  D4 above=T1 pat=000 resclass=[ 385, -11, -35 ] xT=false
  D4 above=T3 pat=000 resclass=[ -35, 3, -105 ] xT=false
  D4 above=T1 pat=000 resclass=[ 385, -11, -35 ] xT=false
  D4 above=T3 pat=000 resclass=[ -35, 3, -105 ] xT=false
MEMBER stv 2/3 3/2 1/2 shape=[ 1, 1, 2, 2 ] tors=[ 4, 4 ] order4=12 norm111=0 xTpass=0
  D4 above=T2 pat=000 resclass=[ -2915, -583, 5 ] xT=false
  D4 above=T2 pat=000 resclass=[ -2915, -583, 5 ] xT=false
  D4 above=T3 pat=000 resclass=[ -161, 5, -805 ] xT=false
  D4 above=T1 pat=000 resclass=[ 469315, -2915, -161 ] xT=false
  D4 above=T3 pat=000 resclass=[ -161, 5, -805 ] xT=false
  D4 above=T1 pat=000 resclass=[ 469315, -2915, -161 ] xT=false
  D4 above=T2 pat=000 resclass=[ -2915, -583, 5 ] xT=false
  D4 above=T2 pat=000 resclass=[ -2915, -583, 5 ] xT=false
  D4 above=T3 pat=000 resclass=[ -161, 5, -805 ] xT=false
  D4 above=T1 pat=000 resclass=[ 469315, -2915, -161 ] xT=false
  D4 above=T3 pat=000 resclass=[ -161, 5, -805 ] xT=false
  D4 above=T1 pat=000 resclass=[ 469315, -2915, -161 ] xT=false
MEMBER stv 3/4 3/4 3 shape=[ 1, 1, 2, 2 ] tors=[ 4, 4 ] order4=12 norm111=0 xTpass=0
  D4 above=T1 pat=000 resclass=[ -75233445, -791931, 95 ] xT=false
  D4 above=T1 pat=000 resclass=[ -75233445, -791931, 95 ] xT=false
  D4 above=T3 pat=000 resclass=[ 95, -7, -665 ] xT=false
  D4 above=T2 pat=000 resclass=[ -791931, 113133, -7 ] xT=false
  D4 above=T3 pat=000 resclass=[ 95, -7, -665 ] xT=false
  D4 above=T2 pat=000 resclass=[ -791931, 113133, -7 ] xT=false
  D4 above=T1 pat=000 resclass=[ -75233445, -791931, 95 ] xT=false
  D4 above=T1 pat=000 resclass=[ -75233445, -791931, 95 ] xT=false
  D4 above=T3 pat=000 resclass=[ 95, -7, -665 ] xT=false
  D4 above=T2 pat=000 resclass=[ -791931, 113133, -7 ] xT=false
  D4 above=T3 pat=000 resclass=[ 95, -7, -665 ] xT=false
  D4 above=T2 pat=000 resclass=[ -791931, 113133, -7 ] xT=false
MEMBER stv 1 2/3 1 shape=[ 1, 1, 2, 2 ] tors=[ 4, 4 ] order4=12 norm111=0 xTpass=0
  D4 above=T3 pat=000 resclass=[ 14, -5, -70 ] xT=false
  D4 above=T3 pat=000 resclass=[ 14, -5, -70 ] xT=false
  D4 above=T2 pat=000 resclass=[ -455, 91, -5 ] xT=false
  D4 above=T1 pat=000 resclass=[ -130, -455, 14 ] xT=false
  D4 above=T2 pat=000 resclass=[ -455, 91, -5 ] xT=false
  D4 above=T1 pat=000 resclass=[ -130, -455, 14 ] xT=false
  D4 above=T3 pat=000 resclass=[ 14, -5, -70 ] xT=false
  D4 above=T3 pat=000 resclass=[ 14, -5, -70 ] xT=false
  D4 above=T2 pat=000 resclass=[ -455, 91, -5 ] xT=false
  D4 above=T1 pat=000 resclass=[ -130, -455, 14 ] xT=false
  D4 above=T2 pat=000 resclass=[ -455, 91, -5 ] xT=false
  D4 above=T1 pat=000 resclass=[ -130, -455, 14 ] xT=false
MEMBER stv 4/3 1/2 1/3 shape=[ 1, 1, 2, 2 ] tors=[ 4, 4 ] order4=12 norm111=0 xTpass=0
  D4 above=T2 pat=000 resclass=[ -30745, 92235, -3 ] xT=false
  D4 above=T2 pat=000 resclass=[ -30745, 92235, -3 ] xT=false
  D4 above=T3 pat=000 resclass=[ 7, -3, -21 ] xT=false
  D4 above=T1 pat=000 resclass=[ -215215, -30745, 7 ] xT=false
  D4 above=T3 pat=000 resclass=[ 7, -3, -21 ] xT=false
  D4 above=T1 pat=000 resclass=[ -215215, -30745, 7 ] xT=false
  D4 above=T2 pat=000 resclass=[ -30745, 92235, -3 ] xT=false
  D4 above=T2 pat=000 resclass=[ -30745, 92235, -3 ] xT=false
  D4 above=T3 pat=000 resclass=[ 7, -3, -21 ] xT=false
  D4 above=T1 pat=000 resclass=[ -215215, -30745, 7 ] xT=false
  D4 above=T3 pat=000 resclass=[ 7, -3, -21 ] xT=false
  D4 above=T1 pat=000 resclass=[ -215215, -30745, 7 ] xT=false
MEMBER stv 3/2 1/4 2 shape=[ 1, 1, 2, 2 ] tors=[ 4, 4 ] order4=12 norm111=0 xTpass=0
  D4 above=T1 pat=000 resclass=[ -1028170, -237270, 39 ] xT=false
  D4 above=T1 pat=000 resclass=[ -1028170, -237270, 39 ] xT=false
  D4 above=T3 pat=000 resclass=[ 39, -15, -65 ] xT=false
  D4 above=T2 pat=000 resclass=[ -237270, 15818, -15 ] xT=false
  D4 above=T3 pat=000 resclass=[ 39, -15, -65 ] xT=false
  D4 above=T2 pat=000 resclass=[ -237270, 15818, -15 ] xT=false
  D4 above=T1 pat=000 resclass=[ -1028170, -237270, 39 ] xT=false
  D4 above=T1 pat=000 resclass=[ -1028170, -237270, 39 ] xT=false
  D4 above=T3 pat=000 resclass=[ 39, -15, -65 ] xT=false
  D4 above=T2 pat=000 resclass=[ -237270, 15818, -15 ] xT=false
  D4 above=T3 pat=000 resclass=[ 39, -15, -65 ] xT=false
  D4 above=T2 pat=000 resclass=[ -237270, 15818, -15 ] xT=false
MEMBER stv 3/2 4 3/4 shape=[ 1, 1, 2, 2 ] tors=[ 4, 4 ] order4=12 norm111=0 xTpass=0
  D4 above=T1 pat=000 resclass=[ 6709505, -609955, -11 ] xT=false
  D4 above=T1 pat=000 resclass=[ 6709505, -609955, -11 ] xT=false
  D4 above=T3 pat=000 resclass=[ -11, 15, -165 ] xT=false
  D4 above=T2 pat=000 resclass=[ -609955, -365973, 15 ] xT=false
  D4 above=T3 pat=000 resclass=[ -11, 15, -165 ] xT=false
  D4 above=T2 pat=000 resclass=[ -609955, -365973, 15 ] xT=false
  D4 above=T1 pat=000 resclass=[ 6709505, -609955, -11 ] xT=false
  D4 above=T1 pat=000 resclass=[ 6709505, -609955, -11 ] xT=false
  D4 above=T3 pat=000 resclass=[ -11, 15, -165 ] xT=false
  D4 above=T2 pat=000 resclass=[ -609955, -365973, 15 ] xT=false
  D4 above=T3 pat=000 resclass=[ -11, 15, -165 ] xT=false
  D4 above=T2 pat=000 resclass=[ -609955, -365973, 15 ] xT=false
MEMBER stv 2 3 1/4 shape=[ 1, 1, 2, 2 ] tors=[ 4, 4 ] order4=12 norm111=0 xTpass=0
  D4 above=T3 pat=000 resclass=[ -15, 2, -30 ] xT=false
  D4 above=T3 pat=000 resclass=[ -15, 2, -30 ] xT=false
  D4 above=T1 pat=000 resclass=[ 15, -1, -15 ] xT=false
  D4 above=T2 pat=000 resclass=[ -1, -2, 2 ] xT=false
  D4 above=T1 pat=000 resclass=[ 15, -1, -15 ] xT=false
  D4 above=T2 pat=000 resclass=[ -1, -2, 2 ] xT=false
  D4 above=T3 pat=000 resclass=[ -15, 2, -30 ] xT=false
  D4 above=T3 pat=000 resclass=[ -15, 2, -30 ] xT=false
  D4 above=T1 pat=000 resclass=[ 15, -1, -15 ] xT=false
  D4 above=T2 pat=000 resclass=[ -1, -2, 2 ] xT=false
  D4 above=T1 pat=000 resclass=[ 15, -1, -15 ] xT=false
  D4 above=T2 pat=000 resclass=[ -1, -2, 2 ] xT=false
MEMBER stv 3 3/2 3/2 shape=[ 1, 1, 2, 2 ] tors=[ 4, 4 ] order4=12 norm111=0 xTpass=0
  D4 above=T1 pat=000 resclass=[ 695130, 286230, 119 ] xT=false
  D4 above=T1 pat=000 resclass=[ 695130, 286230, 119 ] xT=false
  D4 above=T3 pat=000 resclass=[ 119, 5, 595 ] xT=false
  D4 above=T2 pat=000 resclass=[ 286230, 57246, 5 ] xT=false
  D4 above=T3 pat=000 resclass=[ 119, 5, 595 ] xT=false
  D4 above=T2 pat=000 resclass=[ 286230, 57246, 5 ] xT=false
  D4 above=T1 pat=000 resclass=[ 695130, 286230, 119 ] xT=false
  D4 above=T1 pat=000 resclass=[ 695130, 286230, 119 ] xT=false
  D4 above=T3 pat=000 resclass=[ 119, 5, 595 ] xT=false
  D4 above=T2 pat=000 resclass=[ 286230, 57246, 5 ] xT=false
  D4 above=T3 pat=000 resclass=[ 119, 5, 595 ] xT=false
  D4 above=T2 pat=000 resclass=[ 286230, 57246, 5 ] xT=false
MEMBER stv 4 4/3 2/3 shape=[ 1, 1, 2, 2 ] tors=[ 4, 4 ] order4=12 norm111=0 xTpass=0
  D4 above=T3 pat=000 resclass=[ 1247, 7, 8729 ] xT=false
  D4 above=T3 pat=000 resclass=[ 1247, 7, 8729 ] xT=false
  D4 above=T2 pat=000 resclass=[ 78330, 11190, 7 ] xT=false
  D4 above=T1 pat=000 resclass=[ 97677510, 78330, 1247 ] xT=false
  D4 above=T2 pat=000 resclass=[ 78330, 11190, 7 ] xT=false
  D4 above=T1 pat=000 resclass=[ 97677510, 78330, 1247 ] xT=false
  D4 above=T3 pat=000 resclass=[ 1247, 7, 8729 ] xT=false
  D4 above=T3 pat=000 resclass=[ 1247, 7, 8729 ] xT=false
  D4 above=T2 pat=000 resclass=[ 78330, 11190, 7 ] xT=false
  D4 above=T1 pat=000 resclass=[ 97677510, 78330, 1247 ] xT=false
  D4 above=T2 pat=000 resclass=[ 78330, 11190, 7 ] xT=false
  D4 above=T1 pat=000 resclass=[ 97677510, 78330, 1247 ] xT=false
MEMBER stv 3/2 14/15 -9/7 shape=[ 1, 1, 2, 2 ] tors=[ 4, 4 ] order4=12 norm111=0 xTpass=0
  D4 above=T2 pat=000 resclass=[ 3452143499, -119039431, -29 ] xT=false
  D4 above=T2 pat=000 resclass=[ 3452143499, -119039431, -29 ] xT=false
  D4 above=T3 pat=000 resclass=[ 452261, -29, -13115569 ] xT=false
  D4 above=T1 pat=000 resclass=[ 1561269871001239, 3452143499, 452261 ] xT=false
  D4 above=T3 pat=000 resclass=[ 452261, -29, -13115569 ] xT=false
  D4 above=T1 pat=000 resclass=[ 1561269871001239, 3452143499, 452261 ] xT=false
  D4 above=T2 pat=000 resclass=[ 3452143499, -119039431, -29 ] xT=false
  D4 above=T2 pat=000 resclass=[ 3452143499, -119039431, -29 ] xT=false
  D4 above=T3 pat=000 resclass=[ 452261, -29, -13115569 ] xT=false
  D4 above=T1 pat=000 resclass=[ 1561269871001239, 3452143499, 452261 ] xT=false
  D4 above=T3 pat=000 resclass=[ 452261, -29, -13115569 ] xT=false
  D4 above=T1 pat=000 resclass=[ 1561269871001239, 3452143499, 452261 ] xT=false
MEMBER stv 1/2 17/16 -20/9 shape=[ 1, 1, 2, 2 ] tors=[ 4, 4 ] order4=12 norm111=0 xTpass=0
  D4 above=T1 pat=000 resclass=[ -31660167, -18681465, 15295 ] xT=false
  D4 above=T1 pat=000 resclass=[ -31660167, -18681465, 15295 ] xT=false
  D4 above=T2 pat=000 resclass=[ -18681465, -566105, 33 ] xT=false
  D4 above=T3 pat=000 resclass=[ 15295, 33, 504735 ] xT=false
  D4 above=T2 pat=000 resclass=[ -18681465, -566105, 33 ] xT=false
  D4 above=T3 pat=000 resclass=[ 15295, 33, 504735 ] xT=false
  D4 above=T1 pat=000 resclass=[ -31660167, -18681465, 15295 ] xT=false
  D4 above=T1 pat=000 resclass=[ -31660167, -18681465, 15295 ] xT=false
  D4 above=T2 pat=000 resclass=[ -18681465, -566105, 33 ] xT=false
  D4 above=T3 pat=000 resclass=[ 15295, 33, 504735 ] xT=false
  D4 above=T2 pat=000 resclass=[ -18681465, -566105, 33 ] xT=false
  D4 above=T3 pat=000 resclass=[ 15295, 33, 504735 ] xT=false
MEMBER stv 15/11 11/13 5/3 shape=[ 1, 1, 2, 2 ] tors=[ 4, 4 ] order4=12 norm111=0 xTpass=0
  D4 above=T3 pat=000 resclass=[ 683049, -3, -227683 ] xT=false
  D4 above=T3 pat=000 resclass=[ 683049, -3, -227683 ] xT=false
  D4 above=T1 pat=000 resclass=[ -2819140168795, -37145595, 683049 ] xT=false
  D4 above=T2 pat=000 resclass=[ -37145595, 12381865, -3 ] xT=false
  D4 above=T1 pat=000 resclass=[ -2819140168795, -37145595, 683049 ] xT=false
  D4 above=T2 pat=000 resclass=[ -37145595, 12381865, -3 ] xT=false
  D4 above=T3 pat=000 resclass=[ 683049, -3, -227683 ] xT=false
  D4 above=T3 pat=000 resclass=[ 683049, -3, -227683 ] xT=false
  D4 above=T1 pat=000 resclass=[ -2819140168795, -37145595, 683049 ] xT=false
  D4 above=T2 pat=000 resclass=[ -37145595, 12381865, -3 ] xT=false
  D4 above=T1 pat=000 resclass=[ -2819140168795, -37145595, 683049 ] xT=false
  D4 above=T2 pat=000 resclass=[ -37145595, 12381865, -3 ] xT=false
PART_DONE part=81
