MEMBER stv 1/4 1/3 2 shape=[ 1, 1, 2, 2 ] tors=[ 4, 4 ] order4=12 norm111=0 xTpass=0
  D4 above=T2 pat=000 resclass=[ -857, 1714, -2 ] xT=false
  D4 above=T2 pat=000 resclass=[ -857, 1714, -2 ] xT=false
  D4 above=T3 pat=000 resclass=[ -943, -2, 1886 ] xT=false
  D4 above=T1 pat=000 resclass=[ 808151, -857, -943 ] xT=false
  D4 above=T3 pat=000 resclass=[ -943, -2, 1886 ] xT=false
  D4 above=T1 pat=000 resclass=[ 808151, -857, -943 ] xT=false
  D4 above=T2 pat=000 resclass=[ -857, 1714, -2 ] xT=false
  D4 above=T2 pat=000 resclass=[ -857, 1714, -2 ] xT=false
  D4 above=T3 pat=000 resclass=[ -943, -2, 1886 ] xT=false
  D4 above=T1 pat=000 resclass=[ 808151, -857, -943 ] xT=false
  D4 above=T3 pat=000 resclass=[ -943, -2, 1886 ] xT=false
  D4 above=T1 pat=000 resclass=[ 808151, -857, -943 ] xT=false
MEMBER stv 1/3 1/4 3/4 shape=[ 1, 1, 2, 2 ] tors=[ 4, 4 ] order4=12 norm111=0 xTpass=0
  D4 above=T2 pat=000 resclass=[ -225095, 135057, -15 ] xT=false
  D4 above=T2 pat=000 resclass=[ -225095, 135057, -15 ] xT=false
  D4 above=T1 pat=000 resclass=[ 398193055, -225095, -1769 ] xT=false
  D4 above=T3 pat=000 resclass=[ -1769, -15, 26535 ] xT=false
  D4 above=T1 pat=000 resclass=[ 398193055, -225095, -1769 ] xT=false
  D4 above=T3 pat=000 resclass=[ -1769, -15, 26535 ] xT=false
  D4 above=T2 pat=000 resclass=[ -225095, 135057, -15 ] xT=false
  D4 above=T2 pat=000 resclass=[ -225095, 135057, -15 ] xT=false
  D4 above=T1 pat=000 resclass=[ 398193055, -225095, -1769 ] xT=false
  D4 above=T3 pat=000 resclass=[ -1769, -15, 26535 ] xT=false
  D4 above=T1 pat=000 resclass=[ 398193055, -225095, -1769 ] xT=false
  D4 above=T3 pat=000 resclass=[ -1769, -15, 26535 ] xT=false
MEMBER stv 1/3 4 1/4 shape=[ 1, 1, 2, 2 ] tors=[ 4, 4 ] order4=12 norm111=0 xTpass=0
  D4 above=T3 pat=000 resclass=[ -506, 15, -7590 ] xT=false
  D4 above=T3 pat=000 resclass=[ -506, 15, -7590 ] xT=false
  D4 above=T2 pat=000 resclass=[ -1178265, -78551, 15 ] xT=false
  D4 above=T1 pat=000 resclass=[ 4927290, -1178265, -506 ] xT=false
  D4 above=T2 pat=000 resclass=[ -1178265, -78551, 15 ] xT=false
  D4 above=T1 pat=000 resclass=[ 4927290, -1178265, -506 ] xT=false
  D4 above=T3 pat=000 resclass=[ -506, 15, -7590 ] xT=false
  D4 above=T3 pat=000 resclass=[ -506, 15, -7590 ] xT=false
  D4 above=T2 pat=000 resclass=[ -1178265, -78551, 15 ] xT=false
  D4 above=T1 pat=000 resclass=[ 4927290, -1178265, -506 ] xT=false
  D4 above=T2 pat=000 resclass=[ -1178265, -78551, 15 ] xT=false
  D4 above=T1 pat=000 resclass=[ 4927290, -1178265, -506 ] xT=false
MEMBER stv 1/2 2 3/2 shape=[ 1, 1, 2, 2 ] tors=[ 4, 4 ] order4=12 norm111=0 xTpass=0
  D4 above=T1 pat=000 resclass=[ 2090, -2926, -35 ] xT=false
  D4 above=T1 pat=000 resclass=[ 2090, -2926, -35 ] xT=false
  D4 above=T2 pat=000 resclass=[ -2926, -8778, 3 ] xT=false
  D4 above=T3 pat=000 resclass=[ -35, 3, -105 ] xT=false
  D4 above=T2 pat=000 resclass=[ -2926, -8778, 3 ] xT=false
  D4 above=T3 pat=000 resclass=[ -35, 3, -105 ] xT=false
  D4 above=T1 pat=000 resclass=[ 2090, -2926, -35 ] xT=false
  D4 above=T1 pat=000 resclass=[ 2090, -2926, -35 ] xT=false
  D4 above=T2 pat=000 resclass=[ -2926, -8778, 3 ] xT=false
  D4 above=T3 pat=000 resclass=[ -35, 3, -105 ] xT=false
  D4 above=T2 pat=000 resclass=[ -2926, -8778, 3 ] xT=false
  D4 above=T3 pat=000 resclass=[ -35, 3, -105 ] xT=false
MEMBER stv 2/3 3/2 2/3 shape=[ 1, 1, 2, 2 ] tors=[ 4, 4 ] order4=12 norm111=0 xTpass=0
  D4 above=T2 pat=000 resclass=[ -105, -21, 5 ] xT=false
  D4 above=T2 pat=000 resclass=[ -105, -21, 5 ] xT=false
  D4 above=T1 pat=000 resclass=[ 345, -105, -161 ] xT=false
  D4 above=T3 pat=000 resclass=[ -161, 5, -805 ] xT=false
  D4 above=T1 pat=000 resclass=[ 345, -105, -161 ] xT=false
  D4 above=T3 pat=000 resclass=[ -161, 5, -805 ] xT=false
  D4 above=T2 pat=000 resclass=[ -105, -21, 5 ] xT=false
  D4 above=T2 pat=000 resclass=[ -105, -21, 5 ] xT=false
  D4 above=T1 pat=000 resclass=[ 345, -105, -161 ] xT=false
  D4 above=T3 pat=000 resclass=[ -161, 5, -805 ] xT=false
  D4 above=T1 pat=000 resclass=[ 345, -105, -161 ] xT=false
  D4 above=T3 pat=000 resclass=[ -161, 5, -805 ] xT=false
MEMBER stv 3/4 3/4 4 shape=[ 1, 1, 2, 2 ] tors=[ 4, 4 ] order4=12 norm111=0 xTpass=0
  D4 above=T2 pat=000 resclass=[ -24661, 3523, -7 ] xT=false
  D4 above=T2 pat=000 resclass=[ -24661, 3523, -7 ] xT=false
  D4 above=T3 pat=000 resclass=[ 95, -7, -665 ] xT=false
  D4 above=T1 pat=000 resclass=[ -2342795, -24661, 95 ] xT=false
  D4 above=T3 pat=000 resclass=[ 95, -7, -665 ] xT=false
  D4 above=T1 pat=000 resclass=[ -2342795, -24661, 95 ] xT=false
  D4 above=T2 pat=000 resclass=[ -24661, 3523, -7 ] xT=false
  D4 above=T2 pat=000 resclass=[ -24661, 3523, -7 ] xT=false
  D4 above=T3 pat=000 resclass=[ 95, -7, -665 ] xT=false
  D4 above=T1 pat=000 resclass=[ -2342795, -24661, 95 ] xT=false
  D4 above=T3 pat=000 resclass=[ 95, -7, -665 ] xT=false
  D4 above=T1 pat=000 resclass=[ -2342795, -24661, 95 ] xT=false
MEMBER stv 1 2/3 4/3 shape=[ 1, 1, 2, 2 ] tors=[ 4, 4 ] order4=12 norm111=0 xTpass=0
  D4 above=T2 pat=000 resclass=[ -67935, 13587, -5 ] xT=false
  D4 above=T2 pat=000 resclass=[ -67935, 13587, -5 ] xT=false
  D4 above=T1 pat=000 resclass=[ -19410, -67935, 14 ] xT=false
  D4 above=T3 pat=000 resclass=[ 14, -5, -70 ] xT=false
  D4 above=T1 pat=000 resclass=[ -19410, -67935, 14 ] xT=false
  D4 above=T3 pat=000 resclass=[ 14, -5, -70 ] xT=false
  D4 above=T2 pat=000 resclass=[ -67935, 13587, -5 ] xT=false
  D4 above=T2 pat=000 resclass=[ -67935, 13587, -5 ] xT=false
  D4 above=T1 pat=000 resclass=[ -19410, -67935, 14 ] xT=false
  D4 above=T3 pat=000 resclass=[ 14, -5, -70 ] xT=false
  D4 above=T1 pat=000 resclass=[ -19410, -67935, 14 ] xT=false
  D4 above=T3 pat=000 resclass=[ 14, -5, -70 ] xT=false
MEMBER stv 4/3 1/2 1/2 shape=[ 1, 1, 2, 2 ] tors=[ 4, 4 ] order4=12 norm111=0 xTpass=0
  D4 above=T3 pat=000 resclass=[ 7, -3, -21 ] xT=false
  D4 above=T3 pat=000 resclass=[ 7, -3, -21 ] xT=false
  D4 above=T1 pat=000 resclass=[ -203847, -29121, 7 ] xT=false
  D4 above=T2 pat=000 resclass=[ -29121, 9707, -3 ] xT=false
  D4 above=T1 pat=000 resclass=[ -203847, -29121, 7 ] xT=false
  D4 above=T2 pat=000 resclass=[ -29121, 9707, -3 ] xT=false
  D4 above=T3 pat=000 resclass=[ 7, -3, -21 ] xT=false
  D4 above=T3 pat=000 resclass=[ 7, -3, -21 ] xT=false
  D4 above=T1 pat=000 resclass=[ -203847, -29121, 7 ] xT=false
  D4 above=T2 pat=000 resclass=[ -29121, 9707, -3 ] xT=false
  D4 above=T1 pat=000 resclass=[ -203847, -29121, 7 ] xT=false
  D4 above=T2 pat=000 resclass=[ -29121, 9707, -3 ] xT=false
MEMBER stv 3/2 1/4 3 shape=[ 1, 1, 2, 2 ] tors=[ 4, 4 ] order4=12 norm111=0 xTpass=0
  D4 above=T1 pat=000 resclass=[ -12265305, -314495, 39 ] xT=false
  D4 above=T1 pat=000 resclass=[ -12265305, -314495, 39 ] xT=false
  D4 above=T3 pat=000 resclass=[ 39, -15, -65 ] xT=false
  D4 above=T2 pat=000 resclass=[ -314495, 188697, -15 ] xT=false
  D4 above=T3 pat=000 resclass=[ 39, -15, -65 ] xT=false
  D4 above=T2 pat=000 resclass=[ -314495, 188697, -15 ] xT=false
  D4 above=T1 pat=000 resclass=[ -12265305, -314495, 39 ] xT=false
  D4 above=T1 pat=000 resclass=[ -12265305, -314495, 39 ] xT=false
  D4 above=T3 pat=000 resclass=[ 39, -15, -65 ] xT=false
  D4 above=T2 pat=000 resclass=[ -314495, 188697, -15 ] xT=false
  D4 above=T3 pat=000 resclass=[ 39, -15, -65 ] xT=false
  D4 above=T2 pat=000 resclass=[ -314495, 188697, -15 ] xT=false
MEMBER stv 3/2 4 1 shape=[ 1, 1, 2, 2 ] tors=[ 4, 4 ] order4=12 norm111=0 xTpass=0
  D4 above=T2 pat=000 resclass=[ -184665, -12311, 15 ] xT=false
  D4 above=T2 pat=000 resclass=[ -184665, -12311, 15 ] xT=false
  D4 above=T3 pat=000 resclass=[ -11, 15, -165 ] xT=false
  D4 above=T1 pat=000 resclass=[ 2031315, -184665, -11 ] xT=false
  D4 above=T3 pat=000 resclass=[ -11, 15, -165 ] xT=false
  D4 above=T1 pat=000 resclass=[ 2031315, -184665, -11 ] xT=false
  D4 above=T2 pat=000 resclass=[ -184665, -12311, 15 ] xT=false
  D4 above=T2 pat=000 resclass=[ -184665, -12311, 15 ] xT=false
  D4 above=T3 pat=000 resclass=[ -11, 15, -165 ] xT=false
  D4 above=T1 pat=000 resclass=[ 2031315, -184665, -11 ] xT=false
  D4 above=T3 pat=000 resclass=[ -11, 15, -165 ] xT=false
  D4 above=T1 pat=000 resclass=[ 2031315, -184665, -11 ] xT=false
MEMBER stv 2 3 1/3 shape=[ 1, 1, 2, 2 ] tors=[ 4, 4 ] order4=12 norm111=0 xTpass=0
  D4 above=T2 pat=000 resclass=[ -2730, -1365, 2 ] xT=false
  D4 above=T2 pat=000 resclass=[ -2730, -1365, 2 ] xT=false
  D4 above=T1 pat=000 resclass=[ 182, -2730, -15 ] xT=false
  D4 above=T3 pat=000 resclass=[ -15, 2, -30 ] xT=false
  D4 above=T1 pat=000 resclass=[ 182, -2730, -15 ] xT=false
  D4 above=T3 pat=000 resclass=[ -15, 2, -30 ] xT=false
  D4 above=T2 pat=000 resclass=[ -2730, -1365, 2 ] xT=false
  D4 above=T2 pat=000 resclass=[ -2730, -1365, 2 ] xT=false
  D4 above=T1 pat=000 resclass=[ 182, -2730, -15 ] xT=false
  D4 above=T3 pat=000 resclass=[ -15, 2, -30 ] xT=false
  D4 above=T1 pat=000 resclass=[ 182, -2730, -15 ] xT=false
  D4 above=T3 pat=000 resclass=[ -15, 2, -30 ] xT=false
MEMBER stv 3 3/2 2 shape=[ 1, 1, 2, 2 ] tors=[ 4, 4 ] order4=12 norm111=0 xTpass=0
  D4 above=T1 pat=000 resclass=[ 1209635, 10165, 119 ] xT=false
  D4 above=T1 pat=000 resclass=[ 1209635, 10165, 119 ] xT=false
  D4 above=T2 pat=000 resclass=[ 10165, 2033, 5 ] xT=false
  D4 above=T3 pat=000 resclass=[ 119, 5, 595 ] xT=false
  D4 above=T2 pat=000 resclass=[ 10165, 2033, 5 ] xT=false
  D4 above=T3 pat=000 resclass=[ 119, 5, 595 ] xT=false
  D4 above=T1 pat=000 resclass=[ 1209635, 10165, 119 ] xT=false
  D4 above=T1 pat=000 resclass=[ 1209635, 10165, 119 ] xT=false
  D4 above=T2 pat=000 resclass=[ 10165, 2033, 5 ] xT=false
  D4 above=T3 pat=000 resclass=[ 119, 5, 595 ] xT=false
  D4 above=T2 pat=000 resclass=[ 10165, 2033, 5 ] xT=false
  D4 above=T3 pat=000 resclass=[ 119, 5, 595 ] xT=false
MEMBER stv 4 4/3 3/4 shape=[ 1, 1, 2, 2 ] tors=[ 4, 4 ] order4=12 norm111=0 xTpass=0
  D4 above=T1 pat=000 resclass=[ 36653071, 29393, 1247 ] xT=false
  D4 above=T1 pat=000 resclass=[ 36653071, 29393, 1247 ] xT=false
  D4 above=T3 pat=000 resclass=[ 1247, 7, 8729 ] xT=false
  D4 above=T2 pat=000 resclass=[ 29393, 4199, 7 ] xT=false
  D4 above=T3 pat=000 resclass=[ 1247, 7, 8729 ] xT=false
  D4 above=T2 pat=000 resclass=[ 29393, 4199, 7 ] xT=false
  D4 above=T1 pat=000 resclass=[ 36653071, 29393, 1247 ] xT=false
  D4 above=T1 pat=000 resclass=[ 36653071, 29393, 1247 ] xT=false
  D4 above=T3 pat=000 resclass=[ 1247, 7, 8729 ] xT=false
  D4 above=T2 pat=000 resclass=[ 29393, 4199, 7 ] xT=false
  D4 above=T3 pat=000 resclass=[ 1247, 7, 8729 ] xT=false
  D4 above=T2 pat=000 resclass=[ 29393, 4199, 7 ] xT=false
MEMBER stv 1 7/9 -5/6 shape=[ 1, 1, 2, 2 ] tors=[ 4, 4 ] order4=12 norm111=0 xTpass=0
  D4 above=T3 pat=000 resclass=[ 113, -2, -226 ] xT=false
  D4 above=T3 pat=000 resclass=[ 113, -2, -226 ] xT=false
  D4 above=T2 pat=000 resclass=[ -19185, 38370, -2 ] xT=false
  D4 above=T1 pat=000 resclass=[ -2167905, -19185, 113 ] xT=false
  D4 above=T2 pat=000 resclass=[ -19185, 38370, -2 ] xT=false
  D4 above=T1 pat=000 resclass=[ -2167905, -19185, 113 ] xT=false
  D4 above=T3 pat=000 resclass=[ 113, -2, -226 ] xT=false
  D4 above=T3 pat=000 resclass=[ 113, -2, -226 ] xT=false
  D4 above=T2 pat=000 resclass=[ -19185, 38370, -2 ] xT=false
  D4 above=T1 pat=000 resclass=[ -2167905, -19185, 113 ] xT=false
  D4 above=T2 pat=000 resclass=[ -19185, 38370, -2 ] xT=false
  D4 above=T1 pat=000 resclass=[ -2167905, -19185, 113 ] xT=false
MEMBER stv 11/4 17/3 8/3 shape=[ 1, 1, 2, 2 ] tors=[ 4, 4 ] order4=12 norm111=0 xTpass=0
  D4 above=T3 pat=000 resclass=[ -1244599, 70, -87121930 ] xT=false
  D4 above=T3 pat=000 resclass=[ -1244599, 70, -87121930 ] xT=false
  D4 above=T2 pat=000 resclass=[ -17127914055, -978737946, 70 ] xT=false
  D4 above=T1 pat=000 resclass=[ 21317384704938945, -17127914055, -1244599 ] xT=false
  D4 above=T2 pat=000 resclass=[ -17127914055, -978737946, 70 ] xT=false
  D4 above=T1 pat=000 resclass=[ 21317384704938945, -17127914055, -1244599 ] xT=false
  D4 above=T3 pat=000 resclass=[ -1244599, 70, -87121930 ] xT=false
  D4 above=T3 pat=000 resclass=[ -1244599, 70, -87121930 ] xT=false
  D4 above=T2 pat=000 resclass=[ -17127914055, -978737946, 70 ] xT=false
  D4 above=T1 pat=000 resclass=[ 21317384704938945, -17127914055, -1244599 ] xT=false
  D4 above=T2 pat=000 resclass=[ -17127914055, -978737946, 70 ] xT=false
  D4 above=T1 pat=000 resclass=[ 21317384704938945, -17127914055, -1244599 ] xT=false
MEMBER stv 9/10 4/3 -6 shape=[ 1, 1, 2, 2 ] tors=[ 4, 4 ] order4=12 norm111=0 xTpass=0
  D4 above=T2 pat=000 resclass=[ 16182278, 2311754, 7 ] xT=false
  D4 above=T2 pat=000 resclass=[ 16182278, 2311754, 7 ] xT=false
  D4 above=T3 pat=000 resclass=[ 1661, 7, 11627 ] xT=false
  D4 above=T1 pat=000 resclass=[ 26878763758, 16182278, 1661 ] xT=false
  D4 above=T3 pat=000 resclass=[ 1661, 7, 11627 ] xT=false
  D4 above=T1 pat=000 resclass=[ 26878763758, 16182278, 1661 ] xT=false
  D4 above=T2 pat=000 resclass=[ 16182278, 2311754, 7 ] xT=false
  D4 above=T2 pat=000 resclass=[ 16182278, 2311754, 7 ] xT=false
  D4 above=T3 pat=000 resclass=[ 1661, 7, 11627 ] xT=false
  D4 above=T1 pat=000 resclass=[ 26878763758, 16182278, 1661 ] xT=false
  D4 above=T3 pat=000 resclass=[ 1661, 7, 11627 ] xT=false
  D4 above=T1 pat=000 resclass=[ 26878763758, 16182278, 1661 ] xT=false
PART_DONE part=83
