MEMBER stv 1/4 1/3 -2 shape=[ 1, 1, 2, 2 ] tors=[ 4, 4 ] order4=12 norm111=0 xTpass=0
  D4 above=T2 pat=000 resclass=[ 3073, -6146, -2 ] xT=false
  D4 above=T2 pat=000 resclass=[ 3073, -6146, -2 ] xT=false
  D4 above=T3 pat=000 resclass=[ -943, -2, 1886 ] xT=false
  D4 above=T1 pat=000 resclass=[ -2897839, 3073, -943 ] xT=false
  D4 above=T3 pat=000 resclass=[ -943, -2, 1886 ] xT=false
  D4 above=T1 pat=000 resclass=[ -2897839, 3073, -943 ] xT=false
  D4 above=T2 pat=000 resclass=[ 3073, -6146, -2 ] xT=false
  D4 above=T2 pat=000 resclass=[ 3073, -6146, -2 ] xT=false
  D4 above=T3 pat=000 resclass=[ -943, -2, 1886 ] xT=false
  D4 above=T1 pat=000 resclass=[ -2897839, 3073, -943 ] xT=false
  D4 above=T3 pat=000 resclass=[ -943, -2, 1886 ] xT=false
  D4 above=T1 pat=000 resclass=[ -2897839, 3073, -943 ] xT=false
MEMBER stv 1/3 1/4 -3/4 shape=[ 1, 1, 2, 2 ] tors=[ 4, 4 ] order4=12 norm111=0 xTpass=0
  D4 above=T3 pat=000 resclass=[ -1769, -15, 26535 ] xT=false
  D4 above=T3 pat=000 resclass=[ -1769, -15, 26535 ] xT=false
  D4 above=T2 pat=000 resclass=[ 147455, -88473, -15 ] xT=false
  D4 above=T1 pat=000 resclass=[ -260847895, 147455, -1769 ] xT=false
  D4 above=T2 pat=000 resclass=[ 147455, -88473, -15 ] xT=false
  D4 above=T1 pat=000 resclass=[ -260847895, 147455, -1769 ] xT=false
  D4 above=T3 pat=000 resclass=[ -1769, -15, 26535 ] xT=false
  D4 above=T3 pat=000 resclass=[ -1769, -15, 26535 ] xT=false
  D4 above=T2 pat=000 resclass=[ 147455, -88473, -15 ] xT=false
  D4 above=T1 pat=000 resclass=[ -260847895, 147455, -1769 ] xT=false
  D4 above=T2 pat=000 resclass=[ 147455, -88473, -15 ] xT=false
  D4 above=T1 pat=000 resclass=[ -260847895, 147455, -1769 ] xT=false
MEMBER stv 1/3 4 -1/4 shape=[ 1, 1, 2, 2 ] tors=[ 4, 4 ] order4=12 norm111=0 xTpass=0
  D4 above=T2 pat=000 resclass=[ -46095, -3073, 15 ] xT=false
  D4 above=T2 pat=000 resclass=[ -46095, -3073, 15 ] xT=false
  D4 above=T1 pat=000 resclass=[ 23324070, -46095, -506 ] xT=false
  D4 above=T3 pat=000 resclass=[ -506, 15, -7590 ] xT=false
  D4 above=T1 pat=000 resclass=[ 23324070, -46095, -506 ] xT=false
  D4 above=T3 pat=000 resclass=[ -506, 15, -7590 ] xT=false
  D4 above=T2 pat=000 resclass=[ -46095, -3073, 15 ] xT=false
  D4 above=T2 pat=000 resclass=[ -46095, -3073, 15 ] xT=false
  D4 above=T1 pat=000 resclass=[ 23324070, -46095, -506 ] xT=false
  D4 above=T3 pat=000 resclass=[ -506, 15, -7590 ] xT=false
  D4 above=T1 pat=000 resclass=[ 23324070, -46095, -506 ] xT=false
  D4 above=T3 pat=000 resclass=[ -506, 15, -7590 ] xT=false
MEMBER stv 1/2 2 -3/2 shape=[ 1, 1, 2, 2 ] tors=[ 4, 4 ] order4=12 norm111=0 xTpass=0
  D4 above=T1 pat=000 resclass=[ 2086, -1490, -35 ] xT=false
  D4 above=T1 pat=000 resclass=[ 2086, -1490, -35 ] xT=false
  D4 above=T3 pat=000 resclass=[ -35, 3, -105 ] xT=false
  D4 above=T2 pat=000 resclass=[ -1490, -4470, 3 ] xT=false
  D4 above=T3 pat=000 resclass=[ -35, 3, -105 ] xT=false
  D4 above=T2 pat=000 resclass=[ -1490, -4470, 3 ] xT=false
  D4 above=T1 pat=000 resclass=[ 2086, -1490, -35 ] xT=false
  D4 above=T1 pat=000 resclass=[ 2086, -1490, -35 ] xT=false
  D4 above=T3 pat=000 resclass=[ -35, 3, -105 ] xT=false
  D4 above=T2 pat=000 resclass=[ -1490, -4470, 3 ] xT=false
  D4 above=T3 pat=000 resclass=[ -35, 3, -105 ] xT=false
  D4 above=T2 pat=000 resclass=[ -1490, -4470, 3 ] xT=false
MEMBER stv 2/3 3/2 -2/3 shape=[ 1, 1, 2, 2 ] tors=[ 4, 4 ] order4=12 norm111=0 xTpass=0
  D4 above=T2 pat=000 resclass=[ -158745, -31749, 5 ] xT=false
  D4 above=T2 pat=000 resclass=[ -158745, -31749, 5 ] xT=false
  D4 above=T3 pat=000 resclass=[ -161, 5, -805 ] xT=false
  D4 above=T1 pat=000 resclass=[ 25557945, -158745, -161 ] xT=false
  D4 above=T3 pat=000 resclass=[ -161, 5, -805 ] xT=false
  D4 above=T1 pat=000 resclass=[ 25557945, -158745, -161 ] xT=false
  D4 above=T2 pat=000 resclass=[ -158745, -31749, 5 ] xT=false
  D4 above=T2 pat=000 resclass=[ -158745, -31749, 5 ] xT=false
  D4 above=T3 pat=000 resclass=[ -161, 5, -805 ] xT=false
  D4 above=T1 pat=000 resclass=[ 25557945, -158745, -161 ] xT=false
  D4 above=T3 pat=000 resclass=[ -161, 5, -805 ] xT=false
  D4 above=T1 pat=000 resclass=[ 25557945, -158745, -161 ] xT=false
MEMBER stv 3/4 3/4 -4 shape=[ 1, 1, 2, 2 ] tors=[ 4, 4 ] order4=12 norm111=0 xTpass=0
  D4 above=T2 pat=000 resclass=[ 5005, -715, -7 ] xT=false
  D4 above=T2 pat=000 resclass=[ 5005, -715, -7 ] xT=false
  D4 above=T3 pat=000 resclass=[ 95, -7, -665 ] xT=false
  D4 above=T1 pat=000 resclass=[ 19019, 5005, 95 ] xT=false
  D4 above=T3 pat=000 resclass=[ 95, -7, -665 ] xT=false
  D4 above=T1 pat=000 resclass=[ 19019, 5005, 95 ] xT=false
  D4 above=T2 pat=000 resclass=[ 5005, -715, -7 ] xT=false
  D4 above=T2 pat=000 resclass=[ 5005, -715, -7 ] xT=false
  D4 above=T3 pat=000 resclass=[ 95, -7, -665 ] xT=false
  D4 above=T1 pat=000 resclass=[ 19019, 5005, 95 ] xT=false
  D4 above=T3 pat=000 resclass=[ 95, -7, -665 ] xT=false
  D4 above=T1 pat=000 resclass=[ 19019, 5005, 95 ] xT=false
MEMBER stv 1 2/3 -4/3 shape=[ 1, 1, 2, 2 ] tors=[ 4, 4 ] order4=12 norm111=0 xTpass=0
  D4 above=T2 pat=000 resclass=[ 2415, -483, -5 ] xT=false
  D4 above=T2 pat=000 resclass=[ 2415, -483, -5 ] xT=false
  D4 above=T1 pat=000 resclass=[ 690, 2415, 14 ] xT=false
  D4 above=T3 pat=000 resclass=[ 14, -5, -70 ] xT=false
  D4 above=T1 pat=000 resclass=[ 690, 2415, 14 ] xT=false
  D4 above=T3 pat=000 resclass=[ 14, -5, -70 ] xT=false
  D4 above=T2 pat=000 resclass=[ 2415, -483, -5 ] xT=false
  D4 above=T2 pat=000 resclass=[ 2415, -483, -5 ] xT=false
  D4 above=T1 pat=000 resclass=[ 690, 2415, 14 ] xT=false
  D4 above=T3 pat=000 resclass=[ 14, -5, -70 ] xT=false
  D4 above=T1 pat=000 resclass=[ 690, 2415, 14 ] xT=false
  D4 above=T3 pat=000 resclass=[ 14, -5, -70 ] xT=false
MEMBER stv 4/3 1/2 -1/2 shape=[ 1, 1, 2, 2 ] tors=[ 4, 4 ] order4=12 norm111=0 xTpass=0
  D4 above=T1 pat=000 resclass=[ 105, 15, 7 ] xT=false
  D4 above=T1 pat=000 resclass=[ 105, 15, 7 ] xT=false
  D4 above=T2 pat=000 resclass=[ 15, -5, -3 ] xT=false
  D4 above=T3 pat=000 resclass=[ 7, -3, -21 ] xT=false
  D4 above=T2 pat=000 resclass=[ 15, -5, -3 ] xT=false
  D4 above=T3 pat=000 resclass=[ 7, -3, -21 ] xT=false
  D4 above=T1 pat=000 resclass=[ 105, 15, 7 ] xT=false
  D4 above=T1 pat=000 resclass=[ 105, 15, 7 ] xT=false
  D4 above=T2 pat=000 resclass=[ 15, -5, -3 ] xT=false
  D4 above=T3 pat=000 resclass=[ 7, -3, -21 ] xT=false
  D4 above=T2 pat=000 resclass=[ 15, -5, -3 ] xT=false
  D4 above=T3 pat=000 resclass=[ 7, -3, -21 ] xT=false
MEMBER stv 3/2 1/4 -3 shape=[ 1, 1, 2, 2 ] tors=[ 4, 4 ] order4=12 norm111=0 xTpass=0
  D4 above=T1 pat=000 resclass=[ 6803745, 174455, 39 ] xT=false
  D4 above=T1 pat=000 resclass=[ 6803745, 174455, 39 ] xT=false
  D4 above=T2 pat=000 resclass=[ 174455, -104673, -15 ] xT=false
  D4 above=T3 pat=000 resclass=[ 39, -15, -65 ] xT=false
  D4 above=T2 pat=000 resclass=[ 174455, -104673, -15 ] xT=false
  D4 above=T3 pat=000 resclass=[ 39, -15, -65 ] xT=false
  D4 above=T1 pat=000 resclass=[ 6803745, 174455, 39 ] xT=false
  D4 above=T1 pat=000 resclass=[ 6803745, 174455, 39 ] xT=false
  D4 above=T2 pat=000 resclass=[ 174455, -104673, -15 ] xT=false
  D4 above=T3 pat=000 resclass=[ 39, -15, -65 ] xT=false
  D4 above=T2 pat=000 resclass=[ 174455, -104673, -15 ] xT=false
  D4 above=T3 pat=000 resclass=[ 39, -15, -65 ] xT=false
MEMBER stv 3/2 4 -1 shape=[ 1, 1, 2, 2 ] tors=[ 4, 4 ] order4=12 norm111=0 xTpass=0
  D4 above=T1 pat=000 resclass=[ -31515, 2865, -11 ] xT=false
  D4 above=T1 pat=000 resclass=[ -31515, 2865, -11 ] xT=false
  D4 above=T2 pat=000 resclass=[ 2865, 191, 15 ] xT=false
  D4 above=T3 pat=000 resclass=[ -11, 15, -165 ] xT=false
  D4 above=T2 pat=000 resclass=[ 2865, 191, 15 ] xT=false
  D4 above=T3 pat=000 resclass=[ -11, 15, -165 ] xT=false
  D4 above=T1 pat=000 resclass=[ -31515, 2865, -11 ] xT=false
  D4 above=T1 pat=000 resclass=[ -31515, 2865, -11 ] xT=false
  D4 above=T2 pat=000 resclass=[ 2865, 191, 15 ] xT=false
  D4 above=T3 pat=000 resclass=[ -11, 15, -165 ] xT=false
  D4 above=T2 pat=000 resclass=[ 2865, 191, 15 ] xT=false
  D4 above=T3 pat=000 resclass=[ -11, 15, -165 ] xT=false
MEMBER stv 2 3 -1/3 shape=[ 1, 1, 2, 2 ] tors=[ 4, 4 ] order4=12 norm111=0 xTpass=0
  D4 above=T3 pat=000 resclass=[ -15, 2, -30 ] xT=false
  D4 above=T3 pat=000 resclass=[ -15, 2, -30 ] xT=false
  D4 above=T2 pat=000 resclass=[ 426, 213, 2 ] xT=false
  D4 above=T1 pat=000 resclass=[ -710, 426, -15 ] xT=false
  D4 above=T2 pat=000 resclass=[ 426, 213, 2 ] xT=false
  D4 above=T1 pat=000 resclass=[ -710, 426, -15 ] xT=false
  D4 above=T3 pat=000 resclass=[ -15, 2, -30 ] xT=false
  D4 above=T3 pat=000 resclass=[ -15, 2, -30 ] xT=false
  D4 above=T2 pat=000 resclass=[ 426, 213, 2 ] xT=false
  D4 above=T1 pat=000 resclass=[ -710, 426, -15 ] xT=false
  D4 above=T2 pat=000 resclass=[ 426, 213, 2 ] xT=false
  D4 above=T1 pat=000 resclass=[ -710, 426, -15 ] xT=false
MEMBER stv 3 3/2 -2 shape=[ 1, 1, 2, 2 ] tors=[ 4, 4 ] order4=12 norm111=0 xTpass=0
  D4 above=T1 pat=000 resclass=[ -65, -7735, 119 ] xT=false
  D4 above=T1 pat=000 resclass=[ -65, -7735, 119 ] xT=false
  D4 above=T2 pat=000 resclass=[ -7735, -1547, 5 ] xT=false
  D4 above=T3 pat=000 resclass=[ 119, 5, 595 ] xT=false
  D4 above=T2 pat=000 resclass=[ -7735, -1547, 5 ] xT=false
  D4 above=T3 pat=000 resclass=[ 119, 5, 595 ] xT=false
  D4 above=T1 pat=000 resclass=[ -65, -7735, 119 ] xT=false
  D4 above=T1 pat=000 resclass=[ -65, -7735, 119 ] xT=false
  D4 above=T2 pat=000 resclass=[ -7735, -1547, 5 ] xT=false
  D4 above=T3 pat=000 resclass=[ 119, 5, 595 ] xT=false
  D4 above=T2 pat=000 resclass=[ -7735, -1547, 5 ] xT=false
  D4 above=T3 pat=000 resclass=[ 119, 5, 595 ] xT=false
MEMBER stv 4 4/3 -3/4 shape=[ 1, 1, 2, 2 ] tors=[ 4, 4 ] order4=12 norm111=0 xTpass=0
  D4 above=T1 pat=000 resclass=[ -25829111, -20713, 1247 ] xT=false
  D4 above=T1 pat=000 resclass=[ -25829111, -20713, 1247 ] xT=false
  D4 above=T2 pat=000 resclass=[ -20713, -2959, 7 ] xT=false
  D4 above=T3 pat=000 resclass=[ 1247, 7, 8729 ] xT=false
  D4 above=T2 pat=000 resclass=[ -20713, -2959, 7 ] xT=false
  D4 above=T3 pat=000 resclass=[ 1247, 7, 8729 ] xT=false
  D4 above=T1 pat=000 resclass=[ -25829111, -20713, 1247 ] xT=false
  D4 above=T1 pat=000 resclass=[ -25829111, -20713, 1247 ] xT=false
  D4 above=T2 pat=000 resclass=[ -20713, -2959, 7 ] xT=false
  D4 above=T3 pat=000 resclass=[ 1247, 7, 8729 ] xT=false
  D4 above=T2 pat=000 resclass=[ -20713, -2959, 7 ] xT=false
  D4 above=T3 pat=000 resclass=[ 1247, 7, 8729 ] xT=false
MEMBER stv 3/4 8/7 4/3 shape=[ 1, 1, 2, 2 ] tors=[ 4, 4 ] order4=12 norm111=0 xTpass=0
  D4 above=T2 pat=000 resclass=[ 409045, 245427, 15 ] xT=false
  D4 above=T2 pat=000 resclass=[ 409045, 245427, 15 ] xT=false
  D4 above=T3 pat=000 resclass=[ 2001, 15, 3335 ] xT=false
  D4 above=T1 pat=000 resclass=[ 973245, 409045, 2001 ] xT=false
  D4 above=T3 pat=000 resclass=[ 2001, 15, 3335 ] xT=false
  D4 above=T1 pat=000 resclass=[ 973245, 409045, 2001 ] xT=false
  D4 above=T2 pat=000 resclass=[ 409045, 245427, 15 ] xT=false
  D4 above=T2 pat=000 resclass=[ 409045, 245427, 15 ] xT=false
  D4 above=T3 pat=000 resclass=[ 2001, 15, 3335 ] xT=false
  D4 above=T1 pat=000 resclass=[ 973245, 409045, 2001 ] xT=false
  D4 above=T3 pat=000 resclass=[ 2001, 15, 3335 ] xT=false
  D4 above=T1 pat=000 resclass=[ 973245, 409045, 2001 ] xT=false
MEMBER stv 1 18/11 -2/11 shape=[ 1, 1, 2, 2 ] tors=[ 4, 4 ] order4=12 norm111=0 xTpass=0
  D4 above=T1 pat=000 resclass=[ 2678566121, -130661762, -82 ] xT=false
  D4 above=T1 pat=000 resclass=[ 2678566121, -130661762, -82 ] xT=false
  D4 above=T3 pat=000 resclass=[ -82, 203, -16646 ] xT=false
  D4 above=T2 pat=000 resclass=[ -130661762, -643654, 203 ] xT=false
  D4 above=T3 pat=000 resclass=[ -82, 203, -16646 ] xT=false
  D4 above=T2 pat=000 resclass=[ -130661762, -643654, 203 ] xT=false
  D4 above=T1 pat=000 resclass=[ 2678566121, -130661762, -82 ] xT=false
  D4 above=T1 pat=000 resclass=[ 2678566121, -130661762, -82 ] xT=false
  D4 above=T3 pat=000 resclass=[ -82, 203, -16646 ] xT=false
  D4 above=T2 pat=000 resclass=[ -130661762, -643654, 203 ] xT=false
  D4 above=T3 pat=000 resclass=[ -82, 203, -16646 ] xT=false
  D4 above=T2 pat=000 resclass=[ -130661762, -643654, 203 ] xT=false
MEMBER stv 8 3 -1 INVALID
PART_DONE part=84
