MEMBER stv 1/4 1/3 3 shape=[ 1, 1, 2, 2 ] tors=[ 4, 4 ] order4=12 norm111=0 xTpass=0
  D4 above=T3 pat=000 resclass=[ -943, -2, 1886 ] xT=false
  D4 above=T3 pat=000 resclass=[ -943, -2, 1886 ] xT=false
  D4 above=T1 pat=000 resclass=[ 22969594, -24358, -943 ] xT=false
  D4 above=T2 pat=000 resclass=[ -24358, 12179, -2 ] xT=false
  D4 above=T1 pat=000 resclass=[ 22969594, -24358, -943 ] xT=false
  D4 above=T2 pat=000 resclass=[ -24358, 12179, -2 ] xT=false
  D4 above=T3 pat=000 resclass=[ -943, -2, 1886 ] xT=false
  D4 above=T3 pat=000 resclass=[ -943, -2, 1886 ] xT=false
  D4 above=T1 pat=000 resclass=[ 22969594, -24358, -943 ] xT=false
  D4 above=T2 pat=000 resclass=[ -24358, 12179, -2 ] xT=false
  D4 above=T1 pat=000 resclass=[ 22969594, -24358, -943 ] xT=false
  D4 above=T2 pat=000 resclass=[ -24358, 12179, -2 ] xT=false
MEMBER stv 1/3 1/4 1 shape=[ 1, 1, 2, 2 ] tors=[ 4, 4 ] order4=12 norm111=0 xTpass=0
  D4 above=T2 pat=000 resclass=[ -330, 22, -15 ] xT=false
  D4 above=T2 pat=000 resclass=[ -330, 22, -15 ] xT=false
  D4 above=T3 pat=000 resclass=[ -1769, -15, 26535 ] xT=false
  D4 above=T1 pat=000 resclass=[ 583770, -330, -1769 ] xT=false
  D4 above=T3 pat=000 resclass=[ -1769, -15, 26535 ] xT=false
  D4 above=T1 pat=000 resclass=[ 583770, -330, -1769 ] xT=false
  D4 above=T2 pat=000 resclass=[ -330, 22, -15 ] xT=false
  D4 above=T2 pat=000 resclass=[ -330, 22, -15 ] xT=false
  D4 above=T3 pat=000 resclass=[ -1769, -15, 26535 ] xT=false
  D4 above=T1 pat=000 resclass=[ 583770, -330, -1769 ] xT=false
  D4 above=T3 pat=000 resclass=[ -1769, -15, 26535 ] xT=false
  D4 above=T1 pat=000 resclass=[ 583770, -330, -1769 ] xT=false
MEMBER stv 1/3 4 1/3 shape=[ 1, 1, 2, 2 ] tors=[ 4, 4 ] order4=12 norm111=0 xTpass=0
  D4 above=T3 pat=000 resclass=[ -506, 15, -7590 ] xT=false
  D4 above=T3 pat=000 resclass=[ -506, 15, -7590 ] xT=false
  D4 above=T2 pat=000 resclass=[ -18655, -11193, 15 ] xT=false
  D4 above=T1 pat=000 resclass=[ 9439430, -18655, -506 ] xT=false
  D4 above=T2 pat=000 resclass=[ -18655, -11193, 15 ] xT=false
  D4 above=T1 pat=000 resclass=[ 9439430, -18655, -506 ] xT=false
  D4 above=T3 pat=000 resclass=[ -506, 15, -7590 ] xT=false
  D4 above=T3 pat=000 resclass=[ -506, 15, -7590 ] xT=false
  D4 above=T2 pat=000 resclass=[ -18655, -11193, 15 ] xT=false
  D4 above=T1 pat=000 resclass=[ 9439430, -18655, -506 ] xT=false
  D4 above=T2 pat=000 resclass=[ -18655, -11193, 15 ] xT=false
  D4 above=T1 pat=000 resclass=[ 9439430, -18655, -506 ] xT=false
MEMBER stv 1/2 2 2 shape=[ 1, 1, 2, 2 ] tors=[ 4, 4 ] order4=12 norm111=0 xTpass=0
  D4 above=T3 pat=000 resclass=[ -35, 3, -105 ] xT=false
  D4 above=T3 pat=000 resclass=[ -35, 3, -105 ] xT=false
  D4 above=T2 pat=000 resclass=[ -10, -30, 3 ] xT=false
  D4 above=T1 pat=000 resclass=[ 14, -10, -35 ] xT=false
  D4 above=T2 pat=000 resclass=[ -10, -30, 3 ] xT=false
  D4 above=T1 pat=000 resclass=[ 14, -10, -35 ] xT=false
  D4 above=T3 pat=000 resclass=[ -35, 3, -105 ] xT=false
  D4 above=T3 pat=000 resclass=[ -35, 3, -105 ] xT=false
  D4 above=T2 pat=000 resclass=[ -10, -30, 3 ] xT=false
  D4 above=T1 pat=000 resclass=[ 14, -10, -35 ] xT=false
  D4 above=T2 pat=000 resclass=[ -10, -30, 3 ] xT=false
  D4 above=T1 pat=000 resclass=[ 14, -10, -35 ] xT=false
MEMBER stv 2/3 3/2 3/4 shape=[ 1, 1, 2, 2 ] tors=[ 4, 4 ] order4=12 norm111=0 xTpass=0
  D4 above=T3 pat=000 resclass=[ -161, 5, -805 ] xT=false
  D4 above=T3 pat=000 resclass=[ -161, 5, -805 ] xT=false
  D4 above=T2 pat=000 resclass=[ -2235, -447, 5 ] xT=false
  D4 above=T1 pat=000 resclass=[ 359835, -2235, -161 ] xT=false
  D4 above=T2 pat=000 resclass=[ -2235, -447, 5 ] xT=false
  D4 above=T1 pat=000 resclass=[ 359835, -2235, -161 ] xT=false
  D4 above=T3 pat=000 resclass=[ -161, 5, -805 ] xT=false
  D4 above=T3 pat=000 resclass=[ -161, 5, -805 ] xT=false
  D4 above=T2 pat=000 resclass=[ -2235, -447, 5 ] xT=false
  D4 above=T1 pat=000 resclass=[ 359835, -2235, -161 ] xT=false
  D4 above=T2 pat=000 resclass=[ -2235, -447, 5 ] xT=false
  D4 above=T1 pat=000 resclass=[ 359835, -2235, -161 ] xT=false
MEMBER stv 3/4 4/3 1/4 shape=[ 1, 1, 2, 2 ] tors=[ 4, 4 ] order4=12 norm111=0 xTpass=0
  D4 above=T3 pat=000 resclass=[ -55, 7, -385 ] xT=false
  D4 above=T3 pat=000 resclass=[ -55, 7, -385 ] xT=false
  D4 above=T2 pat=000 resclass=[ 2105831, 300833, 7 ] xT=false
  D4 above=T1 pat=000 resclass=[ -115820705, 2105831, -55 ] xT=false
  D4 above=T2 pat=000 resclass=[ 2105831, 300833, 7 ] xT=false
  D4 above=T1 pat=000 resclass=[ -115820705, 2105831, -55 ] xT=false
  D4 above=T3 pat=000 resclass=[ -55, 7, -385 ] xT=false
  D4 above=T3 pat=000 resclass=[ -55, 7, -385 ] xT=false
  D4 above=T2 pat=000 resclass=[ 2105831, 300833, 7 ] xT=false
  D4 above=T1 pat=000 resclass=[ -115820705, 2105831, -55 ] xT=false
  D4 above=T2 pat=000 resclass=[ 2105831, 300833, 7 ] xT=false
  D4 above=T1 pat=000 resclass=[ -115820705, 2105831, -55 ] xT=false
MEMBER stv 1 2/3 3/2 shape=[ 1, 1, 2, 2 ] tors=[ 4, 4 ] order4=12 norm111=0 xTpass=0
  D4 above=T1 pat=000 resclass=[ -1085, -310, 14 ] xT=false
  D4 above=T1 pat=000 resclass=[ -1085, -310, 14 ] xT=false
  D4 above=T3 pat=000 resclass=[ 14, -5, -70 ] xT=false
  D4 above=T2 pat=000 resclass=[ -310, 62, -5 ] xT=false
  D4 above=T3 pat=000 resclass=[ 14, -5, -70 ] xT=false
  D4 above=T2 pat=000 resclass=[ -310, 62, -5 ] xT=false
  D4 above=T1 pat=000 resclass=[ -1085, -310, 14 ] xT=false
  D4 above=T1 pat=000 resclass=[ -1085, -310, 14 ] xT=false
  D4 above=T3 pat=000 resclass=[ 14, -5, -70 ] xT=false
  D4 above=T2 pat=000 resclass=[ -310, 62, -5 ] xT=false
  D4 above=T3 pat=000 resclass=[ 14, -5, -70 ] xT=false
  D4 above=T2 pat=000 resclass=[ -310, 62, -5 ] xT=false
MEMBER stv 4/3 1/2 2/3 shape=[ 1, 1, 2, 2 ] tors=[ 4, 4 ] order4=12 norm111=0 xTpass=0
  D4 above=T1 pat=000 resclass=[ -206087, -29441, 7 ] xT=false
  D4 above=T1 pat=000 resclass=[ -206087, -29441, 7 ] xT=false
  D4 above=T2 pat=000 resclass=[ -29441, 88323, -3 ] xT=false
  D4 above=T3 pat=000 resclass=[ 7, -3, -21 ] xT=false
  D4 above=T2 pat=000 resclass=[ -29441, 88323, -3 ] xT=false
  D4 above=T3 pat=000 resclass=[ 7, -3, -21 ] xT=false
  D4 above=T1 pat=000 resclass=[ -206087, -29441, 7 ] xT=false
  D4 above=T1 pat=000 resclass=[ -206087, -29441, 7 ] xT=false
  D4 above=T2 pat=000 resclass=[ -29441, 88323, -3 ] xT=false
  D4 above=T3 pat=000 resclass=[ 7, -3, -21 ] xT=false
  D4 above=T2 pat=000 resclass=[ -29441, 88323, -3 ] xT=false
  D4 above=T3 pat=000 resclass=[ 7, -3, -21 ] xT=false
MEMBER stv 3/2 1/4 4 shape=[ 1, 1, 2, 2 ] tors=[ 4, 4 ] order4=12 norm111=0 xTpass=0
  D4 above=T1 pat=000 resclass=[ -17030, -3930, 39 ] xT=false
  D4 above=T1 pat=000 resclass=[ -17030, -3930, 39 ] xT=false
  D4 above=T3 pat=000 resclass=[ 39, -15, -65 ] xT=false
  D4 above=T2 pat=000 resclass=[ -3930, 262, -15 ] xT=false
  D4 above=T3 pat=000 resclass=[ 39, -15, -65 ] xT=false
  D4 above=T2 pat=000 resclass=[ -3930, 262, -15 ] xT=false
  D4 above=T1 pat=000 resclass=[ -17030, -3930, 39 ] xT=false
  D4 above=T1 pat=000 resclass=[ -17030, -3930, 39 ] xT=false
  D4 above=T3 pat=000 resclass=[ 39, -15, -65 ] xT=false
  D4 above=T2 pat=000 resclass=[ -3930, 262, -15 ] xT=false
  D4 above=T3 pat=000 resclass=[ 39, -15, -65 ] xT=false
  D4 above=T2 pat=000 resclass=[ -3930, 262, -15 ] xT=false
MEMBER stv 3/2 4 4/3 shape=[ 1, 1, 2, 2 ] tors=[ 4, 4 ] order4=12 norm111=0 xTpass=0
  D4 above=T1 pat=000 resclass=[ 4345, -395, -11 ] xT=false
  D4 above=T1 pat=000 resclass=[ 4345, -395, -11 ] xT=false
  D4 above=T2 pat=000 resclass=[ -395, -237, 15 ] xT=false
  D4 above=T3 pat=000 resclass=[ -11, 15, -165 ] xT=false
  D4 above=T2 pat=000 resclass=[ -395, -237, 15 ] xT=false
  D4 above=T3 pat=000 resclass=[ -11, 15, -165 ] xT=false
  D4 above=T1 pat=000 resclass=[ 4345, -395, -11 ] xT=false
  D4 above=T1 pat=000 resclass=[ 4345, -395, -11 ] xT=false
  D4 above=T2 pat=000 resclass=[ -395, -237, 15 ] xT=false
  D4 above=T3 pat=000 resclass=[ -11, 15, -165 ] xT=false
  D4 above=T2 pat=000 resclass=[ -395, -237, 15 ] xT=false
  D4 above=T3 pat=000 resclass=[ -11, 15, -165 ] xT=false
MEMBER stv 2 3 1/2 shape=[ 1, 1, 2, 2 ] tors=[ 4, 4 ] order4=12 norm111=0 xTpass=0
  D4 above=T2 pat=000 resclass=[ -11, -22, 2 ] xT=false
  D4 above=T2 pat=000 resclass=[ -11, -22, 2 ] xT=false
  D4 above=T1 pat=000 resclass=[ 165, -11, -15 ] xT=false
  D4 above=T3 pat=000 resclass=[ -15, 2, -30 ] xT=false
  D4 above=T1 pat=000 resclass=[ 165, -11, -15 ] xT=false
  D4 above=T3 pat=000 resclass=[ -15, 2, -30 ] xT=false
  D4 above=T2 pat=000 resclass=[ -11, -22, 2 ] xT=false
  D4 above=T2 pat=000 resclass=[ -11, -22, 2 ] xT=false
  D4 above=T1 pat=000 resclass=[ 165, -11, -15 ] xT=false
  D4 above=T3 pat=000 resclass=[ -15, 2, -30 ] xT=false
  D4 above=T1 pat=000 resclass=[ 165, -11, -15 ] xT=false
  D4 above=T3 pat=000 resclass=[ -15, 2, -30 ] xT=false
MEMBER stv 3 3/2 3 shape=[ 1, 1, 2, 2 ] tors=[ 4, 4 ] order4=12 norm111=0 xTpass=0
  D4 above=T1 pat=000 resclass=[ 79815, 32865, 119 ] xT=false
  D4 above=T1 pat=000 resclass=[ 79815, 32865, 119 ] xT=false
  D4 above=T2 pat=000 resclass=[ 32865, 6573, 5 ] xT=false
  D4 above=T3 pat=000 resclass=[ 119, 5, 595 ] xT=false
  D4 above=T2 pat=000 resclass=[ 32865, 6573, 5 ] xT=false
  D4 above=T3 pat=000 resclass=[ 119, 5, 595 ] xT=false
  D4 above=T1 pat=000 resclass=[ 79815, 32865, 119 ] xT=false
  D4 above=T1 pat=000 resclass=[ 79815, 32865, 119 ] xT=false
  D4 above=T2 pat=000 resclass=[ 32865, 6573, 5 ] xT=false
  D4 above=T3 pat=000 resclass=[ 119, 5, 595 ] xT=false
  D4 above=T2 pat=000 resclass=[ 32865, 6573, 5 ] xT=false
  D4 above=T3 pat=000 resclass=[ 119, 5, 595 ] xT=false
MEMBER stv 4 4/3 1 shape=[ 1, 1, 2, 2 ] tors=[ 4, 4 ] order4=12 norm111=0 xTpass=0
  D4 above=T1 pat=000 resclass=[ 187717145, 150535, 1247 ] xT=false
  D4 above=T1 pat=000 resclass=[ 187717145, 150535, 1247 ] xT=false
  D4 above=T2 pat=000 resclass=[ 150535, 21505, 7 ] xT=false
  D4 above=T3 pat=000 resclass=[ 1247, 7, 8729 ] xT=false
  D4 above=T2 pat=000 resclass=[ 150535, 21505, 7 ] xT=false
  D4 above=T3 pat=000 resclass=[ 1247, 7, 8729 ] xT=false
  D4 above=T1 pat=000 resclass=[ 187717145, 150535, 1247 ] xT=false
  D4 above=T1 pat=000 resclass=[ 187717145, 150535, 1247 ] xT=false
  D4 above=T2 pat=000 resclass=[ 150535, 21505, 7 ] xT=false
  D4 above=T3 pat=000 resclass=[ 1247, 7, 8729 ] xT=false
  D4 above=T2 pat=000 resclass=[ 150535, 21505, 7 ] xT=false
  D4 above=T3 pat=000 resclass=[ 1247, 7, 8729 ] xT=false
MEMBER stv 2/7 4/3 -3 shape=[ 1, 1, 2, 2 ] tors=[ 4, 4 ] order4=12 norm111=0 xTpass=0
  D4 above=T1 pat=000 resclass=[ 3489636241, -1680133, -2077 ] xT=false
  D4 above=T1 pat=000 resclass=[ 3489636241, -1680133, -2077 ] xT=false
  D4 above=T3 pat=000 resclass=[ -2077, 7, -14539 ] xT=false
  D4 above=T2 pat=000 resclass=[ -1680133, -240019, 7 ] xT=false
  D4 above=T3 pat=000 resclass=[ -2077, 7, -14539 ] xT=false
  D4 above=T2 pat=000 resclass=[ -1680133, -240019, 7 ] xT=false
  D4 above=T1 pat=000 resclass=[ 3489636241, -1680133, -2077 ] xT=false
  D4 above=T1 pat=000 resclass=[ 3489636241, -1680133, -2077 ] xT=false
  D4 above=T3 pat=000 resclass=[ -2077, 7, -14539 ] xT=false
  D4 above=T2 pat=000 resclass=[ -1680133, -240019, 7 ] xT=false
  D4 above=T3 pat=000 resclass=[ -2077, 7, -14539 ] xT=false
  D4 above=T2 pat=000 resclass=[ -1680133, -240019, 7 ] xT=false
MEMBER stv 8/5 1/12 5/16 shape=[ 1, 1, 2, 2 ] tors=[ 4, 4 ] order4=12 norm111=0 xTpass=0
  D4 above=T3 pat=000 resclass=[ 815879, -143, -116670697 ] xT=false
  D4 above=T3 pat=000 resclass=[ 815879, -143, -116670697 ] xT=false
  D4 above=T1 pat=000 resclass=[ -1743969661263115, -2137534685, 815879 ] xT=false
  D4 above=T2 pat=000 resclass=[ -2137534685, 14947795, -143 ] xT=false
  D4 above=T1 pat=000 resclass=[ -1743969661263115, -2137534685, 815879 ] xT=false
  D4 above=T2 pat=000 resclass=[ -2137534685, 14947795, -143 ] xT=false
  D4 above=T3 pat=000 resclass=[ 815879, -143, -116670697 ] xT=false
  D4 above=T3 pat=000 resclass=[ 815879, -143, -116670697 ] xT=false
  D4 above=T1 pat=000 resclass=[ -1743969661263115, -2137534685, 815879 ] xT=false
  D4 above=T2 pat=000 resclass=[ -2137534685, 14947795, -143 ] xT=false
  D4 above=T1 pat=000 resclass=[ -1743969661263115, -2137534685, 815879 ] xT=false
  D4 above=T2 pat=000 resclass=[ -2137534685, 14947795, -143 ] xT=false
MEMBER stv 7/10 5/8 1/6 shape=[ 1, 1, 2, 2 ] tors=[ 4, 4 ] order4=12 norm111=0 xTpass=0
  D4 above=T1 pat=000 resclass=[ -141259739323274, -11625359174, 12151 ] xT=false
  D4 above=T1 pat=000 resclass=[ -141259739323274, -11625359174, 12151 ] xT=false
  D4 above=T2 pat=000 resclass=[ -11625359174, 2682775194, -39 ] xT=false
  D4 above=T3 pat=000 resclass=[ 12151, -39, -473889 ] xT=false
  D4 above=T2 pat=000 resclass=[ -11625359174, 2682775194, -39 ] xT=false
  D4 above=T3 pat=000 resclass=[ 12151, -39, -473889 ] xT=false
  D4 above=T1 pat=000 resclass=[ -141259739323274, -11625359174, 12151 ] xT=false
  D4 above=T1 pat=000 resclass=[ -141259739323274, -11625359174, 12151 ] xT=false
  D4 above=T2 pat=000 resclass=[ -11625359174, 2682775194, -39 ] xT=false
  D4 above=T3 pat=000 resclass=[ 12151, -39, -473889 ] xT=false
  D4 above=T2 pat=000 resclass=[ -11625359174, 2682775194, -39 ] xT=false
  D4 above=T3 pat=000 resclass=[ 12151, -39, -473889 ] xT=false
PART_DONE part=85
