MEMBER stv 1/4 1/3 -3 shape=[ 1, 1, 2, 2 ] tors=[ 4, 4 ] order4=12 norm111=0 xTpass=0
  D4 above=T2 pat=000 resclass=[ 5798, -2899, -2 ] xT=false
  D4 above=T2 pat=000 resclass=[ 5798, -2899, -2 ] xT=false
  D4 above=T3 pat=000 resclass=[ -943, -2, 1886 ] xT=false
  D4 above=T1 pat=000 resclass=[ -5467514, 5798, -943 ] xT=false
  D4 above=T3 pat=000 resclass=[ -943, -2, 1886 ] xT=false
  D4 above=T1 pat=000 resclass=[ -5467514, 5798, -943 ] xT=false
  D4 above=T2 pat=000 resclass=[ 5798, -2899, -2 ] xT=false
  D4 above=T2 pat=000 resclass=[ 5798, -2899, -2 ] xT=false
  D4 above=T3 pat=000 resclass=[ -943, -2, 1886 ] xT=false
  D4 above=T1 pat=000 resclass=[ -5467514, 5798, -943 ] xT=false
  D4 above=T3 pat=000 resclass=[ -943, -2, 1886 ] xT=false
  D4 above=T1 pat=000 resclass=[ -5467514, 5798, -943 ] xT=false
MEMBER stv 1/3 1/4 -1 shape=[ 1, 1, 2, 2 ] tors=[ 4, 4 ] order4=12 norm111=0 xTpass=0
  D4 above=T3 pat=000 resclass=[ -1769, -15, 26535 ] xT=false
  D4 above=T3 pat=000 resclass=[ -1769, -15, 26535 ] xT=false
  D4 above=T2 pat=000 resclass=[ 57390, -3826, -15 ] xT=false
  D4 above=T1 pat=000 resclass=[ -101522910, 57390, -1769 ] xT=false
  D4 above=T2 pat=000 resclass=[ 57390, -3826, -15 ] xT=false
  D4 above=T1 pat=000 resclass=[ -101522910, 57390, -1769 ] xT=false
  D4 above=T3 pat=000 resclass=[ -1769, -15, 26535 ] xT=false
  D4 above=T3 pat=000 resclass=[ -1769, -15, 26535 ] xT=false
  D4 above=T2 pat=000 resclass=[ 57390, -3826, -15 ] xT=false
  D4 above=T1 pat=000 resclass=[ -101522910, 57390, -1769 ] xT=false
  D4 above=T2 pat=000 resclass=[ 57390, -3826, -15 ] xT=false
  D4 above=T1 pat=000 resclass=[ -101522910, 57390, -1769 ] xT=false
MEMBER stv 1/3 4 -1/3 shape=[ 1, 1, 2, 2 ] tors=[ 4, 4 ] order4=12 norm111=0 xTpass=0
  D4 above=T1 pat=000 resclass=[ 35948770, -71045, -506 ] xT=false
  D4 above=T1 pat=000 resclass=[ 35948770, -71045, -506 ] xT=false
  D4 above=T2 pat=000 resclass=[ -71045, -42627, 15 ] xT=false
  D4 above=T3 pat=000 resclass=[ -506, 15, -7590 ] xT=false
  D4 above=T2 pat=000 resclass=[ -71045, -42627, 15 ] xT=false
  D4 above=T3 pat=000 resclass=[ -506, 15, -7590 ] xT=false
  D4 above=T1 pat=000 resclass=[ 35948770, -71045, -506 ] xT=false
  D4 above=T1 pat=000 resclass=[ 35948770, -71045, -506 ] xT=false
  D4 above=T2 pat=000 resclass=[ -71045, -42627, 15 ] xT=false
  D4 above=T3 pat=000 resclass=[ -506, 15, -7590 ] xT=false
  D4 above=T2 pat=000 resclass=[ -71045, -42627, 15 ] xT=false
  D4 above=T3 pat=000 resclass=[ -506, 15, -7590 ] xT=false
MEMBER stv 1/2 2 -2 shape=[ 1, 1, 2, 2 ] tors=[ 4, 4 ] order4=12 norm111=0 xTpass=0
  D4 above=T3 pat=000 resclass=[ -35, 3, -105 ] xT=false
  D4 above=T3 pat=000 resclass=[ -35, 3, -105 ] xT=false
  D4 above=T2 pat=000 resclass=[ -6, -2, 3 ] xT=false
  D4 above=T1 pat=000 resclass=[ 210, -6, -35 ] xT=false
  D4 above=T2 pat=000 resclass=[ -6, -2, 3 ] xT=false
  D4 above=T1 pat=000 resclass=[ 210, -6, -35 ] xT=false
  D4 above=T3 pat=000 resclass=[ -35, 3, -105 ] xT=false
  D4 above=T3 pat=000 resclass=[ -35, 3, -105 ] xT=false
  D4 above=T2 pat=000 resclass=[ -6, -2, 3 ] xT=false
  D4 above=T1 pat=000 resclass=[ 210, -6, -35 ] xT=false
  D4 above=T2 pat=000 resclass=[ -6, -2, 3 ] xT=false
  D4 above=T1 pat=000 resclass=[ 210, -6, -35 ] xT=false
MEMBER stv 2/3 3/2 -3/4 shape=[ 1, 1, 2, 2 ] tors=[ 4, 4 ] order4=12 norm111=0 xTpass=0
  D4 above=T1 pat=000 resclass=[ 2574390, -15990, -161 ] xT=false
  D4 above=T1 pat=000 resclass=[ 2574390, -15990, -161 ] xT=false
  D4 above=T2 pat=000 resclass=[ -15990, -3198, 5 ] xT=false
  D4 above=T3 pat=000 resclass=[ -161, 5, -805 ] xT=false
  D4 above=T2 pat=000 resclass=[ -15990, -3198, 5 ] xT=false
  D4 above=T3 pat=000 resclass=[ -161, 5, -805 ] xT=false
  D4 above=T1 pat=000 resclass=[ 2574390, -15990, -161 ] xT=false
  D4 above=T1 pat=000 resclass=[ 2574390, -15990, -161 ] xT=false
  D4 above=T2 pat=000 resclass=[ -15990, -3198, 5 ] xT=false
  D4 above=T3 pat=000 resclass=[ -161, 5, -805 ] xT=false
  D4 above=T2 pat=000 resclass=[ -15990, -3198, 5 ] xT=false
  D4 above=T3 pat=000 resclass=[ -161, 5, -805 ] xT=false
MEMBER stv 3/4 4/3 -1/4 shape=[ 1, 1, 2, 2 ] tors=[ 4, 4 ] order4=12 norm111=0 xTpass=0
  D4 above=T3 pat=000 resclass=[ -55, 7, -385 ] xT=false
  D4 above=T3 pat=000 resclass=[ -55, 7, -385 ] xT=false
  D4 above=T1 pat=000 resclass=[ 43729, -2405095, -55 ] xT=false
  D4 above=T2 pat=000 resclass=[ -2405095, -343585, 7 ] xT=false
  D4 above=T1 pat=000 resclass=[ 43729, -2405095, -55 ] xT=false
  D4 above=T2 pat=000 resclass=[ -2405095, -343585, 7 ] xT=false
  D4 above=T3 pat=000 resclass=[ -55, 7, -385 ] xT=false
  D4 above=T3 pat=000 resclass=[ -55, 7, -385 ] xT=false
  D4 above=T1 pat=000 resclass=[ 43729, -2405095, -55 ] xT=false
  D4 above=T2 pat=000 resclass=[ -2405095, -343585, 7 ] xT=false
  D4 above=T1 pat=000 resclass=[ 43729, -2405095, -55 ] xT=false
  D4 above=T2 pat=000 resclass=[ -2405095, -343585, 7 ] xT=false
MEMBER stv 1 2/3 -3/2 shape=[ 1, 1, 2, 2 ] tors=[ 4, 4 ] order4=12 norm111=0 xTpass=0
  D4 above=T2 pat=000 resclass=[ 470, -94, -5 ] xT=false
  D4 above=T2 pat=000 resclass=[ 470, -94, -5 ] xT=false
  D4 above=T3 pat=000 resclass=[ 14, -5, -70 ] xT=false
  D4 above=T1 pat=000 resclass=[ 1645, 470, 14 ] xT=false
  D4 above=T3 pat=000 resclass=[ 14, -5, -70 ] xT=false
  D4 above=T1 pat=000 resclass=[ 1645, 470, 14 ] xT=false
  D4 above=T2 pat=000 resclass=[ 470, -94, -5 ] xT=false
  D4 above=T2 pat=000 resclass=[ 470, -94, -5 ] xT=false
  D4 above=T3 pat=000 resclass=[ 14, -5, -70 ] xT=false
  D4 above=T1 pat=000 resclass=[ 1645, 470, 14 ] xT=false
  D4 above=T3 pat=000 resclass=[ 14, -5, -70 ] xT=false
  D4 above=T1 pat=000 resclass=[ 1645, 470, 14 ] xT=false
MEMBER stv 4/3 1/2 -2/3 shape=[ 1, 1, 2, 2 ] tors=[ 4, 4 ] order4=12 norm111=0 xTpass=0
  D4 above=T2 pat=000 resclass=[ 335, -1005, -3 ] xT=false
  D4 above=T2 pat=000 resclass=[ 335, -1005, -3 ] xT=false
  D4 above=T3 pat=000 resclass=[ 7, -3, -21 ] xT=false
  D4 above=T1 pat=000 resclass=[ 2345, 335, 7 ] xT=false
  D4 above=T3 pat=000 resclass=[ 7, -3, -21 ] xT=false
  D4 above=T1 pat=000 resclass=[ 2345, 335, 7 ] xT=false
  D4 above=T2 pat=000 resclass=[ 335, -1005, -3 ] xT=false
  D4 above=T2 pat=000 resclass=[ 335, -1005, -3 ] xT=false
  D4 above=T3 pat=000 resclass=[ 7, -3, -21 ] xT=false
  D4 above=T1 pat=000 resclass=[ 2345, 335, 7 ] xT=false
  D4 above=T3 pat=000 resclass=[ 7, -3, -21 ] xT=false
  D4 above=T1 pat=000 resclass=[ 2345, 335, 7 ] xT=false
MEMBER stv 3/2 1/4 -4 shape=[ 1, 1, 2, 2 ] tors=[ 4, 4 ] order4=12 norm111=0 xTpass=0
  D4 above=T3 pat=000 resclass=[ 39, -15, -65 ] xT=false
  D4 above=T3 pat=000 resclass=[ 39, -15, -65 ] xT=false
  D4 above=T2 pat=000 resclass=[ 15810, -1054, -15 ] xT=false
  D4 above=T1 pat=000 resclass=[ 68510, 15810, 39 ] xT=false
  D4 above=T2 pat=000 resclass=[ 15810, -1054, -15 ] xT=false
  D4 above=T1 pat=000 resclass=[ 68510, 15810, 39 ] xT=false
  D4 above=T3 pat=000 resclass=[ 39, -15, -65 ] xT=false
  D4 above=T3 pat=000 resclass=[ 39, -15, -65 ] xT=false
  D4 above=T2 pat=000 resclass=[ 15810, -1054, -15 ] xT=false
  D4 above=T1 pat=000 resclass=[ 68510, 15810, 39 ] xT=false
  D4 above=T2 pat=000 resclass=[ 15810, -1054, -15 ] xT=false
  D4 above=T1 pat=000 resclass=[ 68510, 15810, 39 ] xT=false
MEMBER stv 3/2 4 -4/3 shape=[ 1, 1, 2, 2 ] tors=[ 4, 4 ] order4=12 norm111=0 xTpass=0
  D4 above=T3 pat=000 resclass=[ -11, 15, -165 ] xT=false
  D4 above=T3 pat=000 resclass=[ -11, 15, -165 ] xT=false
  D4 above=T2 pat=000 resclass=[ 795, 53, 15 ] xT=false
  D4 above=T1 pat=000 resclass=[ -8745, 795, -11 ] xT=false
  D4 above=T2 pat=000 resclass=[ 795, 53, 15 ] xT=false
  D4 above=T1 pat=000 resclass=[ -8745, 795, -11 ] xT=false
  D4 above=T3 pat=000 resclass=[ -11, 15, -165 ] xT=false
  D4 above=T3 pat=000 resclass=[ -11, 15, -165 ] xT=false
  D4 above=T2 pat=000 resclass=[ 795, 53, 15 ] xT=false
  D4 above=T1 pat=000 resclass=[ -8745, 795, -11 ] xT=false
  D4 above=T2 pat=000 resclass=[ 795, 53, 15 ] xT=false
  D4 above=T1 pat=000 resclass=[ -8745, 795, -11 ] xT=false
MEMBER stv 2 3 -1/2 shape=[ 1, 1, 2, 2 ] tors=[ 4, 4 ] order4=12 norm111=0 xTpass=0
  D4 above=T2 pat=000 resclass=[ 35, 70, 2 ] xT=false
  D4 above=T2 pat=000 resclass=[ 35, 70, 2 ] xT=false
  D4 above=T1 pat=000 resclass=[ -21, 35, -15 ] xT=false
  D4 above=T3 pat=000 resclass=[ -15, 2, -30 ] xT=false
  D4 above=T1 pat=000 resclass=[ -21, 35, -15 ] xT=false
  D4 above=T3 pat=000 resclass=[ -15, 2, -30 ] xT=false
  D4 above=T2 pat=000 resclass=[ 35, 70, 2 ] xT=false
  D4 above=T2 pat=000 resclass=[ 35, 70, 2 ] xT=false
  D4 above=T1 pat=000 resclass=[ -21, 35, -15 ] xT=false
  D4 above=T3 pat=000 resclass=[ -15, 2, -30 ] xT=false
  D4 above=T1 pat=000 resclass=[ -21, 35, -15 ] xT=false
  D4 above=T3 pat=000 resclass=[ -15, 2, -30 ] xT=false
MEMBER stv 3 3/2 -3 shape=[ 1, 1, 2, 2 ] tors=[ 4, 4 ] order4=12 norm111=0 xTpass=0
  D4 above=T3 pat=000 resclass=[ 119, 5, 595 ] xT=false
  D4 above=T3 pat=000 resclass=[ 119, 5, 595 ] xT=false
  D4 above=T1 pat=000 resclass=[ -13041210, -109590, 119 ] xT=false
  D4 above=T2 pat=000 resclass=[ -109590, -21918, 5 ] xT=false
  D4 above=T1 pat=000 resclass=[ -13041210, -109590, 119 ] xT=false
  D4 above=T2 pat=000 resclass=[ -109590, -21918, 5 ] xT=false
  D4 above=T3 pat=000 resclass=[ 119, 5, 595 ] xT=false
  D4 above=T3 pat=000 resclass=[ 119, 5, 595 ] xT=false
  D4 above=T1 pat=000 resclass=[ -13041210, -109590, 119 ] xT=false
  D4 above=T2 pat=000 resclass=[ -109590, -21918, 5 ] xT=false
  D4 above=T1 pat=000 resclass=[ -13041210, -109590, 119 ] xT=false
  D4 above=T2 pat=000 resclass=[ -109590, -21918, 5 ] xT=false
MEMBER stv 4 4/3 -1 shape=[ 1, 1, 2, 2 ] tors=[ 4, 4 ] order4=12 norm111=0 xTpass=0
  D4 above=T1 pat=000 resclass=[ -144421305, -115815, 1247 ] xT=false
  D4 above=T1 pat=000 resclass=[ -144421305, -115815, 1247 ] xT=false
  D4 above=T3 pat=000 resclass=[ 1247, 7, 8729 ] xT=false
  D4 above=T2 pat=000 resclass=[ -115815, -16545, 7 ] xT=false
  D4 above=T3 pat=000 resclass=[ 1247, 7, 8729 ] xT=false
  D4 above=T2 pat=000 resclass=[ -115815, -16545, 7 ] xT=false
  D4 above=T1 pat=000 resclass=[ -144421305, -115815, 1247 ] xT=false
  D4 above=T1 pat=000 resclass=[ -144421305, -115815, 1247 ] xT=false
  D4 above=T3 pat=000 resclass=[ 1247, 7, 8729 ] xT=false
  D4 above=T2 pat=000 resclass=[ -115815, -16545, 7 ] xT=false
  D4 above=T3 pat=000 resclass=[ 1247, 7, 8729 ] xT=false
  D4 above=T2 pat=000 resclass=[ -115815, -16545, 7 ] xT=false
MEMBER stv 5 5/4 -2 shape=[ 1, 1, 2, 2 ] tors=[ 4, 4 ] order4=12 norm111=0 xTpass=0
  D4 above=T2 pat=001 resclass=[ -6047, -6047, 1 ] xT=false
  D4 above=T2 pat=001 resclass=[ -6047, -6047, 1 ] xT=false
  D4 above=T1 pat=000 resclass=[ -38210993, -6047, 6319 ] xT=false
  D4 above=T3 pat=010 resclass=[ 6319, 1, 6319 ] xT=false
  D4 above=T1 pat=000 resclass=[ -38210993, -6047, 6319 ] xT=false
  D4 above=T3 pat=010 resclass=[ 6319, 1, 6319 ] xT=false
  D4 above=T2 pat=001 resclass=[ -6047, -6047, 1 ] xT=false
  D4 above=T2 pat=001 resclass=[ -6047, -6047, 1 ] xT=false
  D4 above=T1 pat=000 resclass=[ -38210993, -6047, 6319 ] xT=false
  D4 above=T3 pat=010 resclass=[ 6319, 1, 6319 ] xT=false
  D4 above=T1 pat=000 resclass=[ -38210993, -6047, 6319 ] xT=false
  D4 above=T3 pat=010 resclass=[ 6319, 1, 6319 ] xT=false
MEMBER stv 15 4/3 12/11 shape=[ 1, 1, 2, 2 ] tors=[ 4, 4 ] order4=12 norm111=0 xTpass=0
  D4 above=T3 pat=000 resclass=[ 71, 7, 497 ] xT=false
  D4 above=T3 pat=000 resclass=[ 71, 7, 497 ] xT=false
  D4 above=T1 pat=000 resclass=[ 1078215620713, 15186135503, 71 ] xT=false
  D4 above=T2 pat=000 resclass=[ 15186135503, 2169447929, 7 ] xT=false
  D4 above=T1 pat=000 resclass=[ 1078215620713, 15186135503, 71 ] xT=false
  D4 above=T2 pat=000 resclass=[ 15186135503, 2169447929, 7 ] xT=false
  D4 above=T3 pat=000 resclass=[ 71, 7, 497 ] xT=false
  D4 above=T3 pat=000 resclass=[ 71, 7, 497 ] xT=false
  D4 above=T1 pat=000 resclass=[ 1078215620713, 15186135503, 71 ] xT=false
  D4 above=T2 pat=000 resclass=[ 15186135503, 2169447929, 7 ] xT=false
  D4 above=T1 pat=000 resclass=[ 1078215620713, 15186135503, 71 ] xT=false
  D4 above=T2 pat=000 resclass=[ 15186135503, 2169447929, 7 ] xT=false
MEMBER stv 2/3 9/5 14/11 shape=[ 1, 1, 2, 2 ] tors=[ 4, 4 ] order4=12 norm111=0 xTpass=0
  D4 above=T2 pat=000 resclass=[ -6688405, -93637670, 14 ] xT=false
  D4 above=T2 pat=000 resclass=[ -6688405, -93637670, 14 ] xT=false
  D4 above=T1 pat=000 resclass=[ 43013132555, -6688405, -6431 ] xT=false
  D4 above=T3 pat=000 resclass=[ -6431, 14, -90034 ] xT=false
  D4 above=T1 pat=000 resclass=[ 43013132555, -6688405, -6431 ] xT=false
  D4 above=T3 pat=000 resclass=[ -6431, 14, -90034 ] xT=false
  D4 above=T2 pat=000 resclass=[ -6688405, -93637670, 14 ] xT=false
  D4 above=T2 pat=000 resclass=[ -6688405, -93637670, 14 ] xT=false
  D4 above=T1 pat=000 resclass=[ 43013132555, -6688405, -6431 ] xT=false
  D4 above=T3 pat=000 resclass=[ -6431, 14, -90034 ] xT=false
  D4 above=T1 pat=000 resclass=[ 43013132555, -6688405, -6431 ] xT=false
  D4 above=T3 pat=000 resclass=[ -6431, 14, -90034 ] xT=false
PART_DONE part=86
