MEMBER stv 1/4 1/3 4 shape=[ 1, 1, 2, 2 ] tors=[ 4, 4 ] order4=12 norm111=0 xTpass=0
  D4 above=T1 pat=000 resclass=[ 2990, -5330, -943 ] xT=false
  D4 above=T1 pat=000 resclass=[ 2990, -5330, -943 ] xT=false
  D4 above=T3 pat=000 resclass=[ -943, -2, 1886 ] xT=false
  D4 above=T2 pat=000 resclass=[ -5330, 2665, -2 ] xT=false
  D4 above=T3 pat=000 resclass=[ -943, -2, 1886 ] xT=false
  D4 above=T2 pat=000 resclass=[ -5330, 2665, -2 ] xT=false
  D4 above=T1 pat=000 resclass=[ 2990, -5330, -943 ] xT=false
  D4 above=T1 pat=000 resclass=[ 2990, -5330, -943 ] xT=false
  D4 above=T3 pat=000 resclass=[ -943, -2, 1886 ] xT=false
  D4 above=T2 pat=000 resclass=[ -5330, 2665, -2 ] xT=false
  D4 above=T3 pat=000 resclass=[ -943, -2, 1886 ] xT=false
  D4 above=T2 pat=000 resclass=[ -5330, 2665, -2 ] xT=false
MEMBER stv 1/3 1/4 4/3 shape=[ 1, 1, 2, 2 ] tors=[ 4, 4 ] order4=12 norm111=0 xTpass=0
  D4 above=T1 pat=000 resclass=[ 581019205, -328445, -1769 ] xT=false
  D4 above=T1 pat=000 resclass=[ 581019205, -328445, -1769 ] xT=false
  D4 above=T3 pat=000 resclass=[ -1769, -15, 26535 ] xT=false
  D4 above=T2 pat=000 resclass=[ -328445, 197067, -15 ] xT=false
  D4 above=T3 pat=000 resclass=[ -1769, -15, 26535 ] xT=false
  D4 above=T2 pat=000 resclass=[ -328445, 197067, -15 ] xT=false
  D4 above=T1 pat=000 resclass=[ 581019205, -328445, -1769 ] xT=false
  D4 above=T1 pat=000 resclass=[ 581019205, -328445, -1769 ] xT=false
  D4 above=T3 pat=000 resclass=[ -1769, -15, 26535 ] xT=false
  D4 above=T2 pat=000 resclass=[ -328445, 197067, -15 ] xT=false
  D4 above=T3 pat=000 resclass=[ -1769, -15, 26535 ] xT=false
  D4 above=T2 pat=000 resclass=[ -328445, 197067, -15 ] xT=false
MEMBER stv 1/3 4 1/2 shape=[ 1, 1, 2, 2 ] tors=[ 4, 4 ] order4=12 norm111=0 xTpass=0
  D4 above=T1 pat=000 resclass=[ 154376805, -1220370, -506 ] xT=false
  D4 above=T1 pat=000 resclass=[ 154376805, -1220370, -506 ] xT=false
  D4 above=T3 pat=000 resclass=[ -506, 15, -7590 ] xT=false
  D4 above=T2 pat=000 resclass=[ -1220370, -81358, 15 ] xT=false
  D4 above=T3 pat=000 resclass=[ -506, 15, -7590 ] xT=false
  D4 above=T2 pat=000 resclass=[ -1220370, -81358, 15 ] xT=false
  D4 above=T1 pat=000 resclass=[ 154376805, -1220370, -506 ] xT=false
  D4 above=T1 pat=000 resclass=[ 154376805, -1220370, -506 ] xT=false
  D4 above=T3 pat=000 resclass=[ -506, 15, -7590 ] xT=false
  D4 above=T2 pat=000 resclass=[ -1220370, -81358, 15 ] xT=false
  D4 above=T3 pat=000 resclass=[ -506, 15, -7590 ] xT=false
  D4 above=T2 pat=000 resclass=[ -1220370, -81358, 15 ] xT=false
MEMBER stv 1/2 2 3 shape=[ 1, 1, 2, 2 ] tors=[ 4, 4 ] order4=12 norm111=0 xTpass=0
  D4 above=T2 pat=000 resclass=[ -959, -2877, 3 ] xT=false
  D4 above=T2 pat=000 resclass=[ -959, -2877, 3 ] xT=false
  D4 above=T3 pat=000 resclass=[ -35, 3, -105 ] xT=false
  D4 above=T1 pat=000 resclass=[ 685, -959, -35 ] xT=false
  D4 above=T3 pat=000 resclass=[ -35, 3, -105 ] xT=false
  D4 above=T1 pat=000 resclass=[ 685, -959, -35 ] xT=false
  D4 above=T2 pat=000 resclass=[ -959, -2877, 3 ] xT=false
  D4 above=T2 pat=000 resclass=[ -959, -2877, 3 ] xT=false
  D4 above=T3 pat=000 resclass=[ -35, 3, -105 ] xT=false
  D4 above=T1 pat=000 resclass=[ 685, -959, -35 ] xT=false
  D4 above=T3 pat=000 resclass=[ -35, 3, -105 ] xT=false
  D4 above=T1 pat=000 resclass=[ 685, -959, -35 ] xT=false
MEMBER stv 2/3 3/2 1 shape=[ 1, 1, 2, 2 ] tors=[ 4, 4 ] order4=12 norm111=0 xTpass=0
  D4 above=T1 pat=000 resclass=[ 2061605, -12805, -161 ] xT=false
  D4 above=T1 pat=000 resclass=[ 2061605, -12805, -161 ] xT=false
  D4 above=T2 pat=000 resclass=[ -12805, -2561, 5 ] xT=false
  D4 above=T3 pat=000 resclass=[ -161, 5, -805 ] xT=false
  D4 above=T2 pat=000 resclass=[ -12805, -2561, 5 ] xT=false
  D4 above=T3 pat=000 resclass=[ -161, 5, -805 ] xT=false
  D4 above=T1 pat=000 resclass=[ 2061605, -12805, -161 ] xT=false
  D4 above=T1 pat=000 resclass=[ 2061605, -12805, -161 ] xT=false
  D4 above=T2 pat=000 resclass=[ -12805, -2561, 5 ] xT=false
  D4 above=T3 pat=000 resclass=[ -161, 5, -805 ] xT=false
  D4 above=T2 pat=000 resclass=[ -12805, -2561, 5 ] xT=false
  D4 above=T3 pat=000 resclass=[ -161, 5, -805 ] xT=false
MEMBER stv 3/4 4/3 1/3 shape=[ 1, 1, 2, 2 ] tors=[ 4, 4 ] order4=12 norm111=0 xTpass=0
  D4 above=T2 pat=000 resclass=[ 15029, 2147, 7 ] xT=false
  D4 above=T2 pat=000 resclass=[ 15029, 2147, 7 ] xT=false
  D4 above=T1 pat=000 resclass=[ -826595, 15029, -55 ] xT=false
  D4 above=T3 pat=000 resclass=[ -55, 7, -385 ] xT=false
  D4 above=T1 pat=000 resclass=[ -826595, 15029, -55 ] xT=false
  D4 above=T3 pat=000 resclass=[ -55, 7, -385 ] xT=false
  D4 above=T2 pat=000 resclass=[ 15029, 2147, 7 ] xT=false
  D4 above=T2 pat=000 resclass=[ 15029, 2147, 7 ] xT=false
  D4 above=T1 pat=000 resclass=[ -826595, 15029, -55 ] xT=false
  D4 above=T3 pat=000 resclass=[ -55, 7, -385 ] xT=false
  D4 above=T1 pat=000 resclass=[ -826595, 15029, -55 ] xT=false
  D4 above=T3 pat=000 resclass=[ -55, 7, -385 ] xT=false
MEMBER stv 1 2/3 2 shape=[ 1, 1, 2, 2 ] tors=[ 4, 4 ] order4=12 norm111=0 xTpass=0
  D4 above=T3 pat=000 resclass=[ 14, -5, -70 ] xT=false
  D4 above=T3 pat=000 resclass=[ 14, -5, -70 ] xT=false
  D4 above=T2 pat=000 resclass=[ -8490, 1698, -5 ] xT=false
  D4 above=T1 pat=000 resclass=[ -29715, -8490, 14 ] xT=false
  D4 above=T2 pat=000 resclass=[ -8490, 1698, -5 ] xT=false
  D4 above=T1 pat=000 resclass=[ -29715, -8490, 14 ] xT=false
  D4 above=T3 pat=000 resclass=[ 14, -5, -70 ] xT=false
  D4 above=T3 pat=000 resclass=[ 14, -5, -70 ] xT=false
  D4 above=T2 pat=000 resclass=[ -8490, 1698, -5 ] xT=false
  D4 above=T1 pat=000 resclass=[ -29715, -8490, 14 ] xT=false
  D4 above=T2 pat=000 resclass=[ -8490, 1698, -5 ] xT=false
  D4 above=T1 pat=000 resclass=[ -29715, -8490, 14 ] xT=false
MEMBER stv 4/3 1/2 3/4 shape=[ 1, 1, 2, 2 ] tors=[ 4, 4 ] order4=12 norm111=0 xTpass=0
  D4 above=T2 pat=000 resclass=[ -133, 399, -3 ] xT=false
  D4 above=T2 pat=000 resclass=[ -133, 399, -3 ] xT=false
  D4 above=T3 pat=000 resclass=[ 7, -3, -21 ] xT=false
  D4 above=T1 pat=000 resclass=[ -19, -133, 7 ] xT=false
  D4 above=T3 pat=000 resclass=[ 7, -3, -21 ] xT=false
  D4 above=T1 pat=000 resclass=[ -19, -133, 7 ] xT=false
  D4 above=T2 pat=000 resclass=[ -133, 399, -3 ] xT=false
  D4 above=T2 pat=000 resclass=[ -133, 399, -3 ] xT=false
  D4 above=T3 pat=000 resclass=[ 7, -3, -21 ] xT=false
  D4 above=T1 pat=000 resclass=[ -19, -133, 7 ] xT=false
  D4 above=T3 pat=000 resclass=[ 7, -3, -21 ] xT=false
  D4 above=T1 pat=000 resclass=[ -19, -133, 7 ] xT=false
MEMBER stv 3/2 1/3 1/4 shape=[ 1, 1, 2, 2 ] tors=[ 4, 4 ] order4=12 norm111=0 xTpass=0
  D4 above=T1 pat=000 resclass=[ -16082, -34, 473 ] xT=false
  D4 above=T1 pat=000 resclass=[ -16082, -34, 473 ] xT=false
  D4 above=T2 pat=000 resclass=[ -34, 17, -2 ] xT=false
  D4 above=T3 pat=000 resclass=[ 473, -2, -946 ] xT=false
  D4 above=T2 pat=000 resclass=[ -34, 17, -2 ] xT=false
  D4 above=T3 pat=000 resclass=[ 473, -2, -946 ] xT=false
  D4 above=T1 pat=000 resclass=[ -16082, -34, 473 ] xT=false
  D4 above=T1 pat=000 resclass=[ -16082, -34, 473 ] xT=false
  D4 above=T2 pat=000 resclass=[ -34, 17, -2 ] xT=false
  D4 above=T3 pat=000 resclass=[ 473, -2, -946 ] xT=false
  D4 above=T2 pat=000 resclass=[ -34, 17, -2 ] xT=false
  D4 above=T3 pat=000 resclass=[ 473, -2, -946 ] xT=false
MEMBER stv 3/2 4 3/2 shape=[ 1, 1, 2, 2 ] tors=[ 4, 4 ] order4=12 norm111=0 xTpass=0
  D4 above=T1 pat=000 resclass=[ 438130, -39830, -11 ] xT=false
  D4 above=T1 pat=000 resclass=[ 438130, -39830, -11 ] xT=false
  D4 above=T3 pat=000 resclass=[ -11, 15, -165 ] xT=false
  D4 above=T2 pat=000 resclass=[ -39830, -23898, 15 ] xT=false
  D4 above=T3 pat=000 resclass=[ -11, 15, -165 ] xT=false
  D4 above=T2 pat=000 resclass=[ -39830, -23898, 15 ] xT=false
  D4 above=T1 pat=000 resclass=[ 438130, -39830, -11 ] xT=false
  D4 above=T1 pat=000 resclass=[ 438130, -39830, -11 ] xT=false
  D4 above=T3 pat=000 resclass=[ -11, 15, -165 ] xT=false
  D4 above=T2 pat=000 resclass=[ -39830, -23898, 15 ] xT=false
  D4 above=T3 pat=000 resclass=[ -11, 15, -165 ] xT=false
  D4 above=T2 pat=000 resclass=[ -39830, -23898, 15 ] xT=false
MEMBER stv 2 3 2/3 shape=[ 1, 1, 2, 2 ] tors=[ 4, 4 ] order4=12 norm111=0 xTpass=0
  D4 above=T1 pat=000 resclass=[ 7315, -4389, -15 ] xT=false
  D4 above=T1 pat=000 resclass=[ 7315, -4389, -15 ] xT=false
  D4 above=T3 pat=000 resclass=[ -15, 2, -30 ] xT=false
  D4 above=T2 pat=000 resclass=[ -4389, -8778, 2 ] xT=false
  D4 above=T3 pat=000 resclass=[ -15, 2, -30 ] xT=false
  D4 above=T2 pat=000 resclass=[ -4389, -8778, 2 ] xT=false
  D4 above=T1 pat=000 resclass=[ 7315, -4389, -15 ] xT=false
  D4 above=T1 pat=000 resclass=[ 7315, -4389, -15 ] xT=false
  D4 above=T3 pat=000 resclass=[ -15, 2, -30 ] xT=false
  D4 above=T2 pat=000 resclass=[ -4389, -8778, 2 ] xT=false
  D4 above=T3 pat=000 resclass=[ -15, 2, -30 ] xT=false
  D4 above=T2 pat=000 resclass=[ -4389, -8778, 2 ] xT=false
MEMBER stv 3 3/2 4 shape=[ 1, 1, 2, 2 ] tors=[ 4, 4 ] order4=12 norm111=0 xTpass=0
  D4 above=T1 pat=000 resclass=[ 2267545, 19055, 119 ] xT=false
  D4 above=T1 pat=000 resclass=[ 2267545, 19055, 119 ] xT=false
  D4 above=T3 pat=000 resclass=[ 119, 5, 595 ] xT=false
  D4 above=T2 pat=000 resclass=[ 19055, 3811, 5 ] xT=false
  D4 above=T3 pat=000 resclass=[ 119, 5, 595 ] xT=false
  D4 above=T2 pat=000 resclass=[ 19055, 3811, 5 ] xT=false
  D4 above=T1 pat=000 resclass=[ 2267545, 19055, 119 ] xT=false
  D4 above=T1 pat=000 resclass=[ 2267545, 19055, 119 ] xT=false
  D4 above=T3 pat=000 resclass=[ 119, 5, 595 ] xT=false
  D4 above=T2 pat=000 resclass=[ 19055, 3811, 5 ] xT=false
  D4 above=T3 pat=000 resclass=[ 119, 5, 595 ] xT=false
  D4 above=T2 pat=000 resclass=[ 19055, 3811, 5 ] xT=false
MEMBER stv 4 4/3 4/3 shape=[ 1, 1, 2, 2 ] tors=[ 4, 4 ] order4=12 norm111=0 xTpass=0
  D4 above=T1 pat=000 resclass=[ 8735799891, 7005453, 1247 ] xT=false
  D4 above=T1 pat=000 resclass=[ 8735799891, 7005453, 1247 ] xT=false
  D4 above=T3 pat=000 resclass=[ 1247, 7, 8729 ] xT=false
  D4 above=T2 pat=000 resclass=[ 7005453, 1000779, 7 ] xT=false
  D4 above=T3 pat=000 resclass=[ 1247, 7, 8729 ] xT=false
  D4 above=T2 pat=000 resclass=[ 7005453, 1000779, 7 ] xT=false
  D4 above=T1 pat=000 resclass=[ 8735799891, 7005453, 1247 ] xT=false
  D4 above=T1 pat=000 resclass=[ 8735799891, 7005453, 1247 ] xT=false
  D4 above=T3 pat=000 resclass=[ 1247, 7, 8729 ] xT=false
  D4 above=T2 pat=000 resclass=[ 7005453, 1000779, 7 ] xT=false
  D4 above=T3 pat=000 resclass=[ 1247, 7, 8729 ] xT=false
  D4 above=T2 pat=000 resclass=[ 7005453, 1000779, 7 ] xT=false
MEMBER stv 4/3 19/15 20/19 shape=[ 1, 1, 2, 2 ] tors=[ 4, 4 ] order4=12 norm111=0 xTpass=0
  D4 above=T1 pat=000 resclass=[ 504618749765894, 112915361326, 4469 ] xT=false
  D4 above=T1 pat=000 resclass=[ 504618749765894, 112915361326, 4469 ] xT=false
  D4 above=T2 pat=000 resclass=[ 112915361326, 3321040039, 34 ] xT=false
  D4 above=T3 pat=000 resclass=[ 4469, 34, 151946 ] xT=false
  D4 above=T2 pat=000 resclass=[ 112915361326, 3321040039, 34 ] xT=false
  D4 above=T3 pat=000 resclass=[ 4469, 34, 151946 ] xT=false
  D4 above=T1 pat=000 resclass=[ 504618749765894, 112915361326, 4469 ] xT=false
  D4 above=T1 pat=000 resclass=[ 504618749765894, 112915361326, 4469 ] xT=false
  D4 above=T2 pat=000 resclass=[ 112915361326, 3321040039, 34 ] xT=false
  D4 above=T3 pat=000 resclass=[ 4469, 34, 151946 ] xT=false
  D4 above=T2 pat=000 resclass=[ 112915361326, 3321040039, 34 ] xT=false
  D4 above=T3 pat=000 resclass=[ 4469, 34, 151946 ] xT=false
MEMBER stv 5/2 15/7 6/5 shape=[ 1, 1, 2, 2 ] tors=[ 4, 4 ] order4=12 norm111=0 xTpass=0
  D4 above=T1 pat=000 resclass=[ 2159046533930, -304191030, -63879 ] xT=false
  D4 above=T1 pat=000 resclass=[ 2159046533930, -304191030, -63879 ] xT=false
  D4 above=T2 pat=000 resclass=[ -304191030, -27653730, 11 ] xT=false
  D4 above=T3 pat=000 resclass=[ -63879, 11, -702669 ] xT=false
  D4 above=T2 pat=000 resclass=[ -304191030, -27653730, 11 ] xT=false
  D4 above=T3 pat=000 resclass=[ -63879, 11, -702669 ] xT=false
  D4 above=T1 pat=000 resclass=[ 2159046533930, -304191030, -63879 ] xT=false
  D4 above=T1 pat=000 resclass=[ 2159046533930, -304191030, -63879 ] xT=false
  D4 above=T2 pat=000 resclass=[ -304191030, -27653730, 11 ] xT=false
  D4 above=T3 pat=000 resclass=[ -63879, 11, -702669 ] xT=false
  D4 above=T2 pat=000 resclass=[ -304191030, -27653730, 11 ] xT=false
  D4 above=T3 pat=000 resclass=[ -63879, 11, -702669 ] xT=false
MEMBER stv 19/5 1/3 7/19 shape=[ 1, 1, 2, 2 ] tors=[ 4, 4 ] order4=12 norm111=0 xTpass=0
  D4 above=T2 pat=000 resclass=[ -135242786, 67621393, -2 ] xT=false
  D4 above=T2 pat=000 resclass=[ -135242786, 67621393, -2 ] xT=false
  D4 above=T3 pat=000 resclass=[ 27641, -2, -55282 ] xT=false
  D4 above=T1 pat=000 resclass=[ -3738245847826, -135242786, 27641 ] xT=false
  D4 above=T3 pat=000 resclass=[ 27641, -2, -55282 ] xT=false
  D4 above=T1 pat=000 resclass=[ -3738245847826, -135242786, 27641 ] xT=false
  D4 above=T2 pat=000 resclass=[ -135242786, 67621393, -2 ] xT=false
  D4 above=T2 pat=000 resclass=[ -135242786, 67621393, -2 ] xT=false
  D4 above=T3 pat=000 resclass=[ 27641, -2, -55282 ] xT=false
  D4 above=T1 pat=000 resclass=[ -3738245847826, -135242786, 27641 ] xT=false
  D4 above=T3 pat=000 resclass=[ 27641, -2, -55282 ] xT=false
  D4 above=T1 pat=000 resclass=[ -3738245847826, -135242786, 27641 ] xT=false
PART_DONE part=87
