MEMBER stv 1/4 1/3 -4 shape=[ 1, 1, 2, 2 ] tors=[ 4, 4 ] order4=12 norm111=0 xTpass=0
  D4 above=T2 pat=000 resclass=[ 690, -345, -2 ] xT=false
  D4 above=T2 pat=000 resclass=[ 690, -345, -2 ] xT=false
  D4 above=T1 pat=000 resclass=[ -1230, 690, -943 ] xT=false
  D4 above=T3 pat=000 resclass=[ -943, -2, 1886 ] xT=false
  D4 above=T1 pat=000 resclass=[ -1230, 690, -943 ] xT=false
  D4 above=T3 pat=000 resclass=[ -943, -2, 1886 ] xT=false
  D4 above=T2 pat=000 resclass=[ 690, -345, -2 ] xT=false
  D4 above=T2 pat=000 resclass=[ 690, -345, -2 ] xT=false
  D4 above=T1 pat=000 resclass=[ -1230, 690, -943 ] xT=false
  D4 above=T3 pat=000 resclass=[ -943, -2, 1886 ] xT=false
  D4 above=T1 pat=000 resclass=[ -1230, 690, -943 ] xT=false
  D4 above=T3 pat=000 resclass=[ -943, -2, 1886 ] xT=false
MEMBER stv 1/3 1/4 -4/3 shape=[ 1, 1, 2, 2 ] tors=[ 4, 4 ] order4=12 norm111=0 xTpass=0
  D4 above=T3 pat=000 resclass=[ -1769, -15, 26535 ] xT=false
  D4 above=T3 pat=000 resclass=[ -1769, -15, 26535 ] xT=false
  D4 above=T1 pat=000 resclass=[ -271992595, 153755, -1769 ] xT=false
  D4 above=T2 pat=000 resclass=[ 153755, -92253, -15 ] xT=false
  D4 above=T1 pat=000 resclass=[ -271992595, 153755, -1769 ] xT=false
  D4 above=T2 pat=000 resclass=[ 153755, -92253, -15 ] xT=false
  D4 above=T3 pat=000 resclass=[ -1769, -15, 26535 ] xT=false
  D4 above=T3 pat=000 resclass=[ -1769, -15, 26535 ] xT=false
  D4 above=T1 pat=000 resclass=[ -271992595, 153755, -1769 ] xT=false
  D4 above=T2 pat=000 resclass=[ 153755, -92253, -15 ] xT=false
  D4 above=T1 pat=000 resclass=[ -271992595, 153755, -1769 ] xT=false
  D4 above=T2 pat=000 resclass=[ 153755, -92253, -15 ] xT=false
MEMBER stv 1/3 4 -1/2 shape=[ 1, 1, 2, 2 ] tors=[ 4, 4 ] order4=12 norm111=0 xTpass=0
  D4 above=T1 pat=000 resclass=[ 140449155, -1110270, -506 ] xT=false
  D4 above=T1 pat=000 resclass=[ 140449155, -1110270, -506 ] xT=false
  D4 above=T2 pat=000 resclass=[ -1110270, -74018, 15 ] xT=false
  D4 above=T3 pat=000 resclass=[ -506, 15, -7590 ] xT=false
  D4 above=T2 pat=000 resclass=[ -1110270, -74018, 15 ] xT=false
  D4 above=T3 pat=000 resclass=[ -506, 15, -7590 ] xT=false
  D4 above=T1 pat=000 resclass=[ 140449155, -1110270, -506 ] xT=false
  D4 above=T1 pat=000 resclass=[ 140449155, -1110270, -506 ] xT=false
  D4 above=T2 pat=000 resclass=[ -1110270, -74018, 15 ] xT=false
  D4 above=T3 pat=000 resclass=[ -506, 15, -7590 ] xT=false
  D4 above=T2 pat=000 resclass=[ -1110270, -74018, 15 ] xT=false
  D4 above=T3 pat=000 resclass=[ -506, 15, -7590 ] xT=false
MEMBER stv 1/2 2 -3 shape=[ 1, 1, 2, 2 ] tors=[ 4, 4 ] order4=12 norm111=0 xTpass=0
  D4 above=T1 pat=000 resclass=[ 203, -145, -35 ] xT=false
  D4 above=T1 pat=000 resclass=[ 203, -145, -35 ] xT=false
  D4 above=T3 pat=000 resclass=[ -35, 3, -105 ] xT=false
  D4 above=T2 pat=000 resclass=[ -145, -435, 3 ] xT=false
  D4 above=T3 pat=000 resclass=[ -35, 3, -105 ] xT=false
  D4 above=T2 pat=000 resclass=[ -145, -435, 3 ] xT=false
  D4 above=T1 pat=000 resclass=[ 203, -145, -35 ] xT=false
  D4 above=T1 pat=000 resclass=[ 203, -145, -35 ] xT=false
  D4 above=T3 pat=000 resclass=[ -35, 3, -105 ] xT=false
  D4 above=T2 pat=000 resclass=[ -145, -435, 3 ] xT=false
  D4 above=T3 pat=000 resclass=[ -35, 3, -105 ] xT=false
  D4 above=T2 pat=000 resclass=[ -145, -435, 3 ] xT=false
MEMBER stv 2/3 3/2 -1 shape=[ 1, 1, 2, 2 ] tors=[ 4, 4 ] order4=12 norm111=0 xTpass=0
  D4 above=T3 pat=000 resclass=[ -161, 5, -805 ] xT=false
  D4 above=T3 pat=000 resclass=[ -161, 5, -805 ] xT=false
  D4 above=T1 pat=000 resclass=[ 78085, -485, -161 ] xT=false
  D4 above=T2 pat=000 resclass=[ -485, -97, 5 ] xT=false
  D4 above=T1 pat=000 resclass=[ 78085, -485, -161 ] xT=false
  D4 above=T2 pat=000 resclass=[ -485, -97, 5 ] xT=false
  D4 above=T3 pat=000 resclass=[ -161, 5, -805 ] xT=false
  D4 above=T3 pat=000 resclass=[ -161, 5, -805 ] xT=false
  D4 above=T1 pat=000 resclass=[ 78085, -485, -161 ] xT=false
  D4 above=T2 pat=000 resclass=[ -485, -97, 5 ] xT=false
  D4 above=T1 pat=000 resclass=[ 78085, -485, -161 ] xT=false
  D4 above=T2 pat=000 resclass=[ -485, -97, 5 ] xT=false
MEMBER stv 3/4 4/3 -1/3 shape=[ 1, 1, 2, 2 ] tors=[ 4, 4 ] order4=12 norm111=0 xTpass=0
  D4 above=T1 pat=000 resclass=[ 24779755, -450541, -55 ] xT=false
  D4 above=T1 pat=000 resclass=[ 24779755, -450541, -55 ] xT=false
  D4 above=T2 pat=000 resclass=[ -450541, -64363, 7 ] xT=false
  D4 above=T3 pat=000 resclass=[ -55, 7, -385 ] xT=false
  D4 above=T2 pat=000 resclass=[ -450541, -64363, 7 ] xT=false
  D4 above=T3 pat=000 resclass=[ -55, 7, -385 ] xT=false
  D4 above=T1 pat=000 resclass=[ 24779755, -450541, -55 ] xT=false
  D4 above=T1 pat=000 resclass=[ 24779755, -450541, -55 ] xT=false
  D4 above=T2 pat=000 resclass=[ -450541, -64363, 7 ] xT=false
  D4 above=T3 pat=000 resclass=[ -55, 7, -385 ] xT=false
  D4 above=T2 pat=000 resclass=[ -450541, -64363, 7 ] xT=false
  D4 above=T3 pat=000 resclass=[ -55, 7, -385 ] xT=false
MEMBER stv 1 2/3 -2 shape=[ 1, 1, 2, 2 ] tors=[ 4, 4 ] order4=12 norm111=0 xTpass=0
  D4 above=T3 pat=000 resclass=[ 14, -5, -70 ] xT=false
  D4 above=T3 pat=000 resclass=[ 14, -5, -70 ] xT=false
  D4 above=T2 pat=000 resclass=[ 10, -2, -5 ] xT=false
  D4 above=T1 pat=000 resclass=[ 35, 10, 14 ] xT=false
  D4 above=T2 pat=000 resclass=[ 10, -2, -5 ] xT=false
  D4 above=T1 pat=000 resclass=[ 35, 10, 14 ] xT=false
  D4 above=T3 pat=000 resclass=[ 14, -5, -70 ] xT=false
  D4 above=T3 pat=000 resclass=[ 14, -5, -70 ] xT=false
  D4 above=T2 pat=000 resclass=[ 10, -2, -5 ] xT=false
  D4 above=T1 pat=000 resclass=[ 35, 10, 14 ] xT=false
  D4 above=T2 pat=000 resclass=[ 10, -2, -5 ] xT=false
  D4 above=T1 pat=000 resclass=[ 35, 10, 14 ] xT=false
MEMBER stv 4/3 1/2 -3/4 shape=[ 1, 1, 2, 2 ] tors=[ 4, 4 ] order4=12 norm111=0 xTpass=0
  D4 above=T3 pat=000 resclass=[ 7, -3, -21 ] xT=false
  D4 above=T3 pat=000 resclass=[ 7, -3, -21 ] xT=false
  D4 above=T2 pat=000 resclass=[ 91, -273, -3 ] xT=false
  D4 above=T1 pat=000 resclass=[ 13, 91, 7 ] xT=false
  D4 above=T2 pat=000 resclass=[ 91, -273, -3 ] xT=false
  D4 above=T1 pat=000 resclass=[ 13, 91, 7 ] xT=false
  D4 above=T3 pat=000 resclass=[ 7, -3, -21 ] xT=false
  D4 above=T3 pat=000 resclass=[ 7, -3, -21 ] xT=false
  D4 above=T2 pat=000 resclass=[ 91, -273, -3 ] xT=false
  D4 above=T1 pat=000 resclass=[ 13, 91, 7 ] xT=false
  D4 above=T2 pat=000 resclass=[ 91, -273, -3 ] xT=false
  D4 above=T1 pat=000 resclass=[ 13, 91, 7 ] xT=false
MEMBER stv 3/2 1/3 -1/4 shape=[ 1, 1, 2, 2 ] tors=[ 4, 4 ] order4=12 norm111=0 xTpass=0
  D4 above=T2 pat=000 resclass=[ 7490, -3745, -2 ] xT=false
  D4 above=T2 pat=000 resclass=[ 7490, -3745, -2 ] xT=false
  D4 above=T3 pat=000 resclass=[ 473, -2, -946 ] xT=false
  D4 above=T1 pat=000 resclass=[ 3542770, 7490, 473 ] xT=false
  D4 above=T3 pat=000 resclass=[ 473, -2, -946 ] xT=false
  D4 above=T1 pat=000 resclass=[ 3542770, 7490, 473 ] xT=false
  D4 above=T2 pat=000 resclass=[ 7490, -3745, -2 ] xT=false
  D4 above=T2 pat=000 resclass=[ 7490, -3745, -2 ] xT=false
  D4 above=T3 pat=000 resclass=[ 473, -2, -946 ] xT=false
  D4 above=T1 pat=000 resclass=[ 3542770, 7490, 473 ] xT=false
  D4 above=T3 pat=000 resclass=[ 473, -2, -946 ] xT=false
  D4 above=T1 pat=000 resclass=[ 3542770, 7490, 473 ] xT=false
MEMBER stv 3/2 4 -3/2 shape=[ 1, 1, 2, 2 ] tors=[ 4, 4 ] order4=12 norm111=0 xTpass=0
  D4 above=T1 pat=000 resclass=[ -5979490, 543590, -11 ] xT=false
  D4 above=T1 pat=000 resclass=[ -5979490, 543590, -11 ] xT=false
  D4 above=T2 pat=000 resclass=[ 543590, 326154, 15 ] xT=false
  D4 above=T3 pat=000 resclass=[ -11, 15, -165 ] xT=false
  D4 above=T2 pat=000 resclass=[ 543590, 326154, 15 ] xT=false
  D4 above=T3 pat=000 resclass=[ -11, 15, -165 ] xT=false
  D4 above=T1 pat=000 resclass=[ -5979490, 543590, -11 ] xT=false
  D4 above=T1 pat=000 resclass=[ -5979490, 543590, -11 ] xT=false
  D4 above=T2 pat=000 resclass=[ 543590, 326154, 15 ] xT=false
  D4 above=T3 pat=000 resclass=[ -11, 15, -165 ] xT=false
  D4 above=T2 pat=000 resclass=[ 543590, 326154, 15 ] xT=false
  D4 above=T3 pat=000 resclass=[ -11, 15, -165 ] xT=false
MEMBER stv 2 3 -2/3 shape=[ 1, 1, 2, 2 ] tors=[ 4, 4 ] order4=12 norm111=0 xTpass=0
  D4 above=T1 pat=000 resclass=[ -139, 2085, -15 ] xT=false
  D4 above=T1 pat=000 resclass=[ -139, 2085, -15 ] xT=false
  D4 above=T3 pat=000 resclass=[ -15, 2, -30 ] xT=false
  D4 above=T2 pat=000 resclass=[ 2085, 4170, 2 ] xT=false
  D4 above=T3 pat=000 resclass=[ -15, 2, -30 ] xT=false
  D4 above=T2 pat=000 resclass=[ 2085, 4170, 2 ] xT=false
  D4 above=T1 pat=000 resclass=[ -139, 2085, -15 ] xT=false
  D4 above=T1 pat=000 resclass=[ -139, 2085, -15 ] xT=false
  D4 above=T3 pat=000 resclass=[ -15, 2, -30 ] xT=false
  D4 above=T2 pat=000 resclass=[ 2085, 4170, 2 ] xT=false
  D4 above=T3 pat=000 resclass=[ -15, 2, -30 ] xT=false
  D4 above=T2 pat=000 resclass=[ 2085, 4170, 2 ] xT=false
MEMBER stv 3 3/2 -4 shape=[ 1, 1, 2, 2 ] tors=[ 4, 4 ] order4=12 norm111=0 xTpass=0
  D4 above=T2 pat=000 resclass=[ -665, -133, 5 ] xT=false
  D4 above=T2 pat=000 resclass=[ -665, -133, 5 ] xT=false
  D4 above=T3 pat=000 resclass=[ 119, 5, 595 ] xT=false
  D4 above=T1 pat=000 resclass=[ -1615, -665, 119 ] xT=false
  D4 above=T3 pat=000 resclass=[ 119, 5, 595 ] xT=false
  D4 above=T1 pat=000 resclass=[ -1615, -665, 119 ] xT=false
  D4 above=T2 pat=000 resclass=[ -665, -133, 5 ] xT=false
  D4 above=T2 pat=000 resclass=[ -665, -133, 5 ] xT=false
  D4 above=T3 pat=000 resclass=[ 119, 5, 595 ] xT=false
  D4 above=T1 pat=000 resclass=[ -1615, -665, 119 ] xT=false
  D4 above=T3 pat=000 resclass=[ 119, 5, 595 ] xT=false
  D4 above=T1 pat=000 resclass=[ -1615, -665, 119 ] xT=false
MEMBER stv 4 4/3 -4/3 shape=[ 1, 1, 2, 2 ] tors=[ 4, 4 ] order4=12 norm111=0 xTpass=0
  D4 above=T3 pat=000 resclass=[ 1247, 7, 8729 ] xT=false
  D4 above=T3 pat=000 resclass=[ 1247, 7, 8729 ] xT=false
  D4 above=T1 pat=000 resclass=[ -7177149651, -5755533, 1247 ] xT=false
  D4 above=T2 pat=000 resclass=[ -5755533, -822219, 7 ] xT=false
  D4 above=T1 pat=000 resclass=[ -7177149651, -5755533, 1247 ] xT=false
  D4 above=T2 pat=000 resclass=[ -5755533, -822219, 7 ] xT=false
  D4 above=T3 pat=000 resclass=[ 1247, 7, 8729 ] xT=false
  D4 above=T3 pat=000 resclass=[ 1247, 7, 8729 ] xT=false
  D4 above=T1 pat=000 resclass=[ -7177149651, -5755533, 1247 ] xT=false
  D4 above=T2 pat=000 resclass=[ -5755533, -822219, 7 ] xT=false
  D4 above=T1 pat=000 resclass=[ -7177149651, -5755533, 1247 ] xT=false
  D4 above=T2 pat=000 resclass=[ -5755533, -822219, 7 ] xT=false
MEMBER stv 13/6 8/7 4/5 shape=[ 1, 1, 2, 2 ] tors=[ 4, 4 ] order4=12 norm111=0 xTpass=0
  D4 above=T2 pat=000 resclass=[ 76920267, 128200445, 15 ] xT=false
  D4 above=T2 pat=000 resclass=[ 76920267, 128200445, 15 ] xT=false
  D4 above=T3 pat=000 resclass=[ 397669, 15, 5965035 ] xT=false
  D4 above=T1 pat=000 resclass=[ 30588805657623, 76920267, 397669 ] xT=false
  D4 above=T3 pat=000 resclass=[ 397669, 15, 5965035 ] xT=false
  D4 above=T1 pat=000 resclass=[ 30588805657623, 76920267, 397669 ] xT=false
  D4 above=T2 pat=000 resclass=[ 76920267, 128200445, 15 ] xT=false
  D4 above=T2 pat=000 resclass=[ 76920267, 128200445, 15 ] xT=false
  D4 above=T3 pat=000 resclass=[ 397669, 15, 5965035 ] xT=false
  D4 above=T1 pat=000 resclass=[ 30588805657623, 76920267, 397669 ] xT=false
  D4 above=T3 pat=000 resclass=[ 397669, 15, 5965035 ] xT=false
  D4 above=T1 pat=000 resclass=[ 30588805657623, 76920267, 397669 ] xT=false
MEMBER stv 1/2 20/3 -1/2 shape=[ 1, 1, 2, 2 ] tors=[ 4, 4 ] order4=12 norm111=0 xTpass=0
  D4 above=T1 pat=000 resclass=[ 42771537923306, -3427638158, -611443 ] xT=false
  D4 above=T1 pat=000 resclass=[ 42771537923306, -3427638158, -611443 ] xT=false
  D4 above=T2 pat=000 resclass=[ -3427638158, -8766338, 391 ] xT=false
  D4 above=T3 pat=000 resclass=[ -611443, 391, -239074213 ] xT=false
  D4 above=T2 pat=000 resclass=[ -3427638158, -8766338, 391 ] xT=false
  D4 above=T3 pat=000 resclass=[ -611443, 391, -239074213 ] xT=false
  D4 above=T1 pat=000 resclass=[ 42771537923306, -3427638158, -611443 ] xT=false
  D4 above=T1 pat=000 resclass=[ 42771537923306, -3427638158, -611443 ] xT=false
  D4 above=T2 pat=000 resclass=[ -3427638158, -8766338, 391 ] xT=false
  D4 above=T3 pat=000 resclass=[ -611443, 391, -239074213 ] xT=false
  D4 above=T2 pat=000 resclass=[ -3427638158, -8766338, 391 ] xT=false
  D4 above=T3 pat=000 resclass=[ -611443, 391, -239074213 ] xT=false
MEMBER stv 1/3 1/7 8/3 shape=[ 1, 1, 2, 2 ] tors=[ 4, 4 ] order4=12 norm111=0 xTpass=0
  D4 above=T2 pat=000 resclass=[ -6124370, 18373110, -3 ] xT=false
  D4 above=T2 pat=000 resclass=[ -6124370, 18373110, -3 ] xT=false
  D4 above=T1 pat=000 resclass=[ 4491612958, -6124370, -18335 ] xT=false
  D4 above=T3 pat=000 resclass=[ -18335, -3, 55005 ] xT=false
  D4 above=T1 pat=000 resclass=[ 4491612958, -6124370, -18335 ] xT=false
  D4 above=T3 pat=000 resclass=[ -18335, -3, 55005 ] xT=false
  D4 above=T2 pat=000 resclass=[ -6124370, 18373110, -3 ] xT=false
  D4 above=T2 pat=000 resclass=[ -6124370, 18373110, -3 ] xT=false
  D4 above=T1 pat=000 resclass=[ 4491612958, -6124370, -18335 ] xT=false
  D4 above=T3 pat=000 resclass=[ -18335, -3, 55005 ] xT=false
  D4 above=T1 pat=000 resclass=[ 4491612958, -6124370, -18335 ] xT=false
  D4 above=T3 pat=000 resclass=[ -18335, -3, 55005 ] xT=false
PART_DONE part=88
