MEMBER stv 1/4 1/2 1/3 shape=[ 1, 1, 2, 2 ] tors=[ 4, 4 ] order4=12 norm111=0 xTpass=0
  D4 above=T2 pat=000 resclass=[ -13, 39, -3 ] xT=false
  D4 above=T2 pat=000 resclass=[ -13, 39, -3 ] xT=false
  D4 above=T3 pat=000 resclass=[ -2, -3, 6 ] xT=false
  D4 above=T1 pat=000 resclass=[ 26, -13, -2 ] xT=false
  D4 above=T3 pat=000 resclass=[ -2, -3, 6 ] xT=false
  D4 above=T1 pat=000 resclass=[ 26, -13, -2 ] xT=false
  D4 above=T2 pat=000 resclass=[ -13, 39, -3 ] xT=false
  D4 above=T2 pat=000 resclass=[ -13, 39, -3 ] xT=false
  D4 above=T3 pat=000 resclass=[ -2, -3, 6 ] xT=false
  D4 above=T1 pat=000 resclass=[ 26, -13, -2 ] xT=false
  D4 above=T3 pat=000 resclass=[ -2, -3, 6 ] xT=false
  D4 above=T1 pat=000 resclass=[ 26, -13, -2 ] xT=false
MEMBER stv 1/3 1/4 2 shape=[ 1, 1, 2, 2 ] tors=[ 4, 4 ] order4=12 norm111=0 xTpass=0
  D4 above=T3 pat=000 resclass=[ -1769, -15, 26535 ] xT=false
  D4 above=T3 pat=000 resclass=[ -1769, -15, 26535 ] xT=false
  D4 above=T1 pat=000 resclass=[ 450378555, -254595, -1769 ] xT=false
  D4 above=T2 pat=000 resclass=[ -254595, 16973, -15 ] xT=false
  D4 above=T1 pat=000 resclass=[ 450378555, -254595, -1769 ] xT=false
  D4 above=T2 pat=000 resclass=[ -254595, 16973, -15 ] xT=false
  D4 above=T3 pat=000 resclass=[ -1769, -15, 26535 ] xT=false
  D4 above=T3 pat=000 resclass=[ -1769, -15, 26535 ] xT=false
  D4 above=T1 pat=000 resclass=[ 450378555, -254595, -1769 ] xT=false
  D4 above=T2 pat=000 resclass=[ -254595, 16973, -15 ] xT=false
  D4 above=T1 pat=000 resclass=[ 450378555, -254595, -1769 ] xT=false
  D4 above=T2 pat=000 resclass=[ -254595, 16973, -15 ] xT=false
MEMBER stv 1/3 4 3/4 shape=[ 1, 1, 2, 2 ] tors=[ 4, 4 ] order4=12 norm111=0 xTpass=0
  D4 above=T3 pat=000 resclass=[ -506, 15, -7590 ] xT=false
  D4 above=T3 pat=000 resclass=[ -506, 15, -7590 ] xT=false
  D4 above=T1 pat=000 resclass=[ 70614830, -139555, -506 ] xT=false
  D4 above=T2 pat=000 resclass=[ -139555, -83733, 15 ] xT=false
  D4 above=T1 pat=000 resclass=[ 70614830, -139555, -506 ] xT=false
  D4 above=T2 pat=000 resclass=[ -139555, -83733, 15 ] xT=false
  D4 above=T3 pat=000 resclass=[ -506, 15, -7590 ] xT=false
  D4 above=T3 pat=000 resclass=[ -506, 15, -7590 ] xT=false
  D4 above=T1 pat=000 resclass=[ 70614830, -139555, -506 ] xT=false
  D4 above=T2 pat=000 resclass=[ -139555, -83733, 15 ] xT=false
  D4 above=T1 pat=000 resclass=[ 70614830, -139555, -506 ] xT=false
  D4 above=T2 pat=000 resclass=[ -139555, -83733, 15 ] xT=false
MEMBER stv 1/2 3 1/4 shape=[ 1, 1, 2, 2 ] tors=[ 4, 4 ] order4=12 norm111=0 xTpass=0
  D4 above=T1 pat=000 resclass=[ 8130, -9214, -255 ] xT=false
  D4 above=T1 pat=000 resclass=[ 8130, -9214, -255 ] xT=false
  D4 above=T3 pat=000 resclass=[ -255, 2, -510 ] xT=false
  D4 above=T2 pat=000 resclass=[ -9214, -4607, 2 ] xT=false
  D4 above=T3 pat=000 resclass=[ -255, 2, -510 ] xT=false
  D4 above=T2 pat=000 resclass=[ -9214, -4607, 2 ] xT=false
  D4 above=T1 pat=000 resclass=[ 8130, -9214, -255 ] xT=false
  D4 above=T1 pat=000 resclass=[ 8130, -9214, -255 ] xT=false
  D4 above=T3 pat=000 resclass=[ -255, 2, -510 ] xT=false
  D4 above=T2 pat=000 resclass=[ -9214, -4607, 2 ] xT=false
  D4 above=T3 pat=000 resclass=[ -255, 2, -510 ] xT=false
  D4 above=T2 pat=000 resclass=[ -9214, -4607, 2 ] xT=false
MEMBER stv 2/3 3/2 3/2 shape=[ 1, 1, 2, 2 ] tors=[ 4, 4 ] order4=12 norm111=0 xTpass=0
  D4 above=T2 pat=000 resclass=[ -15, -3, 5 ] xT=false
  D4 above=T2 pat=000 resclass=[ -15, -3, 5 ] xT=false
  D4 above=T1 pat=000 resclass=[ 2415, -15, -161 ] xT=false
  D4 above=T3 pat=000 resclass=[ -161, 5, -805 ] xT=false
  D4 above=T1 pat=000 resclass=[ 2415, -15, -161 ] xT=false
  D4 above=T3 pat=000 resclass=[ -161, 5, -805 ] xT=false
  D4 above=T2 pat=000 resclass=[ -15, -3, 5 ] xT=false
  D4 above=T2 pat=000 resclass=[ -15, -3, 5 ] xT=false
  D4 above=T1 pat=000 resclass=[ 2415, -15, -161 ] xT=false
  D4 above=T3 pat=000 resclass=[ -161, 5, -805 ] xT=false
  D4 above=T1 pat=000 resclass=[ 2415, -15, -161 ] xT=false
  D4 above=T3 pat=000 resclass=[ -161, 5, -805 ] xT=false
MEMBER stv 3/4 4/3 2/3 shape=[ 1, 1, 2, 2 ] tors=[ 4, 4 ] order4=12 norm111=0 xTpass=0
  D4 above=T3 pat=000 resclass=[ -55, 7, -385 ] xT=false
  D4 above=T3 pat=000 resclass=[ -55, 7, -385 ] xT=false
  D4 above=T2 pat=000 resclass=[ 135674, 19382, 7 ] xT=false
  D4 above=T1 pat=000 resclass=[ -61670, 135674, -55 ] xT=false
  D4 above=T2 pat=000 resclass=[ 135674, 19382, 7 ] xT=false
  D4 above=T1 pat=000 resclass=[ -61670, 135674, -55 ] xT=false
  D4 above=T3 pat=000 resclass=[ -55, 7, -385 ] xT=false
  D4 above=T3 pat=000 resclass=[ -55, 7, -385 ] xT=false
  D4 above=T2 pat=000 resclass=[ 135674, 19382, 7 ] xT=false
  D4 above=T1 pat=000 resclass=[ -61670, 135674, -55 ] xT=false
  D4 above=T2 pat=000 resclass=[ 135674, 19382, 7 ] xT=false
  D4 above=T1 pat=000 resclass=[ -61670, 135674, -55 ] xT=false
MEMBER stv 1 2/3 4 shape=[ 1, 1, 2, 2 ] tors=[ 4, 4 ] order4=12 norm111=0 xTpass=0
  D4 above=T1 pat=000 resclass=[ -6790, -485, 14 ] xT=false
  D4 above=T1 pat=000 resclass=[ -6790, -485, 14 ] xT=false
  D4 above=T2 pat=000 resclass=[ -485, 97, -5 ] xT=false
  D4 above=T3 pat=000 resclass=[ 14, -5, -70 ] xT=false
  D4 above=T2 pat=000 resclass=[ -485, 97, -5 ] xT=false
  D4 above=T3 pat=000 resclass=[ 14, -5, -70 ] xT=false
  D4 above=T1 pat=000 resclass=[ -6790, -485, 14 ] xT=false
  D4 above=T1 pat=000 resclass=[ -6790, -485, 14 ] xT=false
  D4 above=T2 pat=000 resclass=[ -485, 97, -5 ] xT=false
  D4 above=T3 pat=000 resclass=[ 14, -5, -70 ] xT=false
  D4 above=T2 pat=000 resclass=[ -485, 97, -5 ] xT=false
  D4 above=T3 pat=000 resclass=[ 14, -5, -70 ] xT=false
MEMBER stv 4/3 1/2 4/3 shape=[ 1, 1, 2, 2 ] tors=[ 4, 4 ] order4=12 norm111=0 xTpass=0
  D4 above=T2 pat=000 resclass=[ -35581, 106743, -3 ] xT=false
  D4 above=T2 pat=000 resclass=[ -35581, 106743, -3 ] xT=false
  D4 above=T1 pat=000 resclass=[ -5083, -35581, 7 ] xT=false
  D4 above=T3 pat=000 resclass=[ 7, -3, -21 ] xT=false
  D4 above=T1 pat=000 resclass=[ -5083, -35581, 7 ] xT=false
  D4 above=T3 pat=000 resclass=[ 7, -3, -21 ] xT=false
  D4 above=T2 pat=000 resclass=[ -35581, 106743, -3 ] xT=false
  D4 above=T2 pat=000 resclass=[ -35581, 106743, -3 ] xT=false
  D4 above=T1 pat=000 resclass=[ -5083, -35581, 7 ] xT=false
  D4 above=T3 pat=000 resclass=[ 7, -3, -21 ] xT=false
  D4 above=T1 pat=000 resclass=[ -5083, -35581, 7 ] xT=false
  D4 above=T3 pat=000 resclass=[ 7, -3, -21 ] xT=false
MEMBER stv 3/2 1/3 1/2 shape=[ 1, 1, 2, 2 ] tors=[ 4, 4 ] order4=12 norm111=0 xTpass=0
  D4 above=T2 pat=000 resclass=[ -23953, 47906, -2 ] xT=false
  D4 above=T2 pat=000 resclass=[ -23953, 47906, -2 ] xT=false
  D4 above=T1 pat=000 resclass=[ -11329769, -23953, 473 ] xT=false
  D4 above=T3 pat=000 resclass=[ 473, -2, -946 ] xT=false
  D4 above=T1 pat=000 resclass=[ -11329769, -23953, 473 ] xT=false
  D4 above=T3 pat=000 resclass=[ 473, -2, -946 ] xT=false
  D4 above=T2 pat=000 resclass=[ -23953, 47906, -2 ] xT=false
  D4 above=T2 pat=000 resclass=[ -23953, 47906, -2 ] xT=false
  D4 above=T1 pat=000 resclass=[ -11329769, -23953, 473 ] xT=false
  D4 above=T3 pat=000 resclass=[ 473, -2, -946 ] xT=false
  D4 above=T1 pat=000 resclass=[ -11329769, -23953, 473 ] xT=false
  D4 above=T3 pat=000 resclass=[ 473, -2, -946 ] xT=false
MEMBER stv 3/2 4 3 shape=[ 1, 1, 2, 2 ] tors=[ 4, 4 ] order4=12 norm111=0 xTpass=0
  D4 above=T3 pat=000 resclass=[ -11, 15, -165 ] xT=false
  D4 above=T3 pat=000 resclass=[ -11, 15, -165 ] xT=false
  D4 above=T2 pat=000 resclass=[ -441595, -264957, 15 ] xT=false
  D4 above=T1 pat=000 resclass=[ 40145, -441595, -11 ] xT=false
  D4 above=T2 pat=000 resclass=[ -441595, -264957, 15 ] xT=false
  D4 above=T1 pat=000 resclass=[ 40145, -441595, -11 ] xT=false
  D4 above=T3 pat=000 resclass=[ -11, 15, -165 ] xT=false
  D4 above=T3 pat=000 resclass=[ -11, 15, -165 ] xT=false
  D4 above=T2 pat=000 resclass=[ -441595, -264957, 15 ] xT=false
  D4 above=T1 pat=000 resclass=[ 40145, -441595, -11 ] xT=false
  D4 above=T2 pat=000 resclass=[ -441595, -264957, 15 ] xT=false
  D4 above=T1 pat=000 resclass=[ 40145, -441595, -11 ] xT=false
MEMBER stv 2 3 1 shape=[ 1, 1, 2, 2 ] tors=[ 4, 4 ] order4=12 norm111=0 xTpass=0
  D4 above=T2 pat=000 resclass=[ -670, -335, 2 ] xT=false
  D4 above=T2 pat=000 resclass=[ -670, -335, 2 ] xT=false
  D4 above=T3 pat=000 resclass=[ -15, 2, -30 ] xT=false
  D4 above=T1 pat=000 resclass=[ 402, -670, -15 ] xT=false
  D4 above=T3 pat=000 resclass=[ -15, 2, -30 ] xT=false
  D4 above=T1 pat=000 resclass=[ 402, -670, -15 ] xT=false
  D4 above=T2 pat=000 resclass=[ -670, -335, 2 ] xT=false
  D4 above=T2 pat=000 resclass=[ -670, -335, 2 ] xT=false
  D4 above=T3 pat=000 resclass=[ -15, 2, -30 ] xT=false
  D4 above=T1 pat=000 resclass=[ 402, -670, -15 ] xT=false
  D4 above=T3 pat=000 resclass=[ -15, 2, -30 ] xT=false
  D4 above=T1 pat=000 resclass=[ 402, -670, -15 ] xT=false
MEMBER stv 3 2 1/3 INVALID
MEMBER stv 4 4/3 2 shape=[ 1, 1, 2, 2 ] tors=[ 4, 4 ] order4=12 norm111=0 xTpass=0
  D4 above=T1 pat=000 resclass=[ 1410903186, 1131438, 1247 ] xT=false
  D4 above=T1 pat=000 resclass=[ 1410903186, 1131438, 1247 ] xT=false
  D4 above=T3 pat=000 resclass=[ 1247, 7, 8729 ] xT=false
  D4 above=T2 pat=000 resclass=[ 1131438, 161634, 7 ] xT=false
  D4 above=T3 pat=000 resclass=[ 1247, 7, 8729 ] xT=false
  D4 above=T2 pat=000 resclass=[ 1131438, 161634, 7 ] xT=false
  D4 above=T1 pat=000 resclass=[ 1410903186, 1131438, 1247 ] xT=false
  D4 above=T1 pat=000 resclass=[ 1410903186, 1131438, 1247 ] xT=false
  D4 above=T3 pat=000 resclass=[ 1247, 7, 8729 ] xT=false
  D4 above=T2 pat=000 resclass=[ 1131438, 161634, 7 ] xT=false
  D4 above=T3 pat=000 resclass=[ 1247, 7, 8729 ] xT=false
  D4 above=T2 pat=000 resclass=[ 1131438, 161634, 7 ] xT=false
MEMBER stv 17 11/8 10/17 shape=[ 1, 1, 2, 2 ] tors=[ 4, 4 ] order4=12 norm111=0 xTpass=0
  D4 above=T3 pat=000 resclass=[ 1180495, 57, 67288215 ] xT=false
  D4 above=T3 pat=000 resclass=[ 1180495, 57, 67288215 ] xT=false
  D4 above=T1 pat=000 resclass=[ 465827340683, 9865085, 1180495 ] xT=false
  D4 above=T2 pat=000 resclass=[ 9865085, 1557645, 57 ] xT=false
  D4 above=T1 pat=000 resclass=[ 465827340683, 9865085, 1180495 ] xT=false
  D4 above=T2 pat=000 resclass=[ 9865085, 1557645, 57 ] xT=false
  D4 above=T3 pat=000 resclass=[ 1180495, 57, 67288215 ] xT=false
  D4 above=T3 pat=000 resclass=[ 1180495, 57, 67288215 ] xT=false
  D4 above=T1 pat=000 resclass=[ 465827340683, 9865085, 1180495 ] xT=false
  D4 above=T2 pat=000 resclass=[ 9865085, 1557645, 57 ] xT=false
  D4 above=T1 pat=000 resclass=[ 465827340683, 9865085, 1180495 ] xT=false
  D4 above=T2 pat=000 resclass=[ 9865085, 1557645, 57 ] xT=false
MEMBER stv 10/17 13/20 -2/3 shape=[ 1, 1, 2, 2 ] tors=[ 4, 4 ] order4=12 norm111=0 xTpass=0
  D4 above=T1 pat=000 resclass=[ 1250548586411128081, 2161070083711, 578671 ] xT=false
  D4 above=T1 pat=000 resclass=[ 1250548586411128081, 2161070083711, 578671 ] xT=false
  D4 above=T2 pat=000 resclass=[ 2161070083711, -84197535729, -231 ] xT=false
  D4 above=T3 pat=000 resclass=[ 578671, -231, -133673001 ] xT=false
  D4 above=T2 pat=000 resclass=[ 2161070083711, -84197535729, -231 ] xT=false
  D4 above=T3 pat=000 resclass=[ 578671, -231, -133673001 ] xT=false
  D4 above=T1 pat=000 resclass=[ 1250548586411128081, 2161070083711, 578671 ] xT=false
  D4 above=T1 pat=000 resclass=[ 1250548586411128081, 2161070083711, 578671 ] xT=false
  D4 above=T2 pat=000 resclass=[ 2161070083711, -84197535729, -231 ] xT=false
  D4 above=T3 pat=000 resclass=[ 578671, -231, -133673001 ] xT=false
  D4 above=T2 pat=000 resclass=[ 2161070083711, -84197535729, -231 ] xT=false
  D4 above=T3 pat=000 resclass=[ 578671, -231, -133673001 ] xT=false
MEMBER stv 4/13 12/7 1/12 shape=[ 1, 1, 2, 2 ] tors=[ 4, 4 ] order4=12 norm111=0 xTpass=0
  D4 above=T2 pat=000 resclass=[ 94507066185, 994811223, 95 ] xT=false
  D4 above=T2 pat=000 resclass=[ 94507066185, 994811223, 95 ] xT=false
  D4 above=T3 pat=000 resclass=[ -165201, 95, -15694095 ] xT=false
  D4 above=T1 pat=000 resclass=[ -1734740204536465, 94507066185, -165201 ] xT=false
  D4 above=T3 pat=000 resclass=[ -165201, 95, -15694095 ] xT=false
  D4 above=T1 pat=000 resclass=[ -1734740204536465, 94507066185, -165201 ] xT=false
  D4 above=T2 pat=000 resclass=[ 94507066185, 994811223, 95 ] xT=false
  D4 above=T2 pat=000 resclass=[ 94507066185, 994811223, 95 ] xT=false
  D4 above=T3 pat=000 resclass=[ -165201, 95, -15694095 ] xT=false
  D4 above=T1 pat=000 resclass=[ -1734740204536465, 94507066185, -165201 ] xT=false
  D4 above=T3 pat=000 resclass=[ -165201, 95, -15694095 ] xT=false
  D4 above=T1 pat=000 resclass=[ -1734740204536465, 94507066185, -165201 ] xT=false
PART_DONE part=91
