MEMBER stv 1/4 1/2 -1/3 shape=[ 1, 1, 2, 2 ] tors=[ 4, 4 ] order4=12 norm111=0 xTpass=0
  D4 above=T2 pat=000 resclass=[ 517, -1551, -3 ] xT=false
  D4 above=T2 pat=000 resclass=[ 517, -1551, -3 ] xT=false
  D4 above=T1 pat=000 resclass=[ -1034, 517, -2 ] xT=false
  D4 above=T3 pat=000 resclass=[ -2, -3, 6 ] xT=false
  D4 above=T1 pat=000 resclass=[ -1034, 517, -2 ] xT=false
  D4 above=T3 pat=000 resclass=[ -2, -3, 6 ] xT=false
  D4 above=T2 pat=000 resclass=[ 517, -1551, -3 ] xT=false
  D4 above=T2 pat=000 resclass=[ 517, -1551, -3 ] xT=false
  D4 above=T1 pat=000 resclass=[ -1034, 517, -2 ] xT=false
  D4 above=T3 pat=000 resclass=[ -2, -3, 6 ] xT=false
  D4 above=T1 pat=000 resclass=[ -1034, 517, -2 ] xT=false
  D4 above=T3 pat=000 resclass=[ -2, -3, 6 ] xT=false
MEMBER stv 1/3 1/4 -2 shape=[ 1, 1, 2, 2 ] tors=[ 4, 4 ] order4=12 norm111=0 xTpass=0
  D4 above=T3 pat=000 resclass=[ -1769, -15, 26535 ] xT=false
  D4 above=T3 pat=000 resclass=[ -1769, -15, 26535 ] xT=false
  D4 above=T1 pat=000 resclass=[ -141351945, 79905, -1769 ] xT=false
  D4 above=T2 pat=000 resclass=[ 79905, -5327, -15 ] xT=false
  D4 above=T1 pat=000 resclass=[ -141351945, 79905, -1769 ] xT=false
  D4 above=T2 pat=000 resclass=[ 79905, -5327, -15 ] xT=false
  D4 above=T3 pat=000 resclass=[ -1769, -15, 26535 ] xT=false
  D4 above=T3 pat=000 resclass=[ -1769, -15, 26535 ] xT=false
  D4 above=T1 pat=000 resclass=[ -141351945, 79905, -1769 ] xT=false
  D4 above=T2 pat=000 resclass=[ 79905, -5327, -15 ] xT=false
  D4 above=T1 pat=000 resclass=[ -141351945, 79905, -1769 ] xT=false
  D4 above=T2 pat=000 resclass=[ 79905, -5327, -15 ] xT=false
MEMBER stv 1/3 4 -3/4 shape=[ 1, 1, 2, 2 ] tors=[ 4, 4 ] order4=12 norm111=0 xTpass=0
  D4 above=T2 pat=000 resclass=[ -119405, -71643, 15 ] xT=false
  D4 above=T2 pat=000 resclass=[ -119405, -71643, 15 ] xT=false
  D4 above=T3 pat=000 resclass=[ -506, 15, -7590 ] xT=false
  D4 above=T1 pat=000 resclass=[ 499330, -119405, -506 ] xT=false
  D4 above=T3 pat=000 resclass=[ -506, 15, -7590 ] xT=false
  D4 above=T1 pat=000 resclass=[ 499330, -119405, -506 ] xT=false
  D4 above=T2 pat=000 resclass=[ -119405, -71643, 15 ] xT=false
  D4 above=T2 pat=000 resclass=[ -119405, -71643, 15 ] xT=false
  D4 above=T3 pat=000 resclass=[ -506, 15, -7590 ] xT=false
  D4 above=T1 pat=000 resclass=[ 499330, -119405, -506 ] xT=false
  D4 above=T3 pat=000 resclass=[ -506, 15, -7590 ] xT=false
  D4 above=T1 pat=000 resclass=[ 499330, -119405, -506 ] xT=false
MEMBER stv 1/2 3 -1/4 shape=[ 1, 1, 2, 2 ] tors=[ 4, 4 ] order4=12 norm111=0 xTpass=0
  D4 above=T2 pat=000 resclass=[ -1010, -505, 2 ] xT=false
  D4 above=T2 pat=000 resclass=[ -1010, -505, 2 ] xT=false
  D4 above=T1 pat=000 resclass=[ 10302, -1010, -255 ] xT=false
  D4 above=T3 pat=000 resclass=[ -255, 2, -510 ] xT=false
  D4 above=T1 pat=000 resclass=[ 10302, -1010, -255 ] xT=false
  D4 above=T3 pat=000 resclass=[ -255, 2, -510 ] xT=false
  D4 above=T2 pat=000 resclass=[ -1010, -505, 2 ] xT=false
  D4 above=T2 pat=000 resclass=[ -1010, -505, 2 ] xT=false
  D4 above=T1 pat=000 resclass=[ 10302, -1010, -255 ] xT=false
  D4 above=T3 pat=000 resclass=[ -255, 2, -510 ] xT=false
  D4 above=T1 pat=000 resclass=[ 10302, -1010, -255 ] xT=false
  D4 above=T3 pat=000 resclass=[ -255, 2, -510 ] xT=false
MEMBER stv 2/3 3/2 -3/2 shape=[ 1, 1, 2, 2 ] tors=[ 4, 4 ] order4=12 norm111=0 xTpass=0
  D4 above=T2 pat=000 resclass=[ -6555, -1311, 5 ] xT=false
  D4 above=T2 pat=000 resclass=[ -6555, -1311, 5 ] xT=false
  D4 above=T1 pat=000 resclass=[ 1995, -6555, -161 ] xT=false
  D4 above=T3 pat=000 resclass=[ -161, 5, -805 ] xT=false
  D4 above=T1 pat=000 resclass=[ 1995, -6555, -161 ] xT=false
  D4 above=T3 pat=000 resclass=[ -161, 5, -805 ] xT=false
  D4 above=T2 pat=000 resclass=[ -6555, -1311, 5 ] xT=false
  D4 above=T2 pat=000 resclass=[ -6555, -1311, 5 ] xT=false
  D4 above=T1 pat=000 resclass=[ 1995, -6555, -161 ] xT=false
  D4 above=T3 pat=000 resclass=[ -161, 5, -805 ] xT=false
  D4 above=T1 pat=000 resclass=[ 1995, -6555, -161 ] xT=false
  D4 above=T3 pat=000 resclass=[ -161, 5, -805 ] xT=false
MEMBER stv 3/4 4/3 -2/3 shape=[ 1, 1, 2, 2 ] tors=[ 4, 4 ] order4=12 norm111=0 xTpass=0
  D4 above=T2 pat=000 resclass=[ -210490, -30070, 7 ] xT=false
  D4 above=T2 pat=000 resclass=[ -210490, -30070, 7 ] xT=false
  D4 above=T3 pat=000 resclass=[ -55, 7, -385 ] xT=false
  D4 above=T1 pat=000 resclass=[ 463078, -210490, -55 ] xT=false
  D4 above=T3 pat=000 resclass=[ -55, 7, -385 ] xT=false
  D4 above=T1 pat=000 resclass=[ 463078, -210490, -55 ] xT=false
  D4 above=T2 pat=000 resclass=[ -210490, -30070, 7 ] xT=false
  D4 above=T2 pat=000 resclass=[ -210490, -30070, 7 ] xT=false
  D4 above=T3 pat=000 resclass=[ -55, 7, -385 ] xT=false
  D4 above=T1 pat=000 resclass=[ 463078, -210490, -55 ] xT=false
  D4 above=T3 pat=000 resclass=[ -55, 7, -385 ] xT=false
  D4 above=T1 pat=000 resclass=[ 463078, -210490, -55 ] xT=false
MEMBER stv 1 2/3 -4 shape=[ 1, 1, 2, 2 ] tors=[ 4, 4 ] order4=12 norm111=0 xTpass=0
  D4 above=T1 pat=000 resclass=[ 67830, 4845, 14 ] xT=false
  D4 above=T1 pat=000 resclass=[ 67830, 4845, 14 ] xT=false
  D4 above=T3 pat=000 resclass=[ 14, -5, -70 ] xT=false
  D4 above=T2 pat=000 resclass=[ 4845, -969, -5 ] xT=false
  D4 above=T3 pat=000 resclass=[ 14, -5, -70 ] xT=false
  D4 above=T2 pat=000 resclass=[ 4845, -969, -5 ] xT=false
  D4 above=T1 pat=000 resclass=[ 67830, 4845, 14 ] xT=false
  D4 above=T1 pat=000 resclass=[ 67830, 4845, 14 ] xT=false
  D4 above=T3 pat=000 resclass=[ 14, -5, -70 ] xT=false
  D4 above=T2 pat=000 resclass=[ 4845, -969, -5 ] xT=false
  D4 above=T3 pat=000 resclass=[ 14, -5, -70 ] xT=false
  D4 above=T2 pat=000 resclass=[ 4845, -969, -5 ] xT=false
MEMBER stv 4/3 1/2 -4/3 shape=[ 1, 1, 2, 2 ] tors=[ 4, 4 ] order4=12 norm111=0 xTpass=0
  D4 above=T1 pat=000 resclass=[ 37, 259, 7 ] xT=false
  D4 above=T1 pat=000 resclass=[ 37, 259, 7 ] xT=false
  D4 above=T3 pat=000 resclass=[ 7, -3, -21 ] xT=false
  D4 above=T2 pat=000 resclass=[ 259, -777, -3 ] xT=false
  D4 above=T3 pat=000 resclass=[ 7, -3, -21 ] xT=false
  D4 above=T2 pat=000 resclass=[ 259, -777, -3 ] xT=false
  D4 above=T1 pat=000 resclass=[ 37, 259, 7 ] xT=false
  D4 above=T1 pat=000 resclass=[ 37, 259, 7 ] xT=false
  D4 above=T3 pat=000 resclass=[ 7, -3, -21 ] xT=false
  D4 above=T2 pat=000 resclass=[ 259, -777, -3 ] xT=false
  D4 above=T3 pat=000 resclass=[ 7, -3, -21 ] xT=false
  D4 above=T2 pat=000 resclass=[ 259, -777, -3 ] xT=false
MEMBER stv 3/2 1/3 -1/2 shape=[ 1, 1, 2, 2 ] tors=[ 4, 4 ] order4=12 norm111=0 xTpass=0
  D4 above=T1 pat=000 resclass=[ 53449, 113, 473 ] xT=false
  D4 above=T1 pat=000 resclass=[ 53449, 113, 473 ] xT=false
  D4 above=T2 pat=000 resclass=[ 113, -226, -2 ] xT=false
  D4 above=T3 pat=000 resclass=[ 473, -2, -946 ] xT=false
  D4 above=T2 pat=000 resclass=[ 113, -226, -2 ] xT=false
  D4 above=T3 pat=000 resclass=[ 473, -2, -946 ] xT=false
  D4 above=T1 pat=000 resclass=[ 53449, 113, 473 ] xT=false
  D4 above=T1 pat=000 resclass=[ 53449, 113, 473 ] xT=false
  D4 above=T2 pat=000 resclass=[ 113, -226, -2 ] xT=false
  D4 above=T3 pat=000 resclass=[ 473, -2, -946 ] xT=false
  D4 above=T2 pat=000 resclass=[ 113, -226, -2 ] xT=false
  D4 above=T3 pat=000 resclass=[ 473, -2, -946 ] xT=false
MEMBER stv 3/2 4 -3 shape=[ 1, 1, 2, 2 ] tors=[ 4, 4 ] order4=12 norm111=0 xTpass=0
  D4 above=T2 pat=000 resclass=[ 328555, 197133, 15 ] xT=false
  D4 above=T2 pat=000 resclass=[ 328555, 197133, 15 ] xT=false
  D4 above=T3 pat=000 resclass=[ -11, 15, -165 ] xT=false
  D4 above=T1 pat=000 resclass=[ -3614105, 328555, -11 ] xT=false
  D4 above=T3 pat=000 resclass=[ -11, 15, -165 ] xT=false
  D4 above=T1 pat=000 resclass=[ -3614105, 328555, -11 ] xT=false
  D4 above=T2 pat=000 resclass=[ 328555, 197133, 15 ] xT=false
  D4 above=T2 pat=000 resclass=[ 328555, 197133, 15 ] xT=false
  D4 above=T3 pat=000 resclass=[ -11, 15, -165 ] xT=false
  D4 above=T1 pat=000 resclass=[ -3614105, 328555, -11 ] xT=false
  D4 above=T3 pat=000 resclass=[ -11, 15, -165 ] xT=false
  D4 above=T1 pat=000 resclass=[ -3614105, 328555, -11 ] xT=false
MEMBER stv 2 3 -1 shape=[ 1, 1, 2, 2 ] tors=[ 4, 4 ] order4=12 norm111=0 xTpass=0
  D4 above=T2 pat=000 resclass=[ 46, 23, 2 ] xT=false
  D4 above=T2 pat=000 resclass=[ 46, 23, 2 ] xT=false
  D4 above=T1 pat=000 resclass=[ -690, 46, -15 ] xT=false
  D4 above=T3 pat=000 resclass=[ -15, 2, -30 ] xT=false
  D4 above=T1 pat=000 resclass=[ -690, 46, -15 ] xT=false
  D4 above=T3 pat=000 resclass=[ -15, 2, -30 ] xT=false
  D4 above=T2 pat=000 resclass=[ 46, 23, 2 ] xT=false
  D4 above=T2 pat=000 resclass=[ 46, 23, 2 ] xT=false
  D4 above=T1 pat=000 resclass=[ -690, 46, -15 ] xT=false
  D4 above=T3 pat=000 resclass=[ -15, 2, -30 ] xT=false
  D4 above=T1 pat=000 resclass=[ -690, 46, -15 ] xT=false
  D4 above=T3 pat=000 resclass=[ -15, 2, -30 ] xT=false
MEMBER stv 3 2 -1/3 INVALID
MEMBER stv 4 4/3 -2 shape=[ 1, 1, 2, 2 ] tors=[ 4, 4 ] order4=12 norm111=0 xTpass=0
  D4 above=T2 pat=000 resclass=[ -992558, -141794, 7 ] xT=false
  D4 above=T2 pat=000 resclass=[ -992558, -141794, 7 ] xT=false
  D4 above=T1 pat=000 resclass=[ -1237719826, -992558, 1247 ] xT=false
  D4 above=T3 pat=000 resclass=[ 1247, 7, 8729 ] xT=false
  D4 above=T1 pat=000 resclass=[ -1237719826, -992558, 1247 ] xT=false
  D4 above=T3 pat=000 resclass=[ 1247, 7, 8729 ] xT=false
  D4 above=T2 pat=000 resclass=[ -992558, -141794, 7 ] xT=false
  D4 above=T2 pat=000 resclass=[ -992558, -141794, 7 ] xT=false
  D4 above=T1 pat=000 resclass=[ -1237719826, -992558, 1247 ] xT=false
  D4 above=T3 pat=000 resclass=[ 1247, 7, 8729 ] xT=false
  D4 above=T1 pat=000 resclass=[ -1237719826, -992558, 1247 ] xT=false
  D4 above=T3 pat=000 resclass=[ 1247, 7, 8729 ] xT=false
MEMBER stv 13/17 19/13 5/4 shape=[ 1, 1, 2, 2 ] tors=[ 4, 4 ] order4=12 norm111=0 xTpass=0
  D4 above=T1 pat=000 resclass=[ 835707315290137455, -143422605465, -5826887 ] xT=false
  D4 above=T1 pat=000 resclass=[ 835707315290137455, -143422605465, -5826887 ] xT=false
  D4 above=T3 pat=000 resclass=[ -5826887, 3, -17480661 ] xT=false
  D4 above=T2 pat=000 resclass=[ -143422605465, -47807535155, 3 ] xT=false
  D4 above=T3 pat=000 resclass=[ -5826887, 3, -17480661 ] xT=false
  D4 above=T2 pat=000 resclass=[ -143422605465, -47807535155, 3 ] xT=false
  D4 above=T1 pat=000 resclass=[ 835707315290137455, -143422605465, -5826887 ] xT=false
  D4 above=T1 pat=000 resclass=[ 835707315290137455, -143422605465, -5826887 ] xT=false
  D4 above=T3 pat=000 resclass=[ -5826887, 3, -17480661 ] xT=false
  D4 above=T2 pat=000 resclass=[ -143422605465, -47807535155, 3 ] xT=false
  D4 above=T3 pat=000 resclass=[ -5826887, 3, -17480661 ] xT=false
  D4 above=T2 pat=000 resclass=[ -143422605465, -47807535155, 3 ] xT=false
MEMBER stv 6/13 7/15 1 shape=[ 1, 1, 2, 2 ] tors=[ 4, 4 ] order4=12 norm111=0 xTpass=0
  D4 above=T2 pat=000 resclass=[ -26689235155, 2426294105, -11 ] xT=false
  D4 above=T2 pat=000 resclass=[ -26689235155, 2426294105, -11 ] xT=false
  D4 above=T1 pat=000 resclass=[ 22768880092317205, -26689235155, -853111 ] xT=false
  D4 above=T3 pat=000 resclass=[ -853111, -11, 9384221 ] xT=false
  D4 above=T1 pat=000 resclass=[ 22768880092317205, -26689235155, -853111 ] xT=false
  D4 above=T3 pat=000 resclass=[ -853111, -11, 9384221 ] xT=false
  D4 above=T2 pat=000 resclass=[ -26689235155, 2426294105, -11 ] xT=false
  D4 above=T2 pat=000 resclass=[ -26689235155, 2426294105, -11 ] xT=false
  D4 above=T1 pat=000 resclass=[ 22768880092317205, -26689235155, -853111 ] xT=false
  D4 above=T3 pat=000 resclass=[ -853111, -11, 9384221 ] xT=false
  D4 above=T1 pat=000 resclass=[ 22768880092317205, -26689235155, -853111 ] xT=false
  D4 above=T3 pat=000 resclass=[ -853111, -11, 9384221 ] xT=false
MEMBER stv 8/7 1/9 -3 shape=[ 1, 1, 2, 2 ] tors=[ 4, 4 ] order4=12 norm111=0 xTpass=0
  D4 above=T1 pat=000 resclass=[ 3108027715, 226412615, 1661 ] xT=false
  D4 above=T1 pat=000 resclass=[ 3108027715, 226412615, 1661 ] xT=false
  D4 above=T3 pat=000 resclass=[ 1661, -5, -8305 ] xT=false
  D4 above=T2 pat=000 resclass=[ 226412615, -45282523, -5 ] xT=false
  D4 above=T3 pat=000 resclass=[ 1661, -5, -8305 ] xT=false
  D4 above=T2 pat=000 resclass=[ 226412615, -45282523, -5 ] xT=false
  D4 above=T1 pat=000 resclass=[ 3108027715, 226412615, 1661 ] xT=false
  D4 above=T1 pat=000 resclass=[ 3108027715, 226412615, 1661 ] xT=false
  D4 above=T3 pat=000 resclass=[ 1661, -5, -8305 ] xT=false
  D4 above=T2 pat=000 resclass=[ 226412615, -45282523, -5 ] xT=false
  D4 above=T3 pat=000 resclass=[ 1661, -5, -8305 ] xT=false
  D4 above=T2 pat=000 resclass=[ 226412615, -45282523, -5 ] xT=false
PART_DONE part=92
