MEMBER stv 1/4 1/2 1/2 shape=[ 1, 1, 2, 2 ] tors=[ 4, 4 ] order4=12 norm111=0 xTpass=0
  D4 above=T2 pat=000 resclass=[ -22, 66, -3 ] xT=false
  D4 above=T2 pat=000 resclass=[ -22, 66, -3 ] xT=false
  D4 above=T3 pat=000 resclass=[ -2, -3, 6 ] xT=false
  D4 above=T1 pat=000 resclass=[ 11, -22, -2 ] xT=false
  D4 above=T3 pat=000 resclass=[ -2, -3, 6 ] xT=false
  D4 above=T1 pat=000 resclass=[ 11, -22, -2 ] xT=false
  D4 above=T2 pat=000 resclass=[ -22, 66, -3 ] xT=false
  D4 above=T2 pat=000 resclass=[ -22, 66, -3 ] xT=false
  D4 above=T3 pat=000 resclass=[ -2, -3, 6 ] xT=false
  D4 above=T1 pat=000 resclass=[ 11, -22, -2 ] xT=false
  D4 above=T3 pat=000 resclass=[ -2, -3, 6 ] xT=false
  D4 above=T1 pat=000 resclass=[ 11, -22, -2 ] xT=false
MEMBER stv 1/3 1/4 3 shape=[ 1, 1, 2, 2 ] tors=[ 4, 4 ] order4=12 norm111=0 xTpass=0
  D4 above=T3 pat=000 resclass=[ -1769, -15, 26535 ] xT=false
  D4 above=T3 pat=000 resclass=[ -1769, -15, 26535 ] xT=false
  D4 above=T1 pat=000 resclass=[ 2755, -5795, -1769 ] xT=false
  D4 above=T2 pat=000 resclass=[ -5795, 3477, -15 ] xT=false
  D4 above=T1 pat=000 resclass=[ 2755, -5795, -1769 ] xT=false
  D4 above=T2 pat=000 resclass=[ -5795, 3477, -15 ] xT=false
  D4 above=T3 pat=000 resclass=[ -1769, -15, 26535 ] xT=false
  D4 above=T3 pat=000 resclass=[ -1769, -15, 26535 ] xT=false
  D4 above=T1 pat=000 resclass=[ 2755, -5795, -1769 ] xT=false
  D4 above=T2 pat=000 resclass=[ -5795, 3477, -15 ] xT=false
  D4 above=T1 pat=000 resclass=[ 2755, -5795, -1769 ] xT=false
  D4 above=T2 pat=000 resclass=[ -5795, 3477, -15 ] xT=false
MEMBER stv 1/3 4 1 shape=[ 1, 1, 2, 2 ] tors=[ 4, 4 ] order4=12 norm111=0 xTpass=0
  D4 above=T3 pat=000 resclass=[ -506, 15, -7590 ] xT=false
  D4 above=T3 pat=000 resclass=[ -506, 15, -7590 ] xT=false
  D4 above=T1 pat=000 resclass=[ 65274, -129, -506 ] xT=false
  D4 above=T2 pat=000 resclass=[ -129, -215, 15 ] xT=false
  D4 above=T1 pat=000 resclass=[ 65274, -129, -506 ] xT=false
  D4 above=T2 pat=000 resclass=[ -129, -215, 15 ] xT=false
  D4 above=T3 pat=000 resclass=[ -506, 15, -7590 ] xT=false
  D4 above=T3 pat=000 resclass=[ -506, 15, -7590 ] xT=false
  D4 above=T1 pat=000 resclass=[ 65274, -129, -506 ] xT=false
  D4 above=T2 pat=000 resclass=[ -129, -215, 15 ] xT=false
  D4 above=T1 pat=000 resclass=[ 65274, -129, -506 ] xT=false
  D4 above=T2 pat=000 resclass=[ -129, -215, 15 ] xT=false
MEMBER stv 1/2 3 1/3 shape=[ 1, 1, 2, 2 ] tors=[ 4, 4 ] order4=12 norm111=0 xTpass=0
  D4 above=T1 pat=000 resclass=[ 24310, -858, -255 ] xT=false
  D4 above=T1 pat=000 resclass=[ 24310, -858, -255 ] xT=false
  D4 above=T3 pat=000 resclass=[ -255, 2, -510 ] xT=false
  D4 above=T2 pat=000 resclass=[ -858, -429, 2 ] xT=false
  D4 above=T3 pat=000 resclass=[ -255, 2, -510 ] xT=false
  D4 above=T2 pat=000 resclass=[ -858, -429, 2 ] xT=false
  D4 above=T1 pat=000 resclass=[ 24310, -858, -255 ] xT=false
  D4 above=T1 pat=000 resclass=[ 24310, -858, -255 ] xT=false
  D4 above=T3 pat=000 resclass=[ -255, 2, -510 ] xT=false
  D4 above=T2 pat=000 resclass=[ -858, -429, 2 ] xT=false
  D4 above=T3 pat=000 resclass=[ -255, 2, -510 ] xT=false
  D4 above=T2 pat=000 resclass=[ -858, -429, 2 ] xT=false
MEMBER stv 2/3 3/2 2 shape=[ 1, 1, 2, 2 ] tors=[ 4, 4 ] order4=12 norm111=0 xTpass=0
  D4 above=T3 pat=000 resclass=[ -161, 5, -805 ] xT=false
  D4 above=T3 pat=000 resclass=[ -161, 5, -805 ] xT=false
  D4 above=T2 pat=000 resclass=[ -22865, -4573, 5 ] xT=false
  D4 above=T1 pat=000 resclass=[ 3681265, -22865, -161 ] xT=false
  D4 above=T2 pat=000 resclass=[ -22865, -4573, 5 ] xT=false
  D4 above=T1 pat=000 resclass=[ 3681265, -22865, -161 ] xT=false
  D4 above=T3 pat=000 resclass=[ -161, 5, -805 ] xT=false
  D4 above=T3 pat=000 resclass=[ -161, 5, -805 ] xT=false
  D4 above=T2 pat=000 resclass=[ -22865, -4573, 5 ] xT=false
  D4 above=T1 pat=000 resclass=[ 3681265, -22865, -161 ] xT=false
  D4 above=T2 pat=000 resclass=[ -22865, -4573, 5 ] xT=false
  D4 above=T1 pat=000 resclass=[ 3681265, -22865, -161 ] xT=false
MEMBER stv 3/4 4/3 3/4 shape=[ 1, 1, 2, 2 ] tors=[ 4, 4 ] order4=12 norm111=0 xTpass=0
  D4 above=T2 pat=000 resclass=[ 8645, 1235, 7 ] xT=false
  D4 above=T2 pat=000 resclass=[ 8645, 1235, 7 ] xT=false
  D4 above=T1 pat=000 resclass=[ -19019, 8645, -55 ] xT=false
  D4 above=T3 pat=000 resclass=[ -55, 7, -385 ] xT=false
  D4 above=T1 pat=000 resclass=[ -19019, 8645, -55 ] xT=false
  D4 above=T3 pat=000 resclass=[ -55, 7, -385 ] xT=false
  D4 above=T2 pat=000 resclass=[ 8645, 1235, 7 ] xT=false
  D4 above=T2 pat=000 resclass=[ 8645, 1235, 7 ] xT=false
  D4 above=T1 pat=000 resclass=[ -19019, 8645, -55 ] xT=false
  D4 above=T3 pat=000 resclass=[ -55, 7, -385 ] xT=false
  D4 above=T1 pat=000 resclass=[ -19019, 8645, -55 ] xT=false
  D4 above=T3 pat=000 resclass=[ -55, 7, -385 ] xT=false
MEMBER stv 1 3/4 1/4 shape=[ 1, 1, 2, 2 ] tors=[ 4, 4 ] order4=12 norm111=0 xTpass=0
  D4 above=T2 pat=000 resclass=[ -47005, 6715, -7 ] xT=false
  D4 above=T2 pat=000 resclass=[ -47005, 6715, -7 ] xT=false
  D4 above=T1 pat=000 resclass=[ -1081115, -47005, 23 ] xT=false
  D4 above=T3 pat=000 resclass=[ 23, -7, -161 ] xT=false
  D4 above=T1 pat=000 resclass=[ -1081115, -47005, 23 ] xT=false
  D4 above=T3 pat=000 resclass=[ 23, -7, -161 ] xT=false
  D4 above=T2 pat=000 resclass=[ -47005, 6715, -7 ] xT=false
  D4 above=T2 pat=000 resclass=[ -47005, 6715, -7 ] xT=false
  D4 above=T1 pat=000 resclass=[ -1081115, -47005, 23 ] xT=false
  D4 above=T3 pat=000 resclass=[ 23, -7, -161 ] xT=false
  D4 above=T1 pat=000 resclass=[ -1081115, -47005, 23 ] xT=false
  D4 above=T3 pat=000 resclass=[ 23, -7, -161 ] xT=false
MEMBER stv 4/3 1/2 3/2 shape=[ 1, 1, 2, 2 ] tors=[ 4, 4 ] order4=12 norm111=0 xTpass=0
  D4 above=T2 pat=000 resclass=[ -4169, 12507, -3 ] xT=false
  D4 above=T2 pat=000 resclass=[ -4169, 12507, -3 ] xT=false
  D4 above=T3 pat=000 resclass=[ 7, -3, -21 ] xT=false
  D4 above=T1 pat=000 resclass=[ -29183, -4169, 7 ] xT=false
  D4 above=T3 pat=000 resclass=[ 7, -3, -21 ] xT=false
  D4 above=T1 pat=000 resclass=[ -29183, -4169, 7 ] xT=false
  D4 above=T2 pat=000 resclass=[ -4169, 12507, -3 ] xT=false
  D4 above=T2 pat=000 resclass=[ -4169, 12507, -3 ] xT=false
  D4 above=T3 pat=000 resclass=[ 7, -3, -21 ] xT=false
  D4 above=T1 pat=000 resclass=[ -29183, -4169, 7 ] xT=false
  D4 above=T3 pat=000 resclass=[ 7, -3, -21 ] xT=false
  D4 above=T1 pat=000 resclass=[ -29183, -4169, 7 ] xT=false
MEMBER stv 3/2 1/3 2/3 shape=[ 1, 1, 2, 2 ] tors=[ 4, 4 ] order4=12 norm111=0 xTpass=0
  D4 above=T3 pat=000 resclass=[ 473, -2, -946 ] xT=false
  D4 above=T3 pat=000 resclass=[ 473, -2, -946 ] xT=false
  D4 above=T1 pat=000 resclass=[ -1595, -6235, 473 ] xT=false
  D4 above=T2 pat=000 resclass=[ -6235, 12470, -2 ] xT=false
  D4 above=T1 pat=000 resclass=[ -1595, -6235, 473 ] xT=false
  D4 above=T2 pat=000 resclass=[ -6235, 12470, -2 ] xT=false
  D4 above=T3 pat=000 resclass=[ 473, -2, -946 ] xT=false
  D4 above=T3 pat=000 resclass=[ 473, -2, -946 ] xT=false
  D4 above=T1 pat=000 resclass=[ -1595, -6235, 473 ] xT=false
  D4 above=T2 pat=000 resclass=[ -6235, 12470, -2 ] xT=false
  D4 above=T1 pat=000 resclass=[ -1595, -6235, 473 ] xT=false
  D4 above=T2 pat=000 resclass=[ -6235, 12470, -2 ] xT=false
MEMBER stv 3/2 4 4 shape=[ 1, 1, 2, 2 ] tors=[ 4, 4 ] order4=12 norm111=0 xTpass=0
  D4 above=T1 pat=000 resclass=[ 627, -57, -11 ] xT=false
  D4 above=T1 pat=000 resclass=[ 627, -57, -11 ] xT=false
  D4 above=T3 pat=000 resclass=[ -11, 15, -165 ] xT=false
  D4 above=T2 pat=000 resclass=[ -57, -95, 15 ] xT=false
  D4 above=T3 pat=000 resclass=[ -11, 15, -165 ] xT=false
  D4 above=T2 pat=000 resclass=[ -57, -95, 15 ] xT=false
  D4 above=T1 pat=000 resclass=[ 627, -57, -11 ] xT=false
  D4 above=T1 pat=000 resclass=[ 627, -57, -11 ] xT=false
  D4 above=T3 pat=000 resclass=[ -11, 15, -165 ] xT=false
  D4 above=T2 pat=000 resclass=[ -57, -95, 15 ] xT=false
  D4 above=T3 pat=000 resclass=[ -11, 15, -165 ] xT=false
  D4 above=T2 pat=000 resclass=[ -57, -95, 15 ] xT=false
MEMBER stv 2 3 4/3 shape=[ 1, 1, 2, 2 ] tors=[ 4, 4 ] order4=12 norm111=0 xTpass=0
  D4 above=T1 pat=000 resclass=[ 51110, -30666, -15 ] xT=false
  D4 above=T1 pat=000 resclass=[ 51110, -30666, -15 ] xT=false
  D4 above=T2 pat=000 resclass=[ -30666, -15333, 2 ] xT=false
  D4 above=T3 pat=000 resclass=[ -15, 2, -30 ] xT=false
  D4 above=T2 pat=000 resclass=[ -30666, -15333, 2 ] xT=false
  D4 above=T3 pat=000 resclass=[ -15, 2, -30 ] xT=false
  D4 above=T1 pat=000 resclass=[ 51110, -30666, -15 ] xT=false
  D4 above=T1 pat=000 resclass=[ 51110, -30666, -15 ] xT=false
  D4 above=T2 pat=000 resclass=[ -30666, -15333, 2 ] xT=false
  D4 above=T3 pat=000 resclass=[ -15, 2, -30 ] xT=false
  D4 above=T2 pat=000 resclass=[ -30666, -15333, 2 ] xT=false
  D4 above=T3 pat=000 resclass=[ -15, 2, -30 ] xT=false
MEMBER stv 3 2 1/2 INVALID
MEMBER stv 4 4/3 3 shape=[ 1, 1, 2, 2 ] tors=[ 4, 4 ] order4=12 norm111=0 xTpass=0
  D4 above=T1 pat=000 resclass=[ 215731, 173, 1247 ] xT=false
  D4 above=T1 pat=000 resclass=[ 215731, 173, 1247 ] xT=false
  D4 above=T3 pat=000 resclass=[ 1247, 7, 8729 ] xT=false
  D4 above=T2 pat=000 resclass=[ 173, 1211, 7 ] xT=false
  D4 above=T3 pat=000 resclass=[ 1247, 7, 8729 ] xT=false
  D4 above=T2 pat=000 resclass=[ 173, 1211, 7 ] xT=false
  D4 above=T1 pat=000 resclass=[ 215731, 173, 1247 ] xT=false
  D4 above=T1 pat=000 resclass=[ 215731, 173, 1247 ] xT=false
  D4 above=T3 pat=000 resclass=[ 1247, 7, 8729 ] xT=false
  D4 above=T2 pat=000 resclass=[ 173, 1211, 7 ] xT=false
  D4 above=T3 pat=000 resclass=[ 1247, 7, 8729 ] xT=false
  D4 above=T2 pat=000 resclass=[ 173, 1211, 7 ] xT=false
MEMBER stv 9/17 5/6 -1/4 shape=[ 1, 1, 2, 2 ] tors=[ 4, 4 ] order4=12 norm111=0 xTpass=0
  D4 above=T3 pat=000 resclass=[ 70007, -11, -770077 ] xT=false
  D4 above=T3 pat=000 resclass=[ 70007, -11, -770077 ] xT=false
  D4 above=T2 pat=000 resclass=[ 24855677, -2259607, -11 ] xT=false
  D4 above=T1 pat=000 resclass=[ 35511660811, 24855677, 70007 ] xT=false
  D4 above=T2 pat=000 resclass=[ 24855677, -2259607, -11 ] xT=false
  D4 above=T1 pat=000 resclass=[ 35511660811, 24855677, 70007 ] xT=false
  D4 above=T3 pat=000 resclass=[ 70007, -11, -770077 ] xT=false
  D4 above=T3 pat=000 resclass=[ 70007, -11, -770077 ] xT=false
  D4 above=T2 pat=000 resclass=[ 24855677, -2259607, -11 ] xT=false
  D4 above=T1 pat=000 resclass=[ 35511660811, 24855677, 70007 ] xT=false
  D4 above=T2 pat=000 resclass=[ 24855677, -2259607, -11 ] xT=false
  D4 above=T1 pat=000 resclass=[ 35511660811, 24855677, 70007 ] xT=false
MEMBER stv 1/5 5/7 18/19 shape=[ 1, 1, 2, 2 ] tors=[ 4, 4 ] order4=12 norm111=0 xTpass=0
  D4 above=T2 pat=000 resclass=[ -40850226993, 27233484662, -6 ] xT=false
  D4 above=T2 pat=000 resclass=[ -40850226993, 27233484662, -6 ] xT=false
  D4 above=T3 pat=000 resclass=[ -71, -6, 426 ] xT=false
  D4 above=T1 pat=000 resclass=[ 2900366116503, -40850226993, -71 ] xT=false
  D4 above=T3 pat=000 resclass=[ -71, -6, 426 ] xT=false
  D4 above=T1 pat=000 resclass=[ 2900366116503, -40850226993, -71 ] xT=false
  D4 above=T2 pat=000 resclass=[ -40850226993, 27233484662, -6 ] xT=false
  D4 above=T2 pat=000 resclass=[ -40850226993, 27233484662, -6 ] xT=false
  D4 above=T3 pat=000 resclass=[ -71, -6, 426 ] xT=false
  D4 above=T1 pat=000 resclass=[ 2900366116503, -40850226993, -71 ] xT=false
  D4 above=T3 pat=000 resclass=[ -71, -6, 426 ] xT=false
  D4 above=T1 pat=000 resclass=[ 2900366116503, -40850226993, -71 ] xT=false
MEMBER stv 11/18 3/2 -13 shape=[ 1, 1, 2, 2 ] tors=[ 4, 4 ] order4=12 norm111=0 xTpass=0
  D4 above=T2 pat=000 resclass=[ 3441350965, 688270193, 5 ] xT=false
  D4 above=T2 pat=000 resclass=[ 3441350965, 688270193, 5 ] xT=false
  D4 above=T1 pat=000 resclass=[ -10024804985, 3441350965, -1541 ] xT=false
  D4 above=T3 pat=000 resclass=[ -1541, 5, -7705 ] xT=false
  D4 above=T1 pat=000 resclass=[ -10024804985, 3441350965, -1541 ] xT=false
  D4 above=T3 pat=000 resclass=[ -1541, 5, -7705 ] xT=false
  D4 above=T2 pat=000 resclass=[ 3441350965, 688270193, 5 ] xT=false
  D4 above=T2 pat=000 resclass=[ 3441350965, 688270193, 5 ] xT=false
  D4 above=T1 pat=000 resclass=[ -10024804985, 3441350965, -1541 ] xT=false
  D4 above=T3 pat=000 resclass=[ -1541, 5, -7705 ] xT=false
  D4 above=T1 pat=000 resclass=[ -10024804985, 3441350965, -1541 ] xT=false
  D4 above=T3 pat=000 resclass=[ -1541, 5, -7705 ] xT=false
PART_DONE part=93
