MEMBER stv 1/4 1/2 -1/2 shape=[ 1, 1, 2, 2 ] tors=[ 4, 4 ] order4=12 norm111=0 xTpass=0
  D4 above=T3 pat=000 resclass=[ -2, -3, 6 ] xT=false
  D4 above=T3 pat=000 resclass=[ -2, -3, 6 ] xT=false
  D4 above=T1 pat=000 resclass=[ -651, 1302, -2 ] xT=false
  D4 above=T2 pat=000 resclass=[ 1302, -434, -3 ] xT=false
  D4 above=T1 pat=000 resclass=[ -651, 1302, -2 ] xT=false
  D4 above=T2 pat=000 resclass=[ 1302, -434, -3 ] xT=false
  D4 above=T3 pat=000 resclass=[ -2, -3, 6 ] xT=false
  D4 above=T3 pat=000 resclass=[ -2, -3, 6 ] xT=false
  D4 above=T1 pat=000 resclass=[ -651, 1302, -2 ] xT=false
  D4 above=T2 pat=000 resclass=[ 1302, -434, -3 ] xT=false
  D4 above=T1 pat=000 resclass=[ -651, 1302, -2 ] xT=false
  D4 above=T2 pat=000 resclass=[ 1302, -434, -3 ] xT=false
MEMBER stv 1/3 1/4 -3 shape=[ 1, 1, 2, 2 ] tors=[ 4, 4 ] order4=12 norm111=0 xTpass=0
  D4 above=T3 pat=000 resclass=[ -1769, -15, 26535 ] xT=false
  D4 above=T3 pat=000 resclass=[ -1769, -15, 26535 ] xT=false
  D4 above=T2 pat=000 resclass=[ 3770, -2262, -15 ] xT=false
  D4 above=T1 pat=000 resclass=[ -7930, 3770, -1769 ] xT=false
  D4 above=T2 pat=000 resclass=[ 3770, -2262, -15 ] xT=false
  D4 above=T1 pat=000 resclass=[ -7930, 3770, -1769 ] xT=false
  D4 above=T3 pat=000 resclass=[ -1769, -15, 26535 ] xT=false
  D4 above=T3 pat=000 resclass=[ -1769, -15, 26535 ] xT=false
  D4 above=T2 pat=000 resclass=[ 3770, -2262, -15 ] xT=false
  D4 above=T1 pat=000 resclass=[ -7930, 3770, -1769 ] xT=false
  D4 above=T2 pat=000 resclass=[ 3770, -2262, -15 ] xT=false
  D4 above=T1 pat=000 resclass=[ -7930, 3770, -1769 ] xT=false
MEMBER stv 1/3 4 -1 shape=[ 1, 1, 2, 2 ] tors=[ 4, 4 ] order4=12 norm111=0 xTpass=0
  D4 above=T3 pat=000 resclass=[ -506, 15, -7590 ] xT=false
  D4 above=T3 pat=000 resclass=[ -506, 15, -7590 ] xT=false
  D4 above=T1 pat=000 resclass=[ 2056890, -4065, -506 ] xT=false
  D4 above=T2 pat=000 resclass=[ -4065, -271, 15 ] xT=false
  D4 above=T1 pat=000 resclass=[ 2056890, -4065, -506 ] xT=false
  D4 above=T2 pat=000 resclass=[ -4065, -271, 15 ] xT=false
  D4 above=T3 pat=000 resclass=[ -506, 15, -7590 ] xT=false
  D4 above=T3 pat=000 resclass=[ -506, 15, -7590 ] xT=false
  D4 above=T1 pat=000 resclass=[ 2056890, -4065, -506 ] xT=false
  D4 above=T2 pat=000 resclass=[ -4065, -271, 15 ] xT=false
  D4 above=T1 pat=000 resclass=[ 2056890, -4065, -506 ] xT=false
  D4 above=T2 pat=000 resclass=[ -4065, -271, 15 ] xT=false
MEMBER stv 1/2 3 -1/3 shape=[ 1, 1, 2, 2 ] tors=[ 4, 4 ] order4=12 norm111=0 xTpass=0
  D4 above=T1 pat=000 resclass=[ 559130, -19734, -255 ] xT=false
  D4 above=T1 pat=000 resclass=[ 559130, -19734, -255 ] xT=false
  D4 above=T2 pat=000 resclass=[ -19734, -9867, 2 ] xT=false
  D4 above=T3 pat=000 resclass=[ -255, 2, -510 ] xT=false
  D4 above=T2 pat=000 resclass=[ -19734, -9867, 2 ] xT=false
  D4 above=T3 pat=000 resclass=[ -255, 2, -510 ] xT=false
  D4 above=T1 pat=000 resclass=[ 559130, -19734, -255 ] xT=false
  D4 above=T1 pat=000 resclass=[ 559130, -19734, -255 ] xT=false
  D4 above=T2 pat=000 resclass=[ -19734, -9867, 2 ] xT=false
  D4 above=T3 pat=000 resclass=[ -255, 2, -510 ] xT=false
  D4 above=T2 pat=000 resclass=[ -19734, -9867, 2 ] xT=false
  D4 above=T3 pat=000 resclass=[ -255, 2, -510 ] xT=false
MEMBER stv 2/3 3/2 -2 shape=[ 1, 1, 2, 2 ] tors=[ 4, 4 ] order4=12 norm111=0 xTpass=0
  D4 above=T1 pat=000 resclass=[ 6785, -2065, -161 ] xT=false
  D4 above=T1 pat=000 resclass=[ 6785, -2065, -161 ] xT=false
  D4 above=T3 pat=000 resclass=[ -161, 5, -805 ] xT=false
  D4 above=T2 pat=000 resclass=[ -2065, -413, 5 ] xT=false
  D4 above=T3 pat=000 resclass=[ -161, 5, -805 ] xT=false
  D4 above=T2 pat=000 resclass=[ -2065, -413, 5 ] xT=false
  D4 above=T1 pat=000 resclass=[ 6785, -2065, -161 ] xT=false
  D4 above=T1 pat=000 resclass=[ 6785, -2065, -161 ] xT=false
  D4 above=T3 pat=000 resclass=[ -161, 5, -805 ] xT=false
  D4 above=T2 pat=000 resclass=[ -2065, -413, 5 ] xT=false
  D4 above=T3 pat=000 resclass=[ -161, 5, -805 ] xT=false
  D4 above=T2 pat=000 resclass=[ -2065, -413, 5 ] xT=false
MEMBER stv 3/4 4/3 -3/4 shape=[ 1, 1, 2, 2 ] tors=[ 4, 4 ] order4=12 norm111=0 xTpass=0
  D4 above=T1 pat=000 resclass=[ 39757795, -722869, -55 ] xT=false
  D4 above=T1 pat=000 resclass=[ 39757795, -722869, -55 ] xT=false
  D4 above=T3 pat=000 resclass=[ -55, 7, -385 ] xT=false
  D4 above=T2 pat=000 resclass=[ -722869, -103267, 7 ] xT=false
  D4 above=T3 pat=000 resclass=[ -55, 7, -385 ] xT=false
  D4 above=T2 pat=000 resclass=[ -722869, -103267, 7 ] xT=false
  D4 above=T1 pat=000 resclass=[ 39757795, -722869, -55 ] xT=false
  D4 above=T1 pat=000 resclass=[ 39757795, -722869, -55 ] xT=false
  D4 above=T3 pat=000 resclass=[ -55, 7, -385 ] xT=false
  D4 above=T2 pat=000 resclass=[ -722869, -103267, 7 ] xT=false
  D4 above=T3 pat=000 resclass=[ -55, 7, -385 ] xT=false
  D4 above=T2 pat=000 resclass=[ -722869, -103267, 7 ] xT=false
MEMBER stv 1 3/4 -1/4 shape=[ 1, 1, 2, 2 ] tors=[ 4, 4 ] order4=12 norm111=0 xTpass=0
  D4 above=T1 pat=000 resclass=[ 37835, 1645, 23 ] xT=false
  D4 above=T1 pat=000 resclass=[ 37835, 1645, 23 ] xT=false
  D4 above=T3 pat=000 resclass=[ 23, -7, -161 ] xT=false
  D4 above=T2 pat=000 resclass=[ 1645, -235, -7 ] xT=false
  D4 above=T3 pat=000 resclass=[ 23, -7, -161 ] xT=false
  D4 above=T2 pat=000 resclass=[ 1645, -235, -7 ] xT=false
  D4 above=T1 pat=000 resclass=[ 37835, 1645, 23 ] xT=false
  D4 above=T1 pat=000 resclass=[ 37835, 1645, 23 ] xT=false
  D4 above=T3 pat=000 resclass=[ 23, -7, -161 ] xT=false
  D4 above=T2 pat=000 resclass=[ 1645, -235, -7 ] xT=false
  D4 above=T3 pat=000 resclass=[ 23, -7, -161 ] xT=false
  D4 above=T2 pat=000 resclass=[ 1645, -235, -7 ] xT=false
MEMBER stv 4/3 1/2 -3/2 shape=[ 1, 1, 2, 2 ] tors=[ 4, 4 ] order4=12 norm111=0 xTpass=0
  D4 above=T3 pat=000 resclass=[ 7, -3, -21 ] xT=false
  D4 above=T3 pat=000 resclass=[ 7, -3, -21 ] xT=false
  D4 above=T2 pat=000 resclass=[ 935, -2805, -3 ] xT=false
  D4 above=T1 pat=000 resclass=[ 6545, 935, 7 ] xT=false
  D4 above=T2 pat=000 resclass=[ 935, -2805, -3 ] xT=false
  D4 above=T1 pat=000 resclass=[ 6545, 935, 7 ] xT=false
  D4 above=T3 pat=000 resclass=[ 7, -3, -21 ] xT=false
  D4 above=T3 pat=000 resclass=[ 7, -3, -21 ] xT=false
  D4 above=T2 pat=000 resclass=[ 935, -2805, -3 ] xT=false
  D4 above=T1 pat=000 resclass=[ 6545, 935, 7 ] xT=false
  D4 above=T2 pat=000 resclass=[ 935, -2805, -3 ] xT=false
  D4 above=T1 pat=000 resclass=[ 6545, 935, 7 ] xT=false
MEMBER stv 3/2 1/3 -2/3 shape=[ 1, 1, 2, 2 ] tors=[ 4, 4 ] order4=12 norm111=0 xTpass=0
  D4 above=T1 pat=000 resclass=[ 43, 11, 473 ] xT=false
  D4 above=T1 pat=000 resclass=[ 43, 11, 473 ] xT=false
  D4 above=T3 pat=000 resclass=[ 473, -2, -946 ] xT=false
  D4 above=T2 pat=000 resclass=[ 11, -22, -2 ] xT=false
  D4 above=T3 pat=000 resclass=[ 473, -2, -946 ] xT=false
  D4 above=T2 pat=000 resclass=[ 11, -22, -2 ] xT=false
  D4 above=T1 pat=000 resclass=[ 43, 11, 473 ] xT=false
  D4 above=T1 pat=000 resclass=[ 43, 11, 473 ] xT=false
  D4 above=T3 pat=000 resclass=[ 473, -2, -946 ] xT=false
  D4 above=T2 pat=000 resclass=[ 11, -22, -2 ] xT=false
  D4 above=T3 pat=000 resclass=[ 473, -2, -946 ] xT=false
  D4 above=T2 pat=000 resclass=[ 11, -22, -2 ] xT=false
MEMBER stv 3/2 4 -4 shape=[ 1, 1, 2, 2 ] tors=[ 4, 4 ] order4=12 norm111=0 xTpass=0
  D4 above=T1 pat=000 resclass=[ -19635, 1785, -11 ] xT=false
  D4 above=T1 pat=000 resclass=[ -19635, 1785, -11 ] xT=false
  D4 above=T3 pat=000 resclass=[ -11, 15, -165 ] xT=false
  D4 above=T2 pat=000 resclass=[ 1785, 119, 15 ] xT=false
  D4 above=T3 pat=000 resclass=[ -11, 15, -165 ] xT=false
  D4 above=T2 pat=000 resclass=[ 1785, 119, 15 ] xT=false
  D4 above=T1 pat=000 resclass=[ -19635, 1785, -11 ] xT=false
  D4 above=T1 pat=000 resclass=[ -19635, 1785, -11 ] xT=false
  D4 above=T3 pat=000 resclass=[ -11, 15, -165 ] xT=false
  D4 above=T2 pat=000 resclass=[ 1785, 119, 15 ] xT=false
  D4 above=T3 pat=000 resclass=[ -11, 15, -165 ] xT=false
  D4 above=T2 pat=000 resclass=[ 1785, 119, 15 ] xT=false
MEMBER stv 2 3 -4/3 shape=[ 1, 1, 2, 2 ] tors=[ 4, 4 ] order4=12 norm111=0 xTpass=0
  D4 above=T1 pat=000 resclass=[ -1430, 858, -15 ] xT=false
  D4 above=T1 pat=000 resclass=[ -1430, 858, -15 ] xT=false
  D4 above=T3 pat=000 resclass=[ -15, 2, -30 ] xT=false
  D4 above=T2 pat=000 resclass=[ 858, 429, 2 ] xT=false
  D4 above=T3 pat=000 resclass=[ -15, 2, -30 ] xT=false
  D4 above=T2 pat=000 resclass=[ 858, 429, 2 ] xT=false
  D4 above=T1 pat=000 resclass=[ -1430, 858, -15 ] xT=false
  D4 above=T1 pat=000 resclass=[ -1430, 858, -15 ] xT=false
  D4 above=T3 pat=000 resclass=[ -15, 2, -30 ] xT=false
  D4 above=T2 pat=000 resclass=[ 858, 429, 2 ] xT=false
  D4 above=T3 pat=000 resclass=[ -15, 2, -30 ] xT=false
  D4 above=T2 pat=000 resclass=[ 858, 429, 2 ] xT=false
MEMBER stv 3 2 -1/2 INVALID
MEMBER stv 4 4/3 -3 shape=[ 1, 1, 2, 2 ] tors=[ 4, 4 ] order4=12 norm111=0 xTpass=0
  D4 above=T2 pat=000 resclass=[ -380653, -54379, 7 ] xT=false
  D4 above=T2 pat=000 resclass=[ -380653, -54379, 7 ] xT=false
  D4 above=T3 pat=000 resclass=[ 1247, 7, 8729 ] xT=false
  D4 above=T1 pat=000 resclass=[ -474674291, -380653, 1247 ] xT=false
  D4 above=T3 pat=000 resclass=[ 1247, 7, 8729 ] xT=false
  D4 above=T1 pat=000 resclass=[ -474674291, -380653, 1247 ] xT=false
  D4 above=T2 pat=000 resclass=[ -380653, -54379, 7 ] xT=false
  D4 above=T2 pat=000 resclass=[ -380653, -54379, 7 ] xT=false
  D4 above=T3 pat=000 resclass=[ 1247, 7, 8729 ] xT=false
  D4 above=T1 pat=000 resclass=[ -474674291, -380653, 1247 ] xT=false
  D4 above=T3 pat=000 resclass=[ 1247, 7, 8729 ] xT=false
  D4 above=T1 pat=000 resclass=[ -474674291, -380653, 1247 ] xT=false
MEMBER stv 7/4 2/7 1/4 shape=[ 1, 1, 2, 2 ] tors=[ 4, 4 ] order4=12 norm111=0 xTpass=0
  D4 above=T1 pat=000 resclass=[ -818816645, -9605, 85249 ] xT=false
  D4 above=T1 pat=000 resclass=[ -818816645, -9605, 85249 ] xT=false
  D4 above=T3 pat=000 resclass=[ 85249, -5, -426245 ] xT=false
  D4 above=T2 pat=000 resclass=[ -9605, 1921, -5 ] xT=false
  D4 above=T3 pat=000 resclass=[ 85249, -5, -426245 ] xT=false
  D4 above=T2 pat=000 resclass=[ -9605, 1921, -5 ] xT=false
  D4 above=T1 pat=000 resclass=[ -818816645, -9605, 85249 ] xT=false
  D4 above=T1 pat=000 resclass=[ -818816645, -9605, 85249 ] xT=false
  D4 above=T3 pat=000 resclass=[ 85249, -5, -426245 ] xT=false
  D4 above=T2 pat=000 resclass=[ -9605, 1921, -5 ] xT=false
  D4 above=T3 pat=000 resclass=[ 85249, -5, -426245 ] xT=false
  D4 above=T2 pat=000 resclass=[ -9605, 1921, -5 ] xT=false
MEMBER stv 1/6 7/11 11/4 shape=[ 1, 1, 2, 2 ] tors=[ 4, 4 ] order4=12 norm111=0 xTpass=0
  D4 above=T1 pat=000 resclass=[ 17770492600490, -103327030, -171983 ] xT=false
  D4 above=T1 pat=000 resclass=[ 17770492600490, -103327030, -171983 ] xT=false
  D4 above=T3 pat=000 resclass=[ -171983, -2, 343966 ] xT=false
  D4 above=T2 pat=000 resclass=[ -103327030, 51663515, -2 ] xT=false
  D4 above=T3 pat=000 resclass=[ -171983, -2, 343966 ] xT=false
  D4 above=T2 pat=000 resclass=[ -103327030, 51663515, -2 ] xT=false
  D4 above=T1 pat=000 resclass=[ 17770492600490, -103327030, -171983 ] xT=false
  D4 above=T1 pat=000 resclass=[ 17770492600490, -103327030, -171983 ] xT=false
  D4 above=T3 pat=000 resclass=[ -171983, -2, 343966 ] xT=false
  D4 above=T2 pat=000 resclass=[ -103327030, 51663515, -2 ] xT=false
  D4 above=T3 pat=000 resclass=[ -171983, -2, 343966 ] xT=false
  D4 above=T2 pat=000 resclass=[ -103327030, 51663515, -2 ] xT=false
MEMBER stv 2 2/3 -11/13 shape=[ 1, 1, 2, 2 ] tors=[ 4, 4 ] order4=12 norm111=0 xTpass=0
  D4 above=T3 pat=000 resclass=[ 299, -5, -1495 ] xT=false
  D4 above=T3 pat=000 resclass=[ 299, -5, -1495 ] xT=false
  D4 above=T1 pat=000 resclass=[ 107096165, 60532615, 299 ] xT=false
  D4 above=T2 pat=000 resclass=[ 60532615, -12106523, -5 ] xT=false
  D4 above=T1 pat=000 resclass=[ 107096165, 60532615, 299 ] xT=false
  D4 above=T2 pat=000 resclass=[ 60532615, -12106523, -5 ] xT=false
  D4 above=T3 pat=000 resclass=[ 299, -5, -1495 ] xT=false
  D4 above=T3 pat=000 resclass=[ 299, -5, -1495 ] xT=false
  D4 above=T1 pat=000 resclass=[ 107096165, 60532615, 299 ] xT=false
  D4 above=T2 pat=000 resclass=[ 60532615, -12106523, -5 ] xT=false
  D4 above=T1 pat=000 resclass=[ 107096165, 60532615, 299 ] xT=false
  D4 above=T2 pat=000 resclass=[ 60532615, -12106523, -5 ] xT=false
PART_DONE part=94
