MEMBER stv 1/4 1/2 2/3 shape=[ 1, 1, 2, 2 ] tors=[ 4, 4 ] order4=12 norm111=0 xTpass=0
  D4 above=T1 pat=000 resclass=[ 7, -14, -2 ] xT=false
  D4 above=T1 pat=000 resclass=[ 7, -14, -2 ] xT=false
  D4 above=T2 pat=000 resclass=[ -14, 42, -3 ] xT=false
  D4 above=T3 pat=000 resclass=[ -2, -3, 6 ] xT=false
  D4 above=T2 pat=000 resclass=[ -14, 42, -3 ] xT=false
  D4 above=T3 pat=000 resclass=[ -2, -3, 6 ] xT=false
  D4 above=T1 pat=000 resclass=[ 7, -14, -2 ] xT=false
  D4 above=T1 pat=000 resclass=[ 7, -14, -2 ] xT=false
  D4 above=T2 pat=000 resclass=[ -14, 42, -3 ] xT=false
  D4 above=T3 pat=000 resclass=[ -2, -3, 6 ] xT=false
  D4 above=T2 pat=000 resclass=[ -14, 42, -3 ] xT=false
  D4 above=T3 pat=000 resclass=[ -2, -3, 6 ] xT=false
MEMBER stv 1/3 1/4 4 shape=[ 1, 1, 2, 2 ] tors=[ 4, 4 ] order4=12 norm111=0 xTpass=0
  D4 above=T1 pat=000 resclass=[ 333571485, -188565, -1769 ] xT=false
  D4 above=T1 pat=000 resclass=[ 333571485, -188565, -1769 ] xT=false
  D4 above=T3 pat=000 resclass=[ -1769, -15, 26535 ] xT=false
  D4 above=T2 pat=000 resclass=[ -188565, 12571, -15 ] xT=false
  D4 above=T3 pat=000 resclass=[ -1769, -15, 26535 ] xT=false
  D4 above=T2 pat=000 resclass=[ -188565, 12571, -15 ] xT=false
  D4 above=T1 pat=000 resclass=[ 333571485, -188565, -1769 ] xT=false
  D4 above=T1 pat=000 resclass=[ 333571485, -188565, -1769 ] xT=false
  D4 above=T3 pat=000 resclass=[ -1769, -15, 26535 ] xT=false
  D4 above=T2 pat=000 resclass=[ -188565, 12571, -15 ] xT=false
  D4 above=T3 pat=000 resclass=[ -1769, -15, 26535 ] xT=false
  D4 above=T2 pat=000 resclass=[ -188565, 12571, -15 ] xT=false
MEMBER stv 1/3 4 4/3 shape=[ 1, 1, 2, 2 ] tors=[ 4, 4 ] order4=12 norm111=0 xTpass=0
  D4 above=T2 pat=000 resclass=[ -1334395, -800637, 15 ] xT=false
  D4 above=T2 pat=000 resclass=[ -1334395, -800637, 15 ] xT=false
  D4 above=T1 pat=000 resclass=[ 675203870, -1334395, -506 ] xT=false
  D4 above=T3 pat=000 resclass=[ -506, 15, -7590 ] xT=false
  D4 above=T1 pat=000 resclass=[ 675203870, -1334395, -506 ] xT=false
  D4 above=T3 pat=000 resclass=[ -506, 15, -7590 ] xT=false
  D4 above=T2 pat=000 resclass=[ -1334395, -800637, 15 ] xT=false
  D4 above=T2 pat=000 resclass=[ -1334395, -800637, 15 ] xT=false
  D4 above=T1 pat=000 resclass=[ 675203870, -1334395, -506 ] xT=false
  D4 above=T3 pat=000 resclass=[ -506, 15, -7590 ] xT=false
  D4 above=T1 pat=000 resclass=[ 675203870, -1334395, -506 ] xT=false
  D4 above=T3 pat=000 resclass=[ -506, 15, -7590 ] xT=false
MEMBER stv 1/2 3 1/2 shape=[ 1, 1, 2, 2 ] tors=[ 4, 4 ] order4=12 norm111=0 xTpass=0
  D4 above=T3 pat=000 resclass=[ -255, 2, -510 ] xT=false
  D4 above=T3 pat=000 resclass=[ -255, 2, -510 ] xT=false
  D4 above=T2 pat=000 resclass=[ -31, -62, 2 ] xT=false
  D4 above=T1 pat=000 resclass=[ 7905, -31, -255 ] xT=false
  D4 above=T2 pat=000 resclass=[ -31, -62, 2 ] xT=false
  D4 above=T1 pat=000 resclass=[ 7905, -31, -255 ] xT=false
  D4 above=T3 pat=000 resclass=[ -255, 2, -510 ] xT=false
  D4 above=T3 pat=000 resclass=[ -255, 2, -510 ] xT=false
  D4 above=T2 pat=000 resclass=[ -31, -62, 2 ] xT=false
  D4 above=T1 pat=000 resclass=[ 7905, -31, -255 ] xT=false
  D4 above=T2 pat=000 resclass=[ -31, -62, 2 ] xT=false
  D4 above=T1 pat=000 resclass=[ 7905, -31, -255 ] xT=false
MEMBER stv 2/3 3/2 3 shape=[ 1, 1, 2, 2 ] tors=[ 4, 4 ] order4=12 norm111=0 xTpass=0
  D4 above=T2 pat=000 resclass=[ -30765, -6153, 5 ] xT=false
  D4 above=T2 pat=000 resclass=[ -30765, -6153, 5 ] xT=false
  D4 above=T3 pat=000 resclass=[ -161, 5, -805 ] xT=false
  D4 above=T1 pat=000 resclass=[ 101085, -30765, -161 ] xT=false
  D4 above=T3 pat=000 resclass=[ -161, 5, -805 ] xT=false
  D4 above=T1 pat=000 resclass=[ 101085, -30765, -161 ] xT=false
  D4 above=T2 pat=000 resclass=[ -30765, -6153, 5 ] xT=false
  D4 above=T2 pat=000 resclass=[ -30765, -6153, 5 ] xT=false
  D4 above=T3 pat=000 resclass=[ -161, 5, -805 ] xT=false
  D4 above=T1 pat=000 resclass=[ 101085, -30765, -161 ] xT=false
  D4 above=T3 pat=000 resclass=[ -161, 5, -805 ] xT=false
  D4 above=T1 pat=000 resclass=[ 101085, -30765, -161 ] xT=false
MEMBER stv 3/4 4/3 1 shape=[ 1, 1, 2, 2 ] tors=[ 4, 4 ] order4=12 norm111=0 xTpass=0
  D4 above=T1 pat=000 resclass=[ -89705, 1631, -55 ] xT=false
  D4 above=T1 pat=000 resclass=[ -89705, 1631, -55 ] xT=false
  D4 above=T3 pat=000 resclass=[ -55, 7, -385 ] xT=false
  D4 above=T2 pat=000 resclass=[ 1631, 233, 7 ] xT=false
  D4 above=T3 pat=000 resclass=[ -55, 7, -385 ] xT=false
  D4 above=T2 pat=000 resclass=[ 1631, 233, 7 ] xT=false
  D4 above=T1 pat=000 resclass=[ -89705, 1631, -55 ] xT=false
  D4 above=T1 pat=000 resclass=[ -89705, 1631, -55 ] xT=false
  D4 above=T3 pat=000 resclass=[ -55, 7, -385 ] xT=false
  D4 above=T2 pat=000 resclass=[ 1631, 233, 7 ] xT=false
  D4 above=T3 pat=000 resclass=[ -55, 7, -385 ] xT=false
  D4 above=T2 pat=000 resclass=[ 1631, 233, 7 ] xT=false
MEMBER stv 1 3/4 1/3 shape=[ 1, 1, 2, 2 ] tors=[ 4, 4 ] order4=12 norm111=0 xTpass=0
  D4 above=T2 pat=000 resclass=[ -22827, 3261, -7 ] xT=false
  D4 above=T2 pat=000 resclass=[ -22827, 3261, -7 ] xT=false
  D4 above=T3 pat=000 resclass=[ 23, -7, -161 ] xT=false
  D4 above=T1 pat=000 resclass=[ -525021, -22827, 23 ] xT=false
  D4 above=T3 pat=000 resclass=[ 23, -7, -161 ] xT=false
  D4 above=T1 pat=000 resclass=[ -525021, -22827, 23 ] xT=false
  D4 above=T2 pat=000 resclass=[ -22827, 3261, -7 ] xT=false
  D4 above=T2 pat=000 resclass=[ -22827, 3261, -7 ] xT=false
  D4 above=T3 pat=000 resclass=[ 23, -7, -161 ] xT=false
  D4 above=T1 pat=000 resclass=[ -525021, -22827, 23 ] xT=false
  D4 above=T3 pat=000 resclass=[ 23, -7, -161 ] xT=false
  D4 above=T1 pat=000 resclass=[ -525021, -22827, 23 ] xT=false
MEMBER stv 4/3 1/2 2 shape=[ 1, 1, 2, 2 ] tors=[ 4, 4 ] order4=12 norm111=0 xTpass=0
  D4 above=T2 pat=000 resclass=[ -43665, 14555, -3 ] xT=false
  D4 above=T2 pat=000 resclass=[ -43665, 14555, -3 ] xT=false
  D4 above=T3 pat=000 resclass=[ 7, -3, -21 ] xT=false
  D4 above=T1 pat=000 resclass=[ -305655, -43665, 7 ] xT=false
  D4 above=T3 pat=000 resclass=[ 7, -3, -21 ] xT=false
  D4 above=T1 pat=000 resclass=[ -305655, -43665, 7 ] xT=false
  D4 above=T2 pat=000 resclass=[ -43665, 14555, -3 ] xT=false
  D4 above=T2 pat=000 resclass=[ -43665, 14555, -3 ] xT=false
  D4 above=T3 pat=000 resclass=[ 7, -3, -21 ] xT=false
  D4 above=T1 pat=000 resclass=[ -305655, -43665, 7 ] xT=false
  D4 above=T3 pat=000 resclass=[ 7, -3, -21 ] xT=false
  D4 above=T1 pat=000 resclass=[ -305655, -43665, 7 ] xT=false
MEMBER stv 3/2 1/3 3/4 shape=[ 1, 1, 2, 2 ] tors=[ 4, 4 ] order4=12 norm111=0 xTpass=0
  D4 above=T2 pat=000 resclass=[ -102598, 51299, -2 ] xT=false
  D4 above=T2 pat=000 resclass=[ -102598, 51299, -2 ] xT=false
  D4 above=T1 pat=000 resclass=[ -26246, -102598, 473 ] xT=false
  D4 above=T3 pat=000 resclass=[ 473, -2, -946 ] xT=false
  D4 above=T1 pat=000 resclass=[ -26246, -102598, 473 ] xT=false
  D4 above=T3 pat=000 resclass=[ 473, -2, -946 ] xT=false
  D4 above=T2 pat=000 resclass=[ -102598, 51299, -2 ] xT=false
  D4 above=T2 pat=000 resclass=[ -102598, 51299, -2 ] xT=false
  D4 above=T1 pat=000 resclass=[ -26246, -102598, 473 ] xT=false
  D4 above=T3 pat=000 resclass=[ 473, -2, -946 ] xT=false
  D4 above=T1 pat=000 resclass=[ -26246, -102598, 473 ] xT=false
  D4 above=T3 pat=000 resclass=[ 473, -2, -946 ] xT=false
MEMBER stv 2 1/4 1/4 shape=[ 1, 1, 2, 2 ] tors=[ 4, 4 ] order4=12 norm111=0 xTpass=0
  D4 above=T3 pat=000 resclass=[ 799, -15, -11985 ] xT=false
  D4 above=T3 pat=000 resclass=[ 799, -15, -11985 ] xT=false
  D4 above=T2 pat=000 resclass=[ -61890, 4126, -15 ] xT=false
  D4 above=T1 pat=000 resclass=[ -49450110, -61890, 799 ] xT=false
  D4 above=T2 pat=000 resclass=[ -61890, 4126, -15 ] xT=false
  D4 above=T1 pat=000 resclass=[ -49450110, -61890, 799 ] xT=false
  D4 above=T3 pat=000 resclass=[ 799, -15, -11985 ] xT=false
  D4 above=T3 pat=000 resclass=[ 799, -15, -11985 ] xT=false
  D4 above=T2 pat=000 resclass=[ -61890, 4126, -15 ] xT=false
  D4 above=T1 pat=000 resclass=[ -49450110, -61890, 799 ] xT=false
  D4 above=T2 pat=000 resclass=[ -61890, 4126, -15 ] xT=false
  D4 above=T1 pat=000 resclass=[ -49450110, -61890, 799 ] xT=false
MEMBER stv 2 3 3/2 shape=[ 1, 1, 2, 2 ] tors=[ 4, 4 ] order4=12 norm111=0 xTpass=0
  D4 above=T3 pat=000 resclass=[ -15, 2, -30 ] xT=false
  D4 above=T3 pat=000 resclass=[ -15, 2, -30 ] xT=false
  D4 above=T1 pat=000 resclass=[ 3535, -2121, -15 ] xT=false
  D4 above=T2 pat=000 resclass=[ -2121, -4242, 2 ] xT=false
  D4 above=T1 pat=000 resclass=[ 3535, -2121, -15 ] xT=false
  D4 above=T2 pat=000 resclass=[ -2121, -4242, 2 ] xT=false
  D4 above=T3 pat=000 resclass=[ -15, 2, -30 ] xT=false
  D4 above=T3 pat=000 resclass=[ -15, 2, -30 ] xT=false
  D4 above=T1 pat=000 resclass=[ 3535, -2121, -15 ] xT=false
  D4 above=T2 pat=000 resclass=[ -2121, -4242, 2 ] xT=false
  D4 above=T1 pat=000 resclass=[ 3535, -2121, -15 ] xT=false
  D4 above=T2 pat=000 resclass=[ -2121, -4242, 2 ] xT=false
MEMBER stv 3 2 2/3 INVALID
MEMBER stv 4 4/3 4 shape=[ 1, 1, 2, 2 ] tors=[ 4, 4 ] order4=12 norm111=0 xTpass=0
  D4 above=T2 pat=000 resclass=[ 2191735, 313105, 7 ] xT=false
  D4 above=T2 pat=000 resclass=[ 2191735, 313105, 7 ] xT=false
  D4 above=T3 pat=000 resclass=[ 1247, 7, 8729 ] xT=false
  D4 above=T1 pat=000 resclass=[ 2733093545, 2191735, 1247 ] xT=false
  D4 above=T3 pat=000 resclass=[ 1247, 7, 8729 ] xT=false
  D4 above=T1 pat=000 resclass=[ 2733093545, 2191735, 1247 ] xT=false
  D4 above=T2 pat=000 resclass=[ 2191735, 313105, 7 ] xT=false
  D4 above=T2 pat=000 resclass=[ 2191735, 313105, 7 ] xT=false
  D4 above=T3 pat=000 resclass=[ 1247, 7, 8729 ] xT=false
  D4 above=T1 pat=000 resclass=[ 2733093545, 2191735, 1247 ] xT=false
  D4 above=T3 pat=000 resclass=[ 1247, 7, 8729 ] xT=false
  D4 above=T1 pat=000 resclass=[ 2733093545, 2191735, 1247 ] xT=false
MEMBER stv 8/5 10 3/14 shape=[ 1, 1, 2, 2 ] tors=[ 4, 4 ] order4=12 norm111=0 xTpass=0
  D4 above=T3 pat=000 resclass=[ -244961, 11, -2694571 ] xT=false
  D4 above=T3 pat=000 resclass=[ -244961, 11, -2694571 ] xT=false
  D4 above=T1 pat=000 resclass=[ 232199595520662, -947904342, -244961 ] xT=false
  D4 above=T2 pat=000 resclass=[ -947904342, -86173122, 11 ] xT=false
  D4 above=T1 pat=000 resclass=[ 232199595520662, -947904342, -244961 ] xT=false
  D4 above=T2 pat=000 resclass=[ -947904342, -86173122, 11 ] xT=false
  D4 above=T3 pat=000 resclass=[ -244961, 11, -2694571 ] xT=false
  D4 above=T3 pat=000 resclass=[ -244961, 11, -2694571 ] xT=false
  D4 above=T1 pat=000 resclass=[ 232199595520662, -947904342, -244961 ] xT=false
  D4 above=T2 pat=000 resclass=[ -947904342, -86173122, 11 ] xT=false
  D4 above=T1 pat=000 resclass=[ 232199595520662, -947904342, -244961 ] xT=false
  D4 above=T2 pat=000 resclass=[ -947904342, -86173122, 11 ] xT=false
MEMBER stv 4 3/4 5/16 shape=[ 1, 1, 2, 2 ] tors=[ 4, 4 ] order4=12 norm111=0 xTpass=0
  D4 above=T1 pat=000 resclass=[ -2350457130, -580790, 4047 ] xT=false
  D4 above=T1 pat=000 resclass=[ -2350457130, -580790, 4047 ] xT=false
  D4 above=T2 pat=000 resclass=[ -580790, 82970, -7 ] xT=false
  D4 above=T3 pat=000 resclass=[ 4047, -7, -28329 ] xT=false
  D4 above=T2 pat=000 resclass=[ -580790, 82970, -7 ] xT=false
  D4 above=T3 pat=000 resclass=[ 4047, -7, -28329 ] xT=false
  D4 above=T1 pat=000 resclass=[ -2350457130, -580790, 4047 ] xT=false
  D4 above=T1 pat=000 resclass=[ -2350457130, -580790, 4047 ] xT=false
  D4 above=T2 pat=000 resclass=[ -580790, 82970, -7 ] xT=false
  D4 above=T3 pat=000 resclass=[ 4047, -7, -28329 ] xT=false
  D4 above=T2 pat=000 resclass=[ -580790, 82970, -7 ] xT=false
  D4 above=T3 pat=000 resclass=[ 4047, -7, -28329 ] xT=false
MEMBER stv 2 9/2 -9/4 shape=[ 1, 1, 2, 2 ] tors=[ 4, 4 ] order4=12 norm111=0 xTpass=0
  D4 above=T2 pat=000 resclass=[ 8565634, 111242, 77 ] xT=false
  D4 above=T2 pat=000 resclass=[ 8565634, 111242, 77 ] xT=false
  D4 above=T1 pat=000 resclass=[ -50237443410, 8565634, -5865 ] xT=false
  D4 above=T3 pat=000 resclass=[ -5865, 77, -451605 ] xT=false
  D4 above=T1 pat=000 resclass=[ -50237443410, 8565634, -5865 ] xT=false
  D4 above=T3 pat=000 resclass=[ -5865, 77, -451605 ] xT=false
  D4 above=T2 pat=000 resclass=[ 8565634, 111242, 77 ] xT=false
  D4 above=T2 pat=000 resclass=[ 8565634, 111242, 77 ] xT=false
  D4 above=T1 pat=000 resclass=[ -50237443410, 8565634, -5865 ] xT=false
  D4 above=T3 pat=000 resclass=[ -5865, 77, -451605 ] xT=false
  D4 above=T1 pat=000 resclass=[ -50237443410, 8565634, -5865 ] xT=false
  D4 above=T3 pat=000 resclass=[ -5865, 77, -451605 ] xT=false
PART_DONE part=95
