MEMBER stv 1/4 1/2 3/4 shape=[ 1, 1, 2, 2 ] tors=[ 4, 4 ] order4=12 norm111=0 xTpass=0
  D4 above=T1 pat=000 resclass=[ 2546, -1273, -2 ] xT=false
  D4 above=T1 pat=000 resclass=[ 2546, -1273, -2 ] xT=false
  D4 above=T3 pat=000 resclass=[ -2, -3, 6 ] xT=false
  D4 above=T2 pat=000 resclass=[ -1273, 3819, -3 ] xT=false
  D4 above=T3 pat=000 resclass=[ -2, -3, 6 ] xT=false
  D4 above=T2 pat=000 resclass=[ -1273, 3819, -3 ] xT=false
  D4 above=T1 pat=000 resclass=[ 2546, -1273, -2 ] xT=false
  D4 above=T1 pat=000 resclass=[ 2546, -1273, -2 ] xT=false
  D4 above=T3 pat=000 resclass=[ -2, -3, 6 ] xT=false
  D4 above=T2 pat=000 resclass=[ -1273, 3819, -3 ] xT=false
  D4 above=T3 pat=000 resclass=[ -2, -3, 6 ] xT=false
  D4 above=T2 pat=000 resclass=[ -1273, 3819, -3 ] xT=false
MEMBER stv 1/3 1/3 1/4 shape=[ 1, 1, 2, 2 ] tors=[ 4, 4 ] order4=12 norm111=0 xTpass=0
  D4 above=T2 pat=000 resclass=[ -25234, 12617, -2 ] xT=false
  D4 above=T2 pat=000 resclass=[ -25234, 12617, -2 ] xT=false
  D4 above=T3 pat=000 resclass=[ -55, -2, 110 ] xT=false
  D4 above=T1 pat=000 resclass=[ 11470, -25234, -55 ] xT=false
  D4 above=T3 pat=000 resclass=[ -55, -2, 110 ] xT=false
  D4 above=T1 pat=000 resclass=[ 11470, -25234, -55 ] xT=false
  D4 above=T2 pat=000 resclass=[ -25234, 12617, -2 ] xT=false
  D4 above=T2 pat=000 resclass=[ -25234, 12617, -2 ] xT=false
  D4 above=T3 pat=000 resclass=[ -55, -2, 110 ] xT=false
  D4 above=T1 pat=000 resclass=[ 11470, -25234, -55 ] xT=false
  D4 above=T3 pat=000 resclass=[ -55, -2, 110 ] xT=false
  D4 above=T1 pat=000 resclass=[ 11470, -25234, -55 ] xT=false
MEMBER stv 1/3 4 3/2 shape=[ 1, 1, 2, 2 ] tors=[ 4, 4 ] order4=12 norm111=0 xTpass=0
  D4 above=T2 pat=000 resclass=[ -150710, -90426, 15 ] xT=false
  D4 above=T2 pat=000 resclass=[ -150710, -90426, 15 ] xT=false
  D4 above=T1 pat=000 resclass=[ 19064815, -150710, -506 ] xT=false
  D4 above=T3 pat=000 resclass=[ -506, 15, -7590 ] xT=false
  D4 above=T1 pat=000 resclass=[ 19064815, -150710, -506 ] xT=false
  D4 above=T3 pat=000 resclass=[ -506, 15, -7590 ] xT=false
  D4 above=T2 pat=000 resclass=[ -150710, -90426, 15 ] xT=false
  D4 above=T2 pat=000 resclass=[ -150710, -90426, 15 ] xT=false
  D4 above=T1 pat=000 resclass=[ 19064815, -150710, -506 ] xT=false
  D4 above=T3 pat=000 resclass=[ -506, 15, -7590 ] xT=false
  D4 above=T1 pat=000 resclass=[ 19064815, -150710, -506 ] xT=false
  D4 above=T3 pat=000 resclass=[ -506, 15, -7590 ] xT=false
MEMBER stv 1/2 3 2/3 shape=[ 1, 1, 2, 2 ] tors=[ 4, 4 ] order4=12 norm111=0 xTpass=0
  D4 above=T1 pat=000 resclass=[ 167195, -5901, -255 ] xT=false
  D4 above=T1 pat=000 resclass=[ 167195, -5901, -255 ] xT=false
  D4 above=T3 pat=000 resclass=[ -255, 2, -510 ] xT=false
  D4 above=T2 pat=000 resclass=[ -5901, -11802, 2 ] xT=false
  D4 above=T3 pat=000 resclass=[ -255, 2, -510 ] xT=false
  D4 above=T2 pat=000 resclass=[ -5901, -11802, 2 ] xT=false
  D4 above=T1 pat=000 resclass=[ 167195, -5901, -255 ] xT=false
  D4 above=T1 pat=000 resclass=[ 167195, -5901, -255 ] xT=false
  D4 above=T3 pat=000 resclass=[ -255, 2, -510 ] xT=false
  D4 above=T2 pat=000 resclass=[ -5901, -11802, 2 ] xT=false
  D4 above=T3 pat=000 resclass=[ -255, 2, -510 ] xT=false
  D4 above=T2 pat=000 resclass=[ -5901, -11802, 2 ] xT=false
MEMBER stv 2/3 3/2 4 shape=[ 1, 1, 2, 2 ] tors=[ 4, 4 ] order4=12 norm111=0 xTpass=0
  D4 above=T3 pat=000 resclass=[ -161, 5, -805 ] xT=false
  D4 above=T3 pat=000 resclass=[ -161, 5, -805 ] xT=false
  D4 above=T2 pat=000 resclass=[ -61, -305, 5 ] xT=false
  D4 above=T1 pat=000 resclass=[ 9821, -61, -161 ] xT=false
  D4 above=T2 pat=000 resclass=[ -61, -305, 5 ] xT=false
  D4 above=T1 pat=000 resclass=[ 9821, -61, -161 ] xT=false
  D4 above=T3 pat=000 resclass=[ -161, 5, -805 ] xT=false
  D4 above=T3 pat=000 resclass=[ -161, 5, -805 ] xT=false
  D4 above=T2 pat=000 resclass=[ -61, -305, 5 ] xT=false
  D4 above=T1 pat=000 resclass=[ 9821, -61, -161 ] xT=false
  D4 above=T2 pat=000 resclass=[ -61, -305, 5 ] xT=false
  D4 above=T1 pat=000 resclass=[ 9821, -61, -161 ] xT=false
MEMBER stv 3/4 4/3 4/3 shape=[ 1, 1, 2, 2 ] tors=[ 4, 4 ] order4=12 norm111=0 xTpass=0
  D4 above=T1 pat=000 resclass=[ 5005, -91, -55 ] xT=false
  D4 above=T1 pat=000 resclass=[ 5005, -91, -55 ] xT=false
  D4 above=T3 pat=000 resclass=[ -55, 7, -385 ] xT=false
  D4 above=T2 pat=000 resclass=[ -91, -13, 7 ] xT=false
  D4 above=T3 pat=000 resclass=[ -55, 7, -385 ] xT=false
  D4 above=T2 pat=000 resclass=[ -91, -13, 7 ] xT=false
  D4 above=T1 pat=000 resclass=[ 5005, -91, -55 ] xT=false
  D4 above=T1 pat=000 resclass=[ 5005, -91, -55 ] xT=false
  D4 above=T3 pat=000 resclass=[ -55, 7, -385 ] xT=false
  D4 above=T2 pat=000 resclass=[ -91, -13, 7 ] xT=false
  D4 above=T3 pat=000 resclass=[ -55, 7, -385 ] xT=false
  D4 above=T2 pat=000 resclass=[ -91, -13, 7 ] xT=false
MEMBER stv 1 3/4 1/2 shape=[ 1, 1, 2, 2 ] tors=[ 4, 4 ] order4=12 norm111=0 xTpass=0
  D4 above=T1 pat=000 resclass=[ -89194, -3878, 23 ] xT=false
  D4 above=T1 pat=000 resclass=[ -89194, -3878, 23 ] xT=false
  D4 above=T2 pat=000 resclass=[ -3878, 554, -7 ] xT=false
  D4 above=T3 pat=000 resclass=[ 23, -7, -161 ] xT=false
  D4 above=T2 pat=000 resclass=[ -3878, 554, -7 ] xT=false
  D4 above=T3 pat=000 resclass=[ 23, -7, -161 ] xT=false
  D4 above=T1 pat=000 resclass=[ -89194, -3878, 23 ] xT=false
  D4 above=T1 pat=000 resclass=[ -89194, -3878, 23 ] xT=false
  D4 above=T2 pat=000 resclass=[ -3878, 554, -7 ] xT=false
  D4 above=T3 pat=000 resclass=[ 23, -7, -161 ] xT=false
  D4 above=T2 pat=000 resclass=[ -3878, 554, -7 ] xT=false
  D4 above=T3 pat=000 resclass=[ 23, -7, -161 ] xT=false
MEMBER stv 4/3 1/2 3 shape=[ 1, 1, 2, 2 ] tors=[ 4, 4 ] order4=12 norm111=0 xTpass=0
  D4 above=T2 pat=000 resclass=[ -6289, 18867, -3 ] xT=false
  D4 above=T2 pat=000 resclass=[ -6289, 18867, -3 ] xT=false
  D4 above=T3 pat=000 resclass=[ 7, -3, -21 ] xT=false
  D4 above=T1 pat=000 resclass=[ -44023, -6289, 7 ] xT=false
  D4 above=T3 pat=000 resclass=[ 7, -3, -21 ] xT=false
  D4 above=T1 pat=000 resclass=[ -44023, -6289, 7 ] xT=false
  D4 above=T2 pat=000 resclass=[ -6289, 18867, -3 ] xT=false
  D4 above=T2 pat=000 resclass=[ -6289, 18867, -3 ] xT=false
  D4 above=T3 pat=000 resclass=[ 7, -3, -21 ] xT=false
  D4 above=T1 pat=000 resclass=[ -44023, -6289, 7 ] xT=false
  D4 above=T3 pat=000 resclass=[ 7, -3, -21 ] xT=false
  D4 above=T1 pat=000 resclass=[ -44023, -6289, 7 ] xT=false
MEMBER stv 3/2 1/3 1 shape=[ 1, 1, 2, 2 ] tors=[ 4, 4 ] order4=12 norm111=0 xTpass=0
  D4 above=T2 pat=000 resclass=[ -28210, 14105, -2 ] xT=false
  D4 above=T2 pat=000 resclass=[ -28210, 14105, -2 ] xT=false
  D4 above=T1 pat=000 resclass=[ -13343330, -28210, 473 ] xT=false
  D4 above=T3 pat=000 resclass=[ 473, -2, -946 ] xT=false
  D4 above=T1 pat=000 resclass=[ -13343330, -28210, 473 ] xT=false
  D4 above=T3 pat=000 resclass=[ 473, -2, -946 ] xT=false
  D4 above=T2 pat=000 resclass=[ -28210, 14105, -2 ] xT=false
  D4 above=T2 pat=000 resclass=[ -28210, 14105, -2 ] xT=false
  D4 above=T1 pat=000 resclass=[ -13343330, -28210, 473 ] xT=false
  D4 above=T3 pat=000 resclass=[ 473, -2, -946 ] xT=false
  D4 above=T1 pat=000 resclass=[ -13343330, -28210, 473 ] xT=false
  D4 above=T3 pat=000 resclass=[ 473, -2, -946 ] xT=false
MEMBER stv 2 1/4 1/3 shape=[ 1, 1, 2, 2 ] tors=[ 4, 4 ] order4=12 norm111=0 xTpass=0
  D4 above=T3 pat=000 resclass=[ 799, -15, -11985 ] xT=false
  D4 above=T3 pat=000 resclass=[ 799, -15, -11985 ] xT=false
  D4 above=T1 pat=000 resclass=[ -50532755, -63245, 799 ] xT=false
  D4 above=T2 pat=000 resclass=[ -63245, 37947, -15 ] xT=false
  D4 above=T1 pat=000 resclass=[ -50532755, -63245, 799 ] xT=false
  D4 above=T2 pat=000 resclass=[ -63245, 37947, -15 ] xT=false
  D4 above=T3 pat=000 resclass=[ 799, -15, -11985 ] xT=false
  D4 above=T3 pat=000 resclass=[ 799, -15, -11985 ] xT=false
  D4 above=T1 pat=000 resclass=[ -50532755, -63245, 799 ] xT=false
  D4 above=T2 pat=000 resclass=[ -63245, 37947, -15 ] xT=false
  D4 above=T1 pat=000 resclass=[ -50532755, -63245, 799 ] xT=false
  D4 above=T2 pat=000 resclass=[ -63245, 37947, -15 ] xT=false
MEMBER stv 2 3 2 shape=[ 1, 1, 2, 2 ] tors=[ 4, 4 ] order4=12 norm111=0 xTpass=0
  D4 above=T1 pat=100 resclass=[ 1, -15, -15 ] xT=false
  D4 above=T1 pat=100 resclass=[ 1, -15, -15 ] xT=false
  D4 above=T3 pat=000 resclass=[ -15, 2, -30 ] xT=false
  D4 above=T2 pat=000 resclass=[ -15, -30, 2 ] xT=false
  D4 above=T3 pat=000 resclass=[ -15, 2, -30 ] xT=false
  D4 above=T2 pat=000 resclass=[ -15, -30, 2 ] xT=false
  D4 above=T1 pat=100 resclass=[ 1, -15, -15 ] xT=false
  D4 above=T1 pat=100 resclass=[ 1, -15, -15 ] xT=false
  D4 above=T3 pat=000 resclass=[ -15, 2, -30 ] xT=false
  D4 above=T2 pat=000 resclass=[ -15, -30, 2 ] xT=false
  D4 above=T3 pat=000 resclass=[ -15, 2, -30 ] xT=false
  D4 above=T2 pat=000 resclass=[ -15, -30, 2 ] xT=false
MEMBER stv 3 2 3/4 INVALID
MEMBER stv 4 3/2 1/4 shape=[ 1, 1, 2, 2 ] tors=[ 4, 4 ] order4=12 norm111=0 xTpass=0
  D4 above=T1 pat=000 resclass=[ 21, 11, 231 ] xT=false
  D4 above=T1 pat=000 resclass=[ 21, 11, 231 ] xT=false
  D4 above=T3 pat=000 resclass=[ 231, 5, 1155 ] xT=false
  D4 above=T2 pat=000 resclass=[ 11, 55, 5 ] xT=false
  D4 above=T3 pat=000 resclass=[ 231, 5, 1155 ] xT=false
  D4 above=T2 pat=000 resclass=[ 11, 55, 5 ] xT=false
  D4 above=T1 pat=000 resclass=[ 21, 11, 231 ] xT=false
  D4 above=T1 pat=000 resclass=[ 21, 11, 231 ] xT=false
  D4 above=T3 pat=000 resclass=[ 231, 5, 1155 ] xT=false
  D4 above=T2 pat=000 resclass=[ 11, 55, 5 ] xT=false
  D4 above=T3 pat=000 resclass=[ 231, 5, 1155 ] xT=false
  D4 above=T2 pat=000 resclass=[ 11, 55, 5 ] xT=false
MEMBER stv 5/7 4/11 -2 shape=[ 1, 1, 2, 2 ] tors=[ 4, 4 ] order4=12 norm111=0 xTpass=0
  D4 above=T3 pat=000 resclass=[ -1742, -105, 182910 ] xT=false
  D4 above=T3 pat=000 resclass=[ -1742, -105, 182910 ] xT=false
  D4 above=T2 pat=000 resclass=[ 37649010, -358562, -105 ] xT=false
  D4 above=T1 pat=000 resclass=[ -16396143855, 37649010, -1742 ] xT=false
  D4 above=T2 pat=000 resclass=[ 37649010, -358562, -105 ] xT=false
  D4 above=T1 pat=000 resclass=[ -16396143855, 37649010, -1742 ] xT=false
  D4 above=T3 pat=000 resclass=[ -1742, -105, 182910 ] xT=false
  D4 above=T3 pat=000 resclass=[ -1742, -105, 182910 ] xT=false
  D4 above=T2 pat=000 resclass=[ 37649010, -358562, -105 ] xT=false
  D4 above=T1 pat=000 resclass=[ -16396143855, 37649010, -1742 ] xT=false
  D4 above=T2 pat=000 resclass=[ 37649010, -358562, -105 ] xT=false
  D4 above=T1 pat=000 resclass=[ -16396143855, 37649010, -1742 ] xT=false
MEMBER stv 8/7 20/13 1/5 shape=[ 1, 1, 2, 2 ] tors=[ 4, 4 ] order4=12 norm111=0 xTpass=0
  D4 above=T1 pat=000 resclass=[ -5363583733775883, 170427236595, -786785 ] xT=false
  D4 above=T1 pat=000 resclass=[ -5363583733775883, 170427236595, -786785 ] xT=false
  D4 above=T3 pat=000 resclass=[ -786785, 231, -181747335 ] xT=false
  D4 above=T2 pat=000 resclass=[ 170427236595, 737780245, 231 ] xT=false
  D4 above=T3 pat=000 resclass=[ -786785, 231, -181747335 ] xT=false
  D4 above=T2 pat=000 resclass=[ 170427236595, 737780245, 231 ] xT=false
  D4 above=T1 pat=000 resclass=[ -5363583733775883, 170427236595, -786785 ] xT=false
  D4 above=T1 pat=000 resclass=[ -5363583733775883, 170427236595, -786785 ] xT=false
  D4 above=T3 pat=000 resclass=[ -786785, 231, -181747335 ] xT=false
  D4 above=T2 pat=000 resclass=[ 170427236595, 737780245, 231 ] xT=false
  D4 above=T3 pat=000 resclass=[ -786785, 231, -181747335 ] xT=false
  D4 above=T2 pat=000 resclass=[ 170427236595, 737780245, 231 ] xT=false
MEMBER stv 16/13 2/7 4/5 shape=[ 1, 1, 2, 2 ] tors=[ 4, 4 ] order4=12 norm111=0 xTpass=0
  D4 above=T1 pat=000 resclass=[ -190476155191, -957166609, 199 ] xT=false
  D4 above=T1 pat=000 resclass=[ -190476155191, -957166609, 199 ] xT=false
  D4 above=T2 pat=000 resclass=[ -957166609, 4785833045, -5 ] xT=false
  D4 above=T3 pat=000 resclass=[ 199, -5, -995 ] xT=false
  D4 above=T2 pat=000 resclass=[ -957166609, 4785833045, -5 ] xT=false
  D4 above=T3 pat=000 resclass=[ 199, -5, -995 ] xT=false
  D4 above=T1 pat=000 resclass=[ -190476155191, -957166609, 199 ] xT=false
  D4 above=T1 pat=000 resclass=[ -190476155191, -957166609, 199 ] xT=false
  D4 above=T2 pat=000 resclass=[ -957166609, 4785833045, -5 ] xT=false
  D4 above=T3 pat=000 resclass=[ 199, -5, -995 ] xT=false
  D4 above=T2 pat=000 resclass=[ -957166609, 4785833045, -5 ] xT=false
  D4 above=T3 pat=000 resclass=[ 199, -5, -995 ] xT=false
PART_DONE part=97
