MEMBER stv 1/4 1/2 -3/4 shape=[ 1, 1, 2, 2 ] tors=[ 4, 4 ] order4=12 norm111=0 xTpass=0
  D4 above=T2 pat=000 resclass=[ 793, -2379, -3 ] xT=false
  D4 above=T2 pat=000 resclass=[ 793, -2379, -3 ] xT=false
  D4 above=T1 pat=000 resclass=[ -1586, 793, -2 ] xT=false
  D4 above=T3 pat=000 resclass=[ -2, -3, 6 ] xT=false
  D4 above=T1 pat=000 resclass=[ -1586, 793, -2 ] xT=false
  D4 above=T3 pat=000 resclass=[ -2, -3, 6 ] xT=false
  D4 above=T2 pat=000 resclass=[ 793, -2379, -3 ] xT=false
  D4 above=T2 pat=000 resclass=[ 793, -2379, -3 ] xT=false
  D4 above=T1 pat=000 resclass=[ -1586, 793, -2 ] xT=false
  D4 above=T3 pat=000 resclass=[ -2, -3, 6 ] xT=false
  D4 above=T1 pat=000 resclass=[ -1586, 793, -2 ] xT=false
  D4 above=T3 pat=000 resclass=[ -2, -3, 6 ] xT=false
MEMBER stv 1/3 1/3 -1/4 shape=[ 1, 1, 2, 2 ] tors=[ 4, 4 ] order4=12 norm111=0 xTpass=0
  D4 above=T1 pat=000 resclass=[ -47278, 21490, -55 ] xT=false
  D4 above=T1 pat=000 resclass=[ -47278, 21490, -55 ] xT=false
  D4 above=T3 pat=000 resclass=[ -55, -2, 110 ] xT=false
  D4 above=T2 pat=000 resclass=[ 21490, -10745, -2 ] xT=false
  D4 above=T3 pat=000 resclass=[ -55, -2, 110 ] xT=false
  D4 above=T2 pat=000 resclass=[ 21490, -10745, -2 ] xT=false
  D4 above=T1 pat=000 resclass=[ -47278, 21490, -55 ] xT=false
  D4 above=T1 pat=000 resclass=[ -47278, 21490, -55 ] xT=false
  D4 above=T3 pat=000 resclass=[ -55, -2, 110 ] xT=false
  D4 above=T2 pat=000 resclass=[ 21490, -10745, -2 ] xT=false
  D4 above=T3 pat=000 resclass=[ -55, -2, 110 ] xT=false
  D4 above=T2 pat=000 resclass=[ 21490, -10745, -2 ] xT=false
MEMBER stv 1/3 4 -3/2 shape=[ 1, 1, 2, 2 ] tors=[ 4, 4 ] order4=12 norm111=0 xTpass=0
  D4 above=T2 pat=000 resclass=[ -4330, -2598, 15 ] xT=false
  D4 above=T2 pat=000 resclass=[ -4330, -2598, 15 ] xT=false
  D4 above=T1 pat=000 resclass=[ 547745, -4330, -506 ] xT=false
  D4 above=T3 pat=000 resclass=[ -506, 15, -7590 ] xT=false
  D4 above=T1 pat=000 resclass=[ 547745, -4330, -506 ] xT=false
  D4 above=T3 pat=000 resclass=[ -506, 15, -7590 ] xT=false
  D4 above=T2 pat=000 resclass=[ -4330, -2598, 15 ] xT=false
  D4 above=T2 pat=000 resclass=[ -4330, -2598, 15 ] xT=false
  D4 above=T1 pat=000 resclass=[ 547745, -4330, -506 ] xT=false
  D4 above=T3 pat=000 resclass=[ -506, 15, -7590 ] xT=false
  D4 above=T1 pat=000 resclass=[ 547745, -4330, -506 ] xT=false
  D4 above=T3 pat=000 resclass=[ -506, 15, -7590 ] xT=false
MEMBER stv 1/2 3 -2/3 shape=[ 1, 1, 2, 2 ] tors=[ 4, 4 ] order4=12 norm111=0 xTpass=0
  D4 above=T3 pat=000 resclass=[ -255, 2, -510 ] xT=false
  D4 above=T3 pat=000 resclass=[ -255, 2, -510 ] xT=false
  D4 above=T1 pat=000 resclass=[ 4981, -4395, -255 ] xT=false
  D4 above=T2 pat=000 resclass=[ -4395, -8790, 2 ] xT=false
  D4 above=T1 pat=000 resclass=[ 4981, -4395, -255 ] xT=false
  D4 above=T2 pat=000 resclass=[ -4395, -8790, 2 ] xT=false
  D4 above=T3 pat=000 resclass=[ -255, 2, -510 ] xT=false
  D4 above=T3 pat=000 resclass=[ -255, 2, -510 ] xT=false
  D4 above=T1 pat=000 resclass=[ 4981, -4395, -255 ] xT=false
  D4 above=T2 pat=000 resclass=[ -4395, -8790, 2 ] xT=false
  D4 above=T1 pat=000 resclass=[ 4981, -4395, -255 ] xT=false
  D4 above=T2 pat=000 resclass=[ -4395, -8790, 2 ] xT=false
MEMBER stv 2/3 3/2 -4 shape=[ 1, 1, 2, 2 ] tors=[ 4, 4 ] order4=12 norm111=0 xTpass=0
  D4 above=T2 pat=000 resclass=[ 13195, 2639, 5 ] xT=false
  D4 above=T2 pat=000 resclass=[ 13195, 2639, 5 ] xT=false
  D4 above=T1 pat=000 resclass=[ -43355, 13195, -161 ] xT=false
  D4 above=T3 pat=000 resclass=[ -161, 5, -805 ] xT=false
  D4 above=T1 pat=000 resclass=[ -43355, 13195, -161 ] xT=false
  D4 above=T3 pat=000 resclass=[ -161, 5, -805 ] xT=false
  D4 above=T2 pat=000 resclass=[ 13195, 2639, 5 ] xT=false
  D4 above=T2 pat=000 resclass=[ 13195, 2639, 5 ] xT=false
  D4 above=T1 pat=000 resclass=[ -43355, 13195, -161 ] xT=false
  D4 above=T3 pat=000 resclass=[ -161, 5, -805 ] xT=false
  D4 above=T1 pat=000 resclass=[ -43355, 13195, -161 ] xT=false
  D4 above=T3 pat=000 resclass=[ -161, 5, -805 ] xT=false
MEMBER stv 3/4 4/3 -4/3 shape=[ 1, 1, 2, 2 ] tors=[ 4, 4 ] order4=12 norm111=0 xTpass=0
  D4 above=T1 pat=000 resclass=[ 259, -14245, -55 ] xT=false
  D4 above=T1 pat=000 resclass=[ 259, -14245, -55 ] xT=false
  D4 above=T3 pat=000 resclass=[ -55, 7, -385 ] xT=false
  D4 above=T2 pat=000 resclass=[ -14245, -2035, 7 ] xT=false
  D4 above=T3 pat=000 resclass=[ -55, 7, -385 ] xT=false
  D4 above=T2 pat=000 resclass=[ -14245, -2035, 7 ] xT=false
  D4 above=T1 pat=000 resclass=[ 259, -14245, -55 ] xT=false
  D4 above=T1 pat=000 resclass=[ 259, -14245, -55 ] xT=false
  D4 above=T3 pat=000 resclass=[ -55, 7, -385 ] xT=false
  D4 above=T2 pat=000 resclass=[ -14245, -2035, 7 ] xT=false
  D4 above=T3 pat=000 resclass=[ -55, 7, -385 ] xT=false
  D4 above=T2 pat=000 resclass=[ -14245, -2035, 7 ] xT=false
MEMBER stv 1 3/4 -1/2 shape=[ 1, 1, 2, 2 ] tors=[ 4, 4 ] order4=12 norm111=0 xTpass=0
  D4 above=T1 pat=000 resclass=[ 62146, 2702, 23 ] xT=false
  D4 above=T1 pat=000 resclass=[ 62146, 2702, 23 ] xT=false
  D4 above=T2 pat=000 resclass=[ 2702, -386, -7 ] xT=false
  D4 above=T3 pat=000 resclass=[ 23, -7, -161 ] xT=false
  D4 above=T2 pat=000 resclass=[ 2702, -386, -7 ] xT=false
  D4 above=T3 pat=000 resclass=[ 23, -7, -161 ] xT=false
  D4 above=T1 pat=000 resclass=[ 62146, 2702, 23 ] xT=false
  D4 above=T1 pat=000 resclass=[ 62146, 2702, 23 ] xT=false
  D4 above=T2 pat=000 resclass=[ 2702, -386, -7 ] xT=false
  D4 above=T3 pat=000 resclass=[ 23, -7, -161 ] xT=false
  D4 above=T2 pat=000 resclass=[ 2702, -386, -7 ] xT=false
  D4 above=T3 pat=000 resclass=[ 23, -7, -161 ] xT=false
MEMBER stv 4/3 1/2 -3 shape=[ 1, 1, 2, 2 ] tors=[ 4, 4 ] order4=12 norm111=0 xTpass=0
  D4 above=T2 pat=000 resclass=[ 3055, -9165, -3 ] xT=false
  D4 above=T2 pat=000 resclass=[ 3055, -9165, -3 ] xT=false
  D4 above=T1 pat=000 resclass=[ 21385, 3055, 7 ] xT=false
  D4 above=T3 pat=000 resclass=[ 7, -3, -21 ] xT=false
  D4 above=T1 pat=000 resclass=[ 21385, 3055, 7 ] xT=false
  D4 above=T3 pat=000 resclass=[ 7, -3, -21 ] xT=false
  D4 above=T2 pat=000 resclass=[ 3055, -9165, -3 ] xT=false
  D4 above=T2 pat=000 resclass=[ 3055, -9165, -3 ] xT=false
  D4 above=T1 pat=000 resclass=[ 21385, 3055, 7 ] xT=false
  D4 above=T3 pat=000 resclass=[ 7, -3, -21 ] xT=false
  D4 above=T1 pat=000 resclass=[ 21385, 3055, 7 ] xT=false
  D4 above=T3 pat=000 resclass=[ 7, -3, -21 ] xT=false
MEMBER stv 3/2 1/3 -1 shape=[ 1, 1, 2, 2 ] tors=[ 4, 4 ] order4=12 norm111=0 xTpass=0
  D4 above=T2 pat=000 resclass=[ 4370, -2185, -2 ] xT=false
  D4 above=T2 pat=000 resclass=[ 4370, -2185, -2 ] xT=false
  D4 above=T3 pat=000 resclass=[ 473, -2, -946 ] xT=false
  D4 above=T1 pat=000 resclass=[ 2067010, 4370, 473 ] xT=false
  D4 above=T3 pat=000 resclass=[ 473, -2, -946 ] xT=false
  D4 above=T1 pat=000 resclass=[ 2067010, 4370, 473 ] xT=false
  D4 above=T2 pat=000 resclass=[ 4370, -2185, -2 ] xT=false
  D4 above=T2 pat=000 resclass=[ 4370, -2185, -2 ] xT=false
  D4 above=T3 pat=000 resclass=[ 473, -2, -946 ] xT=false
  D4 above=T1 pat=000 resclass=[ 2067010, 4370, 473 ] xT=false
  D4 above=T3 pat=000 resclass=[ 473, -2, -946 ] xT=false
  D4 above=T1 pat=000 resclass=[ 2067010, 4370, 473 ] xT=false
MEMBER stv 2 1/4 -1/3 shape=[ 1, 1, 2, 2 ] tors=[ 4, 4 ] order4=12 norm111=0 xTpass=0
  D4 above=T2 pat=000 resclass=[ 1355, -813, -15 ] xT=false
  D4 above=T2 pat=000 resclass=[ 1355, -813, -15 ] xT=false
  D4 above=T3 pat=000 resclass=[ 799, -15, -11985 ] xT=false
  D4 above=T1 pat=000 resclass=[ 1082645, 1355, 799 ] xT=false
  D4 above=T3 pat=000 resclass=[ 799, -15, -11985 ] xT=false
  D4 above=T1 pat=000 resclass=[ 1082645, 1355, 799 ] xT=false
  D4 above=T2 pat=000 resclass=[ 1355, -813, -15 ] xT=false
  D4 above=T2 pat=000 resclass=[ 1355, -813, -15 ] xT=false
  D4 above=T3 pat=000 resclass=[ 799, -15, -11985 ] xT=false
  D4 above=T1 pat=000 resclass=[ 1082645, 1355, 799 ] xT=false
  D4 above=T3 pat=000 resclass=[ 799, -15, -11985 ] xT=false
  D4 above=T1 pat=000 resclass=[ 1082645, 1355, 799 ] xT=false
MEMBER stv 2 3 -2 shape=[ 1, 1, 2, 2 ] tors=[ 4, 4 ] order4=12 norm111=0 xTpass=0
  D4 above=T3 pat=000 resclass=[ -15, 2, -30 ] xT=false
  D4 above=T3 pat=000 resclass=[ -15, 2, -30 ] xT=false
  D4 above=T1 pat=000 resclass=[ -14385, 959, -15 ] xT=false
  D4 above=T2 pat=000 resclass=[ 959, 1918, 2 ] xT=false
  D4 above=T1 pat=000 resclass=[ -14385, 959, -15 ] xT=false
  D4 above=T2 pat=000 resclass=[ 959, 1918, 2 ] xT=false
  D4 above=T3 pat=000 resclass=[ -15, 2, -30 ] xT=false
  D4 above=T3 pat=000 resclass=[ -15, 2, -30 ] xT=false
  D4 above=T1 pat=000 resclass=[ -14385, 959, -15 ] xT=false
  D4 above=T2 pat=000 resclass=[ 959, 1918, 2 ] xT=false
  D4 above=T1 pat=000 resclass=[ -14385, 959, -15 ] xT=false
  D4 above=T2 pat=000 resclass=[ 959, 1918, 2 ] xT=false
MEMBER stv 3 2 -3/4 INVALID
MEMBER stv 4 3/2 -1/4 shape=[ 1, 1, 2, 2 ] tors=[ 4, 4 ] order4=12 norm111=0 xTpass=0
  D4 above=T2 pat=000 resclass=[ -5, -1, 5 ] xT=false
  D4 above=T2 pat=000 resclass=[ -5, -1, 5 ] xT=false
  D4 above=T3 pat=000 resclass=[ 231, 5, 1155 ] xT=false
  D4 above=T1 pat=000 resclass=[ -1155, -5, 231 ] xT=false
  D4 above=T3 pat=000 resclass=[ 231, 5, 1155 ] xT=false
  D4 above=T1 pat=000 resclass=[ -1155, -5, 231 ] xT=false
  D4 above=T2 pat=000 resclass=[ -5, -1, 5 ] xT=false
  D4 above=T2 pat=000 resclass=[ -5, -1, 5 ] xT=false
  D4 above=T3 pat=000 resclass=[ 231, 5, 1155 ] xT=false
  D4 above=T1 pat=000 resclass=[ -1155, -5, 231 ] xT=false
  D4 above=T3 pat=000 resclass=[ 231, 5, 1155 ] xT=false
  D4 above=T1 pat=000 resclass=[ -1155, -5, 231 ] xT=false
MEMBER stv 7/11 13 2 shape=[ 1, 1, 2, 2 ] tors=[ 4, 4 ] order4=12 norm111=0 xTpass=0
  D4 above=T1 pat=000 resclass=[ 1087520654549, -390099955, -69695 ] xT=false
  D4 above=T1 pat=000 resclass=[ 1087520654549, -390099955, -69695 ] xT=false
  D4 above=T2 pat=000 resclass=[ -390099955, -334371390, 42 ] xT=false
  D4 above=T3 pat=000 resclass=[ -69695, 42, -2927190 ] xT=false
  D4 above=T2 pat=000 resclass=[ -390099955, -334371390, 42 ] xT=false
  D4 above=T3 pat=000 resclass=[ -69695, 42, -2927190 ] xT=false
  D4 above=T1 pat=000 resclass=[ 1087520654549, -390099955, -69695 ] xT=false
  D4 above=T1 pat=000 resclass=[ 1087520654549, -390099955, -69695 ] xT=false
  D4 above=T2 pat=000 resclass=[ -390099955, -334371390, 42 ] xT=false
  D4 above=T3 pat=000 resclass=[ -69695, 42, -2927190 ] xT=false
  D4 above=T2 pat=000 resclass=[ -390099955, -334371390, 42 ] xT=false
  D4 above=T3 pat=000 resclass=[ -69695, 42, -2927190 ] xT=false
MEMBER stv 11/8 15/16 -3 shape=[ 1, 1, 2, 2 ] tors=[ 4, 4 ] order4=12 norm111=0 xTpass=0
  D4 above=T3 pat=000 resclass=[ 122943, -31, -3811233 ] xT=false
  D4 above=T3 pat=000 resclass=[ 122943, -31, -3811233 ] xT=false
  D4 above=T1 pat=000 resclass=[ 124250259844789, 9095697507, 122943 ] xT=false
  D4 above=T2 pat=000 resclass=[ 9095697507, -293409597, -31 ] xT=false
  D4 above=T1 pat=000 resclass=[ 124250259844789, 9095697507, 122943 ] xT=false
  D4 above=T2 pat=000 resclass=[ 9095697507, -293409597, -31 ] xT=false
  D4 above=T3 pat=000 resclass=[ 122943, -31, -3811233 ] xT=false
  D4 above=T3 pat=000 resclass=[ 122943, -31, -3811233 ] xT=false
  D4 above=T1 pat=000 resclass=[ 124250259844789, 9095697507, 122943 ] xT=false
  D4 above=T2 pat=000 resclass=[ 9095697507, -293409597, -31 ] xT=false
  D4 above=T1 pat=000 resclass=[ 124250259844789, 9095697507, 122943 ] xT=false
  D4 above=T2 pat=000 resclass=[ 9095697507, -293409597, -31 ] xT=false
MEMBER stv 9/5 2/19 -7/8 shape=[ 1, 1, 2, 2 ] tors=[ 4, 4 ] order4=12 norm111=0 xTpass=0
  D4 above=T1 pat=000 resclass=[ 92108938693945002, 1799740883838, 51179 ] xT=false
  D4 above=T1 pat=000 resclass=[ 92108938693945002, 1799740883838, 51179 ] xT=false
  D4 above=T3 pat=000 resclass=[ 51179, -357, -18270903 ] xT=false
  D4 above=T2 pat=000 resclass=[ 1799740883838, -247023258566, -357 ] xT=false
  D4 above=T3 pat=000 resclass=[ 51179, -357, -18270903 ] xT=false
  D4 above=T2 pat=000 resclass=[ 1799740883838, -247023258566, -357 ] xT=false
  D4 above=T1 pat=000 resclass=[ 92108938693945002, 1799740883838, 51179 ] xT=false
  D4 above=T1 pat=000 resclass=[ 92108938693945002, 1799740883838, 51179 ] xT=false
  D4 above=T3 pat=000 resclass=[ 51179, -357, -18270903 ] xT=false
  D4 above=T2 pat=000 resclass=[ 1799740883838, -247023258566, -357 ] xT=false
  D4 above=T3 pat=000 resclass=[ 51179, -357, -18270903 ] xT=false
  D4 above=T2 pat=000 resclass=[ 1799740883838, -247023258566, -357 ] xT=false
PART_DONE part=98
