MEMBER stv 1/4 1/2 1 shape=[ 1, 1, 2, 2 ] tors=[ 4, 4 ] order4=12 norm111=0 xTpass=0
  D4 above=T2 pat=000 resclass=[ -255, 85, -3 ] xT=false
  D4 above=T2 pat=000 resclass=[ -255, 85, -3 ] xT=false
  D4 above=T1 pat=000 resclass=[ 510, -255, -2 ] xT=false
  D4 above=T3 pat=000 resclass=[ -2, -3, 6 ] xT=false
  D4 above=T1 pat=000 resclass=[ 510, -255, -2 ] xT=false
  D4 above=T3 pat=000 resclass=[ -2, -3, 6 ] xT=false
  D4 above=T2 pat=000 resclass=[ -255, 85, -3 ] xT=false
  D4 above=T2 pat=000 resclass=[ -255, 85, -3 ] xT=false
  D4 above=T1 pat=000 resclass=[ 510, -255, -2 ] xT=false
  D4 above=T3 pat=000 resclass=[ -2, -3, 6 ] xT=false
  D4 above=T1 pat=000 resclass=[ 510, -255, -2 ] xT=false
  D4 above=T3 pat=000 resclass=[ -2, -3, 6 ] xT=false
MEMBER stv 1/3 1/3 1/3 shape=[ 1, 1, 2, 2 ] tors=[ 4, 4 ] order4=12 norm111=0 xTpass=0
  D4 above=T3 pat=000 resclass=[ -55, -2, 110 ] xT=false
  D4 above=T3 pat=000 resclass=[ -55, -2, 110 ] xT=false
  D4 above=T1 pat=000 resclass=[ 6006, -2730, -55 ] xT=false
  D4 above=T2 pat=000 resclass=[ -2730, 1365, -2 ] xT=false
  D4 above=T1 pat=000 resclass=[ 6006, -2730, -55 ] xT=false
  D4 above=T2 pat=000 resclass=[ -2730, 1365, -2 ] xT=false
  D4 above=T3 pat=000 resclass=[ -55, -2, 110 ] xT=false
  D4 above=T3 pat=000 resclass=[ -55, -2, 110 ] xT=false
  D4 above=T1 pat=000 resclass=[ 6006, -2730, -55 ] xT=false
  D4 above=T2 pat=000 resclass=[ -2730, 1365, -2 ] xT=false
  D4 above=T1 pat=000 resclass=[ 6006, -2730, -55 ] xT=false
  D4 above=T2 pat=000 resclass=[ -2730, 1365, -2 ] xT=false
MEMBER stv 1/3 4 2 shape=[ 1, 1, 2, 2 ] tors=[ 4, 4 ] order4=12 norm111=0 xTpass=0
  D4 above=T2 pat=000 resclass=[ -1421970, -94798, 15 ] xT=false
  D4 above=T2 pat=000 resclass=[ -1421970, -94798, 15 ] xT=false
  D4 above=T1 pat=000 resclass=[ 1486605, -1421970, -506 ] xT=false
  D4 above=T3 pat=000 resclass=[ -506, 15, -7590 ] xT=false
  D4 above=T1 pat=000 resclass=[ 1486605, -1421970, -506 ] xT=false
  D4 above=T3 pat=000 resclass=[ -506, 15, -7590 ] xT=false
  D4 above=T2 pat=000 resclass=[ -1421970, -94798, 15 ] xT=false
  D4 above=T2 pat=000 resclass=[ -1421970, -94798, 15 ] xT=false
  D4 above=T1 pat=000 resclass=[ 1486605, -1421970, -506 ] xT=false
  D4 above=T3 pat=000 resclass=[ -506, 15, -7590 ] xT=false
  D4 above=T1 pat=000 resclass=[ 1486605, -1421970, -506 ] xT=false
  D4 above=T3 pat=000 resclass=[ -506, 15, -7590 ] xT=false
MEMBER stv 1/2 3 3/4 shape=[ 1, 1, 2, 2 ] tors=[ 4, 4 ] order4=12 norm111=0 xTpass=0
  D4 above=T2 pat=000 resclass=[ -570, -285, 2 ] xT=false
  D4 above=T2 pat=000 resclass=[ -570, -285, 2 ] xT=false
  D4 above=T3 pat=000 resclass=[ -255, 2, -510 ] xT=false
  D4 above=T1 pat=000 resclass=[ 646, -570, -255 ] xT=false
  D4 above=T3 pat=000 resclass=[ -255, 2, -510 ] xT=false
  D4 above=T1 pat=000 resclass=[ 646, -570, -255 ] xT=false
  D4 above=T2 pat=000 resclass=[ -570, -285, 2 ] xT=false
  D4 above=T2 pat=000 resclass=[ -570, -285, 2 ] xT=false
  D4 above=T3 pat=000 resclass=[ -255, 2, -510 ] xT=false
  D4 above=T1 pat=000 resclass=[ 646, -570, -255 ] xT=false
  D4 above=T3 pat=000 resclass=[ -255, 2, -510 ] xT=false
  D4 above=T1 pat=000 resclass=[ 646, -570, -255 ] xT=false
MEMBER stv 2/3 2 1/4 shape=[ 1, 1, 2, 2 ] tors=[ 4, 4 ] order4=12 norm111=0 xTpass=0
  D4 above=T2 pat=000 resclass=[ -510, -170, 3 ] xT=false
  D4 above=T2 pat=000 resclass=[ -510, -170, 3 ] xT=false
  D4 above=T1 pat=000 resclass=[ 39270, -510, -77 ] xT=false
  D4 above=T3 pat=000 resclass=[ -77, 3, -231 ] xT=false
  D4 above=T1 pat=000 resclass=[ 39270, -510, -77 ] xT=false
  D4 above=T3 pat=000 resclass=[ -77, 3, -231 ] xT=false
  D4 above=T2 pat=000 resclass=[ -510, -170, 3 ] xT=false
  D4 above=T2 pat=000 resclass=[ -510, -170, 3 ] xT=false
  D4 above=T1 pat=000 resclass=[ 39270, -510, -77 ] xT=false
  D4 above=T3 pat=000 resclass=[ -77, 3, -231 ] xT=false
  D4 above=T1 pat=000 resclass=[ 39270, -510, -77 ] xT=false
  D4 above=T3 pat=000 resclass=[ -77, 3, -231 ] xT=false
MEMBER stv 3/4 4/3 3/2 shape=[ 1, 1, 2, 2 ] tors=[ 4, 4 ] order4=12 norm111=0 xTpass=0
  D4 above=T2 pat=000 resclass=[ -164374, -23482, 7 ] xT=false
  D4 above=T2 pat=000 resclass=[ -164374, -23482, 7 ] xT=false
  D4 above=T3 pat=000 resclass=[ -55, 7, -385 ] xT=false
  D4 above=T1 pat=000 resclass=[ 9040570, -164374, -55 ] xT=false
  D4 above=T3 pat=000 resclass=[ -55, 7, -385 ] xT=false
  D4 above=T1 pat=000 resclass=[ 9040570, -164374, -55 ] xT=false
  D4 above=T2 pat=000 resclass=[ -164374, -23482, 7 ] xT=false
  D4 above=T2 pat=000 resclass=[ -164374, -23482, 7 ] xT=false
  D4 above=T3 pat=000 resclass=[ -55, 7, -385 ] xT=false
  D4 above=T1 pat=000 resclass=[ 9040570, -164374, -55 ] xT=false
  D4 above=T3 pat=000 resclass=[ -55, 7, -385 ] xT=false
  D4 above=T1 pat=000 resclass=[ 9040570, -164374, -55 ] xT=false
MEMBER stv 1 3/4 2/3 shape=[ 1, 1, 2, 2 ] tors=[ 4, 4 ] order4=12 norm111=0 xTpass=0
  D4 above=T3 pat=000 resclass=[ 23, -7, -161 ] xT=false
  D4 above=T3 pat=000 resclass=[ 23, -7, -161 ] xT=false
  D4 above=T1 pat=000 resclass=[ -1697745, -73815, 23 ] xT=false
  D4 above=T2 pat=000 resclass=[ -73815, 10545, -7 ] xT=false
  D4 above=T1 pat=000 resclass=[ -1697745, -73815, 23 ] xT=false
  D4 above=T2 pat=000 resclass=[ -73815, 10545, -7 ] xT=false
  D4 above=T3 pat=000 resclass=[ 23, -7, -161 ] xT=false
  D4 above=T3 pat=000 resclass=[ 23, -7, -161 ] xT=false
  D4 above=T1 pat=000 resclass=[ -1697745, -73815, 23 ] xT=false
  D4 above=T2 pat=000 resclass=[ -73815, 10545, -7 ] xT=false
  D4 above=T1 pat=000 resclass=[ -1697745, -73815, 23 ] xT=false
  D4 above=T2 pat=000 resclass=[ -73815, 10545, -7 ] xT=false
MEMBER stv 4/3 1/2 4 shape=[ 1, 1, 2, 2 ] tors=[ 4, 4 ] order4=12 norm111=0 xTpass=0
  D4 above=T3 pat=000 resclass=[ 7, -3, -21 ] xT=false
  D4 above=T3 pat=000 resclass=[ 7, -3, -21 ] xT=false
  D4 above=T1 pat=000 resclass=[ -489027, -69861, 7 ] xT=false
  D4 above=T2 pat=000 resclass=[ -69861, 23287, -3 ] xT=false
  D4 above=T1 pat=000 resclass=[ -489027, -69861, 7 ] xT=false
  D4 above=T2 pat=000 resclass=[ -69861, 23287, -3 ] xT=false
  D4 above=T3 pat=000 resclass=[ 7, -3, -21 ] xT=false
  D4 above=T3 pat=000 resclass=[ 7, -3, -21 ] xT=false
  D4 above=T1 pat=000 resclass=[ -489027, -69861, 7 ] xT=false
  D4 above=T2 pat=000 resclass=[ -69861, 23287, -3 ] xT=false
  D4 above=T1 pat=000 resclass=[ -489027, -69861, 7 ] xT=false
  D4 above=T2 pat=000 resclass=[ -69861, 23287, -3 ] xT=false
MEMBER stv 3/2 1/3 4/3 shape=[ 1, 1, 2, 2 ] tors=[ 4, 4 ] order4=12 norm111=0 xTpass=0
  D4 above=T3 pat=000 resclass=[ 473, -2, -946 ] xT=false
  D4 above=T3 pat=000 resclass=[ 473, -2, -946 ] xT=false
  D4 above=T2 pat=000 resclass=[ -502, 251, -2 ] xT=false
  D4 above=T1 pat=000 resclass=[ -237446, -502, 473 ] xT=false
  D4 above=T2 pat=000 resclass=[ -502, 251, -2 ] xT=false
  D4 above=T1 pat=000 resclass=[ -237446, -502, 473 ] xT=false
  D4 above=T3 pat=000 resclass=[ 473, -2, -946 ] xT=false
  D4 above=T3 pat=000 resclass=[ 473, -2, -946 ] xT=false
  D4 above=T2 pat=000 resclass=[ -502, 251, -2 ] xT=false
  D4 above=T1 pat=000 resclass=[ -237446, -502, 473 ] xT=false
  D4 above=T2 pat=000 resclass=[ -502, 251, -2 ] xT=false
  D4 above=T1 pat=000 resclass=[ -237446, -502, 473 ] xT=false
MEMBER stv 2 1/4 1/2 shape=[ 1, 1, 2, 2 ] tors=[ 4, 4 ] order4=12 norm111=0 xTpass=0
  D4 above=T3 pat=000 resclass=[ 799, -15, -11985 ] xT=false
  D4 above=T3 pat=000 resclass=[ 799, -15, -11985 ] xT=false
  D4 above=T2 pat=000 resclass=[ -7755, 517, -15 ] xT=false
  D4 above=T1 pat=000 resclass=[ -2805, -7755, 799 ] xT=false
  D4 above=T2 pat=000 resclass=[ -7755, 517, -15 ] xT=false
  D4 above=T1 pat=000 resclass=[ -2805, -7755, 799 ] xT=false
  D4 above=T3 pat=000 resclass=[ 799, -15, -11985 ] xT=false
  D4 above=T3 pat=000 resclass=[ 799, -15, -11985 ] xT=false
  D4 above=T2 pat=000 resclass=[ -7755, 517, -15 ] xT=false
  D4 above=T1 pat=000 resclass=[ -2805, -7755, 799 ] xT=false
  D4 above=T2 pat=000 resclass=[ -7755, 517, -15 ] xT=false
  D4 above=T1 pat=000 resclass=[ -2805, -7755, 799 ] xT=false
MEMBER stv 2 3 3 shape=[ 1, 1, 2, 2 ] tors=[ 4, 4 ] order4=12 norm111=0 xTpass=0
  D4 above=T2 pat=000 resclass=[ -15834, -7917, 2 ] xT=false
  D4 above=T2 pat=000 resclass=[ -15834, -7917, 2 ] xT=false
  D4 above=T1 pat=000 resclass=[ 26390, -15834, -15 ] xT=false
  D4 above=T3 pat=000 resclass=[ -15, 2, -30 ] xT=false
  D4 above=T1 pat=000 resclass=[ 26390, -15834, -15 ] xT=false
  D4 above=T3 pat=000 resclass=[ -15, 2, -30 ] xT=false
  D4 above=T2 pat=000 resclass=[ -15834, -7917, 2 ] xT=false
  D4 above=T2 pat=000 resclass=[ -15834, -7917, 2 ] xT=false
  D4 above=T1 pat=000 resclass=[ 26390, -15834, -15 ] xT=false
  D4 above=T3 pat=000 resclass=[ -15, 2, -30 ] xT=false
  D4 above=T1 pat=000 resclass=[ 26390, -15834, -15 ] xT=false
  D4 above=T3 pat=000 resclass=[ -15, 2, -30 ] xT=false
MEMBER stv 3 2 1 INVALID
MEMBER stv 4 3/2 1/3 shape=[ 1, 1, 2, 2 ] tors=[ 4, 4 ] order4=12 norm111=0 xTpass=0
  D4 above=T2 pat=000 resclass=[ 73815, 14763, 5 ] xT=false
  D4 above=T2 pat=000 resclass=[ 73815, 14763, 5 ] xT=false
  D4 above=T1 pat=000 resclass=[ 38665, 73815, 231 ] xT=false
  D4 above=T3 pat=000 resclass=[ 231, 5, 1155 ] xT=false
  D4 above=T1 pat=000 resclass=[ 38665, 73815, 231 ] xT=false
  D4 above=T3 pat=000 resclass=[ 231, 5, 1155 ] xT=false
  D4 above=T2 pat=000 resclass=[ 73815, 14763, 5 ] xT=false
  D4 above=T2 pat=000 resclass=[ 73815, 14763, 5 ] xT=false
  D4 above=T1 pat=000 resclass=[ 38665, 73815, 231 ] xT=false
  D4 above=T3 pat=000 resclass=[ 231, 5, 1155 ] xT=false
  D4 above=T1 pat=000 resclass=[ 38665, 73815, 231 ] xT=false
  D4 above=T3 pat=000 resclass=[ 231, 5, 1155 ] xT=false
MEMBER stv 9/7 8/5 -11/2 shape=[ 1, 1, 2, 2 ] tors=[ 4, 4 ] order4=12 norm111=0 xTpass=0
  D4 above=T2 pat=000 resclass=[ 3420968694, 87717146, 39 ] xT=false
  D4 above=T2 pat=000 resclass=[ 3420968694, 87717146, 39 ] xT=false
  D4 above=T1 pat=000 resclass=[ -141970200801, 3420968694, -166 ] xT=false
  D4 above=T3 pat=000 resclass=[ -166, 39, -6474 ] xT=false
  D4 above=T1 pat=000 resclass=[ -141970200801, 3420968694, -166 ] xT=false
  D4 above=T3 pat=000 resclass=[ -166, 39, -6474 ] xT=false
  D4 above=T2 pat=000 resclass=[ 3420968694, 87717146, 39 ] xT=false
  D4 above=T2 pat=000 resclass=[ 3420968694, 87717146, 39 ] xT=false
  D4 above=T1 pat=000 resclass=[ -141970200801, 3420968694, -166 ] xT=false
  D4 above=T3 pat=000 resclass=[ -166, 39, -6474 ] xT=false
  D4 above=T1 pat=000 resclass=[ -141970200801, 3420968694, -166 ] xT=false
  D4 above=T3 pat=000 resclass=[ -166, 39, -6474 ] xT=false
MEMBER stv 11/6 4 5 shape=[ 1, 1, 2, 2 ] tors=[ 4, 4 ] order4=12 norm111=0 xTpass=0
  D4 above=T3 pat=000 resclass=[ -7979, 15, -119685 ] xT=false
  D4 above=T3 pat=000 resclass=[ -7979, 15, -119685 ] xT=false
  D4 above=T2 pat=000 resclass=[ -81840957, -136401595, 15 ] xT=false
  D4 above=T1 pat=000 resclass=[ 653008995903, -81840957, -7979 ] xT=false
  D4 above=T2 pat=000 resclass=[ -81840957, -136401595, 15 ] xT=false
  D4 above=T1 pat=000 resclass=[ 653008995903, -81840957, -7979 ] xT=false
  D4 above=T3 pat=000 resclass=[ -7979, 15, -119685 ] xT=false
  D4 above=T3 pat=000 resclass=[ -7979, 15, -119685 ] xT=false
  D4 above=T2 pat=000 resclass=[ -81840957, -136401595, 15 ] xT=false
  D4 above=T1 pat=000 resclass=[ 653008995903, -81840957, -7979 ] xT=false
  D4 above=T2 pat=000 resclass=[ -81840957, -136401595, 15 ] xT=false
  D4 above=T1 pat=000 resclass=[ 653008995903, -81840957, -7979 ] xT=false
MEMBER stv 2/3 7/2 -1 shape=[ 1, 1, 2, 2 ] tors=[ 4, 4 ] order4=12 norm111=0 xTpass=0
  D4 above=T2 pat=000 resclass=[ -797, -3985, 5 ] xT=false
  D4 above=T2 pat=000 resclass=[ -797, -3985, 5 ] xT=false
  D4 above=T3 pat=000 resclass=[ -18161, 5, -90805 ] xT=false
  D4 above=T1 pat=000 resclass=[ 14474317, -797, -18161 ] xT=false
  D4 above=T3 pat=000 resclass=[ -18161, 5, -90805 ] xT=false
  D4 above=T1 pat=000 resclass=[ 14474317, -797, -18161 ] xT=false
  D4 above=T2 pat=000 resclass=[ -797, -3985, 5 ] xT=false
  D4 above=T2 pat=000 resclass=[ -797, -3985, 5 ] xT=false
  D4 above=T3 pat=000 resclass=[ -18161, 5, -90805 ] xT=false
  D4 above=T1 pat=000 resclass=[ 14474317, -797, -18161 ] xT=false
  D4 above=T3 pat=000 resclass=[ -18161, 5, -90805 ] xT=false
  D4 above=T1 pat=000 resclass=[ 14474317, -797, -18161 ] xT=false
PART_DONE part=99
