A2_24_HEIGHT5_LOWBRANCH_SCAN_START
parameters Height=5 LowDegree=4 SkipClosedBest=true PStart=1 PStop=0 MaxRows=0 MaxFibers=0 MaxChecked=0 Progress=5000 VerboseRows=false DirectSearchHeight=0
height_values_count=39 nonzero_p_count=38 active_p_index_range=[1,38]
SCAN_PROGRESS checked=5000 split_fibers=0 order12_split_fibers=0 rows=0 low_rows=0 degree4_rows=0 rational_M_root_rows=0 errors=0 cputime=7.360
FIBER source=height_scan p=-5/3 z=-1 r=2/3 F_factor_degrees=[ <2, 1>, <2, 1> ] quadratic_subfactors=2 two_count=4
FIBER source=height_scan p=-5/3 z=1 r=2/3 F_factor_degrees=[ <2, 1>, <2, 1> ] quadratic_subfactors=2 two_count=4
SCAN_PROGRESS checked=10000 split_fibers=2 order12_split_fibers=2 rows=8 low_rows=0 degree4_rows=0 rational_M_root_rows=0 errors=0 cputime=14.020
SCAN_PROGRESS checked=15000 split_fibers=2 order12_split_fibers=2 rows=8 low_rows=0 degree4_rows=0 rational_M_root_rows=0 errors=0 cputime=20.190
SCAN_PROGRESS checked=20000 split_fibers=2 order12_split_fibers=2 rows=8 low_rows=0 degree4_rows=0 rational_M_root_rows=0 errors=0 cputime=26.570
FIBER source=height_scan p=-1/2 z=-4 r=-4 F_factor_degrees=[ <2, 1>, <2, 1> ] quadratic_subfactors=2 two_count=4
FIBER source=height_scan p=-1/2 z=-4 r=-5/3 F_factor_degrees=[ <2, 1>, <2, 1> ] quadratic_subfactors=2 two_count=4
FIBER source=height_scan p=-1/2 z=-3 r=-5/4 F_factor_degrees=[ <2, 1>, <2, 1> ] quadratic_subfactors=2 two_count=4
FIBER source=height_scan p=-1/2 z=-5/2 r=-4 F_factor_degrees=[ <2, 1>, <2, 1> ] quadratic_subfactors=2 two_count=4
FIBER source=height_scan p=-1/2 z=-5/2 r=-5/3 F_factor_degrees=[ <2, 1>, <2, 1> ] quadratic_subfactors=2 two_count=4
FIBER source=height_scan p=-1/2 z=-5/2 r=-1/4 F_factor_degrees=[ <2, 1>, <2, 1> ] quadratic_subfactors=2 two_count=4
FIBER source=height_scan p=-1/2 z=-5/2 r=5/3 F_factor_degrees=[ <2, 1>, <2, 1> ] quadratic_subfactors=2 two_count=4
FIBER source=height_scan p=-1/2 z=-3/2 r=-5/4 F_factor_degrees=[ <2, 1>, <2, 1> ] quadratic_subfactors=2 two_count=4
FIBER source=height_scan p=-1/2 z=-3/2 r=-3/4 F_factor_degrees=[ <2, 1>, <2, 1> ] quadratic_subfactors=2 two_count=4
FIBER source=height_scan p=-1/2 z=-3/2 r=-2/5 F_factor_degrees=[ <2, 1>, <2, 1> ] quadratic_subfactors=2 two_count=4
FIBER source=height_scan p=-1/2 z=-4/3 r=-5/3 F_factor_degrees=[ <2, 1>, <2, 1> ] quadratic_subfactors=2 two_count=4
FIBER source=height_scan p=-1/2 z=-4/3 r=-3/5 F_factor_degrees=[ <2, 1>, <2, 1> ] quadratic_subfactors=2 two_count=4
FIBER source=height_scan p=-1/2 z=-4/3 r=2/3 F_factor_degrees=[ <2, 1>, <2, 1> ] quadratic_subfactors=2 two_count=4
FIBER source=height_scan p=-1/2 z=-4/3 r=4 F_factor_degrees=[ <2, 1>, <2, 1> ] quadratic_subfactors=2 two_count=4
FIBER source=height_scan p=-1/2 z=-1 r=-1/4 F_factor_degrees=[ <2, 1>, <2, 1> ] quadratic_subfactors=2 two_count=4
FIBER source=height_scan p=-1/2 z=-1 r=5/4 F_factor_degrees=[ <2, 1>, <2, 1> ] quadratic_subfactors=2 two_count=4
FIBER source=height_scan p=-1/2 z=-2/3 r=5/3 F_factor_degrees=[ <2, 1>, <2, 1> ] quadratic_subfactors=2 two_count=4
FIBER source=height_scan p=-1/2 z=-1/2 r=2/3 F_factor_degrees=[ <2, 1>, <2, 1> ] quadratic_subfactors=2 two_count=4
FIBER source=height_scan p=-1/2 z=-1/2 r=5/4 F_factor_degrees=[ <2, 1>, <2, 1> ] quadratic_subfactors=2 two_count=4
FIBER source=height_scan p=-1/2 z=1/2 r=2/3 F_factor_degrees=[ <2, 1>, <2, 1> ] quadratic_subfactors=2 two_count=4
FIBER source=height_scan p=-1/2 z=1/2 r=5/4 F_factor_degrees=[ <2, 1>, <2, 1> ] quadratic_subfactors=2 two_count=4
FIBER source=height_scan p=-1/2 z=2/3 r=5/3 F_factor_degrees=[ <2, 1>, <2, 1> ] quadratic_subfactors=2 two_count=4
FIBER source=height_scan p=-1/2 z=1 r=-1/4 F_factor_degrees=[ <2, 1>, <2, 1> ] quadratic_subfactors=2 two_count=4
FIBER source=height_scan p=-1/2 z=1 r=5/4 F_factor_degrees=[ <2, 1>, <2, 1> ] quadratic_subfactors=2 two_count=4
FIBER source=height_scan p=-1/2 z=4/3 r=-5/3 F_factor_degrees=[ <2, 1>, <2, 1> ] quadratic_subfactors=2 two_count=4
FIBER source=height_scan p=-1/2 z=4/3 r=-3/5 F_factor_degrees=[ <2, 1>, <2, 1> ] quadratic_subfactors=2 two_count=4
FIBER source=height_scan p=-1/2 z=4/3 r=2/3 F_factor_degrees=[ <2, 1>, <2, 1> ] quadratic_subfactors=2 two_count=4
FIBER source=height_scan p=-1/2 z=4/3 r=4 F_factor_degrees=[ <2, 1>, <2, 1> ] quadratic_subfactors=2 two_count=4
FIBER source=height_scan p=-1/2 z=3/2 r=-5/4 F_factor_degrees=[ <2, 1>, <2, 1> ] quadratic_subfactors=2 two_count=4
FIBER source=height_scan p=-1/2 z=3/2 r=-3/4 F_factor_degrees=[ <2, 1>, <2, 1> ] quadratic_subfactors=2 two_count=4
FIBER source=height_scan p=-1/2 z=3/2 r=-2/5 F_factor_degrees=[ <2, 1>, <2, 1> ] quadratic_subfactors=2 two_count=4
FIBER source=height_scan p=-1/2 z=5/2 r=-4 F_factor_degrees=[ <2, 1>, <2, 1> ] quadratic_subfactors=2 two_count=4
FIBER source=height_scan p=-1/2 z=5/2 r=-5/3 F_factor_degrees=[ <2, 1>, <2, 1> ] quadratic_subfactors=2 two_count=4
FIBER source=height_scan p=-1/2 z=5/2 r=-1/4 F_factor_degrees=[ <2, 1>, <2, 1> ] quadratic_subfactors=2 two_count=4
FIBER source=height_scan p=-1/2 z=5/2 r=5/3 F_factor_degrees=[ <2, 1>, <2, 1> ] quadratic_subfactors=2 two_count=4
FIBER source=height_scan p=-1/2 z=3 r=-5/4 F_factor_degrees=[ <2, 1>, <2, 1> ] quadratic_subfactors=2 two_count=4
FIBER source=height_scan p=-1/2 z=4 r=-4 F_factor_degrees=[ <2, 1>, <2, 1> ] quadratic_subfactors=2 two_count=4
FIBER source=height_scan p=-1/2 z=4 r=-5/3 F_factor_degrees=[ <2, 1>, <2, 1> ] quadratic_subfactors=2 two_count=4
CLOSED_BEST_SKIPPED p=-1/3 z=-1 r=4/3 known_affine_factor_degrees_extra=[4,4,8] known_rational_M_roots=[]
CLOSED_BEST_SKIPPED p=-1/3 z=1 r=4/3 known_affine_factor_degrees_extra=[4,4,8] known_rational_M_roots=[]
SCAN_PROGRESS checked=25000 split_fibers=40 order12_split_fibers=40 rows=160 low_rows=0 degree4_rows=0 rational_M_root_rows=0 errors=0 cputime=32.970
FIBER source=height_scan p=-1/5 z=-1/5 r=5/4 F_factor_degrees=[ <1, 1>, <1, 1>, <2, 1> ] quadratic_subfactors=2 two_count=8
FIBER source=height_scan p=-1/5 z=1/5 r=5/4 F_factor_degrees=[ <1, 1>, <1, 1>, <2, 1> ] quadratic_subfactors=2 two_count=8
FIBER source=height_scan p=1/5 z=-1/5 r=-5/4 F_factor_degrees=[ <1, 1>, <1, 1>, <2, 1> ] quadratic_subfactors=2 two_count=8
FIBER source=height_scan p=1/5 z=1/5 r=-5/4 F_factor_degrees=[ <1, 1>, <1, 1>, <2, 1> ] quadratic_subfactors=2 two_count=8
SCAN_PROGRESS checked=30000 split_fibers=44 order12_split_fibers=44 rows=192 low_rows=0 degree4_rows=0 rational_M_root_rows=0 errors=0 cputime=39.250
CLOSED_BEST_SKIPPED p=1/3 z=-1 r=-4/3 known_affine_factor_degrees_extra=[4,4,8] known_rational_M_roots=[]
CLOSED_BEST_SKIPPED p=1/3 z=1 r=-4/3 known_affine_factor_degrees_extra=[4,4,8] known_rational_M_roots=[]
FIBER source=height_scan p=1/2 z=-4 r=5/3 F_factor_degrees=[ <2, 1>, <2, 1> ] quadratic_subfactors=2 two_count=4
FIBER source=height_scan p=1/2 z=-4 r=4 F_factor_degrees=[ <2, 1>, <2, 1> ] quadratic_subfactors=2 two_count=4
FIBER source=height_scan p=1/2 z=-3 r=5/4 F_factor_degrees=[ <2, 1>, <2, 1> ] quadratic_subfactors=2 two_count=4
FIBER source=height_scan p=1/2 z=-5/2 r=-5/3 F_factor_degrees=[ <2, 1>, <2, 1> ] quadratic_subfactors=2 two_count=4
FIBER source=height_scan p=1/2 z=-5/2 r=1/4 F_factor_degrees=[ <2, 1>, <2, 1> ] quadratic_subfactors=2 two_count=4
FIBER source=height_scan p=1/2 z=-5/2 r=5/3 F_factor_degrees=[ <2, 1>, <2, 1> ] quadratic_subfactors=2 two_count=4
FIBER source=height_scan p=1/2 z=-5/2 r=4 F_factor_degrees=[ <2, 1>, <2, 1> ] quadratic_subfactors=2 two_count=4
FIBER source=height_scan p=1/2 z=-3/2 r=2/5 F_factor_degrees=[ <2, 1>, <2, 1> ] quadratic_subfactors=2 two_count=4
FIBER source=height_scan p=1/2 z=-3/2 r=3/4 F_factor_degrees=[ <2, 1>, <2, 1> ] quadratic_subfactors=2 two_count=4
FIBER source=height_scan p=1/2 z=-3/2 r=5/4 F_factor_degrees=[ <2, 1>, <2, 1> ] quadratic_subfactors=2 two_count=4
FIBER source=height_scan p=1/2 z=-4/3 r=-4 F_factor_degrees=[ <2, 1>, <2, 1> ] quadratic_subfactors=2 two_count=4
FIBER source=height_scan p=1/2 z=-4/3 r=-2/3 F_factor_degrees=[ <2, 1>, <2, 1> ] quadratic_subfactors=2 two_count=4
FIBER source=height_scan p=1/2 z=-4/3 r=3/5 F_factor_degrees=[ <2, 1>, <2, 1> ] quadratic_subfactors=2 two_count=4
FIBER source=height_scan p=1/2 z=-4/3 r=5/3 F_factor_degrees=[ <2, 1>, <2, 1> ] quadratic_subfactors=2 two_count=4
FIBER source=height_scan p=1/2 z=-1 r=-5/4 F_factor_degrees=[ <2, 1>, <2, 1> ] quadratic_subfactors=2 two_count=4
FIBER source=height_scan p=1/2 z=-1 r=1/4 F_factor_degrees=[ <2, 1>, <2, 1> ] quadratic_subfactors=2 two_count=4
FIBER source=height_scan p=1/2 z=-2/3 r=-5/3 F_factor_degrees=[ <2, 1>, <2, 1> ] quadratic_subfactors=2 two_count=4
FIBER source=height_scan p=1/2 z=-1/2 r=-5/4 F_factor_degrees=[ <2, 1>, <2, 1> ] quadratic_subfactors=2 two_count=4
FIBER source=height_scan p=1/2 z=-1/2 r=-2/3 F_factor_degrees=[ <2, 1>, <2, 1> ] quadratic_subfactors=2 two_count=4
FIBER source=height_scan p=1/2 z=1/2 r=-5/4 F_factor_degrees=[ <2, 1>, <2, 1> ] quadratic_subfactors=2 two_count=4
FIBER source=height_scan p=1/2 z=1/2 r=-2/3 F_factor_degrees=[ <2, 1>, <2, 1> ] quadratic_subfactors=2 two_count=4
SCAN_PROGRESS checked=35000 split_fibers=65 order12_split_fibers=65 rows=276 low_rows=0 degree4_rows=0 rational_M_root_rows=0 errors=0 cputime=45.340
FIBER source=height_scan p=1/2 z=2/3 r=-5/3 F_factor_degrees=[ <2, 1>, <2, 1> ] quadratic_subfactors=2 two_count=4
FIBER source=height_scan p=1/2 z=1 r=-5/4 F_factor_degrees=[ <2, 1>, <2, 1> ] quadratic_subfactors=2 two_count=4
FIBER source=height_scan p=1/2 z=1 r=1/4 F_factor_degrees=[ <2, 1>, <2, 1> ] quadratic_subfactors=2 two_count=4
FIBER source=height_scan p=1/2 z=4/3 r=-4 F_factor_degrees=[ <2, 1>, <2, 1> ] quadratic_subfactors=2 two_count=4
FIBER source=height_scan p=1/2 z=4/3 r=-2/3 F_factor_degrees=[ <2, 1>, <2, 1> ] quadratic_subfactors=2 two_count=4
FIBER source=height_scan p=1/2 z=4/3 r=3/5 F_factor_degrees=[ <2, 1>, <2, 1> ] quadratic_subfactors=2 two_count=4
FIBER source=height_scan p=1/2 z=4/3 r=5/3 F_factor_degrees=[ <2, 1>, <2, 1> ] quadratic_subfactors=2 two_count=4
FIBER source=height_scan p=1/2 z=3/2 r=2/5 F_factor_degrees=[ <2, 1>, <2, 1> ] quadratic_subfactors=2 two_count=4
FIBER source=height_scan p=1/2 z=3/2 r=3/4 F_factor_degrees=[ <2, 1>, <2, 1> ] quadratic_subfactors=2 two_count=4
FIBER source=height_scan p=1/2 z=3/2 r=5/4 F_factor_degrees=[ <2, 1>, <2, 1> ] quadratic_subfactors=2 two_count=4
FIBER source=height_scan p=1/2 z=5/2 r=-5/3 F_factor_degrees=[ <2, 1>, <2, 1> ] quadratic_subfactors=2 two_count=4
FIBER source=height_scan p=1/2 z=5/2 r=1/4 F_factor_degrees=[ <2, 1>, <2, 1> ] quadratic_subfactors=2 two_count=4
FIBER source=height_scan p=1/2 z=5/2 r=5/3 F_factor_degrees=[ <2, 1>, <2, 1> ] quadratic_subfactors=2 two_count=4
FIBER source=height_scan p=1/2 z=5/2 r=4 F_factor_degrees=[ <2, 1>, <2, 1> ] quadratic_subfactors=2 two_count=4
FIBER source=height_scan p=1/2 z=3 r=5/4 F_factor_degrees=[ <2, 1>, <2, 1> ] quadratic_subfactors=2 two_count=4
FIBER source=height_scan p=1/2 z=4 r=5/3 F_factor_degrees=[ <2, 1>, <2, 1> ] quadratic_subfactors=2 two_count=4
FIBER source=height_scan p=1/2 z=4 r=4 F_factor_degrees=[ <2, 1>, <2, 1> ] quadratic_subfactors=2 two_count=4
SCAN_PROGRESS checked=40000 split_fibers=82 order12_split_fibers=82 rows=344 low_rows=0 degree4_rows=0 rational_M_root_rows=0 errors=0 cputime=51.880
SCAN_PROGRESS checked=45000 split_fibers=82 order12_split_fibers=82 rows=344 low_rows=0 degree4_rows=0 rational_M_root_rows=0 errors=0 cputime=58.470
FIBER source=height_scan p=5/3 z=-1 r=-2/3 F_factor_degrees=[ <2, 1>, <2, 1> ] quadratic_subfactors=2 two_count=4
FIBER source=height_scan p=5/3 z=1 r=-2/3 F_factor_degrees=[ <2, 1>, <2, 1> ] quadratic_subfactors=2 two_count=4
SCAN_PROGRESS checked=50000 split_fibers=84 order12_split_fibers=84 rows=352 low_rows=0 degree4_rows=0 rational_M_root_rows=0 errors=0 cputime=65.390
SCAN_PROGRESS checked=55000 split_fibers=84 order12_split_fibers=84 rows=352 low_rows=0 degree4_rows=0 rational_M_root_rows=0 errors=0 cputime=72.310
AFFINE_DEGREE_DISTRIBUTION_START
AFFINE_DEGREE_DISTRIBUTION degrees=[ 16 ] count=280
AFFINE_DEGREE_DISTRIBUTION degrees=[ 8, 8 ] count=72
AFFINE_DEGREE_DISTRIBUTION_END
MIN_AFFINE_DEGREE_DISTRIBUTION_START
MIN_AFFINE_DEGREE_DISTRIBUTION min_degree=16 count=280
MIN_AFFINE_DEGREE_DISTRIBUTION min_degree=8 count=72
MIN_AFFINE_DEGREE_DISTRIBUTION_END
KNOWN_CLOSED_BEST_SKIPPED closed_fibers=4 known_degree4_translated_rows_if_full_four=8 known_quartic_branches_if_full_four=16
A2_24_HEIGHT5_LOWBRANCH_SCAN_DONE checked=56316 split_fibers=84 order12_split_fibers=84 translated_order12_rows=352 low_rows_le_4=0 degree4_or_less_rows=0 rational_M_root_rows=0 rational_M_root_factors=0 rational_point_rows=0 exact_divisible_rows=0 torsion_cert_rows=0 positive_dim_rows=0 errors=0 closed_best_skipped=4 stopped_early=false cputime=74.610
