A2_24_HEIGHT5_LOWBRANCH_SCAN_START
parameters Height=4 LowDegree=4 SkipClosedBest=true PStart=1 PStop=0 MaxRows=0 MaxFibers=0 MaxChecked=0 Progress=0 VerboseRows=false DirectSearchHeight=0
height_values_count=23 nonzero_p_count=22 active_p_index_range=[1,22]
FIBER source=height_scan p=-1/2 z=-4 r=-4 F_factor_degrees=[ <2, 1>, <2, 1> ] quadratic_subfactors=2 two_count=4
FIBER source=height_scan p=-1/2 z=-3/2 r=-3/4 F_factor_degrees=[ <2, 1>, <2, 1> ] quadratic_subfactors=2 two_count=4
FIBER source=height_scan p=-1/2 z=-4/3 r=2/3 F_factor_degrees=[ <2, 1>, <2, 1> ] quadratic_subfactors=2 two_count=4
FIBER source=height_scan p=-1/2 z=-4/3 r=4 F_factor_degrees=[ <2, 1>, <2, 1> ] quadratic_subfactors=2 two_count=4
FIBER source=height_scan p=-1/2 z=-1 r=-1/4 F_factor_degrees=[ <2, 1>, <2, 1> ] quadratic_subfactors=2 two_count=4
FIBER source=height_scan p=-1/2 z=-1/2 r=2/3 F_factor_degrees=[ <2, 1>, <2, 1> ] quadratic_subfactors=2 two_count=4
FIBER source=height_scan p=-1/2 z=1/2 r=2/3 F_factor_degrees=[ <2, 1>, <2, 1> ] quadratic_subfactors=2 two_count=4
FIBER source=height_scan p=-1/2 z=1 r=-1/4 F_factor_degrees=[ <2, 1>, <2, 1> ] quadratic_subfactors=2 two_count=4
FIBER source=height_scan p=-1/2 z=4/3 r=2/3 F_factor_degrees=[ <2, 1>, <2, 1> ] quadratic_subfactors=2 two_count=4
FIBER source=height_scan p=-1/2 z=4/3 r=4 F_factor_degrees=[ <2, 1>, <2, 1> ] quadratic_subfactors=2 two_count=4
FIBER source=height_scan p=-1/2 z=3/2 r=-3/4 F_factor_degrees=[ <2, 1>, <2, 1> ] quadratic_subfactors=2 two_count=4
FIBER source=height_scan p=-1/2 z=4 r=-4 F_factor_degrees=[ <2, 1>, <2, 1> ] quadratic_subfactors=2 two_count=4
CLOSED_BEST_SKIPPED p=-1/3 z=-1 r=4/3 known_affine_factor_degrees_extra=[4,4,8] known_rational_M_roots=[]
CLOSED_BEST_SKIPPED p=-1/3 z=1 r=4/3 known_affine_factor_degrees_extra=[4,4,8] known_rational_M_roots=[]
CLOSED_BEST_SKIPPED p=1/3 z=-1 r=-4/3 known_affine_factor_degrees_extra=[4,4,8] known_rational_M_roots=[]
CLOSED_BEST_SKIPPED p=1/3 z=1 r=-4/3 known_affine_factor_degrees_extra=[4,4,8] known_rational_M_roots=[]
FIBER source=height_scan p=1/2 z=-4 r=4 F_factor_degrees=[ <2, 1>, <2, 1> ] quadratic_subfactors=2 two_count=4
FIBER source=height_scan p=1/2 z=-3/2 r=3/4 F_factor_degrees=[ <2, 1>, <2, 1> ] quadratic_subfactors=2 two_count=4
FIBER source=height_scan p=1/2 z=-4/3 r=-4 F_factor_degrees=[ <2, 1>, <2, 1> ] quadratic_subfactors=2 two_count=4
FIBER source=height_scan p=1/2 z=-4/3 r=-2/3 F_factor_degrees=[ <2, 1>, <2, 1> ] quadratic_subfactors=2 two_count=4
FIBER source=height_scan p=1/2 z=-1 r=1/4 F_factor_degrees=[ <2, 1>, <2, 1> ] quadratic_subfactors=2 two_count=4
FIBER source=height_scan p=1/2 z=-1/2 r=-2/3 F_factor_degrees=[ <2, 1>, <2, 1> ] quadratic_subfactors=2 two_count=4
FIBER source=height_scan p=1/2 z=1/2 r=-2/3 F_factor_degrees=[ <2, 1>, <2, 1> ] quadratic_subfactors=2 two_count=4
FIBER source=height_scan p=1/2 z=1 r=1/4 F_factor_degrees=[ <2, 1>, <2, 1> ] quadratic_subfactors=2 two_count=4
FIBER source=height_scan p=1/2 z=4/3 r=-4 F_factor_degrees=[ <2, 1>, <2, 1> ] quadratic_subfactors=2 two_count=4
FIBER source=height_scan p=1/2 z=4/3 r=-2/3 F_factor_degrees=[ <2, 1>, <2, 1> ] quadratic_subfactors=2 two_count=4
FIBER source=height_scan p=1/2 z=3/2 r=3/4 F_factor_degrees=[ <2, 1>, <2, 1> ] quadratic_subfactors=2 two_count=4
FIBER source=height_scan p=1/2 z=4 r=4 F_factor_degrees=[ <2, 1>, <2, 1> ] quadratic_subfactors=2 two_count=4
AFFINE_DEGREE_DISTRIBUTION_START
AFFINE_DEGREE_DISTRIBUTION degrees=[ 16 ] count=64
AFFINE_DEGREE_DISTRIBUTION degrees=[ 8, 8 ] count=32
AFFINE_DEGREE_DISTRIBUTION_END
MIN_AFFINE_DEGREE_DISTRIBUTION_START
MIN_AFFINE_DEGREE_DISTRIBUTION min_degree=16 count=64
MIN_AFFINE_DEGREE_DISTRIBUTION min_degree=8 count=32
MIN_AFFINE_DEGREE_DISTRIBUTION_END
KNOWN_CLOSED_BEST_SKIPPED closed_fibers=4 known_degree4_translated_rows_if_full_four=8 known_quartic_branches_if_full_four=16
A2_24_HEIGHT5_LOWBRANCH_SCAN_DONE checked=11132 split_fibers=24 order12_split_fibers=24 translated_order12_rows=96 low_rows_le_4=0 degree4_or_less_rows=0 rational_M_root_rows=0 rational_M_root_factors=0 rational_point_rows=0 exact_divisible_rows=0 torsion_cert_rows=0 positive_dim_rows=0 errors=0 closed_best_skipped=4 stopped_early=false cputime=11.800
