WSPLIT_CONTACT_DISC_SURVEY_START
Primes [ 7, 11, 13, 17 ]
SampleLimit 12 TopN 8 IncludeBeta0 true
columns: ell beta_points unique_bases smooth order8 rank2 j3 contact_bases contact_conics raw_beta_contact split_conics irreducible_conics non_d0_conics non_d0_irred_conics d0_conics
7 183 83 6 6 6 1 1 1 2 1 0 0 0
  beta_degenerate=11 duplicate_beta=100 beta_mult_hist=[ <"2", 1> ]
  exact_disc_top_all [ <2, 1> ]
  exact_disc_top_raw_beta [ <2, 2> ]
  exact_disc_top_non_d0 []
  exact_disc_top_non_d0_irred []
  samples
    <2, 5, 3, 6, 0, pp^2 + 4*pp, true, 2>
  non_d0_irred_samples
11 905 409 90 90 90 24 14 14 28 7 7 3 0
  beta_degenerate=19 duplicate_beta=496 beta_mult_hist=[ <"2", 14> ]
  exact_disc_top_all [ <9, 3>, <10, 2>, <7, 2>, <2, 2>, <6, 1>, <5, 1>, <4, 1>, <3, 1> ]
  exact_disc_top_raw_beta [ <9, 6>, <10, 4>, <7, 4>, <2, 4>, <6, 2>, <5, 2>, <4, 2>, <3, 2> ]
  exact_disc_top_non_d0 [ <9, 2>, <3, 1> ]
  exact_disc_top_non_d0_irred []
  samples
    <9, 9, 5, 9, 0, pp^2 + 3*pp, true, 2>
    <7, 2, 9, 2, 0, pp^2 + 6*pp + 10, false, 2>
    <9, 6, 3, 7, 1, pp^2 + 6, true, 2>
    <10, 7, 9, 7, 0, pp^2 + 4*pp + 7, false, 2>
    <9, 2, 0, 7, 1, pp^2 + 6, true, 2>
    <5, 3, 6, 3, 0, pp^2 + 4*pp, true, 2>
    <6, 6, 4, 10, 0, pp^2 + 5*pp + 2, false, 2>
    <10, 8, 1, 6, 0, pp^2 + 4*pp + 7, false, 2>
    <3, 10, 2, 2, 4, pp^2 + 2, true, 2>
    <2, 2, 8, 2, 0, pp^2 + 10*pp + 8, false, 2>
    <4, 5, 10, 5, 0, pp^2 + 2*pp, true, 2>
    <7, 8, 6, 8, 0, pp^2 + pp + 4, false, 2>
  non_d0_irred_samples
13 1609 706 197 197 197 52 33 39 78 16 23 20 14
  beta_degenerate=21 duplicate_beta=903 beta_mult_hist=[ <"2", 33> ]
  exact_disc_top_all [ <11, 5>, <8, 5>, <2, 5>, <12, 4>, <10, 4>, <6, 4>, <5, 3>, <4, 3> ]
  exact_disc_top_raw_beta [ <11, 10>, <8, 10>, <2, 10>, <12, 8>, <10, 8>, <6, 8>, <5, 6>, <4, 6> ]
  exact_disc_top_non_d0 [ <8, 4>, <2, 4>, <6, 3>, <11, 2>, <10, 2>, <12, 1>, <9, 1>, <7, 1> ]
  exact_disc_top_non_d0_irred [ <8, 4>, <2, 4>, <6, 3>, <11, 2>, <7, 1> ]
  samples
    <7, 2, 1, 10, 10, pp^2 + 12*pp + 5, false, 2>
    <4, 3, 11, 3, 0, pp^2 + 4*pp + 3, true, 2>
    <11, 9, 10, 9, 0, pp^2 + 7*pp + 3, false, 2>
    <6, 8, 1, 4, 5, pp^2 + 4*pp + 9, false, 2>
    <11, 8, 4, 6, 0, pp^2 + 7*pp + 3, false, 2>
    <12, 8, 1, 8, 0, pp^2 + 10*pp + 9, true, 2>
    <5, 11, 0, 11, 0, pp^2 + 7*pp + 11, false, 2>
    <12, 5, 3, 9, 7, pp^2 + 4*pp + 1, true, 2>
    <1, 3, 1, 2, 0, pp^2 + 2*pp + 4, true, 2>
    <12, 9, 10, 12, 0, pp^2 + 8*pp, true, 2>
    <8, 3, 4, 8, 7, pp^2 + 9*pp + 2, false, 2>
    <5, 11, 8, 7, 0, pp^2 + 5*pp + 5, false, 2>
  non_d0_irred_samples
    <7, 2, 1, 10, 10, pp^2 + 12*pp + 5, 2>
    <6, 8, 1, 4, 5, pp^2 + 4*pp + 9, 2>
    <8, 3, 4, 8, 7, pp^2 + 9*pp + 2, 2>
    <8, 10, 7, 11, 4, pp^2 + 9*pp + 2, 2>
    <2, 7, 11, 3, 6, pp^2 + 12*pp + 3, 2>
    <8, 2, 1, 9, 5, pp^2 + 4*pp + 2, 2>
    <8, 2, 1, 9, 5, pp^2 + 9*pp + 2, 2>
    <2, 6, 1, 9, 5, pp^2 + 2*pp + 7, 2>
    <2, 8, 11, 10, 11, pp^2 + 2*pp + 7, 2>
    <2, 8, 11, 10, 11, pp^2 + 11*pp + 7, 2>
    <6, 5, 8, 10, 7, pp^2 + 5*pp + 8, 2>
    <6, 5, 8, 10, 7, pp^2 + 8*pp + 8, 2>
17 3927 1697 674 674 674 241 197 203 422 121 82 152 58
  beta_degenerate=29 duplicate_beta=2230 beta_mult_hist=[ <"2", 193>, <"6", 4> ]
  exact_disc_top_all [ <9, 17>, <16, 16>, <15, 16>, <8, 16>, <13, 15>, <5, 15>, <2, 15>, <7, 13> ]
  exact_disc_top_raw_beta [ <5, 38>, <9, 34>, <16, 32>, <15, 32>, <8, 32>, <13, 30>, <7, 30>, <3, 30> ]
  exact_disc_top_non_d0 [ <15, 13>, <8, 13>, <2, 13>, <13, 12>, <9, 12>, <16, 11>, <1, 11>, <5, 10> ]
  exact_disc_top_non_d0_irred [ <5, 10>, <7, 9>, <3, 9>, <11, 8>, <6, 8>, <12, 6>, <14, 5>, <10, 3> ]
  samples
    <1, 15, 1, 4, 1, pp^2 + 13*pp + 8, true, 2>
    <9, 7, 12, 11, 0, pp^2 + 8*pp + 1, true, 2>
    <6, 9, 1, 10, 15, pp^2 + 7*pp + 15, false, 2>
    <5, 15, 1, 6, 6, pp^2 + 11*pp + 12, false, 2>
    <12, 7, 12, 13, 12, pp^2 + 12*pp + 16, false, 2>
    <3, 13, 4, 11, 16, pp^2 + pp + 8, false, 2>
    <2, 9, 1, 16, 11, pp^2 + 7*pp + 16, true, 2>
    <11, 11, 12, 7, 14, pp^2 + 8*pp + 9, false, 2>
    <8, 13, 9, 7, 6, pp^2 + 9*pp + 14, true, 2>
    <3, 15, 14, 7, 1, pp^2 + 11*pp + 4, false, 2>
    <2, 9, 13, 15, 2, pp^2 + 7*pp + 16, true, 2>
    <15, 16, 0, 5, 7, pp^2 + 2*pp + 10, true, 2>
  non_d0_irred_samples
    <6, 9, 1, 10, 15, pp^2 + 7*pp + 15, 2>
    <5, 15, 1, 6, 6, pp^2 + 11*pp + 12, 2>
    <12, 7, 12, 13, 12, pp^2 + 12*pp + 16, 2>
    <3, 13, 4, 11, 16, pp^2 + pp + 8, 2>
    <11, 11, 12, 7, 14, pp^2 + 8*pp + 9, 2>
    <3, 15, 14, 7, 1, pp^2 + 11*pp + 4, 2>
    <7, 15, 16, 10, 16, pp^2 + 16*pp + 7, 2>
    <5, 6, 8, 13, 1, pp^2 + 13*pp + 7, 2>
    <14, 8, 7, 2, 10, pp^2 + 2*pp + 6, 2>
    <7, 3, 16, 12, 5, pp^2 + 11*pp + 3, 2>
    <11, 12, 2, 6, 13, pp^2 + 10, 2>
    <3, 10, 3, 9, 2, pp^2 + 7*pp + 3, 2>
WSPLIT_CONTACT_DISC_SURVEY_DONE
