WSPLIT_CONTACT_ZERO_SLICE_FF
Delta 2 Primes [ 7, 11 ]
FixU=free FixBeta=free
columns: ell total_solutions non_d0_solutions populated_slices top_slices
7 74 62 25 [ <"U=6 beta=6", 6>, <"U=6 beta=1", 6>, <"U=0 beta=6", 6>, <"U=0 beta=1", 6>, <"U=6 beta=5", 4>, <"U=6 beta=2", 4>, <"U=0 beta=5", 4>, <"U=0 beta=2", 4> ]
  top_non_d0 [ <"U=6 beta=6", 6>, <"U=6 beta=1", 6>, <"U=0 beta=6", 6>, <"U=0 beta=1", 6>, <"U=6 beta=5", 4>, <"U=6 beta=2", 4>, <"U=0 beta=5", 4>, <"U=0 beta=2", 4> ]
  samples
    <0, 0, 2, 2, 3, 2, 6>
    <0, 0, 2, 2, 3, 5, 6>
    <0, 1, 2, 6, 5, 2, 6>
    <0, 1, 2, 6, 5, 5, 6>
    <0, 1, 5, 6, 6, 2, 1>
    <0, 1, 5, 6, 6, 5, 1>
    <0, 1, 6, 6, 1, 1, 4>
    <0, 1, 6, 6, 1, 6, 4>
11 32 16 15 [ <"U=0 beta=0", 4>, <"U=9 beta=9", 2>, <"U=9 beta=8", 2>, <"U=9 beta=3", 2>, <"U=9 beta=2", 2>, <"U=7 beta=9", 2>, <"U=7 beta=2", 2>, <"U=6 beta=10", 2> ]
  top_non_d0 [ <"U=0 beta=0", 4>, <"U=9 beta=9", 2>, <"U=9 beta=8", 2>, <"U=9 beta=3", 2>, <"U=9 beta=2", 2>, <"U=6 beta=10", 2>, <"U=6 beta=1", 2> ]
  samples
    <0, 0, 2, 2, 5, 1, 8>
    <0, 0, 2, 2, 5, 10, 8>
    <0, 0, 3, 3, 2, 1, 2>
    <0, 0, 3, 3, 2, 10, 2>
    <6, 1, 9, 2, 10, 4, 2>
    <6, 1, 9, 2, 10, 7, 2>
    <6, 10, 9, 2, 10, 4, 2>
    <6, 10, 9, 2, 10, 7, 2>
zero_slice_ff_done
