GENERAL_NON_D0_CONTACT_RECON_START
Primes [ 11, 13, 17 ]
MaxCurvesPerPrime 0 SampleLimit 10

Q_ANCHOR_VALIDATION
 anchor A_non_d0_irreducible_q3 r=5 p=-5/2 t=-9/2 d=-57/4 torsion=[ 24 ] order3=true
  q3=xQ^2 - 435/73*xQ + 2529/292 disc=4608/5329 split_over_Q=false contact_identity=true kappa=-1451998172160
 anchor B_d0_split_q3 r=1/3 p=-1/9 t=-1 d=0 torsion=[ 24 ] order3=true
  q3=xQ^2 - 2/3*xQ disc=4/9 split_over_Q=true contact_identity=true kappa=1377495072

FINITE_FIELD_W_SPLIT_CONTACT_SURVEY
columns: ell base smooth order8 wsplit wsplit_j3 contact_bases contact_classes split_classes irreducible_classes non_d0_contact_bases non_d0_irred_bases d0_contact_bases
11 990 472 472 175 67 50 50 13 37 36 29 14
 rank_hist [ <"2", 46>, <"3", 4> ]
 type_hist [ <"irreducible", 37>, <"split", 13> ]
 samples
   <2, 8, 2, 0, 3, x^2 + 10*x + 8, false>
   <2, 9, 2, 0, 2, x^2 + 6*x + 10, false>
   <2, 1, 3, 4, 2, x^2 + 3*x + 10, false>
   <2, 10, 4, 3, 2, x^2 + 10*x + 1, false>
   <2, 0, 7, 1, 2, x^2 + 6, true>
   <2, 5, 7, 9, 2, x^2 + 2*x + 6, false>
   <2, 6, 9, 2, 2, x^2 + 6*x + 10, false>
   <3, 6, 3, 0, 2, x^2 + 4*x, true>
   <3, 7, 3, 0, 2, x^2 + 3*x + 1, true>
   <3, 2, 6, 1, 2, x^2 + 2*x + 4, false>
13 1716 914 914 376 92 69 78 29 49 44 33 25
 rank_hist [ <"2", 59>, <"3", 10> ]
 type_hist [ <"irreducible", 49>, <"split", 29> ]
 samples
   <2, 8, 2, 0, 2, x^2 + 3*x + 4, false>
   <2, 8, 2, 0, 2, x^2 + 7*x, true>
   <2, 8, 2, 0, 2, x^2 + 9*x + 9, false>
   <2, 8, 2, 0, 2, x^2 + 10*x + 6, false>
   <2, 1, 9, 5, 2, x^2 + 4*x + 2, false>
   <2, 1, 9, 5, 2, x^2 + 9*x + 2, false>
   <2, 1, 9, 5, 2, x^2 + 11*x + 4, true>
   <2, 1, 10, 10, 2, x^2 + 12*x + 5, false>
   <2, 8, 10, 6, 2, x^2 + 5*x + 1, false>
   <3, 1, 2, 0, 2, x^2 + 2*x + 4, true>
17 4080 2538 2538 1150 385 331 337 172 165 271 135 60
 rank_hist [ <"2", 291>, <"3", 40> ]
 type_hist [ <"irreducible", 165>, <"split", 172> ]
 samples
   <2, 11, 2, 0, 2, x^2 + 4*x + 16, false>
   <2, 12, 2, 0, 3, x^2 + 3*x + 14, true>
   <2, 1, 3, 4, 2, x^2 + 12*x + 15, true>
   <2, 3, 3, 2, 2, x^2 + 7*x + 1, false>
   <2, 10, 3, 12, 2, x^2 + x + 2, false>
   <2, 12, 4, 5, 2, x^2 + 7*x + 3, false>
   <2, 0, 5, 4, 3, x^2 + 8*x + 6, false>
   <2, 5, 5, 6, 3, x^2 + 2*x + 5, true>
   <2, 10, 6, 9, 2, x^2 + 3*x, true>
   <2, 10, 6, 9, 2, x^2 + 4*x + 8, true>
GENERAL_NON_D0_CONTACT_RECON_DONE
