GENERAL_NON_D0_CONTACT_RECON_START
Primes [ 17 ]
MaxCurvesPerPrime 0 SampleLimit 10

Q_ANCHOR_VALIDATION
 anchor A_non_d0_irreducible_q3 r=5 p=-5/2 t=-9/2 d=-57/4 torsion=[ 24 ] order3=true
  q3=xQ^2 - 435/73*xQ + 2529/292 disc=4608/5329 split_over_Q=false contact_identity=true kappa=-1451998172160
 anchor B_d0_split_q3 r=1/3 p=-1/9 t=-1 d=0 torsion=[ 24 ] order3=true
  q3=xQ^2 - 2/3*xQ disc=4/9 split_over_Q=true contact_identity=true kappa=1377495072

FINITE_FIELD_W_SPLIT_CONTACT_SURVEY
columns: ell base smooth order8 wsplit wsplit_j3 contact_bases contact_classes split_classes irreducible_classes non_d0_contact_bases non_d0_irred_bases d0_contact_bases
17 4080 2538 2538 1150 385 331 674 344 330 271 135 60
 rank_hist [ <"2", 291>, <"3", 40> ]
 type_hist [ <"irreducible", 330>, <"split", 344> ]
 samples
   <2, 11, 2, 0, 2, x^2 + 4*x + 16, false>
   <2, 11, 2, 0, 2, x^2 + 4*x + 16, false>
   <2, 12, 2, 0, 3, x^2 + 3*x + 14, true>
   <2, 12, 2, 0, 3, x^2 + 3*x + 14, true>
   <2, 1, 3, 4, 2, x^2 + 12*x + 15, true>
   <2, 1, 3, 4, 2, x^2 + 12*x + 15, true>
   <2, 3, 3, 2, 2, x^2 + 7*x + 1, false>
   <2, 3, 3, 2, 2, x^2 + 7*x + 1, false>
   <2, 10, 3, 12, 2, x^2 + x + 2, false>
   <2, 10, 3, 12, 2, x^2 + x + 2, false>
GENERAL_NON_D0_CONTACT_RECON_DONE
