GENERAL_NON_D0_CONTACT_RECON_START
Primes [ 11, 13 ]
MaxCurvesPerPrime 0 SampleLimit 10

Q_ANCHOR_VALIDATION
 anchor A_non_d0_irreducible_q3 r=5 p=-5/2 t=-9/2 d=-57/4 torsion=[ 24 ] order3=true
  q3=xQ^2 - 435/73*xQ + 2529/292 disc=4608/5329 split_over_Q=false contact_identity=true kappa=-1451998172160
 anchor B_d0_split_q3 r=1/3 p=-1/9 t=-1 d=0 torsion=[ 24 ] order3=true
  q3=xQ^2 - 2/3*xQ disc=4/9 split_over_Q=true contact_identity=true kappa=1377495072

FINITE_FIELD_W_SPLIT_CONTACT_SURVEY
columns: ell base smooth order8 wsplit wsplit_j3 contact_bases contact_classes split_classes irreducible_classes non_d0_contact_bases non_d0_irred_bases d0_contact_bases
11 990 472 472 175 67 50 100 26 74 36 29 14
 rank_hist [ <"2", 46>, <"3", 4> ]
 type_hist [ <"irreducible", 74>, <"split", 26> ]
 samples
   <2, 8, 2, 0, 3, x^2 + 10*x + 8, false>
   <2, 8, 2, 0, 3, x^2 + 10*x + 8, false>
   <2, 9, 2, 0, 2, x^2 + 6*x + 10, false>
   <2, 9, 2, 0, 2, x^2 + 6*x + 10, false>
   <2, 1, 3, 4, 2, x^2 + 3*x + 10, false>
   <2, 1, 3, 4, 2, x^2 + 3*x + 10, false>
   <2, 10, 4, 3, 2, x^2 + 10*x + 1, false>
   <2, 10, 4, 3, 2, x^2 + 10*x + 1, false>
   <2, 0, 7, 1, 2, x^2 + 6, true>
   <2, 0, 7, 1, 2, x^2 + 6, true>
13 1716 914 914 376 92 69 156 58 98 44 33 25
 rank_hist [ <"2", 59>, <"3", 10> ]
 type_hist [ <"irreducible", 98>, <"split", 58> ]
 samples
   <2, 8, 2, 0, 2, x^2 + 3*x + 4, false>
   <2, 8, 2, 0, 2, x^2 + 3*x + 4, false>
   <2, 8, 2, 0, 2, x^2 + 7*x, true>
   <2, 8, 2, 0, 2, x^2 + 7*x, true>
   <2, 8, 2, 0, 2, x^2 + 9*x + 9, false>
   <2, 8, 2, 0, 2, x^2 + 9*x + 9, false>
   <2, 8, 2, 0, 2, x^2 + 10*x + 6, false>
   <2, 8, 2, 0, 2, x^2 + 10*x + 6, false>
   <2, 1, 9, 5, 2, x^2 + 4*x + 2, false>
   <2, 1, 9, 5, 2, x^2 + 4*x + 2, false>
GENERAL_NON_D0_CONTACT_RECON_DONE
