Loading "code/blp22_locus_rm_test2.m0"
HIT22 r=1/3 s=2/3 d=0 q=8/3 TORSION=[ 2, 22 ] f=X^6 - 2*X^5 + 37/9*X^4 - 20/3*X^3 + 628/81*X^2 - 352/81*X + 64/81
SELFTEST_PASS (known point recovered by CRT sieve)
PARAM_VALUES 319 (H=16)
PROGRESS fibers=25 hits=0
PROGRESS fibers=50 hits=0
PROGRESS fibers=75 hits=0
PROGRESS fibers=100 hits=0
PROGRESS fibers=125 hits=0
PROGRESS fibers=150 hits=0
PROGRESS fibers=175 hits=0
PROGRESS fibers=200 hits=0
PROGRESS fibers=225 hits=0
PROGRESS fibers=250 hits=0
PROGRESS fibers=275 hits=0
PROGRESS fibers=300 hits=0
PROGRESS fibers=325 hits=0
PROGRESS fibers=350 hits=0
PROGRESS fibers=375 hits=0
PROGRESS fibers=400 hits=0
PROGRESS fibers=425 hits=0
PROGRESS fibers=450 hits=0
PROGRESS fibers=475 hits=0
PROGRESS fibers=500 hits=0
PROGRESS fibers=525 hits=0
PROGRESS fibers=550 hits=0
PROGRESS fibers=575 hits=0
PROGRESS fibers=600 hits=0
PROGRESS fibers=625 hits=0
PROGRESS fibers=650 hits=0
PROGRESS fibers=675 hits=0
PROGRESS fibers=700 hits=0
PROGRESS fibers=725 hits=0
PROGRESS fibers=750 hits=0
PROGRESS fibers=775 hits=0
PROGRESS fibers=800 hits=0
PROGRESS fibers=825 hits=0
PROGRESS fibers=850 hits=0
PROGRESS fibers=875 hits=0
PROGRESS fibers=900 hits=0
PROGRESS fibers=925 hits=0
PROGRESS fibers=950 hits=0
PROGRESS fibers=975 hits=0
PROGRESS fibers=1000 hits=0
PROGRESS fibers=1025 hits=0
PROGRESS fibers=1050 hits=0
PROGRESS fibers=1075 hits=0
PROGRESS fibers=1100 hits=0
PROGRESS fibers=1125 hits=0
PROGRESS fibers=1150 hits=0
PROGRESS fibers=1175 hits=0
PROGRESS fibers=1200 hits=0
PROGRESS fibers=1225 hits=0
PROGRESS fibers=1250 hits=0
PROGRESS fibers=1275 hits=0
PROGRESS fibers=1300 hits=0
PROGRESS fibers=1325 hits=0
PROGRESS fibers=1350 hits=0
PROGRESS fibers=1375 hits=0
PROGRESS fibers=1400 hits=0
PROGRESS fibers=1425 hits=0
PROGRESS fibers=1450 hits=0
PROGRESS fibers=1475 hits=0
PROGRESS fibers=1500 hits=0
PROGRESS fibers=1525 hits=0
PROGRESS fibers=1550 hits=0
PROGRESS fibers=1575 hits=0
PROGRESS fibers=1600 hits=0
PROGRESS fibers=1625 hits=0
PROGRESS fibers=1650 hits=0
PROGRESS fibers=1675 hits=0
PROGRESS fibers=1700 hits=0
PROGRESS fibers=1725 hits=0
PROGRESS fibers=1750 hits=0
PROGRESS fibers=1775 hits=0
PROGRESS fibers=1800 hits=0
PROGRESS fibers=1825 hits=0
PROGRESS fibers=1850 hits=0
PROGRESS fibers=1875 hits=0
PROGRESS fibers=1900 hits=0
PROGRESS fibers=1925 hits=0
PROGRESS fibers=1950 hits=0
PROGRESS fibers=1975 hits=0
PROGRESS fibers=2000 hits=0
PROGRESS fibers=2025 hits=0
PROGRESS fibers=2050 hits=0
PROGRESS fibers=2075 hits=0
PROGRESS fibers=2100 hits=0
PROGRESS fibers=2125 hits=0
PROGRESS fibers=2150 hits=0
PROGRESS fibers=2175 hits=0
PROGRESS fibers=2200 hits=0
PROGRESS fibers=2225 hits=0
PROGRESS fibers=2250 hits=0
PROGRESS fibers=2275 hits=0
PROGRESS fibers=2300 hits=0
PROGRESS fibers=2325 hits=0
PROGRESS fibers=2350 hits=0
PROGRESS fibers=2375 hits=0
PROGRESS fibers=2400 hits=0
PROGRESS fibers=2425 hits=0
PROGRESS fibers=2450 hits=0
PROGRESS fibers=2475 hits=0
PROGRESS fibers=2500 hits=0
PROGRESS fibers=2525 hits=0
PROGRESS fibers=2550 hits=0
PROGRESS fibers=2575 hits=0
PROGRESS fibers=2600 hits=0
PROGRESS fibers=2625 hits=0
PROGRESS fibers=2650 hits=0
PROGRESS fibers=2675 hits=0
PROGRESS fibers=2700 hits=0
PROGRESS fibers=2725 hits=0
PROGRESS fibers=2750 hits=0
PROGRESS fibers=2775 hits=0
PROGRESS fibers=2800 hits=0
PROGRESS fibers=2825 hits=0
PROGRESS fibers=2850 hits=0
PROGRESS fibers=2875 hits=0
PROGRESS fibers=2900 hits=0
PROGRESS fibers=2925 hits=0
PROGRESS fibers=2950 hits=0
PROGRESS fibers=2975 hits=0
PROGRESS fibers=3000 hits=0
PROGRESS fibers=3025 hits=0
PROGRESS fibers=3050 hits=0
PROGRESS fibers=3075 hits=0
PROGRESS fibers=3100 hits=0
PROGRESS fibers=3125 hits=0
PROGRESS fibers=3150 hits=0
PROGRESS fibers=3175 hits=0
PROGRESS fibers=3200 hits=0
PROGRESS fibers=3225 hits=0
PROGRESS fibers=3250 hits=0
PROGRESS fibers=3275 hits=0
PROGRESS fibers=3300 hits=0
PROGRESS fibers=3325 hits=0
PROGRESS fibers=3350 hits=0
PROGRESS fibers=3375 hits=0
PROGRESS fibers=3400 hits=0
PROGRESS fibers=3425 hits=0
PROGRESS fibers=3450 hits=0
PROGRESS fibers=3475 hits=0
PROGRESS fibers=3500 hits=0
PROGRESS fibers=3525 hits=0
PROGRESS fibers=3550 hits=0
PROGRESS fibers=3575 hits=0
PROGRESS fibers=3600 hits=0
PROGRESS fibers=3625 hits=0
PROGRESS fibers=3650 hits=0
PROGRESS fibers=3675 hits=0
PROGRESS fibers=3700 hits=0
PROGRESS fibers=3725 hits=0
PROGRESS fibers=3750 hits=0
PROGRESS fibers=3775 hits=0
FAST_SWEEP_DONE H=16 Part=8/9 fibers=3785 hits=0
