SELFTEST_PASS
INPUT_LINES 137
EXACT a=15 b=-53 c=90 d=-31 modp=7 overQ=0
EXACT a=15 b=-21 c=57 d=-1 modp=13 overQ=0
EXACT a=15 b=94 c=43 d=-46 modp=9 overQ=0
EXACT a=14 b=-71 c=58 d=-9 modp=11 overQ=0
EXACT a=14 b=-52 c=87 d=32 modp=13 overQ=0
EXACT a=14 b=100 c=47 d=44 modp=13 overQ=0
EXACT a=13 b=-95 c=61 d=12 modp=9 overQ=0
EXACT a=13 b=-32 c=99 d=-75 modp=13 overQ=0
EXACT a=13 b=39 c=21 d=-72 modp=7 overQ=0
EXACT a=9 b=28 c=93 d=-58 modp=7 overQ=0
EXACT a=9 b=46 c=51 d=40 modp=9 overQ=0
EXACT a=9 b=91 c=24 d=15 modp=7 overQ=0
EXACT a=9 b=93 c=80 d=-95 modp=13 overQ=0
EXACT a=10 b=-92 c=47 d=31 modp=44 overQ=0
EXACT a=10 b=-24 c=49 d=-53 modp=11 overQ=0
EXACT a=10 b=42 c=44 d=58 modp=22 overQ=0
EXACT a=10 b=49 c=26 d=-78 modp=22 overQ=0
EXACT a=10 b=79 c=35 d=-74 modp=7 overQ=0
EXACT a=10 b=95 c=74 d=75 modp=44 overQ=0
EXACT a=10 b=96 c=35 d=-42 modp=13 overQ=0
EXACT a=5 b=78 c=91 d=-40 modp=11 overQ=0
EXACT a=5 b=84 c=6 d=-92 modp=7 overQ=0
EXACT a=4 b=-100 c=16 d=45 modp=9 overQ=0
EXACT a=4 b=-97 c=96 d=-9 modp=33 overQ=0
EXACT a=4 b=-69 c=14 d=-3 modp=7 overQ=7
EXACT a=2 b=40 c=45 d=61 modp=44 overQ=0
EXACT a=0 b=-63 c=23 d=83 modp=11 overQ=0
EXACT a=0 b=-11 c=49 d=53 modp=22 overQ=0
EXACT a=0 b=71 c=9 d=-89 modp=44 overQ=0
EXACT a=3 b=-22 c=9 d=6 modp=7 overQ=7
EXACT a=3 b=12 c=21 d=68 modp=7 overQ=7
EXACT a=3 b=84 c=46 d=54 modp=13 overQ=0
EXACT a=12 b=-96 c=65 d=12 modp=7 overQ=0
EXACT a=12 b=-71 c=59 d=53 modp=22 overQ=0
EXACT a=12 b=-9 c=25 d=-71 modp=13 overQ=0
EXACT a=11 b=95 c=22 d=8 modp=44 overQ=0
EXACT a=8 b=-40 c=55 d=-30 modp=33 overQ=0
EXACT a=8 b=36 c=88 d=17 modp=7 overQ=0
EXACT a=8 b=87 c=77 d=11 modp=22 overQ=0
EXACT a=7 b=-95 c=82 d=58 modp=13 overQ=0
EXACT a=7 b=-93 c=75 d=-65 modp=44 overQ=0
EXACT a=1 b=-80 c=75 d=-16 modp=11 overQ=0
EXACT a=1 b=6 c=11 d=42 modp=7 overQ=7
EXACT a=1 b=18 c=58 d=-35 modp=33 overQ=0
EXACT a=1 b=99 c=58 d=-10 modp=13 overQ=0
EXACT a=19 b=-47 c=77 d=-37 modp=22 overQ=0
EXACT a=19 b=61 c=59 d=-64 modp=13 overQ=0
EXACT a=16 b=-99 c=29 d=-51 modp=44 overQ=0
EXACT a=16 b=23 c=87 d=13 modp=13 overQ=0
EXACT a=17 b=-5 c=47 d=4 modp=9 overQ=0
EXACT a=17 b=69 c=29 d=78 modp=7 overQ=0
EXACT a=17 b=85 c=60 d=66 modp=33 overQ=0
EXACT a=17 b=96 c=41 d=-63 modp=13 overQ=0
EXACT a=18 b=-74 c=47 d=44 modp=22 overQ=0
EXACT a=20 b=-71 c=92 d=-25 modp=22 overQ=0
EXACT a=21 b=-49 c=98 d=-9 modp=13 overQ=0
EXACT a=21 b=-16 c=94 d=32 modp=9 overQ=0
EXACT a=23 b=-59 c=83 d=-3 modp=22 overQ=0
EXACT a=23 b=-50 c=32 d=72 modp=33 overQ=0
EXACT a=23 b=77 c=39 d=72 modp=9 overQ=0
EXACT a=22 b=-59 c=73 d=-84 modp=11 overQ=0
EXACT a=22 b=0 c=30 d=-30 modp=11 overQ=0
EXACT a=22 b=0 c=61 d=34 modp=11 overQ=0
EXACT a=24 b=5 c=38 d=62 modp=44 overQ=0
EXACT a=24 b=8 c=84 d=52 modp=33 overQ=0
EXACT a=24 b=21 c=34 d=68 modp=7 overQ=0
EXACT a=24 b=43 c=56 d=-29 modp=11 overQ=0
EXACT a=24 b=52 c=80 d=55 modp=13 overQ=0
EXACT a=25 b=60 c=37 d=23 modp=13 overQ=0
EXACT a=34 b=-71 c=81 d=-23 modp=13 overQ=0
EXACT a=34 b=-68 c=48 d=11 modp=13 overQ=0
EXACT a=32 b=-17 c=57 d=-21 modp=22 overQ=0
EXACT a=32 b=34 c=57 d=-47 modp=11 overQ=0
EXACT a=32 b=50 c=77 d=28 modp=13 overQ=0
EXACT a=40 b=40 c=79 d=41 modp=9 overQ=0
EXACT a=35 b=-67 c=42 d=82 modp=9 overQ=0
EXACT a=35 b=-28 c=48 d=-54 modp=33 overQ=0
EXACT a=36 b=-45 c=93 d=62 modp=33 overQ=0
EXACT a=33 b=29 c=81 d=95 modp=7 overQ=0
EXACT a=38 b=-70 c=60 d=-83 modp=9 overQ=0
EXACT a=38 b=-47 c=70 d=92 modp=13 overQ=0
EXACT a=38 b=-43 c=85 d=39 modp=33 overQ=0
EXACT a=38 b=-41 c=82 d=20 modp=9 overQ=0
EXACT a=37 b=-2 c=43 d=61 modp=33 overQ=0
EXACT a=37 b=9 c=81 d=-85 modp=11 overQ=0
EXACT a=41 b=83 c=58 d=-50 modp=7 overQ=0
EXACT a=26 b=64 c=30 d=-8 modp=9 overQ=0
EXACT a=27 b=-12 c=62 d=-49 modp=22 overQ=0
EXACT a=28 b=78 c=70 d=-63 modp=22 overQ=0
EXACT a=28 b=87 c=64 d=61 modp=33 overQ=0
EXACT a=31 b=-82 c=43 d=-61 modp=7 overQ=0
EXACT a=31 b=-58 c=93 d=-11 modp=13 overQ=0
EXACT a=31 b=69 c=63 d=36 modp=9 overQ=0
EXACT a=29 b=30 c=51 d=31 modp=33 overQ=0
EXACT a=29 b=82 c=67 d=39 modp=33 overQ=0
EXACT a=30 b=19 c=56 d=41 modp=9 overQ=0
EXACT a=49 b=57 c=77 d=-80 modp=33 overQ=0
EXACT a=50 b=-31 c=84 d=-55 modp=22 overQ=0
EXACT a=48 b=-37 c=69 d=37 modp=11 overQ=0
EXACT a=48 b=41 c=92 d=-52 modp=33 overQ=0
EXACT a=47 b=-57 c=68 d=100 modp=11 overQ=0
EXACT a=46 b=20 c=76 d=-90 modp=13 overQ=0
EXACT a=46 b=64 c=85 d=64 modp=22 overQ=0
EXACT a=51 b=-96 c=52 d=48 modp=9 overQ=0
EXACT a=51 b=-65 c=54 d=-95 modp=22 overQ=0
EXACT a=45 b=57 c=75 d=-74 modp=11 overQ=0
EXACT a=43 b=57 c=47 d=96 modp=11 overQ=0
EXACT a=67 b=-28 c=82 d=-26 modp=33 overQ=0
EXACT a=66 b=79 c=78 d=-82 modp=7 overQ=0
EXACT a=65 b=44 c=81 d=-21 modp=7 overQ=0
EXACT a=64 b=0 c=80 d=55 modp=7 overQ=0
EXACT a=58 b=-44 c=85 d=-88 modp=13 overQ=0
EXACT a=61 b=74 c=75 d=-29 modp=13 overQ=0
EXACT a=62 b=-27 c=97 d=-11 modp=44 overQ=0
EXACT a=62 b=4 c=84 d=16 modp=7 overQ=0
EXACT a=63 b=-49 c=84 d=-33 modp=9 overQ=0
EXACT a=60 b=-30 c=67 d=-41 modp=33 overQ=0
EXACT a=54 b=87 c=59 d=-74 modp=7 overQ=0
EXACT a=55 b=-98 c=72 d=30 modp=7 overQ=0
EXACT a=55 b=2 c=66 d=-44 modp=44 overQ=0
EXACT a=52 b=-68 c=89 d=45 modp=7 overQ=0
EXACT a=52 b=85 c=87 d=49 modp=44 overQ=0
EXACT a=76 b=84 c=87 d=-56 modp=9 overQ=0
EXACT a=73 b=33 c=85 d=25 modp=9 overQ=0
EXACT a=73 b=52 c=99 d=-21 modp=9 overQ=0
EXACT a=73 b=99 c=96 d=10 modp=22 overQ=0
EXACT a=71 b=-53 c=84 d=64 modp=33 overQ=0
EXACT a=71 b=-37 c=80 d=94 modp=22 overQ=0
EXACT a=71 b=-31 c=82 d=-13 modp=13 overQ=0
EXACT a=92 b=14 c=99 d=10 modp=22 overQ=0
EXACT a=83 b=-76 c=99 d=-5 modp=11 overQ=0
EXACT a=83 b=100 c=97 d=58 modp=22 overQ=0
EXACT a=89 b=49 c=94 d=68 modp=22 overQ=0
EXACT a=80 b=55 c=83 d=56 modp=13 overQ=0
EXACT a=84 b=-66 c=100 d=-18 modp=13 overQ=0
EXACT a=84 b=-52 c=88 d=-97 modp=9 overQ=0
EXACT a=78 b=75 c=93 d=-58 modp=44 overQ=0
EXACT_TABLE:
  ORDER 7 : 4
EXACT_DONE hits=0
