CONTACT5/ORDER20 +3 LOW-DEGREE s,x CHART
s=(t-1)/(t+1), t=(1+s)/(1-s), x_old=(1-s)z
s=infinity is t=-1 and is singular
g_s = (4*s - 4)*z^5 + 4*s^2*z^4 + (4*s^2 + 4*s)*z^3 + (s^2 + 6*s + 1)*z^2 + (2*s + 2)*z + 1
coefficients [
1,
2*s + 2,
s^2 + 6*s + 1,
4*s^2 + 4*s,
4*s^2,
4*s - 4
]
discriminant 2048*s^9 - 35584*s^8 + 230400*s^7 - 702976*s^6 + 848896*s^5 + 771328*s^4 - 3917824*s^3 + 5298176*s^2 - 3301376*s + 806912
A = 2*s*mu - 2*mu + 3/2*U
B = -2*s^2*mu^2 + 2*s^2*mu + 4*s*mu^2 - 3*s*mu*U - 2*mu^2 + 3*mu*U + 3/8*U^2 + 3/2*V
E = 4*s^3*mu^3 - 4*s^3*mu^2 - 12*s^2*mu^3 + 9*s^2*mu^2*U + 4*s^2*mu^2 + 12*s*mu^3 - 3*s^2*mu*U - 18*s*mu^2*U + 15/4*s*mu*U^2 + 2*s^2*mu - 4*mu^3 + 9*mu^2*U - 15/4*mu*U^2 - 1/16*U^3 - 3*s*mu*V + 2*s*mu + 3*mu*V + 3/4*U*V
G2 degree 8 terms 37 1280*s^4*mu^4 - 1536*s^4*mu^3 - 5120*s^3*mu^4 + 3840*s^3*mu^3*U + 256*s^4*mu^2 + 3072*s^3*mu^3 + 7680*s^2*mu^4 - 2304*s^3*mu^2*U - 11520*s^2*mu^3*U + 3168*s^2*mu^2*U^2 + 512*s^3*mu^2 - 1536*s^2*mu^3 - 5120*s*mu^4 + 2304*s^2*mu^2*U + 11520*s*mu^3*U - 480*s^2*mu*U^2 - 6336*s*mu^2*U^2 + 560*s*mu*U^3 - 1152*s^2*mu^2*V + 1280*mu^4 + 384*s^2*mu*U - 3840*mu^3*U + 3168*mu^2*U^2 - 560*mu*U^3 - 3*U^4 + 384*s^2*mu*V + 2304*s*mu^2*V - 960*s*mu*U*V - 64*s^2*mu - 512*s*mu^2 + 384*s*mu*U - 1152*mu^2*V + 960*mu*U*V + 24*U^2*V - 384*s*mu - 48*V^2 - 64*mu
G1 degree 10 terms 63 -1024*s^5*mu^5 + 2048*s^5*mu^4 + 5120*s^4*mu^5 - 3840*s^4*mu^4*U - 1024*s^5*mu^3 - 6144*s^4*mu^4 - 10240*s^3*mu^5 + 4608*s^4*mu^3*U + 15360*s^3*mu^4*U - 4224*s^3*mu^3*U^2 + 512*s^4*mu^3 + 6144*s^3*mu^4 + 10240*s^2*mu^5 - 768*s^4*mu^2*U - 9216*s^3*mu^3*U - 23040*s^2*mu^4*U + 1920*s^3*mu^2*U^2 + 12672*s^2*mu^3*U^2 - 992*s^2*mu^2*U^3 + 1536*s^3*mu^3*V + 512*s^4*mu^2 + 512*s^3*mu^3 - 2048*s^2*mu^4 - 5120*s*mu^5 - 768*s^3*mu^2*U + 4608*s^2*mu^3*U + 15360*s*mu^4*U - 1920*s^2*mu^2*U^2 - 12672*s*mu^3*U^2 - 160*s^2*mu*U^3 + 1984*s*mu^2*U^3 + 204*s*mu*U^4 - 1536*s^3*mu^2*V - 4608*s^2*mu^3*V + 2688*s^2*mu^2*U*V + 512*s^3*mu^2 + 512*s^2*mu^3 + 1024*mu^5 - 3840*mu^4*U + 96*s^2*mu*U^2 + 4224*mu^3*U^2 - 992*mu^2*U^3 - 204*mu*U^4 - 3*U^5 + 1536*s^2*mu^2*V + 4608*s*mu^3*V - 384*s^2*mu*U*V - 5376*s*mu^2*U*V + 288*s*mu*U^2*V - 512*s*mu^3 + 768*s*mu^2*U + 96*s*mu*U^2 + 384*s^2*mu*V - 1536*mu^3*V + 2688*mu^2*U*V - 288*mu*U^2*V + 24*U^3*V - 576*s*mu*V^2 + 384*s*mu*V + 576*mu*V^2 - 48*U*V^2 - 128*s*mu - 128*mu
G0 degree 12 terms 98 4096*s^6*mu^6 - 8192*s^6*mu^5 - 24576*s^5*mu^6 + 18432*s^5*mu^5*U + 4096*s^6*mu^4 + 32768*s^5*mu^5 + 61440*s^4*mu^6 - 24576*s^5*mu^4*U - 92160*s^4*mu^5*U + 28416*s^4*mu^4*U^2 - 4096*s^5*mu^4 - 49152*s^4*mu^5 - 81920*s^3*mu^6 + 6144*s^5*mu^3*U + 73728*s^4*mu^4*U + 184320*s^3*mu^5*U - 21504*s^4*mu^3*U^2 - 113664*s^3*mu^4*U^2 + 17152*s^3*mu^3*U^3 - 6144*s^4*mu^4*V - 4096*s^5*mu^3 - 4096*s^4*mu^4 + 32768*s^3*mu^5 + 61440*s^2*mu^6 + 3072*s^4*mu^3*U - 73728*s^3*mu^4*U - 184320*s^2*mu^5*U + 2304*s^4*mu^2*U^2 + 43008*s^3*mu^3*U^2 + 170496*s^2*mu^4*U^2 - 5632*s^3*mu^2*U^3 - 51456*s^2*mu^3*U^3 + 3312*s^2*mu^2*U^4 + 6144*s^4*mu^3*V + 24576*s^3*mu^4*V - 12288*s^3*mu^3*U*V - 8192*s^2*mu^5 - 24576*s*mu^6 - 3072*s^4*mu^2*U - 9216*s^3*mu^3*U + 24576*s^2*mu^4*U + 92160*s*mu^5*U + 3840*s^3*mu^2*U^2 - 21504*s^2*mu^3*U^2 - 113664*s*mu^4*U^2 + 5632*s^2*mu^2*U^3 + 51456*s*mu^3*U^3 + 96*s^2*mu*U^4 - 6624*s*mu^2*U^4 - 120*s*mu*U^5 - 12288*s^3*mu^3*V - 36864*s^2*mu^4*V + 3072*s^3*mu^2*U*V + 36864*s^2*mu^3*U*V - 2304*s^2*mu^2*U^2*V + 1024*s^4*mu^2 + 4096*s^3*mu^3 + 8192*s^2*mu^4 + 4096*mu^6 - 3072*s^3*mu^2*U - 9216*s^2*mu^3*U - 18432*mu^5*U + 28416*mu^4*U^2 - 64*s^2*mu*U^3 - 17152*mu^3*U^3 + 3312*mu^2*U^4 + 120*mu*U^5 + U^6 - 3072*s^3*mu^2*V + 6144*s^2*mu^3*V + 24576*s*mu^4*V - 3072*s^2*mu^2*U*V - 36864*s*mu^3*U*V - 1152*s^2*mu*U^2*V + 4608*s*mu^2*U^2*V + 1536*s*mu*U^3*V + 2304*s^2*mu^2*V^2 + 2048*s^3*mu^2 - 4096*s*mu^4 + 9216*s*mu^3*U - 3840*s*mu^2*U^2 - 64*s*mu*U^3 - 6144*mu^4*V + 768*s^2*mu*U*V + 12288*mu^3*U*V - 2304*mu^2*U^2*V - 1536*mu*U^3*V - 24*U^4*V - 4608*s*mu^2*V^2 - 1152*s*mu*U*V^2 + 1024*s^2*mu^2 + 3072*s*mu^2*V + 768*s*mu*U*V + 2304*mu^2*V^2 + 1152*mu*U*V^2 + 144*U^2*V^2 - 256*V^3 - 256*mu
resultant(q,g) degree 8 terms 63
4*s^4*U^2*V^2 - 4*s^3*U^3*V^2 - 16*s^4*U*V^3 + 16*s^3*U^2*V^3 + 16*s^4*V^4 - 16*s^3*U*V^4 - 8*s^3*U^3*V + 8*s^2*U^4*V - 4*s^4*U*V^2 + 24*s^3*U^2*V^2 - 20*s^2*U^3*V^2 + 8*s^4*V^3 - 4*s^3*U*V^3 - 32*s^3*V^4 + 16*s^2*U*V^4 + 16*s^2*V^5 + 4*s^2*U^4 - 4*s*U^5 + 8*s^3*U^2*V - 8*s^2*U^3*V + s^4*V^2 - 4*s^3*U*V^2 - 28*s^2*U^2*V^2 + 20*s*U^3*V^2 - 16*s^3*V^3 + 60*s^2*U*V^3 - 16*s*U^2*V^3 - 32*s*V^5 - 4*s^2*U^3 + 4*U^5 - 2*s^3*U*V + 20*s*U^3*V - 8*U^4*V - 4*s^3*V^2 - 4*s^2*U*V^2 + 4*U^3*V^2 + 24*s^2*V^3 - 60*s*U*V^3 + 32*s*V^4 + 16*V^5 + s^2*U^2 - 4*s*U^3 - 2*s^2*U*V + 8*s*U^2*V - 20*U^3*V + 14*s^2*V^2 - 24*s*U*V^2 + 32*U^2*V^2 - 12*U*V^3 + 6*s*U^2 + 2*s^2*V - 2*s*U*V - 4*s*V^2 + 20*U*V^2 - 16*V^3 - 2*s*U + U^2 - 4*s*V - 2*U*V + V^2 - 2*U + 2*V + 1
GENERIC QUOTIENT: repeated support already split off
Time: 1.790
GENERIC_QUOTIENT dimension 1 [ 4 ]
basis_size 96 basis_degrees [ 13, 12, 11, 11, 10, 10, 10, 10, 10, 10, 9, 9, 9, 9, 9, 9, 9, 9, 9, 9, 9, 9, 9, 9, 9, 9, 9, 9, 9, 9, 9, 9, 9, 9, 8, 8, 8, 8, 8, 8, 8, 8, 8, 8, 8, 8, 8, 8, 8, 8, 8, 8, 8, 8, 8, 8, 8, 8, 8, 8, 8, 8, 8, 8, 8, 8, 8, 8, 8, 8, 8, 8, 8, 8, 8, 8, 8, 8, 8, 8, 8, 8, 8, 8, 8, 8, 8, 8, 8, 8, 8, 8, 8, 8, 8, 8 ]

Current total memory usage: 7602.6MB, failed memory request: 32.0MB
System Error: User memory limit has been reached

Current total memory usage: 7602.6MB, failed memory request: 32.0MB
Insufficient memory remaining for system to continue