Loading "coleman.m"
Loading "auxpolys.m"
Loading "coho.m"
Loading "froblift.m"
Loading "reductions.m"
Loading "singleintegrals.m"
Loading "applications.m"
model set: E8, monic degree 8 in y, even in y
=== trying p = 7 ===
coleman_data OK at p=7 (3.0s): genus g = 4
Q_points (bound 1e4): 2 found
  x=0 inf=false b1=1 + O(7^15)
  x=0 inf=false b1=1 + O(7^15)
basis vectors (coeffs w.r.t. integral basis):
  basis[1] = (-1701/10*x^5 - 81/5*x^4 + 27/5*x^3 - 45/2*x^2 + 1   0   
-2781/20*x^4 - 531/10*x^3 + 81/5*x^2 + 7/4*x - 1/3   0   -99/20*x^3 - 9/10*x^2 +
4/5*x - 1/12   0   -3/8*x^3 + 1/40*x^2 + 11/120*x - 1/60   0)
  basis[2] = (-162/5*x^5 - 189/5*x^4 - 72/5*x^3 + x   0   -27/10*x^4 + 3/5*x^3 +
4/5*x^2 - 1/6*x   0   -3/10*x^3 - 1/10*x^2 + 1/30*x   0   1/60*x^2 + 1/180*x - 
1/540   0)
  basis[3] = (0   -81/4*x^4 - 135/4*x^3 - 63/4*x^2 + 1   0   243/80*x^3 + 
27/10*x^2 + 9/40*x - 3/16   0   567/800*x^3 + 63/100*x^2 + 21/400*x - 7/160   0 
63/1600*x^5 + 3/64*x^4 + 11/800*x^3 - 19/14400*x^2 - 31/43200*x - 1/64800)
  basis[4] = (0   -135/8*x^4 - 117/8*x^3 - 9/8*x^2 + x   0   -27/160*x^3 - 
3/20*x^2 - 1/80*x + 1/96   0   297/1600*x^3 + 33/200*x^2 + 11/800*x - 11/960   0
33/3200*x^5 + 7/384*x^4 + 109/14400*x^3 - 29/28800*x^2 - 163/259200*x + 1/14400)
  basis[5] = (0   0   -20545164/2214307*x^7 - 296532252/11071535*x^6 - 
374947569/11071535*x^5 - 170144262/11071535*x^4 + x^2   0   
-82802979/4428614*x^6 - 153064971/11071535*x^5 + 3577842/2214307*x^4 + 
44126601/22143070*x^3 - 849928/11071535*x^2 - 113036/2214307*x   0   
17229105/4428614*x^6 + 12644523/2214307*x^5 + 255924807/110715350*x^4 - 
5906117/55357675*x^3 - 61041329/332146050*x^2 - 2552902/498219075*x + 
1598372/498219075   0)
  basis[6] = (0   0   -240450768/11071535*x^7 - 1980198549/55357675*x^6 - 
891117738/55357675*x^5 + 9421116/55357675*x^4 + x^3   0   84907251/11071535*x^6 
+ 802081071/110715350*x^5 + 2114667/2214307*x^4 - 27079699/55357675*x^3 - 
4841197/110715350*x^2 + 36700/6642921*x   0   -4970403/4428614*x^6 - 
73697001/44286140*x^5 - 765186457/1107153500*x^4 + 11290217/553576750*x^3 + 
524782037/9964381500*x^2 + 19971479/9964381500*x - 6563258/7473286125   0)
  basis[7] = (0   0   0   -83835/4457*x^6 - 148284/4457*x^5 - 70911/4457*x^4 + 
x^2   0   -459189/8914*x^6 - 20964447/356560*x^5 - 23558661/1782800*x^4 + 
3893991/891400*x^3 + 1926369/1782800*x^2 - 259127/1782800*x - 3043/668550   0   
-51021/17828*x^8 - 2950173/713120*x^7 - 161062/111425*x^6 + 1696967/5348400*x^5 
+ 116111/641808*x^4 - 72643/4011300*x^3 - 317203/48135600*x^2 + 
101041/96271200*x - 1331/36101700)
  basis[8] = (0   0   0   -75870/4457*x^6 - 65403/4457*x^5 - 4941/4457*x^4 + x^3
0   4230927/142624*x^6 + 12897801/356560*x^5 + 36615321/3565600*x^4 - 
6688247/3565600*x^3 - 174249/222850*x^2 + 145957/3565600*x + 9313/1337100   0   
470103/285248*x^8 + 3712143/1426240*x^7 + 6437293/5348400*x^6 + 
435989/32090400*x^5 - 1689359/19254240*x^4 - 11231/4011300*x^3 + 
332701/192542400*x^2 - 204413/577627200*x + 8383/216610200)
W0 =
[1   0   0   0   0   0   0   0]
[0   1   0   0   0   0   0   0]
[0   0   1/x   0   0   0   0   0]
[0   0   0   1/x   0   0   0   0]
[0   0   0   0   1/x^2   0   0   0]
[0   0   0   0   0   1/x^2   0   0]
[24/(x + 1/3)   0   -20/(x^2 + 1/3*x)   0   2/(x^3 + 1/3*x^2)   0   1/(x^4 + 
    1/3*x^3)   0]
[0   (-1296*x^3 - 1368*x^2 - 312*x + 24)/(x^4 + 2/3*x^3 - 1/27*x)   0   180/(x^3
    + 1/3*x^2)   0   -18/(x^4 + 1/3*x^3)   0   1/(x^7 + 2/3*x^6 - 1/27*x^4)]
E8_COLEMAN1_DONE
