Magma V2.28-27    Fri Jul 10 2026 12:59:48 on <host> [Seed = 3772493476]

+-------------------------------------------------------------------+
|       This copy of Magma has been made available through a        |
|                   generous initiative of the                      |
|                                                                   |
|                         Simons Foundation                         |
|                                                                   |
| covering U.S. Colleges, Universities, Nonprofit Research entities,|
|               and their students, faculty, and staff              |
+-------------------------------------------------------------------+

Type ? for help.  Type <Ctrl>-D to quit.

Loading file "code/contact5_order20_plus3_s_a0.m"
CONTACT_A0_SELF_TEST_PASS
A0 equation_degrees [ 8, 10, 12 ]
terms [ 17, 28, 26 ]
raw_dimension 1 [ 1 ]
Time: 0.060
A0_SAT dimension 0 []
basis_size 26 basis_degrees [ 6, 6, 6, 6, 6, 6, 6, 6, 6, 6, 6, 6, 6, 6, 6, 6, 6, 6, 6, 6, 6, 6, 6, 6, 6, 5 ]
basis_terms [ 56, 56, 56, 56, 56, 56, 56, 56, 56, 56, 56, 56, 56, 56, 56, 56, 56, 56, 56, 56, 56, 56, 56, 56, 56, 56 ]
Time: 0.380
Time: 0.070
A0_LEX dimension 0 []
basis_size 3 variable_degrees [
[ 1, 0, 54 ],
[ 0, 1, 54 ],
[ 0, 0, 55 ]
]
elim_generators 1
A0_S_ELIM degree 55 terms 56 factors 1
 S_FACTOR multiplicity 1 degree 55 terms 56 zS^55 - 667/80*zS^54 + 181/640*zS^53 + 164701/720*zS^52 - 4676839/5760*zS^51 - 21034757/17280*zS^50 + 1151282849/77760*zS^49 - 3512929619/155520*zS^48 - 54497839157/466560*zS^47 + 6360634463327/12597120*zS^46 + 647646198961/6298560*zS^45 - 7319427712063/1399680*zS^44 + 23372788607789/2099520*zS^43 + 18995725161349/1049760*zS^42 - 89118080337691/699840*zS^41 + 58945362934567/349920*zS^40 + 146758328850917/349920*zS^39 - 2679114344229007/1399680*zS^38 + 12628516536178727/6298560*zS^37 + 63187904966523301/12597120*zS^36 - 9161102423397269/466560*zS^35 + 916342974955613/46656*zS^34 + 24346260639790943/699840*zS^33 - 31530759859055107/233280*zS^32 + 32191066839339697/209952*zS^31 + 168606648764628493/2099520*zS^30 - 770333091448997909/1399680*zS^29 + 5970367404486699941/6298560*zS^28 - 1881247237278687361/2519424*zS^27 - 205928217485109107/279936*zS^26 + 15911444521207046471/4199040*zS^25 - 13923179944581952589/2099520*zS^24 + 2229632352916469981/466560*zS^23 + 20283637532559806611/4199040*zS^22 - 74885444525364794621/4199040*zS^21 + 3400752569830600697/139968*zS^20 - 120561737514584103857/6298560*zS^19 + 76675404584794229591/12597120*zS^18 + 536503577226481903/43740*zS^17 - 33827699138271220759/839808*zS^16 + 64419310849692146783/839808*zS^15 - 145128656789394974329/1399680*zS^14 + 141747554314730595269/1399680*zS^13 - 99039905514343378139/1399680*zS^12 + 47042977927193885213/1399680*zS^11 - 111893899944160776833/12597120*zS^10 - 1178125647748648459/2519424*zS^9 + 720169492165988213/466560*zS^8 - 2965730377321122527/4199040*zS^7 + 24285457635266159/131220*zS^6 - 1351493121597391/38880*zS^5 + 401222408989963/65610*zS^4 - 278437956486173/262440*zS^3 + 285321966737/2187*zS^2 - 841725482252/98415*zS + 4589235674/19683
A0_RATIONAL_S_ROOTS []
A0_OPEN_SQUARE_CANDIDATES 0 []
A0_DONE

Total time: 0.580 seconds, Total memory usage: 32.09MB
