Magma V2.28-27    Fri Jul 10 2026 13:24:32 on <host> [Seed = 2277295984]

+-------------------------------------------------------------------+
|       This copy of Magma has been made available through a        |
|                   generous initiative of the                      |
|                                                                   |
|                         Simons Foundation                         |
|                                                                   |
| covering U.S. Colleges, Universities, Nonprofit Research entities,|
|               and their students, faculty, and staff              |
+-------------------------------------------------------------------+

Type ? for help.  Type <Ctrl>-D to quit.

Loading file "code/contact5_order20_plus3_s_m1.m"
CONTACT_M1_SELF_TEST_PASS
M1 equation_degrees [ 4, 5, 6 ]
terms [ 21, 30, 46 ]
raw_dimension 0 []
Time: 0.010
M1_SAT dimension 0 []
basis_size 19 basis_degrees [ 6, 6, 6, 6, 6, 6, 6, 6, 6, 6, 5, 5, 5, 5, 5, 5, 5, 5, 4 ]
basis_terms [ 45, 45, 45, 45, 45, 45, 45, 45, 45, 45, 45, 45, 45, 45, 45, 45, 45, 45, 21 ]
Time: 0.010
Time: 0.040
M1_LEX dimension 0 []
basis_size 3 variable_degrees [
[ 1, 0, 43 ],
[ 0, 1, 43 ],
[ 0, 0, 44 ]
]
elim_generators 1
M1_S_ELIM degree 44 terms 45 factors 1
 S_FACTOR multiplicity 1 degree 44 terms 45 zS^44 - 2203/56*zS^43 + 191385491/258048*zS^42 - 9180836767/1032192*zS^41 + 2165227928466767/28538044416*zS^40 - 27785739928917605/57076088832*zS^39 + 22871765486420247814835/9468238224162816*zS^38 - 706595743258141913154905/75745905793302528*zS^37 + 1197313655324020418719352341/43629641736942256128*zS^36 - 39336852393245478149772715043/698074267791076098048*zS^35 + 30929782967746186061648641311671/603136167371489748713472*zS^34 + 665421783905613429528647345621191/4825089338971917989707776*zS^33 - 17034272800708755384148178922885911581/25013263133230422858645110784*zS^32 + 358350424173908817368764051586532045551/400212210131686765738321772544*zS^31 + 3514421359573877028437541868862419273535/914770766015284035973306908672*zS^30 - 13443475930952372200115010410643428939039/457385383007642017986653454336*zS^29 + 738503165366489740446997239307052606700671/6403395362106988251813148360704*zS^28 - 60372986085291439346558267250617405171785/177872093391860784772587454464*zS^27 + 5275977999058608974700416142573954734212789/6403395362106988251813148360704*zS^26 - 49511281965290098694731947617520692228609639/28815279129481447133159167623168*zS^25 + 6714223445943730454379110496266573672037761/2134465120702329417271049453568*zS^24 - 12297434002532267690467383660532221826578121/2401273260790120594429930635264*zS^23 + 430797058532411460582739915424281010268379223/57630558258962894266318335246336*zS^22 - 94457881280958847312298670934835560716381277/9605093043160482377719722541056*zS^21 + 2022860465309503315150064176187842776261927659/172891674776888682798955005739008*zS^20 - 545250118679212993851294642679268578992796495/43222918694222170699738751434752*zS^19 + 19199649005661650580475301350609781333265876311/1556025072991998145190595051651072*zS^18 - 8521057687803010476198009563423539365361690459/778012536495999072595297525825536*zS^17 + 18296124086171391654403181187309723859882257023/2074700097322664193587460068868096*zS^16 - 5006063165310081590451242619472695238100146267/778012536495999072595297525825536*zS^15 + 1652030798740757938772860397113565159119519781/389006268247999536297648762912768*zS^14 - 1475703250973908309410217813054340534289747253/583509402371999304446473144369152*zS^13 + 1404726978002713933431097522313179436727854483/1037350048661332096793730034434048*zS^12 - 40896308204819555089407059821823830849303933277/63019015456175924880219099591868416*zS^11 + 4359330325806950090657321527671211917778851733/15754753864043981220054774897967104*zS^10 - 468918829608685043097915464576303834220610855/4501358246869708920015649970847744*zS^9 + 5763558884418637495366660095664326059767819223/168050707883135799680584265578315776*zS^8 - 102436527337556143463200198632218324939015143/10503169242695987480036516598644736*zS^7 + 99051017615746022408209686387260719084642433/42012676970783949920146066394578944*zS^6 - 1423586602514785653723319346898709540672103/3000905497913139280010433313898496*zS^5 + 3242993450625930031513518550812454933345163/42012676970783949920146066394578944*zS^4 - 102326456101255470157366635371115268445257/10503169242695987480036516598644736*zS^3 + 112572170127173722262129054666368307696177/126038030912351849760438199183736832*zS^2 - 3327229193683697160240636851438852368487/63019015456175924880219099591868416*zS + 189910799910454646918949443958532977215/126038030912351849760438199183736832
M1_RATIONAL_S_ROOTS []
M1_RATIONAL_POINTS 0 []
M1_DONE cyclic60_hits 0

Total time: 0.120 seconds, Total memory usage: 32.09MB
