BIG VALIDATE.1 inv=[ 2, 2, 2, 12 ] order=96 f=149248071480358186910877712556379292332885721244303374047033600*x^6 + 145441559459579258394365683172570671508087558866498951556539774080*x^5 + 29690330300426314735814561589853826907843162497667402820775454218896*x^4 - 3126240055559614080624616475209117013525645774243627030863574542185024*x^3 - 104635138804280919044866622721488175515438610155192620771629509623069408*x^2 + 6312658046109459319374517079067867589191674568756510184760807984127728064*x + 163808631126479508746946846434348968248685444107268825690735385193631136592
VALIDATE_OK big_hits=1 (record rediscovered from its leaf)
CONTROL_DONE gatepass=0 big=0
GATEPASS B44_r937.1 inv=[ 2, 2, 2, 2 ]
GATEPASS B44_r937.3 inv=[ 2, 2, 4 ]
GATEPASS B44_r1093.3 inv=[ 2, 2, 2, 4 ]
GATEPASS B44_r1093.4 inv=[ 2, 2, 4 ]
GATEPASS B44_r1093.12 inv=[ 2, 2, 4 ]
GATEPASS B44_r1093.13 inv=[ 4, 4 ]
PROGRESS B44 done=10 row=1405 gate=6 big=0
GATEPASS B44_r1561.2 inv=[ 2, 2, 4 ]
GATEPASS B44_r1561.3 inv=[ 2, 2, 4 ]
GATEPASS B44_r1561.7 inv=[ 2, 2, 4 ]
GATEPASS B44_r1561.15 inv=[ 2, 2, 4 ]
GATEPASS B44_r1717.7 inv=[ 2, 2, 4 ]
GATEPASS B44_r1717.12 inv=[ 2, 2, 4 ]
GATEPASS B44_r2653.2 inv=[ 2, 2, 4 ]
GATEPASS B44_r2809.1 inv=[ 2, 2, 2, 2 ]
GATEPASS B44_r2809.8 inv=[ 4, 4 ]
GATEPASS B44_r2809.15 inv=[ 2, 2, 4 ]
PROGRESS B44 done=20 row=2965 gate=16 big=0
GATEPASS B44_r3277.1 inv=[ 2, 2, 2, 2 ]
GATEPASS B44_r4369.12 inv=[ 2, 2, 4 ]
PROGRESS B44 done=30 row=4525 gate=18 big=0
GATEPASS B44_r5929.2 inv=[ 2, 2, 4 ]
GATEPASS B44_r5929.5 inv=[ 4, 4 ]
GATEPASS B44_r5929.7 inv=[ 2, 2, 4 ]
GATEPASS B44_r5929.12 inv=[ 2, 2, 4 ]
GATEPASS B44_r6085.2 inv=[ 2, 2, 4 ]
GATEPASS B44_r6085.3 inv=[ 2, 2, 4 ]
PROGRESS B44 done=40 row=6085 gate=24 big=0
GATEPASS B44_r6397.1 inv=[ 2, 2, 2, 2 ]
GATEPASS B44_r6397.4 inv=[ 2, 2, 4 ]
PROGRESS B44 done=50 row=7645 gate=26 big=0
GATEPASS B44_r8893.9 inv=[ 4, 4 ]
PROGRESS B44 done=60 row=9205 gate=27 big=0
GATEPASS B44_r9673.1 inv=[ 2, 2, 2, 2 ]
GATEPASS B44_r9673.2 inv=[ 2, 2, 4 ]
GATEPASS B44_r9673.3 inv=[ 2, 2, 4 ]
GATEPASS B44_r9673.7 inv=[ 2, 2, 4 ]
GATEPASS B44_r9985.7 inv=[ 2, 2, 4 ]
GATEPASS B44_r10297.1 inv=[ 2, 2, 2, 2 ]
GATEPASS B44_r10297.6 inv=[ 4, 4 ]
GATEPASS B44_r10297.12 inv=[ 2, 2, 4 ]
GATEPASS B44_r10609.10 inv=[ 4, 4 ]
PROGRESS B44 done=70 row=10765 gate=36 big=0
GATEPASS B44_r12013.1 inv=[ 2, 2, 2, 2 ]
PROGRESS B44 done=80 row=12325 gate=37 big=0
GATEPASS B44_r12949.10 inv=[ 4, 4 ]
GATEPASS B44_r13261.3 inv=[ 2, 2, 4 ]
GATEPASS B44_r13261.8 inv=[ 4, 4 ]
GATEPASS B44_r13261.12 inv=[ 2, 2, 4 ]
PROGRESS B44 done=90 row=13885 gate=41 big=0
GATEPASS B44_r14041.3 inv=[ 2, 2, 4 ]
GATEPASS B44_r14197.1 inv=[ 2, 2, 2, 2 ]
GATEPASS B44_r14197.2 inv=[ 2, 2, 4 ]
GATEPASS B44_r14197.3 inv=[ 2, 2, 4 ]
GATEPASS B44_r14197.4 inv=[ 2, 2, 4 ]
GATEPASS B44_r14197.5 inv=[ 4, 4 ]
GATEPASS B44_r14197.6 inv=[ 4, 4 ]
GATEPASS B44_r14197.7 inv=[ 2, 2, 4 ]
GATEPASS B44_r14197.8 inv=[ 4, 4 ]
GATEPASS B44_r14197.9 inv=[ 4, 4 ]
GATEPASS B44_r14197.10 inv=[ 4, 4 ]
GATEPASS B44_r14197.11 inv=[ 4, 4 ]
GATEPASS B44_r14197.12 inv=[ 2, 2, 4 ]
GATEPASS B44_r14197.13 inv=[ 4, 4 ]
GATEPASS B44_r14197.14 inv=[ 4, 4 ]
GATEPASS B44_r14665.1 inv=[ 2, 2, 2, 2 ]
GATEPASS B44_r14665.4 inv=[ 2, 2, 4 ]
GATEPASS B44_r15289.1 inv=[ 2, 2, 2, 2 ]
GATEPASS B44_r15289.2 inv=[ 2, 2, 4 ]
GATEPASS B44_r15289.5 inv=[ 4, 4 ]
GATEPASS B44_r15289.6 inv=[ 4, 4 ]
GATEPASS B44_r15289.7 inv=[ 2, 2, 4 ]
GATEPASS B44_r15289.8 inv=[ 4, 4 ]
GATEPASS B44_r15289.9 inv=[ 4, 4 ]
GATEPASS B44_r15289.10 inv=[ 4, 4 ]
GATEPASS B44_r15289.11 inv=[ 4, 4 ]
GATEPASS B44_r15289.14 inv=[ 4, 4 ]
GATEPASS B44_r15289.15 inv=[ 2, 2, 4 ]
PROGRESS B44 done=100 row=15445 gate=69 big=0
GATEPASS B44_r16069.12 inv=[ 2, 2, 4 ]
PROGRESS B44 done=110 row=17005 gate=70 big=0
GATEPASS B44_r17629.3 inv=[ 2, 2, 4 ]
GATEPASS B44_r17629.8 inv=[ 4, 4 ]
GATEPASS B44_r17941.2 inv=[ 2, 2, 4 ]
GATEPASS B44_r17941.3 inv=[ 2, 2, 4 ]
GATEPASS B44_r17941.5 inv=[ 4, 4 ]
GATEPASS B44_r17941.6 inv=[ 4, 4 ]
GATEPASS B44_r17941.7 inv=[ 2, 2, 4 ]
GATEPASS B44_r17941.8 inv=[ 4, 4 ]
GATEPASS B44_r17941.9 inv=[ 4, 4 ]
GATEPASS B44_r17941.10 inv=[ 4, 4 ]
GATEPASS B44_r17941.11 inv=[ 4, 4 ]
GATEPASS B44_r17941.12 inv=[ 2, 2, 4 ]
GATEPASS B44_r17941.13 inv=[ 4, 4 ]
GATEPASS B44_r17941.14 inv=[ 4, 4 ]
PROGRESS B44 done=120 row=18565 gate=84 big=0
GATEPASS B44_r18721.1 inv=[ 2, 2, 2, 2 ]
GATEPASS B44_r18877.3 inv=[ 2, 2, 4 ]
GATEPASS B44_r18877.6 inv=[ 4, 4 ]
GATEPASS B44_r19813.3 inv=[ 2, 2, 4 ]
GATEPASS B44_r19813.4 inv=[ 2, 2, 4 ]
GATEPASS B44_r19813.5 inv=[ 4, 4 ]
GATEPASS B44_r19813.6 inv=[ 4, 4 ]
PROGRESS B44 done=130 row=20125 gate=91 big=0
GATEPASS B44_r20281.1 inv=[ 2, 2, 2, 2 ]
GATEPASS B44_r20281.2 inv=[ 2, 2, 4 ]
GATEPASS B44_r20281.3 inv=[ 2, 2, 4 ]
GATEPASS B44_r20281.4 inv=[ 2, 2, 4 ]
GATEPASS B44_r20281.5 inv=[ 4, 4 ]
GATEPASS B44_r20281.6 inv=[ 4, 4 ]
GATEPASS B44_r20281.7 inv=[ 2, 2, 4 ]
GATEPASS B44_r20281.8 inv=[ 4, 4 ]
GATEPASS B44_r20281.9 inv=[ 4, 4 ]
GATEPASS B44_r20281.10 inv=[ 4, 4 ]
GATEPASS B44_r20281.11 inv=[ 4, 4 ]
GATEPASS B44_r20281.12 inv=[ 2, 2, 4 ]
GATEPASS B44_r20281.13 inv=[ 4, 4 ]
GATEPASS B44_r20281.14 inv=[ 4, 4 ]
GATEPASS B44_r20281.15 inv=[ 2, 2, 4 ]
GATEPASS B44_r20593.2 inv=[ 2, 2, 4 ]
GATEPASS B44_r21373.1 inv=[ 2, 2, 2, 2 ]
GATEPASS B44_r21373.3 inv=[ 2, 2, 4 ]
GATEPASS B44_r21373.4 inv=[ 2, 2, 4 ]
GATEPASS B44_r21373.5 inv=[ 4, 4 ]
GATEPASS B44_r21373.6 inv=[ 4, 4 ]
GATEPASS B44_r21373.8 inv=[ 4, 4 ]
GATEPASS B44_r21373.9 inv=[ 4, 4 ]
GATEPASS B44_r21373.10 inv=[ 4, 4 ]
GATEPASS B44_r21373.11 inv=[ 4, 4 ]
GATEPASS B44_r21373.13 inv=[ 4, 4 ]
GATEPASS B44_r21373.14 inv=[ 4, 4 ]
GATEPASS B44_r21373.15 inv=[ 2, 2, 4 ]
GATEPASS B44_r21685.2 inv=[ 2, 2, 4 ]
GATEPASS B44_r21685.4 inv=[ 2, 2, 4 ]
GATEPASS B44_r21685.9 inv=[ 4, 4 ]
GATEPASS B44_r21685.15 inv=[ 2, 2, 2, 4 ]
PROGRESS B44 done=140 row=21685 gate=123 big=0
GATEPASS B44_r22153.1 inv=[ 2, 2, 2, 2 ]
GATEPASS B44_r22153.7 inv=[ 2, 2, 4 ]
GATEPASS B44_r22309.1 inv=[ 2, 2, 2, 2 ]
GATEPASS B44_r22309.3 inv=[ 2, 2, 4 ]
GATEPASS B44_r23089.1 inv=[ 2, 2, 2, 2 ]
GATEPASS B44_r23089.2 inv=[ 2, 2, 4 ]
GATEPASS B44_r23089.4 inv=[ 2, 2, 4 ]
GATEPASS B44_r23089.5 inv=[ 4, 4 ]
GATEPASS B44_r23089.6 inv=[ 4, 4 ]
GATEPASS B44_r23089.8 inv=[ 4, 4 ]
GATEPASS B44_r23089.9 inv=[ 4, 4 ]
GATEPASS B44_r23089.10 inv=[ 4, 4 ]
GATEPASS B44_r23089.11 inv=[ 4, 4 ]
GATEPASS B44_r23089.12 inv=[ 2, 2, 4 ]
GATEPASS B44_r23089.13 inv=[ 4, 4 ]
GATEPASS B44_r23089.14 inv=[ 4, 4 ]
PROGRESS B44 done=150 row=23245 gate=139 big=0
GATEPASS B44_r23401.1 inv=[ 2, 2, 2, 2 ]
GATEPASS B44_r23557.2 inv=[ 2, 2, 4 ]
GATEPASS B44_r23557.3 inv=[ 2, 2, 4 ]
GATEPASS B44_r23557.4 inv=[ 2, 2, 4 ]
GATEPASS B44_r23557.5 inv=[ 4, 4 ]
GATEPASS B44_r23557.6 inv=[ 4, 4 ]
GATEPASS B44_r23557.7 inv=[ 2, 2, 4 ]
GATEPASS B44_r23557.8 inv=[ 4, 4 ]
GATEPASS B44_r23557.9 inv=[ 4, 4 ]
GATEPASS B44_r23557.10 inv=[ 4, 4 ]
GATEPASS B44_r23557.11 inv=[ 4, 4 ]
GATEPASS B44_r23557.13 inv=[ 4, 4 ]
GATEPASS B44_r23557.14 inv=[ 4, 4 ]
GATEPASS B44_r24025.1 inv=[ 2, 2, 2, 2 ]
GATEPASS B44_r24025.3 inv=[ 2, 2, 4 ]
GATEPASS B44_r24025.5 inv=[ 4, 4 ]
GATEPASS B44_r24025.6 inv=[ 4, 4 ]
GATEPASS B44_r24025.8 inv=[ 4, 4 ]
GATEPASS B44_r24025.10 inv=[ 4, 4 ]
GATEPASS B44_r24025.12 inv=[ 2, 2, 4 ]
GATEPASS B44_r24181.2 inv=[ 2, 2, 4 ]
GATEPASS B44_r24181.3 inv=[ 2, 2, 4 ]
GATEPASS B44_r24181.5 inv=[ 4, 4 ]
GATEPASS B44_r24181.6 inv=[ 4, 4 ]
GATEPASS B44_r24181.7 inv=[ 2, 2, 4 ]
GATEPASS B44_r24181.8 inv=[ 4, 4 ]
GATEPASS B44_r24181.9 inv=[ 4, 4 ]
GATEPASS B44_r24181.10 inv=[ 4, 4 ]
GATEPASS B44_r24181.11 inv=[ 4, 4 ]
GATEPASS B44_r24181.12 inv=[ 2, 2, 4 ]
GATEPASS B44_r24181.13 inv=[ 4, 4 ]
GATEPASS B44_r24181.14 inv=[ 4, 4 ]
GATEPASS B44_r24181.15 inv=[ 2, 2, 4 ]
GATEPASS B44_r24493.3 inv=[ 2, 2, 4 ]
GATEPASS B44_r24493.5 inv=[ 4, 4 ]
GATEPASS B44_r24493.6 inv=[ 4, 4 ]
GATEPASS B44_r24493.7 inv=[ 2, 2, 4 ]
GATEPASS B44_r24493.9 inv=[ 4, 4 ]
GATEPASS B44_r24493.10 inv=[ 4, 4 ]
GATEPASS B44_r24493.11 inv=[ 4, 4 ]
GATEPASS B44_r24493.13 inv=[ 4, 4 ]
GATEPASS B44_r24493.14 inv=[ 4, 4 ]
GATEPASS B44_r24493.15 inv=[ 2, 2, 4 ]
PROGRESS B44 done=160 row=24805 gate=182 big=0
GATEPASS B44_r25273.1 inv=[ 2, 2, 2, 2 ]
GATEPASS B44_r25273.2 inv=[ 2, 2, 4 ]
GATEPASS B44_r25273.3 inv=[ 2, 2, 4 ]
GATEPASS B44_r25273.5 inv=[ 4, 4 ]
GATEPASS B44_r25273.7 inv=[ 2, 2, 4 ]
GATEPASS B44_r25273.9 inv=[ 4, 4 ]
GATEPASS B44_r25273.10 inv=[ 4, 4 ]
GATEPASS B44_r25273.11 inv=[ 4, 4 ]
GATEPASS B44_r25273.13 inv=[ 4, 4 ]
GATEPASS B44_r25273.14 inv=[ 4, 4 ]
GATEPASS B44_r26209.3 inv=[ 2, 2, 4 ]
GATEPASS B44_r26209.4 inv=[ 2, 2, 4 ]
GATEPASS B44_r26209.5 inv=[ 4, 4 ]
GATEPASS B44_r26209.6 inv=[ 4, 4 ]
GATEPASS B44_r26209.7 inv=[ 2, 2, 4 ]
GATEPASS B44_r26209.8 inv=[ 4, 4 ]
GATEPASS B44_r26209.9 inv=[ 4, 4 ]
GATEPASS B44_r26209.10 inv=[ 4, 4 ]
GATEPASS B44_r26209.11 inv=[ 4, 4 ]
GATEPASS B44_r26209.12 inv=[ 2, 2, 4 ]
GATEPASS B44_r26209.13 inv=[ 4, 4 ]
GATEPASS B44_r26209.14 inv=[ 4, 4 ]
GATEPASS B44_r26209.15 inv=[ 2, 2, 4 ]
PROGRESS B44 done=170 row=26365 gate=205 big=0
BANK_DONE B44 sources=170
GATEPASS B28_r43.13 inv=[ 2, 8 ]
PROGRESS B28 done=10 row=190 gate=1 big=0
GATEPASS B28_r211.6 inv=[ 2, 8 ]
PROGRESS B28 done=20 row=400 gate=2 big=0
GATEPASS B28_r568.6 inv=[ 2, 8 ]
PROGRESS B28 done=30 row=610 gate=3 big=0
GATEPASS B28_r820.11 inv=[ 2, 8 ]
PROGRESS B28 done=40 row=820 gate=4 big=0
PROGRESS B28 done=50 row=1030 gate=4 big=0
PROGRESS B28 done=60 row=1240 gate=4 big=0
GATEPASS B28_r1303.9 inv=[ 2, 8 ]
PROGRESS B28 done=70 row=1450 gate=5 big=0
GATEPASS B28_r1492.13 inv=[ 2, 8 ]
PROGRESS B28 done=80 row=1660 gate=6 big=0
PROGRESS B28 done=90 row=1870 gate=6 big=0
GATEPASS B28_r1975.1 inv=[ 2, 2, 4 ]
GATEPASS B28_r1975.2 inv=[ 2, 2, 4 ]
GATEPASS B28_r1975.4 inv=[ 2, 8 ]
GATEPASS B28_r1975.5 inv=[ 2, 8 ]
GATEPASS B28_r1975.6 inv=[ 2, 8 ]
GATEPASS B28_r1975.7 inv=[ 2, 8 ]
GATEPASS B28_r1975.8 inv=[ 2, 8 ]
GATEPASS B28_r1975.9 inv=[ 2, 8 ]
GATEPASS B28_r1975.10 inv=[ 2, 8 ]
GATEPASS B28_r1975.11 inv=[ 2, 8 ]
GATEPASS B28_r1975.12 inv=[ 2, 8 ]
GATEPASS B28_r1975.13 inv=[ 2, 8 ]
GATEPASS B28_r1975.14 inv=[ 2, 8 ]
GATEPASS B28_r2017.6 inv=[ 2, 8 ]
PROGRESS B28 done=100 row=2080 gate=20 big=0
GATEPASS B28_r2164.13 inv=[ 2, 8 ]
GATEPASS B28_r2206.6 inv=[ 2, 8 ]
GATEPASS B28_r2206.8 inv=[ 2, 8 ]
GATEPASS B28_r2206.12 inv=[ 2, 8 ]
PROGRESS B28 done=110 row=2290 gate=24 big=0
GATEPASS B28_r2311.1 inv=[ 2, 2, 4 ]
GATEPASS B28_r2311.2 inv=[ 2, 2, 4 ]
GATEPASS B28_r2395.6 inv=[ 2, 8 ]
GATEPASS B28_r2437.4 inv=[ 2, 8 ]
GATEPASS B28_r2437.12 inv=[ 2, 8 ]
GATEPASS B28_r2437.13 inv=[ 2, 8 ]
PROGRESS B28 done=120 row=2500 gate=30 big=0
GATEPASS B28_r2584.13 inv=[ 2, 8 ]
GATEPASS B28_r2689.1 inv=[ 2, 2, 4 ]
GATEPASS B28_r2689.2 inv=[ 2, 2, 4 ]
GATEPASS B28_r2689.7 inv=[ 2, 8 ]
GATEPASS B28_r2689.15 inv=[ 2, 8 ]
PROGRESS B28 done=130 row=2710 gate=35 big=0
GATEPASS B28_r2731.13 inv=[ 2, 8 ]
GATEPASS B28_r2857.6 inv=[ 2, 8 ]
PROGRESS B28 done=140 row=2920 gate=37 big=0
GATEPASS B28_r3004.1 inv=[ 2, 2, 4 ]
GATEPASS B28_r3004.2 inv=[ 2, 2, 4 ]
GATEPASS B28_r3025.13 inv=[ 2, 8 ]
GATEPASS B28_r3130.1 inv=[ 2, 2, 4 ]
GATEPASS B28_r3130.2 inv=[ 2, 2, 4 ]
GATEPASS B28_r3130.4 inv=[ 2, 8 ]
GATEPASS B28_r3130.5 inv=[ 2, 8 ]
GATEPASS B28_r3130.6 inv=[ 2, 8 ]
GATEPASS B28_r3130.7 inv=[ 2, 8 ]
GATEPASS B28_r3130.8 inv=[ 2, 8 ]
GATEPASS B28_r3130.9 inv=[ 2, 8 ]
GATEPASS B28_r3130.10 inv=[ 2, 8 ]
GATEPASS B28_r3130.11 inv=[ 2, 8 ]
GATEPASS B28_r3130.12 inv=[ 2, 8 ]
GATEPASS B28_r3130.13 inv=[ 2, 8 ]
GATEPASS B28_r3130.14 inv=[ 2, 8 ]
GATEPASS B28_r3130.15 inv=[ 2, 8 ]
PROGRESS B28 done=150 row=3130 gate=54 big=0
GATEPASS B28_r3172.12 inv=[ 2, 8 ]
GATEPASS B28_r3256.13 inv=[ 2, 8 ]
GATEPASS B28_r3319.1 inv=[ 2, 2, 4 ]
GATEPASS B28_r3319.2 inv=[ 2, 2, 4 ]
GATEPASS B28_r3319.4 inv=[ 2, 8 ]
GATEPASS B28_r3319.5 inv=[ 2, 8 ]
GATEPASS B28_r3319.6 inv=[ 2, 8 ]
GATEPASS B28_r3319.7 inv=[ 2, 8 ]
GATEPASS B28_r3319.9 inv=[ 2, 8 ]
GATEPASS B28_r3319.10 inv=[ 2, 8 ]
GATEPASS B28_r3319.12 inv=[ 2, 8 ]
GATEPASS B28_r3319.13 inv=[ 2, 8 ]
GATEPASS B28_r3319.14 inv=[ 2, 8 ]
GATEPASS B28_r3319.15 inv=[ 2, 8 ]
PROGRESS B28 done=160 row=3340 gate=68 big=0
GATEPASS B28_r3361.13 inv=[ 2, 8 ]
GATEPASS B28_r3466.6 inv=[ 2, 8 ]
GATEPASS B28_r3466.7 inv=[ 2, 8 ]
GATEPASS B28_r3466.15 inv=[ 2, 8 ]
PROGRESS B28 done=170 row=3550 gate=72 big=0
BANK_DONE B28 sources=170
SEARCH_DONE gate44=205 big44=0 gate28=72 big28=0
