PIECE 22
N_BRANCHES 2 dims [ 2, 2 ]
PERIOD_TERMS 80457
PERIODS ok
E1 [ 0, 0, 2, 1, 0, 0, 1, 1, -2, -1, 0, 0, -1, -1, 0, 0 ]
E2 [ 0, -3, 0, -2, 3, 0, 2, 4, 0, -2, 0, 3, 2, -4, -3, 0 ]
BRANCH 1 starvecs plus=( 1 36  2 30) minus=( 1  6  0 15)
BRANCH 2 starvecs plus=( 1 36  2  3) minus=( 1 29  0 22)
Bcontrol LATTICE_INDEX 1/1
Bcontrol AB_BASIS [ 1, 0 ] [ 0, 1 ] (dd2=1)
Bcontrol N_POSFORMS 14 types [ 2, 3, 11 ]
Bcontrol_d2_a-7_b3_n1 BIGP_OK sgn=1 blk=1
Bcontrol_d2_a-7_b3_n1 INV_REALITY relIm=6.24996E-100
Bcontrol_d2_a-7_b3_n1 G2n_1 -673608668.113 + 4.21003048711E-91*$.1
Bcontrol_d2_a-7_b3_n1 INV_1 deg=1 pol=241097315486732*$.1 + 162405241570776167323105
Bcontrol_d2_a-7_b3_n1 G2n_2 -25954667.4764 + 9.18897543170E-93*$.1
Bcontrol_d2_a-7_b3_n1 INV_2 deg=1 pol=304422749567068*$.1 + 7901191237270473674525
Bcontrol_d2_a-7_b3_n1 G2n_3 -1358225.30092 - 8.93787603776E-95*$.1
Bcontrol_d2_a-7_b3_n1 INV_3 deg=1 pol=3440903425783038*$.1 + 4673522090926046225269
Bcontrol_d2_a-7_b3_n1 *** RATIONAL_INVARIANTS [ -162405241570776167323105/241097315486732, -7901191237270473674525/304422749567068, -4673522090926046225269/3440903425783038 ] ***
