PIECE 22
PERIOD_TERMS 80457
PERIODS ok
SHAT [ -1, 0, 0, 1, 0, -1, 0, 1, 1, -1, 1, 0, 0, 0, 0, 1 ]
SHAT_INVOLUTION true
SHAT_RESID 3.89817E-107
ENDO_V_DIM 8
N_ENDOS_FOUND 2
GHAT [ -2, -4, -3, 6, -2, 2, -3, 3, -3, 6, -6, 4, -3, 3, -6, 6 ]
GHAT_CHARPOLY $.1^4 - 6*$.1^2 + 9
ENDO_FIELD Q(sqrt3) confirmed; omega has minpoly $.1^2 - 3
GHAT_SHAT_COMMUTE true
ELL 7 branches 2 dims [ 2, 2 ]
ELL 11 branches 2 dims [ 2, 2 ]
ELL 13 branches 2 dims [ 2, 2 ]
ELL 17 branches 2 dims [ 2, 2 ]
ELL 19 branches 2 dims [ 2, 2 ]
ELL 23 branches 2 dims [ 2, 2 ]
ELL 29 branches 2 dims [ 2, 2 ]
ELL 31 branches 2 dims [ 2, 2 ]
ELL 41 branches 2 dims [ 2, 2 ]
ELL 43 branches 2 dims [ 2, 2 ]
ELL 47 branches 2 dims [ 2, 2 ]
ELL 53 branches 2 dims [ 2, 2 ]
ELL 2 branches 2 dims [ 2, 2 ]
ELL 3 branches 2 dims [ 2, 2 ]
ELL 5 branches 2 dims [ 2, 2 ]
ELL 73 branches 2 dims [ 2, 2 ]
EIS_KERNEL_DIM 2
STAR_EIGVECS plus=( 1 36  2 30) minus=( 1  6  0 15)
STAR_NS_ACTION [ -1, 0, 0, -1 ]
MINUS_EIG dim 2 gen [ 1, 0 ]
PLUS_EIG dim 0 gen []
GL2_FRAME_ARITH_DONE
