PIECE 22
EIS_KERNEL_DIM 2
STAR_EIGVECS plus=( 1 15 13 14) minus=( 1  5  5 33)
PERIOD_TERMS 80457
PERIODS ok
E1 [ 0, 0, 2, 1, 0, 0, 1, 1, -2, -1, 0, 0, -1, -1, 0, 0 ]
E2 [ 0, -3, 0, -2, 3, 0, 2, 4, 0, -2, 0, 3, 2, -4, -3, 0 ]
Bplus LATTICE_INDEX 1/37
Bplus AB_BASIS [ 37, 0 ] [ 0, 37 ] (dd2=37)
Bplus N_POSFORMS 14 types [ 74, 111, 407 ]
Bplus_d74_a-259_b111_n1 BIGP_OK sgn=1 blk=1
Bplus_d74_a-259_b111_n1 G2n_1 -244723022.799 - 26568641.4619*$.1
Bplus_d74_a-259_b111_n1 INV_1 UNREC
Bplus_d74_a-259_b111_n1 G2n_2 -5705568.41105 - 3383530.53442*$.1
Bplus_d74_a-259_b111_n1 INV_2 UNREC
Bplus_d74_a-259_b111_n1 G2n_3 -130065.951159 - 88619.7978612*$.1
Bplus_d74_a-259_b111_n1 INV_3 UNREC
Bplus_d74_a-185_b37_n2 BIGP_OK sgn=1 blk=1
Bplus_d74_a-185_b37_n2 G2n_1 58971958.4861 + 33855490.8563*$.1
Bplus_d74_a-185_b37_n2 INV_1 UNREC
Bplus_d74_a-185_b37_n2 G2n_2 2220383.33479 + 1497441.60770*$.1
Bplus_d74_a-185_b37_n2 INV_2 UNREC
Bplus_d74_a-185_b37_n2 G2n_3 62317.3939815 + 100285.750001*$.1
Bplus_d74_a-185_b37_n2 INV_3 UNREC
Bplus_d74_a-111_b37_n3 BIGP_OK sgn=1 blk=1
Bplus_d74_a-111_b37_n3 G2n_1 -8114404.56817 - 21157115.7947*$.1
Bplus_d74_a-111_b37_n3 INV_1 UNREC
Bplus_d74_a-111_b37_n3 G2n_2 518238.034189 + 583309.238535*$.1
Bplus_d74_a-111_b37_n3 INV_2 UNREC
Bplus_d74_a-111_b37_n3 G2n_3 -19401.1480564 - 14656.4044071*$.1
Bplus_d74_a-111_b37_n3 INV_3 UNREC
Bplus_d74_a111_b-37_n4 BIGP_OK sgn=1 blk=1
Bplus_d74_a111_b-37_n4 G2n_1 -8114404.56817 - 21157115.7947*$.1
Bplus_d74_a111_b-37_n4 INV_1 UNREC
Bplus_d74_a111_b-37_n4 G2n_2 518238.034189 + 583309.238535*$.1
Bplus_d74_a111_b-37_n4 INV_2 UNREC
Bplus_d74_a111_b-37_n4 G2n_3 -19401.1480564 - 14656.4044071*$.1
Bplus_d74_a111_b-37_n4 INV_3 UNREC
Bplus_d74_a185_b-37_n5 BIGP_OK sgn=1 blk=1
Bplus_d74_a185_b-37_n5 G2n_1 58971958.4861 + 33855490.8563*$.1
Bplus_d74_a185_b-37_n5 INV_1 UNREC
Bplus_d74_a185_b-37_n5 G2n_2 2220383.33479 + 1497441.60770*$.1
Bplus_d74_a185_b-37_n5 INV_2 UNREC
Bplus_d74_a185_b-37_n5 G2n_3 62317.3939815 + 100285.750001*$.1
Bplus_d74_a185_b-37_n5 INV_3 UNREC
Bplus_d74_a259_b-111_n6 BIGP_OK sgn=1 blk=1
Bplus_d74_a259_b-111_n6 G2n_1 -244723022.799 - 26568641.4619*$.1
Bplus_d74_a259_b-111_n6 INV_1 UNREC
Bplus_d74_a259_b-111_n6 G2n_2 -5705568.41105 - 3383530.53442*$.1
Bplus_d74_a259_b-111_n6 INV_2 UNREC
Bplus_d74_a259_b-111_n6 G2n_3 -130065.951159 - 88619.7978612*$.1
Bplus_d74_a259_b-111_n6 INV_3 UNREC
Bplus_d111_a-185_b74_n7 BIGP_OK sgn=1 blk=1
Bplus_d111_a-185_b74_n7 G2n_1 5365120952.66 - 13179215433.6*$.1
Bplus_d111_a-185_b74_n7 INV_1 UNREC
Bplus_d111_a-185_b74_n7 G2n_2 232620702.375 - 549578929.494*$.1
Bplus_d111_a-185_b74_n7 INV_2 UNREC
Bplus_d111_a-185_b74_n7 G2n_3 14213174.6491 - 30802467.4912*$.1
Bplus_d111_a-185_b74_n7 INV_3 UNREC
Bplus_d111_a-148_b37_n8 BIGP_OK sgn=1 blk=1
Bplus_d111_a-148_b37_n8 G2n_1 -52562.9299135 + 47055.5168198*$.1
Bplus_d111_a-148_b37_n8 INV_1 UNREC
Bplus_d111_a-148_b37_n8 G2n_2 -237.075566974 + 3941.12785707*$.1
Bplus_d111_a-148_b37_n8 INV_2 UNREC
Bplus_d111_a-148_b37_n8 G2n_3 -135.331912893 - 99.8822939114*$.1
Bplus_d111_a-148_b37_n8 INV_3 UNREC
Bminus LATTICE_INDEX 1/37
Bminus AB_BASIS [ 37, 0 ] [ 0, 37 ] (dd2=37)
Bminus N_POSFORMS 14 types [ 74, 111, 407 ]
Bminus_d74_a-259_b111_n1 BIGP_OK sgn=1 blk=1
Bminus_d74_a-259_b111_n1 G2n_1 -24949448417.2 + 8325388059.32*$.1
Bminus_d74_a-259_b111_n1 INV_1 UNREC
Bminus_d74_a-259_b111_n1 G2n_2 -975882829.585 + 648455261.754*$.1
Bminus_d74_a-259_b111_n1 INV_2 UNREC
Bminus_d74_a-259_b111_n1 G2n_3 -55929270.1483 + 96287971.6843*$.1
Bminus_d74_a-259_b111_n1 INV_3 UNREC
Bminus_d74_a-185_b37_n2 BIGP_OK sgn=1 blk=1
Bminus_d74_a-185_b37_n2 G2n_1 -4.78692819754E12 - 178653944575.*$.1
Bminus_d74_a-185_b37_n2 INV_1 UNREC
Bminus_d74_a-185_b37_n2 G2n_2 -188737398216. + 59871509004.9*$.1
Bminus_d74_a-185_b37_n2 INV_2 UNREC
Bminus_d74_a-185_b37_n2 G2n_3 -6993412710.42 + 7052695107.96*$.1
Bminus_d74_a-185_b37_n2 INV_3 UNREC
Bminus_d74_a-111_b37_n3 BIGP_OK sgn=1 blk=1
Bminus_d74_a-111_b37_n3 G2n_1 4.89233919430E12 - 5.46627034479E12*$.1
Bminus_d74_a-111_b37_n3 INV_1 UNREC
Bminus_d74_a-111_b37_n3 G2n_2 27579428777.3 - 12962642464.9*$.1
Bminus_d74_a-111_b37_n3 INV_2 UNREC
Bminus_d74_a-111_b37_n3 G2n_3 127792757.001 - 127184.194967*$.1
Bminus_d74_a-111_b37_n3 INV_3 UNREC
Bminus_d74_a111_b-37_n4 BIGP_OK sgn=1 blk=1
Bminus_d74_a111_b-37_n4 G2n_1 4.89233919430E12 - 5.46627034479E12*$.1
Bminus_d74_a111_b-37_n4 INV_1 UNREC
Bminus_d74_a111_b-37_n4 G2n_2 27579428777.3 - 12962642464.9*$.1
Bminus_d74_a111_b-37_n4 INV_2 UNREC
Bminus_d74_a111_b-37_n4 G2n_3 127792757.001 - 127184.194967*$.1
Bminus_d74_a111_b-37_n4 INV_3 UNREC
Bminus_d74_a185_b-37_n5 BIGP_OK sgn=1 blk=1
Bminus_d74_a185_b-37_n5 G2n_1 -4.78692819754E12 - 178653944575.*$.1
Bminus_d74_a185_b-37_n5 INV_1 UNREC
Bminus_d74_a185_b-37_n5 G2n_2 -188737398216. + 59871509004.9*$.1
Bminus_d74_a185_b-37_n5 INV_2 UNREC
Bminus_d74_a185_b-37_n5 G2n_3 -6993412710.42 + 7052695107.96*$.1
Bminus_d74_a185_b-37_n5 INV_3 UNREC
Bminus_d74_a259_b-111_n6 BIGP_OK sgn=1 blk=1
Bminus_d74_a259_b-111_n6 G2n_1 -24949448417.2 + 8325388059.32*$.1
Bminus_d74_a259_b-111_n6 INV_1 UNREC
Bminus_d74_a259_b-111_n6 G2n_2 -975882829.585 + 648455261.754*$.1
Bminus_d74_a259_b-111_n6 INV_2 UNREC
Bminus_d74_a259_b-111_n6 G2n_3 -55929270.1483 + 96287971.6843*$.1
Bminus_d74_a259_b-111_n6 INV_3 UNREC
Bminus_d111_a-185_b74_n7 BIGP_OK sgn=1 blk=1
Bminus_d111_a-185_b74_n7 G2n_1 -3.86428902724E13 - 2.78493301091E13*$.1
Bminus_d111_a-185_b74_n7 INV_1 UNREC
Bminus_d111_a-185_b74_n7 G2n_2 -1.60975089532E12 - 1.16402075625E12*$.1
Bminus_d111_a-185_b74_n7 INV_2 UNREC
Bminus_d111_a-185_b74_n7 G2n_3 -89371642088.0 - 65051586657.0*$.1
Bminus_d111_a-185_b74_n7 INV_3 UNREC
Bminus_d111_a-148_b37_n8 BIGP_OK sgn=1 blk=1
Bminus_d111_a-148_b37_n8 G2n_1 -134966.646638 - 106927.346504*$.1
Bminus_d111_a-148_b37_n8 INV_1 UNREC
Bminus_d111_a-148_b37_n8 G2n_2 -20796.7826574 - 30532.5990874*$.1
Bminus_d111_a-148_b37_n8 INV_2 UNREC
Bminus_d111_a-148_b37_n8 G2n_3 -13083.9909856 - 3353.89120783*$.1
Bminus_d111_a-148_b37_n8 INV_3 UNREC
Bfull LATTICE_INDEX 1/1369
Bfull AB_BASIS [ 111, -148 ] [ 259, 111 ] (dd2=1369)
Bfull N_POSFORMS 16 types [ 26, 71, 107, 122, 299, 491, 543, 786 ]
Bfull_d26_a481_b-185_n1 BIGP_OK sgn=1 blk=1
Bfull_d26_a481_b-185_n1 G2n_1 23000687.3529 - 11847793.6375*$.1
Bfull_d26_a481_b-185_n1 INV_1 UNREC
Bfull_d26_a481_b-185_n1 G2n_2 1072353.56947 - 1867929.41471*$.1
Bfull_d26_a481_b-185_n1 INV_2 UNREC
Bfull_d26_a481_b-185_n1 G2n_3 -74803.2784400 - 162889.034030*$.1
Bfull_d26_a481_b-185_n1 INV_3 UNREC
Bfull_d26_a-481_b185_n2 BIGP_OK sgn=1 blk=1
Bfull_d26_a-481_b185_n2 G2n_1 23000687.3529 - 11847793.6375*$.1
Bfull_d26_a-481_b185_n2 INV_1 UNREC
Bfull_d26_a-481_b185_n2 G2n_2 1072353.56947 - 1867929.41471*$.1
Bfull_d26_a-481_b185_n2 INV_2 UNREC
Bfull_d26_a-481_b185_n2 G2n_3 -74803.2784400 - 162889.034030*$.1
Bfull_d26_a-481_b185_n2 INV_3 UNREC
GL2_37Q_DONE
