PIECE 22
PERIOD_TERMS 80457
PERIODS ok
POSDEF a=3 b=-1 edivs=[ 1, 1, 2, 2 ]
POSDEF a=4 b=-1 edivs=[ 1, 1, 3, 3 ]
POSDEF a=5 b=-2 edivs=[ 1, 1, 3, 3 ]
POSDEF a=5 b=-1 edivs=[ 1, 1, 2, 2 ]
POSDEF a=6 b=-2 edivs=[ 1, 1, 2, 2 ]
POSDEF a=7 b=-3 edivs=[ 1, 1, 2, 2 ]
POSDEF a=7 b=-2 edivs=[ 1, 1, 11, 11 ]
POSDEF a=8 b=-3 edivs=[ 1, 1, 11, 11 ]
POSDEF a=8 b=-2 edivs=[ 1, 1, 3, 3 ]
POSDEF a=9 b=-3 edivs=[ 1, 1, 2, 2 ]
POSDEF a=9 b=-2 edivs=[ 1, 1, 11, 11 ]
POSDEF a=10 b=-4 edivs=[ 1, 1, 3, 3 ]
POSDEF a=10 b=-3 edivs=[ 1, 1, 23, 23 ]
POSDEF a=10 b=-2 edivs=[ 1, 1, 2, 2 ]
POSDEF a=11 b=-4 edivs=[ 1, 1, 23, 23 ]
POSDEF a=11 b=-3 edivs=[ 1, 1, 26, 26 ]
POSDEF a=11 b=-2 edivs=[ 1, 1, 3, 3 ]
POSDEF a=12 b=-5 edivs=[ 1, 1, 11, 11 ]
POSDEF a=12 b=-4 edivs=[ 1, 1, 2, 2 ]
POSDEF a=12 b=-3 edivs=[ 1, 1, 3, 3 ]
N_POSDEF 20
TRY_FORM a=3 b=-1 type=(1,2)
  isotropics: 1
  PRINCIPAL_LATTICE found (index 2)
  bigP valid (sgn=1 blk=1)

Calculating theta derivatives...
done calculating theta derivatives.

Identifying correct twist...

Finding geometric homomorphisms...
done finding geometric homomorphisms.
done identifying correct twist.

Algebraizing...
Failed to algebraize coefficients.

Calculating theta derivatives...
done calculating theta derivatives.

Identifying correct twist...
done identifying correct twist.

Algebraizing...
Failed to algebraize coefficients.
  recfail
  bigP valid (sgn=-1 blk=2)

Calculating theta derivatives...
done calculating theta derivatives.

Identifying correct twist...

Finding geometric homomorphisms...
done finding geometric homomorphisms.
done identifying correct twist.

Algebraizing...
Failed to algebraize coefficients.

Calculating theta derivatives...
done calculating theta derivatives.

Identifying correct twist...
done identifying correct twist.

Algebraizing...
Failed to algebraize coefficients.
  recfail
TRY_FORM a=4 b=-1 type=(1,3)
  isotropics: 1
  PRINCIPAL_LATTICE found (index 3)
  bigP valid (sgn=1 blk=1)

Calculating theta derivatives...
done calculating theta derivatives.

Identifying correct twist...

Finding geometric homomorphisms...
done finding geometric homomorphisms.
done identifying correct twist.

Algebraizing...
Failed to algebraize coefficients.

Calculating theta derivatives...
done calculating theta derivatives.

Identifying correct twist...
done identifying correct twist.

Algebraizing...
Failed to algebraize coefficients.
  recfail
  bigP valid (sgn=-1 blk=2)

Calculating theta derivatives...
done calculating theta derivatives.

Identifying correct twist...
done identifying correct twist.

Algebraizing...
Failed to algebraize coefficients.

Calculating theta derivatives...
done calculating theta derivatives.

Identifying correct twist...
done identifying correct twist.

Algebraizing...
Failed to algebraize coefficients.
  recfail
TRY_FORM a=5 b=-2 type=(1,3)
  isotropics: 1
  PRINCIPAL_LATTICE found (index 3)
  bigP valid (sgn=1 blk=1)

Calculating theta derivatives...
done calculating theta derivatives.

Identifying correct twist...

Finding geometric homomorphisms...
done finding geometric homomorphisms.
done identifying correct twist.

Algebraizing...
Failed to algebraize coefficients.

Calculating theta derivatives...
done calculating theta derivatives.

Identifying correct twist...
done identifying correct twist.

Algebraizing...
Failed to algebraize coefficients.
  recfail
  bigP valid (sgn=-1 blk=2)

Calculating theta derivatives...
done calculating theta derivatives.

Identifying correct twist...
done identifying correct twist.

Algebraizing...
Failed to algebraize coefficients.

Calculating theta derivatives...
done calculating theta derivatives.

Identifying correct twist...
done identifying correct twist.

Algebraizing...
Failed to algebraize coefficients.
  recfail
TRY_FORM a=5 b=-1 type=(1,2)
  isotropics: 1
  PRINCIPAL_LATTICE found (index 2)
  bigP valid (sgn=1 blk=1)

Calculating theta derivatives...
done calculating theta derivatives.

Identifying correct twist...

Finding geometric homomorphisms...
done finding geometric homomorphisms.
done identifying correct twist.

Algebraizing...
Failed to algebraize coefficients.

Calculating theta derivatives...
done calculating theta derivatives.

Identifying correct twist...
done identifying correct twist.

Algebraizing...
Failed to algebraize coefficients.
  recfail
  bigP valid (sgn=-1 blk=2)

Calculating theta derivatives...
done calculating theta derivatives.

Identifying correct twist...
done identifying correct twist.

Algebraizing...
Failed to algebraize coefficients.

Calculating theta derivatives...
done calculating theta derivatives.

Identifying correct twist...
done identifying correct twist.

Algebraizing...
Failed to algebraize coefficients.
  recfail
TRY_FORM a=6 b=-2 type=(1,2)
  isotropics: 1
  PRINCIPAL_LATTICE found (index 2)
  bigP valid (sgn=1 blk=1)

Calculating theta derivatives...
done calculating theta derivatives.

Identifying correct twist...
done identifying correct twist.

Algebraizing...
Failed to algebraize coefficients.

Calculating theta derivatives...
done calculating theta derivatives.

Identifying correct twist...
done identifying correct twist.

Algebraizing...
Failed to algebraize coefficients.
  recfail
  bigP valid (sgn=-1 blk=2)

Calculating theta derivatives...
done calculating theta derivatives.

Identifying correct twist...
done identifying correct twist.

Algebraizing...
Failed to algebraize coefficients.

Calculating theta derivatives...
done calculating theta derivatives.

Identifying correct twist...
done identifying correct twist.

Algebraizing...
Failed to algebraize coefficients.
  recfail
TRY_FORM a=7 b=-3 type=(1,2)
  isotropics: 1
  PRINCIPAL_LATTICE found (index 2)
  bigP valid (sgn=1 blk=1)

Calculating theta derivatives...
done calculating theta derivatives.

Identifying correct twist...

Finding geometric homomorphisms...
done finding geometric homomorphisms.
done identifying correct twist.

Algebraizing...
Failed to algebraize coefficients.

Calculating theta derivatives...
done calculating theta derivatives.

Identifying correct twist...
done identifying correct twist.

Algebraizing...
Failed to algebraize coefficients.
  recfail
  bigP valid (sgn=-1 blk=2)

Calculating theta derivatives...
done calculating theta derivatives.

Identifying correct twist...

Finding geometric homomorphisms...
done finding geometric homomorphisms.
done identifying correct twist.

Algebraizing...
Failed to algebraize coefficients.

Calculating theta derivatives...
done calculating theta derivatives.

Identifying correct twist...
done identifying correct twist.

Algebraizing...
Failed to algebraize coefficients.
  recfail
TRY_FORM a=8 b=-2 type=(1,3)
  isotropics: 1
  PRINCIPAL_LATTICE found (index 3)
  bigP valid (sgn=1 blk=1)

Calculating theta derivatives...
done calculating theta derivatives.

Identifying correct twist...
done identifying correct twist.

Algebraizing...
Failed to algebraize coefficients.

Calculating theta derivatives...
done calculating theta derivatives.

Identifying correct twist...
done identifying correct twist.

Algebraizing...
Failed to algebraize coefficients.
  recfail
  bigP valid (sgn=-1 blk=2)

Calculating theta derivatives...
done calculating theta derivatives.

Identifying correct twist...
done identifying correct twist.

Algebraizing...
Failed to algebraize coefficients.

Calculating theta derivatives...
done calculating theta derivatives.

Identifying correct twist...
done identifying correct twist.

Algebraizing...
Failed to algebraize coefficients.
  recfail
TRY_FORM a=9 b=-3 type=(1,2)
  isotropics: 1
  PRINCIPAL_LATTICE found (index 2)
  bigP valid (sgn=1 blk=1)

Calculating theta derivatives...
done calculating theta derivatives.

Identifying correct twist...
done identifying correct twist.

Algebraizing...
Failed to algebraize coefficients.

Calculating theta derivatives...
done calculating theta derivatives.

Identifying correct twist...
done identifying correct twist.

Algebraizing...
Failed to algebraize coefficients.
  recfail
  bigP valid (sgn=-1 blk=2)

Calculating theta derivatives...
done calculating theta derivatives.

Identifying correct twist...
done identifying correct twist.

Algebraizing...
Failed to algebraize coefficients.

Calculating theta derivatives...
done calculating theta derivatives.

Identifying correct twist...
done identifying correct twist.

Algebraizing...
Failed to algebraize coefficients.
  recfail
TRY_FORM a=10 b=-4 type=(1,3)
  isotropics: 1
  PRINCIPAL_LATTICE found (index 3)
  bigP valid (sgn=1 blk=1)

Calculating theta derivatives...
done calculating theta derivatives.

Identifying correct twist...
done identifying correct twist.

Algebraizing...
Failed to algebraize coefficients.

Calculating theta derivatives...
done calculating theta derivatives.

Identifying correct twist...
done identifying correct twist.

Algebraizing...
Failed to algebraize coefficients.
  recfail
  bigP valid (sgn=-1 blk=2)

Calculating theta derivatives...
done calculating theta derivatives.

Identifying correct twist...
done identifying correct twist.

Algebraizing...
Failed to algebraize coefficients.

Calculating theta derivatives...
done calculating theta derivatives.

Identifying correct twist...
done identifying correct twist.

Algebraizing...
Failed to algebraize coefficients.
  recfail
TRY_FORM a=10 b=-2 type=(1,2)
  isotropics: 1
  PRINCIPAL_LATTICE found (index 2)
  bigP valid (sgn=1 blk=1)

Calculating theta derivatives...
done calculating theta derivatives.

Identifying correct twist...
done identifying correct twist.

Algebraizing...
Failed to algebraize coefficients.

Calculating theta derivatives...
done calculating theta derivatives.

Identifying correct twist...
done identifying correct twist.

Algebraizing...
Failed to algebraize coefficients.
  recfail
  bigP valid (sgn=-1 blk=2)

Calculating theta derivatives...
done calculating theta derivatives.

Identifying correct twist...
done identifying correct twist.

Algebraizing...
Failed to algebraize coefficients.

Calculating theta derivatives...
done calculating theta derivatives.

Identifying correct twist...
done identifying correct twist.

Algebraizing...
Failed to algebraize coefficients.
  recfail
TRY_FORM a=11 b=-2 type=(1,3)
  isotropics: 1
  PRINCIPAL_LATTICE found (index 3)
  bigP valid (sgn=1 blk=1)

Calculating theta derivatives...
done calculating theta derivatives.

Identifying correct twist...

Finding geometric homomorphisms...
done finding geometric homomorphisms.
done identifying correct twist.

Algebraizing...
Failed to algebraize coefficients.

Calculating theta derivatives...
done calculating theta derivatives.

Identifying correct twist...
done identifying correct twist.

Algebraizing...
Failed to algebraize coefficients.
  recfail
  bigP valid (sgn=-1 blk=2)

Calculating theta derivatives...
done calculating theta derivatives.

Identifying correct twist...
done identifying correct twist.

Algebraizing...
Failed to algebraize coefficients.

Calculating theta derivatives...
done calculating theta derivatives.

Identifying correct twist...
done identifying correct twist.

Algebraizing...
Failed to algebraize coefficients.
  recfail
TRY_FORM a=12 b=-4 type=(1,2)
  isotropics: 1
  PRINCIPAL_LATTICE found (index 2)
  bigP valid (sgn=1 blk=1)

Calculating theta derivatives...
done calculating theta derivatives.

Identifying correct twist...
done identifying correct twist.

Algebraizing...
Failed to algebraize coefficients.

Calculating theta derivatives...
done calculating theta derivatives.

Identifying correct twist...
done identifying correct twist.

Algebraizing...
Failed to algebraize coefficients.
  recfail
  bigP valid (sgn=-1 blk=2)

Calculating theta derivatives...
done calculating theta derivatives.

Identifying correct twist...
done identifying correct twist.

Algebraizing...
Failed to algebraize coefficients.

Calculating theta derivatives...
done calculating theta derivatives.

Identifying correct twist...
done identifying correct twist.

Algebraizing...
Failed to algebraize coefficients.
  recfail
TRY_FORM a=12 b=-3 type=(1,3)
  isotropics: 1
  PRINCIPAL_LATTICE found (index 3)
  bigP valid (sgn=1 blk=1)

Calculating theta derivatives...
done calculating theta derivatives.

Identifying correct twist...
done identifying correct twist.

Algebraizing...
Failed to algebraize coefficients.

Calculating theta derivatives...
done calculating theta derivatives.

Identifying correct twist...
done identifying correct twist.

Algebraizing...
Failed to algebraize coefficients.
  recfail
  bigP valid (sgn=-1 blk=2)

Calculating theta derivatives...
done calculating theta derivatives.

Identifying correct twist...
done identifying correct twist.

Algebraizing...
Failed to algebraize coefficients.

Calculating theta derivatives...
done calculating theta derivatives.

Identifying correct twist...
done identifying correct twist.

Algebraizing...
Failed to algebraize coefficients.
  recfail
GL2_FINAL_DONE
