PIECE 22
N_BRANCHES 2 dims [ 2, 2 ]
PERIOD_TERMS 80457
PERIODS ok
E1 [ 0, 0, 2, 1, 0, 0, 1, 1, -2, -1, 0, 0, -1, -1, 0, 0 ]
E2 [ 0, -3, 0, -2, 3, 0, 2, 4, 0, -2, 0, 3, 2, -4, -3, 0 ]
Bcontrol LATTICE_INDEX 1/1
Bcontrol AB_BASIS [ 1, 0 ] [ 0, 1 ] (dd2=1)
Bcontrol N_POSFORMS 14 types [ 2, 3, 11 ]
Bcontrol_d2_a-7_b3_n1 BIGP_OK sgn=1 blk=1

Calculating theta derivatives...
done calculating theta derivatives.

Identifying correct twist...
done identifying correct twist.

Algebraizing...
done.
Bcontrol_d2_a-7_b3_n1 EXACT_CURVE over $.1^3 - $.1^2 - 51*$.1 - 129
Hyperelliptic Curve defined by y^2 = 1/188696*(-79338395*$.1^2 + 458748990*$.1 + 3265747859)*x^6 + 1/47174*(75123387*$.1^2 - 422011134*$.1 - 2913676335)*x^5 + 1/188696*(-461732739*$.1^2 + 2531262798*$.1 + 16983850529)*x^4 + 1/94348*(185430019*$.1^2 - 995756958*$.1 - 6499444593)*x^3 + 1/94348*(-82561695*$.1^2 + 436329990*$.1 + 2768085958)*x^2 + 1/23587*(4866660*$.1^2 - 25476120*$.1 - 156581085)*x + 1/94348*(-1921905*$.1^2 + 10041210*$.1 + 59563845) over Number Field with defining polynomial $.1^3 - $.1^2 - 51*$.1 - 129 over the Rational Field
Bcontrol_d2_a-7_b3_n1 G2_DEGREES [ 3, 3, 3 ]
Bcontrol_d2_a-5_b1_n2 BIGP_OK sgn=1 blk=1

Calculating theta derivatives...
done calculating theta derivatives.

Identifying correct twist...
done identifying correct twist.

Algebraizing...
done.
Bcontrol_d2_a-5_b1_n2 EXACT_CURVE over $.1^3 + 3*$.1 - 54
Hyperelliptic Curve defined by y^2 = 1/141522*(-1249625*$.1^2 + 4404150*$.1 + 16094025)*x^6 + 1/23587*(-1141390*$.1^2 - 148140*$.1 + 18790860)*x^5 + 1/94348*(-10197534*$.1^2 - 17892684*$.1 + 140338561)*x^4 + 1/47174*(-5452521*$.1^2 - 14912946*$.1 + 51156636)*x^3 + 1/94348*(-5551157*$.1^2 - 20798082*$.1 + 36632956)*x^2 + 1/23587*(-315025*$.1^2 - 1636650*$.1 + 1811490)*x + 1/283044*(-256331*$.1^2 - 2314206*$.1 + 1921287) over Number Field with defining polynomial $.1^3 + 3*$.1 - 54 over the Rational Field
Bcontrol_d2_a-5_b1_n2 G2_DEGREES [ 3, 3, 3 ]
Bcontrol_d2_a-3_b1_n3 BIGP_OK sgn=1 blk=1

Calculating theta derivatives...
done calculating theta derivatives.

Identifying correct twist...
done identifying correct twist.

Algebraizing...
done.
Bcontrol_d2_a-3_b1_n3 EXACT_CURVE over $.1^3 + 3*$.1 - 54
Hyperelliptic Curve defined by y^2 = 1/70761*(304360*$.1^2 + 194256*$.1 - 5052516)*x^6 + 1/23587*(-413320*$.1^2 - 1162368*$.1 + 4982718)*x^5 + 1/94348*(315736*$.1^2 - 397440*$.1 - 17223893)*x^4 + 1/141522*(-1137241*$.1^2 + 801168*$.1 - 5469876)*x^3 + 1/94348*(786865*$.1^2 + 2043498*$.1 + 17488258)*x^2 + 1/23587*(-50136*$.1^2 - 165408*$.1 - 1491258)*x + 1/94348*(-12331*$.1^2 + 184258*$.1 + 411795) over Number Field with defining polynomial $.1^3 + 3*$.1 - 54 over the Rational Field
Bcontrol_d2_a-3_b1_n3 G2_DEGREES [ 3, 3, 3 ]
Bcontrol_d2_a3_b-1_n4 BIGP_OK sgn=1 blk=1

Calculating theta derivatives...
done calculating theta derivatives.

Identifying correct twist...
done identifying correct twist.

Algebraizing...
done.
Bcontrol_d2_a3_b-1_n4 EXACT_CURVE over $.1^3 + 3*$.1 - 54
Hyperelliptic Curve defined by y^2 = 1/70761*(304360*$.1^2 + 194256*$.1 - 5052516)*x^6 + 1/23587*(-413320*$.1^2 - 1162368*$.1 + 4982718)*x^5 + 1/94348*(315736*$.1^2 - 397440*$.1 - 17223893)*x^4 + 1/141522*(-1137241*$.1^2 + 801168*$.1 - 5469876)*x^3 + 1/94348*(786865*$.1^2 + 2043498*$.1 + 17488258)*x^2 + 1/23587*(-50136*$.1^2 - 165408*$.1 - 1491258)*x + 1/94348*(-12331*$.1^2 + 184258*$.1 + 411795) over Number Field with defining polynomial $.1^3 + 3*$.1 - 54 over the Rational Field
Bcontrol_d2_a3_b-1_n4 G2_DEGREES [ 3, 3, 3 ]
Bcontrol_d2_a5_b-1_n5 BIGP_OK sgn=1 blk=1

Calculating theta derivatives...
done calculating theta derivatives.

Identifying correct twist...
done identifying correct twist.

Algebraizing...
done.
Bcontrol_d2_a5_b-1_n5 EXACT_CURVE over $.1^3 + 3*$.1 - 54
Hyperelliptic Curve defined by y^2 = 1/141522*(-1249625*$.1^2 + 4404150*$.1 + 16094025)*x^6 + 1/23587*(-1141390*$.1^2 - 148140*$.1 + 18790860)*x^5 + 1/94348*(-10197534*$.1^2 - 17892684*$.1 + 140338561)*x^4 + 1/47174*(-5452521*$.1^2 - 14912946*$.1 + 51156636)*x^3 + 1/94348*(-5551157*$.1^2 - 20798082*$.1 + 36632956)*x^2 + 1/23587*(-315025*$.1^2 - 1636650*$.1 + 1811490)*x + 1/283044*(-256331*$.1^2 - 2314206*$.1 + 1921287) over Number Field with defining polynomial $.1^3 + 3*$.1 - 54 over the Rational Field
Bcontrol_d2_a5_b-1_n5 G2_DEGREES [ 3, 3, 3 ]
Bcontrol_d2_a7_b-3_n6 BIGP_OK sgn=1 blk=1

Calculating theta derivatives...
done calculating theta derivatives.

Identifying correct twist...
done identifying correct twist.

Algebraizing...
done.
Bcontrol_d2_a7_b-3_n6 EXACT_CURVE over $.1^3 - $.1^2 - 51*$.1 - 129
Hyperelliptic Curve defined by y^2 = 1/188696*(-79338395*$.1^2 + 458748990*$.1 + 3265747859)*x^6 + 1/47174*(75123387*$.1^2 - 422011134*$.1 - 2913676335)*x^5 + 1/188696*(-461732739*$.1^2 + 2531262798*$.1 + 16983850529)*x^4 + 1/94348*(185430019*$.1^2 - 995756958*$.1 - 6499444593)*x^3 + 1/94348*(-82561695*$.1^2 + 436329990*$.1 + 2768085958)*x^2 + 1/23587*(4866660*$.1^2 - 25476120*$.1 - 156581085)*x + 1/94348*(-1921905*$.1^2 + 10041210*$.1 + 59563845) over Number Field with defining polynomial $.1^3 - $.1^2 - 51*$.1 - 129 over the Rational Field
Bcontrol_d2_a7_b-3_n6 G2_DEGREES [ 3, 3, 3 ]
Bcontrol_d3_a-5_b2_n7 BIGP_OK sgn=1 blk=1

Calculating theta derivatives...
done calculating theta derivatives.

Identifying correct twist...
done identifying correct twist.

Algebraizing...
Bcontrol_d3_a-5_b2_n7 FREEFIELD_ERR Failed to find minimal polynomial using LLL. Try increasing the precision.
Bcontrol_d3_a-5_b2_n8 BIGP_OK sgn=1 blk=1

Calculating theta derivatives...
done calculating theta derivatives.

Identifying correct twist...
done identifying correct twist.

Algebraizing...
Bcontrol_d3_a-5_b2_n8 FREEFIELD_ERR Failed to find minimal polynomial using LLL. Try increasing the precision.
Bcontrol_d3_a-4_b1_n9 BIGP_OK sgn=1 blk=1

Calculating theta derivatives...
done calculating theta derivatives.

Identifying correct twist...
done identifying correct twist.

Algebraizing...
Bcontrol_d3_a-4_b1_n9 FREEFIELD_ERR Failed to find minimal polynomial using LLL. Try increasing the precision.
Bcontrol_d3_a-4_b1_n10 BIGP_OK sgn=1 blk=1

Calculating theta derivatives...
done calculating theta derivatives.

Identifying correct twist...
done identifying correct twist.

Algebraizing...
Bcontrol_d3_a-4_b1_n10 FREEFIELD_ERR Failed to find minimal polynomial using LLL. Try increasing the precision.
Bcontrol_d3_a4_b-1_n11 BIGP_OK sgn=1 blk=1

Calculating theta derivatives...
done calculating theta derivatives.

Identifying correct twist...
done identifying correct twist.

Algebraizing...
Bcontrol_d3_a4_b-1_n11 FREEFIELD_ERR Failed to find minimal polynomial using LLL. Try increasing the precision.
Bcontrol_d3_a4_b-1_n12 BIGP_OK sgn=1 blk=1

Calculating theta derivatives...
done calculating theta derivatives.

Identifying correct twist...
done identifying correct twist.

Algebraizing...
Bcontrol_d3_a4_b-1_n12 FREEFIELD_ERR Failed to find minimal polynomial using LLL. Try increasing the precision.
GL2_37Q_DONE
