BW_CANDIDATE b -38/69 w 68/61
 f -22040/4761*T^5 - 1742390160911/84344357241*T^4 - 2554164411332/84344357241*T^3 - 1403935721372/84344357241*T^2 - 4933817248/1222381989*T - 449719360/1222381989
 f_integral -32932558703776378506840*T^5 - 146960778185080858006551*T^4 - 215429355561634676655012*T^3 - 118414056026801006654652*T^2 - 28713635472371245000992*T - 2617259034704338117440
yscale 84344357241
 D12_order 12 D12 (x + 1, 95307169149, 1)
 TORSION [ 12 ]
order 12
 GENERATOR 1 order 12 mumford (x + 1, -95307169149, 1)
 GEOMETRICALLY_SIMPLE true type D4 prime 41
 FROBENIUS T^4 + 3*T^3 - 8*T^2 + 123*T + 1681
 CYCLIC60_CERTIFIED false
BW_CANDIDATE b -43/55 w -47/36
 f -24252/3025*T^5 + 46369595089/1317690000*T^4 + 38361582493/988267500*T^3 + 309313532747/5929605000*T^2 + 24468247/980100*T + 762747631/215622000
 f_integral -1127544522630768000000*T^5 + 4949160891978777210000*T^4 + 5459256752601726360000*T^3 + 7336428281377099740000*T^2 + 3511106362008927000000*T + 497507138316733050000
yscale 11859210000
 D12_order 12 D12 (x + 1, -70287109200, 1)
 TORSION [ 12 ]
order 12
 GENERATOR 1 order 12 mumford (x + 1, 70287109200, 1)
 GEOMETRICALLY_SIMPLE true type D4 prime 17
 FROBENIUS T^4 - 3*T^3 + 4*T^2 - 51*T + 289
 CYCLIC60_CERTIFIED false
BW_CANDIDATE b -91/4 w -71/52
 f -8463/2*T^5 + 2540470025/1024*T^4 + 36974238475/13312*T^3 + 835862229409/692224*T^2 + 2330433497/6656*T + 16709637/256
 f_integral -2027625061023744*T^5 + 1188796242067865600*T^4 + 1330911673214156800*T^3 + 578603895890415616*T^2 + 167770927690842112*T + 31276659006308352
yscale 692224
 D12_order 12 D12 (x + 1, -549565120, 1)
 TORSION [ 12 ]
order 12
 GENERATOR 1 order 12 mumford (x + 1, 549565120, 1)
 GEOMETRICALLY_SIMPLE true type D4 prime 23
 FROBENIUS T^4 - 3*T^3 + 22*T^2 - 69*T + 529
 CYCLIC60_CERTIFIED false
BW_CANDIDATE b -92/75 w -43/50
 f -95312/5625*T^5 + 1201817432329/19775390625*T^4 + 1998077647579/19775390625*T^3 + 8494172116729/79101562500*T^2 + 13024582094/263671875*T + 15740924/2109375
 f_integral -106021801757812500000000*T^5 + 380262546947847656250000*T^4 + 632204255679292968750000*T^3 + 671902286577196289062500*T^2 + 309079438363476562500000*T + 46692438134765625000000
yscale 79101562500
 D12_order 12 D12 (x + 1, -513415406250, 1)
 TORSION [ 12 ]
order 12
 GENERATOR 1 order 12 mumford (x + 1, 513415406250, 1)
 GEOMETRICALLY_SIMPLE true type D4 prime 11
 FROBENIUS T^4 + T^3 - 14*T^2 + 11*T + 121
 CYCLIC60_CERTIFIED false
BW_CANDIDATE b 13/86 w 81/7
 f 780/1849*T^5 + 1312822016/167521249*T^4 + 1672779047/47863214*T^3 + 140584454097/2680339984*T^2 - 62210187/2226196*T + 50170185/15583372
 f_integral 3030661706471992320*T^5 + 56300949461764603904*T^4 + 251082527588004853888*T^3 + 376814133445001714448*T^2 - 200760319760373277632*T + 23129382291950450880
yscale 2680339984
 D12_order 12 D12 (x + 1, 20072159716, 1)
 TORSION [ 12 ]
order 12
 GENERATOR 1 order 12 mumford (x + 1, 20072159716, 1)
 GEOMETRICALLY_SIMPLE true type D4 prime 11
 FROBENIUS T^4 + T^3 - 14*T^2 + 11*T + 121
 CYCLIC60_CERTIFIED false
BW_CANDIDATE b 15/26 w 61/18
 f -60/169*T^5 - 1696139/1028196*T^4 + 4719229/6169176*T^3 + 1623800161/148060224*T^2 + 14520745/949104*T + 2032825/316368
 f_integral -7782898200330240*T^5 - 36162823719619584*T^4 + 16769522468335104*T^3 + 240420215568896064*T^2 + 335391382146113280*T + 140858885631110400
yscale 148060224
 D12_order 12 D12 (x + 1, 27171144, 1)
 TORSION [ 12 ]
order 12
 GENERATOR 1 order 12 mumford (x^2 + 19/4*x + 15/4, 9880416*x + 37051560, 2)
 GEOMETRICALLY_SIMPLE true type D4 prime 17
 FROBENIUS T^4 + 6*T^3 + 22*T^2 + 102*T + 289
 CYCLIC60_CERTIFIED false
BW_CANDIDATE b 20/83 w -70/99
 f 3440/6889*T^5 + 357344468281/465139004121*T^4 - 301210280780/465139004121*T^3 + 54674824700/155046334707*T^2 - 571228000/5604084387*T - 59080000/5604084387
 f_integral 108035820649163050245360*T^5 + 166214850104372612786001*T^4 - 140104650033015987094380*T^3 + 76294180534344757766100*T^2 - 22053135112820538804000*T - 2280874226167900440000
yscale 465139004121
 D12_order 12 D12 (x + 1, -542540432511, 1)
 TORSION [ 12 ]
order 12
 GENERATOR 1 order 12 mumford (x + 1, -542540432511, 1)
 GEOMETRICALLY_SIMPLE true type D4 prime 17
 FROBENIUS T^4 - 3*T^3 + 4*T^2 - 51*T + 289
 CYCLIC60_CERTIFIED false
BW_CANDIDATE b 63/83 w -49/22
 f -10836/6889*T^5 - 163945492871/22969827364*T^4 - 79990565438/5742456841*T^3 - 15271514783/1044083062*T^2 - 514510290/69186227*T - 287248437/276744908
 f_integral -829904795110168835904*T^5 - 3765799668352762722044*T^4 - 7349477915438420181728*T^3 - 7717249279350246284264*T^2 - 3923646562716123085920*T - 547637901702912895644
yscale 22969827364
 D12_order 12 D12 (x + 1, -8505434960, 1)
 TORSION [ 12 ]
order 12
 GENERATOR 1 order 12 mumford (x + 1, 8505434960, 1)
 GEOMETRICALLY_SIMPLE true type D4 prime 17
 FROBENIUS T^4 - 3*T^3 + 4*T^2 - 51*T + 289
 CYCLIC60_CERTIFIED false
BW_CANDIDATE b 65/77 w -29/72
 f -13780/5929*T^5 - 1446333177071/182233364544*T^4 - 484732281479/45558341136*T^3 - 238586219279/30372227424*T^2 - 2194560355/591666768*T - 2020069675/2366667072
 f_integral -77183337549115152875520*T^5 - 263570161109261245170624*T^4 - 353337578228029705922304*T^3 - 260870216838268367062656*T^2 - 123176012093449716360960*T - 28345555198618704446400
yscale 182233364544
 D12_order 12 D12 (x + 1, -30182689152, 1)
 TORSION [ 12 ]
order 12
 GENERATOR 1 order 12 mumford (x^2 + 118/53*x + 65/53, -133306877088*x - 163489566240, 2)
 GEOMETRICALLY_SIMPLE true type D4 prime 17
 FROBENIUS T^4 - 3*T^3 + 4*T^2 - 51*T + 289
 CYCLIC60_CERTIFIED false
BW_CANDIDATE b 95/63 w 47/65
 f -48260/3969*T^5 + 5501745328/2662250409*T^4 + 937948777076/13311252045*T^3 + 522292858393/5119712325*T^2 + 11917347542/211289715*T + 469324187/42257943
 f_integral -53862194131558547962500*T^5 + 9154389843551149470000*T^4 + 312131814423953853010500*T^3 + 451904172159226583139525*T^2 + 249849836522091576839250*T + 49197428783777235268125
yscale 66556260225
 D12_order 12 D12 (x + 1, 46222656480, 1)
 TORSION [ 12 ]
order 12
 GENERATOR 1 order 12 mumford (x + 1, 46222656480, 1)
 GEOMETRICALLY_SIMPLE true type D4 prime 23
 FROBENIUS T^4 + 3*T^3 - 2*T^2 + 69*T + 529
 CYCLIC60_CERTIFIED false
GENERAL5_VERIFY_DONE
