BW_CANDIDATE b -61/23 w -87/187
 f -35380/529*T^5 + 2276217330256/9785759929*T^4 + 5073804298532/9785759929*T^3 + 451068160143/889614539*T^2 + 96623752950/425467823*T + 15418793283/425467823
 f_integral -6404589084287753060020*T^5 + 22274516340114524111824*T^4 + 49651030792162399124228*T^3 + 48554491994526367408317*T^2 + 21747347545577227432650*T + 3470346017633262408861
yscale 9785759929
 D12_order 12 D12 (x + 1, -96465356988, 1)
 TORSION [ 12 ]
order 12
 GENERATOR 1 order 12 mumford (x + 1, 96465356988, 1)
 GEOMETRICALLY_SIMPLE true type D4 prime 43
 FROBENIUS T^4 - 6*T^3 + 34*T^2 - 258*T + 1849
 CYCLIC60_CERTIFIED false
BW_CANDIDATE b -154/43 w -52/97
 f -216216/1849*T^5 + 25560995144777/32167498609*T^4 + 49627538748556/32167498609*T^3 + 45111852492100/32167498609*T^2 + 465809824480/748081363*T + 76445585216/748081363
 f_integral -121000035901018832662104*T^5 + 822233275764269901115193*T^4 + 1596393783662268730758604*T^3 + 1451135452289039933488900*T^2 + 644309285883814168377760*T + 105739720012294451475392
yscale 32167498609
 D12_order 12 D12 (x + 1, -509318578515, 1)
 TORSION [ 12 ]
order 12
 GENERATOR 1 order 12 mumford (x + 1, 509318578515, 1)
 GEOMETRICALLY_SIMPLE true type D4 prime 47
 FROBENIUS T^4 + 2*T^3 + 34*T^2 + 94*T + 2209
 CYCLIC60_CERTIFIED false
BW_CANDIDATE b 183/67 w -51/86
 f -218868/4489*T^5 - 37071276828791/149037690916*T^4 - 18646429533984/37259422729*T^3 - 36910209048561/74518845458*T^2 - 133777766052/556110787*T - 101682148365/2224443148
 f_integral -1082991107345762521188672*T^5 - 5525017497870825707962556*T^4 - 11116083206291525240357376*T^3 - 11002024655648761505143752*T^2 - 5343365065341970200413376*T - 1015349664179747558406780
yscale 149037690916
 D12_order 12 D12 (x + 1, -6896468656, 1)
 TORSION [ 12 ]
order 12
 GENERATOR 1 order 12 mumford (x + 1, -6896468656, 1)
 GEOMETRICALLY_SIMPLE true type D4 prime 47
 FROBENIUS T^4 - 2*T^3 - 14*T^2 - 94*T + 2209
 CYCLIC60_CERTIFIED false
BW_CANDIDATE b 141/70 w 187/150
 f -29892/1225*T^5 + 525875985989/3751562500*T^4 + 10819474013659/22509375000*T^3 + 287856914720449/540225000000*T^2 + 332550509203/1286250000*T + 4035407827/85750000
 f_integral -7121446913700000000000000*T^5 + 40909155052450683600000000*T^4 + 140278808376694398600000000*T^3 + 155507501754854561025000000*T^2 + 75453881510360083500000000*T + 13734177618048772500000000
yscale 540225000000
 D12_order 12 D12 (x + 1, 1240802745000, 1)
 TORSION [ 12 ]
order 12
 GENERATOR 1 order 12 mumford (x + 1, 1240802745000, 1)
 GEOMETRICALLY_SIMPLE true type D4 prime 19
 FROBENIUS T^4 + T^3 - 22*T^2 + 19*T + 361
 CYCLIC60_CERTIFIED false
BW_CANDIDATE b 79/74 w 117/145
 f -6636/1369*T^5 - 210774111976/39404235025*T^4 + 1224232798967/78808470050*T^3 + 20539870651329/630467760400*T^2 + 90339224157/4259917300*T + 19889836083/4259917300
 f_integral -1926764766291864455040000*T^5 - 2126180517244920616806400*T^4 + 6174714487783583388054400*T^3 + 12949726248449083913571600*T^2 + 8429483312919530461454400*T + 1855905260675873539953600
yscale 630467760400
 D12_order 12 D12 (x + 1, 44921681500, 1)
 TORSION [ 12 ]
order 12
 GENERATOR 1 order 12 mumford (x^2 + 163/84*x + 79/84, -754684249200*x - 709762567700, 2)
 GEOMETRICALLY_SIMPLE true type D4 prime 17
 FROBENIUS T^4 - 3*T^3 + 4*T^2 - 51*T + 289
 CYCLIC60_CERTIFIED false
BW_CANDIDATE b 91/114 w -59/142
 f -6188/3249*T^5 - 1419942841355/212851204164*T^4 - 3823584383461/425702408328*T^3 - 22394461515695/3405619266624*T^2 - 46954874057/14936926608*T - 10983744499/14936926608
 f_integral -22089850766997002407821312*T^5 - 77372555168374622054968320*T^4 - 104173381151019440119245312*T^3 - 76267009603520597365663680*T^2 - 36459576615096358174773504*T - 8528671029887108540713728
yscale 3405619266624
 D12_order 12 D12 (x + 1, -744696402120, 1)
 TORSION [ 12 ]
order 12
 GENERATOR 1 order 12 mumford (x^2 + 159/68*x + 91/68, -2201711101920*x - 2946407504040, 2)
 GEOMETRICALLY_SIMPLE true type D4 prime 43
 FROBENIUS T^4 + 2*T^3 - 18*T^2 + 86*T + 1849
 CYCLIC60_CERTIFIED false
BW_CANDIDATE b 115/134 w -160/143
 f -11040/4489*T^5 - 4052853993361/412070273329*T^4 - 7030373182130/412070273329*T^3 - 27457574880275/1648281093316*T^2 - 54781262000/6150302587*T - 11727930000/6150302587
 f_integral -6681623838475426783388160*T^5 - 26720970444908742741900304*T^4 - 46352124780242889574572320*T^3 - 45257801543465614802741900*T^2 - 24199038137254185604256000*T - 5180687975772582255840000
yscale 1648281093316
 D12_order 12 D12 (x + 1, -270789201826, 1)
 TORSION [ 12 ]
order 12
 GENERATOR 1 order 12 mumford (x + 1, 270789201826, 1)
 GEOMETRICALLY_SIMPLE true type D4 prime 37
 FROBENIUS T^4 + 6*T^3 + 22*T^2 + 222*T + 1369
 CYCLIC60_CERTIFIED false
BW_CANDIDATE b 124/177 w -143/36
 f -35216/31329*T^5 - 436542078980/79502005521*T^4 - 860477718596/79502005521*T^3 - 12301194801743/1272032088336*T^2 - 1224390167/898327746*T + 341496155/149721291
 f_integral -1818819603510069837533184*T^5 - 8884728517943495180436480*T^4 - 17512884309636269150340096*T^3 - 15647514512689095782769648*T^2 - 2205368430790976489630592*T + 3690611994959783501287680
yscale 1272032088336
 D12_order 12 D12 (x + 1, -833931237132, 1)
 TORSION [ 12 ]
order 12
 GENERATOR 1 order 12 mumford (x + 1, 833931237132, 1)
 GEOMETRICALLY_SIMPLE true type D4 prime 61
 FROBENIUS T^4 + 3*T^3 - 68*T^2 + 183*T + 3721
 CYCLIC60_CERTIFIED false
BW_CANDIDATE b -32/183 w -76/141
 f -31616/33489*T^5 + 19124636489929/22296802358601*T^4 - 27221197726328/22296802358601*T^3 + 20981995592848/22296802358601*T^2 + 36806607872/121840450047*T + 828981248/40613483349
 f_integral -469342531982196360786639744*T^5 + 426418239996035676983029329*T^4 - 606945665668334328914947128*T^3 + 467831408822769073686885648*T^2 + 150182548001889647231794176*T + 10147513444057677882212352
yscale 22296802358601
 D12_order 12 D12 (x + 1, -42784375792005, 1)
 TORSION [ 12 ]
order 12
 GENERATOR 1 order 12 mumford (x + 1, 42784375792005, 1)
 GEOMETRICALLY_SIMPLE true type D4 prime 29
 FROBENIUS T^4 + 3*T^3 + 28*T^2 + 87*T + 841
 CYCLIC60_CERTIFIED false
BW_CANDIDATE b -193/198 w -26/125
 f -112712/9801*T^5 - 10747673686241/1500931265625*T^4 + 5460085714438/1500931265625*T^3 + 18349665903358/1500931265625*T^2 + 8238838426/1378265625*T + 12305430644/15160921875
 f_integral -25907253564278689453125000*T^5 - 16131519468414213278765625*T^4 + 8195213361792409675593750*T^3 + 27541587268123031877468750*T^2 + 13466497972571492504906250*T + 1828490953465398302437500
yscale 1500931265625
 D12_order 12 D12 (x + 1, -4181399404875, 1)
 TORSION [ 12 ]
order 12
 GENERATOR 1 order 12 mumford (x + 1, 4181399404875, 1)
 GEOMETRICALLY_SIMPLE true type D4 prime 31
 FROBENIUS T^4 - 9*T^3 + 46*T^2 - 279*T + 961
 CYCLIC60_CERTIFIED false
GENERAL5_VERIFY_DONE
