POINT 60,109,133 (s,m,n)=(2765/3488,66913/26160,60/109) torsion=[ 2, 2, 2, 12 ]
   NEW CURVE class; G2=[ 227593037998372769377425171781483147859944362601736519315735823621400290567983409243148195138633459637028968621125485314369268401/80555305668714798821273453211978701165384881364366063777249899756695218220841945965848560018846993868427264000000000000, 3452927323237503202452264714212997871557491125242433979996883783627889458386819377594109250776126248897373/30783177074610172097344433765962265984670245506671854407566437477570007604576918244378419200000000, 10195791909367690137145438677811586947871936912445671604337915490182989667659317/1815338946982303356419356325203632539389468490195188380498457776016512000 ]
POINT 120,218,143 (s,m,n)=(-92/545,8303/13080,60/109) torsion=[ 2, 2, 2, 12 ]
   SAME CURVE as 60,109,133
POINT 120,241,143 (s,m,n)=(115/3856,-1127/7230,120/241) torsion=[ 2, 2, 2, 12 ]
   SAME CURVE as 60,109,133
POINT 120,241,266 (s,m,n)=(1084/1205,45799/28920,120/241) torsion=[ 2, 2, 2, 12 ]
   SAME CURVE as 60,109,133
POINT 143,218,266 (s,m,n)=(4121/4796,30432/15587,143/218) torsion=[ 2, 2, 2, 12 ]
   SAME CURVE as 60,109,133
POINT 143,241,266 (s,m,n)=(2915/3133,39750/34463,143/241) torsion=[ 2, 2, 2, 12 ]
   SAME CURVE as 60,109,133
POINT 143,437,408 (s,m,n)=(-74437/11362,981215/62491,143/437) torsion=[ 2, 2, 2, 12 ]
   NEW CURVE class; G2=[ 232000667536412710685002676603413058161454671495053721369878472731834678382751986724510877007952868097846028373649064089950539899/9559898038530283355765757619972732710332204037903890501888465682101146144549984974666660584136275123787631200000000, 77977001223914186968034528956877269402359722424714885620171798730093763443841747445005670292997513404615315125059/1316977772381785144028005966972021575844167995860281388714318867998201307302106334207552104934400000000, 1579122652965774751997727942048657359400026229740634387114329150166709313741077956351721/43804531111254304125301580278655863577243864553693761088314594179673661696000000 ]

DISTINCT CURVES: 2
CLASS from (60,109,133) torsion=[ 2, 2, 2, 12 ]
   simplicity certificates: 2  (p=71, p=103)
   f = 182859605906986722537398575/171159827625814824669151232*x^5 - 336734733469748954340977599/192554806079041677752795136*x^4 - 136061944952040252467/21102803109902548992*x^3 + 111050670783577/83258471153664*x^2 + 20442751/2281152*x + 4
CLASS from (143,437,408) torsion=[ 2, 2, 2, 12 ]
   simplicity certificates: 2  (p=37, p=73)
   f = -30741082898668890724348595467009920000/1084921496193054527484303584641*x^5 + 14520558875570431260807969850373276400/1084921496193054527484303584641*x^4 - 31297411878332600101876740000/33616209037213063810081*x^3 + 338295691061864533/80122742237317*x^2 + 17438044708/32273761*x + 4
CLASSIFY_DONE
