KUBERT_OK N=5
KUBERT_OK N=7
KUBERT_OK N=9
PARAMS 1066 values, types 99_79
TYPE 9 x 9
PROGRESS type 9x9 i=40/1066
PROGRESS type 9x9 i=80/1066
PROGRESS type 9x9 i=120/1066
PROGRESS type 9x9 i=160/1066
PROGRESS type 9x9 i=200/1066
PROGRESS type 9x9 i=240/1066
PROGRESS type 9x9 i=280/1066
PROGRESS type 9x9 i=320/1066
PROGRESS type 9x9 i=360/1066
PROGRESS type 9x9 i=400/1066
PROGRESS type 9x9 i=440/1066
PROGRESS type 9x9 i=480/1066
PROGRESS type 9x9 i=520/1066
PROGRESS type 9x9 i=560/1066
PROGRESS type 9x9 i=600/1066
PROGRESS type 9x9 i=640/1066
PROGRESS type 9x9 i=680/1066
PROGRESS type 9x9 i=720/1066
PROGRESS type 9x9 i=760/1066
PROGRESS type 9x9 i=800/1066
PROGRESS type 9x9 i=840/1066
PROGRESS type 9x9 i=880/1066
PROGRESS type 9x9 i=920/1066
PROGRESS type 9x9 i=960/1066
PROGRESS type 9x9 i=1000/1066
PROGRESS type 9x9 i=1040/1066
TYPE 7 x 9
PROGRESS type 7x9 i=40/1066
PROGRESS type 7x9 i=80/1066
PROGRESS type 7x9 i=120/1066
PAIRHIT 7x9 t=-16/3 u=4
GLUE 7x9 t=-16/3 u=4 TORSION [ 63 ] order 63
PAIRHIT 7x9 t=-16/3 u=-1/3
PAIRHIT 7x9 t=-16/3 u=3/4
PROGRESS type 7x9 i=160/1066
PROGRESS type 7x9 i=200/1066
PROGRESS type 7x9 i=240/1066
PROGRESS type 7x9 i=280/1066
PROGRESS type 7x9 i=320/1066
PROGRESS type 7x9 i=360/1066
PROGRESS type 7x9 i=400/1066
PROGRESS type 7x9 i=440/1066
PROGRESS type 7x9 i=480/1066
