KUBERT_OK N=5
KUBERT_OK N=7
KUBERT_OK N=9
PARAMS 270 values, types 55_57
TYPE 5 x 5
PAIRHIT 5x5 t=-7 u=7/5
GLUE 5x5 t=-7 u=7/5 TORSION [ 5, 5 ] order 25
PAIRHIT 5x5 t=-7 u=-5/7
PAIRHIT 5x5 t=-2 u=8
GLUE 5x5 t=-2 u=8 TORSION [ 5, 5 ] order 25
PAIRHIT 5x5 t=-2 u=-1/8
PAIRHIT 5x5 t=-1 u=11
GLUE 5x5 t=-1 u=11 TORSION [ 5, 5 ] order 25
PAIRHIT 5x5 t=-1 u=-1/11
PAIRHIT 5x5 t=1 u=11
PAIRHIT 5x5 t=1 u=-1/11
PAIRHIT 5x5 t=8 u=1/2
PAIRHIT 5x5 t=10 u=11/2
GLUE 5x5 t=10 u=11/2 TORSION [ 5, 5 ] order 25
PAIRHIT 5x5 t=10 u=-2/11
PROGRESS type 5x5 i=40/270
PAIRHIT 5x5 t=1/2 u=-1/8
PAIRHIT 5x5 t=11/2 u=-1/10
PROGRESS type 5x5 i=80/270
PAIRHIT 5x5 t=7/5 u=1/7
PROGRESS type 5x5 i=120/270
PAIRHIT 5x5 t=-5/7 u=1/7
PROGRESS type 5x5 i=160/270
PAIRHIT 5x5 t=-1/10 u=-2/11
PROGRESS type 5x5 i=200/270
PROGRESS type 5x5 i=240/270
TYPE 5 x 7
PAIRHIT 5x7 t=10 u=-10
GLUE 5x7 t=10 u=-10 TORSION [ 35 ] order 35
PAIRHIT 5x7 t=10 u=11/10
PAIRHIT 5x7 t=10 u=1/11
PAIRHIT 5x7 t=14 u=8
GLUE 5x7 t=14 u=8 TORSION [ 35 ] order 35
PAIRHIT 5x7 t=14 u=-1/7
PAIRHIT 5x7 t=14 u=7/8
PROGRESS type 5x7 i=40/270
PAIRHIT 5x7 t=11/2 u=-10
GLUE 5x7 t=11/2 u=-10 TORSION [ 35 ] order 35
PAIRHIT 5x7 t=11/2 u=11/10
PAIRHIT 5x7 t=11/2 u=1/11
PAIRHIT 5x7 t=13/2 u=-1
GLUE 5x7 t=13/2 u=-1 TORSION [ 35 ] order 35
PAIRHIT 5x7 t=13/2 u=2
PAIRHIT 5x7 t=13/2 u=1/2
PROGRESS type 5x7 i=80/270
PAIRHIT 5x7 t=5/4 u=-4
GLUE 5x7 t=5/4 u=-4 TORSION [ 35 ] order 35
PAIRHIT 5x7 t=5/4 u=5/4
PAIRHIT 5x7 t=5/4 u=1/5
PAIRHIT 5x7 t=-4/5 u=-4
PAIRHIT 5x7 t=-4/5 u=5/4
PAIRHIT 5x7 t=-4/5 u=1/5
PROGRESS type 5x7 i=120/270
PROGRESS type 5x7 i=160/270
PAIRHIT 5x7 t=-1/10 u=-10
PAIRHIT 5x7 t=-1/10 u=11/10
PAIRHIT 5x7 t=-1/10 u=1/11
PROGRESS type 5x7 i=200/270
PAIRHIT 5x7 t=-2/11 u=-10
PAIRHIT 5x7 t=-2/11 u=11/10
PAIRHIT 5x7 t=-2/11 u=1/11
PROGRESS type 5x7 i=240/270
PAIRHIT 5x7 t=-2/13 u=-1
PAIRHIT 5x7 t=-2/13 u=2
PAIRHIT 5x7 t=-2/13 u=1/2
GLUE_SWEEP_DONE 55_57
