GRID 93 values, twists 10, shard 2/3
PROGRESS ia=2/93 processed 8556 escalated 0
PROGRESS ia=5/93 processed 17112 escalated 0
PROGRESS ia=8/93 processed 25666 escalated 0
PROGRESS ia=11/93 processed 34220 escalated 0
PROGRESS ia=14/93 processed 42774 escalated 0
G3HIT a=5 b=-8 c=0 t=-3 E1tors=6 E2tors=6 JTORSION [ 2, 6 ] order 12
PROGRESS ia=17/93 processed 51328 escalated 1
PROGRESS ia=20/93 processed 59884 escalated 1
PROGRESS ia=23/93 processed 68440 escalated 1
PROGRESS ia=26/93 processed 76996 escalated 1
PROGRESS ia=29/93 processed 85550 escalated 1
PROGRESS ia=32/93 processed 94104 escalated 1
PROGRESS ia=35/93 processed 102660 escalated 1
PROGRESS ia=38/93 processed 111214 escalated 1
PROGRESS ia=41/93 processed 119768 escalated 1
G3HIT a=-1/3 b=-1/6 c=-1/4 t=-3 E1tors=6 E2tors=3 JTORSION [ 6 ] order 6
PROGRESS ia=44/93 processed 128324 escalated 2
PROGRESS ia=47/93 processed 136878 escalated 2
PROGRESS ia=50/93 processed 145432 escalated 2
PROGRESS ia=53/93 processed 153986 escalated 2
G3HIT a=-5/4 b=-1/4 c=1/2 t=3 E1tors=5 E2tors=4 JTORSION [ 20 ] order 20
PROGRESS ia=56/93 processed 162542 escalated 3
G3HIT a=1/4 b=-9/4 c=1/4 t=2 E1tors=3 E2tors=6 JTORSION [ 6 ] order 6
G3HIT a=1/4 b=-1/4 c=1/4 t=2 E1tors=3 E2tors=6 JTORSION [ 6 ] order 6
PROGRESS ia=59/93 processed 171096 escalated 5
PROGRESS ia=62/93 processed 179652 escalated 5
PROGRESS ia=65/93 processed 188208 escalated 5
G3HIT a=-8/5 b=-4/5 c=0 t=6 E1tors=3 E2tors=6 JTORSION [ 6 ] order 6
PROGRESS ia=68/93 processed 196764 escalated 6
PROGRESS ia=71/93 processed 205320 escalated 6
G3HIT a=-1/5 b=-1/5 c=7/4 t=-5 E1tors=3 E2tors=6 JTORSION [ 6 ] order 6
PROGRESS ia=74/93 processed 213874 escalated 7
PROGRESS ia=77/93 processed 222428 escalated 7
PROGRESS ia=80/93 processed 230984 escalated 7
PROGRESS ia=83/93 processed 239540 escalated 7
PROGRESS ia=86/93 processed 248094 escalated 7
PROGRESS ia=89/93 processed 256648 escalated 7
PROGRESS ia=92/93 processed 265204 escalated 7
GLUE3_DONE shard 2/3
