KUBERT_OK N=5
KUBERT_OK N=7
KUBERT_OK N=9
PARAMS 270 values, types 77_79
TYPE 7 x 7
PAIRHIT 7x7 t=7 u=-14/13
GLUE 7x7 t=7 u=-14/13 TORSION [ 7, 7 ] order 49
PROGRESS type 7x7 i=40/270
PROGRESS type 7x7 i=80/270
PAIRHIT 7x7 t=-1/6 u=-14/13
PROGRESS type 7x7 i=120/270
PAIRHIT 7x7 t=6/7 u=-14/13
PROGRESS type 7x7 i=160/270
PROGRESS type 7x7 i=200/270
PROGRESS type 7x7 i=240/270
TYPE 7 x 9
PROGRESS type 7x9 i=40/270
PAIRHIT 7x9 t=-16/3 u=4
GLUE 7x9 t=-16/3 u=4 TORSION [ 63 ] order 63
PAIRHIT 7x9 t=-16/3 u=-1/3
PAIRHIT 7x9 t=-16/3 u=3/4
PROGRESS type 7x9 i=80/270
PROGRESS type 7x9 i=120/270
PROGRESS type 7x9 i=160/270
PROGRESS type 7x9 i=200/270
PROGRESS type 7x9 i=240/270
GLUE_SWEEP_DONE 77_79
