HIT [-11,7,-8,12] TORSION [ 12 ] order 12
PROGRESS a=-11 processed 14996 exact 2022
HIT [-8,-7,6,9] TORSION [ 16 ] order 16
HIT [-8,1,6,1] TORSION [ 12 ] order 12
PROGRESS a=-8 processed 29974 exact 2821
HIT [-5,-11,12,4] TORSION [ 12 ] order 12
PROGRESS a=-5 processed 44954 exact 4377
HIT [-2,-5,-5,-3] TORSION [ 2, 6 ] order 12
PROGRESS a=-2 processed 59920 exact 4895
HIT [1,-6,5,12] TORSION [ 2, 8 ] order 16
HIT [1,-6,11,-6] TORSION [ 2, 8 ] order 16
HIT [1,-4,4,-1] TORSION [ 2, 6 ] order 12
HIT [1,-4,6,-3] TORSION [ 12 ] order 12
HIT [1,-2,-11,12] TORSION [ 2, 2, 8 ] order 32
HIT [1,-2,-5,-12] TORSION [ 16 ] order 16
HIT [1,-2,8,-7] TORSION [ 24 ] order 24
HIT [1,-2,9,8] TORSION [ 21 ] order 21
HIT [1,4,8,4] TORSION [ 15 ] order 15
HIT [1,4,9,10] TORSION [ 12 ] order 12
PROGRESS a=1 processed 74886 exact 5388
PROGRESS a=4 processed 89850 exact 5840
PROGRESS a=7 processed 104834 exact 6741
HIT [10,-11,-12,9] TORSION [ 2, 8 ] order 16
HIT [10,-1,-8,3] TORSION [ 4, 4 ] order 16
PROGRESS a=10 processed 119826 exact 7368
SEARCH_DONE shard 1/3 H=12 processed 119826 exact 7368
