A2228_DEEP_P5_BOX_VERIFY_START results/target_22224_a2228_deep_p5_box_B10000_a1001_2000_allsigns.tsv
EXACT_LOCAL_SURVIVOR tuple [ 144, 697, -722, -1394 ]
torsion [ 2, 2, 2, 8 ]
order 64 simple true certificate_prime 47 chi 2209*x^4 + 188*x^3 - 34*x^2 + 4*x + 1
EXACT_LOCAL_SURVIVOR tuple [ 1081, 4508, -4606, -4802 ]
torsion [ 2, 2, 2, 8 ]
order 64 simple true certificate_prime 43 chi 1849*x^4 + 172*x^3 + 22*x^2 + 4*x + 1
EXACT_LOCAL_SURVIVOR tuple [ 1458, 3588, -3993, -6578 ]
torsion [ 2, 2, 2, 8 ]
order 64 simple true certificate_prime 83 chi 6889*x^4 + 332*x^3 - 58*x^2 + 4*x + 1
EXACT_LOCAL_SURVIVOR tuple [ 1598, 4900, -5134, -7097 ]
torsion [ 2, 2, 2, 8 ]
order 64 simple true certificate_prime 61 chi 3721*x^4 + 488*x^3 + 6*x^2 + 8*x + 1
EXACT_LOCAL_SURVIVOR tuple [ 1815, 3600, -3840, -4624 ]
torsion [ 2, 2, 2, 8 ]
order 64 simple true certificate_prime 67 chi 4489*x^4 - 536*x^3 + 22*x^2 - 8*x + 1
EXACT_LOCAL_SURVIVOR tuple [ 1815, 3969, -4225, -5415 ]
torsion [ 2, 2, 2, 8 ]
order 64 simple true certificate_prime 47 chi 2209*x^4 + 188*x^3 + 30*x^2 + 4*x + 1
A2228_DEEP_P5_BOX_VERIFY_DONE rows 6 hits 0
