P8_RANK2_MWSIEVE_START family U2 quotient <1, 3> N 10000 primes [ 13, 11, 29, 19, 23, 37, 41, 43, 47, 53, 59, 61, 67, 71, 73, 79, 83, 89, 97 ]
E Elliptic Curve defined by y^2 = x^3 + x^2 + 1475392*x + 25086288 over Rational Field
rank_bounds 2 2 generators [ (-17 : 0 : 1), (1543/121 : 8819100/1331 : 1), (2008 : -105300 : 1) ]
known_t 7/3
P8_PRIME_PROFILE p 13 orders 4 2 total 16 third_fail 12 open_no3 0 open_3 0 boundary 4 allowed 4
P8_PRIORITY_CLASSES p 13 boundary [ <1, 3, 1>, <2, 1, 0>, <2, 2, 1>, <1, 0, 0> ]
open_3 []
P8_PRIME_PROFILE p 11 orders 1 8 total 16 third_fail 12 open_no3 0 open_3 0 boundary 4 allowed 4
P8_PRIORITY_CLASSES p 11 boundary [ <1, 0, 3>, <2, 0, 4>, <2, 0, 7>, <1, 0, 0> ]
open_3 []
P8_PRIME_PROFILE p 29 orders 7 7 total 98 third_fail 42 open_no3 42 open_3 0 boundary 14 allowed 14
P8_PRIORITY_CLASSES p 29 boundary [ <1, 4, 1>, <1, 0, 0>, <1, 3, 3>, <1, 4, 4>, <1, 5, 5>, <1, 0, 4>, <1, 6, 6>, <1, 3, 0>, <1, 1, 1>, <1, 6, 3>, <1, 2, 6>, <1, 5, 2>, <1, 1, 5>, <1, 2, 2> ]
open_3 []
P8_PRIME_PROFILE p 19 orders 12 6 total 144 third_fail 36 open_no3 0 open_3 84 boundary 24 allowed 108
P8_PRIME_PROFILE p 23 orders 16 16 total 512 third_fail 96 open_no3 0 open_3 96 boundary 320 allowed 416
P8_PRIME_PROFILE p 37 orders 10 10 total 200 third_fail 40 open_no3 70 open_3 30 boundary 60 allowed 90
P8_PRIME_PROFILE p 41 orders 2 12 total 48 third_fail 14 open_no3 16 open_3 14 boundary 4 allowed 18
P8_PRIME_PROFILE p 43 orders 5 20 total 200 third_fail 110 open_no3 0 open_3 70 boundary 20 allowed 90
P8_PRIME_PROFILE p 47 orders 12 3 total 72 third_fail 21 open_no3 24 open_3 21 boundary 6 allowed 27
P8_PRIME_PROFILE p 53 orders 7 28 total 392 third_fail 112 open_no3 154 open_3 98 boundary 28 allowed 126
P8_PRIME_PROFILE p 59 orders 8 12 total 192 third_fail 32 open_no3 32 open_3 112 boundary 16 allowed 128
P8_PRIME_PROFILE p 61 orders 14 28 total 784 third_fail 308 open_no3 336 open_3 84 boundary 56 allowed 140
P8_PRIME_PROFILE p 67 orders 5 8 total 80 third_fail 22 open_no3 30 open_3 16 boundary 12 allowed 28
P8_PRIME_PROFILE p 71 orders 36 9 total 648 third_fail 216 open_no3 126 open_3 198 boundary 108 allowed 306
P8_PRIME_PROFILE p 73 orders 42 7 total 588 third_fail 154 open_no3 266 open_3 56 boundary 112 allowed 168
P8_PRIME_PROFILE p 79 orders 14 7 total 196 third_fail 0 open_no3 84 open_3 0 boundary 112 allowed 112
P8_PRIME_PROFILE p 83 orders 48 3 total 288 third_fail 120 open_no3 90 open_3 66 boundary 12 allowed 78
P8_PRIME_PROFILE p 89 orders 25 25 total 1250 third_fail 500 open_no3 275 open_3 275 boundary 200 allowed 475
P8_PRIME_PROFILE p 97 orders 50 25 total 2500 third_fail 1350 open_no3 600 open_3 350 boundary 200 allowed 550
P8_CRT_STEP p 13 classes 4
P8_CRT_STEP p 11 classes 4
P8_CRT_STEP p 29 classes 28
P8_CRT_CLASSES count 28
[ <1, 11, 28, 43, 56>, <1, 7, 28, 35, 56>, <1, 3, 28, 3, 56>, <1, 11, 28, 11, 56>, <1, 19, 28, 19, 56>, <1, 7, 28, 11, 56>, <1, 27, 28, 27, 56>, <1, 3, 28, 35, 56>, <1, 15, 28, 43, 56>, <1, 27, 28, 3, 56>, <1, 23, 28, 27, 56>, <1, 19, 28, 51, 56>, <1, 15, 28, 19, 56>, <1, 23, 28, 51, 56>, <1, 4, 28, 8, 56>, <1, 0, 28, 0, 56>, <1, 24, 28, 24, 56>, <1, 4, 28, 32, 56>, <1, 12, 28, 40, 56>, <1, 0, 28, 32, 56>, <1, 20, 28, 48, 56>, <1, 24, 28, 0, 56>, <1, 8, 28, 8, 56>, <1, 20, 28, 24, 56>, <1, 16, 28, 48, 56>, <1, 12, 28, 16, 56>, <1, 8, 28, 40, 56>, <1, 16, 28, 16, 56> ]
P8_EXACT_CLASS m 0 n 0 ti 1 t 1 tuple [ 1071, 1054, -1116, -1134 ]
three false gcd 128

[Interrupted]
