REPEATED_RANK2_MWSIEVE_START R6 pair <1, 3> remaining 2 N 1001 fixed [ -3, 5, 75 ]
d0 -405/121 known_t 11/21 E Elliptic Curve defined by y^2 = x^3 - 207*x + 8856 over Rational Field
rank_bounds 2 2 generators [ (-24 : 0 : 1), (-15/4 : -783/8 : 1), (12 : -90 : 1) ]
torsion [ 2 ]
direct_boundary_masks 13 15
PRIME_PROFILE R6 p 19 orders 12 3 total 72 third_fail 24 open_no3 42 open_3 0 boundary 6 finite_direct_boundary 0 infinity 6 allowed 6 lattice_before 8024018 lattice_after 669002
PRIME_PROFILE R6 p 23 orders 6 12 total 144 third_fail 0 open_no3 84 open_3 48 boundary 12 finite_direct_boundary 0 infinity 12 allowed 60 lattice_before 669002 lattice_after 278890
PRIME_PROFILE R6 p 29 orders 2 3 total 12 third_fail 0 open_no3 7 open_3 0 boundary 5 finite_direct_boundary 4 infinity 1 allowed 5 lattice_before 278890 lattice_after 139445
PRIME_PROFILE R6 p 31 orders 6 6 total 72 third_fail 32 open_no3 16 open_3 0 boundary 24 finite_direct_boundary 20 infinity 4 allowed 24 lattice_before 139445 lattice_after 139445
PRIME_PROFILE R6 p 37 orders 11 11 total 242 third_fail 121 open_no3 88 open_3 0 boundary 33 finite_direct_boundary 22 infinity 11 allowed 33 lattice_before 139445 lattice_after 20282
PRIME_PROFILE R6 p 41 orders 26 26 total 1352 third_fail 364 open_no3 624 open_3 208 boundary 156 finite_direct_boundary 104 infinity 52 allowed 364 lattice_before 20282 lattice_after 5458
PRIME_PROFILE R6 p 43 orders 26 26 total 1352 third_fail 364 open_no3 208 open_3 416 boundary 364 finite_direct_boundary 312 infinity 52 allowed 780 lattice_before 5458 lattice_after 3173
PRIME_PROFILE R6 p 47 orders 15 30 total 900 third_fail 240 open_no3 240 open_3 210 boundary 210 finite_direct_boundary 180 infinity 30 allowed 420 lattice_before 3173 lattice_after 1399
PRIME_PROFILE R6 p 53 orders 16 16 total 512 third_fail 256 open_no3 64 open_3 112 boundary 80 finite_direct_boundary 32 infinity 48 allowed 192 lattice_before 1399 lattice_after 1059
PRIME_PROFILE R6 p 59 orders 24 8 total 384 third_fail 208 open_no3 64 open_3 64 boundary 48 finite_direct_boundary 0 infinity 48 allowed 112 lattice_before 1059 lattice_after 474
PRIME_PROFILE R6 p 61 orders 17 34 total 1156 third_fail 272 open_no3 782 open_3 0 boundary 102 finite_direct_boundary 68 infinity 34 allowed 102 lattice_before 474 lattice_after 63
PRIME_PROFILE R6 p 67 orders 36 12 total 864 third_fail 312 open_no3 384 open_3 0 boundary 168 finite_direct_boundary 144 infinity 24 allowed 168 lattice_before 63 lattice_after 45
PRIME_PROFILE R6 p 71 orders 17 17 total 578 third_fail 204 open_no3 187 open_3 68 boundary 119 finite_direct_boundary 102 infinity 17 allowed 187 lattice_before 45 lattice_after 16
PRIME_PROFILE R6 p 73 orders 9 6 total 108 third_fail 81 open_no3 12 open_3 12 boundary 3 finite_direct_boundary 0 infinity 3 allowed 15 lattice_before 16 lattice_after 11
PRIME_PROFILE R6 p 79 orders 4 44 total 352 third_fail 184 open_no3 96 open_3 0 boundary 72 finite_direct_boundary 64 infinity 8 allowed 72 lattice_before 11 lattice_after 5
PRIME_PROFILE R6 p 83 orders 48 48 total 4608 third_fail 1056 open_no3 2304 open_3 768 boundary 480 finite_direct_boundary 384 infinity 96 allowed 1248 lattice_before 5 lattice_after 2
PRIME_PROFILE R6 p 89 orders 42 42 total 3528 third_fail 924 open_no3 1680 open_3 672 boundary 252 finite_direct_boundary 168 infinity 84 allowed 924 lattice_before 2 lattice_after 2
PRIME_PROFILE R6 p 97 orders 11 22 total 484 third_fail 253 open_no3 88 open_3 132 boundary 11 finite_direct_boundary 0 infinity 11 allowed 143 lattice_before 2 lattice_after 1
PRIME_PROFILE R6 p 11 orders 8 8 total 128 third_fail 0 open_no3 0 open_3 0 boundary 128 finite_direct_boundary 16 infinity 112 allowed 128 lattice_before 1 lattice_after 1
PRIORITY_CLASSES R6 p 11 boundary_count 128 open3_count 0 boundary []
REPEATED_RANK2_MWSIEVE_DONE R6 N 1001 used_primes [ 19, 23, 29, 31, 37, 41, 43, 47, 53, 59, 61, 67, 71, 73, 79, 83, 89, 97, 11 ]
lattice_survivors 1 distinct_exact_t 1 deferred 0 exact_full 0 three_hits 0 output results/target_22224_R6_rank2_mwsieve_13_N1001.tsv modular_file results/target_22224_R6_rank2_mwsieve_13_N1001_modular.tsv
