TARGET_2248_TOR2244_ALL_CHARTS_START
CONFIG input_file paper/scripts_and_data/tor2244.txt rows_available 26653 first 1 last 26653 ordered_zero_infinity_charts 30
PROGRESS rows_seen 250 current_row 250 chart_trials 7500 square_charts 1504 candidate_rows 0 full_charts 0 full_witnesses 0
PROGRESS rows_seen 500 current_row 500 chart_trials 15000 square_charts 3004 candidate_rows 0 full_charts 0 full_witnesses 0
PROGRESS rows_seen 750 current_row 750 chart_trials 22500 square_charts 4504 candidate_rows 0 full_charts 0 full_witnesses 0
PROGRESS rows_seen 1000 current_row 1000 chart_trials 30000 square_charts 6004 candidate_rows 0 full_charts 0 full_witnesses 0
PROGRESS rows_seen 1250 current_row 1250 chart_trials 37500 square_charts 7506 candidate_rows 0 full_charts 0 full_witnesses 0
PROGRESS rows_seen 1500 current_row 1500 chart_trials 45000 square_charts 9006 candidate_rows 0 full_charts 0 full_witnesses 0
PROGRESS rows_seen 1750 current_row 1750 chart_trials 52500 square_charts 10508 candidate_rows 0 full_charts 0 full_witnesses 0
PROGRESS rows_seen 2000 current_row 2000 chart_trials 60000 square_charts 12008 candidate_rows 0 full_charts 0 full_witnesses 0
PROGRESS rows_seen 2250 current_row 2250 chart_trials 67500 square_charts 13508 candidate_rows 0 full_charts 0 full_witnesses 0
PROGRESS rows_seen 2500 current_row 2500 chart_trials 75000 square_charts 15008 candidate_rows 0 full_charts 0 full_witnesses 0
PROGRESS rows_seen 2750 current_row 2750 chart_trials 82500 square_charts 16508 candidate_rows 0 full_charts 0 full_witnesses 0
PROGRESS rows_seen 3000 current_row 3000 chart_trials 90000 square_charts 18010 candidate_rows 0 full_charts 0 full_witnesses 0
PROGRESS rows_seen 3250 current_row 3250 chart_trials 97500 square_charts 19510 candidate_rows 0 full_charts 0 full_witnesses 0
PROGRESS rows_seen 3500 current_row 3500 chart_trials 105000 square_charts 21014 candidate_rows 0 full_charts 0 full_witnesses 0
PROGRESS rows_seen 3750 current_row 3750 chart_trials 112500 square_charts 22516 candidate_rows 0 full_charts 0 full_witnesses 0
PROGRESS rows_seen 4000 current_row 4000 chart_trials 120000 square_charts 24018 candidate_rows 0 full_charts 0 full_witnesses 0
PROGRESS rows_seen 4250 current_row 4250 chart_trials 127500 square_charts 25518 candidate_rows 0 full_charts 0 full_witnesses 0
PROGRESS rows_seen 4500 current_row 4500 chart_trials 135000 square_charts 27018 candidate_rows 0 full_charts 0 full_witnesses 0
PROGRESS rows_seen 4750 current_row 4750 chart_trials 142500 square_charts 28518 candidate_rows 0 full_charts 0 full_witnesses 0
PROGRESS rows_seen 5000 current_row 5000 chart_trials 150000 square_charts 30020 candidate_rows 0 full_charts 0 full_witnesses 0
PROGRESS rows_seen 5250 current_row 5250 chart_trials 157500 square_charts 31520 candidate_rows 0 full_charts 0 full_witnesses 0
PROGRESS rows_seen 5500 current_row 5500 chart_trials 165000 square_charts 33020 candidate_rows 0 full_charts 0 full_witnesses 0
PROGRESS rows_seen 5750 current_row 5750 chart_trials 172500 square_charts 34522 candidate_rows 0 full_charts 0 full_witnesses 0
PROGRESS rows_seen 6000 current_row 6000 chart_trials 180000 square_charts 36022 candidate_rows 0 full_charts 0 full_witnesses 0
PROGRESS rows_seen 6250 current_row 6250 chart_trials 187500 square_charts 37524 candidate_rows 0 full_charts 0 full_witnesses 0
PROGRESS rows_seen 6500 current_row 6500 chart_trials 195000 square_charts 39024 candidate_rows 0 full_charts 0 full_witnesses 0
PROGRESS rows_seen 6750 current_row 6750 chart_trials 202500 square_charts 40526 candidate_rows 0 full_charts 0 full_witnesses 0
PROGRESS rows_seen 7000 current_row 7000 chart_trials 210000 square_charts 42028 candidate_rows 0 full_charts 0 full_witnesses 0
PROGRESS rows_seen 7250 current_row 7250 chart_trials 217500 square_charts 43532 candidate_rows 0 full_charts 0 full_witnesses 0
PROGRESS rows_seen 7500 current_row 7500 chart_trials 225000 square_charts 45032 candidate_rows 0 full_charts 0 full_witnesses 0
PROGRESS rows_seen 7750 current_row 7750 chart_trials 232500 square_charts 46534 candidate_rows 0 full_charts 0 full_witnesses 0
PROGRESS rows_seen 8000 current_row 8000 chart_trials 240000 square_charts 48034 candidate_rows 0 full_charts 0 full_witnesses 0
PROGRESS rows_seen 8250 current_row 8250 chart_trials 247500 square_charts 49534 candidate_rows 0 full_charts 0 full_witnesses 0
PROGRESS rows_seen 8500 current_row 8500 chart_trials 255000 square_charts 51034 candidate_rows 0 full_charts 0 full_witnesses 0
PROGRESS rows_seen 8750 current_row 8750 chart_trials 262500 square_charts 52536 candidate_rows 0 full_charts 0 full_witnesses 0
PROGRESS rows_seen 9000 current_row 9000 chart_trials 270000 square_charts 54038 candidate_rows 0 full_charts 0 full_witnesses 0
PROGRESS rows_seen 9250 current_row 9250 chart_trials 277500 square_charts 55538 candidate_rows 0 full_charts 0 full_witnesses 0
PROGRESS rows_seen 9500 current_row 9500 chart_trials 285000 square_charts 57038 candidate_rows 0 full_charts 0 full_witnesses 0
PROGRESS rows_seen 9750 current_row 9750 chart_trials 292500 square_charts 58538 candidate_rows 0 full_charts 0 full_witnesses 0
PROGRESS rows_seen 10000 current_row 10000 chart_trials 300000 square_charts 60038 candidate_rows 0 full_charts 0 full_witnesses 0
PROGRESS rows_seen 10250 current_row 10250 chart_trials 307500 square_charts 61540 candidate_rows 0 full_charts 0 full_witnesses 0
PROGRESS rows_seen 10500 current_row 10500 chart_trials 315000 square_charts 63040 candidate_rows 0 full_charts 0 full_witnesses 0
PROGRESS rows_seen 10750 current_row 10750 chart_trials 322500 square_charts 64540 candidate_rows 0 full_charts 0 full_witnesses 0
PROGRESS rows_seen 11000 current_row 11000 chart_trials 330000 square_charts 66044 candidate_rows 0 full_charts 0 full_witnesses 0
PROGRESS rows_seen 11250 current_row 11250 chart_trials 337500 square_charts 67544 candidate_rows 0 full_charts 0 full_witnesses 0
PROGRESS rows_seen 11500 current_row 11500 chart_trials 345000 square_charts 69046 candidate_rows 0 full_charts 0 full_witnesses 0
PROGRESS rows_seen 11750 current_row 11750 chart_trials 352500 square_charts 70548 candidate_rows 0 full_charts 0 full_witnesses 0
PROGRESS rows_seen 12000 current_row 12000 chart_trials 360000 square_charts 72048 candidate_rows 0 full_charts 0 full_witnesses 0
PROGRESS rows_seen 12250 current_row 12250 chart_trials 367500 square_charts 73548 candidate_rows 0 full_charts 0 full_witnesses 0
PROGRESS rows_seen 12500 current_row 12500 chart_trials 375000 square_charts 75048 candidate_rows 0 full_charts 0 full_witnesses 0
PROGRESS rows_seen 12750 current_row 12750 chart_trials 382500 square_charts 76548 candidate_rows 0 full_charts 0 full_witnesses 0
PROGRESS rows_seen 13000 current_row 13000 chart_trials 390000 square_charts 78050 candidate_rows 0 full_charts 0 full_witnesses 0
PROGRESS rows_seen 13250 current_row 13250 chart_trials 397500 square_charts 79550 candidate_rows 0 full_charts 0 full_witnesses 0
PROGRESS rows_seen 13500 current_row 13500 chart_trials 405000 square_charts 81052 candidate_rows 0 full_charts 0 full_witnesses 0
PROGRESS rows_seen 13750 current_row 13750 chart_trials 412500 square_charts 82552 candidate_rows 0 full_charts 0 full_witnesses 0
PROGRESS rows_seen 14000 current_row 14000 chart_trials 420000 square_charts 84052 candidate_rows 0 full_charts 0 full_witnesses 0
PROGRESS rows_seen 14250 current_row 14250 chart_trials 427500 square_charts 85552 candidate_rows 0 full_charts 0 full_witnesses 0
PROGRESS rows_seen 14500 current_row 14500 chart_trials 435000 square_charts 87052 candidate_rows 0 full_charts 0 full_witnesses 0
PROGRESS rows_seen 14750 current_row 14750 chart_trials 442500 square_charts 88552 candidate_rows 0 full_charts 0 full_witnesses 0
PROGRESS rows_seen 15000 current_row 15000 chart_trials 450000 square_charts 90052 candidate_rows 0 full_charts 0 full_witnesses 0
PROGRESS rows_seen 15250 current_row 15250 chart_trials 457500 square_charts 91552 candidate_rows 0 full_charts 0 full_witnesses 0
PROGRESS rows_seen 15500 current_row 15500 chart_trials 465000 square_charts 93052 candidate_rows 0 full_charts 0 full_witnesses 0
PROGRESS rows_seen 15750 current_row 15750 chart_trials 472500 square_charts 94552 candidate_rows 0 full_charts 0 full_witnesses 0
PROGRESS rows_seen 16000 current_row 16000 chart_trials 480000 square_charts 96054 candidate_rows 0 full_charts 0 full_witnesses 0
PROGRESS rows_seen 16250 current_row 16250 chart_trials 487500 square_charts 97554 candidate_rows 0 full_charts 0 full_witnesses 0
PROGRESS rows_seen 16500 current_row 16500 chart_trials 495000 square_charts 99054 candidate_rows 0 full_charts 0 full_witnesses 0
PROGRESS rows_seen 16750 current_row 16750 chart_trials 502500 square_charts 100556 candidate_rows 0 full_charts 0 full_witnesses 0
PROGRESS rows_seen 17000 current_row 17000 chart_trials 510000 square_charts 102056 candidate_rows 0 full_charts 0 full_witnesses 0
PROGRESS rows_seen 17250 current_row 17250 chart_trials 517500 square_charts 103556 candidate_rows 0 full_charts 0 full_witnesses 0
PROGRESS rows_seen 17500 current_row 17500 chart_trials 525000 square_charts 105056 candidate_rows 0 full_charts 0 full_witnesses 0
PROGRESS rows_seen 17750 current_row 17750 chart_trials 532500 square_charts 106558 candidate_rows 0 full_charts 0 full_witnesses 0
PROGRESS rows_seen 18000 current_row 18000 chart_trials 540000 square_charts 108058 candidate_rows 0 full_charts 0 full_witnesses 0
PROGRESS rows_seen 18250 current_row 18250 chart_trials 547500 square_charts 109560 candidate_rows 0 full_charts 0 full_witnesses 0
PROGRESS rows_seen 18500 current_row 18500 chart_trials 555000 square_charts 111062 candidate_rows 0 full_charts 0 full_witnesses 0
PROGRESS rows_seen 18750 current_row 18750 chart_trials 562500 square_charts 112564 candidate_rows 0 full_charts 0 full_witnesses 0
PROGRESS rows_seen 19000 current_row 19000 chart_trials 570000 square_charts 114064 candidate_rows 0 full_charts 0 full_witnesses 0
PROGRESS rows_seen 19250 current_row 19250 chart_trials 577500 square_charts 115568 candidate_rows 0 full_charts 0 full_witnesses 0
PROGRESS rows_seen 19500 current_row 19500 chart_trials 585000 square_charts 117068 candidate_rows 0 full_charts 0 full_witnesses 0
PROGRESS rows_seen 19750 current_row 19750 chart_trials 592500 square_charts 118568 candidate_rows 0 full_charts 0 full_witnesses 0
PROGRESS rows_seen 20000 current_row 20000 chart_trials 600000 square_charts 120068 candidate_rows 0 full_charts 0 full_witnesses 0
PROGRESS rows_seen 20250 current_row 20250 chart_trials 607500 square_charts 121568 candidate_rows 0 full_charts 0 full_witnesses 0
PROGRESS rows_seen 20500 current_row 20500 chart_trials 615000 square_charts 123070 candidate_rows 0 full_charts 0 full_witnesses 0
PROGRESS rows_seen 20750 current_row 20750 chart_trials 622500 square_charts 124572 candidate_rows 0 full_charts 0 full_witnesses 0
PROGRESS rows_seen 21000 current_row 21000 chart_trials 630000 square_charts 126072 candidate_rows 0 full_charts 0 full_witnesses 0
PROGRESS rows_seen 21250 current_row 21250 chart_trials 637500 square_charts 127574 candidate_rows 0 full_charts 0 full_witnesses 0
PROGRESS rows_seen 21500 current_row 21500 chart_trials 645000 square_charts 129074 candidate_rows 0 full_charts 0 full_witnesses 0
PROGRESS rows_seen 21750 current_row 21750 chart_trials 652500 square_charts 130576 candidate_rows 0 full_charts 0 full_witnesses 0
PROGRESS rows_seen 22000 current_row 22000 chart_trials 660000 square_charts 132078 candidate_rows 0 full_charts 0 full_witnesses 0
PROGRESS rows_seen 22250 current_row 22250 chart_trials 667500 square_charts 133582 candidate_rows 0 full_charts 0 full_witnesses 0
PROGRESS rows_seen 22500 current_row 22500 chart_trials 675000 square_charts 135082 candidate_rows 0 full_charts 0 full_witnesses 0
PROGRESS rows_seen 22750 current_row 22750 chart_trials 682500 square_charts 136582 candidate_rows 0 full_charts 0 full_witnesses 0
PROGRESS rows_seen 23000 current_row 23000 chart_trials 690000 square_charts 138084 candidate_rows 0 full_charts 0 full_witnesses 0
PROGRESS rows_seen 23250 current_row 23250 chart_trials 697500 square_charts 139584 candidate_rows 0 full_charts 0 full_witnesses 0
PROGRESS rows_seen 23500 current_row 23500 chart_trials 705000 square_charts 141088 candidate_rows 0 full_charts 0 full_witnesses 0
PROGRESS rows_seen 23750 current_row 23750 chart_trials 712500 square_charts 142590 candidate_rows 0 full_charts 0 full_witnesses 0
PROGRESS rows_seen 24000 current_row 24000 chart_trials 720000 square_charts 144090 candidate_rows 0 full_charts 0 full_witnesses 0
PROGRESS rows_seen 24250 current_row 24250 chart_trials 727500 square_charts 145592 candidate_rows 0 full_charts 0 full_witnesses 0
PROGRESS rows_seen 24500 current_row 24500 chart_trials 735000 square_charts 147092 candidate_rows 0 full_charts 0 full_witnesses 0
PROGRESS rows_seen 24750 current_row 24750 chart_trials 742500 square_charts 148592 candidate_rows 0 full_charts 0 full_witnesses 0
PROGRESS rows_seen 25000 current_row 25000 chart_trials 750000 square_charts 150092 candidate_rows 0 full_charts 0 full_witnesses 0
PROGRESS rows_seen 25250 current_row 25250 chart_trials 757500 square_charts 151592 candidate_rows 0 full_charts 0 full_witnesses 0
PROGRESS rows_seen 25500 current_row 25500 chart_trials 765000 square_charts 153094 candidate_rows 0 full_charts 0 full_witnesses 0
PROGRESS rows_seen 25750 current_row 25750 chart_trials 772500 square_charts 154596 candidate_rows 0 full_charts 0 full_witnesses 0
PROGRESS rows_seen 26000 current_row 26000 chart_trials 780000 square_charts 156098 candidate_rows 0 full_charts 0 full_witnesses 0
PROGRESS rows_seen 26250 current_row 26250 chart_trials 787500 square_charts 157600 candidate_rows 0 full_charts 0 full_witnesses 0
PROGRESS rows_seen 26500 current_row 26500 chart_trials 795000 square_charts 159100 candidate_rows 0 full_charts 0 full_witnesses 0
SUMMARY rows_seen 26653 chart_trials 799590 square_charts 160018 candidate_rows 0 full_charts 0 full_witnesses 0
TARGET_2248_TOR2244_ALL_CHARTS_DONE
