TARGET_2248_FAMILY_RICHELOT_SIEVE
CONFIG tuple_bound 12 max_bases 50 max_sources 20 reduction_prime_count 2 exact_all_full false
BASE 1 tuple [ 1, 2, 3, 4 ]
richelot_count 15
BASE 2 tuple [ 1, 2, 3, 5 ]
richelot_count 15
SOURCE_CANDIDATE base 2 tuple [ 1, 2, 3, 5 ]
edge 2 factor_degrees [ 1, 1, 1, 1, 2 ]
reduction_gcd 128 reduction_rows [ <11, 128, 7>, <17, 384, 7> ]
torsion [ 2, 2, 2 ]
order 8
BASE 3 tuple [ 1, 2, 3, 6 ]
richelot_count 15
SOURCE_CANDIDATE base 3 tuple [ 1, 2, 3, 6 ]
edge 1 factor_degrees [ 1, 1, 1, 1, 2 ]
reduction_gcd 128 reduction_rows [ <11, 128, 7>, <13, 128, 7> ]
torsion [ 2, 2, 2 ]
order 8
SOURCE_CANDIDATE base 3 tuple [ 1, 2, 3, 6 ]
edge 2 factor_degrees [ 1, 1, 1, 1, 2 ]
reduction_gcd 128 reduction_rows [ <11, 128, 7>, <13, 128, 7> ]
torsion [ 2, 2, 2 ]
order 8
BASE 4 tuple [ 1, 2, 3, 7 ]
richelot_count 15
SOURCE_CANDIDATE base 4 tuple [ 1, 2, 3, 7 ]
edge 1 factor_degrees [ 1, 1, 1, 1, 2 ]
reduction_gcd 128 reduction_rows [ <11, 128, 7>, <13, 128, 7> ]
torsion [ 2, 2, 2 ]
order 8
SOURCE_CANDIDATE base 4 tuple [ 1, 2, 3, 7 ]
edge 2 factor_degrees [ 1, 1, 1, 1, 2 ]
reduction_gcd 128 reduction_rows [ <13, 128, 7>, <19, 256, 8> ]
torsion [ 2, 2, 2 ]
order 8
SOURCE_CANDIDATE base 4 tuple [ 1, 2, 3, 7 ]
edge 3 factor_degrees [ 1, 1, 1, 1, 2 ]
reduction_gcd 128 reduction_rows [ <11, 128, 7>, <17, 256, 8> ]
torsion [ 2, 2, 2 ]
order 8
BASE 5 tuple [ 1, 2, 3, 8 ]
richelot_count 15
SOURCE_CANDIDATE base 5 tuple [ 1, 2, 3, 8 ]
edge 1 factor_degrees [ 1, 1, 1, 1, 2 ]
reduction_gcd 64 reduction_rows [ <19, 384, 7>, <23, 448, 6> ]
torsion [ 2, 2, 2 ]
order 8
BASE 6 tuple [ 1, 2, 3, 9 ]
richelot_count 15
BASE 7 tuple [ 1, 2, 3, 10 ]
richelot_count 15
SOURCE_CANDIDATE base 7 tuple [ 1, 2, 3, 10 ]
edge 1 factor_degrees [ 1, 1, 1, 1, 2 ]
reduction_gcd 64 reduction_rows [ <17, 256, 8>, <19, 448, 6> ]
torsion [ 2, 2, 2 ]
order 8
SOURCE_CANDIDATE base 7 tuple [ 1, 2, 3, 10 ]
edge 3 factor_degrees [ 1, 1, 1, 1, 2 ]
reduction_gcd 64 reduction_rows [ <17, 256, 8>, <19, 448, 6> ]
torsion [ 2, 2, 2 ]
order 8
BASE 8 tuple [ 1, 2, 3, 11 ]
richelot_count 15
SOURCE_CANDIDATE base 8 tuple [ 1, 2, 3, 11 ]
edge 1 factor_degrees [ 1, 1, 1, 1, 2 ]
reduction_gcd 384 reduction_rows [ <17, 384, 7>, <19, 384, 7> ]
torsion [ 2, 2, 2 ]
order 8
SOURCE_CANDIDATE base 8 tuple [ 1, 2, 3, 11 ]
edge 2 factor_degrees [ 1, 1, 1, 1, 2 ]
reduction_gcd 128 reduction_rows [ <17, 384, 7>, <29, 640, 7> ]
torsion [ 2, 2, 2 ]
order 8
SOURCE_CANDIDATE base 8 tuple [ 1, 2, 3, 11 ]
edge 3 factor_degrees [ 1, 1, 1, 1, 2 ]
reduction_gcd 128 reduction_rows [ <19, 384, 7>, <23, 512, 9> ]
torsion [ 2, 2, 2 ]
order 8
BASE 9 tuple [ 1, 2, 3, 12 ]
richelot_count 15
SOURCE_CANDIDATE base 9 tuple [ 1, 2, 3, 12 ]
edge 2 factor_degrees [ 1, 1, 1, 1, 2 ]
reduction_gcd 128 reduction_rows [ <17, 384, 7>, <19, 256, 8> ]
torsion [ 2, 2, 2 ]
order 8
SOURCE_CANDIDATE base 9 tuple [ 1, 2, 3, 12 ]
edge 3 factor_degrees [ 1, 1, 1, 1, 2 ]
reduction_gcd 128 reduction_rows [ <17, 384, 7>, <19, 256, 8> ]
torsion [ 2, 2, 2 ]
order 8
GENERATION_PROGRESS bases 10 tuples 10 edges 135 one_split 26 exact_tests 14 sources 0
BASE 10 tuple [ 1, 2, 4, 5 ]
richelot_count 15
SOURCE_CANDIDATE base 10 tuple [ 1, 2, 4, 5 ]
edge 2 factor_degrees [ 1, 1, 1, 1, 2 ]
reduction_gcd 128 reduction_rows [ <11, 128, 7>, <13, 128, 7> ]
torsion [ 2, 2, 2 ]
order 8
BASE 11 tuple [ 1, 2, 4, 6 ]
richelot_count 15
SOURCE_CANDIDATE base 11 tuple [ 1, 2, 4, 6 ]
edge 2 factor_degrees [ 1, 1, 1, 1, 2 ]
reduction_gcd 128 reduction_rows [ <11, 128, 7>, <13, 128, 7> ]
torsion [ 2, 2, 2 ]
order 8
SOURCE_CANDIDATE base 11 tuple [ 1, 2, 4, 6 ]
edge 3 factor_degrees [ 1, 1, 1, 1, 2 ]
reduction_gcd 128 reduction_rows [ <11, 128, 7>, <13, 128, 7> ]
torsion [ 2, 2, 2 ]
order 8
BASE 12 tuple [ 1, 2, 4, 7 ]
richelot_count 15
BASE 13 tuple [ 1, 2, 4, 8 ]
richelot_count 15
SOURCE_CANDIDATE base 13 tuple [ 1, 2, 4, 8 ]
edge 1 factor_degrees [ 1, 1, 1, 1, 2 ]
reduction_gcd 128 reduction_rows [ <11, 128, 7>, <13, 128, 7> ]
torsion [ 2, 2, 2 ]
order 8
SOURCE_CANDIDATE base 13 tuple [ 1, 2, 4, 8 ]
edge 2 factor_degrees [ 1, 1, 1, 1, 2 ]
reduction_gcd 128 reduction_rows [ <11, 128, 7>, <13, 128, 7> ]
torsion [ 2, 2, 2 ]
order 8
BASE 14 tuple [ 1, 2, 4, 9 ]
richelot_count 15
BASE 15 tuple [ 1, 2, 4, 10 ]
richelot_count 15
BASE 16 tuple [ 1, 2, 4, 11 ]
richelot_count 15
SOURCE_CANDIDATE base 16 tuple [ 1, 2, 4, 11 ]
edge 3 factor_degrees [ 1, 1, 1, 1, 2 ]
reduction_gcd 64 reduction_rows [ <23, 384, 7>, <29, 832, 6> ]
torsion [ 2, 2, 2 ]
order 8
BASE 17 tuple [ 1, 2, 4, 12 ]
richelot_count 15
BASE 18 tuple [ 1, 2, 5, 6 ]
richelot_count 15
BASE 19 tuple [ 1, 2, 5, 7 ]
richelot_count 15
GENERATION_PROGRESS bases 20 tuples 20 edges 285 one_split 55 exact_tests 20 sources 0
BASE 20 tuple [ 1, 2, 5, 8 ]
richelot_count 15
BASE 21 tuple [ 1, 2, 5, 9 ]
richelot_count 15
BASE 22 tuple [ 1, 2, 5, 10 ]
richelot_count 15
SOURCE_CANDIDATE base 22 tuple [ 1, 2, 5, 10 ]
edge 1 factor_degrees [ 1, 1, 1, 1, 2 ]
reduction_gcd 128 reduction_rows [ <17, 256, 8>, <19, 384, 7> ]
torsion [ 2, 2, 2 ]
order 8
SOURCE_CANDIDATE base 22 tuple [ 1, 2, 5, 10 ]
edge 2 factor_degrees [ 1, 1, 1, 1, 2 ]
reduction_gcd 128 reduction_rows [ <17, 256, 8>, <19, 384, 7> ]
torsion [ 2, 2, 2 ]
order 8
BASE 23 tuple [ 1, 2, 5, 11 ]
richelot_count 15
SOURCE_CANDIDATE base 23 tuple [ 1, 2, 5, 11 ]
edge 3 factor_degrees [ 1, 1, 1, 1, 2 ]
reduction_gcd 384 reduction_rows [ <17, 384, 7>, <19, 384, 7> ]
torsion [ 2, 2, 2 ]
order 8
BASE 24 tuple [ 1, 2, 5, 12 ]
richelot_count 15
BASE 25 tuple [ 1, 2, 6, 7 ]
richelot_count 15
SOURCE_CANDIDATE base 25 tuple [ 1, 2, 6, 7 ]
edge 1 factor_degrees [ 1, 1, 1, 1, 2 ]
reduction_gcd 128 reduction_rows [ <17, 256, 8>, <19, 384, 7> ]
torsion [ 2, 2, 2 ]
order 8
SOURCE_CANDIDATE base 25 tuple [ 1, 2, 6, 7 ]
edge 2 factor_degrees [ 1, 1, 1, 1, 2 ]
reduction_gcd 128 reduction_rows [ <11, 128, 7>, <17, 256, 8> ]
torsion [ 2, 2, 2 ]
order 8
SOURCE_CANDIDATE base 25 tuple [ 1, 2, 6, 7 ]
edge 3 factor_degrees [ 1, 1, 1, 1, 2 ]
reduction_gcd 128 reduction_rows [ <11, 128, 7>, <17, 256, 8> ]
torsion [ 2, 2, 2 ]
order 8
BASE 26 tuple [ 1, 2, 6, 8 ]
richelot_count 15
BASE 27 tuple [ 1, 2, 6, 9 ]
richelot_count 15
BASE 28 tuple [ 1, 2, 6, 10 ]
richelot_count 15
SOURCE_CANDIDATE base 28 tuple [ 1, 2, 6, 10 ]
edge 1 factor_degrees [ 1, 1, 1, 1, 2 ]
reduction_gcd 128 reduction_rows [ <13, 128, 7>, <17, 256, 8> ]
torsion [ 2, 2, 2 ]
order 8
SOURCE_CANDIDATE base 28 tuple [ 1, 2, 6, 10 ]
edge 2 factor_degrees [ 1, 1, 1, 1, 2 ]
reduction_gcd 64 reduction_rows [ <17, 256, 8>, <19, 448, 6> ]
torsion [ 2, 2, 2 ]
order 8
SOURCE_CANDIDATE base 28 tuple [ 1, 2, 6, 10 ]
edge 3 factor_degrees [ 1, 1, 1, 1, 2 ]
reduction_gcd 128 reduction_rows [ <13, 128, 7>, <17, 256, 8> ]
torsion [ 2, 2, 2 ]
order 8
BASE 29 tuple [ 1, 2, 6, 11 ]
richelot_count 15
SOURCE_CANDIDATE base 29 tuple [ 1, 2, 6, 11 ]
edge 1 factor_degrees [ 1, 1, 1, 1, 2 ]
reduction_gcd 192 reduction_rows [ <23, 384, 7>, <29, 960, 6> ]
torsion [ 2, 2, 2 ]
order 8
GENERATION_PROGRESS bases 30 tuples 30 edges 435 one_split 83 exact_tests 30 sources 0
BASE 30 tuple [ 1, 2, 6, 12 ]
richelot_count 15
SOURCE_CANDIDATE base 30 tuple [ 1, 2, 6, 12 ]
edge 1 factor_degrees [ 1, 1, 1, 1, 2 ]
reduction_gcd 384 reduction_rows [ <17, 384, 7>, <19, 384, 7> ]
torsion [ 2, 2, 2 ]
order 8
SOURCE_CANDIDATE base 30 tuple [ 1, 2, 6, 12 ]
edge 2 factor_degrees [ 1, 1, 1, 1, 2 ]
reduction_gcd 384 reduction_rows [ <17, 384, 7>, <19, 384, 7> ]
torsion [ 2, 2, 2 ]
order 8
BASE 31 tuple [ 1, 2, 7, 8 ]
richelot_count 15
BASE 32 tuple [ 1, 2, 7, 9 ]
richelot_count 15
BASE 33 tuple [ 1, 2, 7, 10 ]
richelot_count 15
BASE 34 tuple [ 1, 2, 7, 11 ]
richelot_count 15
BASE 35 tuple [ 1, 2, 7, 12 ]
richelot_count 15
SOURCE_CANDIDATE base 35 tuple [ 1, 2, 7, 12 ]
edge 3 factor_degrees [ 1, 1, 1, 1, 2 ]
reduction_gcd 64 reduction_rows [ <17, 256, 8>, <29, 832, 6> ]
torsion [ 2, 2, 2 ]
order 8
BASE 36 tuple [ 1, 2, 8, 9 ]
richelot_count 15
BASE 37 tuple [ 1, 2, 8, 10 ]
richelot_count 15
BASE 38 tuple [ 1, 2, 8, 11 ]
richelot_count 15
BASE 39 tuple [ 1, 2, 8, 12 ]
richelot_count 15
GENERATION_PROGRESS bases 40 tuples 40 edges 585 one_split 113 exact_tests 33 sources 0
BASE 40 tuple [ 1, 2, 9, 10 ]
richelot_count 15
BASE 41 tuple [ 1, 2, 9, 11 ]
richelot_count 15
BASE 42 tuple [ 1, 2, 9, 12 ]
richelot_count 15
BASE 43 tuple [ 1, 2, 10, 11 ]
richelot_count 15
BASE 44 tuple [ 1, 2, 10, 12 ]
richelot_count 15
BASE 45 tuple [ 1, 2, 11, 12 ]
richelot_count 15
BASE 46 tuple [ 1, 3, 4, 5 ]
richelot_count 15
BASE 47 tuple [ 1, 3, 4, 6 ]
richelot_count 15
BASE 48 tuple [ 1, 3, 4, 7 ]
richelot_count 15
BASE 49 tuple [ 1, 3, 4, 8 ]
richelot_count 15
GENERATION_PROGRESS bases 50 tuples 50 edges 735 one_split 142 exact_tests 33 sources 0
BASE 50 tuple [ 1, 3, 4, 9 ]
richelot_count 15
GENERATION_SUMMARY tuples_checked 51 primitive_tuples 51 bases_used 51 base_duplicates 0 edges 750 jacobians 745 one_split 145 reduction_pass 33 candidate_duplicates 0 exact_tests 33 exact_248 0 simple_248 0 accepted_sources 0
FORWARD_SUMMARY sources 0 edges 0 jacobians 0 full_weierstrass 0 reduction_pass 0 exact_tests 0 neighbor_duplicates 0 unique_neighbors 0 target_hits 0
TARGET_2248_FAMILY_RICHELOT_SIEVE_DONE
