TARGET_2248_TOR2244_ROWS101_500
CONFIG bank_file paper/scripts_and_data/tor2244.txt bank_rows 26653 first 51 last 51 reduction_prime_count 2
BASE row 51 tuple [ 55216, 56550, 62234, 64090 ]
base_index 1 richelot_count 15
SOURCE_CANDIDATE row 51 tuple [ 55216, 56550, 62234, 64090 ]
edge 2 candidate_index 1 factor_degrees [ 1, 1, 1, 1, 2 ]
reduction_gcd 256 reduction_rows [ <31, 1024, 10>, <43, 2304, 8> ]
torsion [ 2, 2, 4 ]
order 16 f -509063481722141402539028032*x^6 - 3523081492799945878363809250183496192*x^5 + 6515912724603764335387305354625449650060132352*x^4 + 87878752233397519963833382813716182154510175640752627712*x^3 + 75243397813894706773175198391357878419304414819356670685610393600*x^2 - 546454196723301675000651494887806078625596282805444911068279735451648000000*x - 958874386179885207781063905591226051157135056692834406822025200155093427814400000000
h 0
SOURCE_CANDIDATE row 51 tuple [ 55216, 56550, 62234, 64090 ]
edge 3 candidate_index 2 factor_degrees [ 1, 1, 1, 1, 2 ]
reduction_gcd 256 reduction_rows [ <19, 256, 8>, <31, 1024, 10> ]
torsion [ 2, 2, 4 ]
order 16 f -11724944727615940311400000*x^6 - 37733537999980975037953062681920000*x^5 + 303869113743439157120012194127142097674240000*x^4 + 939895704791440010815597735716795248826173789312000000*x^3 - 2112923151326215954467834758989682158301051983049757880064000000*x^2 - 5852731547495499854352735638031604689176797358169858444146196480000000000*x + 1832628176108566630128363902563267145482550051069536972118922394363330560000000000
h 0
SOURCE_CANDIDATE_DUPLICATE row 51 edge 4 existing_candidate 1 reduction_gcd 256
SOURCE_CANDIDATE_DUPLICATE row 51 edge 7 existing_candidate 2 reduction_gcd 256
SOURCE_CANDIDATE row 51 tuple [ 55216, 56550, 62234, 64090 ]
edge 12 candidate_index 3 factor_degrees [ 1, 1, 1, 1, 2 ]
reduction_gcd 256 reduction_rows [ <19, 256, 8>, <31, 1024, 10> ]
torsion [ 2, 2, 4 ]
order 16 f -3133016417553343396586717184*x^6 - 77096394798262587556832167244297404416*x^5 - 784179986929712446326004030157366992691653509120*x^4 - 4225747845653240329572525155567015331860705390544958783488*x^3 - 12734255272552253768470152056511242218893457335552504420972783206400*x^2 - 20352875756704300408823747905089272852906960599498900001640698037141504000000*x - 13477801035194759131032056905617565293293299818716731789578895707880308709785600000000
h 0
SOURCE_CANDIDATE row 51 tuple [ 55216, 56550, 62234, 64090 ]
edge 13 candidate_index 4 factor_degrees [ 1, 1, 1, 1, 2 ]
reduction_gcd 256 reduction_rows [ <19, 256, 8>, <31, 1024, 10> ]
torsion [ 2, 4, 8 ]
order 64 f 16633507796891244495522000000*x^6 + 375731550549005049099490924391400000000*x^5 + 3447221208888787720776161775196774873639200000000*x^4 + 16456130898754906769235131513326699202156076319920000000000*x^3 + 43123997237457252615633029864133903751554732833261910026880000000000*x^2 + 58807184230962976823782682415515634125071264673752545811493818368000000000000*x + 32577753415456012465780736414149987636082659112751024287530345308958752768000000000000
h 0
SOURCE_248_CERT row 51 edge 13 status proven_product witness rational_SetCart_quotient simple false p 0 chi 0
degrees []
product true product_edge 1 absolute_G2 [ 14278432911083322820489662197016781257582034833526316956925843107603452561940189787687769296613034194599718643/2865041323047155018451605991392082009380700644596037350060564769415302421861266689252138785177600000000, 2008420952317892736219173967650759360302058440644825734207382734673132990548797905307741378380899945651124817/22920330584377240147612847931136656075045605156768298800484518155322419374890133514017110281420800000000, -178322754437780848588320487776124057893922909237487000306342363990148227149328462506999/350519195196254220041659210752004612448292887799360152169888253408933110501137711104 ]
SOURCE_ACCEPT source 1 row 51 tuple [ 55216, 56550, 62234, 64090 ]
edge 13 f 16633507796891244495522000000*T^6 + 375731550549005049099490924391400000000*T^5 + 3447221208888787720776161775196774873639200000000*T^4 + 16456130898754906769235131513326699202156076319920000000000*T^3 + 43123997237457252615633029864133903751554732833261910026880000000000*T^2 + 58807184230962976823782682415515634125071264673752545811493818368000000000000*T + 32577753415456012465780736414149987636082659112751024287530345308958752768000000000000
h 0
absolute_G2 [ 14278432911083322820489662197016781257582034833526316956925843107603452561940189787687769296613034194599718643/2865041323047155018451605991392082009380700644596037350060564769415302421861266689252138785177600000000, 2008420952317892736219173967650759360302058440644825734207382734673132990548797905307741378380899945651124817/22920330584377240147612847931136656075045605156768298800484518155322419374890133514017110281420800000000, -178322754437780848588320487776124057893922909237487000306342363990148227149328462506999/350519195196254220041659210752004612448292887799360152169888253408933110501137711104 ]
status proven_product witness rational_SetCart_quotient cert_p 0 cert_chi 0
cert_degrees []
product_edge 1
SOURCE_CANDIDATE row 51 tuple [ 55216, 56550, 62234, 64090 ]
edge 14 candidate_index 5 factor_degrees [ 1, 1, 1, 1, 2 ]
reduction_gcd 256 reduction_rows [ <19, 256, 8>, <31, 1024, 10> ]
torsion [ 2, 4, 8 ]
order 64 f 12989551065856432869126176768*x^6 + 295796164524739720021370626083974545408*x^5 + 2748353290784038539255728210738243554495747325952*x^4 + 13350477959347411360408202964471618827129547229385103245312*x^3 + 35783969304453712392285176574684359784218084218927389731941934694400*x^2 + 50188422250879990886164967304518984705719436585219315744358490907344896000000*x + 28761251496566834252768691813470862031222594020426852332060534013635497820160000000000
h 0
SOURCE_248_CERT row 51 edge 14 status proven_product witness rational_SetCart_quotient simple false p 0 chi 0
degrees []
product true product_edge 1 absolute_G2 [ -27236483211916561191942310551938743131382241046384477564974254780747000009759457861257326090180665731597197873369155517893/298829436245406105071516679137313953501686403213056530859173967986345104136731686748064807862333059310913085937500000, -194580148543777830045926784232065212760417107297913946482028246593086979504146219635417169043005800111880352963329090138447/28687625879558986086865601197182139536161894708453426962480700926689129997126241927814221554783973693847656250000000000, -87946130543010284763113029183415040882106382384002215758095855049787623515741993865494689031757117696/857124376638411685396455668738417004494835086400611009808409937599527015820366479456424713134765625 ]
SOURCE_ACCEPT source 2 row 51 tuple [ 55216, 56550, 62234, 64090 ]
edge 14 f 12989551065856432869126176768*T^6 + 295796164524739720021370626083974545408*T^5 + 2748353290784038539255728210738243554495747325952*T^4 + 13350477959347411360408202964471618827129547229385103245312*T^3 + 35783969304453712392285176574684359784218084218927389731941934694400*T^2 + 50188422250879990886164967304518984705719436585219315744358490907344896000000*T + 28761251496566834252768691813470862031222594020426852332060534013635497820160000000000
h 0
absolute_G2 [ -27236483211916561191942310551938743131382241046384477564974254780747000009759457861257326090180665731597197873369155517893/298829436245406105071516679137313953501686403213056530859173967986345104136731686748064807862333059310913085937500000, -194580148543777830045926784232065212760417107297913946482028246593086979504146219635417169043005800111880352963329090138447/28687625879558986086865601197182139536161894708453426962480700926689129997126241927814221554783973693847656250000000000, -87946130543010284763113029183415040882106382384002215758095855049787623515741993865494689031757117696/857124376638411685396455668738417004494835086400611009808409937599527015820366479456424713134765625 ]
status proven_product witness rational_SetCart_quotient cert_p 0 cert_chi 0
cert_degrees []
product_edge 1
REVERSE_SUMMARY requested_first 51 requested_last 51 rows_seen 1 rows_completed 1 base_unique 1 base_duplicates 0 base_errors 0 edges 15 jacobians 14 one_split 7 gate_pass_raw 7 candidate_duplicates 2 unique_exact_tests 5 exact_248 2 cert_tests 2 certified_simple_248 0 proven_product_248 2 unresolved_248 0 source_duplicates 0 accepted_unique_exact_sources 2
SOURCE_FORWARD source 1 row 51 origin_edge 13 f 16633507796891244495522000000*T^6 + 375731550549005049099490924391400000000*T^5 + 3447221208888787720776161775196774873639200000000*T^4 + 16456130898754906769235131513326699202156076319920000000000*T^3 + 43123997237457252615633029864133903751554732833261910026880000000000*T^2 + 58807184230962976823782682415515634125071264673752545811493818368000000000000*T + 32577753415456012465780736414149987636082659112751024287530345308958752768000000000000
h 0
status proven_product witness rational_SetCart_quotient product_edge 1 cert_p 0 cert_chi 0
cert_degrees []
SOURCE_FORWARD_RICHELOT_COUNT source 1 count 3
FORWARD_EDGE source 1 edge 1 type SetCart
FORWARD_EDGE source 1 edge 2 type JacHyp factor_degrees [ 1, 1, 1, 1, 2 ]
full_weierstrass false duplicate_neighbor 0
FORWARD_EDGE source 1 edge 3 type JacHyp factor_degrees [ 1, 1, 1, 1, 1 ]
full_weierstrass true duplicate_neighbor 0
FORWARD_FULL_EXACT source 1 edge 3 gate_pass true reduction_gcd 256 reduction_rows [ <19, 256, 8>, <31, 1024, 10> ]
torsion [ 2, 2, 4, 4 ]
order 64 f 61638043231299891059684080103835112224917985672597239324940507422697500927565300431792100000000000000000000*x^5 + 876943426308675309248170483050143084084494803602643911896807552678289625599127230486422803848305200000000000000000000*x^4 + 4654351104378023636332919101779462410372072382815129651323170896712829778191012364692967789936430833612625600000000000000000000*x^3 + 10921426048163327672561771786101954104424451717088299309765208334433959398535081438549254082106023644066388143411360000000000000000000000*x^2 + 9560484896642933920712177678644795760460924788406929564870895731918114206026783777690251687128632078284668811532153062400000000000000000000000000*x
h 0
absolute_G2 [ 8023132697458776166373684126201761018515335775374650955500980288333188439306994621458885351405794049050823531121/150041970129858678854719320377783982429173178772458906201526404615587036494570507468800000000000000000000, 1553642559183975142274335351656781686400445996392602050233583167441878224937350928055357894627409756594416491121/3601007283116608292513263689066815578300156290539013748836633710774088875869692179251200000000000000000000, -46140423676236452797240717610054500381812656758902140065205550888247275610826190850628302079/41845255995678689071357649402243736573355433314014558788779068987801600000000000000000000 ]
SOURCE_FORWARD source 2 row 51 origin_edge 14 f 12989551065856432869126176768*x^6 + 295796164524739720021370626083974545408*x^5 + 2748353290784038539255728210738243554495747325952*x^4 + 13350477959347411360408202964471618827129547229385103245312*x^3 + 35783969304453712392285176574684359784218084218927389731941934694400*x^2 + 50188422250879990886164967304518984705719436585219315744358490907344896000000*x + 28761251496566834252768691813470862031222594020426852332060534013635497820160000000000
h 0
status proven_product witness rational_SetCart_quotient product_edge 1 cert_p 0 cert_chi 0
cert_degrees []
SOURCE_FORWARD_RICHELOT_COUNT source 2 count 3
FORWARD_EDGE source 2 edge 1 type SetCart
FORWARD_EDGE source 2 edge 2 type JacHyp factor_degrees [ 1, 1, 1, 1, 2 ]
full_weierstrass false duplicate_neighbor 1
FORWARD_EDGE source 2 edge 3 type JacHyp factor_degrees [ 1, 1, 1, 1, 1 ]
full_weierstrass true duplicate_neighbor 2
FORWARD_FULL_EXACT source 2 edge 3 gate_pass true reduction_gcd 256 reduction_rows [ <19, 256, 8>, <31, 1024, 10> ]
torsion [ 2, 2, 4, 4 ]
order 64 f 8066213079944091759199974317053021598997181769409382797969736929280882168950526442498529404327198457856*x^5 + 114760497978787773197728969311202682424221655353338448389529815547490172280737762486977184692401938088968713142272*x^4 + 609087923442090343453987168446578065568866361222720709463915097265302636613457822253235646197153362827281817862359184572416*x^3 + 1429223658362382943472443144178758912134503851342822839172374204190087121664136968548755604599691404613469117401653896569515776409600*x^2 + 1251125186348373397978453304924468736805983959721473130444508977936431924912537107353348867430887969770944775036326269171678306593931264000000*x
h 0
absolute_G2 [ 8023132697458776166373684126201761018515335775374650955500980288333188439306994621458885351405794049050823531121/150041970129858678854719320377783982429173178772458906201526404615587036494570507468800000000000000000000, 1553642559183975142274335351656781686400445996392602050233583167441878224937350928055357894627409756594416491121/3601007283116608292513263689066815578300156290539013748836633710774088875869692179251200000000000000000000, -46140423676236452797240717610054500381812656758902140065205550888247275610826190850628302079/41845255995678689071357649402243736573355433314014558788779068987801600000000000000000000 ]
FORWARD_SUMMARY sources 2 edges 6 jacobians 4 full_weierstrass 2 gate_pass 2 exact_tests 2 errors 0 neighbor_duplicates 2 unique_neighbors 2 target_hits 0
TARGET_2248_TOR2244_ROWS101_500_DONE
