TARGET_2248_SOURCE51_FOCUSED_FORWARD
BASE row 51 tuple [ 55216, 56550, 62234, 64090 ]
f T^5 + 14227308012*T^4 + 75511013334935609136*T^3 + 177186449725214688497936641600*T^2 + 155106885219680453949408579750144000000*T
h 0
torsion [ 2, 2, 4, 4 ]
order 64 factor_degrees [ 1, 1, 1, 1, 1 ]
root_power false root_power_p 0 root_power_chi 0
root_power_degrees []
BASE_RICHELOT_COUNT 15
SOURCE_RAW row 51 edge 13 f 16633507796891244495522000000*T^6 + 375731550549005049099490924391400000000*T^5 + 3447221208888787720776161775196774873639200000000*T^4 + 16456130898754906769235131513326699202156076319920000000000*T^3 + 43123997237457252615633029864133903751554732833261910026880000000000*T^2 + 58807184230962976823782682415515634125071264673752545811493818368000000000000*T + 32577753415456012465780736414149987636082659112751024287530345308958752768000000000000
h 0
factor_degrees [ 1, 1, 1, 1, 2 ]
torsion [ 2, 4, 8 ]
order 64 absolute_G2 [ 14278432911083322820489662197016781257582034833526316956925843107603452561940189787687769296613034194599718643/2865041323047155018451605991392082009380700644596037350060564769415302421861266689252138785177600000000, 2008420952317892736219173967650759360302058440644825734207382734673132990548797905307741378380899945651124817/22920330584377240147612847931136656075045605156768298800484518155322419374890133514017110281420800000000, -178322754437780848588320487776124057893922909237487000306342363990148227149328462506999/350519195196254220041659210752004612448292887799360152169888253408933110501137711104 ]
root_power false root_power_p 0 root_power_chi 0
root_power_degrees []
SOURCE_REVERSE_KERNEL_IDENTIFICATION builtin_index 13 kernel_index 13 label L1*L2 | L3*L4 | L5*infinity factors [
T^2 + 3048806656*T,
T^2 + 7070973256*T + 12385702653289290000,
T + 4107528100
]
delta -4135459679092170000 formula_scale 1 manual_g0 16633507796891244495522000000*T^6 + 375731550549005049099490924391400000000*T^5 + 3447221208888787720776161775196774873639200000000*T^4 + 16456130898754906769235131513326699202156076319920000000000*T^3 + 43123997237457252615633029864133903751554732833261910026880000000000*T^2 + 58807184230962976823782682415515634125071264673752545811493818368000000000000*T + 32577753415456012465780736414149987636082659112751024287530345308958752768000000000000
SOURCE_REVERSE_KERNEL_MATCH_COUNT 13 1
SOURCE_RAW row 51 edge 14 f 12989551065856432869126176768*T^6 + 295796164524739720021370626083974545408*T^5 + 2748353290784038539255728210738243554495747325952*T^4 + 13350477959347411360408202964471618827129547229385103245312*T^3 + 35783969304453712392285176574684359784218084218927389731941934694400*T^2 + 50188422250879990886164967304518984705719436585219315744358490907344896000000*T + 28761251496566834252768691813470862031222594020426852332060534013635497820160000000000
h 0
factor_degrees [ 1, 1, 1, 1, 2 ]
torsion [ 2, 4, 8 ]
order 64 absolute_G2 [ -27236483211916561191942310551938743131382241046384477564974254780747000009759457861257326090180665731597197873369155517893/298829436245406105071516679137313953501686403213056530859173967986345104136731686748064807862333059310913085937500000, -194580148543777830045926784232065212760417107297913946482028246593086979504146219635417169043005800111880352963329090138447/28687625879558986086865601197182139536161894708453426962480700926689129997126241927814221554783973693847656250000000000, -87946130543010284763113029183415040882106382384002215758095855049787623515741993865494689031757117696/857124376638411685396455668738417004494835086400611009808409937599527015820366479456424713134765625 ]
root_power false root_power_p 0 root_power_chi 0
root_power_degrees []
SOURCE_REVERSE_KERNEL_IDENTIFICATION builtin_index 14 kernel_index 14 label L1*L3 | L2*L4 | L5*infinity factors [
T^2 + 3197902500*T,
T^2 + 6921877412*T + 11808243900051751936,
T + 4107528100
]
delta -3488087694683275264 formula_scale 1 manual_g0 12989551065856432869126176768*T^6 + 295796164524739720021370626083974545408*T^5 + 2748353290784038539255728210738243554495747325952*T^4 + 13350477959347411360408202964471618827129547229385103245312*T^3 + 35783969304453712392285176574684359784218084218927389731941934694400*T^2 + 50188422250879990886164967304518984705719436585219315744358490907344896000000*T + 28761251496566834252768691813470862031222594020426852332060534013635497820160000000000
SOURCE_REVERSE_KERNEL_MATCH_COUNT 14 1
SOURCE_PAIR_Q_ISOMORPHIC false
SOURCE_UNIQUE_ACCEPT 1 raw 1 edge 13
SOURCE_UNIQUE_ACCEPT 2 raw 2 edge 14
SOURCE_DEDUP_SUMMARY raw 2 unique_Q_curves 2
SOURCE_FORWARD 1 reverse_edge 13 f 16633507796891244495522000000*T^6 + 375731550549005049099490924391400000000*T^5 + 3447221208888787720776161775196774873639200000000*T^4 + 16456130898754906769235131513326699202156076319920000000000*T^3 + 43123997237457252615633029864133903751554732833261910026880000000000*T^2 + 58807184230962976823782682415515634125071264673752545811493818368000000000000*T + 32577753415456012465780736414149987636082659112751024287530345308958752768000000000000
h 0
SOURCE_FORWARD_RICHELOT_COUNT 1 3
FORWARD_EDGE 1 1 type SetCart surface Cartesian Product<Elliptic Curve defined by y^2 = x^3 - 4333994381562045465303637485046875/1257728*x^2 + 2461616801152945856930239019163225566071456028830166023406982421875/1581879721984*x - 26707357627986298693177722642282903792978785335662249637356727684032647428021766245365142822265625/1989574418971492352 over Rational Field, Elliptic Curve defined by y^2 = x^3 + 28833226037855358445657186813546875/1257728*x^2 + 15880524579840426911885498056481659686000505830421871345672607421875/1581879721984*x + 1146252277275108482548304480246089272680246560471212289480531608004274544520393945276737213134765625/1989574418971492352 over Rational Field>
SOURCE_NONSIMPLE_CERTIFICATE source 1 edge 1 reason rational Richelot quotient is an elliptic-curve product surface Cartesian Product<Elliptic Curve defined by y^2 = x^3 - 4333994381562045465303637485046875/1257728*x^2 + 2461616801152945856930239019163225566071456028830166023406982421875/1581879721984*x - 26707357627986298693177722642282903792978785335662249637356727684032647428021766245365142822265625/1989574418971492352 over Rational Field, Elliptic Curve defined by y^2 = x^3 + 28833226037855358445657186813546875/1257728*x^2 + 15880524579840426911885498056481659686000505830421871345672607421875/1581879721984*x + 1146252277275108482548304480246089272680246560471212289480531608004274544520393945276737213134765625/1989574418971492352 over Rational Field>
FORWARD_EXACT source 1 edge 2 factor_degrees [ 1, 1, 1, 1, 2 ]
full_weierstrass false v2_gate_7 true reduction_gcd 256 reduction_rows [ <19, 256, 8>, <43, 2304, 8> ]
torsion [ 2, 4, 8 ]
order 64 f 949463377790440777564222526168017280484447387000330636497748181467856896000000000000000000*x^6 + 13954705075624660806016197730643747588895424964632798069893108761357424211396657152000000000000000000*x^5 + 63952911653359456337955051400573868240701160276237501702102631486901913145847766261333753856000000000000000000*x^4 - 5864713119574559560896592264271310977820063163788338316609591431870539689182938326062064709140480000000000000000000000*x^3 - 912552862304791652110850701545097923715446453964931029916754469255947678558816230234789292538544307884890521600000000000000000000*x^2 - 2681145931041229670995507693613947469964796212399812318580795409696990466483782354854762028464722442635796906246144000000000000000000000000*x - 2470326768089850855583485731676408078610913097033112991445292304978952471664552442474387441243501241059152228937320995225600000000000000000000000000
h 0
absolute_G2 [ -711141313340880731604292488899364898624980663007390625809130002448854979862081691742864192974009660237885895711/258274638171607076362289358261276512652443248098142146682157873574354180221353466208962008896132997612500000, -12523980277433018649544075924444790710739588488111302995279927939024980818864530765273388700620433341394808270111/8264788421491426443593259464360848404878183939140548693829051954379333767083310918686784284676255923600000000, -7046955521200121794036317159961773498360762887798205038014906116408837388322318938439041/486908072345195186113098622893225790920912588114636058445965481362469104807440422250000 ]
FORWARD_KERNEL_IDENTIFICATION builtin_index 2 kernel_index 2 label Q | L1*L3 | L2*L4 factors [
x^2 + 16363723944100/2657*x + 24944915238859325964800/2657,
x^2 + 6591505700*x + 9239967663039193600,
x^2 + 9838606700*x + 22577526264077293600
]
delta -6254177130087497137612800000 formula_scale 16633507796891244495522000000 manual_g0 228325471544346838057388790412938092384418463875072000000000000/7059649*x^6 + 3355805701604986933116293774793283967082448254106983846641664000000000000/7059649*x^5 + 15379296402004170022185541011973107017366382336315850144086981756321792000000000000/7059649*x^4 - 1410337059671961156684634846050092110701022704327831494801208760066753167360000000000000000/7059649*x^3 - 219449288375683497838927809303862372280899033635810255158619871950624385805822870106931200000000000000/7059649*x^2 - 644757789825265420692344525959248853491397123462126290072423695476224561275131692417923678208000000000000000000/7059649*x - 594060326481837567195318431618877570063173798775163505735227075955960460815581332541973717759243059200000000000000000000/7059649
FORWARD_KERNEL_MATCH_COUNT 2 1
FORWARD_EXACT source 1 edge 3 factor_degrees [ 1, 1, 1, 1, 1 ]
full_weierstrass true v2_gate_7 true reduction_gcd 256 reduction_rows [ <19, 256, 8>, <31, 1024, 10> ]
torsion [ 2, 2, 4, 4 ]
order 64 f 61638043231299891059684080103835112224917985672597239324940507422697500927565300431792100000000000000000000*x^5 + 876943426308675309248170483050143084084494803602643911896807552678289625599127230486422803848305200000000000000000000*x^4 + 4654351104378023636332919101779462410372072382815129651323170896712829778191012364692967789936430833612625600000000000000000000*x^3 + 10921426048163327672561771786101954104424451717088299309765208334433959398535081438549254082106023644066388143411360000000000000000000000*x^2 + 9560484896642933920712177678644795760460924788406929564870895731918114206026783777690251687128632078284668811532153062400000000000000000000000000*x
h 0
absolute_G2 [ 8023132697458776166373684126201761018515335775374650955500980288333188439306994621458885351405794049050823531121/150041970129858678854719320377783982429173178772458906201526404615587036494570507468800000000000000000000, 1553642559183975142274335351656781686400445996392602050233583167441878224937350928055357894627409756594416491121/3601007283116608292513263689066815578300156290539013748836633710774088875869692179251200000000000000000000, -46140423676236452797240717610054500381812656758902140065205550888247275610826190850628302079/41845255995678689071357649402243736573355433314014558788779068987801600000000000000000000 ]
FORWARD_KERNEL_IDENTIFICATION builtin_index 3 kernel_index 3 label Q | L1*L4 | L2*L3 factors [
x^2 + 16363723944100/2657*x + 24944915238859325964800/2657,
x^2 + 8215056200*x + 12523059010987033600,
x^2 + 8215056200*x + 16658518690079203600
]
delta -22594829908042163665260081000000/2657 formula_scale 16633507796891244495522000000 manual_g0 5578705478358234966371895888332913552943767508944806504169174600000000000000/18757487393*x^5 + 79369961148834408943241424943708718315100249665475727242555809190006895200000000000000/18757487393*x^4 + 421253703767987016787018486942138608894171253049759656781997192497427018245339145600000000000000/18757487393*x^3 + 988471017772901159308370639588715451754827179281931434305728187831588967204359998568023360000000000000000/18757487393*x^2 + 865295630306113291667814121529083474118016494089338508168885511893459731547200362852374711142400000000000000000000/18757487393*x
FORWARD_KERNEL_MATCH_COUNT 3 1
SOURCE_FORWARD 2 reverse_edge 14 f 12989551065856432869126176768*x^6 + 295796164524739720021370626083974545408*x^5 + 2748353290784038539255728210738243554495747325952*x^4 + 13350477959347411360408202964471618827129547229385103245312*x^3 + 35783969304453712392285176574684359784218084218927389731941934694400*x^2 + 50188422250879990886164967304518984705719436585219315744358490907344896000000*x + 28761251496566834252768691813470862031222594020426852332060534013635497820160000000000
h 0
SOURCE_FORWARD_RICHELOT_COUNT 2 3
FORWARD_EDGE 2 1 type SetCart surface Cartesian Product<Elliptic Curve defined by y^2 = x^3 - 4345715044046526518624997478406029312/3289732875*x^2 - 6861247110242452256182510191489507715527136459447254861479941339718090752/10822342388855765625*x - 2544799348347997317908328570184778656307189263202660513247383412623190150636796153139906183138708105071689728/961270619610370836866150390625 over Rational Field, Elliptic Curve defined by y^2 = x^3 + 17595501216446428551189323840009273344/1096577625*x^2 + 72729726346936889477456106202235779868133555332414980349092833461402599424/32467027166567296875*x - 109220166550487787558424594977007102488436820612271165693835938375439234617201868341233218916474568571283832832/961270619610370836866150390625 over Rational Field>
SOURCE_NONSIMPLE_CERTIFICATE source 2 edge 1 reason rational Richelot quotient is an elliptic-curve product surface Cartesian Product<Elliptic Curve defined by y^2 = x^3 - 4345715044046526518624997478406029312/3289732875*x^2 - 6861247110242452256182510191489507715527136459447254861479941339718090752/10822342388855765625*x - 2544799348347997317908328570184778656307189263202660513247383412623190150636796153139906183138708105071689728/961270619610370836866150390625 over Rational Field, Elliptic Curve defined by y^2 = x^3 + 17595501216446428551189323840009273344/1096577625*x^2 + 72729726346936889477456106202235779868133555332414980349092833461402599424/32467027166567296875*x - 109220166550487787558424594977007102488436820612271165693835938375439234617201868341233218916474568571283832832/961270619610370836866150390625 over Rational Field>
FORWARD_EXACT source 2 edge 2 factor_degrees [ 1, 1, 1, 1, 2 ]
full_weierstrass false v2_gate_7 true reduction_gcd 256 reduction_rows [ <19, 256, 8>, <43, 2304, 8> ]
torsion [ 2, 4, 8 ]
order 64 f 9310693366210682564561395723660113635950374468494511572337265038654979330906269941760000*x^6 + 136843592932893413458165999389910764157322731643713320594075912590690406160350298470677080965120000*x^5 + 627139460256480374567542392517442104195763639662632899546885689955326046381821804428392647503671313039360000*x^4 - 57510954939858207195850715183534355619557908493943876909096966298503470889562683153064551021369322749349068800000000*x^3 - 8948738919399464033228909312450472849929938115656877092934633868780250154188409877084640850213552815892702213530605060096000000*x^2 - 26292038448162326493001203446252009050050635043364407671412375428364734907360661080978796537166303900141083102908004143086960640000000000*x - 24224689008598451307731044737926999986992902119778412792949294911169646819468791096061398107044054500089175075385875483152648121614336000000000000
h 0
absolute_G2 [ -711141313340880731604292488899364898624980663007390625809130002448854979862081691742864192974009660237885895711/258274638171607076362289358261276512652443248098142146682157873574354180221353466208962008896132997612500000, -12523980277433018649544075924444790710739588488111302995279927939024980818864530765273388700620433341394808270111/8264788421491426443593259464360848404878183939140548693829051954379333767083310918686784284676255923600000000, -7046955521200121794036317159961773498360762887798205038014906116408837388322318938439041/486908072345195186113098622893225790920912588114636058445965481362469104807440422250000 ]
FORWARD_KERNEL_IDENTIFICATION builtin_index 2 kernel_index 2 label Q | L1*L3 | L2*L4 factors [
x^2 + 2238634896968/353*x + 3579468066800604810000/353,
x^2 + 6780323656*x + 10015542723093757200,
x^2 + 9649788744*x + 21801951204022730000
]
delta -5526820055475363230672486400 formula_scale 12989551065856432869126176768 manual_g0 2867133227008659757901460817447173109085464868896930529280000/124609*x^6 + 42139591195754995312540416028698286334731597385651377095186956943360000/124609*x^5 + 193121211680653733575463146378266626422232221204456804160763851497302738862080000/124609*x^4 - 17709913036495343817302439784899343140049816827411191203106384156083623922394726400000000/124609*x^3 - 2755673040285923627850175373170163195587353738542204019063163493024801660417072064279701618688000000/124609*x^2 - 8096365552546931874457564359607980840153546307582153059691294482664351115800273788617511900461137920000000000/124609*x - 7459746340972179954948418068388689141353344241389544301143762704002079387869924592407494882752991128977408000000000000/124609
FORWARD_KERNEL_MATCH_COUNT 2 1
FORWARD_EXACT source 2 edge 3 factor_degrees [ 1, 1, 1, 1, 1 ]
full_weierstrass true v2_gate_7 true reduction_gcd 256 reduction_rows [ <19, 256, 8>, <31, 1024, 10> ]
torsion [ 2, 2, 4, 4 ]
order 64 f 8066213079944091759199974317053021598997181769409382797969736929280882168950526442498529404327198457856*x^5 + 114760497978787773197728969311202682424221655353338448389529815547490172280737762486977184692401938088968713142272*x^4 + 609087923442090343453987168446578065568866361222720709463915097265302636613457822253235646197153362827281817862359184572416*x^3 + 1429223658362382943472443144178758912134503851342822839172374204190087121664136968548755604599691404613469117401653896569515776409600*x^2 + 1251125186348373397978453304924468736805983959721473130444508977936431924912537107353348867430887969770944775036326269171678306593931264000000*x
h 0
absolute_G2 [ 8023132697458776166373684126201761018515335775374650955500980288333188439306994621458885351405794049050823531121/150041970129858678854719320377783982429173178772458906201526404615587036494570507468800000000000000000000, 1553642559183975142274335351656781686400445996392602050233583167441878224937350928055357894627409756594416491121/3601007283116608292513263689066815578300156290539013748836633710774088875869692179251200000000000000000000, -46140423676236452797240717610054500381812656758902140065205550888247275610826190850628302079/41845255995678689071357649402243736573355433314014558788779068987801600000000000000000000 ]
FORWARD_KERNEL_IDENTIFICATION builtin_index 3 kernel_index 3 label Q | L1*L4 | L2*L3 factors [
x^2 + 2238634896968/353*x + 3579468066800604810000/353,
x^2 + 8215056200*x + 13135474379810250000,
x^2 + 8215056200*x + 16623562074493525264
]
delta -2306602427147453703304509390848/353 formula_scale 12989551065856432869126176768 manual_g0 7036567119831516897409653467177824491124176975715784126092733212530835456/43986977*x^5 + 100111407760954704444629744819722641411300825973507104932021561489618454080202473472/43986977*x^4 + 531338313617767124757138227010338883016875140993550700228614452699696709181030449638346326016/43986977*x^3 + 1246784346216125789238950535533336902244823752090339554358047296164357517101929775614760971402844569600/43986977*x^2 + 1091420008596284569912146029479311080660707645302838179320349475930656334460433598461254314944508056305664000000/43986977*x
FORWARD_KERNEL_MATCH_COUNT 3 1
FORWARD_SUMMARY sources 2 edges 6 jacobians 4 full_weierstrass 2 v2_gate_7_pass 4 exact_tests 4 target_hits 0
TARGET_2248_SOURCE51_FOCUSED_FORWARD_DONE
