S1_P71_COMPLETE_START scaled_fiber [ -980, 2205, 7350, -2166 ]
p 71
FINITE_COMPONENT T 1 signed_vals [ 14, 4, 37, 35 ]
branch_squares [ 54, 16, 20, 18 ]
radicands [ 29, 49, 37, 48 ]
smooth true J_order 5632 mod3 1 contact_count 0 contact_samples []
FINITE_COMPONENT T 4 signed_vals [ 14, 4, 37, 63 ]
branch_squares [ 54, 16, 20, 64 ]
radicands [ 38, 6, 49, 43 ]
smooth true J_order 4096 mod3 1 contact_count 0 contact_samples []
FINITE_COMPONENT T 9 signed_vals [ 14, 4, 37, 66 ]
branch_squares [ 54, 16, 20, 25 ]
radicands [ 6, 9, 30, 45 ]
smooth true J_order 5312 mod3 2 contact_count 0 contact_samples []
FINITE_COMPONENT T 20 signed_vals [ 14, 4, 37, 13 ]
branch_squares [ 54, 16, 20, 27 ]
radicands [ 27, 27, 58, 57 ]
smooth true J_order 4480 mod3 1 contact_count 0 contact_samples []
FINITE_COMPONENT T 33 signed_vals [ 14, 4, 37, 59 ]
branch_squares [ 54, 16, 20, 2 ]
radicands [ 57, 2, 27, 64 ]
smooth true J_order 4096 mod3 1 contact_count 0 contact_samples []
FINITE_COMPONENT T 34 signed_vals [ 14, 4, 37, 61 ]
branch_squares [ 54, 16, 20, 29 ]
radicands [ 12, 4, 38, 18 ]
smooth true J_order 3584 mod3 2 contact_count 0 contact_samples []
FINITE_COMPONENT T 37 signed_vals [ 14, 4, 37, 61 ]
branch_squares [ 54, 16, 20, 29 ]
radicands [ 12, 4, 38, 18 ]
smooth true J_order 3584 mod3 2 contact_count 0 contact_samples []
FINITE_COMPONENT T 38 signed_vals [ 14, 4, 37, 59 ]
branch_squares [ 54, 16, 20, 2 ]
radicands [ 57, 2, 27, 64 ]
smooth true J_order 4096 mod3 1 contact_count 0 contact_samples []
FINITE_COMPONENT T 51 signed_vals [ 14, 4, 37, 13 ]
branch_squares [ 54, 16, 20, 27 ]
radicands [ 27, 27, 58, 57 ]
smooth true J_order 4480 mod3 1 contact_count 0 contact_samples []
FINITE_COMPONENT T 62 signed_vals [ 14, 4, 37, 66 ]
branch_squares [ 54, 16, 20, 25 ]
radicands [ 6, 9, 30, 45 ]
smooth true J_order 5312 mod3 2 contact_count 0 contact_samples []
FINITE_COMPONENT T 67 signed_vals [ 14, 4, 37, 63 ]
branch_squares [ 54, 16, 20, 64 ]
radicands [ 38, 6, 49, 43 ]
smooth true J_order 4096 mod3 1 contact_count 0 contact_samples []
FINITE_COMPONENT T 70 signed_vals [ 14, 4, 37, 35 ]
branch_squares [ 54, 16, 20, 18 ]
radicands [ 29, 49, 37, 48 ]
smooth true J_order 5632 mod3 1 contact_count 0 contact_samples []
INFINITY_COMPONENT units [ 29, 35, 15, 47 ]
square_flags [ true, false, true, false ]
full_cover false
MW_CONGRUENCE_MASK modulus 71 allowed_classes EMPTY reason no finite or infinity full-cover/contact component output results/target_22224_S1_p71_coefficient_mask.tsv
PERIODIC_BANK_AUDIT coefficient_bound 100000000 raw_classes 400000002 input_rows 3412 p71_component_survivors 0 output results/target_22224_S1_rank1_N100000000_p71complete.tsv
S1_P71_COMPLETE_DONE finite_cover_residues [ 1, 4, 9, 20, 33, 34, 37, 38, 51, 62, 67, 70 ]
smooth_cover 12 J3_cover []
affine_contact_total 0 infinity_full_cover false global_S1_survivors 0 output results/target_22224_S1_p71_complete_obstruction.tsv
