P8_MW_LATTICE_START Bound 20 fixed [ 528, -726, -891 ]
d0 50
P8_MW_QUOTIENT <1, 2> minimal Elliptic Curve defined by y^2 = x^3 + 1520244*x + 202972176 over Rational Field
generators [ (-132 : 0 : 1), (7810 : -698896 : 1), (4741/9 : 915607/27 : 1) ]
height_pairing 
[1.19355119673677452619066414969 -0.0974582323599998071719595166543]
[-0.0974582323599998071719595166543 7.16777588808668318062991017817]
P8_MW_FULL pair <1, 2> coeffs 0 0 0 t 1 known true primitive [ 528, -726, -891, 50 ]
three_survivor false gcd 64 used [ <23, 768, 768>, <31, 960, 192>, <37, 1408, 64> ]
P8_MW_FULL pair <1, 2> coeffs 0 0 1 t -1 known true primitive [ 528, -726, -891, 50 ]
three_survivor false gcd 64 used [ <23, 768, 768>, <31, 960, 192>, <37, 1408, 64> ]
P8_MW_FULL pair <1, 2> coeffs 0 1 0 t -19/5 known true primitive [ 528, -726, -891, 722 ]
three_survivor false gcd 256 used [ <17, 256, 256> ]
P8_MW_FULL pair <1, 2> coeffs 0 1 1 t 19/5 known true primitive [ 528, -726, -891, 722 ]
three_survivor false gcd 256 used [ <17, 256, 256> ]
P8_MW_QUOTIENT <1, 3> minimal Elliptic Curve defined by y^2 = x^3 + 1837869*x + 458936786 over Rational Field
generators [ (-242 : 0 : 1), (151129/169 : 116618832/2197 : 1), (5305 : 399384 : 1) ]
height_pairing 
[7.02639344799179511557790627305 1.54440295672292981075516987017]
[1.54440295672292981075516987017 1.64038533824840489023158479629]
P8_MW_QUOTIENT <2, 3> minimal Elliptic Curve defined by y^2 = x^3 - 13836108*x + 19808836432 over Rational Field
generators [ (2156 : 0 : 1), (2189 : -3267 : 1), (103994/49 : 653400/343 : 1) ]
height_pairing 
[1.17744956418511430380068579106 -0.0998838524128309676409004494689]
[-0.0998838524128309676409004494689 1.77719213366850103566657621243]
P8_MW_LATTICE_DONE tested 10086 distinct_t 5396 full 4 new_full 0 three_survivors 0 output results/target_22224_p8_mw_lattice_B20.tsv
