P8_RANK2_MWSIEVE_START family O4_12 quotient <1, 2> N 0 primes [ 11, 13, 61 ]
E Elliptic Curve defined by y^2 = x^3 + x^2 + 35967*x + 252063 over Rational Field
rank_bounds 2 2 generators [ (-7 : 0 : 1), (3603 : 216600 : 1), (93 : -2100 : 1) ]
known_t 1/2
P8_PRIME_PROFILE p 11 orders 8 4 total 64 third_fail 48 open_no3 0 open_3 0 boundary 16 allowed 16
P8_PRIORITY_CLASSES p 11 boundary [ <1, 4, 1>, <1, 0, 0>, <1, 4, 2>, <2, 6, 2>, <2, 6, 1>, <1, 0, 3>, <2, 6, 3>, <1, 4, 0>, <2, 0, 3>, <2, 2, 1>, <1, 0, 2>, <1, 2, 0>, <2, 2, 3>, <2, 4, 1>, <2, 2, 0>, <1, 6, 2> ]
open_3 []
P8_PRIME_PROFILE p 13 orders 4 4 total 32 third_fail 24 open_no3 0 open_3 0 boundary 8 allowed 8
P8_PRIORITY_CLASSES p 13 boundary [ <1, 1, 1>, <2, 3, 2>, <1, 2, 2>, <2, 1, 0>, <1, 3, 3>, <2, 2, 1>, <1, 0, 0>, <2, 0, 3> ]
open_3 []
P8_PRIME_PROFILE p 61 orders 68 34 total 4624 third_fail 2516 open_no3 1836 open_3 0 boundary 272 allowed 272
P8_PRIORITY_CLASSES p 61 boundary_count 272 open_3_count 0 full_list_in results/target_22224_O4_12_crt_stage1_residues.tsv
P8_CRT_STEP p 11 classes 16
P8_CRT_STEP p 13 classes 6
P8_CRT_STEP p 61 classes 204
P8_CRT_CLASSES count 204
[ <1, 56, 136, 4, 68>, <1, 0, 136, 48, 68>, <1, 16, 136, 20, 68>, <1, 8, 136, 0, 68>, <1, 104, 136, 56, 68>, <1, 128, 136, 48, 68>, <1, 120, 136, 28, 68>, <1, 120, 136, 8, 68>, <1, 40, 136, 32, 68>, <1, 80, 136, 64, 68>, <1, 96, 136, 16, 68>, <1, 80, 136, 44, 68>, <1, 8, 136, 20, 68>, <1, 72, 136, 24, 68>, <1, 112, 136, 56, 68>, <1, 48, 136, 52, 68>, <1, 0, 136, 0, 68>, <1, 16, 136, 40, 68>, <1, 40, 136, 12, 68>, <1, 128, 136, 28, 68>, <1, 88, 136, 64, 68>, <1, 96, 136, 36, 68>, <1, 56, 136, 52, 68>, <1, 32, 136, 12, 68>, <1, 104, 136, 36, 68>, <1, 24, 136, 60, 68>, <1, 24, 136, 40, 68>, <1, 112, 136, 8, 68>, <1, 88, 136, 16, 68>, <1, 32, 136, 60, 68>, <1, 64, 136, 4, 68>, <1, 48, 136, 32, 68>, <1, 64, 136, 24, 68>, <1, 72, 136, 44, 68>, <1, 124, 136, 4, 68>, <1, 68, 136, 48, 68>, <1, 84, 136, 20, 68>, <1, 76, 136, 0, 68>, <1, 36, 136, 56, 68>, <1, 60, 136, 48, 68>, <1, 52, 136, 28, 68>, <1, 52, 136, 8, 68>, <1, 108, 136, 32, 68>, <1, 12, 136, 64, 68>, <1, 28, 136, 16, 68>, <1, 12, 136, 44, 68>, <1, 76, 136, 20, 68>, <1, 4, 136, 24, 68>, <1, 44, 136, 56, 68>, <1, 116, 136, 52, 68>, <1, 68, 136, 0, 68>, <1, 84, 136, 40, 68>, <1, 108, 136, 12, 68>, <1, 60, 136, 28, 68>, <1, 20, 136, 64, 68>, <1, 28, 136, 36, 68>, <1, 124, 136, 52, 68>, <1, 100, 136, 12, 68>, <1, 36, 136, 36, 68>, <1, 92, 136, 60, 68>, <1, 92, 136, 40, 68>, <1, 44, 136, 8, 68>, <1, 20, 136, 16, 68>, <1, 100, 136, 60, 68>, <1, 132, 136, 4, 68>, <1, 116, 136, 32, 68>, <1, 132, 136, 24, 68>, <1, 4, 136, 44, 68>, <1, 70, 136, 62, 68>, <1, 94, 136, 62, 68>, <1, 102, 136, 14, 68>, <1, 54, 136, 22, 68>, <1, 94, 136, 54, 68>, <1, 6, 136, 46, 68>, <1, 30, 136, 30, 68>, <1, 14, 136, 58, 68>, <1, 86, 136, 34, 68>, <1, 22, 136, 10, 68>, <1, 78, 136, 22, 68>, <1, 70, 136, 2, 68>, <1, 118, 136, 46, 68>, <1, 46, 136, 10, 68>, <1, 110, 136, 34, 68>, <1, 86, 136, 42, 68>, <1, 54, 136, 30, 68>, <1, 118, 136, 54, 68>, <1, 30, 136, 38, 68>, <1, 134, 136, 26, 68>, <1, 126, 136, 66, 68>, <1, 62, 136, 42, 68>, <1, 22, 136, 18, 68>, <1, 102, 136, 6, 68>, <1, 126, 136, 6, 68>, <1, 46, 136, 2, 68>, <1, 62, 136, 50, 68>, <1, 78, 136, 14, 68>, <1, 134, 136, 18, 68>, <1, 38, 136, 58, 68>, <1, 38, 136, 50, 68>, <1, 6, 136, 38, 68>, <1, 14, 136, 66, 68>, <1, 110, 136, 26, 68>, <2, 78, 136, 65, 68>, <2, 70, 136, 45, 68>, <2, 70, 136, 53, 68>, <2, 14, 136, 41, 68>, <2, 46, 136, 53, 68>, <2, 22, 136, 1, 68>, <2, 62, 136, 33, 68>, <2, 86, 136, 25, 68>, <2, 110, 136, 17, 68>, <2, 110, 136, 9, 68>, <2, 118, 136, 37, 68>, <2, 134, 136, 1, 68>, <2, 102, 136, 57, 68>, <2, 54, 136, 13, 68>, <2, 6, 136, 29, 68>, <2, 134, 136, 9, 68>, <2, 14, 136, 49, 68>, <2, 94, 136, 37, 68>, <2, 86, 136, 17, 68>, <2, 94, 136, 45, 68>, <2, 126, 136, 57, 68>, <2, 118, 136, 29, 68>, <2, 102, 136, 65, 68>, <2, 126, 136, 49, 68>, <2, 54, 136, 5, 68>, <2, 30, 136, 13, 68>, <2, 38, 136, 41, 68>, <2, 30, 136, 21, 68>, <2, 38, 136, 33, 68>, <2, 78, 136, 5, 68>, <2, 62, 136, 25, 68>, <2, 6, 136, 21, 68>, <2, 22, 136, 61, 68>, <2, 46, 136, 61, 68>, <2, 16, 136, 3, 68>, <2, 104, 136, 39, 68>, <2, 48, 136, 15, 68>, <2, 56, 136, 55, 68>, <2, 96, 136, 67, 68>, <2, 120, 136, 11, 68>, <2, 72, 136, 7, 68>, <2, 80, 136, 47, 68>, <2, 32, 136, 43, 68>, <2, 64, 136, 7, 68>, <2, 80, 136, 27, 68>, <2, 16, 136, 23, 68>, <2, 88, 136, 67, 68>, <2, 48, 136, 35, 68>, <2, 88, 136, 47, 68>, <2, 24, 136, 23, 68>, <2, 112, 136, 59, 68>, <2, 72, 136, 27, 68>, <2, 40, 136, 15, 68>, <2, 104, 136, 19, 68>, <2, 8, 136, 3, 68>, <2, 32, 136, 63, 68>, <2, 112, 136, 39, 68>, <2, 56, 136, 35, 68>, <2, 24, 136, 43, 68>, <2, 128, 136, 11, 68>, <2, 120, 136, 59, 68>, <2, 8, 136, 51, 68>, <2, 96, 136, 19, 68>, <2, 0, 136, 31, 68>, <2, 64, 136, 55, 68>, <2, 128, 136, 31, 68>, <2, 40, 136, 63, 68>, <2, 0, 136, 51, 68>, <2, 10, 136, 65, 68>, <2, 2, 136, 45, 68>, <2, 2, 136, 53, 68>, <2, 82, 136, 41, 68>, <2, 114, 136, 53, 68>, <2, 90, 136, 1, 68>, <2, 130, 136, 33, 68>, <2, 18, 136, 25, 68>, <2, 42, 136, 17, 68>, <2, 42, 136, 9, 68>, <2, 50, 136, 37, 68>, <2, 66, 136, 1, 68>, <2, 34, 136, 57, 68>, <2, 122, 136, 13, 68>, <2, 74, 136, 29, 68>, <2, 66, 136, 9, 68>, <2, 82, 136, 49, 68>, <2, 26, 136, 37, 68>, <2, 18, 136, 17, 68>, <2, 26, 136, 45, 68>, <2, 58, 136, 57, 68>, <2, 50, 136, 29, 68>, <2, 34, 136, 65, 68>, <2, 58, 136, 49, 68>, <2, 122, 136, 5, 68>, <2, 98, 136, 13, 68>, <2, 106, 136, 41, 68>, <2, 98, 136, 21, 68>, <2, 106, 136, 33, 68>, <2, 10, 136, 5, 68>, <2, 130, 136, 25, 68>, <2, 74, 136, 21, 68>, <2, 90, 136, 61, 68>, <2, 114, 136, 61, 68> ]
P8_EXACT_CLASS m 0 n 0 ti 1 t 1 tuple [ 72, -80, -120, 75 ]
three false gcd 128
P8_RANK2_MWSIEVE_DONE box_total 2 periodic_enumerated 1 modular_survivors 1 deferred_large_index 0 exact_full 1 height_skip 0 three_hits 0 crt_file results/target_22224_O4_12_crt_stage1.tsv modular_file results/target_22224_O4_12_crt_stage1_modular.tsv
