REPEATED_RANK2_MWSIEVE_START F1 pair <1, 2> remaining 3 N 1000 fixed [ -1470, -630, 336 ]
d0 25 known_t 5 E Elliptic Curve defined by y^2 = x^3 - 323400*x + 70315000 over Rational Field
rank_bounds 2 2 generators [ (350 : 0 : 1), (266 : 1764 : 1), (1505/4 : -11025/8 : 1) ]
torsion [ 2 ]
direct_boundary_masks 13 15
PRIME_PROFILE F1 p 13 orders 12 3 total 72 third_fail 24 open_no3 0 open_3 0 boundary 48 finite_direct_boundary 30 infinity 18 allowed 48 lattice_before 8008002 lattice_after 5340002
PRIORITY_CLASSES F1 p 13 boundary_count 48 open3_count 0 boundary [ <1, 11, 0>, <1, 10, 0>, <2, 0, 2>, <1, 1, 2>, <2, 10, 0>, <1, 4, 1>, <2, 0, 0>, <2, 0, 1>, <2, 4, 2>, <2, 8, 1>, <2, 4, 0>, <2, 2, 1>, <1, 0, 1>, <1, 8, 0>, <1, 10, 1>, <1, 2, 0>, <2, 2, 0>, <1, 8, 2>, <2, 8, 2>, <2, 6, 0>, <1, 3, 1>, <2, 11, 0>, <2, 5, 0>, <1, 5, 0>, <2, 9, 1>, <1, 2, 2>, <2, 3, 1>, <2, 7, 2>, <1, 2, 1>, <1, 10, 2>, <1, 8, 1>, <1, 7, 2>, <2, 10, 1>, <2, 4, 1>, <1, 4, 2>, <1, 9, 1>, <1, 0, 0>, <1, 6, 2>, <2, 10, 2>, <1, 0, 2>, <1, 6, 0>, <2, 6, 1>, <2, 2, 2>, <1, 4, 0>, <1, 6, 1>, <2, 6, 2>, <2, 8, 0>, <2, 1, 2> ]
PRIME_SKIP 11 map_reduction
PRIME_PROFILE F1 p 47 orders 28 28 total 1568 third_fail 560 open_no3 532 open_3 224 boundary 252 finite_direct_boundary 168 infinity 84 allowed 476 lattice_before 5340002 lattice_after 1621089
PRIME_PROFILE F1 p 41 orders 13 26 total 676 third_fail 208 open_no3 286 open_3 0 boundary 182 finite_direct_boundary 104 infinity 78 allowed 182 lattice_before 1621089 lattice_after 438267
PRIME_PROFILE F1 p 43 orders 28 28 total 1568 third_fail 784 open_no3 0 open_3 0 boundary 784 finite_direct_boundary 700 infinity 84 allowed 784 lattice_before 438267 lattice_after 232938
PRIME_SKIP 17 map_reduction
PRIME_PROFILE F1 p 19 orders 8 16 total 256 third_fail 0 open_no3 0 open_3 0 boundary 256 finite_direct_boundary 208 infinity 48 allowed 256 lattice_before 232938 lattice_after 232938
PRIME_PROFILE F1 p 23 orders 5 10 total 100 third_fail 0 open_no3 0 open_3 0 boundary 100 finite_direct_boundary 70 infinity 30 allowed 100 lattice_before 232938 lattice_after 232938
PRIME_PROFILE F1 p 29 orders 24 8 total 384 third_fail 160 open_no3 128 open_3 64 boundary 32 finite_direct_boundary 0 infinity 32 allowed 96 lattice_before 232938 lattice_after 99033
PRIME_PROFILE F1 p 31 orders 20 40 total 1600 third_fail 600 open_no3 640 open_3 0 boundary 360 finite_direct_boundary 240 infinity 120 allowed 360 lattice_before 99033 lattice_after 22827
PRIME_PROFILE F1 p 37 orders 3 24 total 144 third_fail 24 open_no3 18 open_3 48 boundary 54 finite_direct_boundary 36 infinity 18 allowed 102 lattice_before 22827 lattice_after 19794
PRIME_PROFILE F1 p 53 orders 20 15 total 600 third_fail 290 open_no3 160 open_3 80 boundary 70 finite_direct_boundary 40 infinity 30 allowed 150 lattice_before 19794 lattice_after 5229
PRIME_PROFILE F1 p 59 orders 28 14 total 784 third_fail 280 open_no3 112 open_3 224 boundary 168 finite_direct_boundary 126 infinity 42 allowed 392 lattice_before 5229 lattice_after 3093
PRIME_PROFILE F1 p 61 orders 8 72 total 1152 third_fail 480 open_no3 240 open_3 384 boundary 48 finite_direct_boundary 0 infinity 48 allowed 432 lattice_before 3093 lattice_after 244
PRIME_PROFILE F1 p 67 orders 40 40 total 3200 third_fail 1600 open_no3 1240 open_3 160 boundary 200 finite_direct_boundary 80 infinity 120 allowed 360 lattice_before 244 lattice_after 114
PRIME_PROFILE F1 p 71 orders 17 68 total 2312 third_fail 1020 open_no3 918 open_3 272 boundary 102 finite_direct_boundary 0 infinity 102 allowed 374 lattice_before 114 lattice_after 12
PRIME_PROFILE F1 p 73 orders 24 18 total 864 third_fail 444 open_no3 240 open_3 144 boundary 36 finite_direct_boundary 0 infinity 36 allowed 180 lattice_before 12 lattice_after 11
PRIME_PROFILE F1 p 79 orders 4 22 total 176 third_fail 94 open_no3 32 open_3 32 boundary 18 finite_direct_boundary 12 infinity 6 allowed 50 lattice_before 11 lattice_after 6
PRIME_PROFILE F1 p 83 orders 44 22 total 1936 third_fail 836 open_no3 506 open_3 440 boundary 154 finite_direct_boundary 88 infinity 66 allowed 594 lattice_before 6 lattice_after 5
PRIME_PROFILE F1 p 89 orders 21 7 total 294 third_fail 161 open_no3 56 open_3 56 boundary 21 finite_direct_boundary 0 infinity 21 allowed 77 lattice_before 5 lattice_after 3
PRIME_PROFILE F1 p 97 orders 88 44 total 7744 third_fail 3168 open_no3 3080 open_3 1056 boundary 440 finite_direct_boundary 176 infinity 264 allowed 1496 lattice_before 3 lattice_after 3
REPEATED_RANK2_MWSIEVE_DONE F1 N 1000 used_primes [ 13, 47, 41, 43, 19, 23, 29, 31, 37, 53, 59, 61, 67, 71, 73, 79, 83, 89, 97 ]
lattice_survivors 3 distinct_exact_t 1 exact_full 0 three_hits 0 output results/target_22224_F1_rank2_mwsieve_12_N1000.tsv
