TARGET_2248_HLP_PAIR_FIBERS
pair_index 0 coeff_bound 12 do_rank false do_mw false use_grh true
HLP 58466134224/53109477625 719363573659505664/749082246897952705 307598400/352612321 58466134224/30294861575 72946054224/53109477625
PAIR_START 1 F1/F2
RECIPROCAL true true
ELLIPTIC_MINIMAL_AINVARIANTS [ 1, 0, 0, -1614482186261427701699727088936214126809180143702497571931656900, -24199437449398172472610312730455362259441879010696524915941574781267520155383713837275860435593 ]
ELLIPTIC_DISCRIMINANT 16342190904755788518998331438313928879406920200319155030769006095593600620524430418953388665314018147792724663554012347490895454347237251202103981989558183131488490124783030705615272940015625
ELLIPTIC_TORSION [ 2, 2 ]
ELLIPTIC_ROOT_NUMBER -1
DEGREE4_MINIMISE_BAD_PRIMES { 2 }
DEGREE4_MINIMIZED [ 281875009334171821658790260394707112254500354870246689, -16491496868122550652933810935065709756122800, 499170766384291511091118034656513, -7962228116599948171200, 65706094224 ]
DEGREE4_REDUCED [ 65706094224, -409664158098215020416, 138306683274350295662502872906017, 432837626288329951221706499903987440665798, 73349934025567125816247010232104920929307743008086266 ]
KNOWN_POINT_NEG_ORDER_LE_64 0 point (0 : 6903575420899398746650411947006557149548579670389650388771513298845696/2532092929241498323178697148619745740436234729488638144833546142578125 : 1)
KNOWN_POINT_ZERO_ORDER_LE_64 0 point (437309043051996610373073494468584123494841858323456/22442725085645445933847049252044669831717970703125 : 0 : 1)
KNOWN_POINT_DIFFERENCE_ORDER_LE_64 2
KNOWN_HEIGHT_PAIRING 
[30.5327796482886333424757470249 30.5327796482886333424757470249]
[30.5327796482886333424757470249 30.5327796482886333424757470249]
C_SQUARE F1/F2 source HLP q_height 352612321 all_cover true q 307598400/352612321
FULL_LIFT F1/F2 source HLP tuple [ 58466134224/53109477625, 1, 58466134224/30294861575, 72946054224/53109477625 ]
  CURVE_Y2 53315333250747738318608345961354454880055192177652242600512671702381209881088399765654699395525651473168306984007358551025390625*T^5 + 417082141174227873776542644331378518766153864023181697954100546236677185831136384401736108530561310856647855247557163238525390625*T^4 + 1100922817506009573330040848662295740646766488799542228906983134981419616601401531500409561521616361646665659082299804687500000000*T^3 + 1191146955244329346197045763696673830453026775029228146879862176608899216465227898279856032675916999210301081772990000000000000000*T^2 + 453990945661799908324939213404402153692358958075215373326466916161775575813874351415527880289336296947114970954240000000000000000*T
  EXACT_TORSION [ 2, 2, 4, 8 ]
order 128
  ROOT_POWER false p 0 chi 0
degrees []
PAIR_DONE F1/F2 elliptic_points_tested 196 pair_q 25 c_square 1 full_cover 1 exact_2248 1 simple_hits 0
PAIR_START 2 F1/F4
RECIPROCAL true true
ELLIPTIC_MINIMAL_AINVARIANTS [ 1, 1, 0, -746434502936941489393460907146655442896164154056633065883674888385500, -7366350295317694347330922972327957256689621542028593175767132743358079617541562852216922369126387200000 ]
ELLIPTIC_DISCRIMINANT 3175087652142678791035622833070153657758673534208220949490181973003870142210946678392871852952526921682451854573915645289732932354957533948634137557545295432522689116308556154982521629188606419119537656250000
ELLIPTIC_TORSION [ 2, 2 ]
ELLIPTIC_ROOT_NUMBER -1
DEGREE4_MINIMISE_BAD_PRIMES { 2 }
DEGREE4_MINIMIZED [ 190547506309900151441342216026822007884042239892286761764, -12538349607102360394015925044049523467759285232, 402458230570519782970121586100079141, -6053616635031122298280128, 44417319695424 ]
DEGREE4_REDUCED [ 44417319695424, 394217457335163980747712, 94378517433159535271754968811694181, -416517151871583859475347697846217305011165602, 49584555401056163353211247131986763146188155886769924209 ]
KNOWN_POINT_NEG_ORDER_LE_64 0 point (0 : -596235303295776001639018074591535479880355723562033129046047036624863232/153264164447005913731395065556377859112180543491213456683130775244140625 : 1)
KNOWN_POINT_ZERO_ORDER_LE_64 0 point (2316692770317861141962071876500297415177519566357504/125909283367803374819442659109024579605991489765625 : 0 : 1)
KNOWN_POINT_DIFFERENCE_ORDER_LE_64 2
KNOWN_HEIGHT_PAIRING 
[33.6340609583051183903826077918 33.6340609583051183903826077918]
[33.6340609583051183903826077918 33.6340609583051183903826077918]
C_SQUARE F1/F4 source HLP q_height 352612321 all_cover true q 307598400/352612321
FULL_LIFT F1/F4 source HLP tuple [ 58466134224/53109477625, 1, 58466134224/30294861575, 72946054224/53109477625 ]
  CURVE_Y2 53315333250747738318608345961354454880055192177652242600512671702381209881088399765654699395525651473168306984007358551025390625*T^5 + 417082141174227873776542644331378518766153864023181697954100546236677185831136384401736108530561310856647855247557163238525390625*T^4 + 1100922817506009573330040848662295740646766488799542228906983134981419616601401531500409561521616361646665659082299804687500000000*T^3 + 1191146955244329346197045763696673830453026775029228146879862176608899216465227898279856032675916999210301081772990000000000000000*T^2 + 453990945661799908324939213404402153692358958075215373326466916161775575813874351415527880289336296947114970954240000000000000000*T
  EXACT_TORSION [ 2, 2, 4, 8 ]
order 128
  ROOT_POWER false p 0 chi 0
degrees []
PAIR_DONE F1/F4 elliptic_points_tested 196 pair_q 25 c_square 1 full_cover 1 exact_2248 1 simple_hits 0
PAIR_START 3 F2/F4
RECIPROCAL true true
ELLIPTIC_MINIMAL_AINVARIANTS [ 0, 0, 0, -5708318495212711199153374650222727, -137576463479318780354742662138878589555552017995654 ]
ELLIPTIC_DISCRIMINANT 3727732817947914331171991892717779019193333882839940604769606081943726833582127243558552198802500000000
ELLIPTIC_TORSION [ 2, 2 ]
ELLIPTIC_ROOT_NUMBER -1
DEGREE4_MINIMISE_BAD_PRIMES {}
DEGREE4_MINIMIZED [ 73663415144844433129, -6433328105018302584, 273776514789657891, -5203729554828600, 48195876405625 ]
DEGREE4_REDUCED [ 48195876405625, 576925419888600, 65672935699838691, -380939115866895384, 21012690867650189929 ]
KNOWN_POINT_NEG_ORDER_LE_64 0 point (0 : -1362057292260203564182924707191515213241030957334528/271685566389988561230607761703146829714243974953125 : 1)
KNOWN_POINT_ZERO_ORDER_LE_64 0 point (17449987503570475399663698082368/1115973035476509598361225838625 : 0 : 1)
KNOWN_POINT_DIFFERENCE_ORDER_LE_64 2
KNOWN_HEIGHT_PAIRING 
[11.7524761422727605311516923281 11.7524761422727605311516923281]
[11.7524761422727605311516923281 11.7524761422727605311516923281]
C_SQUARE F2/F4 source HLP q_height 352612321 all_cover true q 307598400/352612321
FULL_LIFT F2/F4 source HLP tuple [ 58466134224/53109477625, 1, 58466134224/30294861575, 72946054224/53109477625 ]
  CURVE_Y2 53315333250747738318608345961354454880055192177652242600512671702381209881088399765654699395525651473168306984007358551025390625*T^5 + 417082141174227873776542644331378518766153864023181697954100546236677185831136384401736108530561310856647855247557163238525390625*T^4 + 1100922817506009573330040848662295740646766488799542228906983134981419616601401531500409561521616361646665659082299804687500000000*T^3 + 1191146955244329346197045763696673830453026775029228146879862176608899216465227898279856032675916999210301081772990000000000000000*T^2 + 453990945661799908324939213404402153692358958075215373326466916161775575813874351415527880289336296947114970954240000000000000000*T
  EXACT_TORSION [ 2, 2, 4, 8 ]
order 128
  ROOT_POWER false p 0 chi 0
degrees []
PAIR_DONE F2/F4 elliptic_points_tested 196 pair_q 25 c_square 1 full_cover 1 exact_2248 1 simple_hits 0
SUMMARY full_cover 3 exact_2248 3 simple_hits 0
TARGET_2248_HLP_PAIR_FIBERS_DONE
