REPEATED_FAMILY_LOCAL_AUDIT_START families 52 primes [ 5, 7, 11, 13, 17, 19, 23, 29, 31, 37, 41, 43 ]
FAMILY_NOT_KILLED F1 usable_primes 10 known_T 5
FAMILY_DEAD F2 p 31 finite_cover 4 finite_smooth 4 infinity_full false
FAMILY_DEAD F3 p 23 finite_cover 6 finite_smooth 6 infinity_full false
FAMILY_NOT_KILLED F4 usable_primes 10 known_T 17/5
FAMILY_DEAD F5 p 19 finite_cover 4 finite_smooth 4 infinity_full false
FAMILY_NOT_KILLED F6 usable_primes 11 known_T 2
FAMILY_DEAD F7 p 31 finite_cover 6 finite_smooth 6 infinity_full false
FAMILY_DEAD N1 p 19 finite_cover 4 finite_smooth 4 infinity_full false
FAMILY_DEAD N2 p 23 finite_cover 4 finite_smooth 4 infinity_full false
FAMILY_NOT_KILLED N3 usable_primes 9 known_T 37/17
FAMILY_NOT_KILLED N4 usable_primes 11 known_T 5/2
FAMILY_DEAD N5 p 23 finite_cover 6 finite_smooth 6 infinity_full false
FAMILY_DEAD N6 p 19 finite_cover 4 finite_smooth 4 infinity_full false
FAMILY_DEAD N7 p 11 finite_cover 4 finite_smooth 4 infinity_full false
FAMILY_DEAD N8 p 13 finite_cover 4 finite_smooth 4 infinity_full false
FAMILY_DEAD N9 p 13 finite_cover 4 finite_smooth 4 infinity_full false
FAMILY_NOT_KILLED N10 usable_primes 9 known_T 49/11
FAMILY_NOT_KILLED N11 usable_primes 10 known_T 1/13
FAMILY_DEAD N12 p 23 finite_cover 4 finite_smooth 4 infinity_full false
FAMILY_DEAD O1 p 11 finite_cover 4 finite_smooth 4 infinity_full false
FAMILY_DEAD O2 p 19 finite_cover 4 finite_smooth 4 infinity_full false
FAMILY_DEAD O3 p 11 finite_cover 4 finite_smooth 4 infinity_full false
FAMILY_NOT_KILLED O4 usable_primes 11 known_T 1/2
FAMILY_DEAD O5 p 11 finite_cover 4 finite_smooth 4 infinity_full false
FAMILY_DEAD O6 p 19 finite_cover 4 finite_smooth 4 infinity_full false
FAMILY_DEAD O7 p 19 finite_cover 4 finite_smooth 4 infinity_full false
FAMILY_DEAD O8 p 13 finite_cover 4 finite_smooth 4 infinity_full false
FAMILY_NOT_KILLED O9 usable_primes 10 known_T 15
FAMILY_DEAD M1 p 19 finite_cover 4 finite_smooth 4 infinity_full false
FAMILY_DEAD M2 p 19 finite_cover 4 finite_smooth 4 infinity_full false
FAMILY_DEAD M3 p 23 finite_cover 4 finite_smooth 4 infinity_full false
FAMILY_DEAD M4 p 19 finite_cover 4 finite_smooth 4 infinity_full false
FAMILY_DEAD M5 p 13 finite_cover 4 finite_smooth 4 infinity_full false
FAMILY_DEAD R1 p 11 finite_cover 4 finite_smooth 4 infinity_full false
FAMILY_DEAD R2 p 17 finite_cover 4 finite_smooth 4 infinity_full false
FAMILY_NOT_KILLED R3 usable_primes 9 known_T 53/13
FAMILY_DEAD R4 p 19 finite_cover 4 finite_smooth 4 infinity_full false
FAMILY_DEAD R5 p 19 finite_cover 4 finite_smooth 4 infinity_full false
FAMILY_DEAD R6 p 19 finite_cover 4 finite_smooth 4 infinity_full false
FAMILY_NOT_KILLED R7 usable_primes 10 known_T 65/37
FAMILY_NOT_KILLED S1 usable_primes 9 known_T 7/19
FAMILY_NOT_KILLED S3 usable_primes 8 known_T 5/11
FAMILY_DEAD U1 p 11 finite_cover 4 finite_smooth 4 infinity_full false
FAMILY_DEAD U2 p 11 finite_cover 4 finite_smooth 4 infinity_full false
FAMILY_NOT_KILLED V1 usable_primes 9 known_T 11/49
FAMILY_DEAD V2 p 11 finite_cover 4 finite_smooth 4 infinity_full false
FAMILY_DEAD W1 p 13 finite_cover 4 finite_smooth 4 infinity_full false
FAMILY_NOT_KILLED W2 usable_primes 10 known_T 13/47
FAMILY_DEAD X1 p 19 finite_cover 4 finite_smooth 4 infinity_full false
FAMILY_DEAD Y1 p 19 finite_cover 4 finite_smooth 4 infinity_full false
FAMILY_DEAD Z1 p 11 finite_cover 4 finite_smooth 4 infinity_full false
FAMILY_DEAD AA1 p 19 finite_cover 4 finite_smooth 4 infinity_full false
REPEATED_FAMILY_LOCAL_AUDIT_DONE dead 37 [ AA1, F2, F3, F5, F7, M1, M2, M3, M4, M5, N1, N12, N2, N5, N6, N7, N8, N9, O1, O2, O3, O5, O6, O7, O8, R1, R2, R4, R5, R6, U1, U2, V2, W1, X1, Y1, Z1 ]
not_killed 15 [ F1, F4, F6, N10, N11, N3, N4, O4, O9, R3, R7, S1, S3, V1, W2 ]
skipped 0 []
output results/target_22224_repeated_family_local_audit.tsv
