P8_RANK2_MWSIEVE_START N 20 primes [ 41, 43, 47, 79, 89, 23, 31, 37, 53, 59, 61, 67, 71, 73, 83, 97 ]
E Elliptic Curve defined by y^2 = x^3 + 1520244*x + 202972176 over Rational Field
rank_bounds 2 2 generators [ (-132 : 0 : 1), (7810 : -698896 : 1), (4741/9 : 915607/27 : 1) ]
known_t 19/5
P8_PRIME_PROFILE p 41 orders 44 22 total 1936 third_fail 880 open_no3 792 open_3 0 boundary 264 allowed 264
P8_PRIORITY_CLASSES p 41 boundary_count 264 open_3_count 0 full_list_in results/target_22224_p8_rank2_residue_classes.tsv
P8_PRIME_PROFILE p 43 orders 20 10 total 400 third_fail 200 open_no3 0 open_3 0 boundary 200 allowed 200
P8_PRIORITY_CLASSES p 43 boundary_count 200 open_3_count 0 full_list_in results/target_22224_p8_rank2_residue_classes.tsv
P8_PRIME_PROFILE p 47 orders 20 2 total 80 third_fail 22 open_no3 46 open_3 0 boundary 12 allowed 12
P8_PRIORITY_CLASSES p 47 boundary [ <2, 6, 1>, <1, 8, 0>, <1, 6, 0>, <2, 10, 1>, <1, 16, 0>, <2, 18, 1>, <2, 16, 1>, <1, 6, 1>, <2, 16, 0>, <1, 16, 1>, <2, 6, 0>, <1, 0, 0> ]
open_3 []
P8_PRIME_PROFILE p 79 orders 6 12 total 144 third_fail 48 open_no3 72 open_3 0 boundary 24 allowed 24
P8_PRIORITY_CLASSES p 79 boundary [ <1, 5, 4>, <1, 1, 11>, <1, 0, 3>, <2, 0, 6>, <1, 3, 3>, <1, 2, 4>, <1, 5, 10>, <1, 0, 0>, <2, 1, 5>, <2, 3, 9>, <2, 5, 10>, <1, 3, 6>, <2, 0, 3>, <2, 4, 11>, <2, 5, 4>, <2, 2, 4>, <2, 3, 0>, <1, 0, 9>, <2, 2, 10>, <1, 3, 9>, <1, 4, 5>, <2, 0, 9>, <1, 2, 10>, <2, 3, 3> ]
open_3 []
P8_PRIME_PROFILE p 89 orders 21 3 total 126 third_fail 57 open_no3 57 open_3 0 boundary 12 allowed 12
P8_PRIORITY_CLASSES p 89 boundary [ <2, 8, 0>, <1, 8, 0>, <1, 1, 2>, <2, 15, 1>, <2, 1, 2>, <2, 5, 0>, <2, 19, 2>, <2, 12, 1>, <1, 14, 2>, <1, 15, 1>, <1, 0, 0>, <1, 7, 1> ]
open_3 []
P8_PRIME_PROFILE p 23 orders 12 2 total 48 third_fail 8 open_no3 16 open_3 14 boundary 10 allowed 24
P8_PRIORITY_CLASSES p 23 boundary [ <2, 6, 1>, <1, 4, 0>, <2, 10, 1>, <1, 10, 1>, <2, 4, 0>, <2, 10, 0>, <1, 10, 0>, <1, 0, 0>, <1, 4, 1>, <2, 4, 1> ]
open_3 [ <1, 8, 0>, <1, 8, 1>, <2, 0, 0>, <1, 2, 1>, <2, 6, 0>, <2, 2, 1>, <1, 0, 1>, <1, 2, 0>, <2, 8, 0>, <2, 0, 1>, <1, 6, 0>, <2, 2, 0>, <1, 6, 1>, <2, 8, 1> ]
P8_PRIME_PROFILE p 31 orders 8 16 total 256 third_fail 120 open_no3 96 open_3 24 boundary 16 allowed 40
P8_PRIORITY_CLASSES p 31 boundary [ <1, 4, 8>, <1, 0, 0>, <2, 2, 4>, <2, 4, 0>, <2, 6, 15>, <2, 0, 8>, <1, 0, 3>, <1, 6, 4>, <2, 4, 3>, <1, 4, 11>, <2, 0, 11>, <1, 2, 12>, <1, 6, 7>, <1, 2, 15>, <2, 2, 7>, <2, 6, 12> ]
open_3 [ <1, 6, 1>, <2, 0, 13>, <1, 6, 12>, <2, 6, 1>, <1, 2, 1>, <2, 4, 5>, <1, 2, 4>, <1, 0, 8>, <1, 4, 0>, <1, 2, 9>, <2, 4, 13>, <2, 0, 0>, <2, 6, 9>, <1, 4, 13>, <2, 0, 5>, <1, 0, 5>, <2, 2, 1>, <1, 6, 9>, <2, 2, 9>, <1, 0, 13>, <2, 2, 12>, <2, 4, 8>, <2, 6, 4>, <1, 4, 5> ]
P8_PRIME_PROFILE p 37 orders 48 12 total 1152 third_fail 528 open_no3 336 open_3 96 boundary 192 allowed 288
P8_PRIORITY_CLASSES p 37 boundary_count 192 open_3_count 96 full_list_in results/target_22224_p8_rank2_residue_classes.tsv
P8_PRIME_PROFILE p 53 orders 52 26 total 2704 third_fail 1300 open_no3 988 open_3 208 boundary 208 allowed 416
P8_PRIME_PROFILE p 59 orders 17 17 total 578 third_fail 272 open_no3 0 open_3 238 boundary 68 allowed 306
P8_PRIME_PROFILE p 61 orders 13 26 total 676 third_fail 104 open_no3 390 open_3 78 boundary 104 allowed 182
P8_PRIME_PROFILE p 67 orders 38 19 total 1444 third_fail 608 open_no3 418 open_3 114 boundary 304 allowed 418
P8_PRIME_PROFILE p 71 orders 36 6 total 432 third_fail 168 open_no3 120 open_3 132 boundary 12 allowed 144
P8_PRIME_PROFILE p 73 orders 76 38 total 5776 third_fail 2964 open_no3 1520 open_3 836 boundary 456 allowed 1292
P8_PRIME_PROFILE p 83 orders 44 22 total 1936 third_fail 792 open_no3 660 open_3 308 boundary 176 allowed 484
P8_PRIME_PROFILE p 97 orders 4 6 total 48 third_fail 8 open_no3 0 open_3 8 boundary 32 allowed 40
P8_CRT_STEP p 41 classes 264
P8_CRT_STEP p 43 classes 4400
P8_CRT_STEP p 47 classes 1320
P8_CRT_STEP p 79 classes 3960
P8_CRT_STEP p 89 classes 1980
P8_CRT_STEP p 23 classes 1980
P8_CRT_STEP p 31 classes 5720
P8_CRT_STEP p 37 classes 3850
P8_CRT_CLASSES count 3850
P8_EXACT_CLASS m 0 n 0 ti 1 t 1 tuple [ 528, -726, -891, 50 ]
three false gcd 64
P8_RANK2_MWSIEVE_DONE box_total 3362 periodic_enumerated 2 modular_survivors 2 deferred_large_index 0 exact_full 1 height_skip 0 three_hits 0 crt_file results/target_22224_p8_rank2_periodic_lattice.tsv modular_file results/target_22224_p8_rank2_modular_N20.tsv
