TARGET_2248_RICHELOT_SEED
CONFIG max_depth 3 max_nodes 100
SOURCE_ROOT_POWER p 47 chi T^4 - 4*T^3 + 30*T^2 - 188*T + 2209
degrees [ 4, 4, 4, 4, 4, 4, 4, 4, 4, 4, 4 ]
NODE 1 depth 0 parent 0 edge source torsion [ 2, 4, 8 ]
order 64 factor_degrees [ 1, 1, 1, 2 ]
NODE_CURVE 1 f 7061463847622250*T^5 + 104632219276049025*T^4 + 135735215960638800*T^3 + 188573481843278400*T^2 + 51200550567936000*T
h 0
EXPAND 1 depth 0 richelot_count 3
NODE 2 depth 1 parent 1 edge node_1_richelot_1 torsion [ 2, 2, 2, 4 ]
order 32 factor_degrees [ 1, 1, 1, 1, 1, 1 ]
NODE_CURVE 2 f -55882151508288455297590500*T^6 - 24699763370516527081800000*T^5 + 419492757037082139596394000*T^4 + 150570540287230453869600000*T^3 - 885755520054099234232704000*T^2 - 179090555550180625612800000*T + 571597204279364407001088000
h 0
NODE 3 depth 1 parent 1 edge node_1_richelot_2 torsion [ 2, 2, 8 ]
order 32 factor_degrees [ 1, 1, 1, 1, 2 ]
NODE_CURVE 3 f 110249441360480702872468800*T^6 + 117424400354177847283584000*T^5 + 168088842227188931527987200*T^4 - 125156028152942401241088000*T^3 - 1396859409154185919384780800*T^2 - 236392676548506367819776000*T + 1123311436540806047780044800
h 0
NODE 4 depth 1 parent 1 edge node_1_richelot_3 torsion [ 2, 2, 8 ]
order 32 factor_degrees [ 1, 1, 1, 1, 2 ]
NODE_CURVE 4 f 6260193892836889655651100*T^6 + 372004061854143816481095360*T^5 + 6478711240026935809020988944*T^4 + 27624721149325791259217779968*T^3 + 18369625604288543303788422144*T^2 + 3960749028983281895929282560*T + 272790177784663719385497600
h 0
EXPAND 2 depth 1 richelot_count 15
NODE 5 depth 2 parent 2 edge node_2_richelot_1 torsion [ 2, 2, 2 ]
order 8 factor_degrees [ 1, 1, 1, 1, 2 ]
NODE_CURVE 5 f -136182297308605871680223698711932074187798856927043815290816000*T^6 - 77909190998520209208237448003734859157563910481052213992960000*T^5 + 799944021486961831836474253650497912796486951703373354715648000*T^4 + 363169476007215175012605271199695321746216830499702602833920000*T^3 - 1389223131676140909685465713920581020427433831507779282894848000*T^2 - 414168971985681921229415969543557262152019280727804697640960000*T + 602032598229915491486407770912826601756272386324176899670016000
h 0
NODE 6 depth 2 parent 2 edge node_2_richelot_2 torsion [ 2, 2, 4 ]
order 16 factor_degrees [ 1, 1, 1, 1, 2 ]
NODE_CURVE 6 f -51637655595247438498332098913416608145922438390285000000000000*T^6 + 9645490469992619810841447919801396066376633833449600000000000*T^5 + 841437825221394885613626226465379300235984461335319040000000000*T^4 + 235278461625314135218542373298771005257047963289108480000000000*T^3 - 2160209153148448461839984369704212566512329361660968960000000000*T^2 - 379186820450418666251774940763927314649206267209318400000000000*T + 1564927026493628069401190476486721515605210892861440000000000000
h 0
NODE 7 depth 2 parent 2 edge node_2_richelot_3 torsion [ 2, 4 ]
order 8 factor_degrees [ 2, 2, 2 ]
NODE_CURVE 7 f -65182499990754500511963760381231911725141275204706888627136000*T^6 - 152384951908044585428163558955918011807051181607679789964800000*T^5 + 490417851848464206267514126654263941715310216161252629088768000*T^4 + 495394007602753711864308101737276860437379539910506421657600000*T^3 - 1215137817789890227984298488646832669301243939916433384112128000*T^2 - 379313901722887019791040378605376865072328572921564679372800000*T + 1003710804965602647382073791142676407719318096476233841770496000
h 0
NODE 8 depth 2 parent 2 edge node_2_richelot_4 torsion [ 2, 2, 4 ]
order 16 factor_degrees [ 1, 1, 1, 1, 2 ]
NODE_CURVE 8 f -4455445773667619739251893191539009664844587073536000*T^6 - 2276339936725245807815817887946097390455540940800000*T^5 + 24428206261563828225300019347471989654797869907968000*T^4 + 4714408737974790436607545696157140710317988249600000*T^3 - 46158042591499056437357786087918243652555220451328000*T^2 + 894299194805737323046848258201266445217903411200000*T + 29517650099658129903148235998397573427682288336896000
h 0
RICHELOT_OLD node_2_richelot_5 node 1 torsion [ 2, 4, 8 ]
NODE 9 depth 2 parent 2 edge node_2_richelot_6 torsion [ 2, 2, 2 ]
order 8 factor_degrees [ 1, 1, 1, 1, 2 ]
NODE_CURVE 9 f -52635495638259834795605540865105778577934716114858986326336000*T^6 + 124212744934931857366791403786376941299076324524337638796800000*T^5 + 612649403304161481646674925574235219983743869486182391187968000*T^4 - 274708427722720352756535590160062885769346242394559575449600000*T^3 - 1366589631255378336130026687269682830265199438737798115196928000*T^2 + 177216801142138027149839402607944494947325512940490902732800000*T + 822814155276095269248694588262288062451471388890735151415296000
h 0
NODE 10 depth 2 parent 2 edge node_2_richelot_7 torsion [ 2, 4 ]
order 8 factor_degrees [ 1, 1, 2, 2 ]
NODE_CURVE 10 f -122005382038750058426540065932260584475451622190421067200000000*T^6 - 78426160503708430446625393744590582386119632883556352000000000*T^5 + 695059086379503234106561570759433172494254428887945011200000000*T^4 + 422358165657837738122772969467487073286029698354118656000000000*T^3 - 1218662387357459387801506013846723689323802443329195212800000000*T^2 - 568644502523550132769353239132785000246855912434696192000000000*T + 623881513674496893424133596192994816718545252390849740800000000
h 0
NODE 11 depth 2 parent 2 edge node_2_richelot_8 torsion [ 2, 4 ]
order 8 factor_degrees [ 1, 1, 2, 2 ]
NODE_CURVE 11 f 107702479235826625356304542935322733169960432238797105664000*T^6 - 473784273431179750890091450064986113943324403763786547200000*T^5 - 885022132833950493192214272440700513224115568907369644032000*T^4 - 2551529430469343692246563121011134834519721507271842201600000*T^3 - 3164515609574826976828272336336101621457145222948536188928000*T^2 - 3435267272277283167923246516042038785469076589805515571200000*T - 1312399849658049770341028703218450266895121389614792704000
h 0
NODE 12 depth 2 parent 2 edge node_2_richelot_9 torsion [ 2, 2, 4 ]
order 16 factor_degrees [ 1, 1, 1, 1, 2 ]
NODE_CURVE 12 f 84559098592942404593572957302192938872248125179835904000*T^6 + 5516438390008702050494819824092275616460118317217587200000*T^5 + 107381063914885574675426645418304510994535721778705891328000*T^4 + 604071735892995462143109765040980554144424499115694489600000*T^3 + 351848394762562405580338010168866029663970924993689157632000*T^2 + 68237857727169305020177887440313753658360477917590323200000*T + 4235126039429332338165575382452700285284024502385115136000
h 0
NODE 13 depth 2 parent 2 edge node_2_richelot_10 torsion [ 2, 4 ]
order 8 factor_degrees [ 1, 1, 2, 2 ]
NODE_CURVE 13 f -54908589941578530716302157540507130075866262816582832200000000*T^6 + 116773306773089671534801481154096569224463832128792568000000000*T^5 + 630566323645128470919804800508177244202756551181100571200000000*T^4 - 170751660346189928001127201733627790071627979220132224000000000*T^3 - 1459294890160472273371833665678843374691503653621519052800000000*T^2 - 28877920460892902129370222603005287371468318628380672000000000*T + 1013282437699798904866904600653365606598813180903607500800000000
h 0
NODE 14 depth 2 parent 2 edge node_2_richelot_11 torsion [ 2, 4 ]
order 8 factor_degrees [ 2, 2, 2 ]
NODE_CURVE 14 f -107209902959010492772439853575206762920749548786651752426816000*T^6 - 62208916950690418745627566975672145344851385535811093680640000*T^5 + 571349691774831548211269248040966447278937217130101954267648000*T^4 + 196211426034028307249832545787725775240807279911505682145280000*T^3 - 1120781213324216887786090406826554625168871979602133477326848000*T^2 - 150462577243752457677339148705911431638133977375054642544640000*T + 847037613860304470119725370426024843930288393461714194006016000
h 0
NODE 15 depth 2 parent 2 edge node_2_richelot_12 torsion [ 2, 4 ]
order 8 factor_degrees [ 1, 1, 2, 2 ]
NODE_CURVE 15 f -62492704698609781731220817576340377495427952923923338200000000*T^6 - 160184511459803044832056846141100648839897371835260600000000000*T^5 + 484598129892236099754173461541289605637111853742107675200000000*T^4 + 677834465951567884043606627414569378027132466457971328000000000*T^3 - 1031541575003392508185152445116083963580190673898402508800000000*T^2 - 737206378338586997283792146273190048761411778824110080000000000*T + 602901018543981730489051904843893737745464944277376204800000000
h 0
NODE 16 depth 2 parent 2 edge node_2_richelot_13 torsion [ 2, 4 ]
order 8 factor_degrees [ 1, 1, 2, 2 ]
NODE_CURVE 16 f 113222972538309330352835618843690989521033322666613381184000*T^6 - 122952103109694640763078020030788117639366548811375336960000*T^5 - 1610545100917286013835162548080030810467950866495801636352000*T^4 - 2121724049975923475680133202163228035700432456579711918080000*T^3 - 5603471226989948291425088495784573544334151932688623566848000*T^2 - 2317941543863058273223478399096947423608615412603771944960000*T + 300716626774784702537410201630914460059349256749518422016000
h 0
NODE 17 depth 2 parent 2 edge node_2_richelot_14 torsion [ 4, 4 ]
order 16 factor_degrees [ 1, 1, 2, 2 ]
NODE_CURVE 17 f 86804806477363516223005777927163177796005068800000000*T^6 + 372304010265563320508947528675402387903365120000000000*T^5 + 509658456520254408306993569287008044683547443200000000*T^4 + 1199443088886670186324602398209406218660282368000000000*T^3 + 663689591568922169587730709337266208767816499200000000*T^2 + 1457994882404596982369740890263702391006167040000000000*T + 608100656426330777217093825973799722205105356800000000
h 0
NODE 18 depth 2 parent 2 edge node_2_richelot_15 torsion [ 2, 4 ]
order 8 factor_degrees [ 2, 2, 2 ]
NODE_CURVE 18 f 122949532918752406082430615232694705459840936776521441984000*T^6 + 222193795084677440736205231400333251171879645346223336960000*T^5 + 728806368760097854876415548915195248915511464369531406848000*T^4 + 813953375488903218519990178579024562235583421413895086080000*T^3 + 1405647016531999868592196402254589216908641542730009444352000*T^2 + 866414037704469636441278842157268807341757348629666856960000*T + 1039244593088126175744493515352751107353563722143095586816000
h 0
EXPAND 3 depth 1 richelot_count 3
RICHELOT_OLD node_3_richelot_1 node 6 torsion [ 2, 2, 4 ]
RICHELOT_OLD node_3_richelot_2 node 1 torsion [ 2, 4, 8 ]
RICHELOT_OLD node_3_richelot_3 node 12 torsion [ 2, 2, 4 ]
EXPAND 4 depth 1 richelot_count 3
RICHELOT_OLD node_4_richelot_1 node 12 torsion [ 2, 2, 4 ]
RICHELOT_OLD node_4_richelot_2 node 1 torsion [ 2, 4, 8 ]
RICHELOT_OLD node_4_richelot_3 node 6 torsion [ 2, 2, 4 ]
EXPAND 5 depth 2 richelot_count 3
NODE 19 depth 3 parent 5 edge node_5_richelot_1 torsion [ 2, 2, 2 ]
order 8 factor_degrees [ 1, 1, 1, 1, 2 ]
NODE_CURVE 19 f -41460874794076662710805457372974006902172909528926402278745290593193832348917439053843697995087872000*T^6 + 21648589433472205375299898722555098827818723713050875200047596867365577936112503646138820450058240000*T^5 + 269325090935567006550680556974958302373020623480883629551008886632805770445534286569593863422345216000*T^4 - 91084359912666445328154403452756252586669721100330793298063181756807976372111089433572979224084480000*T^3 - 467624187585397430026565580082589214100269658914182260735135642581058018422874410018051477592866816000*T^2 + 128666904037526303408013592939232567244506006104584912025353454255940889467823623633294944622346240000*T + 180528837885575022731531392271573505143766936244920039535534177174947589294432524656440526317289472000
h 0
NODE 20 depth 3 parent 5 edge node_5_richelot_2 torsion [ 2, 2, 2 ]
order 8 factor_degrees [ 1, 1, 1, 1, 2 ]
NODE_CURVE 20 f -592915365102445818069716078214730871316879758802544453467419113909489599855004779117405761300072497152000*T^6 - 69585958303446449122713379522312666229221396254069770348400049676493766453859947111280363729332469760000*T^5 + 4066777733914260347779699525979477290921348828984620654156247826754128010667830291539741179282672582656000*T^4 + 1080991677279503367890308599948302135353882588259465455188859915930866155796968428881937127964168683520000*T^3 - 8369672338544235371242410493439609741339780306071599979117026390621381049815745917901179450410303225856000*T^2 - 1604199478799878484481135685641208374474582199766147820697210885253885407418371960521948667620108533760000*T + 5456514275537343651529062183031564291147253321997337683180095221436322290332180174040492543198575460352000
h 0
RICHELOT_OLD node_5_richelot_3 node 2 torsion [ 2, 2, 2, 4 ]
EXPAND 6 depth 2 richelot_count 3
RICHELOT_OLD node_6_richelot_1 node 2 torsion [ 2, 2, 2, 4 ]
RICHELOT_OLD node_6_richelot_2 node 3 torsion [ 2, 2, 8 ]
RICHELOT_OLD node_6_richelot_3 node 4 torsion [ 2, 2, 8 ]
EXPAND 7 depth 2 richelot_count 1
RICHELOT_OLD node_7_richelot_1 node 2 torsion [ 2, 2, 2, 4 ]
EXPAND 8 depth 2 richelot_count 3
RICHELOT_OLD node_8_richelot_1 node 19 torsion [ 2, 2, 2 ]
RICHELOT_OLD node_8_richelot_2 node 20 torsion [ 2, 2, 2 ]
RICHELOT_OLD node_8_richelot_3 node 2 torsion [ 2, 2, 2, 4 ]
EXPAND 9 depth 2 richelot_count 3
RICHELOT_OLD node_9_richelot_1 node 19 torsion [ 2, 2, 2 ]
RICHELOT_OLD node_9_richelot_2 node 20 torsion [ 2, 2, 2 ]
RICHELOT_OLD node_9_richelot_3 node 2 torsion [ 2, 2, 2, 4 ]
EXPAND 10 depth 2 richelot_count 1
RICHELOT_OLD node_10_richelot_1 node 2 torsion [ 2, 2, 2, 4 ]
EXPAND 11 depth 2 richelot_count 1
RICHELOT_OLD node_11_richelot_1 node 2 torsion [ 2, 2, 2, 4 ]
EXPAND 12 depth 2 richelot_count 3
RICHELOT_OLD node_12_richelot_1 node 4 torsion [ 2, 2, 8 ]
RICHELOT_OLD node_12_richelot_2 node 3 torsion [ 2, 2, 8 ]
RICHELOT_OLD node_12_richelot_3 node 2 torsion [ 2, 2, 2, 4 ]
EXPAND 13 depth 2 richelot_count 1
RICHELOT_OLD node_13_richelot_1 node 2 torsion [ 2, 2, 2, 4 ]
EXPAND 14 depth 2 richelot_count 1
RICHELOT_OLD node_14_richelot_1 node 2 torsion [ 2, 2, 2, 4 ]
EXPAND 15 depth 2 richelot_count 1
RICHELOT_OLD node_15_richelot_1 node 2 torsion [ 2, 2, 2, 4 ]
EXPAND 16 depth 2 richelot_count 1
RICHELOT_OLD node_16_richelot_1 node 2 torsion [ 2, 2, 2, 4 ]
EXPAND 17 depth 2 richelot_count 1
RICHELOT_OLD node_17_richelot_1 node 2 torsion [ 2, 2, 2, 4 ]
EXPAND 18 depth 2 richelot_count 1
RICHELOT_OLD node_18_richelot_1 node 2 torsion [ 2, 2, 2, 4 ]
SUMMARY nodes 20 edges_examined 48 products 0 targets 0 max_depth_reached 3 19
TORSION_DISTRIBUTION
[ 2, 2, 2 ] 4
[ 2, 2, 2, 4 ] 1
[ 2, 2, 4 ] 3
[ 2, 2, 8 ] 2
[ 2, 4 ] 8
[ 2, 4, 8 ] 1
[ 4, 4 ] 1
ISOGENY_SIMPLICITY_NOTE all Jacobian nodes are geometrically simple because the source is and geometric simplicity is isogeny invariant
TARGET_2248_RICHELOT_SEED_DONE
