P8_RANK2_MWSIEVE_START family V1 quotient <1, 2> N 0 primes [ 13, 17, 23, 29, 31, 37, 41, 43, 47, 53, 59, 61, 67, 71, 73, 79, 83, 89, 97 ]
E Elliptic Curve defined by y^2 = x^3 + x^2 + 35967*x + 252063 over Rational Field
rank_bounds 2 2 generators [ (-7 : 0 : 1), (3603 : 216600 : 1), (93 : -2100 : 1) ]
known_t 11/49
P8_PRIME_PROFILE p 13 orders 4 4 total 32 third_fail 0 open_no3 0 open_3 0 boundary 32 allowed 32
P8_PRIME_PROFILE p 17 orders 20 10 total 400 third_fail 200 open_no3 60 open_3 60 boundary 80 allowed 140
P8_PRIME_PROFILE p 23 orders 16 8 total 256 third_fail 96 open_no3 80 open_3 64 boundary 16 allowed 80
P8_PRIORITY_CLASSES p 23 boundary [ <1, 0, 2>, <1, 8, 6>, <1, 10, 7>, <1, 4, 0>, <1, 12, 2>, <1, 10, 1>, <1, 12, 4>, <1, 6, 1>, <1, 6, 3>, <1, 2, 3>, <1, 8, 4>, <1, 0, 0>, <1, 2, 5>, <1, 4, 6>, <1, 14, 7>, <1, 14, 5> ]
open_3 [ <2, 6, 6>, <1, 3, 4>, <2, 9, 5>, <1, 3, 3>, <2, 1, 1>, <2, 14, 6>, <1, 14, 6>, <2, 13, 3>, <1, 6, 6>, <1, 14, 2>, <2, 14, 2>, <2, 15, 6>, <1, 4, 7>, <2, 7, 2>, <2, 9, 4>, <1, 8, 5>, <2, 0, 5>, <1, 2, 4>, <1, 0, 1>, <1, 13, 2>, <1, 5, 7>, <1, 10, 0>, <1, 9, 4>, <2, 8, 5>, <1, 12, 3>, <1, 11, 0>, <2, 2, 0>, <2, 2, 4>, <1, 15, 5>, <2, 7, 1>, <1, 10, 4>, <2, 3, 3>, <1, 2, 0>, <2, 12, 7>, <2, 1, 0>, <1, 7, 2>, <1, 5, 6>, <1, 7, 1>, <2, 11, 7>, <1, 4, 3>, <2, 4, 7>, <2, 5, 6>, <1, 0, 5>, <1, 9, 5>, <2, 15, 5>, <2, 12, 3>, <2, 4, 3>, <1, 15, 6>, <2, 11, 0>, <2, 3, 4>, <2, 10, 0>, <1, 8, 1>, <1, 6, 2>, <2, 5, 7>, <2, 6, 2>, <1, 1, 0>, <1, 1, 1>, <1, 12, 7>, <2, 8, 1>, <2, 10, 4>, <1, 11, 7>, <1, 13, 3>, <2, 0, 1>, <2, 13, 2> ]
P8_PRIME_PROFILE p 29 orders 40 4 total 320 third_fail 104 open_no3 128 open_3 56 boundary 32 allowed 88
P8_PRIME_PROFILE p 31 orders 20 10 total 400 third_fail 0 open_no3 0 open_3 0 boundary 400 allowed 400
P8_PRIME_PROFILE p 37 orders 5 10 total 100 third_fail 60 open_no3 0 open_3 15 boundary 25 allowed 40
P8_PRIME_PROFILE p 41 orders 10 10 total 200 third_fail 80 open_no3 60 open_3 40 boundary 20 allowed 60
P8_PRIME_PROFILE p 43 orders 13 13 total 338 third_fail 156 open_no3 0 open_3 130 boundary 52 allowed 182
P8_PRIME_PROFILE p 47 orders 28 14 total 784 third_fail 308 open_no3 266 open_3 154 boundary 56 allowed 210
P8_PRIME_PROFILE p 53 orders 12 3 total 72 third_fail 30 open_no3 18 open_3 12 boundary 12 allowed 24
P8_PRIME_PROFILE p 59 orders 28 14 total 784 third_fail 378 open_no3 56 open_3 168 boundary 182 allowed 350
P8_PRIME_PROFILE p 61 orders 68 34 total 4624 third_fail 2312 open_no3 1224 open_3 544 boundary 544 allowed 1088
P8_PRIORITY_CLASSES p 61 boundary_count 544 open_3_count 544 full_list_in results/target_22224_V1_periodic_profile_residues.tsv
P8_PRIME_PROFILE p 67 orders 36 9 total 648 third_fail 180 open_no3 288 open_3 126 boundary 54 allowed 180
P8_PRIME_PROFILE p 71 orders 8 16 total 256 third_fail 112 open_no3 0 open_3 48 boundary 96 allowed 144
P8_PRIME_PROFILE p 73 orders 76 38 total 5776 third_fail 2584 open_no3 2280 open_3 608 boundary 304 allowed 912
P8_PRIORITY_CLASSES p 73 boundary_count 304 open_3_count 608 full_list_in results/target_22224_V1_periodic_profile_residues.tsv
P8_PRIME_PROFILE p 79 orders 5 20 total 200 third_fail 70 open_no3 30 open_3 40 boundary 60 allowed 100
P8_PRIME_PROFILE p 83 orders 42 21 total 1764 third_fail 546 open_no3 966 open_3 168 boundary 84 allowed 252
P8_PRIME_PROFILE p 89 orders 6 8 total 96 third_fail 54 open_no3 8 open_3 30 boundary 4 allowed 34
P8_PRIME_PROFILE p 97 orders 88 44 total 7744 third_fail 3080 open_no3 2376 open_3 1760 boundary 528 allowed 2288
P8_CRT_STEP p 23 classes 80
P8_CRT_STEP p 61 classes 5440
P8_CRT_STEP p 73 classes 341088
P8_CRT_CLASSES count 341088
P8_EXACT_CLASS m 0 n 0 ti 1 t 1 tuple [ 2178, -2420, -9075, 1470 ]
three false gcd 128
P8_RANK2_MWSIEVE_DONE box_total 2 periodic_enumerated 1 modular_survivors 1 deferred_large_index 0 exact_full 1 height_skip 0 three_hits 0 crt_file results/target_22224_V1_periodic_profile_crt.tsv modular_file results/target_22224_V1_periodic_profile_mod.tsv
