P8_RANK2_MWSIEVE_START family F7 quotient <1, 3> N 1000000 primes [ 13, 11, 19, 29, 41, 73, 31, 43, 53, 61, 89, 103, 109, 113, 127, 131, 137, 139, 181, 23, 47, 59, 67, 71, 79, 173, 83, 149, 179, 37, 97, 101, 107, 151, 157, 163, 167, 191, 193, 197, 199 ]
E Elliptic Curve defined by y^2 = x^3 - x^2 + 1151*x + 1153 over Rational Field
rank_bounds 2 2 generators [ (33 : 272 : 1), (577 : 13872 : 1), (97 : 1008 : 1) ]
known_t 29/5
P8_PRIME_PROFILE p 13 orders 20 20 total 1600 third_fail 1440 open_no3 0 open_3 0 boundary 160 allowed 160
P8_PRIORITY_CLASSES p 13 boundary_count 160 open_3_count 0 full_list_in results/target_22224_F7_rank2_residues_N1000000.tsv
P8_PRIME_PROFILE p 11 orders 8 4 total 128 third_fail 64 open_no3 0 open_3 0 boundary 64 allowed 64
P8_PRIORITY_CLASSES p 11 boundary [ <4, 2, 0>, <4, 5, 3>, <3, 2, 0>, <3, 3, 3>, <1, 3, 3>, <2, 1, 1>, <2, 0, 2>, <1, 5, 1>, <1, 5, 3>, <1, 1, 3>, <3, 3, 1>, <3, 4, 0>, <3, 1, 3>, <2, 0, 0>, <3, 0, 2>, <2, 4, 2>, <3, 6, 2>, <2, 5, 1>, <2, 2, 0>, <3, 4, 2>, <1, 3, 1>, <3, 2, 2>, <2, 7, 1>, <2, 3, 3>, <1, 2, 0>, <1, 7, 1>, <4, 4, 0>, <2, 2, 2>, <4, 7, 1>, <4, 3, 1>, <2, 6, 0>, <2, 1, 3>, <4, 7, 3>, <1, 6, 0>, <4, 1, 3>, <1, 2, 2>, <4, 0, 2>, <3, 0, 0>, <4, 4, 2>, <4, 0, 0>, <1, 0, 2>, <2, 4, 0>, <4, 2, 2>, <1, 6, 2>, <4, 3, 3>, <1, 4, 0>, <2, 6, 2>, <3, 7, 3>, <1, 1, 1>, <2, 7, 3>, <3, 6, 0>, <1, 4, 2>, <2, 5, 3>, <2, 3, 1>, <4, 1, 1>, <1, 7, 3>, <3, 5, 1>, <4, 5, 1>, <3, 7, 1>, <4, 6, 0>, <4, 6, 2>, <1, 0, 0>, <3, 1, 1>, <3, 5, 3> ]
open_3 []
P8_PRIME_PROFILE p 19 orders 12 6 total 288 third_fail 144 open_no3 0 open_3 0 boundary 144 allowed 144
P8_PRIORITY_CLASSES p 19 boundary_count 144 open_3_count 0 full_list_in results/target_22224_F7_rank2_residues_N1000000.tsv
P8_PRIME_PROFILE p 29 orders 24 8 total 768 third_fail 416 open_no3 224 open_3 0 boundary 128 allowed 128
P8_PRIORITY_CLASSES p 29 boundary_count 128 open_3_count 0 full_list_in results/target_22224_F7_rank2_residues_N1000000.tsv
P8_PRIME_PROFILE p 41 orders 6 6 total 144 third_fail 48 open_no3 36 open_3 0 boundary 60 allowed 60
P8_PRIORITY_CLASSES p 41 boundary [ <3, 2, 0>, <3, 3, 3>, <1, 3, 4>, <3, 3, 2>, <1, 5, 1>, <1, 5, 3>, <1, 1, 3>, <3, 3, 1>, <3, 4, 0>, <3, 1, 3>, <1, 2, 4>, <1, 0, 1>, <3, 0, 2>, <1, 1, 5>, <3, 0, 1>, <1, 2, 1>, <1, 2, 3>, <1, 5, 4>, <1, 3, 1>, <3, 4, 2>, <3, 1, 0>, <3, 2, 3>, <3, 2, 4>, <1, 2, 0>, <1, 3, 5>, <1, 3, 2>, <3, 4, 1>, <1, 4, 5>, <1, 1, 4>, <3, 4, 3>, <3, 3, 4>, <3, 5, 0>, <3, 1, 5>, <1, 4, 3>, <1, 2, 2>, <3, 0, 4>, <1, 4, 4>, <1, 0, 5>, <3, 2, 5>, <1, 0, 4>, <1, 3, 0>, <3, 3, 5>, <1, 0, 2>, <3, 4, 5>, <3, 5, 4>, <1, 4, 0>, <1, 1, 0>, <1, 5, 2>, <3, 5, 5>, <3, 0, 3>, <3, 1, 2>, <1, 4, 2>, <3, 5, 1>, <1, 5, 0>, <1, 1, 2>, <3, 2, 1>, <1, 0, 0>, <3, 1, 1>, <3, 0, 5>, <3, 5, 3> ]
open_3 []
P8_PRIME_PROFILE p 73 orders 4 8 total 128 third_fail 76 open_no3 28 open_3 0 boundary 24 allowed 24
P8_PRIORITY_CLASSES p 73 boundary [ <1, 0, 7>, <3, 0, 6>, <1, 0, 3>, <3, 3, 5>, <1, 0, 6>, <1, 2, 4>, <1, 0, 0>, <3, 2, 2>, <1, 3, 4>, <3, 1, 2>, <3, 3, 6>, <1, 2, 7>, <3, 0, 3>, <3, 1, 5>, <3, 3, 1>, <3, 1, 1>, <1, 1, 5>, <1, 3, 1>, <3, 2, 7>, <3, 3, 4>, <3, 1, 0>, <1, 1, 0>, <1, 2, 2>, <1, 2, 3> ]
open_3 []
P8_PRIME_PROFILE p 31 orders 3 6 total 72 third_fail 18 open_no3 30 open_3 8 boundary 16 allowed 24
P8_PRIORITY_CLASSES p 31 boundary [ <2, 1, 1>, <4, 0, 0>, <1, 0, 0>, <2, 0, 0>, <4, 1, 4>, <3, 1, 1>, <4, 2, 2>, <4, 0, 3>, <2, 2, 2>, <2, 0, 3>, <1, 1, 4>, <2, 1, 4>, <4, 2, 5>, <3, 0, 3>, <2, 2, 5>, <4, 1, 1> ]
open_3 [ <4, 1, 5>, <2, 1, 2>, <4, 1, 3>, <2, 1, 3>, <2, 1, 0>, <4, 1, 2>, <2, 1, 5>, <4, 1, 0> ]
P8_PRIME_PROFILE p 43 orders 24 6 total 576 third_fail 288 open_no3 132 open_3 48 boundary 108 allowed 156
P8_PRIORITY_CLASSES p 43 boundary_count 108 open_3_count 48 full_list_in results/target_22224_F7_rank2_residues_N1000000.tsv
P8_PRIME_PROFILE p 53 orders 60 12 total 2880 third_fail 1584 open_no3 384 open_3 528 boundary 384 allowed 912
P8_PRIORITY_CLASSES p 53 boundary_count 384 open_3_count 528 full_list_in results/target_22224_F7_rank2_residues_N1000000.tsv
P8_PRIME_PROFILE p 61 orders 48 16 total 3072 third_fail 1280 open_no3 1024 open_3 448 boundary 320 allowed 768
P8_PRIORITY_CLASSES p 61 boundary_count 320 open_3_count 448 full_list_in results/target_22224_F7_rank2_residues_N1000000.tsv
P8_PRIME_PROFILE p 89 orders 8 24 total 768 third_fail 240 open_no3 112 open_3 128 boundary 288 allowed 416
P8_PRIORITY_CLASSES p 89 boundary_count 288 open_3_count 128 full_list_in results/target_22224_F7_rank2_residues_N1000000.tsv
P8_PRIME_PROFILE p 103 orders 48 48 total 9216 third_fail 3840 open_no3 1344 open_3 2112 boundary 1920 allowed 4032
P8_PRIORITY_CLASSES p 103 boundary_count 1920 open_3_count 2112 full_list_in results/target_22224_F7_rank2_residues_N1000000.tsv
P8_PRIME_PROFILE p 109 orders 120 120 total 57600 third_fail 33120 open_no3 12960 open_3 9600 boundary 1920 allowed 11520
P8_PRIORITY_CLASSES p 109 boundary_count 1920 open_3_count 9600 full_list_in results/target_22224_F7_rank2_residues_N1000000.tsv
P8_PRIME_PROFILE p 113 orders 10 6 total 240 third_fail 114 open_no3 78 open_3 24 boundary 24 allowed 48
P8_PRIORITY_CLASSES p 113 boundary [ <3, 5, 3>, <2, 7, 4>, <1, 7, 1>, <1, 0, 0>, <4, 2, 1>, <2, 7, 1>, <1, 9, 3>, <3, 1, 1>, <4, 2, 4>, <2, 2, 4>, <1, 5, 5>, <3, 2, 4>, <1, 2, 4>, <4, 7, 1>, <1, 6, 4>, <1, 4, 0>, <2, 2, 1>, <3, 7, 1>, <3, 9, 3>, <1, 0, 2>, <3, 5, 5>, <4, 7, 4>, <3, 4, 0>, <3, 0, 2> ]
open_3 [ <4, 0, 0>, <3, 0, 5>, <4, 1, 3>, <2, 6, 0>, <1, 4, 3>, <4, 4, 2>, <1, 5, 2>, <2, 0, 0>, <2, 3, 5>, <2, 4, 2>, <2, 8, 2>, <4, 5, 3>, <3, 9, 0>, <2, 5, 3>, <2, 9, 5>, <2, 1, 3>, <4, 3, 5>, <1, 0, 5>, <4, 6, 0>, <3, 5, 2>, <4, 9, 5>, <4, 8, 2>, <1, 9, 0>, <3, 4, 3> ]
P8_PRIME_PROFILE p 127 orders 12 60 total 2880 third_fail 1296 open_no3 912 open_3 192 boundary 480 allowed 672
P8_PRIORITY_CLASSES p 127 boundary_count 480 open_3_count 192 full_list_in results/target_22224_F7_rank2_residues_N1000000.tsv
P8_PRIME_PROFILE p 131 orders 72 18 total 5184 third_fail 2124 open_no3 2016 open_3 684 boundary 360 allowed 1044
P8_PRIORITY_CLASSES p 131 boundary_count 360 open_3_count 684 full_list_in results/target_22224_F7_rank2_residues_N1000000.tsv
P8_PRIME_PROFILE p 137 orders 6 18 total 432 third_fail 186 open_no3 42 open_3 48 boundary 156 allowed 204
P8_PRIORITY_CLASSES p 137 boundary_count 156 open_3_count 48 full_list_in results/target_22224_F7_rank2_residues_N1000000.tsv
P8_PRIME_PROFILE p 139 orders 72 36 total 10368 third_fail 4824 open_no3 2592 open_3 2232 boundary 720 allowed 2952
P8_PRIORITY_CLASSES p 139 boundary_count 720 open_3_count 2232 full_list_in results/target_22224_F7_rank2_residues_N1000000.tsv
P8_PRIME_PROFILE p 181 orders 160 160 total 102400 third_fail 54400 open_no3 30720 open_3 14720 boundary 2560 allowed 17280
P8_PRIORITY_CLASSES p 181 boundary_count 2560 open_3_count 14720 full_list_in results/target_22224_F7_rank2_residues_N1000000.tsv
P8_PRIME_PROFILE p 23 orders 14 7 total 392 third_fail 182 open_no3 112 open_3 42 boundary 56 allowed 98
P8_PRIORITY_CLASSES p 23 boundary [ <3, 9, 5>, <3, 11, 2>, <2, 6, 1>, <3, 3, 2>, <2, 1, 2>, <1, 4, 6>, <2, 10, 3>, <4, 8, 2>, <4, 9, 6>, <2, 0, 5>, <1, 10, 2>, <4, 7, 5>, <2, 13, 1>, <4, 10, 3>, <2, 8, 2>, <1, 12, 3>, <1, 2, 1>, <4, 5, 4>, <3, 5, 6>, <4, 13, 1>, <2, 9, 6>, <1, 2, 5>, <2, 3, 3>, <1, 6, 3>, <4, 11, 0>, <3, 13, 3>, <4, 4, 0>, <1, 10, 5>, <2, 12, 4>, <4, 1, 2>, <3, 13, 0>, <1, 6, 0>, <3, 9, 1>, <4, 0, 5>, <3, 7, 0>, <1, 0, 4>, <2, 11, 0>, <3, 3, 5>, <3, 7, 4>, <2, 5, 4>, <1, 8, 1>, <2, 4, 0>, <4, 3, 3>, <4, 6, 1>, <1, 12, 6>, <4, 12, 4>, <2, 7, 5>, <2, 2, 6>, <1, 4, 2>, <3, 1, 4>, <4, 2, 6>, <1, 8, 4>, <3, 11, 6>, <1, 0, 0>, <3, 1, 1>, <3, 5, 3> ]
open_3 [ <1, 1, 0>, <3, 4, 5>, <3, 10, 5>, <1, 3, 5>, <3, 11, 5>, <1, 13, 6>, <1, 9, 4>, <1, 11, 2>, <1, 6, 6>, <3, 4, 2>, <1, 13, 3>, <3, 10, 1>, <3, 6, 3>, <3, 12, 6>, <3, 8, 4>, <1, 5, 6>, <1, 8, 0>, <1, 10, 1>, <3, 3, 1>, <1, 3, 1>, <3, 1, 0>, <3, 8, 0>, <1, 1, 4>, <3, 5, 2>, <3, 9, 4>, <1, 7, 0>, <1, 12, 2>, <3, 6, 6>, <1, 9, 1>, <3, 2, 4>, <3, 7, 3>, <1, 4, 5>, <1, 2, 4>, <1, 7, 3>, <3, 12, 2>, <1, 11, 5>, <3, 13, 6>, <1, 0, 3>, <3, 2, 1>, <3, 0, 0>, <3, 0, 3>, <1, 5, 2> ]
P8_PRIME_PROFILE p 47 orders 14 14 total 784 third_fail 392 open_no3 84 open_3 84 boundary 224 allowed 308
P8_PRIORITY_CLASSES p 47 boundary_count 224 open_3_count 84 full_list_in results/target_22224_F7_rank2_residues_N1000000.tsv
P8_PRIME_PROFILE p 59 orders 28 14 total 1568 third_fail 784 open_no3 336 open_3 168 boundary 280 allowed 448
P8_PRIORITY_CLASSES p 59 boundary_count 280 open_3_count 168 full_list_in results/target_22224_F7_rank2_residues_N1000000.tsv
P8_PRIME_PROFILE p 67 orders 28 14 total 1568 third_fail 868 open_no3 308 open_3 112 boundary 280 allowed 392
P8_PRIORITY_CLASSES p 67 boundary_count 280 open_3_count 112 full_list_in results/target_22224_F7_rank2_residues_N1000000.tsv
P8_PRIME_PROFILE p 71 orders 6 21 total 504 third_fail 210 open_no3 96 open_3 162 boundary 36 allowed 198
P8_PRIORITY_CLASSES p 71 boundary_count 36 open_3_count 162 full_list_in results/target_22224_F7_rank2_residues_N1000000.tsv
P8_PRIME_PROFILE p 79 orders 21 42 total 3528 third_fail 1260 open_no3 1008 open_3 924 boundary 336 allowed 1260
P8_PRIORITY_CLASSES p 79 boundary_count 336 open_3_count 924 full_list_in results/target_22224_F7_rank2_residues_N1000000.tsv
P8_PRIME_PROFILE p 173 orders 168 56 total 37632 third_fail 15680 open_no3 12992 open_3 8064 boundary 896 allowed 8960
P8_PRIORITY_CLASSES p 173 boundary_count 896 open_3_count 8064 full_list_in results/target_22224_F7_rank2_residues_N1000000.tsv
P8_PRIME_PROFILE p 83 orders 44 22 total 3872 third_fail 1584 open_no3 1056 open_3 836 boundary 396 allowed 1232
P8_PRIORITY_CLASSES p 83 boundary_count 396 open_3_count 836 full_list_in results/target_22224_F7_rank2_residues_N1000000.tsv
P8_PRIME_PROFILE p 149 orders 132 132 total 69696 third_fail 25344 open_no3 23232 open_3 15840 boundary 5280 allowed 21120
P8_PRIORITY_CLASSES p 149 boundary_count 5280 open_3_count 15840 full_list_in results/target_22224_F7_rank2_residues_N1000000.tsv
P8_PRIME_PROFILE p 179 orders 88 22 total 7744 third_fail 4224 open_no3 1716 open_3 1364 boundary 440 allowed 1804
P8_PRIORITY_CLASSES p 179 boundary_count 440 open_3_count 1364 full_list_in results/target_22224_F7_rank2_residues_N1000000.tsv
P8_PRIME_PROFILE p 37 orders 48 48 total 9216 third_fail 2688 open_no3 1536 open_3 4416 boundary 576 allowed 4992
P8_PRIME_PROFILE p 97 orders 26 26 total 2704 third_fail 1248 open_no3 702 open_3 416 boundary 338 allowed 754
P8_PRIME_PROFILE p 101 orders 92 92 total 33856 third_fail 14352 open_no3 8464 open_3 7360 boundary 3680 allowed 11040
P8_PRIME_PROFILE p 107 orders 64 16 total 4096 third_fail 2016 open_no3 768 open_3 992 boundary 320 allowed 1312
P8_PRIME_PROFILE p 151 orders 76 76 total 23104 third_fail 9120 open_no3 6992 open_3 3344 boundary 3648 allowed 6992
P8_PRIME_PROFILE p 157 orders 172 172 total 118336 third_fail 60544 open_no3 27520 open_3 23392 boundary 6880 allowed 30272
P8_PRIME_PROFILE p 163 orders 76 38 total 11552 third_fail 6308 open_no3 3268 open_3 1216 boundary 760 allowed 1976
P8_PRIME_PROFILE p 167 orders 94 47 total 17672 third_fail 9964 open_no3 3666 open_3 3290 boundary 752 allowed 4042
P8_PRIME_PROFILE p 191 orders 23 23 total 2116 third_fail 828 open_no3 805 open_3 253 boundary 230 allowed 483
P8_PRIME_PROFILE p 193 orders 50 50 total 10000 third_fail 4400 open_no3 3300 open_3 1600 boundary 700 allowed 2300
P8_PRIME_PROFILE p 197 orders 208 208 total 173056 third_fail 83200 open_no3 44928 open_3 39936 boundary 4992 allowed 44928
P8_PRIME_PROFILE p 199 orders 51 102 total 20808 third_fail 8772 open_no3 8874 open_3 2754 boundary 408 allowed 3162
P8_CRT_STEP p 13 classes 160
P8_CRT_STEP p 11 classes 160
P8_CRT_STEP p 19 classes 1440
P8_CRT_STEP p 29 classes 960
P8_CRT_STEP p 41 classes 800
P8_CRT_STEP p 73 classes 320
P8_CRT_STEP p 31 classes 80
P8_CRT_STEP p 43 classes 50
P8_CRT_STEP p 53 classes 28
P8_CRT_STEP p 61 classes 112
P8_CRT_STEP p 89 classes 112
P8_CRT_STEP p 103 classes 40
P8_CRT_STEP p 109 classes 12
P8_CRT_STEP p 113 classes 8
P8_CRT_STEP p 127 classes 8
P8_CRT_STEP p 131 classes 30
P8_CRT_STEP p 137 classes 20
P8_CRT_STEP p 139 classes 12
P8_CRT_STEP p 181 classes 24
P8_CRT_STEP p 23 classes 504
P8_CRT_STEP p 47 classes 264
P8_CRT_STEP p 59 classes 112
P8_CRT_STEP p 67 classes 48
P8_CRT_STEP p 71 classes 40
P8_CRT_STEP p 79 classes 24
P8_CRT_STEP p 173 classes 24
P8_CRT_STEP p 83 classes 1320
P8_CRT_STEP p 149 classes 600
P8_CRT_STEP p 179 classes 160
P8_CRT_CLASSES count 160
[ <1, 83160, 110880, 27720, 110880>, <1, 32760, 110880, 7560, 110880>, <1, 12600, 110880, 88200, 110880>, <1, 63000, 110880, 108360, 110880>, <1, 73080, 110880, 68040, 110880>, <1, 27720, 110880, 83160, 110880>, <1, 88200, 110880, 63000, 110880>, <1, 68040, 110880, 32760, 110880>, <1, 7560, 110880, 52920, 110880>, <1, 17640, 110880, 12600, 110880>, <1, 27720, 110880, 27720, 110880>, <1, 88200, 110880, 7560, 110880>, <1, 68040, 110880, 88200, 110880>, <1, 7560, 110880, 108360, 110880>, <1, 17640, 110880, 68040, 110880>, <1, 83160, 110880, 83160, 110880>, <1, 32760, 110880, 63000, 110880>, <1, 12600, 110880, 32760, 110880>, <1, 63000, 110880, 52920, 110880>, <1, 73080, 110880, 12600, 110880>, <1, 46200, 110880, 101640, 110880>, <1, 106680, 110880, 81480, 110880>, <1, 86520, 110880, 51240, 110880>, <1, 26040, 110880, 71400, 110880>, <1, 36120, 110880, 31080, 110880>, <1, 101640, 110880, 46200, 110880>, <1, 51240, 110880, 26040, 110880>, <1, 31080, 110880, 106680, 110880>, <1, 81480, 110880, 15960, 110880>, <1, 91560, 110880, 86520, 110880>, <1, 101640, 110880, 101640, 110880>, <1, 51240, 110880, 81480, 110880>, <1, 31080, 110880, 51240, 110880>, <1, 81480, 110880, 71400, 110880>, <1, 91560, 110880, 31080, 110880>, <1, 46200, 110880, 46200, 110880>, <1, 106680, 110880, 26040, 110880>, <1, 86520, 110880, 106680, 110880>, <1, 26040, 110880, 15960, 110880>, <1, 36120, 110880, 86520, 110880>, <1, 55440, 110880, 0, 110880>, <1, 5040, 110880, 90720, 110880>, <1, 95760, 110880, 60480, 110880>, <1, 35280, 110880, 80640, 110880>, <1, 45360, 110880, 40320, 110880>, <1, 55440, 110880, 55440, 110880>, <1, 5040, 110880, 35280, 110880>, <1, 95760, 110880, 5040, 110880>, <1, 35280, 110880, 25200, 110880>, <1, 45360, 110880, 95760, 110880>, <1, 0, 110880, 0, 110880>, <1, 60480, 110880, 90720, 110880>, <1, 40320, 110880, 60480, 110880>, <1, 90720, 110880, 80640, 110880>, <1, 100800, 110880, 40320, 110880>, <1, 0, 110880, 55440, 110880>, <1, 60480, 110880, 35280, 110880>, <1, 40320, 110880, 5040, 110880>, <1, 90720, 110880, 25200, 110880>, <1, 100800, 110880, 95760, 110880>, <1, 18480, 110880, 73920, 110880>, <1, 78960, 110880, 53760, 110880>, <1, 58800, 110880, 23520, 110880>, <1, 109200, 110880, 43680, 110880>, <1, 8400, 110880, 3360, 110880>, <1, 18480, 110880, 18480, 110880>, <1, 78960, 110880, 109200, 110880>, <1, 58800, 110880, 78960, 110880>, <1, 109200, 110880, 99120, 110880>, <1, 8400, 110880, 58800, 110880>, <1, 73920, 110880, 73920, 110880>, <1, 23520, 110880, 53760, 110880>, <1, 3360, 110880, 23520, 110880>, <1, 53760, 110880, 43680, 110880>, <1, 63840, 110880, 3360, 110880>, <1, 73920, 110880, 18480, 110880>, <1, 23520, 110880, 109200, 110880>, <1, 3360, 110880, 78960, 110880>, <1, 53760, 110880, 99120, 110880>, <1, 63840, 110880, 58800, 110880>, <3, 103321, 110880, 63001, 110880>, <3, 83161, 110880, 32761, 110880>, <3, 93241, 110880, 42841, 110880>, <3, 83161, 110880, 83161, 110880>, <3, 32761, 110880, 63001, 110880>, <3, 73081, 110880, 12601, 110880>, <3, 22681, 110880, 52921, 110880>, <3, 42841, 110880, 83161, 110880>, <3, 93241, 110880, 103321, 110880>, <3, 12601, 110880, 32761, 110880>, <3, 47881, 110880, 7561, 110880>, <3, 27721, 110880, 88201, 110880>, <3, 37801, 110880, 98281, 110880>, <3, 27721, 110880, 27721, 110880>, <3, 88201, 110880, 7561, 110880>, <3, 17641, 110880, 68041, 110880>, <3, 78121, 110880, 108361, 110880>, <3, 98281, 110880, 27721, 110880>, <3, 37801, 110880, 47881, 110880>, <3, 68041, 110880, 88201, 110880>, <3, 66361, 110880, 26041, 110880>, <3, 46201, 110880, 106681, 110880>, <3, 56281, 110880, 5881, 110880>, <3, 46201, 110880, 46201, 110880>, <3, 106681, 110880, 26041, 110880>, <3, 36121, 110880, 86521, 110880>, <3, 96601, 110880, 15961, 110880>, <3, 5881, 110880, 46201, 110880>, <3, 56281, 110880, 66361, 110880>, <3, 86521, 110880, 106681, 110880>, <3, 10921, 110880, 81481, 110880>, <3, 101641, 110880, 51241, 110880>, <3, 841, 110880, 61321, 110880>, <3, 101641, 110880, 101641, 110880>, <3, 51241, 110880, 81481, 110880>, <3, 91561, 110880, 31081, 110880>, <3, 41161, 110880, 71401, 110880>, <3, 61321, 110880, 101641, 110880>, <3, 841, 110880, 10921, 110880>, <3, 31081, 110880, 51241, 110880>, <3, 75601, 110880, 35281, 110880>, <3, 55441, 110880, 5041, 110880>, <3, 65521, 110880, 15121, 110880>, <3, 55441, 110880, 55441, 110880>, <3, 5041, 110880, 35281, 110880>, <3, 45361, 110880, 95761, 110880>, <3, 105841, 110880, 25201, 110880>, <3, 15121, 110880, 55441, 110880>, <3, 65521, 110880, 75601, 110880>, <3, 95761, 110880, 5041, 110880>, <3, 20161, 110880, 90721, 110880>, <3, 1, 110880, 60481, 110880>, <3, 10081, 110880, 70561, 110880>, <3, 1, 110880, 1, 110880>, <3, 60481, 110880, 90721, 110880>, <3, 100801, 110880, 40321, 110880>, <3, 50401, 110880, 80641, 110880>, <3, 70561, 110880, 1, 110880>, <3, 10081, 110880, 20161, 110880>, <3, 40321, 110880, 60481, 110880>, <3, 38641, 110880, 109201, 110880>, <3, 18481, 110880, 78961, 110880>, <3, 28561, 110880, 89041, 110880>, <3, 18481, 110880, 18481, 110880>, <3, 78961, 110880, 109201, 110880>, <3, 8401, 110880, 58801, 110880>, <3, 68881, 110880, 99121, 110880>, <3, 89041, 110880, 18481, 110880>, <3, 28561, 110880, 38641, 110880>, <3, 58801, 110880, 78961, 110880>, <3, 94081, 110880, 53761, 110880>, <3, 73921, 110880, 23521, 110880>, <3, 84001, 110880, 33601, 110880>, <3, 73921, 110880, 73921, 110880>, <3, 23521, 110880, 53761, 110880>, <3, 63841, 110880, 3361, 110880>, <3, 13441, 110880, 43681, 110880>, <3, 33601, 110880, 73921, 110880>, <3, 84001, 110880, 94081, 110880>, <3, 3361, 110880, 23521, 110880> ]
P8_EXACT_CLASS m 0 n 0 ti 1 t 1 tuple [ 18, -1, -16, 50 ]
three false gcd 256
P8_RANK2_MWSIEVE_DONE box_total 16000016000004 periodic_enumerated 52130 modular_survivors 2 deferred_large_index 0 exact_full 1 height_skip 0 three_hits 0 crt_file results/target_22224_F7_rank2_periodic_lattice_factor77.tsv modular_file results/target_22224_F7_rank2_N1000000_modular.tsv
