REPEATED_RANK2_MWSIEVE_START N6 pair <2, 3> remaining 1 N 1000000 fixed [ -3, -2, 18 ]
d0 588/169 known_t 13/7 E Elliptic Curve defined by y^2 = x^3 + x^2 + 4*x + 30 over Rational Field
rank_bounds 1 1 generators [ (-3 : 0 : 1), (1 : 6 : 1) ]
torsion [ 2 ]
direct_boundary_masks 13 15
PRIME_SKIP 11 map_reduction
PRIME_PROFILE N6 p 13 orders 6 1 total 12 third_fail 0 open_no3 0 open_3 0 boundary 12 finite_direct_boundary 2 infinity 10 allowed 12 lattice_before 4000002 lattice_after 4000002
PRIORITY_CLASSES N6 p 13 boundary_count 12 open3_count 0 boundary [ <1, 4, 0>, <2, 5, 0>, <2, 4, 0>, <2, 1, 0>, <2, 3, 0>, <1, 2, 0>, <2, 2, 0>, <1, 5, 0>, <1, 1, 0>, <1, 0, 0>, <1, 3, 0>, <2, 0, 0> ]
PRIME_PROFILE N6 p 47 orders 5 1 total 10 third_fail 2 open_no3 4 open_3 3 boundary 1 finite_direct_boundary 0 infinity 1 allowed 4 lattice_before 4000002 lattice_after 1600000
PRIME_PROFILE N6 p 41 orders 12 1 total 24 third_fail 8 open_no3 0 open_3 14 boundary 2 finite_direct_boundary 0 infinity 2 allowed 16 lattice_before 1600000 lattice_after 1066670
PRIME_PROFILE N6 p 43 orders 7 1 total 14 third_fail 5 open_no3 4 open_3 4 boundary 1 finite_direct_boundary 0 infinity 1 allowed 5 lattice_before 1066670 lattice_after 380955
PRIME_PROFILE N6 p 17 orders 6 1 total 12 third_fail 4 open_no3 3 open_3 4 boundary 1 finite_direct_boundary 0 infinity 1 allowed 5 lattice_before 380955 lattice_after 247619
PRIME_PROFILE N6 p 19 orders 5 1 total 10 third_fail 2 open_no3 7 open_3 0 boundary 1 finite_direct_boundary 0 infinity 1 allowed 1 lattice_before 247619 lattice_after 85714
PRIME_PROFILE N6 p 23 orders 7 1 total 14 third_fail 5 open_no3 4 open_3 4 boundary 1 finite_direct_boundary 0 infinity 1 allowed 5 lattice_before 85714 lattice_after 85714
PRIME_PROFILE N6 p 29 orders 7 1 total 14 third_fail 3 open_no3 8 open_3 0 boundary 3 finite_direct_boundary 2 infinity 1 allowed 3 lattice_before 85714 lattice_after 28571
PRIME_PROFILE N6 p 31 orders 20 1 total 40 third_fail 14 open_no3 8 open_3 8 boundary 10 finite_direct_boundary 8 infinity 2 allowed 18 lattice_before 28571 lattice_after 9523
PRIME_PROFILE N6 p 37 orders 22 1 total 44 third_fail 8 open_no3 8 open_3 14 boundary 14 finite_direct_boundary 8 infinity 6 allowed 28 lattice_before 9523 lattice_after 6061
PRIME_PROFILE N6 p 53 orders 11 1 total 22 third_fail 8 open_no3 0 open_3 8 boundary 6 finite_direct_boundary 5 infinity 1 allowed 14 lattice_before 6061 lattice_after 4329
PRIME_PROFILE N6 p 59 orders 17 1 total 34 third_fail 14 open_no3 11 open_3 8 boundary 1 finite_direct_boundary 0 infinity 1 allowed 9 lattice_before 4329 lattice_after 1274
PRIME_PROFILE N6 p 61 orders 26 1 total 52 third_fail 16 open_no3 8 open_3 22 boundary 6 finite_direct_boundary 4 infinity 2 allowed 28 lattice_before 1274 lattice_after 687
PRIME_PROFILE N6 p 67 orders 14 1 total 28 third_fail 6 open_no3 16 open_3 0 boundary 6 finite_direct_boundary 4 infinity 2 allowed 6 lattice_before 687 lattice_after 687
PRIME_PROFILE N6 p 71 orders 8 1 total 16 third_fail 0 open_no3 8 open_3 6 boundary 2 finite_direct_boundary 0 infinity 2 allowed 8 lattice_before 687 lattice_after 687
PRIME_PROFILE N6 p 73 orders 4 1 total 8 third_fail 0 open_no3 3 open_3 0 boundary 5 finite_direct_boundary 4 infinity 1 allowed 5 lattice_before 687 lattice_after 687
PRIME_PROFILE N6 p 79 orders 32 1 total 64 third_fail 30 open_no3 16 open_3 16 boundary 2 finite_direct_boundary 0 infinity 2 allowed 18 lattice_before 687 lattice_after 251
PRIME_PROFILE N6 p 83 orders 24 1 total 48 third_fail 16 open_no3 16 open_3 14 boundary 2 finite_direct_boundary 0 infinity 2 allowed 16 lattice_before 251 lattice_after 251
PRIME_PROFILE N6 p 89 orders 8 1 total 16 third_fail 0 open_no3 14 open_3 0 boundary 2 finite_direct_boundary 0 infinity 2 allowed 2 lattice_before 251 lattice_after 86
PRIME_PROFILE N6 p 97 orders 10 1 total 20 third_fail 4 open_no3 8 open_3 4 boundary 4 finite_direct_boundary 3 infinity 1 allowed 8 lattice_before 86 lattice_after 86
PRIME_PROFILE N6 p 101 orders 27 1 total 54 third_fail 19 open_no3 20 open_3 12 boundary 3 finite_direct_boundary 2 infinity 1 allowed 15 lattice_before 86 lattice_after 32
PRIME_PROFILE N6 p 103 orders 50 1 total 100 third_fail 46 open_no3 24 open_3 16 boundary 14 finite_direct_boundary 12 infinity 2 allowed 30 lattice_before 32 lattice_after 14
PRIME_PROFILE N6 p 107 orders 28 1 total 56 third_fail 24 open_no3 14 open_3 16 boundary 2 finite_direct_boundary 0 infinity 2 allowed 18 lattice_before 14 lattice_after 14
PRIME_PROFILE N6 p 109 orders 58 1 total 116 third_fail 38 open_no3 24 open_3 48 boundary 6 finite_direct_boundary 4 infinity 2 allowed 54 lattice_before 14 lattice_after 7
PRIME_PROFILE N6 p 113 orders 30 1 total 60 third_fail 28 open_no3 20 open_3 11 boundary 1 finite_direct_boundary 0 infinity 1 allowed 12 lattice_before 7 lattice_after 6
PRIME_PROFILE N6 p 127 orders 66 1 total 132 third_fail 38 open_no3 40 open_3 40 boundary 14 finite_direct_boundary 12 infinity 2 allowed 54 lattice_before 6 lattice_after 5
PRIME_PROFILE N6 p 131 orders 33 1 total 66 third_fail 26 open_no3 27 open_3 12 boundary 1 finite_direct_boundary 0 infinity 1 allowed 13 lattice_before 5 lattice_after 2
PRIME_PROFILE N6 p 137 orders 38 1 total 76 third_fail 43 open_no3 8 open_3 24 boundary 1 finite_direct_boundary 0 infinity 1 allowed 25 lattice_before 2 lattice_after 2
PRIME_PROFILE N6 p 139 orders 35 1 total 70 third_fail 25 open_no3 24 open_3 20 boundary 1 finite_direct_boundary 0 infinity 1 allowed 21 lattice_before 2 lattice_after 2
PRIME_PROFILE N6 p 149 orders 35 1 total 70 third_fail 47 open_no3 8 open_3 12 boundary 3 finite_direct_boundary 2 infinity 1 allowed 15 lattice_before 2 lattice_after 2
PRIME_PROFILE N6 p 151 orders 72 1 total 144 third_fail 56 open_no3 40 open_3 46 boundary 2 finite_direct_boundary 0 infinity 2 allowed 48 lattice_before 2 lattice_after 2
PRIME_PROFILE N6 p 157 orders 14 1 total 28 third_fail 0 open_no3 16 open_3 6 boundary 6 finite_direct_boundary 0 infinity 6 allowed 12 lattice_before 2 lattice_after 2
PRIME_PROFILE N6 p 163 orders 40 1 total 80 third_fail 30 open_no3 40 open_3 8 boundary 2 finite_direct_boundary 0 infinity 2 allowed 10 lattice_before 2 lattice_after 2
PRIME_PROFILE N6 p 167 orders 45 1 total 90 third_fail 45 open_no3 36 open_3 8 boundary 1 finite_direct_boundary 0 infinity 1 allowed 9 lattice_before 2 lattice_after 2
PRIME_PROFILE N6 p 173 orders 47 1 total 94 third_fail 52 open_no3 16 open_3 23 boundary 3 finite_direct_boundary 2 infinity 1 allowed 26 lattice_before 2 lattice_after 1
PRIME_PROFILE N6 p 179 orders 39 1 total 78 third_fail 43 open_no3 24 open_3 8 boundary 3 finite_direct_boundary 2 infinity 1 allowed 11 lattice_before 1 lattice_after 1
PRIME_PROFILE N6 p 181 orders 90 1 total 180 third_fail 104 open_no3 40 open_3 30 boundary 6 finite_direct_boundary 4 infinity 2 allowed 36 lattice_before 1 lattice_after 1
PRIME_PROFILE N6 p 191 orders 50 1 total 100 third_fail 32 open_no3 30 open_3 24 boundary 14 finite_direct_boundary 8 infinity 6 allowed 38 lattice_before 1 lattice_after 1
PRIME_PROFILE N6 p 193 orders 8 1 total 16 third_fail 0 open_no3 8 open_3 4 boundary 4 finite_direct_boundary 3 infinity 1 allowed 8 lattice_before 1 lattice_after 1
PRIME_PROFILE N6 p 197 orders 17 1 total 34 third_fail 20 open_no3 7 open_3 4 boundary 3 finite_direct_boundary 2 infinity 1 allowed 7 lattice_before 1 lattice_after 1
PRIME_PROFILE N6 p 199 orders 92 1 total 184 third_fail 96 open_no3 32 open_3 48 boundary 8 finite_direct_boundary 6 infinity 2 allowed 56 lattice_before 1 lattice_after 1
REPEATED_RANK2_MWSIEVE_DONE N6 N 1000000 used_primes [ 13, 47, 41, 43, 17, 19, 23, 29, 31, 37, 53, 59, 61, 67, 71, 73, 79, 83, 89, 97, 101, 103, 107, 109, 113, 127, 131, 137, 139, 149, 151, 157, 163, 167, 173, 179, 181, 191, 193, 197, 199 ]
lattice_survivors 1 distinct_exact_t 1 exact_full 0 three_hits 0 output results/target_22224_N6_rank2_mwsieve_23_N1000000.tsv
