P8_RANK2_MWSIEVE_START family R6 quotient <1, 3> N 0 primes [ 19, 37, 61, 23, 29, 41, 43, 47, 53, 59, 67, 71, 73, 79, 83, 89, 97, 11 ]
E Elliptic Curve defined by y^2 = x^3 - 207*x + 8856 over Rational Field
rank_bounds 2 2 generators [ (-24 : 0 : 1), (-15/4 : -783/8 : 1), (12 : -90 : 1) ]
known_t 11/21
P8_PRIME_PROFILE p 19 orders 12 3 total 72 third_fail 24 open_no3 36 open_3 0 boundary 12 allowed 12
P8_PRIORITY_CLASSES p 19 boundary [ <1, 4, 2>, <2, 1, 0>, <2, 5, 2>, <2, 10, 2>, <1, 3, 1>, <1, 7, 0>, <1, 11, 2>, <2, 6, 0>, <1, 0, 0>, <2, 2, 1>, <2, 9, 1>, <1, 8, 1> ]
open_3 []
P8_PRIME_PROFILE p 37 orders 11 11 total 242 third_fail 121 open_no3 77 open_3 0 boundary 44 allowed 44
P8_PRIORITY_CLASSES p 37 boundary [ <2, 3, 0>, <1, 2, 8>, <2, 8, 5>, <1, 1, 10>, <2, 10, 6>, <2, 4, 4>, <1, 7, 1>, <2, 3, 7>, <1, 3, 7>, <2, 7, 1>, <1, 2, 3>, <2, 1, 10>, <2, 4, 0>, <2, 6, 8>, <2, 5, 8>, <2, 7, 5>, <1, 8, 5>, <1, 9, 3>, <1, 3, 1>, <1, 9, 9>, <1, 10, 7>, <1, 1, 4>, <1, 10, 2>, <2, 1, 3>, <2, 5, 4>, <2, 0, 10>, <1, 6, 8>, <2, 2, 7>, <1, 0, 0>, <1, 6, 2>, <1, 4, 5>, <2, 2, 3>, <1, 5, 4>, <1, 8, 10>, <2, 9, 9>, <2, 10, 2>, <2, 8, 9>, <2, 9, 2>, <1, 7, 6>, <1, 0, 6>, <2, 0, 6>, <2, 6, 1>, <1, 4, 0>, <1, 5, 9> ]
open_3 []
P8_PRIME_PROFILE p 61 orders 17 34 total 1156 third_fail 272 open_no3 748 open_3 0 boundary 136 allowed 136
P8_PRIORITY_CLASSES p 61 boundary_count 136 open_3_count 0 full_list_in results/target_22224_R6_rank2_residue_classes.tsv
P8_PRIME_PROFILE p 23 orders 6 12 total 144 third_fail 0 open_no3 84 open_3 36 boundary 24 allowed 60
P8_PRIME_PROFILE p 29 orders 2 3 total 12 third_fail 0 open_no3 6 open_3 0 boundary 6 allowed 6
P8_PRIME_PROFILE p 41 orders 26 26 total 1352 third_fail 364 open_no3 572 open_3 208 boundary 208 allowed 416
P8_PRIME_PROFILE p 43 orders 26 26 total 1352 third_fail 364 open_no3 156 open_3 416 boundary 416 allowed 832
P8_PRIME_PROFILE p 47 orders 15 30 total 900 third_fail 240 open_no3 210 open_3 210 boundary 240 allowed 450
P8_PRIME_PROFILE p 53 orders 16 16 total 512 third_fail 256 open_no3 64 open_3 96 boundary 96 allowed 192
P8_PRIME_PROFILE p 59 orders 24 8 total 384 third_fail 208 open_no3 48 open_3 64 boundary 64 allowed 128
P8_PRIME_PROFILE p 67 orders 36 12 total 864 third_fail 312 open_no3 360 open_3 0 boundary 192 allowed 192
P8_PRIME_PROFILE p 71 orders 17 17 total 578 third_fail 204 open_no3 170 open_3 68 boundary 136 allowed 204
P8_PRIME_PROFILE p 73 orders 9 6 total 108 third_fail 81 open_no3 9 open_3 12 boundary 6 allowed 18
P8_PRIME_PROFILE p 79 orders 4 44 total 352 third_fail 184 open_no3 96 open_3 0 boundary 72 allowed 72
P8_PRIME_PROFILE p 83 orders 48 48 total 4608 third_fail 1056 open_no3 2208 open_3 768 boundary 576 allowed 1344
P8_PRIME_PROFILE p 89 orders 42 42 total 3528 third_fail 924 open_no3 1596 open_3 672 boundary 336 allowed 1008
P8_PRIME_PROFILE p 97 orders 11 22 total 484 third_fail 253 open_no3 88 open_3 121 boundary 22 allowed 143

StateAtT(
tt: 0,
F: GF(11)
)
In file "code/target_22224_p8_rank2_mwsieve.m", line 190, column 11:
>>     den:=F!(fixed[remaining]+d0);
             ^
Runtime error in '!': Division by zero
LHS: FldFin
RHS: FldRatElt
