REPEATED_RANK2_MWSIEVE_START Z1 pair <1, 3> remaining 2 N 1001 fixed [ -169, -120, 225 ]
d0 5415/32 known_t 26/19 E Elliptic Curve defined by y^2 = x^3 + x^2 + 1850420*x + 244635950 over Rational Field
rank_bounds 2 2 generators [ (-131 : 0 : 1), (65 : 19110 : 1), (12065/16 : 2911335/64 : 1) ]
torsion [ 2 ]
direct_boundary_masks 13 15
PRIME_PROFILE Z1 p 11 orders 8 8 total 128 third_fail 0 open_no3 112 open_3 0 boundary 16 finite_direct_boundary 0 infinity 16 allowed 16 lattice_before 8024018 lattice_after 1003002
PRIORITY_CLASSES Z1 p 11 boundary_count 16 open3_count 0 boundary [ <1, 6, 5>, <2, 4, 7>, <1, 0, 7>, <1, 5, 0>, <1, 2, 1>, <2, 6, 1>, <1, 7, 2>, <2, 0, 3>, <1, 3, 6>, <1, 1, 4>, <2, 1, 0>, <2, 5, 4>, <2, 7, 6>, <1, 4, 3>, <2, 2, 5>, <2, 3, 2> ]
PRIME_SKIP 13 E_bad_reduction
PRIME_PROFILE Z1 p 17 orders 10 2 total 40 third_fail 12 open_no3 0 open_3 0 boundary 28 finite_direct_boundary 24 infinity 4 allowed 28 lattice_before 1003002 lattice_after 702052
PRIME_PROFILE Z1 p 19 orders 6 3 total 36 third_fail 0 open_no3 0 open_3 0 boundary 36 finite_direct_boundary 6 infinity 30 allowed 36 lattice_before 702052 lattice_after 702052
PRIME_PROFILE Z1 p 23 orders 16 4 total 128 third_fail 0 open_no3 0 open_3 0 boundary 128 finite_direct_boundary 104 infinity 24 allowed 128 lattice_before 702052 lattice_after 702052
PRIME_SKIP 29 map_reduction
PRIME_PROFILE Z1 p 31 orders 6 6 total 72 third_fail 20 open_no3 48 open_3 0 boundary 4 finite_direct_boundary 0 infinity 4 allowed 4 lattice_before 702052 lattice_after 44588
PRIME_PROFILE Z1 p 37 orders 18 6 total 216 third_fail 24 open_no3 48 open_3 132 boundary 12 finite_direct_boundary 0 infinity 12 allowed 144 lattice_before 44588 lattice_after 29642
PRIME_PROFILE Z1 p 41 orders 18 3 total 108 third_fail 24 open_no3 24 open_3 42 boundary 18 finite_direct_boundary 0 infinity 18 allowed 60 lattice_before 29642 lattice_after 29642
PRIME_PROFILE Z1 p 43 orders 26 26 total 1352 third_fail 520 open_no3 416 open_3 364 boundary 52 finite_direct_boundary 0 infinity 52 allowed 416 lattice_before 29642 lattice_after 9120
PRIME_PROFILE Z1 p 47 orders 24 24 total 1152 third_fail 384 open_no3 336 open_3 384 boundary 48 finite_direct_boundary 0 infinity 48 allowed 432 lattice_before 9120 lattice_after 9120
PRIME_PROFILE Z1 p 53 orders 26 13 total 676 third_fail 286 open_no3 312 open_3 0 boundary 78 finite_direct_boundary 0 infinity 78 allowed 78 lattice_before 9120 lattice_after 1035
PRIME_PROFILE Z1 p 59 orders 34 17 total 1156 third_fail 374 open_no3 0 open_3 544 boundary 238 finite_direct_boundary 136 infinity 102 allowed 782 lattice_before 1035 lattice_after 712
PRIME_PROFILE Z1 p 61 orders 14 14 total 392 third_fail 98 open_no3 168 open_3 0 boundary 126 finite_direct_boundary 112 infinity 14 allowed 126 lattice_before 712 lattice_after 273
PRIME_PROFILE Z1 p 67 orders 36 36 total 2592 third_fail 864 open_no3 1368 open_3 288 boundary 72 finite_direct_boundary 0 infinity 72 allowed 360 lattice_before 273 lattice_after 66
PRIME_PROFILE Z1 p 71 orders 21 7 total 294 third_fail 133 open_no3 84 open_3 28 boundary 49 finite_direct_boundary 42 infinity 7 allowed 77 lattice_before 66 lattice_after 41
PRIME_PROFILE Z1 p 73 orders 34 17 total 1156 third_fail 544 open_no3 238 open_3 272 boundary 102 finite_direct_boundary 0 infinity 102 allowed 374 lattice_before 41 lattice_after 13
PRIME_PROFILE Z1 p 79 orders 38 19 total 1444 third_fail 304 open_no3 608 open_3 114 boundary 418 finite_direct_boundary 304 infinity 114 allowed 532 lattice_before 13 lattice_after 7
PRIME_PROFILE Z1 p 83 orders 38 19 total 1444 third_fail 418 open_no3 456 open_3 456 boundary 114 finite_direct_boundary 76 infinity 38 allowed 570 lattice_before 7 lattice_after 3
PRIME_PROFILE Z1 p 89 orders 50 25 total 2500 third_fail 1000 open_no3 750 open_3 600 boundary 150 finite_direct_boundary 0 infinity 150 allowed 750 lattice_before 3 lattice_after 2
PRIME_PROFILE Z1 p 97 orders 50 25 total 2500 third_fail 1350 open_no3 800 open_3 200 boundary 150 finite_direct_boundary 0 infinity 150 allowed 350 lattice_before 2 lattice_after 1
REPEATED_RANK2_MWSIEVE_DONE Z1 N 1001 used_primes [ 11, 17, 19, 23, 31, 37, 41, 43, 47, 53, 59, 61, 67, 71, 73, 79, 83, 89, 97 ]
lattice_survivors 1 distinct_exact_t 1 deferred 0 exact_full 0 three_hits 0 output results/target_22224_Z1_rank2_mwsieve_13_N1001.tsv modular_file results/target_22224_Z1_rank2_mwsieve_13_N1001_modular.tsv
