P8_RANK2_MWSIEVE_START family O4_12 quotient <1, 2> N 0 primes [ 11, 13, 17, 19, 23, 29, 31, 37, 41, 43, 47, 53, 59, 61, 67, 71, 73, 79, 83, 89, 97, 101, 103, 107, 109, 113, 127, 131, 137, 139, 149, 151, 157, 163, 167, 173, 179, 181, 191, 193, 197, 199 ]
E Elliptic Curve defined by y^2 = x^3 + x^2 + 35967*x + 252063 over Rational Field
rank_bounds 2 2 generators [ (-7 : 0 : 1), (3603 : 216600 : 1), (93 : -2100 : 1) ]
known_t 1/2
P8_PRIME_PROFILE p 11 orders 8 4 total 64 third_fail 48 open_no3 0 open_3 0 boundary 16 allowed 16
P8_PRIME_PROFILE p 13 orders 4 4 total 32 third_fail 24 open_no3 0 open_3 0 boundary 8 allowed 8
P8_PRIME_PROFILE p 17 orders 20 10 total 400 third_fail 80 open_no3 60 open_3 140 boundary 120 allowed 260
P8_PRIME_SKIP 19 E_bad_reduction
P8_PRIME_PROFILE p 23 orders 16 8 total 256 third_fail 96 open_no3 80 open_3 0 boundary 80 allowed 80
P8_PRIME_PROFILE p 29 orders 40 4 total 320 third_fail 104 open_no3 128 open_3 56 boundary 32 allowed 88
P8_PRIME_PROFILE p 31 orders 20 10 total 400 third_fail 120 open_no3 60 open_3 80 boundary 140 allowed 220
P8_PRIME_PROFILE p 37 orders 5 10 total 100 third_fail 40 open_no3 0 open_3 30 boundary 30 allowed 60
P8_PRIME_PROFILE p 41 orders 10 10 total 200 third_fail 40 open_no3 40 open_3 60 boundary 60 allowed 120
P8_PRIME_PROFILE p 43 orders 13 13 total 338 third_fail 91 open_no3 39 open_3 104 boundary 104 allowed 208
P8_PRIME_PROFILE p 47 orders 28 14 total 784 third_fail 224 open_no3 420 open_3 0 boundary 140 allowed 140
P8_PRIME_PROFILE p 53 orders 12 3 total 72 third_fail 24 open_no3 9 open_3 21 boundary 18 allowed 39
P8_PRIME_PROFILE p 59 orders 28 14 total 784 third_fail 308 open_no3 210 open_3 154 boundary 112 allowed 266
P8_PRIME_PROFILE p 61 orders 68 34 total 4624 third_fail 2516 open_no3 1836 open_3 0 boundary 272 allowed 272
P8_PRIME_PROFILE p 67 orders 36 9 total 648 third_fail 252 open_no3 198 open_3 54 boundary 144 allowed 198
P8_PRIME_PROFILE p 71 orders 8 16 total 256 third_fail 48 open_no3 0 open_3 112 boundary 96 allowed 208
P8_PRIME_PROFILE p 73 orders 76 38 total 5776 third_fail 2888 open_no3 1672 open_3 912 boundary 304 allowed 1216
P8_PRIME_PROFILE p 79 orders 5 20 total 200 third_fail 80 open_no3 60 open_3 0 boundary 60 allowed 60
P8_PRIME_PROFILE p 83 orders 42 21 total 1764 third_fail 504 open_no3 462 open_3 462 boundary 336 allowed 798
P8_PRIME_PROFILE p 89 orders 6 8 total 96 third_fail 30 open_no3 22 open_3 32 boundary 12 allowed 44
P8_PRIME_PROFILE p 97 orders 88 44 total 7744 third_fail 3256 open_no3 2728 open_3 1408 boundary 352 allowed 1760
P8_PRIME_PROFILE p 101 orders 100 50 total 10000 third_fail 5700 open_no3 1500 open_3 2400 boundary 400 allowed 2800
P8_PRIME_PROFILE p 103 orders 52 26 total 2704 third_fail 1638 open_no3 312 open_3 598 boundary 156 allowed 754
P8_PRIME_PROFILE p 107 orders 28 28 total 1568 third_fail 448 open_no3 448 open_3 560 boundary 112 allowed 672
P8_PRIME_PROFILE p 109 orders 8 52 total 832 third_fail 368 open_no3 280 open_3 152 boundary 32 allowed 184
P8_PRIME_PROFILE p 113 orders 112 56 total 12544 third_fail 5824 open_no3 2688 open_3 3360 boundary 672 allowed 4032
P8_PRIME_PROFILE p 127 orders 72 18 total 2592 third_fail 1278 open_no3 774 open_3 432 boundary 108 allowed 540
P8_PRIME_PROFILE p 131 orders 68 34 total 4624 third_fail 2652 open_no3 782 open_3 918 boundary 272 allowed 1190
P8_PRIME_PROFILE p 137 orders 132 66 total 17424 third_fail 9372 open_no3 4092 open_3 3168 boundary 792 allowed 3960
P8_PRIME_PROFILE p 139 orders 72 36 total 5184 third_fail 2160 open_no3 1692 open_3 1152 boundary 180 allowed 1332
P8_PRIME_PROFILE p 149 orders 148 74 total 21904 third_fail 10804 open_no3 8732 open_3 1776 boundary 592 allowed 2368
P8_PRIME_PROFILE p 151 orders 21 42 total 1764 third_fail 714 open_no3 504 open_3 462 boundary 84 allowed 546
P8_PRIME_PROFILE p 157 orders 20 20 total 800 third_fail 320 open_no3 280 open_3 80 boundary 120 allowed 200
P8_PRIME_PROFILE p 163 orders 10 7 total 140 third_fail 54 open_no3 24 open_3 46 boundary 16 allowed 62
P8_PRIME_PROFILE p 167 orders 96 16 total 3072 third_fail 1392 open_no3 816 open_3 704 boundary 160 allowed 864
P8_PRIME_PROFILE p 173 orders 48 8 total 768 third_fail 344 open_no3 152 open_3 224 boundary 48 allowed 272
P8_PRIME_PROFILE p 179 orders 96 6 total 1152 third_fail 606 open_no3 288 open_3 210 boundary 48 allowed 258
P8_PRIME_PROFILE p 181 orders 184 92 total 33856 third_fail 17296 open_no3 12880 open_3 2944 boundary 736 allowed 3680
P8_PRIME_PROFILE p 191 orders 15 45 total 1350 third_fail 585 open_no3 180 open_3 465 boundary 120 allowed 585
P8_PRIME_PROFILE p 193 orders 216 36 total 15552 third_fail 8208 open_no3 3960 open_3 3096 boundary 288 allowed 3384
P8_PRIME_PROFILE p 197 orders 48 12 total 1152 third_fail 552 open_no3 360 open_3 96 boundary 144 allowed 240
P8_PRIME_PROFILE p 199 orders 47 47 total 4418 third_fail 2068 open_no3 1410 open_3 564 boundary 376 allowed 940
P8_CRT_CLASSES count 2
[ <1, 0, 1, 0, 1>, <2, 0, 1, 0, 1> ]
P8_EXACT_CLASS m 0 n 0 ti 1 t 1 tuple [ 72, -80, -120, 75 ]
three false gcd 128
P8_RANK2_MWSIEVE_DONE box_total 2 periodic_enumerated 2 modular_survivors 1 deferred_large_index 0 exact_full 1 height_skip 0 three_hits 0 crt_file results/target_22224_O4_12_rank2_profile_dummy_crt.tsv modular_file results/target_22224_O4_12_rank2_profile_dummy_modular.tsv
