P8_RANK2_MWSIEVE_START N 200 primes [ 11, 13, 17, 19, 23, 31, 37, 41, 43, 47, 53, 59, 61, 67, 71, 73, 79, 83, 89, 97 ]
E Elliptic Curve defined by y^2 = x^3 + 1520244*x + 202972176 over Rational Field
rank_bounds 2 2 generators [ (-132 : 0 : 1), (7810 : -698896 : 1), (4741/9 : 915607/27 : 1) ]
known_t 19/5
P8_PRIME_SKIP 11 E_bad_reduction
P8_PRIME_SKIP 13 map_reduction
P8_PRIME_SKIP 17 map_reduction
P8_PRIME_SKIP 19 E_bad_reduction
P8_PRIME_PROFILE p 23 orders 12 2 total 48 third_fail 8 open_no3 16 open_3 14 boundary 10 allowed 24
P8_PRIME_PROFILE p 31 orders 8 16 total 256 third_fail 120 open_no3 96 open_3 24 boundary 16 allowed 40
P8_PRIME_PROFILE p 37 orders 48 12 total 1152 third_fail 528 open_no3 336 open_3 96 boundary 192 allowed 288
P8_PRIME_PROFILE p 41 orders 44 22 total 1936 third_fail 880 open_no3 792 open_3 0 boundary 264 allowed 264
P8_PRIORITY_CLASSES p 41 boundary [ <1, 0, 0>, <1, 0, 3>, <1, 0, 4>, <1, 0, 15>, <1, 1, 6>, <1, 1, 17>, <1, 2, 8>, <1, 2, 15>, <1, 2, 18>, <1, 2, 19>, <1, 3, 10>, <1, 3, 21>, <1, 4, 1>, <1, 4, 8>, <1, 4, 11>, <1, 4, 12>, <1, 5, 3>, <1, 5, 14>, <1, 6, 1>, <1, 6, 4>, <1, 6, 5>, <1, 6, 16>, <1, 7, 7>, <1, 7, 18>, <1, 8, 9>, <1, 8, 16>, <1, 8, 19>, <1, 8, 20>, <1, 9, 0>, <1, 9, 11>, <1, 10, 2>, <1, 10, 9>, <1, 10, 12>, <1, 10, 13>, <1, 11, 4>, <1, 11, 15>, <1, 12, 2>, <1, 12, 5>, <1, 12, 6>, <1, 12, 17>, <1, 13, 8>, <1, 13, 19>, <1, 14, 10>, <1, 14, 17>, <1, 14, 20>, <1, 14, 21>, <1, 15, 1>, <1, 15, 12>, <1, 16, 3>, <1, 16, 10>, <1, 16, 13>, <1, 16, 14>, <1, 17, 5>, <1, 17, 16>, <1, 18, 3>, <1, 18, 6>, <1, 18, 7>, <1, 18, 18>, <1, 19, 9>, <1, 19, 20>, <1, 20, 0>, <1, 20, 11>, <1, 20, 18>, <1, 20, 21>, <1, 21, 2>, <1, 21, 13>, <1, 22, 4>, <1, 22, 11>, <1, 22, 14>, <1, 22, 15>, <1, 23, 6>, <1, 23, 17>, <1, 24, 4>, <1, 24, 7>, <1, 24, 8>, <1, 24, 19>, <1, 25, 10>, <1, 25, 21>, <1, 26, 0>, <1, 26, 1>, <1, 26, 12>, <1, 26, 19>, <1, 27, 3>, <1, 27, 14>, <1, 28, 5>, <1, 28, 12>, <1, 28, 15>, <1, 28, 16>, <1, 29, 7>, <1, 29, 18>, <1, 30, 5>, <1, 30, 8>, <1, 30, 9>, <1, 30, 20>, <1, 31, 0>, <1, 31, 11>, <1, 32, 1>, <1, 32, 2>, <1, 32, 13>, <1, 32, 20>, <1, 33, 4>, <1, 33, 15>, <1, 34, 6>, <1, 34, 13>, <1, 34, 16>, <1, 34, 17>, <1, 35, 8>, <1, 35, 19>, <1, 36, 6>, <1, 36, 9>, <1, 36, 10>, <1, 36, 21>, <1, 37, 1>, <1, 37, 12>, <1, 38, 2>, <1, 38, 3>, <1, 38, 14>, <1, 38, 21>, <1, 39, 5>, <1, 39, 16>, <1, 40, 7>, <1, 40, 14>, <1, 40, 17>, <1, 40, 18>, <1, 41, 9>, <1, 41, 20>, <1, 42, 0>, <1, 42, 7>, <1, 42, 10>, <1, 42, 11>, <1, 43, 2>, <1, 43, 13>, <2, 0, 4>, <2, 0, 11>, <2, 0, 14>, <2, 0, 15>, <2, 1, 6>, <2, 1, 17>, <2, 2, 4>, <2, 2, 7>, <2, 2, 8>, <2, 2, 19>, <2, 3, 10>, <2, 3, 21>, <2, 4, 0>, <2, 4, 1>, <2, 4, 12>, <2, 4, 19>, <2, 5, 3>, <2, 5, 14>, <2, 6, 5>, <2, 6, 12>, <2, 6, 15>, <2, 6, 16>, <2, 7, 7>, <2, 7, 18>, <2, 8, 5>, <2, 8, 8>, <2, 8, 9>, <2, 8, 20>, <2, 9, 0>, <2, 9, 11>, <2, 10, 1>, <2, 10, 2>, <2, 10, 13>, <2, 10, 20>, <2, 11, 4>, <2, 11, 15>, <2, 12, 6>, <2, 12, 13>, <2, 12, 16>, <2, 12, 17>, <2, 13, 8>, <2, 13, 19>, <2, 14, 6>, <2, 14, 9>, <2, 14, 10>, <2, 14, 21>, <2, 15, 1>, <2, 15, 12>, <2, 16, 2>, <2, 16, 3>, <2, 16, 14>, <2, 16, 21>, <2, 17, 5>, <2, 17, 16>, <2, 18, 7>, <2, 18, 14>, <2, 18, 17>, <2, 18, 18>, <2, 19, 9>, <2, 19, 20>, <2, 20, 0>, <2, 20, 7>, <2, 20, 10>, <2, 20, 11>, <2, 21, 2>, <2, 21, 13>, <2, 22, 0>, <2, 22, 3>, <2, 22, 4>, <2, 22, 15>, <2, 23, 6>, <2, 23, 17>, <2, 24, 8>, <2, 24, 15>, <2, 24, 18>, <2, 24, 19>, <2, 25, 10>, <2, 25, 21>, <2, 26, 1>, <2, 26, 8>, <2, 26, 11>, <2, 26, 12>, <2, 27, 3>, <2, 27, 14>, <2, 28, 1>, <2, 28, 4>, <2, 28, 5>, <2, 28, 16>, <2, 29, 7>, <2, 29, 18>, <2, 30, 9>, <2, 30, 16>, <2, 30, 19>, <2, 30, 20>, <2, 31, 0>, <2, 31, 11>, <2, 32, 2>, <2, 32, 9>, <2, 32, 12>, <2, 32, 13>, <2, 33, 4>, <2, 33, 15>, <2, 34, 2>, <2, 34, 5>, <2, 34, 6>, <2, 34, 17>, <2, 35, 8>, <2, 35, 19>, <2, 36, 10>, <2, 36, 17>, <2, 36, 20>, <2, 36, 21>, <2, 37, 1>, <2, 37, 12>, <2, 38, 3>, <2, 38, 10>, <2, 38, 13>, <2, 38, 14>, <2, 39, 5>, <2, 39, 16>, <2, 40, 3>, <2, 40, 6>, <2, 40, 7>, <2, 40, 18>, <2, 41, 9>, <2, 41, 20>, <2, 42, 0>, <2, 42, 11>, <2, 42, 18>, <2, 42, 21>, <2, 43, 2>, <2, 43, 13> ]
open_3 []
P8_PRIME_PROFILE p 43 orders 20 10 total 400 third_fail 200 open_no3 0 open_3 0 boundary 200 allowed 200
P8_PRIORITY_CLASSES p 43 boundary [ <1, 0, 0>, <1, 0, 1>, <1, 0, 2>, <1, 0, 3>, <1, 0, 4>, <1, 0, 5>, <1, 0, 6>, <1, 0, 7>, <1, 0, 8>, <1, 0, 9>, <1, 2, 0>, <1, 2, 1>, <1, 2, 2>, <1, 2, 3>, <1, 2, 4>, <1, 2, 5>, <1, 2, 6>, <1, 2, 7>, <1, 2, 8>, <1, 2, 9>, <1, 4, 0>, <1, 4, 1>, <1, 4, 2>, <1, 4, 3>, <1, 4, 4>, <1, 4, 5>, <1, 4, 6>, <1, 4, 7>, <1, 4, 8>, <1, 4, 9>, <1, 6, 0>, <1, 6, 1>, <1, 6, 2>, <1, 6, 3>, <1, 6, 4>, <1, 6, 5>, <1, 6, 6>, <1, 6, 7>, <1, 6, 8>, <1, 6, 9>, <1, 8, 0>, <1, 8, 1>, <1, 8, 2>, <1, 8, 3>, <1, 8, 4>, <1, 8, 5>, <1, 8, 6>, <1, 8, 7>, <1, 8, 8>, <1, 8, 9>, <1, 10, 0>, <1, 10, 1>, <1, 10, 2>, <1, 10, 3>, <1, 10, 4>, <1, 10, 5>, <1, 10, 6>, <1, 10, 7>, <1, 10, 8>, <1, 10, 9>, <1, 12, 0>, <1, 12, 1>, <1, 12, 2>, <1, 12, 3>, <1, 12, 4>, <1, 12, 5>, <1, 12, 6>, <1, 12, 7>, <1, 12, 8>, <1, 12, 9>, <1, 14, 0>, <1, 14, 1>, <1, 14, 2>, <1, 14, 3>, <1, 14, 4>, <1, 14, 5>, <1, 14, 6>, <1, 14, 7>, <1, 14, 8>, <1, 14, 9>, <1, 16, 0>, <1, 16, 1>, <1, 16, 2>, <1, 16, 3>, <1, 16, 4>, <1, 16, 5>, <1, 16, 6>, <1, 16, 7>, <1, 16, 8>, <1, 16, 9>, <1, 18, 0>, <1, 18, 1>, <1, 18, 2>, <1, 18, 3>, <1, 18, 4>, <1, 18, 5>, <1, 18, 6>, <1, 18, 7>, <1, 18, 8>, <1, 18, 9>, <2, 0, 0>, <2, 0, 1>, <2, 0, 2>, <2, 0, 3>, <2, 0, 4>, <2, 0, 5>, <2, 0, 6>, <2, 0, 7>, <2, 0, 8>, <2, 0, 9>, <2, 2, 0>, <2, 2, 1>, <2, 2, 2>, <2, 2, 3>, <2, 2, 4>, <2, 2, 5>, <2, 2, 6>, <2, 2, 7>, <2, 2, 8>, <2, 2, 9>, <2, 4, 0>, <2, 4, 1>, <2, 4, 2>, <2, 4, 3>, <2, 4, 4>, <2, 4, 5>, <2, 4, 6>, <2, 4, 7>, <2, 4, 8>, <2, 4, 9>, <2, 6, 0>, <2, 6, 1>, <2, 6, 2>, <2, 6, 3>, <2, 6, 4>, <2, 6, 5>, <2, 6, 6>, <2, 6, 7>, <2, 6, 8>, <2, 6, 9>, <2, 8, 0>, <2, 8, 1>, <2, 8, 2>, <2, 8, 3>, <2, 8, 4>, <2, 8, 5>, <2, 8, 6>, <2, 8, 7>, <2, 8, 8>, <2, 8, 9>, <2, 10, 0>, <2, 10, 1>, <2, 10, 2>, <2, 10, 3>, <2, 10, 4>, <2, 10, 5>, <2, 10, 6>, <2, 10, 7>, <2, 10, 8>, <2, 10, 9>, <2, 12, 0>, <2, 12, 1>, <2, 12, 2>, <2, 12, 3>, <2, 12, 4>, <2, 12, 5>, <2, 12, 6>, <2, 12, 7>, <2, 12, 8>, <2, 12, 9>, <2, 14, 0>, <2, 14, 1>, <2, 14, 2>, <2, 14, 3>, <2, 14, 4>, <2, 14, 5>, <2, 14, 6>, <2, 14, 7>, <2, 14, 8>, <2, 14, 9>, <2, 16, 0>, <2, 16, 1>, <2, 16, 2>, <2, 16, 3>, <2, 16, 4>, <2, 16, 5>, <2, 16, 6>, <2, 16, 7>, <2, 16, 8>, <2, 16, 9>, <2, 18, 0>, <2, 18, 1>, <2, 18, 2>, <2, 18, 3>, <2, 18, 4>, <2, 18, 5>, <2, 18, 6>, <2, 18, 7>, <2, 18, 8>, <2, 18, 9> ]
open_3 []
P8_PRIME_PROFILE p 47 orders 20 2 total 80 third_fail 22 open_no3 46 open_3 0 boundary 12 allowed 12
P8_PRIORITY_CLASSES p 47 boundary [ <1, 0, 0>, <1, 6, 0>, <1, 6, 1>, <1, 8, 0>, <1, 16, 0>, <1, 16, 1>, <2, 6, 0>, <2, 6, 1>, <2, 10, 1>, <2, 16, 0>, <2, 16, 1>, <2, 18, 1> ]
open_3 []
P8_PRIME_PROFILE p 53 orders 52 26 total 2704 third_fail 1300 open_no3 988 open_3 208 boundary 208 allowed 416
P8_PRIME_PROFILE p 59 orders 17 17 total 578 third_fail 272 open_no3 0 open_3 238 boundary 68 allowed 306
P8_PRIME_PROFILE p 61 orders 13 26 total 676 third_fail 104 open_no3 390 open_3 78 boundary 104 allowed 182
P8_PRIME_PROFILE p 67 orders 38 19 total 1444 third_fail 608 open_no3 418 open_3 114 boundary 304 allowed 418
P8_PRIME_PROFILE p 71 orders 36 6 total 432 third_fail 168 open_no3 120 open_3 132 boundary 12 allowed 144
P8_PRIME_PROFILE p 73 orders 76 38 total 5776 third_fail 2964 open_no3 1520 open_3 836 boundary 456 allowed 1292
P8_PRIME_PROFILE p 79 orders 6 12 total 144 third_fail 48 open_no3 72 open_3 0 boundary 24 allowed 24
P8_PRIME_PROFILE p 83 orders 44 22 total 1936 third_fail 792 open_no3 660 open_3 308 boundary 176 allowed 484
P8_PRIME_PROFILE p 89 orders 21 3 total 126 third_fail 57 open_no3 57 open_3 0 boundary 12 allowed 12
P8_PRIME_PROFILE p 97 orders 4 6 total 48 third_fail 8 open_no3 0 open_3 8 boundary 32 allowed 40
P8_CRT_STEP p 41 classes 264
P8_CRT_STEP p 43 classes 4400
P8_CRT_STEP p 47 classes 1320
P8_CRT_CLASSES count 1320
P8_EXACT_CLASS m 0 n 0 ti 1 t 1 tuple [ 528, -726, -891, 50 ]
three false gcd 64
P8_RANK2_MWSIEVE_DONE tested 321602 modular_survivors 2 exact_full 1 height_skip 0 three_hits 0
