P8_RANK2_MWSIEVE_START family O5 quotient <1, 2> N 10000 primes [ 11, 13, 17, 19, 29, 37, 41, 43, 47, 53, 59, 61, 71, 73, 79, 83, 89, 97 ]
E Elliptic Curve defined by y^2 = x^3 - 29100*x + 1910000 over Rational Field
rank_bounds 2 2 generators [ (100 : 0 : 1), (85 : 225 : 1), (110 : 200 : 1) ]
known_t 5/3
P8_PRIME_PROFILE p 11 orders 16 16 total 512 third_fail 256 open_no3 0 open_3 0 boundary 256 allowed 256
P8_PRIORITY_CLASSES p 11 boundary_count 256 open_3_count 0 full_list_in results/target_22224_O5_rank2_residue_classes.tsv
P8_PRIME_PROFILE p 13 orders 16 8 total 256 third_fail 160 open_no3 0 open_3 0 boundary 96 allowed 96
P8_PRIORITY_CLASSES p 13 boundary [ <2, 6, 0>, <2, 2, 6>, <1, 0, 3>, <2, 4, 7>, <2, 10, 6>, <1, 4, 3>, <1, 8, 3>, <1, 0, 2>, <1, 10, 2>, <2, 6, 4>, <2, 10, 2>, <1, 6, 7>, <2, 2, 0>, <2, 6, 2>, <2, 4, 1>, <1, 6, 4>, <1, 2, 0>, <1, 14, 6>, <1, 0, 5>, <1, 14, 2>, <2, 12, 7>, <1, 12, 7>, <2, 14, 7>, <1, 2, 4>, <1, 12, 6>, <2, 4, 5>, <2, 0, 3>, <1, 4, 2>, <1, 0, 0>, <1, 8, 7>, <2, 12, 5>, <1, 10, 3>, <2, 14, 0>, <1, 8, 6>, <2, 2, 3>, <1, 4, 7>, <1, 10, 1>, <2, 0, 7>, <1, 4, 4>, <2, 2, 1>, <1, 0, 7>, <1, 4, 1>, <2, 10, 4>, <2, 6, 5>, <1, 8, 4>, <1, 6, 0>, <2, 8, 0>, <1, 6, 1>, <2, 4, 6>, <2, 0, 6>, <2, 10, 5>, <2, 2, 4>, <1, 6, 6>, <2, 10, 0>, <2, 0, 4>, <2, 14, 4>, <2, 12, 2>, <2, 10, 7>, <1, 12, 1>, <1, 10, 4>, <1, 12, 3>, <2, 8, 7>, <1, 8, 1>, <1, 14, 4>, <1, 2, 6>, <1, 2, 2>, <1, 4, 5>, <1, 14, 0>, <1, 0, 1>, <2, 8, 2>, <1, 10, 6>, <2, 8, 3>, <1, 2, 7>, <1, 14, 3>, <1, 14, 5>, <1, 6, 2>, <2, 14, 2>, <2, 8, 5>, <2, 2, 2>, <1, 2, 5>, <2, 14, 6>, <2, 0, 1>, <2, 12, 4>, <2, 12, 3>, <2, 4, 0>, <2, 12, 1>, <1, 12, 0>, <1, 12, 5>, <1, 8, 5>, <2, 0, 5>, <1, 10, 0>, <2, 6, 6>, <2, 14, 1>, <2, 6, 3>, <2, 8, 1>, <2, 4, 3> ]
open_3 []
P8_PRIME_PROFILE p 17 orders 12 8 total 192 third_fail 112 open_no3 48 open_3 0 boundary 32 allowed 32
P8_PRIORITY_CLASSES p 17 boundary [ <2, 3, 2>, <1, 6, 1>, <2, 6, 2>, <2, 0, 6>, <1, 9, 4>, <1, 3, 3>, <2, 6, 1>, <2, 6, 0>, <2, 9, 3>, <1, 0, 0>, <1, 3, 7>, <1, 3, 0>, <2, 9, 6>, <1, 0, 2>, <1, 6, 5>, <1, 3, 6>, <1, 6, 4>, <2, 0, 5>, <1, 0, 5>, <1, 6, 6>, <1, 0, 1>, <1, 9, 3>, <2, 9, 7>, <2, 3, 7>, <2, 0, 1>, <1, 9, 2>, <2, 3, 4>, <2, 6, 5>, <2, 9, 0>, <1, 9, 7>, <2, 0, 4>, <2, 3, 3> ]
open_3 []
P8_PRIME_PROFILE p 19 orders 6 12 total 144 third_fail 42 open_no3 0 open_3 24 boundary 78 allowed 102
P8_PRIME_PROFILE p 29 orders 14 14 total 392 third_fail 98 open_no3 56 open_3 98 boundary 140 allowed 238
P8_PRIME_PROFILE p 37 orders 8 10 total 160 third_fail 64 open_no3 48 open_3 24 boundary 24 allowed 48
P8_PRIME_PROFILE p 41 orders 44 22 total 1936 third_fail 748 open_no3 352 open_3 660 boundary 176 allowed 836
P8_PRIME_PROFILE p 43 orders 8 6 total 96 third_fail 40 open_no3 28 open_3 16 boundary 12 allowed 28
P8_PRIME_PROFILE p 47 orders 14 28 total 784 third_fail 434 open_no3 154 open_3 56 boundary 140 allowed 196
P8_PRIME_PROFILE p 53 orders 4 16 total 128 third_fail 76 open_no3 0 open_3 28 boundary 24 allowed 52
P8_PRIME_PROFILE p 59 orders 56 56 total 6272 third_fail 3696 open_no3 896 open_3 1232 boundary 448 allowed 1680
P8_PRIME_PROFILE p 61 orders 17 68 total 2312 third_fail 782 open_no3 1054 open_3 136 boundary 340 allowed 476
P8_PRIME_PROFILE p 71 orders 44 44 total 3872 third_fail 2112 open_no3 880 open_3 484 boundary 396 allowed 880
P8_PRIME_PROFILE p 73 orders 34 34 total 2312 third_fail 680 open_no3 884 open_3 272 boundary 476 allowed 748
P8_PRIME_PROFILE p 79 orders 42 14 total 1176 third_fail 420 open_no3 420 open_3 0 boundary 336 allowed 336
P8_PRIME_PROFILE p 83 orders 6 36 total 432 third_fail 72 open_no3 144 open_3 120 boundary 96 allowed 216
P8_PRIME_PROFILE p 89 orders 100 10 total 2000 third_fail 860 open_no3 700 open_3 320 boundary 120 allowed 440
P8_PRIME_PROFILE p 97 orders 14 42 total 1176 third_fail 602 open_no3 266 open_3 168 boundary 140 allowed 308
P8_CRT_STEP p 11 classes 256
P8_CRT_STEP p 13 classes 96
P8_CRT_STEP p 17 classes 44
P8_CRT_CLASSES count 44
[ <1, 42, 48, 1, 16>, <1, 36, 48, 5, 16>, <1, 36, 48, 10, 16>, <1, 18, 48, 5, 16>, <1, 12, 48, 13, 16>, <1, 30, 48, 12, 16>, <1, 6, 48, 4, 16>, <1, 0, 48, 9, 16>, <1, 6, 48, 1, 16>, <1, 36, 48, 13, 16>, <1, 30, 48, 6, 16>, <1, 0, 48, 1, 16>, <1, 42, 48, 9, 16>, <1, 24, 48, 9, 16>, <1, 0, 48, 0, 16>, <1, 12, 48, 5, 16>, <1, 6, 48, 14, 16>, <1, 24, 48, 1, 16>, <1, 30, 48, 5, 16>, <1, 6, 48, 9, 16>, <1, 18, 48, 13, 16>, <1, 30, 48, 13, 16>, <2, 18, 48, 1, 16>, <2, 42, 48, 13, 16>, <2, 0, 48, 9, 16>, <2, 42, 48, 5, 16>, <2, 18, 48, 9, 16>, <2, 0, 48, 14, 16>, <2, 12, 48, 5, 16>, <2, 24, 48, 1, 16>, <2, 0, 48, 1, 16>, <2, 30, 48, 9, 16>, <2, 18, 48, 2, 16>, <2, 36, 48, 5, 16>, <2, 12, 48, 4, 16>, <2, 42, 48, 10, 16>, <2, 24, 48, 9, 16>, <2, 18, 48, 8, 16>, <2, 6, 48, 13, 16>, <2, 36, 48, 13, 16>, <2, 30, 48, 1, 16>, <2, 12, 48, 13, 16>, <2, 6, 48, 5, 16>, <2, 42, 48, 0, 16> ]
P8_EXACT_CLASS m 0 n 0 ti 1 t 1 tuple [ 45, 30, -48, -50 ]
three false gcd 128
P8_RANK2_MWSIEVE_DONE box_total 800080002 periodic_enumerated 22915834 modular_survivors 68 deferred_large_index 64 exact_full 1 height_skip 0 three_hits 0 crt_file results/target_22224_O5_rank2_periodic_lattice.tsv modular_file results/target_22224_O5_rank2_modular_N10000.tsv
