TARGET_22224_ORDER12_HALVING_START
CONFIG height 20 PrimeList [ 29, 31, 37, 41 ]
run_search false run_finite false write_equations true
GLOBAL_COVER_VARIABLES [ a, b, c, d, u, t, v, mc, nc, A0, B0, M, N, s4, s3, s2, s1, s0 ]
GLOBAL_COVER_EQUATION_COUNTS contact 4 crt 2 D12_identity 6 halving_identity 7 square_quartic 2
GLOBAL_COVER_TOTAL_DEGREES contact [ 8, 6, 4, 2 ]
crt [ 7, 5 ]
D12 [ 9, 9, 8, 7, 6, 4 ]
half [ 6, 8, 6, 5, 4, 3, 2 ]
E [ 3, 4 ]
GLOBAL_COVER_OPEN mc*det(q,g4)*s4*disc(f) != 0 (det is the CRT determinant)
GLOBAL_COVER_EQUATIONS_WRITTEN results/target_22224_global_cover_equations.txt
RECORD_ROOTS [ -75593/145, -519, -39, -299/12, 59, 123109/1740 ]
RECORD_MOBIUS zero -519 infinity -39 zbase 169/34969 finite_images [ -1, -207331201/28561, -10106041/8281, -35884103761/32273761 ]
negative_square_parameters [ 1, 14399/169, 3179/91, 189431/5681 ]
RECORD_INTERMEDIATE_ISOMORPHIC true Mapping from: Hyperelliptic Curve defined by y^2 = 3027600*x^6 + 2950382280*x^5 + 602288814361*x^4 - 63417934304484*x^3 - 2122595910966478*x^2 + 128056619498204124*x + 3322970988364151397 over Rational Field to Hyperelliptic Curve defined by y^2 = x^5 + 2563681248214564/267259014841*x^4 + 826412141735181456774/45166773508129*x^3 + 75327467568656417567397604/7633184722873801*x^2 + 1534446472048369743561049/155779280058649*x over Rational Field
with equations : 
-1/519*$.1 - $.3
12800/1661583818638821*$.2
169/18148911*$.1 + 2197/6049637*$.3
and inverse
2197/6049637*$.1 + $.3
4724866793920/56983253894064333*$.2
-169/18148911*$.1 - 1/519*$.3
RECORD_INTERMEDIATE_CONTACT q x^2 + 69938/169*x + 1222830961/28561
vmod 772392474480/12481157*x - 128250511189680/33787663
a3 1183/209760 n 22289207089/248146080 H 1183/209760*x^3 + 7622787889/82715360*x^2 + 1388075847610441/13978895840*x + 299328231126463/5990955360
identity true
RECORD_DIRECT_COORDINATES a 1183/209760 b 100793/209760 c 41327/209760 d 17238221/91665120 u 289578289/21999628800 t 289578289/43999257600 v 11494656094062061921/645311556450385920000
RECORD_DIRECT_IDENTITIES contact true q_square true D12_u X^2 + 7685474011061/240345944640000*X + 24629228967374764733/21150086262661398528000000
D12_v 2493860486376464821/1147465617548904000000*X + 15693572293408428464514469/50487635293677307693670400000000
RECORD_DIRECT_ISOMORPHIC true Mapping from: Hyperelliptic Curve defined by y^2 = 3027600*x^6 + 2950382280*x^5 + 602288814361*x^4 - 63417934304484*x^3 - 2122595910966478*x^2 + 128056619498204124*x + 3322970988364151397 over Rational Field to Hyperelliptic Curve defined by y^2 = x^5 + 640920312053641/2100623556153600*x^4 + 1140586490951506273924249/61617251311886874378240000*x^3 + 1291394537687344664271001391448361/4066669969613472791740532391936000000*x^2 + 7215773319708987077580712203488637705529/715721838268829447177531348295744906854400000000*x over Rational Field
with equations : 
-1/519*$.1 - $.3
2048000/1499354429786213*$.2
14666419200/50097043997*$.1 + 43999257600/3853618769*$.3
and inverse
43999257600/3853618769*$.1 + $.3
6309606534337215936331776000000/434180490382062196329557*$.2
-14666419200/50097043997*$.1 - 1/519*$.3
RECORD_MARKED_ORDERS 3 4 12 cantor_match true
RECORD_QSQUARE_SLICE s 17017/209760 A 13/187 B 77/13 C 17/7 rho 104880/17017 sigma 243120/17017 ABC 1 Rcheck true Scheck true
RECORD_HALVING_EQUATIONS E1_degrees [ 6, 6, 2 ]
E0_degrees [ 8, 8, 2 ]
s4 M^2
gcd 1
RECORD_HALVING_MOD 29 good_prime_for_equations true saturated_points 8 boundary_points 0
RECORD_HALVING_MOD 31 good_prime_for_equations true saturated_points 0 boundary_points 0
RECORD_HALVING_MOD 37 good_prime_for_equations true saturated_points 0 boundary_points 0
RECORD_HALVING_MOD 41 good_prime_for_equations true saturated_points 0 boundary_points 0
RECORD_HALVING_RESULTANT degree 24 boundary_factors [ <1, 8> ]
saturated_factor_degrees [ <16, 1> ]
saturated_degree 16
RECORD_EXACT_INTEGRAL scale 715721838268829447177531348295744906854400000000 torsion [ 2, 2, 2, 12 ]
D12_order 12 D12_divisible_by_2 false
TARGET_22224_ORDER12_HALVING_DONE
