TARGET_2248_TOR2244_ROWS101_500
CONFIG bank_file paper/scripts_and_data/tor2244.txt bank_rows 26653 first 101 last 101 reduction_prime_count 2
BASE row 101 tuple [ 38148, 56100, 60775, 63580 ]
base_index 1 richelot_count 15
SOURCE_CANDIDATE row 101 tuple [ 38148, 56100, 60775, 63580 ]
edge 2 candidate_index 1 factor_degrees [ 1, 1, 1, 1, 2 ]
reduction_gcd 64 reduction_rows [ <29, 1024, 10>, <31, 960, 6> ]
torsion [ 2, 2, 4 ]
order 16 f -14993734377944642172077610000*x^6 - 107961152517417681918770729056200000000*x^5 + 74004505247527195018418779227344229204900000000*x^4 + 1953829024622049313798718543299151657583967458000000000000*x^3 + 2546107807734977913172675577780801683651478827769414400000000000000*x^2 - 7382913238276125503552926086441041488097878029315622980552000000000000000000*x - 13495411681075886711081982416557740762131313696736760136725514600000000000000000000000
h 0
SOURCE_CANDIDATE row 101 tuple [ 38148, 56100, 60775, 63580 ]
edge 3 candidate_index 2 factor_degrees [ 1, 1, 1, 1, 2 ]
reduction_gcd 512 reduction_rows [ <29, 1024, 10>, <37, 1536, 9> ]
torsion [ 2, 2, 4 ]
order 16 f -7711857068803732821747632400*x^6 - 65934924412173993139200233140710720000*x^5 - 863266619119517583315301114793534634910560000*x^4 + 1154345386772148472588321069204264109190480140514432000000*x^3 + 1851477718049454466345385918622037619145993664598898462720000000000*x^2 - 4508953590772750754778940942365626041377080366885089976795251200000000000000*x - 9291963140917285834033018259239263310172469702577290257294646860352000000000000000000
h 0
SOURCE_CANDIDATE row 101 tuple [ 38148, 56100, 60775, 63580 ]
edge 4 candidate_index 3 factor_degrees [ 1, 1, 1, 1, 2 ]
reduction_gcd 192 reduction_rows [ <31, 960, 6>, <37, 1536, 9> ]
torsion [ 2, 2, 4 ]
order 16 f -37871970366451731924640160000*x^6 - 466911577965500958607649918138178560000*x^5 - 2177634110052488580400728830979146166169354240000*x^4 - 4668840177400534297899011477008114352053890658336768000000*x^3 - 3650559653290519806530277533666532865660698422350594867200000000000*x^2 + 3122331816022567358910019215972818196044495327152079592957542400000000000000*x + 6524306409435780854227133017401367360323659251443853384783768190976000000000000000000
h 0
SOURCE_CANDIDATE row 101 tuple [ 38148, 56100, 60775, 63580 ]
edge 7 candidate_index 4 factor_degrees [ 1, 1, 1, 1, 2 ]
reduction_gcd 64 reduction_rows [ <29, 1024, 10>, <31, 960, 6> ]
torsion [ 2, 2, 4 ]
order 16 f 30372175680885365544511360000*x^6 + 526756571442222724398795451302400000000*x^5 + 3551401618662411394172968565414400286822400000000*x^4 + 11740843903735475213941195186183960548739985408000000000000*x^3 + 19664998870400684995428702824414973673765039153720934400000000000000*x^2 + 15484123320573125469259913469381077700436089336920327528448000000000000000000*x + 4531328495677313348636795107278435771412991745124716615925063680000000000000000000000
h 0
SOURCE_CANDIDATE row 101 tuple [ 38148, 56100, 60775, 63580 ]
edge 12 candidate_index 5 factor_degrees [ 1, 1, 1, 1, 2 ]
reduction_gcd 512 reduction_rows [ <29, 1024, 10>, <37, 1536, 9> ]
torsion [ 2, 2, 4 ]
order 16 f -1406537371498627107740000000*x^6 - 43785274170823452710679716150000000000*x^5 - 501600691421990651294488772192120248750000000000*x^4 - 2855714120140478773849604885919429950907231250000000000000*x^3 - 8717886945151408943138106809615715408388387671907500000000000000000*x^2 - 13660437685236290670832140849980437478740158804694571775000000000000000000000*x - 8622353048233396533974439944876253004308529950896853185076510000000000000000000000000
h 0
SOURCE_CANDIDATE row 101 tuple [ 38148, 56100, 60775, 63580 ]
edge 15 candidate_index 6 factor_degrees [ 1, 1, 1, 1, 2 ]
reduction_gcd 192 reduction_rows [ <31, 960, 6>, <37, 1536, 9> ]
torsion [ 2, 2, 4 ]
order 16 f -823418716005492987347567600*x^6 - 21613176616772216522977661643186560000*x^5 - 227179955034358684046643294896792753873630560000*x^4 - 1223332071111188785261152189208683524668253371370368000000*x^3 - 3560797817449477887552560146048750738146551284429664563200000000000*x^2 - 5325790106083864412123756441952999490752619777838841283904217600000000000000*x - 3209450587521564788894596333364143466286511515284879502499673730624000000000000000000
h 0
REVERSE_SUMMARY requested_first 101 requested_last 101 rows_seen 1 rows_completed 1 base_unique 1 base_duplicates 0 base_errors 0 edges 15 jacobians 15 one_split 6 gate_pass_raw 6 candidate_duplicates 0 unique_exact_tests 6 exact_248 0 cert_tests 0 simple_248 0 source_duplicates 0 accepted_unique_simple_sources 0
FORWARD_SUMMARY sources 0 edges 0 jacobians 0 full_weierstrass 0 gate_pass 0 exact_tests 0 errors 0 neighbor_duplicates 0 unique_neighbors 0 target_hits 0
TARGET_2248_TOR2244_ROWS101_500_DONE
