TARGET_22224_FULL_FAMILY_HALVING_START mode finite PrimeList [ 7, 11, 13, 17 ]
FULL_FAMILY_FINITE p 7 contact_keys 390 raw_contact_parameters 912 projective_bases 400 cover_bases 13 open_cover_bases 0 open_curvekeys 0 target_bases 0 target_curvekeys 0 mask_file results/target_22224_full_family_halving_finite_p7.tsv
FULL_FAMILY_FINITE_SAMPLES 7 []
FULL_FAMILY_FINITE p 11 contact_keys 3445 raw_contact_parameters 8060 projective_bases 1464 cover_bases 68 open_cover_bases 24 open_curvekeys 4 target_bases 24 target_curvekeys 4 mask_file results/target_22224_full_family_halving_finite_p11.tsv
FULL_FAMILY_FINITE_SAMPLES 11 [
<[ 1, 2, 5, 7 ], <2, 4, 8, 5>, <3, 5, 10>>,
<[ 1, 2, 7, 5 ], <2, 4, 8, 5>, <3, 5, 10>>,
<[ 1, 5, 2, 7 ], <2, 4, 8, 5>, <3, 5, 10>>,
<[ 1, 5, 7, 2 ], <2, 4, 8, 5>, <3, 5, 10>>,
<[ 1, 5, 7, 8 ], <7, 5, 2, 3>, <2, 1, 2>>,
<[ 1, 5, 8, 7 ], <7, 5, 2, 3>, <2, 1, 2>>,
<[ 1, 6, 8, 9 ], <6, 3, 7, 9>, <4, 4, 8>>,
<[ 1, 6, 9, 8 ], <6, 3, 7, 9>, <4, 4, 8>>
]
FULL_FAMILY_FINITE p 13 contact_keys 6582 raw_contact_parameters 15600 projective_bases 2380 cover_bases 104 open_cover_bases 48 open_curvekeys 6 target_bases 0 target_curvekeys 0 mask_file results/target_22224_full_family_halving_finite_p13.tsv
FULL_FAMILY_FINITE_SAMPLES 13 []
FULL_FAMILY_FINITE p 17 contact_keys 22262 raw_contact_parameters 52416 projective_bases 5220 cover_bases 267 open_cover_bases 168 open_curvekeys 18 target_bases 48 target_curvekeys 4 mask_file results/target_22224_full_family_halving_finite_p17.tsv
FULL_FAMILY_FINITE_SAMPLES 17 [
<[ 1, 3, 8, 12 ], <14, 0, 5, 1>, <2, 1, 13>>,
<[ 1, 3, 11, 13 ], <11, 0, 6, 16>, <5, 2, 9>>,
<[ 1, 3, 12, 8 ], <14, 0, 5, 1>, <2, 1, 13>>,
<[ 1, 3, 13, 11 ], <11, 0, 6, 16>, <5, 2, 9>>,
<[ 1, 4, 6, 14 ], <11, 0, 6, 16>, <5, 2, 9>>,
<[ 1, 4, 10, 12 ], <6, 0, 11, 16>, <3, 15, 8>>,
<[ 1, 4, 12, 10 ], <6, 0, 11, 16>, <3, 15, 8>>,
<[ 1, 4, 14, 6 ], <11, 0, 6, 16>, <5, 2, 9>>
]
TARGET_22224_FULL_FAMILY_HALVING_DONE
