B10000_A1524_NEWFIBER_RANKS_START fibers 2
FIBER_START V1 fixed [ -18, 20, 75 ]
d0 -1470/121 t1 11/49
QUOTIENT V1 <1, 2> rank_bounds 2 2 torsion [ 2 ]
minimal Elliptic Curve defined by y^2 = x^3 + x^2 + 35967*x + 252063 over Rational Field
QUOTIENT V1 <1, 3> rank_bounds 2 2 torsion [ 2 ]
minimal Elliptic Curve defined by y^2 = x^3 + 6233748*x + 12012468496 over Rational Field
QUOTIENT V1 <2, 3> rank_bounds 2 2 torsion [ 2 ]
minimal Elliptic Curve defined by y^2 = x^3 - 29268075*x + 58611869750 over Rational Field
FIBER_DONE V1
FIBER_START V2 fixed [ -9, 14, 49 ]
d0 -2023/162 t1 3/17
QUOTIENT V2 <1, 2> rank_bounds 2 2 torsion [ 2 ]
minimal Elliptic Curve defined by y^2 = x^3 - x^2 + 2428767*x + 578606337 over Rational Field
QUOTIENT V2 <1, 3> rank_bounds 2 2 torsion [ 2 ]
minimal Elliptic Curve defined by y^2 = x^3 + x^2 + 7692*x + 811638 over Rational Field
QUOTIENT V2 <2, 3> rank_bounds 2 2 torsion [ 2 ]
minimal Elliptic Curve defined by y^2 = x^3 - 16268*x + 773808 over Rational Field
FIBER_DONE V2
B10000_A1524_NEWFIBER_RANKS_DONE
