Z35 central b=0,r=1 deep lift
max_k 10 direct_depth 6 max_store 2500000 recon_height 1000 use_compressed 0 sample_parent_limit 1000
local convention: H=0 mod 3^k; original G_i=0 mod 3^(k+1)
central directions [ 1, 1, 1, 0, 1, 0 ]
[ 1, 1, 1, 2, 1, 0 ]
CENTER 1 dir [ 1, 1, 1, 0, 1, 0 ]
chart_scales [ 1, 1, 1, 1, 1 ]
 jacobian_mod3_rank 3
 left_obstruction_rows_on_scaled_residuals [
[ 1, 0, 2, 1, 0 ],
[ 0, 1, 2, 0, 1 ]
]
 homogeneous_correction_kernel_rows [
[ 1, 0, 0, 2, 2, 2 ],
[ 0, 1, 0, 1, 0, 0 ],
[ 0, 0, 1, 1, 1, 1 ]
]
 correction_coset_formula every nonempty next-digit set is d0 + span(kernel_rows) over F3
 initial_branch_next_digit_solution_count 27 rank_histogram [ <3, 27> ]
 initial_next_digit_affine_basis
   dC2 + 2*dR + 2 = 0
   dB + 2*dC1 + dR + 2 = 0
   dA + 2*dC0 + dR + 1 = 0
 direct_lift_rows_to_depth 6
<1, 3, 1, [ <27, 0> ], true>
<2, 9, 27, [ <27, 1> ], true>
<3, 27, 729, [ <27, 27> ], true>
<4, 81, 6561, [ <0, 486>, <27, 243> ], true>
<5, 243, 177147, [ <27, 6561> ], true>
<6, 729, 1594323, [ <0, 118098>, <27, 59049> ], true>
 direct_stop completed stored_residues 1594323
 exact_one_step_lookahead_row
<7, 2187, 43046721, [ <27, 1594323> ], false>
 sampled_next_obstruction_from_depth 6 sampled_parent_count 1000 of 1594323
  sampled_parent_index 180339 next_depth_liftable_child_digits 27 affine_basis_for_liftable_next_digit_subset
    dC2 + 2*dR + 2 = 0
    dB + 2*dC1 + dR + 1 = 0
    dA + 2*dC0 + dR + 2 = 0
  sampled_parent_index 185127 next_depth_liftable_child_digits 27 affine_basis_for_liftable_next_digit_subset
    dC2 + 2*dR = 0
    dB + 2*dC1 + dR + 2 = 0
    dA + 2*dC0 + dR + 2 = 0
  sampled_parent_index 194702 next_depth_liftable_child_digits 27 affine_basis_for_liftable_next_digit_subset
    dC2 + 2*dR + 1 = 0
    dB + 2*dC1 + dR + 1 = 0
    dA + 2*dC0 + dR = 0
 sampled_parent_liftable_child_count_hist [ <"0", 887>, <"27", 113> ]
 sampled_child_obstruction_hist [ <"[ 0, 0 ]", 3051>, <"[ 1, 2 ]", 11961>, <"[ 2, 1 ]", 11988> ]
 representative_recurrence_rows
 columns: k modulus inferred_lifts input_parent_count good_parent_count no_representative obstruction_hist status
<8, 6561, 129140163, 1594323, 177147, 0, [ <"[ 0, 0 ]", 177147>, <"[ 1, 2 ]", 708588>, <"[ 2, 1 ]", 708588> ], "representative_parent_recurrence">
<9, 19683, 3486784401, 177147, 177147, 0, [ <"[ 0, 0 ]", 177147> ], "representative_parent_recurrence">
<10, 59049, 31381059609, 177147, 59049, 0, [ <"[ 0, 0 ]", 59049>, <"[ 1, 2 ]", 118098> ], "representative_parent_recurrence">
 compressed_transition_status skipped by default; use -b use_compressed:=1 for the experimental exact grouped automaton
 sample_lifts_and_reconstruction

[Interrupted]
