Z35 compressed obstruction automaton
max_k 7 seed_depth 4 use_finite_tail 1 print_conflict_limit 8
local convention: H=0 mod 3^k; original G_i=0 mod 3^(k+1)

CENTER 1 dir [ 1, 1, 1, 0, 1, 0 ]
chart_scales [ 1, 1, 1, 1, 1 ]
 jacobian_mod3_rank 3
 state_definition
  affine next-digit equations E_i(d)+c_i=0:
   E 1 dC2 + 2*dR = 0
   E 2 dB + 2*dC1 + dR = 0
   E 3 dA + 2*dC0 + dR = 0
  left_obstruction_rows_on_scaled_residuals [
[ 1, 0, 2, 1, 0 ],
[ 0, 1, 2, 0, 1 ]
]
  homogeneous_correction_kernel_rows [
[ 1, 0, 0, 2, 2, 2 ],
[ 0, 1, 0, 1, 0, 0 ],
[ 0, 0, 1, 1, 1, 1 ]
]
  state_transform_rows_on_scaled_residual [
[ 0, 0, 2, 1, 0 ],
[ 0, 0, 0, 1, 2 ],
[ 0, 0, 0, 0, 1 ],
[ 1, 0, 2, 1, 0 ],
[ 0, 1, 2, 0, 1 ]
]
 initial_obstruction_state_at_k1 <t=1, c=[ 2, 2, 1 ], obs=[ 0, 0 ]>
 initial_affine_next_digit_equations
   dC2 + 2*dR + 2 = 0
   dB + 2*dC1 + dR + 2 = 0
   dA + 2*dC0 + dR + 1 = 0
 direct_seed_rows
<1, 3, 1, [ <27, 0> ], true>
<2, 9, 27, [ <27, 1> ], true>
<3, 27, 729, [ <27, 27> ], true>
<4, 81, 6561, [ <0, 486>, <27, 243> ], true>
 seed_exact_state_classes 6548 seed_formal_state_classes 27
 seed_formal_state_hist_sample
   <0, 219>
   <9, 222>
   <18, 308>
   <27, 300>
   <36, 199>
   <45, 206>
   <54, 201>
   <63, 299>
   <72, 206>
   <81, 280>
   <90, 189>
   <99, 210>
 certified_grouped_transition_rows
 columns: next_k modulus total_lifts exact_state_classes input_weight liftable_weight dead_weight correction_count_hist child_good_count_hist child_obstruction_hist formal_state_classes next_exact_state_classes projected_state_conflicts all_or_none_counter_state_classes
<5, 243, 177147, 6548, 6561, 6561, 0, [ <27, 6561> ], [ <0, 4374>, <27, 2187> ], [ <0, 59049>, <7, 118098> ], 27, 26150, 8, 0>
<6, 729, 1594323, 26150, 177147, 59049, 118098, [ <0, 118098>, <27, 59049> ], [ <0, 118098>, <27, 59049> ], [ <0, 1594323> ], 54, 27, 0, 0>
<7, 2187, 43046721, 27, 1594323, 1594323, 0, [ <27, 1594323> ], [ <27, 1594323> ], [ <0, 43046721> ], 27, 1, 0, 0>
 branch_certified_counts
 columns: k modulus lifts status validation
1 3 1 direct_seed_certified_matches_recorded_t1_exact_matches_direct_3^4
2 9 27 direct_seed_certified_matches_recorded_t1_exact_matches_direct_3^4
3 27 729 direct_seed_certified_matches_recorded_t1_exact_matches_direct_3^4
4 81 6561 finite_tail_certified_matches_recorded_t1_exact_matches_direct_3^4
5 243 177147 finite_tail_certified_matches_recorded_t1_exact
6 729 1594323 finite_tail_certified_matches_recorded_t1_exact
7 2187 43046721 finite_tail_certified_matches_recorded_t1_exact

CENTER 2 dir [ 1, 1, 1, 2, 1, 0 ]
chart_scales [ 1, 1, 1, 1, 1 ]
 jacobian_mod3_rank 3
 state_definition
  affine next-digit equations E_i(d)+c_i=0:
   E 1 dC2 + dR = 0
   E 2 dB + dC1 + dR = 0
   E 3 dA + dC0 + dR = 0
  left_obstruction_rows_on_scaled_residuals [
[ 1, 0, 2, 1, 0 ],
[ 0, 1, 2, 0, 1 ]
]
  homogeneous_correction_kernel_rows [
[ 1, 0, 0, 1, 1, 2 ],
[ 0, 1, 0, 2, 0, 0 ],
[ 0, 0, 1, 1, 1, 2 ]
]
  state_transform_rows_on_scaled_residual [
[ 0, 0, 1, 2, 0 ],
[ 0, 0, 0, 1, 2 ],
[ 0, 0, 0, 0, 1 ],
[ 1, 0, 2, 1, 0 ],
[ 0, 1, 2, 0, 1 ]
]
 initial_obstruction_state_at_k1 <t=2, c=[ 2, 0, 2 ], obs=[ 0, 0 ]>
 initial_affine_next_digit_equations
   dC2 + dR + 2 = 0
   dB + dC1 + dR = 0
   dA + dC0 + dR + 2 = 0
 direct_seed_rows
<1, 3, 1, [ <27, 0> ], true>
<2, 9, 27, [ <27, 1> ], true>
<3, 27, 729, [ <27, 27> ], true>
<4, 81, 6561, [ <0, 486>, <27, 243> ], true>
 seed_exact_state_classes 6548 seed_formal_state_classes 27
 seed_formal_state_hist_sample
   <243, 226>
   <252, 323>
   <261, 239>
   <270, 318>
   <279, 230>
   <288, 211>
   <297, 230>
   <306, 221>
   <315, 324>
   <324, 299>
   <333, 201>
   <342, 206>
 certified_grouped_transition_rows
 columns: next_k modulus total_lifts exact_state_classes input_weight liftable_weight dead_weight correction_count_hist child_good_count_hist child_obstruction_hist formal_state_classes next_exact_state_classes projected_state_conflicts all_or_none_counter_state_classes
<5, 243, 177147, 6548, 6561, 6561, 0, [ <27, 6561> ], [ <0, 4374>, <27, 2187> ], [ <0, 59049>, <7, 118098> ], 27, 26150, 0, 0>
<6, 729, 1594323, 26150, 177147, 59049, 118098, [ <0, 118098>, <27, 59049> ], [ <0, 118098>, <27, 59049> ], [ <0, 1594323> ], 54, 27, 0, 0>
<7, 2187, 43046721, 27, 1594323, 1594323, 0, [ <27, 1594323> ], [ <27, 1594323> ], [ <0, 43046721> ], 27, 1, 0, 0>
 branch_certified_counts
 columns: k modulus lifts status validation
1 3 1 direct_seed_certified_matches_direct_3^4
2 9 27 direct_seed_certified_matches_direct_3^4
3 27 729 direct_seed_certified_matches_direct_3^4
4 81 6561 finite_tail_certified_matches_direct_3^4
5 243 177147 finite_tail_certified
6 729 1594323 finite_tail_certified
7 2187 43046721 finite_tail_certified

TWO_BRANCH_TOTALS
columns: k modulus total_lifts nonzero_branches aggregate_status validation
1 3 2 2 certified_matches_direct_3^4
2 9 54 2 certified_matches_direct_3^4
3 27 1458 2 certified_matches_direct_3^4
4 81 13122 2 certified_matches_direct_3^4
5 243 354294 2 certified
6 729 3188646 2 certified
7 2187 86093442 2 certified

PROJECTED_STATE_MARKOV_TEST
 verdict projected obstruction state is not Markov at the tested precision
 conflict_count_recorded 8
  conflict <4, <1, [ 0, 2, 2 ], [ 0, 0 ]>, [ 10, 13, 22, 0, 13, 0 ], [ 24, 5, 13, 1, 17 ], [ 19, 4, 22, 9, 4, 18 ], [ 6, 5, 10, 25, 5 ], 0, 0>
  conflict <4, <1, [ 0, 2, 2 ], [ 0, 0 ]>, [ 10, 13, 22, 0, 13, 0 ], [ 24, 5, 13, 1, 17 ], [ 7, 25, 16, 18, 10, 24 ], [ 3, 5, 10, 1, 5 ], 0, 0>
  conflict <4, <1, [ 1, 0, 2 ], [ 0, 0 ]>, [ 10, 22, 22, 9, 13, 0 ], [ 14, 26, 13, 14, 2 ], [ 13, 10, 10, 0, 25, 12 ], [ 11, 5, 22, 8, 5 ], 0, 0>
  conflict <4, <1, [ 1, 1, 2 ], [ 0, 0 ]>, [ 25, 25, 22, 15, 25, 21 ], [ 23, 0, 5, 0, 23 ], [ 25, 25, 4, 24, 7, 3 ], [ 17, 9, 8, 0, 26 ], 0, 0>
  conflict <4, <1, [ 0, 0, 1 ], [ 0, 0 ]>, [ 1, 13, 7, 12, 7, 12 ], [ 21, 0, 25, 1, 1 ], [ 16, 16, 16, 0, 1, 15 ], [ 12, 9, 1, 16, 10 ], 27, 0>
  conflict <4, <1, [ 0, 1, 2 ], [ 0, 0 ]>, [ 10, 4, 25, 12, 16, 21 ], [ 0, 19, 0, 24, 17 ], [ 4, 1, 19, 9, 16, 3 ], [ 21, 4, 0, 15, 2 ], 27, 0>
  conflict <4, <1, [ 0, 2, 2 ], [ 0, 0 ]>, [ 10, 13, 22, 0, 13, 0 ], [ 24, 5, 13, 1, 17 ], [ 22, 19, 10, 0, 16, 3 ], [ 9, 8, 4, 4, 8 ], 0, 27>
  conflict <4, <1, [ 1, 0, 0 ], [ 0, 0 ]>, [ 7, 16, 13, 15, 7, 3 ], [ 11, 2, 20, 3, 18 ], [ 1, 4, 16, 12, 16, 21 ], [ 8, 5, 17, 3, 3 ], 0, 0>

ALL_OR_NONE_CHILD_COSET_TEST
 verdict no counterexample through target: every encountered liftable coset has 0 or 27 liftable child states

verdict_marker certified rows are explicitly labeled; finite-tail projected-state test is optional
