Z35 compressed obstruction automaton
max_k 10 seed_depth 6 use_finite_tail 0 print_conflict_limit 4
local convention: H=0 mod 3^k; original G_i=0 mod 3^(k+1)

CENTER 1 dir [ 1, 1, 1, 0, 1, 0 ]
chart_scales [ 1, 1, 1, 1, 1 ]
 jacobian_mod3_rank 3
 state_definition
  affine next-digit equations E_i(d)+c_i=0:
   E 1 dC2 + 2*dR = 0
   E 2 dB + 2*dC1 + dR = 0
   E 3 dA + 2*dC0 + dR = 0
  left_obstruction_rows_on_scaled_residuals [
[ 1, 0, 2, 1, 0 ],
[ 0, 1, 2, 0, 1 ]
]
  homogeneous_correction_kernel_rows [
[ 1, 0, 0, 2, 2, 2 ],
[ 0, 1, 0, 1, 0, 0 ],
[ 0, 0, 1, 1, 1, 1 ]
]
  state_transform_rows_on_scaled_residual [
[ 0, 0, 2, 1, 0 ],
[ 0, 0, 0, 1, 2 ],
[ 0, 0, 0, 0, 1 ],
[ 1, 0, 2, 1, 0 ],
[ 0, 1, 2, 0, 1 ]
]
 initial_obstruction_state_at_k1 <t=1, c=[ 2, 2, 1 ], obs=[ 0, 0 ]>
 initial_affine_next_digit_equations
   dC2 + 2*dR + 2 = 0
   dB + 2*dC1 + dR + 2 = 0
   dA + 2*dC0 + dR + 1 = 0
 direct_seed_rows
<1, 3, 1, [ <27, 0> ], true>
<2, 9, 27, [ <27, 1> ], true>
<3, 27, 729, [ <27, 27> ], true>
<4, 81, 6561, [ <0, 486>, <27, 243> ], true>
<5, 243, 177147, [ <27, 6561> ], true>
<6, 729, 1594323, [ <0, 118098>, <27, 59049> ], true>
 certified_fast_coset_rows
 columns row1: k modulus lifts parent_count liftable_parent_count dead_parent_count mod9_state_classes correction_count_hist status
 columns row2: k modulus lifts parent_count good_parent_count mod9_state_classes child_good_count_hist child_obstruction_code_hist all_or_none_counter status
<7, 2187, 43046721, 1594323, 1594323, 0, 13122, [ <27, 1594323> ], "certified_all_parent_cosets_grouped_mod9">
<8, 6561, 129140163, 1594323, 177147, 13122, [ <0, 1417176>, <27, 177147> ], [ <0, 4782969>, <5, 19131876>, <7, 19131876> ], 0, "certified_child_obstruction_scan_grouped_mod9">
 representative_recurrence_rows
 columns: k modulus inferred_lifts input_parent_count good_parent_count no_representative obstruction_code_hist status
<8, 6561, 129140163, 1594323, 177147, 0, [ <0, 177147>, <5, 708588>, <7, 708588> ], "representative_not_certified">
<9, 19683, 3486784401, 177147, 177147, 0, [ <0, 177147> ], "representative_not_certified">
<10, 59049, 31381059609, 177147, 59049, 0, [ <0, 59049>, <7, 118098> ], "representative_not_certified">
 branch_certified_counts
 columns: k modulus lifts status validation
1 3 1 direct_seed_certified_matches_recorded_t1_exact_matches_direct_3^4
2 9 27 direct_seed_certified_matches_recorded_t1_exact_matches_direct_3^4
3 27 729 direct_seed_certified_matches_recorded_t1_exact_matches_direct_3^4
4 81 6561 direct_seed_certified_matches_recorded_t1_exact_matches_direct_3^4
5 243 177147 direct_seed_certified_matches_recorded_t1_exact
6 729 1594323 direct_seed_certified_matches_recorded_t1_exact
7 2187 43046721 fast_coset_certified_matches_recorded_t1_exact
8 6561 129140163 fast_child_obstruction_certified
9 19683 3486784401 representative_not_certified
10 59049 31381059609 representative_not_certified

CENTER 2 dir [ 1, 1, 1, 2, 1, 0 ]
chart_scales [ 1, 1, 1, 1, 1 ]
 jacobian_mod3_rank 3
 state_definition
  affine next-digit equations E_i(d)+c_i=0:
   E 1 dC2 + dR = 0
   E 2 dB + dC1 + dR = 0
   E 3 dA + dC0 + dR = 0
  left_obstruction_rows_on_scaled_residuals [
[ 1, 0, 2, 1, 0 ],
[ 0, 1, 2, 0, 1 ]
]
  homogeneous_correction_kernel_rows [
[ 1, 0, 0, 1, 1, 2 ],
[ 0, 1, 0, 2, 0, 0 ],
[ 0, 0, 1, 1, 1, 2 ]
]
  state_transform_rows_on_scaled_residual [
[ 0, 0, 1, 2, 0 ],
[ 0, 0, 0, 1, 2 ],
[ 0, 0, 0, 0, 1 ],
[ 1, 0, 2, 1, 0 ],
[ 0, 1, 2, 0, 1 ]
]
 initial_obstruction_state_at_k1 <t=2, c=[ 2, 0, 2 ], obs=[ 0, 0 ]>
 initial_affine_next_digit_equations
   dC2 + dR + 2 = 0
   dB + dC1 + dR = 0
   dA + dC0 + dR + 2 = 0
 direct_seed_rows
<1, 3, 1, [ <27, 0> ], true>
<2, 9, 27, [ <27, 1> ], true>
<3, 27, 729, [ <27, 27> ], true>
<4, 81, 6561, [ <0, 486>, <27, 243> ], true>
<5, 243, 177147, [ <27, 6561> ], true>
<6, 729, 1594323, [ <0, 118098>, <27, 59049> ], true>
 certified_fast_coset_rows
 columns row1: k modulus lifts parent_count liftable_parent_count dead_parent_count mod9_state_classes correction_count_hist status
 columns row2: k modulus lifts parent_count good_parent_count mod9_state_classes child_good_count_hist child_obstruction_code_hist all_or_none_counter status
<7, 2187, 43046721, 1594323, 1594323, 0, 13122, [ <27, 1594323> ], "certified_all_parent_cosets_grouped_mod9">
<8, 6561, 129140163, 1594323, 177147, 13122, [ <0, 1417176>, <27, 177147> ], [ <0, 4782969>, <5, 19131876>, <7, 19131876> ], 0, "certified_child_obstruction_scan_grouped_mod9">
 representative_recurrence_rows
 columns: k modulus inferred_lifts input_parent_count good_parent_count no_representative obstruction_code_hist status
<8, 6561, 129140163, 1594323, 177147, 0, [ <0, 177147>, <5, 708588>, <7, 708588> ], "representative_not_certified">
<9, 19683, 3486784401, 177147, 177147, 0, [ <0, 177147> ], "representative_not_certified">
<10, 59049, 31381059609, 177147, 59049, 0, [ <0, 59049>, <7, 118098> ], "representative_not_certified">
 branch_certified_counts
 columns: k modulus lifts status validation
1 3 1 direct_seed_certified_matches_direct_3^4
2 9 27 direct_seed_certified_matches_direct_3^4
3 27 729 direct_seed_certified_matches_direct_3^4
4 81 6561 direct_seed_certified_matches_direct_3^4
5 243 177147 direct_seed_certified
6 729 1594323 direct_seed_certified
7 2187 43046721 fast_coset_certified
8 6561 129140163 fast_child_obstruction_certified
9 19683 3486784401 representative_not_certified
10 59049 31381059609 representative_not_certified

TWO_BRANCH_TOTALS
columns: k modulus total_lifts nonzero_branches aggregate_status validation
1 3 2 2 certified_matches_direct_3^4
2 9 54 2 certified_matches_direct_3^4
3 27 1458 2 certified_matches_direct_3^4
4 81 13122 2 certified_matches_direct_3^4
5 243 354294 2 certified
6 729 3188646 2 certified
7 2187 86093442 2 certified
8 6561 258280326 2 certified
9 19683 6973568802 2 has_representative_not_certified
10 59049 62762119218 2 has_representative_not_certified

PROJECTED_STATE_MARKOV_TEST
 verdict not run in fast mode; use use_finite_tail:=1 for the exact projected-state Markov test

ALL_OR_NONE_CHILD_COSET_TEST
 verdict no counterexample through target: every encountered liftable coset has 0 or 27 liftable child states

verdict_marker certified rows are explicitly labeled; finite-tail projected-state test is optional
