Z35 compressed obstruction automaton
max_k 8 seed_depth 4 use_finite_tail 1 print_conflict_limit 8
local convention: H=0 mod 3^k; original G_i=0 mod 3^(k+1)

CENTER 1 dir [ 1, 1, 1, 0, 1, 0 ]
chart_scales [ 1, 1, 1, 1, 1 ]
 jacobian_mod3_rank 3
 state_definition
  affine next-digit equations E_i(d)+c_i=0:
   E 1 dC2 + 2*dR = 0
   E 2 dB + 2*dC1 + dR = 0
   E 3 dA + 2*dC0 + dR = 0
  left_obstruction_rows_on_scaled_residuals [
[ 1, 0, 2, 1, 0 ],
[ 0, 1, 2, 0, 1 ]
]
  homogeneous_correction_kernel_rows [
[ 1, 0, 0, 2, 2, 2 ],
[ 0, 1, 0, 1, 0, 0 ],
[ 0, 0, 1, 1, 1, 1 ]
]
  state_transform_rows_on_scaled_residual [
[ 0, 0, 2, 1, 0 ],
[ 0, 0, 0, 1, 2 ],
[ 0, 0, 0, 0, 1 ],
[ 1, 0, 2, 1, 0 ],
[ 0, 1, 2, 0, 1 ]
]
 initial_obstruction_state_at_k1 <t=1, c=[ 2, 2, 1 ], obs=[ 0, 0 ]>
 initial_affine_next_digit_equations
   dC2 + 2*dR + 2 = 0
   dB + 2*dC1 + dR + 2 = 0
   dA + 2*dC0 + dR + 1 = 0
 direct_seed_rows
<1, 3, 1, [ <27, 0> ], true>
<2, 9, 27, [ <27, 1> ], true>
<3, 27, 729, [ <27, 27> ], true>
<4, 81, 6561, [ <0, 486>, <27, 243> ], true>
 seed_exact_state_classes 6561 seed_formal_state_classes 27
 seed_formal_state_hist_sample
   <0, 219>
   <9, 222>
   <18, 308>
   <27, 300>
   <36, 199>
   <45, 206>
   <54, 201>
   <63, 299>
   <72, 206>
   <81, 280>
   <90, 189>
   <99, 210>
 certified_grouped_transition_rows
 columns: next_k modulus total_lifts exact_state_classes input_weight liftable_weight dead_weight correction_count_hist child_good_count_hist child_obstruction_hist formal_state_classes next_exact_state_classes projected_state_conflicts all_or_none_counter_state_classes
<5, 243, 177147, 6561, 6561, 6561, 0, [ <27, 6561> ], [ <0, 4374>, <27, 2187> ], [ <0, 59049>, <7, 118098> ], 27, 175519, 8, 0>
<6, 729, 1594323, 175519, 177147, 59049, 118098, [ <0, 118098>, <27, 59049> ], [ <0, 118098>, <27, 59049> ], [ <0, 1594323> ], 54, 13122, 0, 0>
<7, 2187, 43046721, 13122, 1594323, 1594323, 0, [ <27, 1594323> ], [ <0, 1417176>, <27, 177147> ], [ <0, 4782969>, <5, 19131876>, <7, 19131876> ], 27, 81, 0, 0>
<8, 6561, 129140163, 81, 43046721, 4782969, 38263752, [ <0, 38263752>, <27, 4782969> ], [ <0, 38263752>, <27, 4782969> ], [ <0, 129140163> ], 81, 1, 0, 0>
 branch_certified_counts
 columns: k modulus lifts status validation
1 3 1 direct_seed_certified_matches_recorded_t1_exact_matches_direct_3^4
2 9 27 direct_seed_certified_matches_recorded_t1_exact_matches_direct_3^4
3 27 729 direct_seed_certified_matches_recorded_t1_exact_matches_direct_3^4
4 81 6561 finite_tail_certified_matches_recorded_t1_exact_matches_direct_3^4
5 243 177147 finite_tail_certified_matches_recorded_t1_exact
6 729 1594323 finite_tail_certified_matches_recorded_t1_exact
7 2187 43046721 finite_tail_certified_matches_recorded_t1_exact
8 6561 129140163 finite_tail_certified

CENTER 2 dir [ 1, 1, 1, 2, 1, 0 ]
chart_scales [ 1, 1, 1, 1, 1 ]
 jacobian_mod3_rank 3
 state_definition
  affine next-digit equations E_i(d)+c_i=0:
   E 1 dC2 + dR = 0
   E 2 dB + dC1 + dR = 0
   E 3 dA + dC0 + dR = 0
  left_obstruction_rows_on_scaled_residuals [
[ 1, 0, 2, 1, 0 ],
[ 0, 1, 2, 0, 1 ]
]
  homogeneous_correction_kernel_rows [
[ 1, 0, 0, 1, 1, 2 ],
[ 0, 1, 0, 2, 0, 0 ],
[ 0, 0, 1, 1, 1, 2 ]
]
  state_transform_rows_on_scaled_residual [
[ 0, 0, 1, 2, 0 ],
[ 0, 0, 0, 1, 2 ],
[ 0, 0, 0, 0, 1 ],
[ 1, 0, 2, 1, 0 ],
[ 0, 1, 2, 0, 1 ]
]
 initial_obstruction_state_at_k1 <t=2, c=[ 2, 0, 2 ], obs=[ 0, 0 ]>
 initial_affine_next_digit_equations
   dC2 + dR + 2 = 0
   dB + dC1 + dR = 0
   dA + dC0 + dR + 2 = 0
 direct_seed_rows
<1, 3, 1, [ <27, 0> ], true>
<2, 9, 27, [ <27, 1> ], true>
<3, 27, 729, [ <27, 27> ], true>
<4, 81, 6561, [ <0, 486>, <27, 243> ], true>
 seed_exact_state_classes 6561 seed_formal_state_classes 27
 seed_formal_state_hist_sample
   <243, 226>
   <252, 323>
   <261, 239>
   <270, 318>
   <279, 230>
   <288, 211>
   <297, 230>
   <306, 221>
   <315, 324>
   <324, 299>
   <333, 201>
   <342, 206>
 certified_grouped_transition_rows
 columns: next_k modulus total_lifts exact_state_classes input_weight liftable_weight dead_weight correction_count_hist child_good_count_hist child_obstruction_hist formal_state_classes next_exact_state_classes projected_state_conflicts all_or_none_counter_state_classes
<5, 243, 177147, 6561, 6561, 6561, 0, [ <27, 6561> ], [ <0, 4374>, <27, 2187> ], [ <0, 59049>, <7, 118098> ], 27, 175519, 0, 0>
<6, 729, 1594323, 175519, 177147, 59049, 118098, [ <0, 118098>, <27, 59049> ], [ <0, 118098>, <27, 59049> ], [ <0, 1594323> ], 54, 13122, 0, 0>
<7, 2187, 43046721, 13122, 1594323, 1594323, 0, [ <27, 1594323> ], [ <0, 1417176>, <27, 177147> ], [ <0, 4782969>, <5, 19131876>, <7, 19131876> ], 27, 81, 0, 0>
<8, 6561, 129140163, 81, 43046721, 4782969, 38263752, [ <0, 38263752>, <27, 4782969> ], [ <0, 38263752>, <27, 4782969> ], [ <0, 129140163> ], 81, 1, 0, 0>
 branch_certified_counts
 columns: k modulus lifts status validation
1 3 1 direct_seed_certified_matches_direct_3^4
2 9 27 direct_seed_certified_matches_direct_3^4
3 27 729 direct_seed_certified_matches_direct_3^4
4 81 6561 finite_tail_certified_matches_direct_3^4
5 243 177147 finite_tail_certified
6 729 1594323 finite_tail_certified
7 2187 43046721 finite_tail_certified
8 6561 129140163 finite_tail_certified

TWO_BRANCH_TOTALS
columns: k modulus total_lifts nonzero_branches aggregate_status validation
1 3 2 2 certified_matches_direct_3^4
2 9 54 2 certified_matches_direct_3^4
3 27 1458 2 certified_matches_direct_3^4
4 81 13122 2 certified_matches_direct_3^4
5 243 354294 2 certified
6 729 3188646 2 certified
7 2187 86093442 2 certified
8 6561 258280326 2 certified

PROJECTED_STATE_MARKOV_TEST
 verdict projected obstruction state is not Markov at the tested precision
 conflict_count_recorded 8
  conflict <4, <1, [ 1, 1, 1 ], [ 0, 0 ]>, [ 37, 40, 31, 63, 22, 36 ], [ 38, 78, 76, 59, 76 ], [ 10, 58, 16, 57, 34, 66 ], [ 77, 30, 22, 71, 10 ], 0, 27>
  conflict <4, <1, [ 2, 1, 1 ], [ 0, 0 ]>, [ 31, 37, 67, 57, 64, 42 ], [ 19, 41, 30, 11, 1 ], [ 22, 64, 61, 24, 40, 9 ], [ 70, 80, 18, 41, 28 ], 27, 0>
  conflict <4, <1, [ 2, 1, 0 ], [ 0, 0 ]>, [ 25, 61, 76, 78, 52, 75 ], [ 40, 23, 56, 49, 57 ], [ 40, 55, 46, 0, 7, 48 ], [ 49, 53, 62, 43, 63 ], 0, 27>
  conflict <4, <1, [ 0, 0, 2 ], [ 0, 0 ]>, [ 37, 13, 73, 6, 10, 60 ], [ 75, 21, 38, 50, 20 ], [ 13, 73, 79, 60, 67, 9 ], [ 51, 18, 32, 41, 80 ], 0, 0>
  conflict <4, <1, [ 2, 2, 1 ], [ 0, 0 ]>, [ 49, 55, 46, 72, 25, 12 ], [ 73, 72, 55, 15, 58 ], [ 43, 70, 34, 72, 46, 33 ], [ 58, 30, 1, 75, 46 ], 0, 0>
  conflict <4, <1, [ 2, 1, 2 ], [ 0, 0 ]>, [ 13, 55, 40, 12, 55, 6 ], [ 1, 11, 49, 45, 62 ], [ 25, 7, 19, 57, 76, 0 ], [ 52, 68, 46, 3, 53 ], 27, 0>
  conflict <4, <1, [ 1, 1, 1 ], [ 0, 0 ]>, [ 37, 40, 31, 63, 22, 36 ], [ 38, 78, 76, 59, 76 ], [ 67, 19, 55, 27, 43, 3 ], [ 56, 78, 79, 80, 16 ], 0, 0>
  conflict <4, <1, [ 0, 1, 0 ], [ 0, 0 ]>, [ 70, 25, 55, 66, 13, 72 ], [ 60, 10, 1, 61, 39 ], [ 4, 37, 67, 3, 10, 69 ], [ 30, 70, 61, 79, 12 ], 27, 27>

ALL_OR_NONE_CHILD_COSET_TEST
 verdict no counterexample through target: every encountered liftable coset has 0 or 27 liftable child states

verdict_marker certified rows are explicitly labeled; finite-tail projected-state test is optional
