Z35 compressed obstruction automaton
max_k 6 seed_depth 3 use_finite_tail 1 print_conflict_limit 8
local convention: H=0 mod 3^k; original G_i=0 mod 3^(k+1)

CENTER 1 dir [ 1, 1, 1, 0, 1, 0 ]
chart_scales [ 1, 1, 1, 1, 1 ]
 jacobian_mod3_rank 3
 state_definition
  affine next-digit equations E_i(d)+c_i=0:
   E 1 dC2 + 2*dR = 0
   E 2 dB + 2*dC1 + dR = 0
   E 3 dA + 2*dC0 + dR = 0
  left_obstruction_rows_on_scaled_residuals [
[ 1, 0, 2, 1, 0 ],
[ 0, 1, 2, 0, 1 ]
]
  homogeneous_correction_kernel_rows [
[ 1, 0, 0, 2, 2, 2 ],
[ 0, 1, 0, 1, 0, 0 ],
[ 0, 0, 1, 1, 1, 1 ]
]
  state_transform_rows_on_scaled_residual [
[ 0, 0, 2, 1, 0 ],
[ 0, 0, 0, 1, 2 ],
[ 0, 0, 0, 0, 1 ],
[ 1, 0, 2, 1, 0 ],
[ 0, 1, 2, 0, 1 ]
]
 initial_obstruction_state_at_k1 <t=1, c=[ 2, 2, 1 ], obs=[ 0, 0 ]>
 initial_affine_next_digit_equations
   dC2 + 2*dR + 2 = 0
   dB + 2*dC1 + dR + 2 = 0
   dA + 2*dC0 + dR + 1 = 0
 direct_seed_rows
<1, 3, 1, [ <27, 0> ], true>
<2, 9, 27, [ <27, 1> ], true>
<3, 27, 729, [ <27, 27> ], true>
 seed_exact_state_classes 729 seed_formal_state_classes 54
 seed_formal_state_hist_sample
   <0, 8>
   <7, 17>
   <9, 4>
   <16, 14>
   <18, 18>
   <25, 21>
   <27, 14>
   <34, 19>
   <36, 4>
   <43, 16>
   <45, 4>
   <52, 18>
 certified_grouped_transition_rows
 columns: next_k modulus total_lifts exact_state_classes input_weight liftable_weight dead_weight correction_count_hist child_good_count_hist child_obstruction_hist formal_state_classes next_exact_state_classes projected_state_conflicts all_or_none_counter_state_classes
<4, 81, 6561, 729, 729, 243, 486, [ <0, 486>, <27, 243> ], [ <0, 486>, <27, 243> ], [ <0, 6561> ], 54, 4627, 8, 0>
<5, 243, 177147, 4627, 6561, 6561, 0, [ <27, 6561> ], [ <0, 4374>, <27, 2187> ], [ <0, 59049>, <7, 118098> ], 27, 54, 0, 0>
<6, 729, 1594323, 54, 177147, 59049, 118098, [ <0, 118098>, <27, 59049> ], [ <0, 118098>, <27, 59049> ], [ <0, 1594323> ], 54, 1, 0, 0>
 branch_certified_counts
 columns: k modulus lifts status validation
1 3 1 direct_seed_certified_matches_recorded_t1_exact_matches_direct_3^4
2 9 27 direct_seed_certified_matches_recorded_t1_exact_matches_direct_3^4
3 27 729 finite_tail_certified_matches_recorded_t1_exact_matches_direct_3^4
4 81 6561 finite_tail_certified_matches_recorded_t1_exact_matches_direct_3^4
5 243 177147 finite_tail_certified_matches_recorded_t1_exact
6 729 1594323 finite_tail_certified_matches_recorded_t1_exact

CENTER 2 dir [ 1, 1, 1, 2, 1, 0 ]
chart_scales [ 1, 1, 1, 1, 1 ]
 jacobian_mod3_rank 3
 state_definition
  affine next-digit equations E_i(d)+c_i=0:
   E 1 dC2 + dR = 0
   E 2 dB + dC1 + dR = 0
   E 3 dA + dC0 + dR = 0
  left_obstruction_rows_on_scaled_residuals [
[ 1, 0, 2, 1, 0 ],
[ 0, 1, 2, 0, 1 ]
]
  homogeneous_correction_kernel_rows [
[ 1, 0, 0, 1, 1, 2 ],
[ 0, 1, 0, 2, 0, 0 ],
[ 0, 0, 1, 1, 1, 2 ]
]
  state_transform_rows_on_scaled_residual [
[ 0, 0, 1, 2, 0 ],
[ 0, 0, 0, 1, 2 ],
[ 0, 0, 0, 0, 1 ],
[ 1, 0, 2, 1, 0 ],
[ 0, 1, 2, 0, 1 ]
]
 initial_obstruction_state_at_k1 <t=2, c=[ 2, 0, 2 ], obs=[ 0, 0 ]>
 initial_affine_next_digit_equations
   dC2 + dR + 2 = 0
   dB + dC1 + dR = 0
   dA + dC0 + dR + 2 = 0
 direct_seed_rows
<1, 3, 1, [ <27, 0> ], true>
<2, 9, 27, [ <27, 1> ], true>
<3, 27, 729, [ <27, 27> ], true>
 seed_exact_state_classes 729 seed_formal_state_classes 54
 seed_formal_state_hist_sample
   <243, 3>
   <250, 17>
   <252, 17>
   <259, 20>
   <261, 7>
   <268, 21>
   <270, 18>
   <277, 21>
   <279, 4>
   <286, 19>
   <288, 3>
   <295, 19>
 certified_grouped_transition_rows
 columns: next_k modulus total_lifts exact_state_classes input_weight liftable_weight dead_weight correction_count_hist child_good_count_hist child_obstruction_hist formal_state_classes next_exact_state_classes projected_state_conflicts all_or_none_counter_state_classes
<4, 81, 6561, 729, 729, 243, 486, [ <0, 486>, <27, 243> ], [ <0, 486>, <27, 243> ], [ <0, 6561> ], 54, 4627, 0, 0>
<5, 243, 177147, 4627, 6561, 6561, 0, [ <27, 6561> ], [ <0, 4374>, <27, 2187> ], [ <0, 59049>, <7, 118098> ], 27, 54, 0, 0>
<6, 729, 1594323, 54, 177147, 59049, 118098, [ <0, 118098>, <27, 59049> ], [ <0, 118098>, <27, 59049> ], [ <0, 1594323> ], 54, 1, 0, 0>
 branch_certified_counts
 columns: k modulus lifts status validation
1 3 1 direct_seed_certified_matches_direct_3^4
2 9 27 direct_seed_certified_matches_direct_3^4
3 27 729 finite_tail_certified_matches_direct_3^4
4 81 6561 finite_tail_certified_matches_direct_3^4
5 243 177147 finite_tail_certified
6 729 1594323 finite_tail_certified

TWO_BRANCH_TOTALS
columns: k modulus total_lifts nonzero_branches aggregate_status validation
1 3 2 2 certified_matches_direct_3^4
2 9 54 2 certified_matches_direct_3^4
3 27 1458 2 certified_matches_direct_3^4
4 81 13122 2 certified_matches_direct_3^4
5 243 354294 2 certified
6 729 3188646 2 certified

PROJECTED_STATE_MARKOV_TEST
 verdict projected obstruction state is not Markov at the tested precision
 conflict_count_recorded 8
  conflict <3, <1, [ 2, 1, 2 ], [ 0, 0 ]>, [ 10, 13, 19, 6, 10, 6 ], [ 19, 2, 4, 0, 8 ], [ 1, 22, 7, 21, 7, 12 ], [ 4, 8, 25, 0, 14 ], 27, 27>
  conflict <3, <1, [ 2, 1, 2 ], [ 0, 0 ]>, [ 10, 13, 19, 6, 10, 6 ], [ 19, 2, 4, 0, 8 ], [ 25, 7, 25, 18, 1, 15 ], [ 19, 11, 1, 15, 5 ], 27, 27>
  conflict <3, <1, [ 0, 0, 1 ], [ 0, 0 ]>, [ 13, 19, 4, 21, 19, 24 ], [ 24, 18, 7, 25, 1 ], [ 10, 22, 1, 24, 19, 15 ], [ 12, 18, 10, 22, 22 ], 27, 27>
  conflict <3, <1, [ 1, 2, 0 ], [ 0, 0 ]>, [ 22, 1, 22, 12, 1, 6 ], [ 26, 16, 13, 11, 6 ], [ 22, 10, 16, 6, 22, 18 ], [ 14, 4, 13, 14, 9 ], 27, 27>
  conflict <3, <1, [ 2, 1, 2 ], [ 0, 0 ]>, [ 10, 13, 19, 6, 10, 6 ], [ 19, 2, 4, 0, 8 ], [ 7, 25, 4, 15, 25, 21 ], [ 25, 11, 7, 6, 20 ], 27, 27>
  conflict <3, <1, [ 2, 2, 2 ], [ 0, 0 ]>, [ 4, 19, 4, 3, 1, 6 ], [ 13, 0, 23, 1, 14 ], [ 22, 10, 4, 3, 10, 15 ], [ 25, 3, 11, 22, 26 ], 27, 27>
  conflict <3, <1, [ 2, 0, 1 ], [ 0, 0 ]>, [ 13, 19, 13, 3, 1, 6 ], [ 13, 16, 8, 10, 1 ], [ 16, 25, 1, 12, 13, 18 ], [ 1, 22, 5, 19, 1 ], 27, 27>
  conflict <3, <1, [ 2, 2, 1 ], [ 0, 0 ]>, [ 19, 4, 13, 0, 22, 9 ], [ 25, 0, 16, 12, 4 ], [ 10, 4, 1, 6, 19, 15 ], [ 10, 9, 25, 18, 22 ], 27, 27>

ALL_OR_NONE_CHILD_COSET_TEST
 verdict no counterexample through target: every encountered liftable coset has 0 or 27 liftable child states

verdict_marker certified rows are explicitly labeled; finite-tail projected-state test is optional
