# Z/5 x Z/5 b2=0 global/local sieve driver
parameters low_7_power=4 low_11_power=3 high_7_power=7 high_11_power=6 frontier_height=1000000
parameters search_box=(5000,5000) tall_box=(20000,1000) wide_box=(1000,20000) max_search_tuples=20000000
integral_residual_denominators=[ 65536, 16384, 16384, 256, 512 ]
  E0 degree=10 total_degree=10 terms=26
  E1 degree=9 total_degree=9 terms=23
  E2 degree=8 total_degree=8 terms=20
  E3 degree=7 total_degree=7 terms=15
  E4 degree=6 total_degree=6 terms=11

# lift_chart F7_slice_A p=7 h1=1 h2=0 max_power=7
  base_mod_7=<K=2,s=0,t=6,b0=3,b1=1>
  base_boundary_values=[ 2, 1, 3, 4, 1, 2 ]
  slice_jacobian_rank_mod_7=5 determinant=4
  level=1 modulus=7 lift_count=1 sample=[ 2, 0, 6, 3, 1 ] balanced=[ 2, 0, -1, 3, 1 ]
  level=2 modulus=49 lift_count=1 capped=false sample=[ 30, 35, 13, 3, 36 ] balanced=[ -19, -14, 13, 3, -13 ] jac_rank_mod_7=5 determinant=4
  level=3 modulus=343 lift_count=1 capped=false sample=[ 30, 84, 258, 52, 134 ] balanced=[ 30, 84, -85, 52, 134 ] jac_rank_mod_7=5 determinant=4
  level=4 modulus=2401 lift_count=1 capped=false sample=[ 2088, 2142, 258, 1424, 1849 ] balanced=[ -313, -259, 258, -977, -552 ] jac_rank_mod_7=5 determinant=4
  level=5 modulus=16807 lift_count=1 capped=false sample=[ 6890, 14147, 2659, 11028, 6651 ] balanced=[ 6890, -2660, 2659, -5779, 6651 ] jac_rank_mod_7=5 determinant=4
  level=6 modulus=117649 lift_count=1 capped=false sample=[ 90925, 30954, 2659, 44642, 107493 ] balanced=[ -26724, 30954, 2659, 44642, -10156 ] jac_rank_mod_7=5 determinant=4
  level=7 modulus=823543 lift_count=1 capped=false sample=[ 443872, 736848, 473255, 162291, 225142 ] balanced=[ -379671, -86695, -350288, 162291, 225142 ] jac_rank_mod_7=5 determinant=4

# lift_chart F7_slice_B p=7 h1=1 h2=0 max_power=7
  base_mod_7=<K=2,s=0,t=6,b0=4,b1=6>
  base_boundary_values=[ 2, 6, 4, 4, 1, 2 ]
  slice_jacobian_rank_mod_7=5 determinant=4
  level=1 modulus=7 lift_count=1 sample=[ 2, 0, 6, 4, 6 ] balanced=[ 2, 0, -1, -3, -1 ]
  level=2 modulus=49 lift_count=1 capped=false sample=[ 30, 35, 13, 46, 13 ] balanced=[ -19, -14, 13, -3, 13 ] jac_rank_mod_7=5 determinant=4
  level=3 modulus=343 lift_count=1 capped=false sample=[ 30, 84, 258, 291, 209 ] balanced=[ 30, 84, -85, -52, -134 ] jac_rank_mod_7=5 determinant=4
  level=4 modulus=2401 lift_count=1 capped=false sample=[ 2088, 2142, 258, 977, 552 ] balanced=[ -313, -259, 258, 977, 552 ] jac_rank_mod_7=5 determinant=4
  level=5 modulus=16807 lift_count=1 capped=false sample=[ 6890, 14147, 2659, 5779, 10156 ] balanced=[ 6890, -2660, 2659, 5779, -6651 ] jac_rank_mod_7=5 determinant=4
  level=6 modulus=117649 lift_count=1 capped=false sample=[ 90925, 30954, 2659, 73007, 10156 ] balanced=[ -26724, 30954, 2659, -44642, 10156 ] jac_rank_mod_7=5 determinant=4
  level=7 modulus=823543 lift_count=1 capped=false sample=[ 443872, 736848, 473255, 661252, 598401 ] balanced=[ -379671, -86695, -350288, -162291, -225142 ] jac_rank_mod_7=5 determinant=4

# lift_chart F11_slice_A p=11 h1=1 h2=0 max_power=6
  base_mod_11=<K=7,s=5,t=10,b0=2,b1=4>
  base_boundary_values=[ 7, 4, 2, 7, 3, 10 ]
  slice_jacobian_rank_mod_11=5 determinant=4
  level=1 modulus=11 lift_count=1 sample=[ 7, 5, 10, 2, 4 ] balanced=[ -4, 5, -1, 2, 4 ]
  level=2 modulus=121 lift_count=1 capped=false sample=[ 84, 5, 87, 101, 81 ] balanced=[ -37, 5, -34, -20, -40 ] jac_rank_mod_11=5 determinant=4
  level=3 modulus=1331 lift_count=1 capped=false sample=[ 689, 489, 571, 1190, 202 ] balanced=[ -642, 489, 571, -141, 202 ] jac_rank_mod_11=5 determinant=4
  level=4 modulus=14641 lift_count=1 capped=false sample=[ 689, 13799, 4564, 6514, 8188 ] balanced=[ 689, -842, 4564, 6514, -6453 ] jac_rank_mod_11=5 determinant=4
  level=5 modulus=161051 lift_count=1 capped=false sample=[ 88535, 57722, 48487, 123642, 139957 ] balanced=[ -72516, 57722, 48487, -37409, -21094 ] jac_rank_mod_11=5 determinant=4
  level=6 modulus=1771561 lift_count=1 capped=false sample=[ 1699045, 218773, 48487, 445744, 784161 ] balanced=[ -72516, 218773, 48487, 445744, 784161 ] jac_rank_mod_11=5 determinant=4

# lift_chart F11_slice_B p=11 h1=1 h2=0 max_power=6
  base_mod_11=<K=7,s=5,t=10,b0=9,b1=7>
  base_boundary_values=[ 7, 7, 9, 7, 3, 10 ]
  slice_jacobian_rank_mod_11=5 determinant=4
  level=1 modulus=11 lift_count=1 sample=[ 7, 5, 10, 9, 7 ] balanced=[ -4, 5, -1, -2, -4 ]
  level=2 modulus=121 lift_count=1 capped=false sample=[ 84, 5, 87, 20, 40 ] balanced=[ -37, 5, -34, 20, 40 ] jac_rank_mod_11=5 determinant=4
  level=3 modulus=1331 lift_count=1 capped=false sample=[ 689, 489, 571, 141, 1129 ] balanced=[ -642, 489, 571, 141, -202 ] jac_rank_mod_11=5 determinant=4
  level=4 modulus=14641 lift_count=1 capped=false sample=[ 689, 13799, 4564, 8127, 6453 ] balanced=[ 689, -842, 4564, -6514, 6453 ] jac_rank_mod_11=5 determinant=4
  level=5 modulus=161051 lift_count=1 capped=false sample=[ 88535, 57722, 48487, 37409, 21094 ] balanced=[ -72516, 57722, 48487, 37409, 21094 ] jac_rank_mod_11=5 determinant=4
  level=6 modulus=1771561 lift_count=1 capped=false sample=[ 1699045, 218773, 48487, 1325817, 987400 ] balanced=[ -72516, 218773, 48487, -445744, -784161 ] jac_rank_mod_11=5 determinant=4

# crt_summary low_modulus=3195731 high_modulus=1458956660623
  CRT_F7A_F11A low_balanced=[ -1258437, 1082592, 21867, -106621, 347593 ] high_balanced=[ -417443620312, -281293551490, -373315686360, -556792318751, 405922099213 ]

# crt_height_frontier CRT_F7A_F11A_high modulus=1458956660623 max_height=1000000
  coord_1_K min_height_le_1000000=none
  coord_2_s min_height_le_1000000=none
  coord_3_t min_height_le_1000000=861780 best=-682447/861780
  coord_4_b0 min_height_le_1000000=699357 best=699357/658586
  coord_5_b1 min_height_le_1000000=none
  tuple_height_lower_bound_from_coordinates=>1000000
  CRT_F7A_F11B low_balanced=[ -1258437, 1082592, 21867, 515238, -1313899 ] high_balanced=[ -417443620312, -281293551490, -373315686360, 287814440560, -175459728723 ]

# crt_height_frontier CRT_F7A_F11B_high modulus=1458956660623 max_height=1000000
  coord_1_K min_height_le_1000000=none
  coord_2_s min_height_le_1000000=none
  coord_3_t min_height_le_1000000=861780 best=-682447/861780
  coord_4_b0 min_height_le_1000000=none
  coord_5_b1 min_height_le_1000000=none
  tuple_height_lower_bound_from_coordinates=>1000000
  CRT_F7B_F11A low_balanced=[ -1258437, 1082592, 21867, -515238, 1313899 ] high_balanced=[ -417443620312, -281293551490, -373315686360, -287814440560, 175459728723 ]

# crt_height_frontier CRT_F7B_F11A_high modulus=1458956660623 max_height=1000000
  coord_1_K min_height_le_1000000=none
  coord_2_s min_height_le_1000000=none
  coord_3_t min_height_le_1000000=861780 best=-682447/861780
  coord_4_b0 min_height_le_1000000=none
  coord_5_b1 min_height_le_1000000=none
  tuple_height_lower_bound_from_coordinates=>1000000
  CRT_F7B_F11B low_balanced=[ -1258437, 1082592, 21867, 106621, -347593 ] high_balanced=[ -417443620312, -281293551490, -373315686360, 556792318751, -405922099213 ]

# crt_height_frontier CRT_F7B_F11B_high modulus=1458956660623 max_height=1000000
  coord_1_K min_height_le_1000000=none
  coord_2_s min_height_le_1000000=none
  coord_3_t min_height_le_1000000=861780 best=-682447/861780
  coord_4_b0 min_height_le_1000000=699357 best=-699357/658586
  coord_5_b1 min_height_le_1000000=none
  tuple_height_lower_bound_from_coordinates=>1000000

# verdict_marker
global_sieve_completed
check crt_rational_search exact_hits and crt_height_frontier lower bounds above
