Magma V2.28-27    Thu Jul  2 2026 13:09:56 on <host> [Seed = 1131393898]

+-------------------------------------------------------------------+
|       This copy of Magma has been made available through a        |
|                   generous initiative of the                      |
|                                                                   |
|                         Simons Foundation                         |
|                                                                   |
| covering U.S. Colleges, Universities, Nonprofit Research entities,|
|               and their students, faculty, and staff              |
+-------------------------------------------------------------------+

Type ? for help.  Type <Ctrl>-D to quit.

Loading file "code/agent_z5x5_b2zero_global_sieve.m"
# Z/5 x Z/5 b2=0 global/local sieve driver
parameters low_7_power=4 low_11_power=3 high_7_power=7 high_11_power=6 frontier_height=500000
parameters search_box=(5000,5000) tall_box=(20000,1000) wide_box=(1000,20000) max_search_tuples=20000000
integral_residual_denominators=[ 65536, 16384, 16384, 256, 512 ]
  E0 degree=10 total_degree=10 terms=26
  E1 degree=9 total_degree=9 terms=23
  E2 degree=8 total_degree=8 terms=20
  E3 degree=7 total_degree=7 terms=15
  E4 degree=6 total_degree=6 terms=11

# lift_chart F7_slice_A p=7 h1=1 h2=0 max_power=7
  base_mod_7=<K=2,s=0,t=6,b0=3,b1=1>
  base_boundary_values=[ 2, 1, 3, 4, 1, 2 ]
  slice_jacobian_rank_mod_7=5 determinant=4
  level=1 modulus=7 lift_count=1 sample=[ 2, 0, 6, 3, 1 ] balanced=[ 2, 0, -1, 3, 1 ]
  level=2 modulus=49 lift_count=1 capped=false sample=[ 30, 35, 13, 3, 36 ] balanced=[ -19, -14, 13, 3, -13 ] jac_rank_mod_7=5 determinant=4
  level=3 modulus=343 lift_count=1 capped=false sample=[ 30, 84, 258, 52, 134 ] balanced=[ 30, 84, -85, 52, 134 ] jac_rank_mod_7=5 determinant=4
  level=4 modulus=2401 lift_count=1 capped=false sample=[ 2088, 2142, 258, 1424, 1849 ] balanced=[ -313, -259, 258, -977, -552 ] jac_rank_mod_7=5 determinant=4
  level=5 modulus=16807 lift_count=1 capped=false sample=[ 6890, 14147, 2659, 11028, 6651 ] balanced=[ 6890, -2660, 2659, -5779, 6651 ] jac_rank_mod_7=5 determinant=4
  level=6 modulus=117649 lift_count=1 capped=false sample=[ 90925, 30954, 2659, 44642, 107493 ] balanced=[ -26724, 30954, 2659, 44642, -10156 ] jac_rank_mod_7=5 determinant=4
  level=7 modulus=823543 lift_count=1 capped=false sample=[ 443872, 736848, 473255, 162291, 225142 ] balanced=[ -379671, -86695, -350288, 162291, 225142 ] jac_rank_mod_7=5 determinant=4

# lift_chart F7_slice_B p=7 h1=1 h2=0 max_power=7
  base_mod_7=<K=2,s=0,t=6,b0=4,b1=6>
  base_boundary_values=[ 2, 6, 4, 4, 1, 2 ]
  slice_jacobian_rank_mod_7=5 determinant=4
  level=1 modulus=7 lift_count=1 sample=[ 2, 0, 6, 4, 6 ] balanced=[ 2, 0, -1, -3, -1 ]
  level=2 modulus=49 lift_count=1 capped=false sample=[ 30, 35, 13, 46, 13 ] balanced=[ -19, -14, 13, -3, 13 ] jac_rank_mod_7=5 determinant=4
  level=3 modulus=343 lift_count=1 capped=false sample=[ 30, 84, 258, 291, 209 ] balanced=[ 30, 84, -85, -52, -134 ] jac_rank_mod_7=5 determinant=4
  level=4 modulus=2401 lift_count=1 capped=false sample=[ 2088, 2142, 258, 977, 552 ] balanced=[ -313, -259, 258, 977, 552 ] jac_rank_mod_7=5 determinant=4
  level=5 modulus=16807 lift_count=1 capped=false sample=[ 6890, 14147, 2659, 5779, 10156 ] balanced=[ 6890, -2660, 2659, 5779, -6651 ] jac_rank_mod_7=5 determinant=4
  level=6 modulus=117649 lift_count=1 capped=false sample=[ 90925, 30954, 2659, 73007, 10156 ] balanced=[ -26724, 30954, 2659, -44642, 10156 ] jac_rank_mod_7=5 determinant=4
  level=7 modulus=823543 lift_count=1 capped=false sample=[ 443872, 736848, 473255, 661252, 598401 ] balanced=[ -379671, -86695, -350288, -162291, -225142 ] jac_rank_mod_7=5 determinant=4

# lift_chart F11_slice_A p=11 h1=1 h2=0 max_power=6
  base_mod_11=<K=7,s=5,t=10,b0=2,b1=4>
  base_boundary_values=[ 7, 4, 2, 7, 3, 10 ]
  slice_jacobian_rank_mod_11=5 determinant=4
  level=1 modulus=11 lift_count=1 sample=[ 7, 5, 10, 2, 4 ] balanced=[ -4, 5, -1, 2, 4 ]
  level=2 modulus=121 lift_count=1 capped=false sample=[ 84, 5, 87, 101, 81 ] balanced=[ -37, 5, -34, -20, -40 ] jac_rank_mod_11=5 determinant=4
  level=3 modulus=1331 lift_count=1 capped=false sample=[ 689, 489, 571, 1190, 202 ] balanced=[ -642, 489, 571, -141, 202 ] jac_rank_mod_11=5 determinant=4
  level=4 modulus=14641 lift_count=1 capped=false sample=[ 689, 13799, 4564, 6514, 8188 ] balanced=[ 689, -842, 4564, 6514, -6453 ] jac_rank_mod_11=5 determinant=4
  level=5 modulus=161051 lift_count=1 capped=false sample=[ 88535, 57722, 48487, 123642, 139957 ] balanced=[ -72516, 57722, 48487, -37409, -21094 ] jac_rank_mod_11=5 determinant=4
  level=6 modulus=1771561 lift_count=1 capped=false sample=[ 1699045, 218773, 48487, 445744, 784161 ] balanced=[ -72516, 218773, 48487, 445744, 784161 ] jac_rank_mod_11=5 determinant=4

# lift_chart F11_slice_B p=11 h1=1 h2=0 max_power=6
  base_mod_11=<K=7,s=5,t=10,b0=9,b1=7>
  base_boundary_values=[ 7, 7, 9, 7, 3, 10 ]
  slice_jacobian_rank_mod_11=5 determinant=4
  level=1 modulus=11 lift_count=1 sample=[ 7, 5, 10, 9, 7 ] balanced=[ -4, 5, -1, -2, -4 ]
  level=2 modulus=121 lift_count=1 capped=false sample=[ 84, 5, 87, 20, 40 ] balanced=[ -37, 5, -34, 20, 40 ] jac_rank_mod_11=5 determinant=4
  level=3 modulus=1331 lift_count=1 capped=false sample=[ 689, 489, 571, 141, 1129 ] balanced=[ -642, 489, 571, 141, -202 ] jac_rank_mod_11=5 determinant=4
  level=4 modulus=14641 lift_count=1 capped=false sample=[ 689, 13799, 4564, 8127, 6453 ] balanced=[ 689, -842, 4564, -6514, 6453 ] jac_rank_mod_11=5 determinant=4
  level=5 modulus=161051 lift_count=1 capped=false sample=[ 88535, 57722, 48487, 37409, 21094 ] balanced=[ -72516, 57722, 48487, 37409, 21094 ] jac_rank_mod_11=5 determinant=4
  level=6 modulus=1771561 lift_count=1 capped=false sample=[ 1699045, 218773, 48487, 1325817, 987400 ] balanced=[ -72516, 218773, 48487, -445744, -784161 ] jac_rank_mod_11=5 determinant=4

# crt_summary low_modulus=3195731 high_modulus=1458956660623
  CRT_F7A_F11A low_balanced=[ -1258437, 1082592, 21867, -106621, 347593 ] high_balanced=[ -417443620312, -281293551490, -373315686360, -556792318751, 405922099213 ]

# crt_rational_search CRT_F7A_F11A_balanced modulus=3195731 num_bound=5000 den_bound=5000
  candidate_counts=<K=7,s=1,t=9,b0=8,b1=9> tuple_count=4536
  candidates_1_K_preview=[ -2785/193, -3413/1384, -4041/2575, -628/1191, 901/3380, 3686/3187, 2157/998 ]
  candidates_2_s_preview=[ -280/307 ]
  candidates_3_t_preview=[ -3149/146, -3501/2192, -3677/3215, -3853/4238, 2269/4969, 2445/3946, 2621/2923, 2797/1900 ]
  candidates_4_b0_preview=[ -2899/30, -3541/1139, -4183/2248, -4825/3357, -642/1109, 331/4406, 1615/2188, 2257/1079 ]
  candidates_5_b1_preview=[ -3656/285, -4001/1186, -4346/2087, -4691/2988, -345/901, 1931/4220, 2276/3319, 2621/2418 ]
  sieve_primes=[ 5101, 5303 ]
  modular_survivors_after_prefix_primes=[ 0, 0 ] exact_tested=0 exact_hits=0
  search_result=no_exact_rational_candidate

# crt_rational_search CRT_F7A_F11A_tall modulus=3195731 num_bound=20000 den_bound=1000
  candidate_counts=<K=6,s=7,t=6,b0=4,b1=8> tuple_count=8064
  candidates_1_K_preview=[ -18867/160, -2785/193, 2157/998, 7727/612, 10512/419, 13297/226 ]
  candidates_2_s_preview=[ -10913/552, -11193/859, -280/307, 9513/983, 9793/676, 10073/369, 10353/62 ]
  candidates_3_t_preview=[ -3149/146, 2973/877, 6122/731, 9271/585, 12420/439, 15569/293 ]
  candidates_4_b0_preview=[ -2899/30, 10954/989, 16752/929, 19651/899 ]
  candidates_5_b1_preview=[ -14279/239, -17935/524, -3656/285, -345/901, 10278/947, 6967/331, 17590/377, 10623/46 ]
  sieve_primes=[ 1103, 1307 ]
  modular_survivors_after_prefix_primes=[ 0, 0 ] exact_tested=0 exact_hits=0
  search_result=no_exact_rational_candidate

# crt_rational_search CRT_F7A_F11A_wide modulus=3195731 num_bound=1000 den_bound=20000
  candidate_counts=<K=8,s=6,t=6,b0=7,b1=7> tuple_count=14112
  candidates_1_K_preview=[ -628/1191, -983/6953, -355/5762, -437/16095, -82/10333, 191/14904, 464/19475, 901/3380 ]
  candidates_2_s_preview=[ -280/307, -567/12035, -287/11728, -7/11421, 273/11114, 553/10807 ]
  candidates_3_t_preview=[ -195/19291, -19/18268, 157/17245, 333/16222, 509/15199, 685/14176 ]
  candidates_4_b0_preview=[ -642/1109, -953/6624, -311/5515, -291/15436, 20/9921, 351/14327, 331/4406 ]
  candidates_5_b1_preview=[ -345/901, -829/11428, -139/9626, 67/18351, 206/8725, 757/16549, 551/7824 ]
  sieve_primes=[ 20101, 20323 ]
  modular_survivors_after_prefix_primes=[ 0, 0 ] exact_tested=0 exact_hits=0
  search_result=no_exact_rational_candidate

# crt_height_frontier CRT_F7A_F11A_high modulus=1458956660623 max_height=500000
  coord_1_K min_height_le_500000=none
  coord_2_s min_height_le_500000=none
  coord_3_t min_height_le_500000=none
  coord_4_b0 min_height_le_500000=none
  coord_5_b1 min_height_le_500000=none
  tuple_height_lower_bound_from_coordinates=>500000
  CRT_F7A_F11B low_balanced=[ -1258437, 1082592, 21867, 515238, -1313899 ] high_balanced=[ -417443620312, -281293551490, -373315686360, 287814440560, -175459728723 ]

# crt_rational_search CRT_F7A_F11B_balanced modulus=3195731 num_bound=5000 den_bound=5000
  candidate_counts=<K=7,s=1,t=9,b0=8,b1=8> tuple_count=4032
  candidates_1_K_preview=[ -2785/193, -3413/1384, -4041/2575, -628/1191, 901/3380, 3686/3187, 2157/998 ]
  candidates_2_s_preview=[ -280/307 ]
  candidates_3_t_preview=[ -3149/146, -3501/2192, -3677/3215, -3853/4238, 2269/4969, 2445/3946, 2621/2923, 2797/1900 ]
  candidates_4_b0_preview=[ -2406/521, -3347/2053, -4288/3585, -941/1532, -417/4075, 524/2543, 1989/3554, 1465/1011 ]
  candidates_5_b1_preview=[ -1618/377, -2463/2549, -3308/4721, -845/2172, -72/3967, 773/1795, 2391/1418, 4009/1041 ]
  sieve_primes=[ 5101, 5303 ]
  modular_survivors_after_prefix_primes=[ 0, 0 ] exact_tested=0 exact_hits=0
  search_result=no_exact_rational_candidate

# crt_rational_search CRT_F7A_F11B_tall modulus=3195731 num_bound=20000 den_bound=1000
  candidate_counts=<K=6,s=7,t=6,b0=6,b1=8> tuple_count=12096
  candidates_1_K_preview=[ -18867/160, -2785/193, 2157/998, 7727/612, 10512/419, 13297/226 ]
  candidates_2_s_preview=[ -10913/552, -11193/859, -280/307, 9513/983, 9793/676, 10073/369, 10353/62 ]
  candidates_3_t_preview=[ -3149/146, 2973/877, 6122/731, 9271/585, 12420/439, 15569/293 ]
  candidates_4_b0_preview=[ -6277/31, -8683/552, -2406/521, 14019/949, 10148/459, 16425/428 ]
  candidates_5_b1_preview=[ -8863/90, -19344/557, -10481/467, -12099/844, -1618/377, 5627/664, 12872/951, 16108/197 ]
  sieve_primes=[ 1103, 1307 ]
  modular_survivors_after_prefix_primes=[ 0, 0 ] exact_tested=0 exact_hits=0
  search_result=no_exact_rational_candidate

# crt_rational_search CRT_F7A_F11B_wide modulus=3195731 num_bound=1000 den_bound=20000
  candidate_counts=<K=8,s=6,t=6,b0=8,b1=8> tuple_count=18432
  candidates_1_K_preview=[ -628/1191, -983/6953, -355/5762, -437/16095, -82/10333, 191/14904, 464/19475, 901/3380 ]
  candidates_2_s_preview=[ -280/307, -567/12035, -287/11728, -7/11421, 273/11114, 553/10807 ]
  candidates_3_t_preview=[ -195/19291, -19/18268, 157/17245, 333/16222, 509/15199, 685/14176 ]
  candidates_4_b0_preview=[ -941/1532, -417/4075, -727/14768, -310/10693, 107/6618, 738/15779, 631/9161, 524/2543 ]
  candidates_5_b1_preview=[ -845/2172, -989/10106, -72/3967, 485/17663, 557/13696, 629/9729, 701/5762, 773/1795 ]
  sieve_primes=[ 20101, 20323 ]
  modular_survivors_after_prefix_primes=[ 0, 0 ] exact_tested=0 exact_hits=0
  search_result=no_exact_rational_candidate

# crt_height_frontier CRT_F7A_F11B_high modulus=1458956660623 max_height=500000
  coord_1_K min_height_le_500000=none
  coord_2_s min_height_le_500000=none
  coord_3_t min_height_le_500000=none
  coord_4_b0 min_height_le_500000=none
  coord_5_b1 min_height_le_500000=none
  tuple_height_lower_bound_from_coordinates=>500000
  CRT_F7B_F11A low_balanced=[ -1258437, 1082592, 21867, -515238, 1313899 ] high_balanced=[ -417443620312, -281293551490, -373315686360, -287814440560, 175459728723 ]

# crt_rational_search CRT_F7B_F11A_balanced modulus=3195731 num_bound=5000 den_bound=5000
  candidate_counts=<K=7,s=1,t=9,b0=8,b1=8> tuple_count=4032
  candidates_1_K_preview=[ -2785/193, -3413/1384, -4041/2575, -628/1191, 901/3380, 3686/3187, 2157/998 ]
  candidates_2_s_preview=[ -280/307 ]
  candidates_3_t_preview=[ -3149/146, -3501/2192, -3677/3215, -3853/4238, 2269/4969, 2445/3946, 2621/2923, 2797/1900 ]
  candidates_4_b0_preview=[ -1465/1011, -1989/3554, -524/2543, 417/4075, 941/1532, 4288/3585, 3347/2053, 2406/521 ]
  candidates_5_b1_preview=[ -4009/1041, -2391/1418, -773/1795, 72/3967, 845/2172, 3308/4721, 2463/2549, 1618/377 ]
  sieve_primes=[ 5101, 5303 ]
  modular_survivors_after_prefix_primes=[ 0, 0 ] exact_tested=0 exact_hits=0
  search_result=no_exact_rational_candidate

# crt_rational_search CRT_F7B_F11A_tall modulus=3195731 num_bound=20000 den_bound=1000
  candidate_counts=<K=6,s=7,t=6,b0=6,b1=8> tuple_count=12096
  candidates_1_K_preview=[ -18867/160, -2785/193, 2157/998, 7727/612, 10512/419, 13297/226 ]
  candidates_2_s_preview=[ -10913/552, -11193/859, -280/307, 9513/983, 9793/676, 10073/369, 10353/62 ]
  candidates_3_t_preview=[ -3149/146, 2973/877, 6122/731, 9271/585, 12420/439, 15569/293 ]
  candidates_4_b0_preview=[ -16425/428, -10148/459, -14019/949, 2406/521, 8683/552, 6277/31 ]
  candidates_5_b1_preview=[ -16108/197, -12872/951, -5627/664, 1618/377, 12099/844, 10481/467, 19344/557, 8863/90 ]
  sieve_primes=[ 1103, 1307 ]
  modular_survivors_after_prefix_primes=[ 0, 0 ] exact_tested=0 exact_hits=0
  search_result=no_exact_rational_candidate

# crt_rational_search CRT_F7B_F11A_wide modulus=3195731 num_bound=1000 den_bound=20000
  candidate_counts=<K=8,s=6,t=6,b0=8,b1=8> tuple_count=18432
  candidates_1_K_preview=[ -628/1191, -983/6953, -355/5762, -437/16095, -82/10333, 191/14904, 464/19475, 901/3380 ]
  candidates_2_s_preview=[ -280/307, -567/12035, -287/11728, -7/11421, 273/11114, 553/10807 ]
  candidates_3_t_preview=[ -195/19291, -19/18268, 157/17245, 333/16222, 509/15199, 685/14176 ]
  candidates_4_b0_preview=[ -524/2543, -631/9161, -738/15779, -107/6618, 310/10693, 727/14768, 417/4075, 941/1532 ]
  candidates_5_b1_preview=[ -773/1795, -701/5762, -629/9729, -557/13696, -485/17663, 72/3967, 989/10106, 845/2172 ]
  sieve_primes=[ 20101, 20323 ]
  modular_survivors_after_prefix_primes=[ 0, 0 ] exact_tested=0 exact_hits=0
  search_result=no_exact_rational_candidate

# crt_height_frontier CRT_F7B_F11A_high modulus=1458956660623 max_height=500000
  coord_1_K min_height_le_500000=none
  coord_2_s min_height_le_500000=none
  coord_3_t min_height_le_500000=none
  coord_4_b0 min_height_le_500000=none
  coord_5_b1 min_height_le_500000=none
  tuple_height_lower_bound_from_coordinates=>500000
  CRT_F7B_F11B low_balanced=[ -1258437, 1082592, 21867, 106621, -347593 ] high_balanced=[ -417443620312, -281293551490, -373315686360, 556792318751, -405922099213 ]

# crt_rational_search CRT_F7B_F11B_balanced modulus=3195731 num_bound=5000 den_bound=5000
  candidate_counts=<K=7,s=1,t=9,b0=8,b1=9> tuple_count=4536
  candidates_1_K_preview=[ -2785/193, -3413/1384, -4041/2575, -628/1191, 901/3380, 3686/3187, 2157/998 ]
  candidates_2_s_preview=[ -280/307 ]
  candidates_3_t_preview=[ -3149/146, -3501/2192, -3677/3215, -3853/4238, 2269/4969, 2445/3946, 2621/2923, 2797/1900 ]
  candidates_4_b0_preview=[ -2257/1079, -1615/2188, -331/4406, 642/1109, 4825/3357, 4183/2248, 3541/1139, 2899/30 ]
  candidates_5_b1_preview=[ -2966/1517, -2621/2418, -2276/3319, -1931/4220, 345/901, 4691/2988, 4346/2087, 4001/1186 ]
  sieve_primes=[ 5101, 5303 ]
  modular_survivors_after_prefix_primes=[ 0, 0 ] exact_tested=0 exact_hits=0
  search_result=no_exact_rational_candidate

# crt_rational_search CRT_F7B_F11B_tall modulus=3195731 num_bound=20000 den_bound=1000
  candidate_counts=<K=6,s=7,t=6,b0=4,b1=8> tuple_count=8064
  candidates_1_K_preview=[ -18867/160, -2785/193, 2157/998, 7727/612, 10512/419, 13297/226 ]
  candidates_2_s_preview=[ -10913/552, -11193/859, -280/307, 9513/983, 9793/676, 10073/369, 10353/62 ]
  candidates_3_t_preview=[ -3149/146, 2973/877, 6122/731, 9271/585, 12420/439, 15569/293 ]
  candidates_4_b0_preview=[ -19651/899, -16752/929, -10954/989, 2899/30 ]
  candidates_5_b1_preview=[ -10623/46, -17590/377, -6967/331, -10278/947, 345/901, 3656/285, 17935/524, 14279/239 ]
  sieve_primes=[ 1103, 1307 ]
  modular_survivors_after_prefix_primes=[ 0, 0 ] exact_tested=0 exact_hits=0
  search_result=no_exact_rational_candidate

# crt_rational_search CRT_F7B_F11B_wide modulus=3195731 num_bound=1000 den_bound=20000
  candidate_counts=<K=8,s=6,t=6,b0=7,b1=7> tuple_count=14112
  candidates_1_K_preview=[ -628/1191, -983/6953, -355/5762, -437/16095, -82/10333, 191/14904, 464/19475, 901/3380 ]
  candidates_2_s_preview=[ -280/307, -567/12035, -287/11728, -7/11421, 273/11114, 553/10807 ]
  candidates_3_t_preview=[ -195/19291, -19/18268, 157/17245, 333/16222, 509/15199, 685/14176 ]
  candidates_4_b0_preview=[ -331/4406, -351/14327, -20/9921, 291/15436, 311/5515, 953/6624, 642/1109 ]
  candidates_5_b1_preview=[ -551/7824, -757/16549, -206/8725, -67/18351, 139/9626, 829/11428, 345/901 ]
  sieve_primes=[ 20101, 20323 ]
  modular_survivors_after_prefix_primes=[ 0, 0 ] exact_tested=0 exact_hits=0
  search_result=no_exact_rational_candidate

# crt_height_frontier CRT_F7B_F11B_high modulus=1458956660623 max_height=500000
  coord_1_K min_height_le_500000=none
  coord_2_s min_height_le_500000=none
  coord_3_t min_height_le_500000=none
  coord_4_b0 min_height_le_500000=none
  coord_5_b1 min_height_le_500000=none
  tuple_height_lower_bound_from_coordinates=>500000

# adjacent_local_chart_probe

# lift_chart F7_adjacent_h1_2_h2_0 p=7 h1=2 h2=0 max_power=3
  base_mod_7=<K=1,s=0,t=5,b0=1,b1=3>
  base_boundary_values=[ 1, 3, 1, 1, 4, 1 ]
  slice_jacobian_rank_mod_7=5 determinant=4
  level=1 modulus=7 lift_count=1 sample=[ 1, 0, 5, 1, 3 ] balanced=[ 1, 0, -2, 1, 3 ]
  level=2 modulus=49 lift_count=1 capped=false sample=[ 29, 42, 40, 29, 10 ] balanced=[ -20, -7, -9, -20, 10 ] jac_rank_mod_7=5 determinant=4
  level=3 modulus=343 lift_count=1 capped=false sample=[ 274, 42, 236, 127, 206 ] balanced=[ -69, 42, -107, 127, -137 ] jac_rank_mod_7=5 determinant=4
  adjacent_F7_integral_residual_denominators=[ 65536, 16384, 16384, 256, 512 ] final_count=1 final_modulus=343

# lift_chart F11_adjacent_h1_1_h2_1 p=11 h1=1 h2=1 max_power=3
  base_mod_11=<K=4,s=3,t=2,b0=2,b1=10>
  base_boundary_values=[ 4, 10, 2, 1, 1, 1 ]
  slice_jacobian_rank_mod_11=5 determinant=5
  level=1 modulus=11 lift_count=1 sample=[ 4, 3, 2, 2, 10 ] balanced=[ 4, 3, 2, 2, -1 ]
  level=2 modulus=121 lift_count=1 capped=false sample=[ 70, 3, 46, 13, 10 ] balanced=[ -51, 3, 46, 13, 10 ] jac_rank_mod_11=5 determinant=5
  level=3 modulus=1331 lift_count=1 capped=false sample=[ 1280, 850, 1135, 134, 131 ] balanced=[ -51, -481, -196, 134, 131 ] jac_rank_mod_11=5 determinant=5
  adjacent_F11_integral_residual_denominators=[ 65536, 16384, 16384, 256, 512 ] final_count=1 final_modulus=1331

# verdict_marker
global_sieve_completed
check crt_rational_search exact_hits and crt_height_frontier lower bounds above

Total time: 37.820 seconds, Total memory usage: 32.09MB
